[1;36m==> Small prerequisites (curl, tar, xz, nftables, iproute2) / Küçük ön gereksinimler (curl, tar, xz, nftables, iproute2)[0m

Running kernel seems to be up-to-date.

Restarting services...
 systemctl restart packagekit.service

No containers need to be restarted.

No user sessions are running outdated binaries.

No VM guests are running outdated hypervisor (qemu) binaries on this host.
[32m    ✓ ready / hazır[0m
[1;36m==> Running kernel / Calisan cekirdek[0m
[32m    ✓ 6.8.0-138-generic can load its modules / 6.8.0-138-generic modullerini yukleyebiliyor[0m
[1;36m==> Automatic security patches (unattended-upgrades) / Otomatik güvenlik yamaları (unattended-upgrades)[0m
[32m    ✓ security patches enabled / güvenlik yamaları etkin[0m
[1;36m==> Service user and group / Servis kullanıcısı ve grubu[0m
[32m    ✓ celikpanel:celikpanel[0m
[1;36m==> Panel configuration /etc/celikpanel/panel.env / Panel yapılandırması /etc/celikpanel/panel.env[0m
[32m    ✓ ready / hazır[0m
[32m    ✓ Using the prebuilt release (bin/ + web/dist) / Önceden derlenmiş sürüm kullanılıyor (bin/ + web/dist)[0m
[1;36m==> Installing files under /opt/celikpanel / Dosyalar /opt/celikpanel altına kuruluyor[0m
[32m    ✓ installed / kuruldu[0m
[1;36m==> Data directory /var/lib/celikpanel / Veri dizini /var/lib/celikpanel[0m
[32m    ✓ ready / hazır[0m
[1;36m==> systemd services / systemd servisleri[0m
6c1c51b4f07155f52e1e9fc88f529e9c5beaeee53c127eeccfb66eaab86031b0
6dd5ede573cb6ebdd44f9af71a86ac7fb82f303fd297743d3ff5cbbb35d5102b
[32m    ✓ installed / kuruldu[0m
[1;36m==> Starting the agent / Agent başlatılıyor[0m
2026/10/01 17:49:42 Starting CelikPanel Agent...
2026/10/01 17:49:42 Service mutation ledger initialized
[32m    ✓ agent is running / agent çalışıyor[0m
2026/10/01 17:49:43 Starting CelikPanel Backend...
2026/10/01 17:49:43 Applied migration: 001_full_schema.sql
2026/10/01 17:49:43 Applied migration: 002_auth.sql
2026/10/01 17:49:43 Applied migration: 003_authz.sql
2026/10/01 17:49:43 Applied migration: 004_accounts.sql
2026/10/01 17:49:43 Applied migration: 005_projects.sql
2026/10/01 17:49:43 Applied migration: 006_drop_placeholder_admin.sql
2026/10/01 17:49:43 Applied migration: 007_service_scan_cache.sql
2026/10/01 17:49:43 Applied migration: 008_site_usage.sql
2026/10/01 17:49:43 Applied migration: 009_mail_catch_all.sql
2026/10/01 17:49:43 Applied migration: 010_subdomains.sql
2026/10/01 17:49:43 Applied migration: 011_entitlements.sql
2026/10/01 17:49:43 Applied migration: 012_totp.sql
2026/10/01 17:49:43 Applied migration: 013_backup_schedules.sql
2026/10/01 17:49:43 Applied migration: 014_vpn_peers.sql
2026/10/01 17:49:43 Applied migration: 015_ssl_secure_mail.sql
2026/10/01 17:49:43 Applied migration: 016_metrics.sql
2026/10/01 17:49:43 Applied migration: 017_panel_settings.sql
2026/10/01 17:49:43 Applied migration: 018_hostname_namespace.sql
2026/10/01 17:49:43 Applied migration: 019_hsts_retirement.sql
2026/10/01 17:49:43 Applied migration: 020_ssl_lineage_identity.sql
2026/10/01 17:49:43 Applied migration: 021_service_operations.sql
2026/10/01 17:49:43 Applied migration: 022_service_operation_request_id.sql
2026/10/01 17:49:43 Applied migration: 023_store_offerings.sql
2026/10/01 17:49:43 Applied migration: 024_vpn_peer_state.sql
2026/10/01 17:49:43 Applied migration: 025_auth_epoch.sql
2026/10/01 17:49:43 Applied migration: 026_backup_schedule_status.sql
2026/10/01 17:49:43 Applied migration: 027_backup_schedule_job_key.sql
2026/10/01 17:49:43 Applied migration: 028_application_install_operations.sql
2026/10/01 17:49:43 Applied migration: 029_additional_users.sql
2026/10/01 17:49:43 Applied migration: 030_domain_deletion_operations.sql
2026/10/01 17:49:44 Applied migration: 031_service_operation_data.sql
2026/10/01 17:49:44 Applied migration: 032_dns_zone_sync_state.sql
2026/10/01 17:49:44 Applied migration: 033_dns_engine_state.sql
2026/10/01 17:49:44 Applied migration: 034_dns_engine_publication_switch_guard.sql
2026/10/01 17:49:44 Applied migration: 035_dns_zone_generation_high_water.sql
2026/10/01 17:49:44 Applied migration: 036_bind_paired_engine.sql
2026/10/01 17:49:44 Applied migration: 037_dns_pair_identity_immutable.sql
2026/10/01 17:49:44 Applied migration: 038_database_admin_account.sql
2026/10/01 17:49:44 Applied migration: 039_server_setup_state.sql
2026/10/01 17:49:44 Applied migration: 040_dns_management.sql
2026/10/01 17:49:44 Applied migration: 041_server_setup_execution.sql
2026/10/01 17:49:44 Applied migration: 042_remote_dns_publish.sql
2026/10/01 17:49:44 Successfully applied 42 migrations
[1;36m==> Creating the first administrator / İlk yönetici oluşturuluyor[0m
2026/10/01 17:49:44 Starting CelikPanel Backend...
Created administrator / Yönetici oluşturuldu.
[32m    ✓ administrator is ready / yönetici hazır[0m
[1;36m==> Starting the panel / Panel başlatılıyor[0m
[32m    ✓ panel is running / panel çalışıyor[0m
[1;36m==> Protecting the initial panel certificate / Ilk panel sertifikasi korumaya aliniyor[0m
[32m    ✓ initial panel certificate is protected / ilk panel sertifikasi korundu[0m

[1;32mCelikPanel was installed successfully. / CelikPanel başarıyla kuruldu.[0m
    Panel:  https://10.0.2.15:2083
    Services / Servisler: systemctl status celikpanel-agent celikpanel-panel
    Logs / Günlükler: journalctl -u celikpanel-panel -f
Signed release trust enrolled for v0.1.0-alpha.81 at sequence 81 (57cec4f6a51af35ab9ebf1a8c96ba29c60c8f185).
