19:34:18.078109960 CHANGE journal none -> absent
19:34:18.089106728 CHANGE ledger none -> 9fcc73fa9b0189573f5e1dc717b8235e1d3e27b534ac7d95ef002f5ea4aafd69
19:34:18.097339283 CHANGE state none -> 20c214b4cafc5f5631b730f633e222175e1f033fefe1c8e487a886336df69b81
19:34:18.108651337 CHANGE pdnsdb none -> c68f51ea2b7ae519273084cf0dbce31378a1c93bf068af28e42ae6082ce0966f
19:34:18.112011281 POINTER 
19:34:18.113387035 pdns=659/0/active/running/ named=0/inactive/dead/ agent=641/active/ jphase=absent killpid=
19:34:18.500299463 pdns=659/0/active/running/ named=0/inactive/dead/ agent=641/active/ jphase=absent killpid=
19:34:18.808716988 pdns=659/0/active/running/ named=0/inactive/dead/ agent=641/active/ jphase=absent killpid=
19:34:19.096316846 pdns=659/0/active/running/ named=0/inactive/dead/ agent=641/active/ jphase=absent killpid=
19:34:19.389538042 pdns=659/0/active/running/ named=0/inactive/dead/ agent=641/active/ jphase=absent killpid=
19:34:19.687742930 pdns=659/0/active/running/ named=0/inactive/dead/ agent=641/active/ jphase=absent killpid=
19:34:19.985792485 pdns=659/0/active/running/ named=0/inactive/dead/ agent=641/active/ jphase=absent killpid=
19:34:20.271167378 pdns=659/0/active/running/ named=0/inactive/dead/ agent=641/active/ jphase=absent killpid=
19:34:20.568425221 pdns=659/0/active/running/ named=0/inactive/dead/ agent=641/active/ jphase=absent killpid=
19:34:20.852483733 pdns=659/0/active/running/ named=0/inactive/dead/ agent=641/active/ jphase=absent killpid=
19:34:21.145292222 pdns=659/0/active/running/ named=0/inactive/dead/ agent=641/active/ jphase=absent killpid=
19:34:21.472794995 pdns=659/0/active/running/ named=0/inactive/dead/ agent=641/active/ jphase=absent killpid=
19:34:21.762535861 pdns=659/0/active/running/ named=0/inactive/dead/ agent=641/active/ jphase=absent killpid=
19:34:22.055044705 pdns=659/0/active/running/ named=0/inactive/dead/ agent=641/active/ jphase=absent killpid=
19:34:22.358411370 pdns=659/0/active/running/ named=0/inactive/dead/ agent=641/active/ jphase=absent killpid=
19:34:22.647197141 pdns=659/0/active/running/ named=0/inactive/dead/ agent=641/active/ jphase=absent killpid=
19:34:22.927709509 pdns=659/0/active/running/ named=0/inactive/dead/ agent=641/active/ jphase=absent killpid=
19:34:23.208849297 pdns=659/0/active/running/ named=0/inactive/dead/ agent=641/active/ jphase=absent killpid=
19:34:23.502063510 pdns=659/0/active/running/ named=0/inactive/dead/ agent=641/active/ jphase=absent killpid=
19:34:23.805738019 pdns=659/0/active/running/ named=0/inactive/dead/ agent=641/active/ jphase=absent killpid=
19:34:24.107701850 pdns=659/0/active/running/ named=0/inactive/dead/ agent=641/active/ jphase=absent killpid=
19:34:24.406120768 pdns=659/0/active/running/ named=0/inactive/dead/ agent=641/active/ jphase=absent killpid=
19:34:24.724841093 pdns=659/0/active/running/ named=0/inactive/dead/ agent=641/active/ jphase=absent killpid=
19:34:25.008413675 pdns=659/0/active/running/ named=0/inactive/dead/ agent=641/active/ jphase=absent killpid=
19:34:25.288893612 pdns=659/0/active/running/ named=0/inactive/dead/ agent=641/active/ jphase=absent killpid=
19:34:25.579142126 pdns=659/0/active/running/ named=0/inactive/dead/ agent=641/active/ jphase=absent killpid=
19:34:25.864385684 pdns=659/0/active/running/ named=0/inactive/dead/ agent=641/active/ jphase=absent killpid=
19:34:26.154759982 pdns=659/0/active/running/ named=0/inactive/dead/ agent=641/active/ jphase=absent killpid=
19:34:26.437730362 pdns=659/0/active/running/ named=0/inactive/dead/ agent=641/active/ jphase=absent killpid=
19:34:26.725637354 pdns=659/0/active/running/ named=0/inactive/dead/ agent=641/active/ jphase=absent killpid=
19:34:27.014848825 pdns=659/0/active/running/ named=0/inactive/dead/ agent=641/active/ jphase=absent killpid=
19:34:27.297773582 pdns=659/0/active/running/ named=0/inactive/dead/ agent=641/active/ jphase=absent killpid=
19:34:27.601719481 pdns=659/0/active/running/ named=0/inactive/dead/ agent=641/active/ jphase=absent killpid=
19:34:27.917673708 pdns=659/0/active/running/ named=0/inactive/dead/ agent=641/active/ jphase=absent killpid=
19:34:28.205548640 pdns=659/0/active/running/ named=0/inactive/dead/ agent=641/active/ jphase=absent killpid=
19:34:28.489786430 pdns=659/0/active/running/ named=0/inactive/dead/ agent=641/active/ jphase=absent killpid=
19:34:28.770041227 pdns=659/0/active/running/ named=0/inactive/dead/ agent=641/active/ jphase=absent killpid=
19:34:29.052340960 pdns=659/0/active/running/ named=0/inactive/dead/ agent=641/active/ jphase=absent killpid=
19:34:29.351236503 pdns=659/0/active/running/ named=0/inactive/dead/ agent=641/active/ jphase=absent killpid=
19:34:29.649215908 pdns=659/0/active/running/ named=0/inactive/dead/ agent=641/active/ jphase=absent killpid=
19:34:29.946568896 pdns=659/0/active/running/ named=0/inactive/dead/ agent=641/active/ jphase=absent killpid=
19:34:30.227828906 pdns=659/0/active/running/ named=0/inactive/dead/ agent=641/active/ jphase=absent killpid=
19:34:30.504010935 pdns=659/0/active/running/ named=0/inactive/dead/ agent=641/active/ jphase=absent killpid=
19:34:30.782453011 pdns=659/0/active/running/ named=0/inactive/dead/ agent=641/active/ jphase=absent killpid=
19:34:31.075807268 pdns=659/0/active/running/ named=0/inactive/dead/ agent=641/active/ jphase=absent killpid=
19:34:31.392906111 pdns=659/0/active/running/ named=0/inactive/dead/ agent=641/active/ jphase=absent killpid=
19:34:31.673375904 pdns=659/0/active/running/ named=0/inactive/dead/ agent=641/active/ jphase=absent killpid=
19:34:31.957211371 pdns=659/0/active/running/ named=0/inactive/dead/ agent=641/active/ jphase=absent killpid=
19:34:32.237838362 pdns=659/0/active/running/ named=0/inactive/dead/ agent=641/active/ jphase=absent killpid=
19:34:32.522368900 pdns=659/0/active/running/ named=0/inactive/dead/ agent=641/active/ jphase=absent killpid=
19:34:32.807308542 pdns=659/0/active/running/ named=0/inactive/dead/ agent=641/active/ jphase=absent killpid=
19:34:33.104980221 pdns=659/0/active/running/ named=0/inactive/dead/ agent=641/active/ jphase=absent killpid=
19:34:33.407691232 pdns=659/0/active/running/ named=0/inactive/dead/ agent=641/active/ jphase=absent killpid=
19:34:33.693081036 pdns=659/0/active/running/ named=0/inactive/dead/ agent=641/active/ jphase=absent killpid=
19:34:33.978695324 pdns=659/0/active/running/ named=0/inactive/dead/ agent=641/active/ jphase=absent killpid=
19:34:34.259974982 pdns=659/0/active/running/ named=0/inactive/dead/ agent=641/active/ jphase=absent killpid=
19:34:34.571652781 pdns=659/0/active/running/ named=0/inactive/dead/ agent=641/active/ jphase=absent killpid=
19:34:34.849262545 pdns=659/0/active/running/ named=0/inactive/dead/ agent=641/active/ jphase=absent killpid=
19:34:35.127727490 pdns=659/0/active/running/ named=0/inactive/dead/ agent=641/active/ jphase=absent killpid=
19:34:36.443422566 pdns=659/0/active/running/ named=0/inactive/dead/ agent=641/active/ jphase=absent killpid=
19:34:36.743328622 pdns=659/0/active/running/ named=0/inactive/dead/ agent=641/active/ jphase=absent killpid=
19:34:37.028359152 pdns=659/0/active/running/ named=0/inactive/dead/ agent=641/active/ jphase=absent killpid=
19:34:37.312840525 pdns=659/0/active/running/ named=0/inactive/dead/ agent=641/active/ jphase=absent killpid=
19:34:37.603753883 pdns=659/0/active/running/ named=0/inactive/dead/ agent=641/active/ jphase=absent killpid=
19:34:37.879885872 pdns=659/0/active/running/ named=0/inactive/dead/ agent=641/active/ jphase=absent killpid=
19:34:38.154701005 pdns=659/0/active/running/ named=0/inactive/dead/ agent=641/active/ jphase=absent killpid=
19:34:38.440361248 pdns=659/0/active/running/ named=0/inactive/dead/ agent=641/active/ jphase=absent killpid=
19:34:38.729516465 pdns=659/0/active/running/ named=0/inactive/dead/ agent=641/active/ jphase=absent killpid=
19:34:39.009008842 pdns=659/0/active/running/ named=0/inactive/dead/ agent=641/active/ jphase=absent killpid=
19:34:39.283587330 pdns=659/0/active/running/ named=0/inactive/dead/ agent=641/active/ jphase=absent killpid=
19:34:39.564331879 pdns=659/0/active/running/ named=0/inactive/dead/ agent=641/active/ jphase=absent killpid=
19:34:39.839785307 pdns=659/0/active/running/ named=0/inactive/dead/ agent=641/active/ jphase=absent killpid=
19:34:40.113696754 pdns=659/0/active/running/ named=0/inactive/dead/ agent=641/active/ jphase=absent killpid=
19:34:40.391112590 pdns=659/0/active/running/ named=0/inactive/dead/ agent=641/active/ jphase=absent killpid=
19:34:40.668515692 pdns=659/0/active/running/ named=0/inactive/dead/ agent=641/active/ jphase=absent killpid=
19:34:40.948152148 pdns=659/0/active/running/ named=0/inactive/dead/ agent=641/active/ jphase=absent killpid=
19:34:41.222926060 pdns=659/0/active/running/ named=0/inactive/dead/ agent=641/active/ jphase=absent killpid=
19:34:41.500023822 pdns=659/0/active/running/ named=0/inactive/dead/ agent=641/active/ jphase=absent killpid=
19:34:41.775066375 pdns=659/0/active/running/ named=0/inactive/dead/ agent=641/active/ jphase=absent killpid=
19:34:42.051718889 pdns=659/0/active/running/ named=0/inactive/dead/ agent=641/active/ jphase=absent killpid=
19:34:42.332258969 pdns=659/0/active/running/ named=0/inactive/dead/ agent=641/active/ jphase=absent killpid=
19:34:42.614030161 pdns=659/0/active/running/ named=0/inactive/dead/ agent=641/active/ jphase=absent killpid=
19:34:42.890268394 pdns=659/0/active/running/ named=0/inactive/dead/ agent=641/active/ jphase=absent killpid=
19:34:43.164703629 pdns=659/0/active/running/ named=0/inactive/dead/ agent=641/active/ jphase=absent killpid=
19:34:43.452686422 pdns=659/0/active/running/ named=0/inactive/dead/ agent=641/active/ jphase=absent killpid=
19:34:43.734436181 pdns=659/0/active/running/ named=0/inactive/dead/ agent=641/active/ jphase=absent killpid=
19:34:44.010548259 pdns=659/0/active/running/ named=0/inactive/dead/ agent=641/active/ jphase=absent killpid=
19:34:44.291707510 pdns=659/0/active/running/ named=0/inactive/dead/ agent=641/active/ jphase=absent killpid=
19:34:45.467901873 pdns=659/0/active/running/ named=0/inactive/dead/ agent=641/active/ jphase=absent killpid=
19:34:45.753618421 pdns=659/0/active/running/ named=0/inactive/dead/ agent=641/active/ jphase=absent killpid=
done
