15:19:46.791135356 CHANGE journal none -> absent
15:19:46.808345275 CHANGE ledger none -> 5c86e40fa605b11044e421b634c600941cbdaa9a824022fe504dfedd8fbb5c2f
15:19:46.818887926 CHANGE state none -> 5dfe415aed08d299d34a19c515570bc010d9a041ec64c6b93af72fa4820ec13b
15:19:46.823118592 POINTER 
15:19:46.825193920 pdns=649/0/active/running/ named=0/inactive/dead/ agent=637/active/ jphase=absent killpid=
15:19:47.191332410 pdns=649/0/active/running/ named=0/inactive/dead/ agent=637/active/ jphase=absent killpid=
15:19:47.483272659 pdns=649/0/active/running/ named=0/inactive/dead/ agent=637/active/ jphase=absent killpid=
15:19:47.781532774 pdns=649/0/active/running/ named=0/inactive/dead/ agent=637/active/ jphase=absent killpid=
15:19:48.139701961 pdns=649/0/active/running/ named=0/inactive/dead/ agent=637/active/ jphase=absent killpid=
15:19:48.688784507 pdns=649/0/active/running/ named=0/inactive/dead/ agent=637/active/ jphase=absent killpid=
15:19:49.208395922 pdns=649/0/active/running/ named=0/inactive/dead/ agent=637/active/ jphase=absent killpid=
15:19:49.664641678 pdns=649/0/active/running/ named=0/inactive/dead/ agent=637/active/ jphase=absent killpid=
15:19:50.265804529 pdns=649/0/active/running/ named=0/inactive/dead/ agent=637/active/ jphase=absent killpid=
15:19:50.783435041 pdns=649/0/active/running/ named=0/inactive/dead/ agent=637/active/ jphase=absent killpid=
15:19:51.352299048 pdns=649/0/active/running/ named=0/inactive/dead/ agent=637/active/ jphase=absent killpid=
15:19:51.844852035 pdns=649/0/active/running/ named=0/inactive/dead/ agent=637/active/ jphase=absent killpid=
15:19:52.214539051 pdns=649/0/active/running/ named=0/inactive/dead/ agent=637/active/ jphase=absent killpid=
15:19:52.500552361 pdns=649/0/active/running/ named=0/inactive/dead/ agent=637/active/ jphase=absent killpid=
15:19:52.809924461 pdns=649/0/active/running/ named=0/inactive/dead/ agent=637/active/ jphase=absent killpid=
15:19:53.116536899 pdns=649/0/active/running/ named=0/inactive/dead/ agent=637/active/ jphase=absent killpid=
15:19:53.462636406 pdns=649/0/active/running/ named=0/inactive/dead/ agent=637/active/ jphase=absent killpid=
15:19:53.792792919 pdns=649/0/active/running/ named=0/inactive/dead/ agent=637/active/ jphase=absent killpid=
15:19:54.121528692 pdns=649/0/active/running/ named=0/inactive/dead/ agent=637/active/ jphase=absent killpid=
15:19:54.444373365 pdns=649/0/active/running/ named=0/inactive/dead/ agent=637/active/ jphase=absent killpid=
15:19:54.802881072 pdns=649/0/active/running/ named=0/inactive/dead/ agent=637/active/ jphase=absent killpid=
15:19:55.112522095 pdns=649/0/active/running/ named=0/inactive/dead/ agent=637/active/ jphase=absent killpid=
15:19:55.569216464 pdns=649/0/active/running/ named=0/inactive/dead/ agent=637/active/ jphase=absent killpid=
15:19:56.502022147 pdns=649/0/active/running/ named=0/inactive/dead/ agent=637/active/ jphase=absent killpid=
15:19:57.067047111 pdns=649/0/active/running/ named=0/inactive/dead/ agent=637/active/ jphase=absent killpid=
15:19:57.377976013 pdns=649/0/active/running/ named=0/inactive/dead/ agent=637/active/ jphase=absent killpid=
15:19:57.700861872 pdns=649/0/active/running/ named=0/inactive/dead/ agent=637/active/ jphase=absent killpid=
15:19:58.022354476 pdns=649/0/active/running/ named=0/inactive/dead/ agent=637/active/ jphase=absent killpid=
15:19:58.369489623 pdns=649/0/active/running/ named=0/inactive/dead/ agent=637/active/ jphase=absent killpid=
15:19:58.660986397 pdns=649/0/active/running/ named=0/inactive/dead/ agent=637/active/ jphase=absent killpid=
15:19:58.959852886 pdns=649/0/active/running/ named=0/inactive/dead/ agent=637/active/ jphase=absent killpid=
15:19:59.297125442 pdns=649/0/active/running/ named=0/inactive/dead/ agent=637/active/ jphase=absent killpid=
15:19:59.588980631 pdns=649/0/active/running/ named=0/inactive/dead/ agent=637/active/ jphase=absent killpid=
15:19:59.880785718 pdns=649/0/active/running/ named=0/inactive/dead/ agent=637/active/ jphase=absent killpid=
15:20:00.165971607 pdns=649/0/active/running/ named=0/inactive/dead/ agent=637/active/ jphase=absent killpid=
15:20:00.450557138 pdns=649/0/active/running/ named=0/inactive/dead/ agent=637/active/ jphase=absent killpid=
15:20:00.738435285 pdns=649/0/active/running/ named=0/inactive/dead/ agent=637/active/ jphase=absent killpid=
15:20:01.032354974 pdns=649/0/active/running/ named=0/inactive/dead/ agent=637/active/ jphase=absent killpid=
15:20:01.334195424 pdns=649/0/active/running/ named=0/inactive/dead/ agent=637/active/ jphase=absent killpid=
15:20:01.622042094 pdns=649/0/active/running/ named=0/inactive/dead/ agent=637/active/ jphase=absent killpid=
15:20:01.917493307 pdns=649/0/active/running/ named=0/inactive/dead/ agent=637/active/ jphase=absent killpid=
15:20:02.239094000 pdns=649/0/active/running/ named=0/inactive/dead/ agent=637/active/ jphase=absent killpid=
15:20:03.447042344 pdns=649/0/active/running/ named=0/inactive/dead/ agent=637/active/ jphase=absent killpid=
15:20:05.308455104 pdns=649/0/active/running/ named=0/inactive/dead/ agent=637/active/ jphase=absent killpid=
15:20:05.612494986 pdns=649/0/active/running/ named=0/inactive/dead/ agent=637/active/ jphase=absent killpid=
15:20:05.909712932 pdns=649/0/active/running/ named=0/inactive/dead/ agent=637/active/ jphase=absent killpid=
15:20:06.248259211 pdns=649/0/active/running/ named=0/inactive/dead/ agent=637/active/ jphase=absent killpid=
15:20:06.564930998 pdns=649/0/active/running/ named=0/inactive/dead/ agent=637/active/ jphase=absent killpid=
15:20:06.942808845 pdns=649/0/active/running/ named=0/inactive/dead/ agent=637/active/ jphase=absent killpid=
15:20:07.291966939 pdns=649/0/active/running/ named=0/inactive/dead/ agent=637/active/ jphase=absent killpid=
15:20:07.605000223 pdns=649/0/active/running/ named=0/inactive/dead/ agent=637/active/ jphase=absent killpid=
15:20:07.905974793 pdns=649/0/active/running/ named=0/inactive/dead/ agent=637/active/ jphase=absent killpid=
15:20:08.202989290 pdns=649/0/active/running/ named=0/inactive/dead/ agent=637/active/ jphase=absent killpid=
15:20:08.540995952 pdns=649/0/active/running/ named=0/inactive/dead/ agent=637/active/ jphase=absent killpid=
15:20:08.868317971 pdns=649/0/active/running/ named=0/inactive/dead/ agent=637/active/ jphase=absent killpid=
15:20:09.156140616 pdns=649/0/active/running/ named=0/inactive/dead/ agent=637/active/ jphase=absent killpid=
15:20:09.445924033 pdns=649/0/active/running/ named=0/inactive/dead/ agent=637/active/ jphase=absent killpid=
15:20:09.755113354 pdns=649/0/active/running/ named=0/inactive/dead/ agent=637/active/ jphase=absent killpid=
15:20:10.188970767 pdns=649/0/active/running/ named=0/inactive/dead/ agent=637/active/ jphase=absent killpid=
15:20:10.563154161 pdns=649/0/active/running/ named=0/inactive/dead/ agent=637/active/ jphase=absent killpid=
15:20:10.890942922 pdns=649/0/active/running/ named=0/inactive/dead/ agent=637/active/ jphase=absent killpid=
15:20:11.307171385 pdns=649/0/active/running/ named=0/inactive/dead/ agent=637/active/ jphase=absent killpid=
15:20:11.940380003 pdns=649/0/active/running/ named=0/inactive/dead/ agent=637/active/ jphase=absent killpid=
15:20:12.862521670 pdns=649/0/active/running/ named=0/inactive/dead/ agent=637/active/ jphase=absent killpid=
15:20:13.170885110 pdns=649/0/active/running/ named=0/inactive/dead/ agent=637/active/ jphase=absent killpid=
15:20:13.467985990 pdns=649/0/active/running/ named=0/inactive/dead/ agent=637/active/ jphase=absent killpid=
15:20:13.783835597 pdns=649/0/active/running/ named=0/inactive/dead/ agent=637/active/ jphase=absent killpid=
15:20:14.095961979 pdns=649/0/active/running/ named=0/inactive/dead/ agent=637/active/ jphase=absent killpid=
done
