15:27:56.455863095 CHANGE journal none -> absent
15:27:56.469198226 CHANGE ledger none -> 177f61d12ed0bb85e6ea535b807b376e26bbe0871405a13867c0b3cb6ea4b211
15:27:56.473596677 CHANGE state none -> absent
15:27:56.477682334 POINTER 
15:27:56.479272150 pdns=0/0/inactive/dead/ named=0/inactive/dead/ agent=0/inactive/ jphase=absent killpid=
15:27:56.804532026 pdns=0/0/inactive/dead/ named=0/inactive/dead/ agent=0/inactive/ jphase=absent killpid=
15:27:57.092517574 pdns=0/0/inactive/dead/ named=0/inactive/dead/ agent=0/inactive/ jphase=absent killpid=
15:27:57.426154721 pdns=0/0/inactive/dead/ named=0/inactive/dead/ agent=0/inactive/ jphase=absent killpid=2423,
15:27:57.726566562 CHANGE ledger 177f61d12ed0bb85e6ea535b807b376e26bbe0871405a13867c0b3cb6ea4b211 -> 13ed1adb67cf3890c0292b24ba90e2fcf02d1b6b84d53505b780f0aff65f9b13
15:27:57.733376831 pdns=0/0/inactive/dead/ named=0/inactive/dead/ agent=0/inactive/ jphase=absent killpid=2423,2510,
15:27:58.063748810 CHANGE ledger 13ed1adb67cf3890c0292b24ba90e2fcf02d1b6b84d53505b780f0aff65f9b13 -> 6f28e322c7ae69655315450d2c2f25f403094b5474c9175e29a80f7bcc09c624
15:27:58.069520420 pdns=0/0/inactive/dead/ named=0/inactive/dead/ agent=0/inactive/ jphase=absent killpid=2423,2600,
15:27:58.402295228 CHANGE ledger 6f28e322c7ae69655315450d2c2f25f403094b5474c9175e29a80f7bcc09c624 -> a86e0fdc8ec9ac9d726d90ed5e5d8f6afa301a09040a90a1c7221641bc2ea54f
15:27:58.406684045 pdns=0/0/inactive/dead/ named=0/inactive/dead/ agent=0/inactive/ jphase=absent killpid=2423,2692,
15:27:58.721411514 CHANGE ledger a86e0fdc8ec9ac9d726d90ed5e5d8f6afa301a09040a90a1c7221641bc2ea54f -> 6037da268ff1e3f6df80efa3475079596a1965980a59b6c9adde777bef514a0c
15:27:58.725236171 pdns=0/0/inactive/dead/ named=0/inactive/dead/ agent=0/inactive/ jphase=absent killpid=2423,2773,
15:27:59.072320164 CHANGE ledger 6037da268ff1e3f6df80efa3475079596a1965980a59b6c9adde777bef514a0c -> e36e1149b321ca6fe5cdda9840d7fa22957897735ffdc5cd37f4861822def6f6
15:27:59.076252407 pdns=0/0/inactive/dead/ named=0/inactive/dead/ agent=0/inactive/ jphase=absent killpid=2423,2858,
15:27:59.377646162 CHANGE ledger e36e1149b321ca6fe5cdda9840d7fa22957897735ffdc5cd37f4861822def6f6 -> 146b17e0319a37ecc3efeda1b79dd2f70a1492631a66249de7966c91eb9e1742
15:27:59.381557159 pdns=0/0/inactive/dead/ named=0/inactive/dead/ agent=0/inactive/ jphase=absent killpid=2423,2968,
15:27:59.844765773 CHANGE ledger 146b17e0319a37ecc3efeda1b79dd2f70a1492631a66249de7966c91eb9e1742 -> 1e4d0e110f6e11b36e2176c90db31a4429117cfbf0e6739f74e0163d956634b1
15:27:59.849476465 pdns=0/0/inactive/dead/ named=0/inactive/dead/ agent=0/inactive/ jphase=absent killpid=2423,
15:28:00.345049621 CHANGE ledger 1e4d0e110f6e11b36e2176c90db31a4429117cfbf0e6739f74e0163d956634b1 -> 1094ed0fc98239e25cd3ff63063122f82e94137ed4fe47b72457db616a015f7c
15:28:00.348871410 pdns=0/0/inactive/dead/ named=0/inactive/dead/ agent=0/inactive/ jphase=absent killpid=2423,3202,
15:28:00.660718123 CHANGE ledger 1094ed0fc98239e25cd3ff63063122f82e94137ed4fe47b72457db616a015f7c -> d75a57f55f258cb95c4cbbcae99b2a1266cdf6328fe94431d4d622d625d4b865
15:28:00.668109164 POINTER /var/cache/bind/celikpanel mtime=2026-09-29 15:28:00.563450581 +0000 ino=131583 /var/cache/bind/celikpanel/current absent 
15:28:00.669779335 pdns=0/0/inactive/dead/ named=0/inactive/dead/ agent=0/inactive/ jphase=absent killpid=2423,3302,
15:28:00.977625423 CHANGE ledger d75a57f55f258cb95c4cbbcae99b2a1266cdf6328fe94431d4d622d625d4b865 -> 72e849f21a021b7cc55960b3f25fbc33df263f8c5c4a1e0c66de1010a0e8e97b
15:28:00.985129761 POINTER /var/cache/bind/celikpanel mtime=2026-09-29 15:28:00.907456401 +0000 ino=131583 /var/cache/bind/celikpanel/current absent 
15:28:00.987697320 pdns=0/0/inactive/dead/ named=0/inactive/dead/ agent=0/inactive/ jphase=absent killpid=2423,3383,
15:28:01.291968181 CHANGE journal absent -> 8d2ef8770c01545856bbfc1e178db40fa6f8b720629ea99efba83dd1d45c1d47
15:28:01.306917412 CHANGE ledger 72e849f21a021b7cc55960b3f25fbc33df263f8c5c4a1e0c66de1010a0e8e97b -> 98bbd4ef6cc41ca81723be17523c3048a64b6292a0f5178b99cb62509ebbc14b
15:28:01.316411884 POINTER /var/cache/bind/celikpanel mtime=2026-09-29 15:28:01.107459750 +0000 ino=131583 /var/cache/bind/celikpanel/current mtime=2026-09-29 15:28:01.103459684 +0000 ino=131593 -> '/var/cache/bind/celikpanel/current' -> 'generations/895b81c7731b93aa00d5883bc78be70b2fbe0449895f9db8157f05592e01222f' 
15:28:01.319998052 pdns=0/0/inactive/dead/ named=0/inactive/dead/ agent=0/inactive/ jphase=target-staged killpid=
15:28:01.729784044 CHANGE journal 8d2ef8770c01545856bbfc1e178db40fa6f8b720629ea99efba83dd1d45c1d47 -> 498ae4a48a28e32d0ba98356485b596edd6b7587385552dab766e4737d7c2a14
15:28:01.750939398 pdns=0/0/inactive/dead/ named=0/inactive/dead/ agent=3492/active/ jphase=rolling-back killpid=
15:28:02.386800716 pdns=0/0/inactive/dead/ named=0/inactive/dead/ agent=3492/active/ jphase=rolling-back killpid=
15:28:03.055482251 pdns=0/0/inactive/dead/ named=0/inactive/dead/ agent=3492/active/ jphase=rolling-back killpid=
15:28:03.562485629 POINTER /var/cache/bind/celikpanel mtime=2026-09-29 15:28:03.487498547 +0000 ino=131583 /var/cache/bind/celikpanel/current absent 
15:28:03.570265405 pdns=0/0/inactive/dead/ named=0/inactive/dead/ agent=3492/active/ jphase=absent killpid=
15:28:03.900348454 CHANGE journal 498ae4a48a28e32d0ba98356485b596edd6b7587385552dab766e4737d7c2a14 -> absent
15:28:03.909849915 CHANGE ledger 98bbd4ef6cc41ca81723be17523c3048a64b6292a0f5178b99cb62509ebbc14b -> b10b8d2de59bd4ee25895c2e706e7c8b2cbefd1b5a8b9a2c10a36893dba1e585
15:28:03.918736832 pdns=0/0/inactive/dead/ named=0/inactive/dead/ agent=3492/active/ jphase=absent killpid=
15:28:04.218204731 CHANGE ledger b10b8d2de59bd4ee25895c2e706e7c8b2cbefd1b5a8b9a2c10a36893dba1e585 -> 82b7ed3eb448d576585922196c1b726fc32e339ca5e825996aec974112431fc4
15:28:04.224165194 pdns=0/0/inactive/dead/ named=0/inactive/dead/ agent=3492/active/ jphase=absent killpid=
15:28:04.530354494 CHANGE ledger 82b7ed3eb448d576585922196c1b726fc32e339ca5e825996aec974112431fc4 -> efbf77381bd523e6241d8657b1819943659d84362c6d095f6565034d3df51b16
15:28:04.536179250 pdns=0/0/inactive/dead/ named=0/inactive/dead/ agent=3492/active/ jphase=absent killpid=
15:28:04.826125868 CHANGE ledger efbf77381bd523e6241d8657b1819943659d84362c6d095f6565034d3df51b16 -> 86ffee952c1f20573b7e0c54e71526de7a543bf5e074d65d816f35065590089e
15:28:04.831180260 pdns=0/0/inactive/dead/ named=0/inactive/dead/ agent=3492/active/ jphase=absent killpid=
15:28:05.166777061 CHANGE ledger 86ffee952c1f20573b7e0c54e71526de7a543bf5e074d65d816f35065590089e -> 1b1af99bd031f4f59f894aa9fe774930bc92613eab8c0b213457e7626a0738e1
15:28:05.173908982 pdns=0/0/inactive/dead/ named=0/inactive/dead/ agent=3492/active/ jphase=absent killpid=
15:28:05.470753546 CHANGE ledger 1b1af99bd031f4f59f894aa9fe774930bc92613eab8c0b213457e7626a0738e1 -> d90ab961472fa92714d0aecd389dc26160c080260f019c99287bc88e96fc374d
15:28:05.476239277 pdns=0/0/inactive/dead/ named=0/inactive/dead/ agent=3492/active/ jphase=absent killpid=
15:28:06.013507351 CHANGE ledger d90ab961472fa92714d0aecd389dc26160c080260f019c99287bc88e96fc374d -> a64a1ee5de0ae60c301cf769bc7dc634c7f5db67a7084cc4e608961c189bd910
15:28:06.022828819 pdns=0/0/inactive/dead/ named=0/inactive/dead/ agent=3492/active/ jphase=absent killpid=
15:28:06.633068503 CHANGE ledger a64a1ee5de0ae60c301cf769bc7dc634c7f5db67a7084cc4e608961c189bd910 -> e4d0b9d66ab10b74640f0d2375eb89256ce220d15e02d721a377281cb3663a69
15:28:06.643693526 pdns=0/0/inactive/dead/ named=0/inactive/dead/ agent=3492/active/ jphase=absent killpid=
15:28:06.977740915 CHANGE ledger e4d0b9d66ab10b74640f0d2375eb89256ce220d15e02d721a377281cb3663a69 -> b50af20640de9c2a41e686b40b1b1fabcd4171bbe4b72422d80bb639875074d2
15:28:07.000726648 pdns=0/0/inactive/dead/ named=0/inactive/dead/ agent=3492/active/ jphase=absent killpid=
15:28:07.334407939 CHANGE ledger b50af20640de9c2a41e686b40b1b1fabcd4171bbe4b72422d80bb639875074d2 -> fef51c698f50809660193c3c4157a4c1064d9fb1cd1e38b165bf65693c3644e7
15:28:07.340157592 pdns=0/0/inactive/dead/ named=0/inactive/dead/ agent=3492/active/ jphase=intent killpid=
15:28:07.677385060 CHANGE journal absent -> 16806e86bfbf38e2342c691f615a0c1fbf6f27bd70beadaa64c44282d1739661
15:28:07.692157748 CHANGE ledger fef51c698f50809660193c3c4157a4c1064d9fb1cd1e38b165bf65693c3644e7 -> c33e8647a270ef2723fafa6a715c64e9aaf01d2b5bf7ebf318e91ea414c9676f
15:28:07.705540398 POINTER /var/cache/bind/celikpanel mtime=2026-09-29 15:28:07.435559044 +0000 ino=131583 /var/cache/bind/celikpanel/current mtime=2026-09-29 15:28:07.423558867 +0000 ino=131610 -> '/var/cache/bind/celikpanel/current' -> 'generations/895b81c7731b93aa00d5883bc78be70b2fbe0449895f9db8157f05592e01222f' 
15:28:07.707763325 pdns=0/0/inactive/dead/ named=0/inactive/dead/ agent=3492/active/ jphase=source-stopped killpid=
15:28:08.170677050 CHANGE ledger c33e8647a270ef2723fafa6a715c64e9aaf01d2b5bf7ebf318e91ea414c9676f -> b3448231b54b1067010c671dc79083536055d67c1b5d68ebccaa4a9a83f92ee1
15:28:08.183687569 pdns=0/0/inactive/dead/ named=0/inactive/dead/ agent=3492/active/ jphase=source-stopped killpid=
15:28:08.650905997 CHANGE ledger b3448231b54b1067010c671dc79083536055d67c1b5d68ebccaa4a9a83f92ee1 -> cfb910289bce7e2fdbb6ac452f7b3f6c8f2e581912dc1122a1a59ec076a0c6fe
15:28:08.657860179 pdns=0/0/inactive/dead/ named=0/inactive/dead/ agent=3492/active/ jphase=source-stopped killpid=
15:28:09.152967450 CHANGE ledger cfb910289bce7e2fdbb6ac452f7b3f6c8f2e581912dc1122a1a59ec076a0c6fe -> 532abf4d9ba0ecce78e0259a08b2b9ca742562cee0fc63df10858ec108b15214
15:28:09.167433789 pdns=0/0/inactive/dead/ named=0/inactive/dead/ agent=3492/active/ jphase=source-stopped killpid=
15:28:09.466679913 CHANGE ledger 532abf4d9ba0ecce78e0259a08b2b9ca742562cee0fc63df10858ec108b15214 -> ef29642344efb0ba406672f6724c7b275e05baf2b16cc5ea59b8989015edbc14
15:28:09.475166359 pdns=0/0/inactive/dead/ named=0/inactive/dead/ agent=3492/active/ jphase=source-stopped killpid=
15:28:10.185175311 CHANGE ledger ef29642344efb0ba406672f6724c7b275e05baf2b16cc5ea59b8989015edbc14 -> 2350aabfbafa07f798c2990cc63925aa28deee6cd68d7a195c2d0edaeca1d2bf
15:28:10.191003585 pdns=0/0/inactive/dead/ named=0/inactive/dead/ agent=3492/active/ jphase=source-stopped killpid=
15:28:10.701848730 CHANGE ledger 2350aabfbafa07f798c2990cc63925aa28deee6cd68d7a195c2d0edaeca1d2bf -> f5dce9a91c0ccece4e65a96e20f72ec86324a9c1fab23ccbca669df6010f47f3
15:28:10.710699261 pdns=0/0/inactive/dead/ named=0/inactive/dead/ agent=3492/active/ jphase=source-stopped killpid=
15:28:11.000180269 CHANGE ledger f5dce9a91c0ccece4e65a96e20f72ec86324a9c1fab23ccbca669df6010f47f3 -> 60b50cd0e9a9f8675d16069f290e9b6ff03653b4709954854b5c4771ee812c62
15:28:11.008511694 pdns=0/0/inactive/dead/ named=5711/active/running/ agent=3492/active/ jphase=source-stopped killpid=
15:28:11.298360570 CHANGE ledger 60b50cd0e9a9f8675d16069f290e9b6ff03653b4709954854b5c4771ee812c62 -> c5e06e36c5bed9a6e5f16829a14239a72fc8ac5ecdfcb1fd3540021ff36c4796
15:28:11.308734649 pdns=0/0/inactive/dead/ named=5711/active/running/ agent=3492/active/ jphase=source-stopped killpid=
15:28:11.594758144 CHANGE ledger c5e06e36c5bed9a6e5f16829a14239a72fc8ac5ecdfcb1fd3540021ff36c4796 -> 285457646ca94b9e5dc90d536a8ca284762a9c537321ba44b8c8b6eb78d05389
15:28:11.601433818 pdns=0/0/inactive/dead/ named=5711/active/running/ agent=3492/active/ jphase=source-stopped killpid=
15:28:11.898988914 CHANGE ledger 285457646ca94b9e5dc90d536a8ca284762a9c537321ba44b8c8b6eb78d05389 -> 95f9d7c446abe01ee4bb0cc580459957baacc2c4da9bfbf8d02725928504aace
15:28:11.905055395 pdns=0/0/inactive/dead/ named=5711/active/running/ agent=3492/active/ jphase=source-stopped killpid=
15:28:12.187718455 CHANGE ledger 95f9d7c446abe01ee4bb0cc580459957baacc2c4da9bfbf8d02725928504aace -> cb3a4df06cdde38284c7a82c554727dd4dd8fc785eb166a6aedd70728d0f4c4d
15:28:12.194670936 pdns=0/0/inactive/dead/ named=5711/active/running/ agent=3492/active/ jphase=target-started killpid=
15:28:12.482989437 CHANGE journal 16806e86bfbf38e2342c691f615a0c1fbf6f27bd70beadaa64c44282d1739661 -> 6560854741effd7c63762b6495bf25edcf3390f9270489825b9d276d8162b394
15:28:12.494281720 CHANGE ledger cb3a4df06cdde38284c7a82c554727dd4dd8fc785eb166a6aedd70728d0f4c4d -> bb7cc93d76231ee319f6db03b6aed45922ed4807906c7eb3ffab1d28d0ff418f
15:28:12.501615800 pdns=0/0/inactive/dead/ named=5711/active/running/ agent=3492/active/ jphase=target-started killpid=
15:28:12.802872533 CHANGE ledger bb7cc93d76231ee319f6db03b6aed45922ed4807906c7eb3ffab1d28d0ff418f -> 9d1289b6eed9ce50b3006158f7210849809995332570c8aec93e3a90e0fa80cd
15:28:12.811120909 pdns=0/0/inactive/dead/ named=5711/active/running/ agent=3492/active/ jphase=target-started killpid=
15:28:13.097108353 CHANGE ledger 9d1289b6eed9ce50b3006158f7210849809995332570c8aec93e3a90e0fa80cd -> bef8733ef793095c94190279ed48e169ba86b19490c2433ab67608cb779bcaa6
15:28:13.105704286 pdns=0/0/inactive/dead/ named=5711/active/running/ agent=3492/active/ jphase=target-started killpid=
15:28:13.388770077 CHANGE journal 6560854741effd7c63762b6495bf25edcf3390f9270489825b9d276d8162b394 -> 8e9bf71228756307ad936fd5068e4ff7c7431330ac4f60552685cfb1d2ac88bc
15:28:13.399508244 CHANGE ledger bef8733ef793095c94190279ed48e169ba86b19490c2433ab67608cb779bcaa6 -> c21683b853654b0e2717d08ceba61a0ed38b22ae20acffe33102059f96ddbf83
15:28:13.411007930 CHANGE state absent -> fbdf1fbb016dbf9c42442e9ee82d4748631b6f0d32e258dce2288fa6e915653d
15:28:13.419256882 pdns=0/0/inactive/dead/ named=5711/active/running/ agent=3492/active/ jphase=committed killpid=
15:28:13.710104548 CHANGE journal 8e9bf71228756307ad936fd5068e4ff7c7431330ac4f60552685cfb1d2ac88bc -> 381f0fabd0f85d71a1325b46faea9b663fe5a615ff70fe88859c0d30c8a16f45
15:28:13.724626257 pdns=0/0/inactive/dead/ named=5711/active/running/ agent=3492/active/ jphase=committed killpid=
15:28:13.994986686 CHANGE ledger c21683b853654b0e2717d08ceba61a0ed38b22ae20acffe33102059f96ddbf83 -> f8607e8b75c438979c87b097b9b904e7926456cbefa454758332e3bd9d0b9701
15:28:14.005007235 pdns=0/0/inactive/dead/ named=5711/active/running/ agent=3492/active/ jphase=absent killpid=
15:28:14.275859228 CHANGE journal 381f0fabd0f85d71a1325b46faea9b663fe5a615ff70fe88859c0d30c8a16f45 -> absent
15:28:14.284524346 CHANGE ledger f8607e8b75c438979c87b097b9b904e7926456cbefa454758332e3bd9d0b9701 -> c0b59c041e8839f50926be74fa887bafe412a8001247cbdd2207c20bc2da74b5
15:28:14.293173445 pdns=0/0/inactive/dead/ named=5711/active/running/ agent=3492/active/ jphase=absent killpid=
15:28:14.589552364 pdns=0/0/inactive/dead/ named=5711/active/running/ agent=3492/active/ jphase=absent killpid=
15:28:14.871122119 pdns=0/0/inactive/dead/ named=5711/active/running/ agent=3492/active/ jphase=absent killpid=
15:28:15.155903392 pdns=0/0/inactive/dead/ named=5711/active/running/ agent=3492/active/ jphase=absent killpid=
15:28:15.449880185 pdns=0/0/inactive/dead/ named=5711/active/running/ agent=3492/active/ jphase=absent killpid=
15:28:15.728887359 pdns=0/0/inactive/dead/ named=5711/active/running/ agent=3492/active/ jphase=absent killpid=
15:28:16.008466137 pdns=0/0/inactive/dead/ named=5711/active/running/ agent=3492/active/ jphase=absent killpid=
15:28:16.298285677 pdns=0/0/inactive/dead/ named=5711/active/running/ agent=3492/active/ jphase=absent killpid=
15:28:16.589389625 pdns=0/0/inactive/dead/ named=5711/active/running/ agent=3492/active/ jphase=absent killpid=
15:28:16.866980159 pdns=0/0/inactive/dead/ named=5711/active/running/ agent=3492/active/ jphase=absent killpid=
15:28:17.158079790 pdns=0/0/inactive/dead/ named=5711/active/running/ agent=3492/active/ jphase=absent killpid=
15:28:17.433991150 pdns=0/0/inactive/dead/ named=5711/active/running/ agent=3492/active/ jphase=absent killpid=
15:28:17.711125031 pdns=0/0/inactive/dead/ named=5711/active/running/ agent=3492/active/ jphase=absent killpid=
15:28:17.988422882 pdns=0/0/inactive/dead/ named=5711/active/running/ agent=3492/active/ jphase=absent killpid=
15:28:18.268704877 pdns=0/0/inactive/dead/ named=5711/active/running/ agent=3492/active/ jphase=absent killpid=
15:28:18.552604169 pdns=0/0/inactive/dead/ named=5711/active/running/ agent=3492/active/ jphase=absent killpid=
15:28:18.829688662 pdns=0/0/inactive/dead/ named=5711/active/running/ agent=3492/active/ jphase=absent killpid=
15:28:19.108290660 pdns=0/0/inactive/dead/ named=5711/active/running/ agent=3492/active/ jphase=absent killpid=
15:28:19.391197072 pdns=0/0/inactive/dead/ named=5711/active/running/ agent=3492/active/ jphase=absent killpid=
15:28:19.669313257 pdns=0/0/inactive/dead/ named=5711/active/running/ agent=3492/active/ jphase=absent killpid=
15:28:19.948669620 pdns=0/0/inactive/dead/ named=5711/active/running/ agent=3492/active/ jphase=absent killpid=
15:28:20.231460108 pdns=0/0/inactive/dead/ named=5711/active/running/ agent=3492/active/ jphase=absent killpid=
15:28:20.519046246 pdns=0/0/inactive/dead/ named=5711/active/running/ agent=3492/active/ jphase=absent killpid=
15:28:20.805437981 pdns=0/0/inactive/dead/ named=5711/active/running/ agent=3492/active/ jphase=absent killpid=
15:28:21.088842714 pdns=0/0/inactive/dead/ named=5711/active/running/ agent=3492/active/ jphase=absent killpid=
15:28:21.378863415 pdns=0/0/inactive/dead/ named=5711/active/running/ agent=3492/active/ jphase=absent killpid=
15:28:21.658785849 pdns=0/0/inactive/dead/ named=5711/active/running/ agent=3492/active/ jphase=absent killpid=
15:28:21.938828030 pdns=0/0/inactive/dead/ named=5711/active/running/ agent=3492/active/ jphase=absent killpid=
15:28:22.214310239 pdns=0/0/inactive/dead/ named=5711/active/running/ agent=3492/active/ jphase=absent killpid=
15:28:22.497331806 pdns=0/0/inactive/dead/ named=5711/active/running/ agent=3492/active/ jphase=absent killpid=
15:28:22.779387183 pdns=0/0/inactive/dead/ named=5711/active/running/ agent=3492/active/ jphase=absent killpid=
15:28:23.063820485 pdns=0/0/inactive/dead/ named=5711/active/running/ agent=3492/active/ jphase=absent killpid=
15:28:23.347709722 pdns=0/0/inactive/dead/ named=5711/active/running/ agent=3492/active/ jphase=absent killpid=
15:28:23.634386081 pdns=0/0/inactive/dead/ named=5711/active/running/ agent=3492/active/ jphase=absent killpid=
15:28:23.917918391 pdns=0/0/inactive/dead/ named=5711/active/running/ agent=3492/active/ jphase=absent killpid=
15:28:24.239744863 pdns=0/0/inactive/dead/ named=5711/active/running/ agent=3492/active/ jphase=absent killpid=
15:28:24.534366099 pdns=0/0/inactive/dead/ named=5711/active/running/ agent=3492/active/ jphase=absent killpid=
15:28:24.811472565 pdns=0/0/inactive/dead/ named=5711/active/running/ agent=3492/active/ jphase=absent killpid=
15:28:25.110207647 pdns=0/0/inactive/dead/ named=5711/active/running/ agent=3492/active/ jphase=absent killpid=
15:28:25.387857060 pdns=0/0/inactive/dead/ named=5711/active/running/ agent=3492/active/ jphase=absent killpid=
15:28:25.663858147 pdns=0/0/inactive/dead/ named=5711/active/running/ agent=3492/active/ jphase=absent killpid=
15:28:25.939395455 pdns=0/0/inactive/dead/ named=5711/active/running/ agent=3492/active/ jphase=absent killpid=
15:28:26.214077684 pdns=0/0/inactive/dead/ named=5711/active/running/ agent=3492/active/ jphase=absent killpid=
15:28:26.494013461 pdns=0/0/inactive/dead/ named=5711/active/running/ agent=3492/active/ jphase=absent killpid=
15:28:26.783426347 pdns=0/0/inactive/dead/ named=5711/active/running/ agent=3492/active/ jphase=absent killpid=
15:28:27.062370928 pdns=0/0/inactive/dead/ named=5711/active/running/ agent=3492/active/ jphase=absent killpid=
15:28:27.340838894 pdns=0/0/inactive/dead/ named=5711/active/running/ agent=3492/active/ jphase=absent killpid=
15:28:27.616893130 pdns=0/0/inactive/dead/ named=5711/active/running/ agent=3492/active/ jphase=absent killpid=
15:28:27.891229494 pdns=0/0/inactive/dead/ named=5711/active/running/ agent=3492/active/ jphase=absent killpid=
15:28:28.167967343 pdns=0/0/inactive/dead/ named=5711/active/running/ agent=3492/active/ jphase=absent killpid=
15:28:28.448990161 pdns=0/0/inactive/dead/ named=5711/active/running/ agent=3492/active/ jphase=absent killpid=
15:28:28.725283794 pdns=0/0/inactive/dead/ named=5711/active/running/ agent=3492/active/ jphase=absent killpid=
15:28:29.001673467 pdns=0/0/inactive/dead/ named=5711/active/running/ agent=3492/active/ jphase=absent killpid=
15:28:29.279718140 pdns=0/0/inactive/dead/ named=5711/active/running/ agent=3492/active/ jphase=absent killpid=
15:28:29.564784365 pdns=0/0/inactive/dead/ named=5711/active/running/ agent=3492/active/ jphase=absent killpid=
15:28:29.841343627 pdns=0/0/inactive/dead/ named=5711/active/running/ agent=3492/active/ jphase=absent killpid=
15:28:30.122600360 pdns=0/0/inactive/dead/ named=5711/active/running/ agent=3492/active/ jphase=absent killpid=
15:28:30.399260267 pdns=0/0/inactive/dead/ named=5711/active/running/ agent=3492/active/ jphase=absent killpid=
15:28:30.674357872 pdns=0/0/inactive/dead/ named=5711/active/running/ agent=3492/active/ jphase=absent killpid=
15:28:30.948589984 pdns=0/0/inactive/dead/ named=5711/active/running/ agent=3492/active/ jphase=absent killpid=
15:28:31.223078492 pdns=0/0/inactive/dead/ named=5711/active/running/ agent=3492/active/ jphase=absent killpid=
15:28:31.508757720 pdns=0/0/inactive/dead/ named=5711/active/running/ agent=3492/active/ jphase=absent killpid=
15:28:31.813828464 pdns=0/0/inactive/dead/ named=5711/active/running/ agent=3492/active/ jphase=absent killpid=
15:28:32.091565212 pdns=0/0/inactive/dead/ named=5711/active/running/ agent=3492/active/ jphase=absent killpid=
15:28:32.379582057 pdns=0/0/inactive/dead/ named=5711/active/running/ agent=3492/active/ jphase=absent killpid=
15:28:32.656607364 pdns=0/0/inactive/dead/ named=5711/active/running/ agent=3492/active/ jphase=absent killpid=
15:28:32.933271181 pdns=0/0/inactive/dead/ named=5711/active/running/ agent=3492/active/ jphase=absent killpid=
15:28:33.216285490 pdns=0/0/inactive/dead/ named=5711/active/running/ agent=3492/active/ jphase=absent killpid=
15:28:33.497141893 pdns=0/0/inactive/dead/ named=5711/active/running/ agent=3492/active/ jphase=absent killpid=
15:28:33.775991003 pdns=0/0/inactive/dead/ named=5711/active/running/ agent=3492/active/ jphase=absent killpid=
15:28:34.057084637 pdns=0/0/inactive/dead/ named=5711/active/running/ agent=3492/active/ jphase=absent killpid=
15:28:34.357577524 pdns=0/0/inactive/dead/ named=5711/active/running/ agent=3492/active/ jphase=absent killpid=
15:28:34.665971803 pdns=0/0/inactive/dead/ named=5711/active/running/ agent=3492/active/ jphase=absent killpid=
15:28:34.945117734 pdns=0/0/inactive/dead/ named=5711/active/running/ agent=3492/active/ jphase=absent killpid=
15:28:35.227703044 pdns=0/0/inactive/dead/ named=5711/active/running/ agent=3492/active/ jphase=absent killpid=
15:28:35.515210386 pdns=0/0/inactive/dead/ named=5711/active/running/ agent=3492/active/ jphase=absent killpid=
15:28:35.796009975 pdns=0/0/inactive/dead/ named=5711/active/running/ agent=3492/active/ jphase=absent killpid=
15:28:36.082485949 pdns=0/0/inactive/dead/ named=5711/active/running/ agent=3492/active/ jphase=absent killpid=
15:28:36.403112916 pdns=0/0/inactive/dead/ named=5711/active/running/ agent=3492/active/ jphase=absent killpid=
15:28:36.689323609 pdns=0/0/inactive/dead/ named=5711/active/running/ agent=3492/active/ jphase=absent killpid=
15:28:36.977059250 pdns=0/0/inactive/dead/ named=5711/active/running/ agent=3492/active/ jphase=absent killpid=
15:28:37.261215883 pdns=0/0/inactive/dead/ named=5711/active/running/ agent=3492/active/ jphase=absent killpid=
15:28:37.563700756 pdns=0/0/inactive/dead/ named=5711/active/running/ agent=3492/active/ jphase=absent killpid=
15:28:37.842057441 pdns=0/0/inactive/dead/ named=5711/active/running/ agent=3492/active/ jphase=absent killpid=
15:28:38.118102909 pdns=0/0/inactive/dead/ named=5711/active/running/ agent=3492/active/ jphase=absent killpid=
15:28:38.394894026 pdns=0/0/inactive/dead/ named=5711/active/running/ agent=3492/active/ jphase=absent killpid=
15:28:38.673050367 pdns=0/0/inactive/dead/ named=5711/active/running/ agent=3492/active/ jphase=absent killpid=
15:28:38.947738586 pdns=0/0/inactive/dead/ named=5711/active/running/ agent=3492/active/ jphase=absent killpid=
15:28:39.222012166 pdns=0/0/inactive/dead/ named=5711/active/running/ agent=3492/active/ jphase=absent killpid=
15:28:39.503306705 pdns=0/0/inactive/dead/ named=5711/active/running/ agent=3492/active/ jphase=absent killpid=
15:28:39.781902433 pdns=0/0/inactive/dead/ named=5711/active/running/ agent=3492/active/ jphase=absent killpid=
15:28:40.061999084 pdns=0/0/inactive/dead/ named=5711/active/running/ agent=3492/active/ jphase=absent killpid=
15:28:40.341676695 pdns=0/0/inactive/dead/ named=5711/active/running/ agent=3492/active/ jphase=absent killpid=
15:28:40.619097849 pdns=0/0/inactive/dead/ named=5711/active/running/ agent=3492/active/ jphase=absent killpid=
15:28:40.893957062 pdns=0/0/inactive/dead/ named=5711/active/running/ agent=3492/active/ jphase=absent killpid=
15:28:41.168440389 pdns=0/0/inactive/dead/ named=5711/active/running/ agent=3492/active/ jphase=absent killpid=
15:28:41.445010941 pdns=0/0/inactive/dead/ named=5711/active/running/ agent=3492/active/ jphase=absent killpid=
15:28:41.720746865 pdns=0/0/inactive/dead/ named=5711/active/running/ agent=3492/active/ jphase=absent killpid=
15:28:41.994380254 pdns=0/0/inactive/dead/ named=5711/active/running/ agent=3492/active/ jphase=absent killpid=
15:28:42.268099446 pdns=0/0/inactive/dead/ named=5711/active/running/ agent=3492/active/ jphase=absent killpid=
15:28:42.546941932 pdns=0/0/inactive/dead/ named=5711/active/running/ agent=3492/active/ jphase=absent killpid=
15:28:42.826494007 pdns=0/0/inactive/dead/ named=5711/active/running/ agent=3492/active/ jphase=absent killpid=
15:28:43.102838663 pdns=0/0/inactive/dead/ named=5711/active/running/ agent=3492/active/ jphase=absent killpid=
15:28:43.379641407 pdns=0/0/inactive/dead/ named=5711/active/running/ agent=3492/active/ jphase=absent killpid=
15:28:43.658287989 pdns=0/0/inactive/dead/ named=5711/active/running/ agent=3492/active/ jphase=absent killpid=
15:28:43.931997129 pdns=0/0/inactive/dead/ named=5711/active/running/ agent=3492/active/ jphase=absent killpid=
15:28:44.205876359 pdns=0/0/inactive/dead/ named=5711/active/running/ agent=3492/active/ jphase=absent killpid=
15:28:44.482179196 pdns=0/0/inactive/dead/ named=5711/active/running/ agent=3492/active/ jphase=absent killpid=
15:28:44.759559480 pdns=0/0/inactive/dead/ named=5711/active/running/ agent=3492/active/ jphase=absent killpid=
15:28:45.043121621 pdns=0/0/inactive/dead/ named=5711/active/running/ agent=3492/active/ jphase=absent killpid=
