19:44:48.053856422 CHANGE journal none -> absent
19:44:48.067196532 CHANGE ledger none -> ff53fa8dfded4a520c3ef20c51d7f71d21a99182cf3b6e9b1a7d23835005adab
19:44:48.075291772 CHANGE state none -> 29c71cc02a6d59b6ad4e2d4932b63f06cd5f4a1291eaf9da899fad2dbaf2d853
19:44:48.078887394 CHANGE pdnsdb none -> absent
19:44:48.083921438 POINTER /var/cache/bind/celikpanel mtime=2026-09-29 19:43:51.926778554 +0000 ino=131552 /var/cache/bind/celikpanel/current mtime=2026-09-29 19:43:51.914777699 +0000 ino=131584 -> '/var/cache/bind/celikpanel/current' -> 'generations/74c26315936f7313d3130d7a80a331fa18a426779477e4b49f6569c15b8d0e77' 
19:44:48.085192516 pdns=0/0/inactive/dead/ named=648/active/running/ agent=0/inactive/ jphase=absent killpid=
19:44:48.431692060 pdns=0/0/inactive/dead/ named=648/active/running/ agent=0/inactive/ jphase=absent killpid=
19:44:48.702813414 pdns=0/0/inactive/dead/ named=648/active/running/ agent=0/inactive/ jphase=absent killpid=
19:44:48.985776460 pdns=0/0/inactive/dead/ named=648/active/running/ agent=0/inactive/ jphase=absent killpid=
19:44:49.266464065 pdns=0/0/inactive/dead/ named=648/active/running/ agent=0/inactive/ jphase=absent killpid=
19:44:49.560454104 pdns=0/0/inactive/dead/ named=648/active/running/ agent=0/inactive/ jphase=absent killpid=
19:44:49.844879986 pdns=0/0/inactive/dead/ named=648/active/running/ agent=0/inactive/ jphase=absent killpid=
19:44:50.123312035 pdns=0/0/inactive/dead/ named=648/active/running/ agent=0/inactive/ jphase=absent killpid=
19:44:50.399617724 pdns=0/0/inactive/dead/ named=648/active/running/ agent=0/inactive/ jphase=absent killpid=
19:44:50.673107613 pdns=0/0/inactive/dead/ named=648/active/running/ agent=0/inactive/ jphase=absent killpid=
19:44:50.946699541 pdns=0/0/inactive/dead/ named=648/active/running/ agent=0/inactive/ jphase=absent killpid=
19:44:51.231310870 pdns=0/0/inactive/dead/ named=648/active/running/ agent=0/inactive/ jphase=absent killpid=
19:44:51.501809572 pdns=0/0/inactive/dead/ named=648/active/running/ agent=0/inactive/ jphase=absent killpid=
19:44:51.773368742 pdns=0/0/inactive/dead/ named=648/active/running/ agent=0/inactive/ jphase=absent killpid=
19:44:52.049880012 pdns=0/0/inactive/dead/ named=648/active/running/ agent=0/inactive/ jphase=absent killpid=
19:44:52.321837074 pdns=0/0/inactive/dead/ named=648/active/running/ agent=0/inactive/ jphase=absent killpid=
19:44:52.597425194 pdns=0/0/inactive/dead/ named=648/active/running/ agent=0/inactive/ jphase=absent killpid=
19:44:52.882850458 pdns=0/0/inactive/dead/ named=648/active/running/ agent=0/inactive/ jphase=absent killpid=
19:44:53.170023887 pdns=0/0/inactive/dead/ named=648/active/running/ agent=0/inactive/ jphase=absent killpid=
19:44:53.450181409 pdns=0/0/inactive/dead/ named=648/active/running/ agent=0/inactive/ jphase=absent killpid=
19:44:53.726222012 pdns=0/0/inactive/dead/ named=648/active/running/ agent=0/inactive/ jphase=absent killpid=
19:44:53.998828764 pdns=0/0/inactive/dead/ named=648/active/running/ agent=0/inactive/ jphase=absent killpid=
19:44:54.274863356 pdns=0/0/inactive/dead/ named=648/active/running/ agent=0/inactive/ jphase=absent killpid=
19:44:54.585122420 pdns=0/0/inactive/dead/ named=648/active/running/ agent=0/inactive/ jphase=absent killpid=
19:44:54.859082635 pdns=0/0/inactive/dead/ named=648/active/running/ agent=0/inactive/ jphase=absent killpid=
19:44:55.131958730 pdns=0/0/inactive/dead/ named=648/active/running/ agent=0/inactive/ jphase=absent killpid=
19:44:55.406328964 pdns=0/0/inactive/dead/ named=648/active/running/ agent=0/inactive/ jphase=absent killpid=
19:44:55.680076518 pdns=0/0/inactive/dead/ named=648/active/running/ agent=0/inactive/ jphase=absent killpid=
19:44:55.959017326 pdns=0/0/inactive/dead/ named=648/active/running/ agent=0/inactive/ jphase=absent killpid=
19:44:56.234049199 pdns=0/0/inactive/dead/ named=648/active/running/ agent=0/inactive/ jphase=absent killpid=
19:44:56.508841415 pdns=0/0/inactive/dead/ named=648/active/running/ agent=0/inactive/ jphase=absent killpid=
19:44:56.785313537 pdns=0/0/inactive/dead/ named=648/active/running/ agent=0/inactive/ jphase=absent killpid=
19:44:57.071024520 pdns=0/0/inactive/dead/ named=648/active/running/ agent=0/inactive/ jphase=absent killpid=
19:44:57.347476540 pdns=0/0/inactive/dead/ named=648/active/running/ agent=0/inactive/ jphase=absent killpid=
19:44:57.637007583 pdns=0/0/inactive/dead/ named=648/active/running/ agent=0/inactive/ jphase=absent killpid=
19:44:57.911297477 pdns=0/0/inactive/dead/ named=648/active/running/ agent=0/inactive/ jphase=absent killpid=
19:44:58.195286736 pdns=0/0/inactive/dead/ named=648/active/running/ agent=0/inactive/ jphase=absent killpid=
19:44:58.467405339 pdns=0/0/inactive/dead/ named=648/active/running/ agent=0/inactive/ jphase=absent killpid=
19:44:58.739345489 pdns=0/0/inactive/dead/ named=648/active/running/ agent=0/inactive/ jphase=absent killpid=
19:44:59.025655624 pdns=0/0/inactive/dead/ named=648/active/running/ agent=0/inactive/ jphase=absent killpid=
19:44:59.316203307 pdns=0/0/inactive/dead/ named=648/active/running/ agent=0/inactive/ jphase=absent killpid=
19:44:59.701158931 pdns=0/0/inactive/dead/ named=648/active/running/ agent=0/inactive/ jphase=absent killpid=
19:44:59.978880978 pdns=0/0/inactive/dead/ named=648/active/running/ agent=0/inactive/ jphase=absent killpid=
19:45:00.255504196 pdns=0/0/inactive/dead/ named=648/active/running/ agent=0/inactive/ jphase=absent killpid=
19:45:00.526836271 pdns=0/0/inactive/dead/ named=648/active/running/ agent=0/inactive/ jphase=absent killpid=
19:45:00.805475889 pdns=0/0/inactive/dead/ named=648/active/running/ agent=0/inactive/ jphase=absent killpid=
19:45:01.100227790 pdns=0/0/inactive/dead/ named=648/active/running/ agent=0/inactive/ jphase=absent killpid=
19:45:01.377334219 pdns=0/0/inactive/dead/ named=648/active/running/ agent=0/inactive/ jphase=absent killpid=
19:45:01.650761521 pdns=0/0/inactive/dead/ named=648/active/running/ agent=0/inactive/ jphase=absent killpid=
19:45:01.923694722 pdns=0/0/inactive/dead/ named=648/active/running/ agent=0/inactive/ jphase=absent killpid=
19:45:02.206912041 pdns=0/0/inactive/dead/ named=648/active/running/ agent=0/inactive/ jphase=absent killpid=
19:45:02.480692903 pdns=0/0/inactive/dead/ named=648/active/running/ agent=0/inactive/ jphase=absent killpid=
19:45:02.755028778 pdns=0/0/inactive/dead/ named=648/active/running/ agent=0/inactive/ jphase=absent killpid=
19:45:03.033019797 pdns=0/0/inactive/dead/ named=648/active/running/ agent=0/inactive/ jphase=absent killpid=
19:45:03.310139890 pdns=0/0/inactive/dead/ named=648/active/running/ agent=0/inactive/ jphase=absent killpid=
19:45:03.585662348 pdns=0/0/inactive/dead/ named=648/active/running/ agent=0/inactive/ jphase=absent killpid=
19:45:03.871685038 pdns=0/0/inactive/dead/ named=648/active/running/ agent=0/inactive/ jphase=absent killpid=
19:45:04.159881448 pdns=0/0/inactive/dead/ named=648/active/running/ agent=0/inactive/ jphase=absent killpid=
19:45:04.435195502 pdns=0/0/inactive/dead/ named=648/active/running/ agent=0/inactive/ jphase=absent killpid=
19:45:04.708960127 pdns=0/0/inactive/dead/ named=648/active/running/ agent=0/inactive/ jphase=absent killpid=
19:45:04.985839944 pdns=0/0/inactive/dead/ named=648/active/running/ agent=0/inactive/ jphase=absent killpid=
19:45:05.260631709 pdns=0/0/inactive/dead/ named=648/active/running/ agent=0/inactive/ jphase=absent killpid=
19:45:05.533549241 pdns=0/0/inactive/dead/ named=648/active/running/ agent=0/inactive/ jphase=absent killpid=
19:45:05.807150468 pdns=0/0/inactive/dead/ named=648/active/running/ agent=0/inactive/ jphase=absent killpid=
19:45:06.082801665 pdns=0/0/inactive/dead/ named=648/active/running/ agent=0/inactive/ jphase=absent killpid=
19:45:06.362801204 pdns=0/0/inactive/dead/ named=648/active/running/ agent=0/inactive/ jphase=absent killpid=
19:45:06.639629477 pdns=0/0/inactive/dead/ named=648/active/running/ agent=0/inactive/ jphase=absent killpid=
19:45:06.915231147 pdns=0/0/inactive/dead/ named=648/active/running/ agent=0/inactive/ jphase=absent killpid=
19:45:07.190416631 pdns=0/0/inactive/dead/ named=648/active/running/ agent=0/inactive/ jphase=absent killpid=
19:45:07.468732174 pdns=0/0/inactive/dead/ named=648/active/running/ agent=0/inactive/ jphase=absent killpid=
19:45:07.740669039 pdns=0/0/inactive/dead/ named=648/active/running/ agent=0/inactive/ jphase=absent killpid=
19:45:08.020871629 pdns=0/0/inactive/dead/ named=648/active/running/ agent=0/inactive/ jphase=absent killpid=
19:45:08.300612709 pdns=0/0/inactive/dead/ named=648/active/running/ agent=0/inactive/ jphase=absent killpid=
19:45:08.574341832 pdns=0/0/inactive/dead/ named=648/active/running/ agent=0/inactive/ jphase=absent killpid=
19:45:08.849981136 pdns=0/0/inactive/dead/ named=648/active/running/ agent=0/inactive/ jphase=absent killpid=
19:45:09.127396043 pdns=0/0/inactive/dead/ named=648/active/running/ agent=0/inactive/ jphase=absent killpid=
19:45:09.401152629 pdns=0/0/inactive/dead/ named=648/active/running/ agent=0/inactive/ jphase=absent killpid=
19:45:09.676247038 pdns=0/0/inactive/dead/ named=648/active/running/ agent=0/inactive/ jphase=absent killpid=
19:45:09.950835924 pdns=0/0/inactive/dead/ named=648/active/running/ agent=0/inactive/ jphase=absent killpid=
19:45:10.237666459 pdns=0/0/inactive/dead/ named=648/active/running/ agent=0/inactive/ jphase=absent killpid=
19:45:10.511123978 pdns=0/0/inactive/dead/ named=648/active/running/ agent=0/inactive/ jphase=absent killpid=
19:45:10.784493672 pdns=0/0/inactive/dead/ named=648/active/running/ agent=0/inactive/ jphase=absent killpid=
19:45:11.068265776 pdns=0/0/inactive/dead/ named=648/active/running/ agent=0/inactive/ jphase=absent killpid=
19:45:11.346393419 pdns=0/0/inactive/dead/ named=648/active/running/ agent=0/inactive/ jphase=absent killpid=
19:45:11.619516423 pdns=0/0/inactive/dead/ named=648/active/running/ agent=0/inactive/ jphase=absent killpid=
19:45:11.895378042 pdns=0/0/inactive/dead/ named=648/active/running/ agent=0/inactive/ jphase=absent killpid=
19:45:12.172279611 pdns=0/0/inactive/dead/ named=648/active/running/ agent=0/inactive/ jphase=absent killpid=
19:45:12.448491934 pdns=0/0/inactive/dead/ named=648/active/running/ agent=0/inactive/ jphase=absent killpid=
19:45:12.720787157 pdns=0/0/inactive/dead/ named=648/active/running/ agent=0/inactive/ jphase=absent killpid=
19:45:12.994040572 pdns=0/0/inactive/dead/ named=648/active/running/ agent=0/inactive/ jphase=absent killpid=
19:45:13.267016735 pdns=0/0/inactive/dead/ named=648/active/running/ agent=0/inactive/ jphase=absent killpid=
19:45:13.541404724 pdns=0/0/inactive/dead/ named=648/active/running/ agent=0/inactive/ jphase=absent killpid=
19:45:13.820223769 pdns=0/0/inactive/dead/ named=648/active/running/ agent=0/inactive/ jphase=absent killpid=
19:45:14.095958790 pdns=0/0/inactive/dead/ named=648/active/running/ agent=0/inactive/ jphase=absent killpid=
19:45:14.371603116 pdns=0/0/inactive/dead/ named=648/active/running/ agent=0/inactive/ jphase=absent killpid=
19:45:14.645855225 pdns=0/0/inactive/dead/ named=648/active/running/ agent=0/inactive/ jphase=absent killpid=
19:45:14.339953350 pdns=0/0/inactive/dead/ named=648/active/running/ agent=0/inactive/ jphase=absent killpid=
19:45:14.622792019 pdns=0/0/inactive/dead/ named=648/active/running/ agent=0/inactive/ jphase=absent killpid=
19:45:14.895231089 pdns=0/0/inactive/dead/ named=648/active/running/ agent=0/inactive/ jphase=absent killpid=
19:45:15.168869925 pdns=0/0/inactive/dead/ named=648/active/running/ agent=0/inactive/ jphase=absent killpid=
19:45:15.446098970 pdns=0/0/inactive/dead/ named=648/active/running/ agent=0/inactive/ jphase=absent killpid=
19:45:15.722744443 pdns=0/0/inactive/dead/ named=648/active/running/ agent=0/inactive/ jphase=absent killpid=
19:45:15.997566981 pdns=0/0/inactive/dead/ named=648/active/running/ agent=0/inactive/ jphase=absent killpid=
19:45:16.269286299 pdns=0/0/inactive/dead/ named=648/active/running/ agent=0/inactive/ jphase=absent killpid=
19:45:16.551648634 pdns=0/0/inactive/dead/ named=648/active/running/ agent=0/inactive/ jphase=absent killpid=
19:45:16.830043056 pdns=0/0/inactive/dead/ named=648/active/running/ agent=0/inactive/ jphase=absent killpid=
19:45:17.103547237 pdns=0/0/inactive/dead/ named=648/active/running/ agent=0/inactive/ jphase=absent killpid=
19:45:17.378218882 pdns=0/0/inactive/dead/ named=648/active/running/ agent=0/inactive/ jphase=absent killpid=
19:45:17.652928142 pdns=0/0/inactive/dead/ named=648/active/running/ agent=0/inactive/ jphase=absent killpid=
19:45:17.928361003 pdns=0/0/inactive/dead/ named=648/active/running/ agent=0/inactive/ jphase=absent killpid=
19:45:18.203187592 pdns=0/0/inactive/dead/ named=648/active/running/ agent=0/inactive/ jphase=absent killpid=
19:45:18.486567824 pdns=0/0/inactive/dead/ named=648/active/running/ agent=0/inactive/ jphase=absent killpid=
19:45:18.768328772 pdns=0/0/inactive/dead/ named=648/active/running/ agent=0/inactive/ jphase=absent killpid=
19:45:19.041511036 pdns=0/0/inactive/dead/ named=648/active/running/ agent=0/inactive/ jphase=absent killpid=
19:45:19.317321481 pdns=0/0/inactive/dead/ named=648/active/running/ agent=0/inactive/ jphase=absent killpid=
19:45:19.601427247 pdns=0/0/inactive/dead/ named=648/active/running/ agent=0/inactive/ jphase=absent killpid=
done
