19:08:19.326102088 CHANGE journal none -> absent
19:08:19.334504921 CHANGE ledger none -> 409d496bd4954489db7ec0f4794b9610cf3789cf21e776abb6c8435096ffd123
19:08:19.342512277 CHANGE state none -> 20e2abc868ab635f30ea2a53a39b33e17a9aca384d306436b2f840de8cbd5d97
19:08:19.352008995 CHANGE pdnsdb none -> ee99802f0ad3afbfe7aaa8d310082a925a3a72579410456a069775ba387b5a30
19:08:19.355186931 POINTER 
19:08:19.356649646 pdns=3083/0/active/running/ named=0/inactive/dead/ agent=0/inactive/ jphase=absent killpid=
19:08:19.642911939 pdns=3083/0/active/running/ named=0/inactive/dead/ agent=0/inactive/ jphase=absent killpid=
19:08:19.921286920 pdns=3083/0/active/running/ named=0/inactive/dead/ agent=0/inactive/ jphase=absent killpid=
19:08:20.200832664 pdns=3083/0/active/running/ named=0/inactive/dead/ agent=0/inactive/ jphase=absent killpid=
19:08:20.475804084 CHANGE ledger 409d496bd4954489db7ec0f4794b9610cf3789cf21e776abb6c8435096ffd123 -> e6f0ad03d36bfaaca462737d38f13d0d21617a5c2eda786152b427993caf95f9
19:08:20.489204416 pdns=3083/0/active/running/ named=0/inactive/dead/ agent=0/inactive/ jphase=absent killpid=4029,4109,
19:08:20.768155561 CHANGE ledger e6f0ad03d36bfaaca462737d38f13d0d21617a5c2eda786152b427993caf95f9 -> c3e46269dad35dbbca74b9e885ee5d2d4cbb749682742c46341975244345166d
19:08:20.783189214 pdns=3083/0/active/running/ named=0/inactive/dead/ agent=0/inactive/ jphase=absent killpid=4029,
19:08:21.080513017 CHANGE ledger c3e46269dad35dbbca74b9e885ee5d2d4cbb749682742c46341975244345166d -> 3506b12165aaa5adcebb678e7c1a50bf098606e945b0cb31c01815bb6d7bbcfb
19:08:21.102212361 pdns=3083/0/active/running/ named=0/inactive/dead/ agent=0/inactive/ jphase=absent killpid=4029,
19:08:21.386115222 CHANGE ledger 3506b12165aaa5adcebb678e7c1a50bf098606e945b0cb31c01815bb6d7bbcfb -> a4b031f790db4a5f5f7232cf7ad887feaf738a869e35105afa7a782f8fde7888
19:08:21.399547837 pdns=3083/0/active/running/ named=0/inactive/dead/ agent=0/inactive/ jphase=absent killpid=4029,
19:08:21.683508994 CHANGE ledger a4b031f790db4a5f5f7232cf7ad887feaf738a869e35105afa7a782f8fde7888 -> a55f6e894141ec0e764bd5207b5551a3fd4a0f38a5961bcb4583606da4eee66c
19:08:21.696035011 pdns=3083/0/active/running/ named=0/inactive/dead/ agent=0/inactive/ jphase=absent killpid=4029,
19:08:21.984353779 CHANGE ledger a55f6e894141ec0e764bd5207b5551a3fd4a0f38a5961bcb4583606da4eee66c -> 18a48b5783807557b4dc92e3a631ac96be326c56dd44be1c5f4b933078f34e8c
19:08:21.999821859 pdns=3083/0/active/running/ named=0/inactive/dead/ agent=0/inactive/ jphase=absent killpid=4029,
19:08:22.279595471 CHANGE ledger 18a48b5783807557b4dc92e3a631ac96be326c56dd44be1c5f4b933078f34e8c -> f8499a8c8b6ce397de0732e0349f453ecc4f9e04f177f7838812661de65581b1
19:08:22.296580569 pdns=3083/0/active/running/ named=0/inactive/dead/ agent=0/inactive/ jphase=absent killpid=4029,4663,
19:08:22.703991199 CHANGE ledger f8499a8c8b6ce397de0732e0349f453ecc4f9e04f177f7838812661de65581b1 -> 21ae54f6c64ce4f59a23f1ab9633f76153eafa6f9de5073c67b6f16d30ed3516
19:08:22.717303114 pdns=3083/0/active/running/ named=0/inactive/dead/ agent=0/inactive/ jphase=absent killpid=4029,
19:08:23.018580264 CHANGE ledger 21ae54f6c64ce4f59a23f1ab9633f76153eafa6f9de5073c67b6f16d30ed3516 -> 15168b9439f7dceaa8d1416e024d350c50364ebb0cfc1c0a7cb9b4f843aaae32
19:08:23.033449121 pdns=3083/0/active/running/ named=0/inactive/dead/ agent=0/inactive/ jphase=absent killpid=4029,4760,
19:08:23.329168654 pdns=3083/0/active/running/ named=0/inactive/dead/ agent=0/inactive/ jphase=absent killpid=4029,4760,
19:08:23.602507615 pdns=3083/0/active/running/ named=0/inactive/dead/ agent=0/inactive/ jphase=absent killpid=4029,4760,
19:08:23.880407606 pdns=3083/0/active/running/ named=0/inactive/dead/ agent=0/inactive/ jphase=absent killpid=4029,4760,
19:08:24.164459451 pdns=3083/0/active/running/ named=0/inactive/dead/ agent=0/inactive/ jphase=absent killpid=4029,4760,
19:08:24.454318807 pdns=3083/0/active/running/ named=0/inactive/dead/ agent=0/inactive/ jphase=absent killpid=4029,4760,
19:08:24.737865959 pdns=3083/0/active/running/ named=0/inactive/dead/ agent=0/inactive/ jphase=absent killpid=4029,4760,
19:08:25.022348168 pdns=3083/0/active/running/ named=0/inactive/dead/ agent=0/inactive/ jphase=absent killpid=4029,4760,
19:08:25.296162628 pdns=3083/0/active/running/ named=0/inactive/dead/ agent=0/inactive/ jphase=absent killpid=4029,4760,
19:08:25.568265345 CHANGE ledger 15168b9439f7dceaa8d1416e024d350c50364ebb0cfc1c0a7cb9b4f843aaae32 -> 2554e6a6ebe82a8d3e2c91049370c69ef61f1519faa9f143a0a19b319cf7758f
19:08:25.578123569 pdns=3083/0/active/running/ named=0/inactive/dead/ agent=0/inactive/ jphase=absent killpid=4029,4760,
19:08:25.862681734 pdns=3083/0/active/running/ named=0/inactive/dead/ agent=0/inactive/ jphase=absent killpid=4029,4760,
19:08:26.333857141 pdns=3083/0/active/running/ named=0/inactive/dead/ agent=0/inactive/ jphase=absent killpid=4029,4760,
19:08:26.660872966 pdns=3083/0/active/running/ named=0/inactive/dead/ agent=0/inactive/ jphase=absent killpid=4029,4760,
19:08:26.956321402 pdns=3083/0/active/running/ named=0/inactive/dead/ agent=0/inactive/ jphase=absent killpid=4029,4760,
19:08:27.233953657 pdns=3083/0/active/running/ named=0/inactive/dead/ agent=0/inactive/ jphase=absent killpid=4029,4760,
19:08:27.517773243 pdns=3083/0/active/running/ named=0/inactive/dead/ agent=0/inactive/ jphase=absent killpid=4029,4760,
19:08:27.795036119 pdns=3083/0/active/running/ named=0/inactive/dead/ agent=0/inactive/ jphase=absent killpid=4029,4760,
19:08:28.068952953 CHANGE ledger 2554e6a6ebe82a8d3e2c91049370c69ef61f1519faa9f143a0a19b319cf7758f -> c047df635b47cbc9400883e8d207dc1ca8b24075c83822ec639f9c0dcd165cd1
19:08:28.080816362 pdns=3083/0/active/running/ named=0/inactive/dead/ agent=0/inactive/ jphase=absent killpid=4029,5749,
19:08:28.491436233 CHANGE ledger c047df635b47cbc9400883e8d207dc1ca8b24075c83822ec639f9c0dcd165cd1 -> 908d5c95ee2df16587ccaf5f2c187737923ab56fd63412f04883f9a9acfe3eb7
19:08:28.510284431 pdns=3083/0/active/running/ named=0/inactive/dead/ agent=0/inactive/ jphase=absent killpid=4029,5869,
19:08:28.968096845 CHANGE ledger 908d5c95ee2df16587ccaf5f2c187737923ab56fd63412f04883f9a9acfe3eb7 -> 737a545c5f729228ba1bd7980f014c233b3481318c31195f48223c35e1a26986
19:08:28.981119126 pdns=3083/0/active/running/ named=0/inactive/dead/ agent=0/inactive/ jphase=absent killpid=4029,
19:08:29.274436048 CHANGE ledger 737a545c5f729228ba1bd7980f014c233b3481318c31195f48223c35e1a26986 -> 00ec6a5713edf01239f719795a35e1c1ae382c7fdf0f58ca1585bcd5a06e0209
19:08:29.284511865 pdns=3083/0/active/running/ named=0/inactive/dead/ agent=0/inactive/ jphase=absent killpid=4029,
19:08:29.568594425 CHANGE ledger 00ec6a5713edf01239f719795a35e1c1ae382c7fdf0f58ca1585bcd5a06e0209 -> f4cba374250d87d1714c27366f992bf3604afceca0304a67e495053abc8a8198
19:08:29.585752162 POINTER /var/cache/bind/celikpanel mtime=2026-09-29 19:08:29.500424424 +0000 ino=131635 /var/cache/bind/celikpanel/current absent 
19:08:29.587361762 pdns=3083/0/active/running/ named=0/inactive/dead/ agent=0/inactive/ jphase=absent killpid=4029,
19:08:29.872623648 CHANGE ledger f4cba374250d87d1714c27366f992bf3604afceca0304a67e495053abc8a8198 -> 4eef635b64472b2a1da07a6f1a3922565b7fc89b1d285668b99c1694c2b2d46e
19:08:29.883393917 POINTER /var/cache/bind/celikpanel mtime=2026-09-29 19:08:29.732415006 +0000 ino=131635 /var/cache/bind/celikpanel/current absent 
19:08:29.884788429 pdns=3083/0/active/running/ named=0/inactive/dead/ agent=0/inactive/ jphase=absent killpid=4029,6251,
19:08:30.162283044 CHANGE ledger 4eef635b64472b2a1da07a6f1a3922565b7fc89b1d285668b99c1694c2b2d46e -> c73556cac7486457ab53d1720e24884c4c221a0a80963b741b922d1b44321c29
19:08:30.172617854 POINTER /var/cache/bind/celikpanel mtime=2026-09-29 19:08:29.888408673 +0000 ino=131635 /var/cache/bind/celikpanel/current absent 
19:08:30.174964715 pdns=3083/0/active/running/ named=0/inactive/dead/ agent=0/inactive/ jphase=absent killpid=4029,
19:08:30.460640970 CHANGE ledger c73556cac7486457ab53d1720e24884c4c221a0a80963b741b922d1b44321c29 -> 9969efa90b0b5da307c698f3deb8ae997b91196b11607b8e361dc6a544405f44
19:08:30.475046373 pdns=3083/0/active/running/ named=0/inactive/dead/ agent=0/inactive/ jphase=absent killpid=4029,6440,
19:08:30.754900397 CHANGE ledger 9969efa90b0b5da307c698f3deb8ae997b91196b11607b8e361dc6a544405f44 -> 4e04bf8ffae1af0ac8bd031e2ac9edc09f6723a49f6b7e49ea7e0c5ace6f2ac3
19:08:30.767013435 pdns=3083/0/active/running/ named=0/inactive/dead/ agent=0/inactive/ jphase=absent killpid=4029,6536,
19:08:31.062196933 CHANGE ledger 4e04bf8ffae1af0ac8bd031e2ac9edc09f6723a49f6b7e49ea7e0c5ace6f2ac3 -> 8e8e582b3a78c5aadb4edbd7aca8904512623191737de5e500222cce9904c680
19:08:31.086824858 pdns=3083/0/active/running/ named=0/inactive/dead/ agent=0/inactive/ jphase=absent killpid=4029,
19:08:31.414512780 CHANGE ledger 8e8e582b3a78c5aadb4edbd7aca8904512623191737de5e500222cce9904c680 -> e186a18224231186bc8b9fe4b9b97a039c34ee22e74bfd4ee51a70acffb60432
19:08:31.436177671 pdns=3083/0/active/running/ named=0/inactive/dead/ agent=0/inactive/ jphase=absent killpid=4029,6709,
19:08:31.820746307 CHANGE ledger e186a18224231186bc8b9fe4b9b97a039c34ee22e74bfd4ee51a70acffb60432 -> 1de37cdcdded4567bc2612cf73df020979f791bf785a82eb3b86d65bd211b71b
19:08:31.840032328 pdns=3083/0/active/running/ named=0/inactive/dead/ agent=0/inactive/ jphase=absent killpid=4029,
19:08:32.167817274 CHANGE ledger 1de37cdcdded4567bc2612cf73df020979f791bf785a82eb3b86d65bd211b71b -> a0b7d4b4309fec19df51b08d0d5bbc7868c901c497054601b04249279ccb7531
19:08:32.186529263 pdns=3083/0/active/running/ named=0/inactive/dead/ agent=0/inactive/ jphase=absent killpid=4029,6877,
19:08:32.479485789 CHANGE ledger a0b7d4b4309fec19df51b08d0d5bbc7868c901c497054601b04249279ccb7531 -> e897cb8ead41e8a669ba0c5f76c4b0b4aa6f3008ba81d552a13aac232856e8ed
19:08:32.501510781 pdns=3083/0/active/running/ named=0/inactive/dead/ agent=0/inactive/ jphase=absent killpid=4029,
19:08:32.805765782 CHANGE ledger e897cb8ead41e8a669ba0c5f76c4b0b4aa6f3008ba81d552a13aac232856e8ed -> 1232b4e1c2d01406756ac2d364543da2243fbe6049ba698b1180007b7c201f47
19:08:32.828740762 pdns=3083/0/active/running/ named=0/inactive/dead/ agent=0/inactive/ jphase=absent killpid=4029,7070,
19:08:33.129743229 CHANGE ledger 1232b4e1c2d01406756ac2d364543da2243fbe6049ba698b1180007b7c201f47 -> 84885d06b8d19fedc5a38d1be5d8541b70053942e99beaa2ecc22713c78c9ae6
19:08:33.143776452 pdns=3083/0/active/running/ named=0/inactive/dead/ agent=0/inactive/ jphase=absent killpid=4029,7161,
19:08:33.433254630 CHANGE journal absent -> f9e19cc497dd5e645ec720d1fcb55de3e946dc3f436996babd831b00cb18e525
19:08:33.443109180 CHANGE ledger 84885d06b8d19fedc5a38d1be5d8541b70053942e99beaa2ecc22713c78c9ae6 -> 314ebec8cfb34bf1bcc40fdb81ef1fc36d252dde764879207a9471718c786573
19:08:33.456914821 POINTER /var/cache/bind/celikpanel mtime=2026-09-29 19:08:33.412283979 +0000 ino=131635 /var/cache/bind/celikpanel/current mtime=2026-09-29 19:08:33.408284105 +0000 ino=131712 -> '/var/cache/bind/celikpanel/current' -> 'generations/95ccf732b4cf3223ebdc43f2cdb617d9bc9771a36fe8b0cb1721c1465631a63f' 
19:08:33.458482394 pdns=3083/0/active/running/ named=0/inactive/dead/ agent=0/inactive/ jphase=intent killpid=4029,7245,
19:08:33.731843744 CHANGE journal f9e19cc497dd5e645ec720d1fcb55de3e946dc3f436996babd831b00cb18e525 -> 38dc6815925096db3fe23cacd14617e97b9fb735e3b96bf8bc69b0ef2f4a21d7
19:08:33.740921070 CHANGE ledger 314ebec8cfb34bf1bcc40fdb81ef1fc36d252dde764879207a9471718c786573 -> ef5bab6c819050785d07fb33d904cc445f735dbc1a0984123aef66041ddb3a69
19:08:33.762476915 pdns=3083/0/active/running/ named=0/inactive/dead/ agent=7265/active/ jphase=rolling-back killpid=
19:08:34.125059623 CHANGE ledger ef5bab6c819050785d07fb33d904cc445f735dbc1a0984123aef66041ddb3a69 -> c17ce39c59bd98873b8bb91628f7ab35d854a9f92c78676aaf2b1fe9d12e68b6
19:08:34.140791016 pdns=3083/0/active/running/ named=0/inactive/dead/ agent=7265/active/ jphase=rolling-back killpid=
19:08:34.436295363 pdns=3083/0/active/running/ named=0/inactive/dead/ agent=7265/active/ jphase=rolling-back killpid=
19:08:34.726486207 pdns=3083/0/active/running/ named=0/inactive/dead/ agent=7265/active/ jphase=rolling-back killpid=
19:08:35.013743514 pdns=3083/0/active/running/ named=0/inactive/dead/ agent=7265/active/ jphase=rolling-back killpid=
19:08:35.311657783 pdns=3083/0/active/running/ named=0/inactive/dead/ agent=7265/active/ jphase=rolling-back killpid=
19:08:35.602800633 pdns=3083/0/active/running/ named=0/inactive/dead/ agent=7265/active/ jphase=rolling-back killpid=
19:08:35.902905766 pdns=3083/0/active/running/ named=0/inactive/dead/ agent=7265/active/ jphase=rolling-back killpid=
19:08:36.205036342 pdns=3083/0/active/running/ named=0/inactive/dead/ agent=7265/active/ jphase=rolling-back killpid=
19:08:36.502683658 pdns=3083/0/active/running/ named=0/inactive/dead/ agent=7265/active/ jphase=rolling-back killpid=
19:08:36.797470248 pdns=3083/0/active/running/ named=0/inactive/dead/ agent=7265/active/ jphase=rolling-back killpid=
19:08:37.090677788 pdns=3083/0/active/running/ named=0/inactive/dead/ agent=7265/active/ jphase=rolling-back killpid=
19:08:37.380810376 POINTER /var/cache/bind/celikpanel mtime=2026-09-29 19:08:37.324196549 +0000 ino=131635 /var/cache/bind/celikpanel/current absent 
19:08:37.382038821 pdns=3083/0/active/running/ named=0/inactive/dead/ agent=7265/active/ jphase=rolling-back killpid=
19:08:37.678775388 pdns=3083/0/active/running/ named=0/inactive/dead/ agent=7265/active/ jphase=rolling-back killpid=
19:08:37.967939280 pdns=3083/0/active/running/ named=0/inactive/dead/ agent=7265/active/ jphase=rolling-back killpid=
19:08:38.261579131 pdns=3083/0/active/running/ named=0/inactive/dead/ agent=7265/active/ jphase=rolling-back killpid=
19:08:38.555876170 pdns=3083/0/active/running/ named=0/inactive/dead/ agent=7265/active/ jphase=rolling-back killpid=
19:08:38.840682081 pdns=3083/0/active/running/ named=0/inactive/dead/ agent=7265/active/ jphase=rolling-back killpid=
19:08:39.138492080 pdns=3083/0/active/running/ named=0/inactive/dead/ agent=7265/active/ jphase=rolling-back killpid=
19:08:39.430437070 pdns=3083/0/active/running/ named=0/inactive/dead/ agent=7265/active/ jphase=rolling-back killpid=
19:08:39.730721677 pdns=3083/0/active/running/ named=0/inactive/dead/ agent=7265/active/ jphase=rolling-back killpid=
19:08:40.025645340 pdns=3083/0/active/running/ named=0/inactive/dead/ agent=7265/active/ jphase=rolling-back killpid=
19:08:40.320554133 pdns=3083/0/active/running/ named=0/inactive/dead/ agent=7265/active/ jphase=rolled-back killpid=
19:08:40.607631754 CHANGE journal 38dc6815925096db3fe23cacd14617e97b9fb735e3b96bf8bc69b0ef2f4a21d7 -> 9206b261b595d5402b6507b5d5871e8540bbd636ff495c2a23785fd052c89721
19:08:40.636519577 pdns=3083/0/active/running/ named=0/inactive/dead/ agent=7265/active/ jphase=rolled-back killpid=
19:08:40.938019529 pdns=3083/0/active/running/ named=0/inactive/dead/ agent=7265/active/ jphase=rolled-back killpid=
19:08:41.242389597 pdns=3083/0/active/running/ named=0/inactive/dead/ agent=7265/active/ jphase=rolled-back killpid=
19:08:41.549631028 pdns=3083/0/active/running/ named=0/inactive/dead/ agent=7265/active/ jphase=rolled-back killpid=
19:08:41.854582052 pdns=3083/0/active/running/ named=0/inactive/dead/ agent=7265/active/ jphase=rolled-back killpid=
19:08:42.125031756 CHANGE journal 9206b261b595d5402b6507b5d5871e8540bbd636ff495c2a23785fd052c89721 -> absent
19:08:42.146936230 pdns=3083/0/active/running/ named=0/inactive/dead/ agent=7265/active/ jphase=absent killpid=
19:08:42.433480010 pdns=3083/0/active/running/ named=0/inactive/dead/ agent=7265/active/ jphase=absent killpid=
19:08:42.765358804 pdns=3083/0/active/running/ named=0/inactive/dead/ agent=7265/active/ jphase=absent killpid=
19:08:43.118252539 pdns=3083/0/active/running/ named=0/inactive/dead/ agent=7265/active/ jphase=absent killpid=
19:08:43.400801400 pdns=3083/0/active/running/ named=0/inactive/dead/ agent=7265/active/ jphase=absent killpid=
19:08:43.682937048 pdns=3083/0/active/running/ named=0/inactive/dead/ agent=7265/active/ jphase=absent killpid=
19:08:43.958278862 pdns=3083/0/active/running/ named=0/inactive/dead/ agent=7265/active/ jphase=absent killpid=
19:08:44.232554744 pdns=3083/0/active/running/ named=0/inactive/dead/ agent=7265/active/ jphase=absent killpid=
19:08:44.504375687 pdns=3083/0/active/running/ named=0/inactive/dead/ agent=7265/active/ jphase=absent killpid=
19:08:44.781262910 pdns=3083/0/active/running/ named=0/inactive/dead/ agent=7265/active/ jphase=absent killpid=
19:08:45.055361856 pdns=3083/0/active/running/ named=0/inactive/dead/ agent=7265/active/ jphase=absent killpid=
19:08:45.335861323 pdns=3083/0/active/running/ named=0/inactive/dead/ agent=7265/active/ jphase=absent killpid=
19:08:45.615578342 pdns=3083/0/active/running/ named=0/inactive/dead/ agent=7265/active/ jphase=absent killpid=
19:08:45.891079838 pdns=3083/0/active/running/ named=0/inactive/dead/ agent=7265/active/ jphase=absent killpid=
19:08:46.166351365 pdns=3083/0/active/running/ named=0/inactive/dead/ agent=7265/active/ jphase=absent killpid=
19:08:46.449561522 pdns=3083/0/active/running/ named=0/inactive/dead/ agent=7265/active/ jphase=absent killpid=
19:08:46.740032947 pdns=3083/0/active/running/ named=0/inactive/dead/ agent=7265/active/ jphase=absent killpid=
19:08:47.035212835 pdns=3083/0/active/running/ named=0/inactive/dead/ agent=7265/active/ jphase=absent killpid=
19:08:47.312950258 pdns=3083/0/active/running/ named=0/inactive/dead/ agent=7265/active/ jphase=absent killpid=
19:08:47.587178176 pdns=3083/0/active/running/ named=0/inactive/dead/ agent=7265/active/ jphase=absent killpid=
19:08:47.866067209 pdns=3083/0/active/running/ named=0/inactive/dead/ agent=7265/active/ jphase=absent killpid=
19:08:48.142655967 pdns=3083/0/active/running/ named=0/inactive/dead/ agent=7265/active/ jphase=absent killpid=
19:08:48.417445844 pdns=3083/0/active/running/ named=0/inactive/dead/ agent=7265/active/ jphase=absent killpid=
19:08:48.691611009 pdns=3083/0/active/running/ named=0/inactive/dead/ agent=7265/active/ jphase=absent killpid=
19:08:48.968224528 pdns=3083/0/active/running/ named=0/inactive/dead/ agent=7265/active/ jphase=absent killpid=
19:08:49.246350804 pdns=3083/0/active/running/ named=0/inactive/dead/ agent=7265/active/ jphase=absent killpid=
19:08:49.521519759 pdns=3083/0/active/running/ named=0/inactive/dead/ agent=7265/active/ jphase=absent killpid=
19:08:49.796730567 pdns=3083/0/active/running/ named=0/inactive/dead/ agent=7265/active/ jphase=absent killpid=
19:08:50.072593763 pdns=3083/0/active/running/ named=0/inactive/dead/ agent=7265/active/ jphase=absent killpid=
19:08:50.346551442 pdns=3083/0/active/running/ named=0/inactive/dead/ agent=7265/active/ jphase=absent killpid=
19:08:50.622027439 pdns=3083/0/active/running/ named=0/inactive/dead/ agent=7265/active/ jphase=absent killpid=
19:08:50.897346258 pdns=3083/0/active/running/ named=0/inactive/dead/ agent=7265/active/ jphase=absent killpid=
19:08:51.179491698 pdns=3083/0/active/running/ named=0/inactive/dead/ agent=7265/active/ jphase=absent killpid=
19:08:51.456184998 pdns=3083/0/active/running/ named=0/inactive/dead/ agent=7265/active/ jphase=absent killpid=
19:08:51.733060191 pdns=3083/0/active/running/ named=0/inactive/dead/ agent=7265/active/ jphase=absent killpid=
19:08:52.013421505 pdns=3083/0/active/running/ named=0/inactive/dead/ agent=7265/active/ jphase=absent killpid=
19:08:52.313124965 pdns=3083/0/active/running/ named=0/inactive/dead/ agent=7265/active/ jphase=absent killpid=
19:08:52.603882515 pdns=3083/0/active/running/ named=0/inactive/dead/ agent=7265/active/ jphase=absent killpid=
19:08:52.890971016 pdns=3083/0/active/running/ named=0/inactive/dead/ agent=7265/active/ jphase=absent killpid=
19:08:53.177078516 pdns=3083/0/active/running/ named=0/inactive/dead/ agent=7265/active/ jphase=absent killpid=
19:08:53.457091673 pdns=3083/0/active/running/ named=0/inactive/dead/ agent=7265/active/ jphase=absent killpid=
19:08:53.736402040 pdns=3083/0/active/running/ named=0/inactive/dead/ agent=7265/active/ jphase=absent killpid=
19:08:54.016458360 pdns=3083/0/active/running/ named=0/inactive/dead/ agent=7265/active/ jphase=absent killpid=
19:08:54.291218491 pdns=3083/0/active/running/ named=0/inactive/dead/ agent=7265/active/ jphase=absent killpid=
19:08:54.566754602 pdns=3083/0/active/running/ named=0/inactive/dead/ agent=7265/active/ jphase=absent killpid=
19:08:54.857421109 pdns=3083/0/active/running/ named=0/inactive/dead/ agent=7265/active/ jphase=absent killpid=
19:08:55.140429113 pdns=3083/0/active/running/ named=0/inactive/dead/ agent=7265/active/ jphase=absent killpid=
19:08:55.416783896 pdns=3083/0/active/running/ named=0/inactive/dead/ agent=7265/active/ jphase=absent killpid=
19:08:55.694229866 pdns=3083/0/active/running/ named=0/inactive/dead/ agent=7265/active/ jphase=absent killpid=
19:08:55.967943978 pdns=3083/0/active/running/ named=0/inactive/dead/ agent=7265/active/ jphase=absent killpid=
19:08:56.240947255 pdns=3083/0/active/running/ named=0/inactive/dead/ agent=7265/active/ jphase=absent killpid=
19:08:56.514856827 pdns=3083/0/active/running/ named=0/inactive/dead/ agent=7265/active/ jphase=absent killpid=
19:08:56.789372356 pdns=3083/0/active/running/ named=0/inactive/dead/ agent=7265/active/ jphase=absent killpid=
19:08:57.062931963 pdns=3083/0/active/running/ named=0/inactive/dead/ agent=7265/active/ jphase=absent killpid=
19:08:57.336881467 pdns=3083/0/active/running/ named=0/inactive/dead/ agent=7265/active/ jphase=absent killpid=
19:08:57.611511606 pdns=3083/0/active/running/ named=0/inactive/dead/ agent=7265/active/ jphase=absent killpid=
19:08:57.889058046 pdns=3083/0/active/running/ named=0/inactive/dead/ agent=7265/active/ jphase=absent killpid=
19:08:58.170519354 pdns=3083/0/active/running/ named=0/inactive/dead/ agent=7265/active/ jphase=absent killpid=
19:08:58.447422309 pdns=3083/0/active/running/ named=0/inactive/dead/ agent=7265/active/ jphase=absent killpid=
19:08:58.723554312 pdns=3083/0/active/running/ named=0/inactive/dead/ agent=7265/active/ jphase=absent killpid=
19:08:58.997354337 pdns=3083/0/active/running/ named=0/inactive/dead/ agent=7265/active/ jphase=absent killpid=
19:08:59.273272043 pdns=3083/0/active/running/ named=0/inactive/dead/ agent=7265/active/ jphase=absent killpid=
19:08:59.551129408 pdns=3083/0/active/running/ named=0/inactive/dead/ agent=7265/active/ jphase=absent killpid=
19:08:59.828146513 pdns=3083/0/active/running/ named=0/inactive/dead/ agent=7265/active/ jphase=absent killpid=
19:09:00.109017278 pdns=3083/0/active/running/ named=0/inactive/dead/ agent=7265/active/ jphase=absent killpid=
19:09:00.390774447 pdns=3083/0/active/running/ named=0/inactive/dead/ agent=7265/active/ jphase=absent killpid=
19:09:00.689979191 pdns=3083/0/active/running/ named=0/inactive/dead/ agent=7265/active/ jphase=absent killpid=
19:09:00.965675541 pdns=3083/0/active/running/ named=0/inactive/dead/ agent=7265/active/ jphase=absent killpid=
19:09:01.250766945 pdns=3083/0/active/running/ named=0/inactive/dead/ agent=7265/active/ jphase=absent killpid=
19:09:01.524567960 pdns=3083/0/active/running/ named=0/inactive/dead/ agent=7265/active/ jphase=absent killpid=
19:09:01.799285830 pdns=3083/0/active/running/ named=0/inactive/dead/ agent=7265/active/ jphase=absent killpid=
19:09:02.085876068 pdns=3083/0/active/running/ named=0/inactive/dead/ agent=7265/active/ jphase=absent killpid=
19:09:02.363032539 pdns=3083/0/active/running/ named=0/inactive/dead/ agent=7265/active/ jphase=absent killpid=
19:09:02.636580115 pdns=3083/0/active/running/ named=0/inactive/dead/ agent=7265/active/ jphase=absent killpid=
19:09:02.931776321 pdns=3083/0/active/running/ named=0/inactive/dead/ agent=7265/active/ jphase=absent killpid=
19:09:03.211945724 pdns=3083/0/active/running/ named=0/inactive/dead/ agent=7265/active/ jphase=absent killpid=
19:09:03.485028478 pdns=3083/0/active/running/ named=0/inactive/dead/ agent=7265/active/ jphase=absent killpid=
19:09:03.761697921 pdns=3083/0/active/running/ named=0/inactive/dead/ agent=7265/active/ jphase=absent killpid=
19:09:04.036398491 pdns=3083/0/active/running/ named=0/inactive/dead/ agent=7265/active/ jphase=absent killpid=
19:09:04.313312651 pdns=3083/0/active/running/ named=0/inactive/dead/ agent=7265/active/ jphase=absent killpid=
19:09:04.699236357 pdns=3083/0/active/running/ named=0/inactive/dead/ agent=7265/active/ jphase=absent killpid=
19:09:05.069995419 pdns=3083/0/active/running/ named=0/inactive/dead/ agent=7265/active/ jphase=absent killpid=
19:09:05.505155232 pdns=3083/0/active/running/ named=0/inactive/dead/ agent=7265/active/ jphase=absent killpid=
19:09:05.911813917 pdns=3083/0/active/running/ named=0/inactive/dead/ agent=7265/active/ jphase=absent killpid=
19:09:06.311588499 pdns=3083/0/active/running/ named=0/inactive/dead/ agent=7265/active/ jphase=absent killpid=
19:09:06.601153560 pdns=3083/0/active/running/ named=0/inactive/dead/ agent=7265/active/ jphase=absent killpid=
19:09:06.876988978 pdns=3083/0/active/running/ named=0/inactive/dead/ agent=7265/active/ jphase=absent killpid=
19:09:07.151725638 pdns=3083/0/active/running/ named=0/inactive/dead/ agent=7265/active/ jphase=absent killpid=
19:09:07.429440055 pdns=3083/0/active/running/ named=0/inactive/dead/ agent=7265/active/ jphase=absent killpid=
19:09:07.706618969 pdns=3083/0/active/running/ named=0/inactive/dead/ agent=7265/active/ jphase=absent killpid=
19:09:07.980981428 pdns=3083/0/active/running/ named=0/inactive/dead/ agent=7265/active/ jphase=absent killpid=
19:09:08.265506002 pdns=3083/0/active/running/ named=0/inactive/dead/ agent=7265/active/ jphase=absent killpid=
19:09:08.545638578 pdns=3083/0/active/running/ named=0/inactive/dead/ agent=7265/active/ jphase=absent killpid=
19:09:08.823900295 pdns=3083/0/active/running/ named=0/inactive/dead/ agent=7265/active/ jphase=absent killpid=
19:09:09.107366201 pdns=3083/0/active/running/ named=0/inactive/dead/ agent=7265/active/ jphase=absent killpid=
19:09:09.395611360 pdns=3083/0/active/running/ named=0/inactive/dead/ agent=7265/active/ jphase=absent killpid=
19:09:09.673209667 pdns=3083/0/active/running/ named=0/inactive/dead/ agent=7265/active/ jphase=absent killpid=
19:09:09.949202384 pdns=3083/0/active/running/ named=0/inactive/dead/ agent=7265/active/ jphase=absent killpid=
19:09:10.222585479 pdns=3083/0/active/running/ named=0/inactive/dead/ agent=7265/active/ jphase=absent killpid=
19:09:10.499918450 pdns=3083/0/active/running/ named=0/inactive/dead/ agent=7265/active/ jphase=absent killpid=
19:09:10.776699862 pdns=3083/0/active/running/ named=0/inactive/dead/ agent=7265/active/ jphase=absent killpid=
19:09:11.057891981 pdns=3083/0/active/running/ named=0/inactive/dead/ agent=7265/active/ jphase=absent killpid=
19:09:11.334020637 pdns=3083/0/active/running/ named=0/inactive/dead/ agent=7265/active/ jphase=absent killpid=
19:09:11.606943803 pdns=3083/0/active/running/ named=0/inactive/dead/ agent=7265/active/ jphase=absent killpid=
19:09:11.881496289 pdns=3083/0/active/running/ named=0/inactive/dead/ agent=7265/active/ jphase=absent killpid=
19:09:12.160227107 pdns=3083/0/active/running/ named=0/inactive/dead/ agent=7265/active/ jphase=absent killpid=
19:09:12.444512017 pdns=3083/0/active/running/ named=0/inactive/dead/ agent=7265/active/ jphase=absent killpid=
19:09:12.724568356 pdns=3083/0/active/running/ named=0/inactive/dead/ agent=7265/active/ jphase=absent killpid=
19:09:13.011458133 pdns=3083/0/active/running/ named=0/inactive/dead/ agent=7265/active/ jphase=absent killpid=
done
