19:12:32.354897656 CHANGE journal none -> 7defa76e0255df03e874d61ca9b65af9ee2c5074bbb1a59231119bbe4867e006
19:12:32.365963994 CHANGE ledger none -> e8608aa9aae89ae8557c05d687c6c6a1575883e1bbe39fdcf501179a345af4ff
19:12:32.376639001 CHANGE state none -> 2b38b3427b9deb269254ff2f005d9eae84f38b3f5189e3b4fa8f1541ac78a416
19:12:32.388969880 CHANGE pdnsdb none -> 250f2cb69e3b28891fb83d0cb97cdedfcfd62f827aa0cce8b3a1f9e6e6eb391a
19:12:32.394000207 POINTER /var/cache/bind/celikpanel mtime=2026-09-29 19:12:16.526422063 +0000 ino=131690 /var/cache/bind/celikpanel/current mtime=2026-09-29 19:12:16.518422028 +0000 ino=131711 -> '/var/cache/bind/celikpanel/current' -> 'generations/bd8a9194a47e6f632c1eafd3b7bf3773b907e121a6feee3e30193fc1b1aed3d6' 
19:12:32.395323092 pdns=0/0/inactive/dead/ named=0/inactive/dead/ agent=638/active/ jphase=rolling-back killpid=
19:12:32.757625667 pdns=0/0/inactive/dead/ named=0/inactive/dead/ agent=638/active/ jphase=rolling-back killpid=
19:12:33.031109464 pdns=0/0/inactive/dead/ named=0/inactive/dead/ agent=638/active/ jphase=rolling-back killpid=
19:12:33.302236368 pdns=0/0/inactive/dead/ named=0/inactive/dead/ agent=638/active/ jphase=rolling-back killpid=
19:12:33.574152208 pdns=0/0/inactive/dead/ named=0/inactive/dead/ agent=638/active/ jphase=rolling-back killpid=
19:12:33.851990073 pdns=0/0/inactive/dead/ named=0/inactive/dead/ agent=638/active/ jphase=rolling-back killpid=
19:12:34.126580846 pdns=0/0/inactive/dead/ named=0/inactive/dead/ agent=638/active/ jphase=rolling-back killpid=
19:12:34.400272691 pdns=0/0/inactive/dead/ named=0/inactive/dead/ agent=638/active/ jphase=rolling-back killpid=
19:12:34.685739674 pdns=0/0/inactive/dead/ named=0/inactive/dead/ agent=638/active/ jphase=rolling-back killpid=
19:12:34.986305045 pdns=0/0/inactive/dead/ named=0/inactive/dead/ agent=638/active/ jphase=rolling-back killpid=
19:12:35.285027520 pdns=0/0/inactive/dead/ named=0/inactive/dead/ agent=638/active/ jphase=rolling-back killpid=
19:12:35.581554708 pdns=0/0/inactive/dead/ named=0/inactive/dead/ agent=638/active/ jphase=rolling-back killpid=
19:12:35.864882234 pdns=0/0/inactive/dead/ named=0/inactive/dead/ agent=638/active/ jphase=rolling-back killpid=
19:12:36.162731305 pdns=0/0/inactive/dead/ named=0/inactive/dead/ agent=638/active/ jphase=rolling-back killpid=
19:12:36.453029503 pdns=0/0/inactive/dead/ named=0/inactive/dead/ agent=638/active/ jphase=rolling-back killpid=
19:12:36.743905589 pdns=0/0/inactive/dead/ named=0/inactive/dead/ agent=638/active/ jphase=rolling-back killpid=
19:12:37.045405549 pdns=0/0/inactive/dead/ named=0/inactive/dead/ agent=638/active/ jphase=rolling-back killpid=
19:12:37.342889149 POINTER /var/cache/bind/celikpanel mtime=2026-09-29 19:12:37.132000000 +0000 ino=131690 /var/cache/bind/celikpanel/current absent 
19:12:37.344291052 pdns=0/0/inactive/dead/ named=0/inactive/dead/ agent=638/active/ jphase=rolling-back killpid=
19:12:37.991785333 pdns=1811/0/activating/start/ named=0/inactive/dead/ agent=638/active/ jphase=rolling-back killpid=
19:12:38.284073510 CHANGE pdnsdb 250f2cb69e3b28891fb83d0cb97cdedfcfd62f827aa0cce8b3a1f9e6e6eb391a -> 6b3719670a6e332edd0b7a14d3da62e12fed84d39cc36cf748c8ecc32964ee1a
19:12:38.288408099 POINTER /var/cache/bind/celikpanel mtime=2026-09-29 19:12:38.192000000 +0000 ino=131690 /var/cache/bind/celikpanel/current absent 
19:12:38.289920924 pdns=1811/0/active/running/ named=0/inactive/dead/ agent=638/active/ jphase=rolling-back killpid=
19:12:38.588608279 pdns=1811/0/active/running/ named=0/inactive/dead/ agent=638/active/ jphase=rolling-back killpid=
19:12:38.892922557 pdns=1811/0/active/running/ named=0/inactive/dead/ agent=638/active/ jphase=rolling-back killpid=
19:12:39.185511224 pdns=1811/0/active/running/ named=0/inactive/dead/ agent=638/active/ jphase=rolling-back killpid=
19:12:39.481667092 pdns=1811/0/active/running/ named=0/inactive/dead/ agent=638/active/ jphase=rolling-back killpid=
19:12:39.766962795 pdns=1811/0/active/running/ named=0/inactive/dead/ agent=638/active/ jphase=rolling-back killpid=
19:12:40.056208231 pdns=1811/0/active/running/ named=0/inactive/dead/ agent=638/active/ jphase=rolling-back killpid=
19:12:40.341475392 pdns=1811/0/active/running/ named=0/inactive/dead/ agent=638/active/ jphase=rolling-back killpid=
19:12:40.638900815 pdns=1811/0/active/running/ named=0/inactive/dead/ agent=638/active/ jphase=rolling-back killpid=
19:12:40.932557803 pdns=1811/0/active/running/ named=0/inactive/dead/ agent=638/active/ jphase=rolling-back killpid=
19:12:41.201141497 CHANGE journal 7defa76e0255df03e874d61ca9b65af9ee2c5074bbb1a59231119bbe4867e006 -> da747563559227895d3fdc076cce6fa4614108bf9298bd4b1a2f72210c6b461a
19:12:41.218769955 pdns=1811/0/active/running/ named=0/inactive/dead/ agent=638/active/ jphase=rolled-back killpid=
19:12:41.510961252 pdns=1811/0/active/running/ named=0/inactive/dead/ agent=638/active/ jphase=rolled-back killpid=
19:12:41.817005398 pdns=1811/0/active/running/ named=0/inactive/dead/ agent=638/active/ jphase=rolled-back killpid=
19:12:42.125280215 pdns=1811/0/active/running/ named=0/inactive/dead/ agent=638/active/ jphase=rolled-back killpid=
19:12:42.416386470 pdns=1811/0/active/running/ named=0/inactive/dead/ agent=638/active/ jphase=rolled-back killpid=
19:12:42.703979266 pdns=1811/0/active/running/ named=0/inactive/dead/ agent=638/active/ jphase=absent killpid=
19:12:42.982124040 CHANGE journal da747563559227895d3fdc076cce6fa4614108bf9298bd4b1a2f72210c6b461a -> absent
19:12:42.998836321 pdns=1811/0/active/running/ named=0/inactive/dead/ agent=638/active/ jphase=absent killpid=
19:12:43.288264697 pdns=1811/0/active/running/ named=0/inactive/dead/ agent=638/active/ jphase=absent killpid=
19:12:43.581108669 pdns=1811/0/active/running/ named=0/inactive/dead/ agent=638/active/ jphase=absent killpid=
19:12:43.898908130 pdns=1811/0/active/running/ named=0/inactive/dead/ agent=638/active/ jphase=absent killpid=
19:12:44.176460991 pdns=1811/0/active/running/ named=0/inactive/dead/ agent=638/active/ jphase=absent killpid=
19:12:44.448607265 pdns=1811/0/active/running/ named=0/inactive/dead/ agent=638/active/ jphase=absent killpid=
19:12:44.719865451 pdns=1811/0/active/running/ named=0/inactive/dead/ agent=638/active/ jphase=absent killpid=
19:12:44.992220818 pdns=1811/0/active/running/ named=0/inactive/dead/ agent=638/active/ jphase=absent killpid=
19:12:45.268396852 pdns=1811/0/active/running/ named=0/inactive/dead/ agent=638/active/ jphase=absent killpid=
19:12:45.540397667 pdns=1811/0/active/running/ named=0/inactive/dead/ agent=638/active/ jphase=absent killpid=
19:12:45.811355684 pdns=1811/0/active/running/ named=0/inactive/dead/ agent=638/active/ jphase=absent killpid=
19:12:46.081712815 pdns=1811/0/active/running/ named=0/inactive/dead/ agent=638/active/ jphase=absent killpid=
19:12:46.352168728 pdns=1811/0/active/running/ named=0/inactive/dead/ agent=638/active/ jphase=absent killpid=
19:12:46.624470792 pdns=1811/0/active/running/ named=0/inactive/dead/ agent=638/active/ jphase=absent killpid=
19:12:46.892877006 pdns=1811/0/active/running/ named=0/inactive/dead/ agent=638/active/ jphase=absent killpid=
19:12:47.166079343 pdns=1811/0/active/running/ named=0/inactive/dead/ agent=638/active/ jphase=absent killpid=
19:12:47.435285311 pdns=1811/0/active/running/ named=0/inactive/dead/ agent=638/active/ jphase=absent killpid=
19:12:47.706143665 pdns=1811/0/active/running/ named=0/inactive/dead/ agent=638/active/ jphase=absent killpid=
19:12:47.977592058 pdns=1811/0/active/running/ named=0/inactive/dead/ agent=638/active/ jphase=absent killpid=
19:12:48.250285101 pdns=1811/0/active/running/ named=0/inactive/dead/ agent=638/active/ jphase=absent killpid=
19:12:48.546042400 pdns=1811/0/active/running/ named=0/inactive/dead/ agent=638/active/ jphase=absent killpid=
19:12:48.816134700 pdns=1811/0/active/running/ named=0/inactive/dead/ agent=638/active/ jphase=absent killpid=
19:12:49.086418845 pdns=1811/0/active/running/ named=0/inactive/dead/ agent=638/active/ jphase=absent killpid=
19:12:49.358613027 pdns=1811/0/active/running/ named=0/inactive/dead/ agent=638/active/ jphase=absent killpid=
19:12:49.636471126 pdns=1811/0/active/running/ named=0/inactive/dead/ agent=638/active/ jphase=absent killpid=
19:12:49.930010648 pdns=1811/0/active/running/ named=0/inactive/dead/ agent=638/active/ jphase=absent killpid=
19:12:50.232927084 pdns=1811/0/active/running/ named=0/inactive/dead/ agent=638/active/ jphase=absent killpid=
19:12:50.568184383 pdns=1811/0/active/running/ named=0/inactive/dead/ agent=638/active/ jphase=absent killpid=
19:12:50.853485018 pdns=1811/0/active/running/ named=0/inactive/dead/ agent=638/active/ jphase=absent killpid=
19:12:51.136023912 pdns=1811/0/active/running/ named=0/inactive/dead/ agent=638/active/ jphase=absent killpid=
19:12:51.413057386 pdns=1811/0/active/running/ named=0/inactive/dead/ agent=638/active/ jphase=absent killpid=
19:12:51.686432571 pdns=1811/0/active/running/ named=0/inactive/dead/ agent=638/active/ jphase=absent killpid=
19:12:51.958052301 pdns=1811/0/active/running/ named=0/inactive/dead/ agent=638/active/ jphase=absent killpid=
19:12:52.235310466 pdns=1811/0/active/running/ named=0/inactive/dead/ agent=638/active/ jphase=absent killpid=
19:12:52.509617137 pdns=1811/0/active/running/ named=0/inactive/dead/ agent=638/active/ jphase=absent killpid=
19:12:52.792021442 pdns=1811/0/active/running/ named=0/inactive/dead/ agent=638/active/ jphase=absent killpid=
19:12:53.069203639 pdns=1811/0/active/running/ named=0/inactive/dead/ agent=638/active/ jphase=absent killpid=
19:12:53.345986736 pdns=1811/0/active/running/ named=0/inactive/dead/ agent=638/active/ jphase=absent killpid=
19:12:53.621803866 pdns=1811/0/active/running/ named=0/inactive/dead/ agent=638/active/ jphase=absent killpid=
19:12:53.907822888 pdns=1811/0/active/running/ named=0/inactive/dead/ agent=638/active/ jphase=absent killpid=
19:12:54.206061927 pdns=1811/0/active/running/ named=0/inactive/dead/ agent=638/active/ jphase=absent killpid=
19:12:54.484828461 pdns=1811/0/active/running/ named=0/inactive/dead/ agent=638/active/ jphase=absent killpid=
19:12:54.761819043 pdns=1811/0/active/running/ named=0/inactive/dead/ agent=638/active/ jphase=absent killpid=
19:12:55.058911928 pdns=1811/0/active/running/ named=0/inactive/dead/ agent=638/active/ jphase=absent killpid=
19:12:55.337004332 pdns=1811/0/active/running/ named=0/inactive/dead/ agent=638/active/ jphase=absent killpid=
19:12:55.614660105 pdns=1811/0/active/running/ named=0/inactive/dead/ agent=638/active/ jphase=absent killpid=
19:12:55.890454333 pdns=1811/0/active/running/ named=0/inactive/dead/ agent=638/active/ jphase=absent killpid=
19:12:56.165397458 pdns=1811/0/active/running/ named=0/inactive/dead/ agent=638/active/ jphase=absent killpid=
19:12:56.441606816 pdns=1811/0/active/running/ named=0/inactive/dead/ agent=638/active/ jphase=absent killpid=
19:12:56.715454241 pdns=1811/0/active/running/ named=0/inactive/dead/ agent=638/active/ jphase=absent killpid=
19:12:56.989370263 pdns=1811/0/active/running/ named=0/inactive/dead/ agent=638/active/ jphase=absent killpid=
19:12:57.273222873 pdns=1811/0/active/running/ named=0/inactive/dead/ agent=638/active/ jphase=absent killpid=
19:12:57.588618116 pdns=1811/0/active/running/ named=0/inactive/dead/ agent=638/active/ jphase=absent killpid=
19:12:57.861825035 pdns=1811/0/active/running/ named=0/inactive/dead/ agent=638/active/ jphase=absent killpid=
19:12:58.150623580 pdns=1811/0/active/running/ named=0/inactive/dead/ agent=638/active/ jphase=absent killpid=
19:12:58.425398744 pdns=1811/0/active/running/ named=0/inactive/dead/ agent=638/active/ jphase=absent killpid=
19:12:58.704559694 pdns=1811/0/active/running/ named=0/inactive/dead/ agent=638/active/ jphase=absent killpid=
19:12:58.978438957 pdns=1811/0/active/running/ named=0/inactive/dead/ agent=638/active/ jphase=absent killpid=
19:12:59.251377014 pdns=1811/0/active/running/ named=0/inactive/dead/ agent=638/active/ jphase=absent killpid=
19:12:59.525586238 pdns=1811/0/active/running/ named=0/inactive/dead/ agent=638/active/ jphase=absent killpid=
19:12:59.812268755 pdns=1811/0/active/running/ named=0/inactive/dead/ agent=638/active/ jphase=absent killpid=
19:13:00.102664724 pdns=1811/0/active/running/ named=0/inactive/dead/ agent=638/active/ jphase=absent killpid=
19:13:00.391401985 pdns=1811/0/active/running/ named=0/inactive/dead/ agent=638/active/ jphase=absent killpid=
19:13:00.665228911 pdns=1811/0/active/running/ named=0/inactive/dead/ agent=638/active/ jphase=absent killpid=
19:13:00.942933826 pdns=1811/0/active/running/ named=0/inactive/dead/ agent=638/active/ jphase=absent killpid=
19:13:01.220383182 pdns=1811/0/active/running/ named=0/inactive/dead/ agent=638/active/ jphase=absent killpid=
19:13:01.528857101 pdns=1811/0/active/running/ named=0/inactive/dead/ agent=638/active/ jphase=absent killpid=
19:13:01.800929438 pdns=1811/0/active/running/ named=0/inactive/dead/ agent=638/active/ jphase=absent killpid=
19:13:01.555117850 pdns=1811/0/active/running/ named=0/inactive/dead/ agent=638/active/ jphase=absent killpid=
19:13:01.827163587 pdns=1811/0/active/running/ named=0/inactive/dead/ agent=638/active/ jphase=absent killpid=
19:13:02.105645801 pdns=1811/0/active/running/ named=0/inactive/dead/ agent=638/active/ jphase=absent killpid=
19:13:02.393510824 pdns=1811/0/active/running/ named=0/inactive/dead/ agent=638/active/ jphase=absent killpid=
19:13:02.670218260 pdns=1811/0/active/running/ named=0/inactive/dead/ agent=638/active/ jphase=absent killpid=
19:13:02.943940040 pdns=1811/0/active/running/ named=0/inactive/dead/ agent=638/active/ jphase=absent killpid=
19:13:03.218050985 pdns=1811/0/active/running/ named=0/inactive/dead/ agent=638/active/ jphase=absent killpid=
19:13:03.500493431 pdns=1811/0/active/running/ named=0/inactive/dead/ agent=638/active/ jphase=absent killpid=
19:13:03.781253691 pdns=1811/0/active/running/ named=0/inactive/dead/ agent=638/active/ jphase=absent killpid=
19:13:04.069593800 pdns=1811/0/active/running/ named=0/inactive/dead/ agent=638/active/ jphase=absent killpid=
19:13:04.347163464 pdns=1811/0/active/running/ named=0/inactive/dead/ agent=638/active/ jphase=absent killpid=
19:13:04.626293014 pdns=1811/0/active/running/ named=0/inactive/dead/ agent=638/active/ jphase=absent killpid=
19:13:04.902497182 pdns=1811/0/active/running/ named=0/inactive/dead/ agent=638/active/ jphase=absent killpid=
19:13:05.182252729 pdns=1811/0/active/running/ named=0/inactive/dead/ agent=638/active/ jphase=absent killpid=
19:13:05.488476689 pdns=1811/0/active/running/ named=0/inactive/dead/ agent=638/active/ jphase=absent killpid=
19:13:05.770051167 pdns=1811/0/active/running/ named=0/inactive/dead/ agent=638/active/ jphase=absent killpid=
19:13:06.067383275 pdns=1811/0/active/running/ named=0/inactive/dead/ agent=638/active/ jphase=absent killpid=
19:13:06.365277282 pdns=1811/0/active/running/ named=0/inactive/dead/ agent=638/active/ jphase=absent killpid=
19:13:06.646366668 pdns=1811/0/active/running/ named=0/inactive/dead/ agent=638/active/ jphase=absent killpid=
19:13:06.922820702 pdns=1811/0/active/running/ named=0/inactive/dead/ agent=638/active/ jphase=absent killpid=
19:13:07.212783555 pdns=1811/0/active/running/ named=0/inactive/dead/ agent=638/active/ jphase=absent killpid=
19:13:07.532732631 pdns=1811/0/active/running/ named=0/inactive/dead/ agent=638/active/ jphase=absent killpid=
19:13:07.809182696 pdns=1811/0/active/running/ named=0/inactive/dead/ agent=638/active/ jphase=absent killpid=
19:13:08.082222260 pdns=1811/0/active/running/ named=0/inactive/dead/ agent=638/active/ jphase=absent killpid=
19:13:08.354305542 pdns=1811/0/active/running/ named=0/inactive/dead/ agent=638/active/ jphase=absent killpid=
19:13:08.628502149 pdns=1811/0/active/running/ named=0/inactive/dead/ agent=638/active/ jphase=absent killpid=
19:13:08.927602390 pdns=1811/0/active/running/ named=0/inactive/dead/ agent=638/active/ jphase=absent killpid=
19:13:09.208496423 pdns=1811/0/active/running/ named=0/inactive/dead/ agent=638/active/ jphase=absent killpid=
19:13:09.528310445 pdns=1811/0/active/running/ named=0/inactive/dead/ agent=638/active/ jphase=absent killpid=
19:13:09.893029811 pdns=1811/0/active/running/ named=0/inactive/dead/ agent=638/active/ jphase=absent killpid=
19:13:10.271786109 pdns=1811/0/active/running/ named=0/inactive/dead/ agent=638/active/ jphase=absent killpid=
19:13:10.690613296 pdns=1811/0/active/running/ named=0/inactive/dead/ agent=638/active/ jphase=absent killpid=
19:13:11.930156601 pdns=1811/0/active/running/ named=0/inactive/dead/ agent=638/active/ jphase=absent killpid=
19:13:13.616382775 pdns=1811/0/active/running/ named=0/inactive/dead/ agent=638/active/ jphase=absent killpid=
19:13:13.896741322 pdns=1811/0/active/running/ named=0/inactive/dead/ agent=638/active/ jphase=absent killpid=
19:13:14.179200953 pdns=1811/0/active/running/ named=0/inactive/dead/ agent=638/active/ jphase=absent killpid=
19:13:14.461845575 pdns=1811/0/active/running/ named=0/inactive/dead/ agent=638/active/ jphase=absent killpid=
19:13:14.741995603 pdns=1811/0/active/running/ named=0/inactive/dead/ agent=638/active/ jphase=absent killpid=
19:13:15.019519495 pdns=1811/0/active/running/ named=0/inactive/dead/ agent=638/active/ jphase=absent killpid=
