23:36:30.009319172 CHANGE journal none -> absent
23:36:30.022325676 CHANGE ledger none -> 177f61d12ed0bb85e6ea535b807b376e26bbe0871405a13867c0b3cb6ea4b211
23:36:30.026711421 CHANGE state none -> absent
23:36:30.031099013 CHANGE pdnsdb none -> absent
23:36:30.035687837 POINTER 
23:36:30.037368876 pdns=0/0/inactive/dead/ named=0/inactive/dead/ agent=0/inactive/ jphase=absent killpid=
23:36:30.318752417 pdns=0/0/inactive/dead/ named=0/inactive/dead/ agent=0/inactive/ jphase=absent killpid=
23:36:30.602842829 pdns=0/0/inactive/dead/ named=0/inactive/dead/ agent=0/inactive/ jphase=absent killpid=
23:36:30.888208671 pdns=0/0/inactive/dead/ named=0/inactive/dead/ agent=0/inactive/ jphase=absent killpid=
23:36:31.171111496 pdns=0/0/inactive/dead/ named=0/inactive/dead/ agent=0/inactive/ jphase=absent killpid=
23:36:31.489027005 pdns=0/0/inactive/dead/ named=0/inactive/dead/ agent=0/inactive/ jphase=absent killpid=
23:36:31.792188986 pdns=0/0/inactive/dead/ named=0/inactive/dead/ agent=0/inactive/ jphase=absent killpid=1897,
23:36:32.078660972 pdns=0/0/inactive/dead/ named=0/inactive/dead/ agent=0/inactive/ jphase=absent killpid=1897,
23:36:32.355551261 pdns=0/0/inactive/dead/ named=0/inactive/dead/ agent=0/inactive/ jphase=absent killpid=1897,
23:36:32.631014206 pdns=0/0/inactive/dead/ named=0/inactive/dead/ agent=0/inactive/ jphase=absent killpid=1897,
23:36:32.913810914 CHANGE ledger 177f61d12ed0bb85e6ea535b807b376e26bbe0871405a13867c0b3cb6ea4b211 -> 3d67851d41d752f07c2906e9205564d71b138321d55047635cfa5f696ea5a5b1
23:36:32.923076234 pdns=0/0/inactive/dead/ named=0/inactive/dead/ agent=0/inactive/ jphase=absent killpid=1897,
23:36:33.247021078 CHANGE ledger 3d67851d41d752f07c2906e9205564d71b138321d55047635cfa5f696ea5a5b1 -> bc75172c36c20f17fd76b20b6762a77790c6d17dab72fa2aec9bb92154722e68
23:36:33.251999255 pdns=0/0/inactive/dead/ named=0/inactive/dead/ agent=0/inactive/ jphase=absent killpid=1897,2114,
23:36:33.548617292 pdns=0/0/inactive/dead/ named=0/inactive/dead/ agent=0/inactive/ jphase=absent killpid=1897,2114,
23:36:33.840883140 pdns=0/0/inactive/dead/ named=0/inactive/dead/ agent=0/inactive/ jphase=absent killpid=1897,2114,
23:36:34.131656811 pdns=0/0/inactive/dead/ named=0/inactive/dead/ agent=0/inactive/ jphase=absent killpid=1897,2114,
23:36:34.466225510 pdns=0/0/inactive/dead/ named=0/inactive/dead/ agent=0/inactive/ jphase=absent killpid=1897,2114,
23:36:34.751568678 pdns=0/0/inactive/dead/ named=0/inactive/dead/ agent=0/inactive/ jphase=absent killpid=1897,2114,
23:36:35.073398920 pdns=0/0/inactive/dead/ named=0/inactive/dead/ agent=0/inactive/ jphase=absent killpid=1897,2114,
23:36:35.476464511 pdns=0/0/inactive/dead/ named=0/inactive/dead/ agent=0/inactive/ jphase=absent killpid=1897,2114,
23:36:35.796565391 pdns=0/0/inactive/dead/ named=0/inactive/dead/ agent=0/inactive/ jphase=absent killpid=1897,2114,
23:36:36.137701392 pdns=0/0/inactive/dead/ named=0/inactive/dead/ agent=0/inactive/ jphase=absent killpid=1897,2114,
23:36:36.433153821 pdns=0/0/inactive/dead/ named=0/inactive/dead/ agent=0/inactive/ jphase=absent killpid=1897,2114,
23:36:36.724634014 pdns=0/0/inactive/dead/ named=0/inactive/dead/ agent=0/inactive/ jphase=absent killpid=1897,2114,
23:36:37.027813541 pdns=0/0/inactive/dead/ named=0/inactive/dead/ agent=0/inactive/ jphase=absent killpid=1897,2114,
23:36:37.324772390 pdns=0/0/inactive/dead/ named=0/inactive/dead/ agent=0/inactive/ jphase=absent killpid=1897,
23:36:37.651573767 CHANGE ledger bc75172c36c20f17fd76b20b6762a77790c6d17dab72fa2aec9bb92154722e68 -> b640f73a7b2f38196d8476930d1ba107458aecd5ff453c788bac4ad82c70cec9
23:36:37.658608081 pdns=0/0/inactive/dead/ named=0/inactive/dead/ agent=0/inactive/ jphase=absent killpid=1897,2608,
23:36:38.122530616 CHANGE ledger b640f73a7b2f38196d8476930d1ba107458aecd5ff453c788bac4ad82c70cec9 -> 8f0efca7bdeed3f5bdeb53b6e2968d2feb5aed2f9f58f2a03ccfcc706ea1eba2
23:36:38.126779872 pdns=0/0/inactive/dead/ named=0/inactive/dead/ agent=0/inactive/ jphase=absent killpid=1897,2643,
23:36:38.414938893 pdns=0/0/inactive/dead/ named=0/inactive/dead/ agent=0/inactive/ jphase=absent killpid=1897,2643,
23:36:38.724673428 pdns=0/0/inactive/dead/ named=0/inactive/dead/ agent=0/inactive/ jphase=absent killpid=1897,2643,
23:36:39.024141196 pdns=0/0/inactive/dead/ named=0/inactive/dead/ agent=0/inactive/ jphase=absent killpid=1897,2643,
23:36:39.317905536 pdns=0/0/inactive/dead/ named=0/inactive/dead/ agent=0/inactive/ jphase=absent killpid=1897,2643,
23:36:39.619679910 pdns=0/0/inactive/dead/ named=0/inactive/dead/ agent=0/inactive/ jphase=absent killpid=1897,2643,
23:36:39.920359763 pdns=0/0/inactive/dead/ named=0/inactive/dead/ agent=0/inactive/ jphase=absent killpid=1897,2643,
23:36:40.209954616 pdns=0/0/inactive/dead/ named=0/inactive/dead/ agent=0/inactive/ jphase=absent killpid=1897,2643,
23:36:40.500811980 pdns=0/0/inactive/dead/ named=0/inactive/dead/ agent=0/inactive/ jphase=absent killpid=1897,2643,
23:36:40.805963363 pdns=0/0/inactive/dead/ named=0/inactive/dead/ agent=0/inactive/ jphase=absent killpid=1897,2643,
23:36:41.102663502 pdns=0/0/inactive/dead/ named=0/inactive/dead/ agent=0/inactive/ jphase=absent killpid=1897,2643,
23:36:41.392471845 pdns=0/0/inactive/dead/ named=0/inactive/dead/ agent=0/inactive/ jphase=absent killpid=1897,2643,
23:36:41.690635738 pdns=0/0/inactive/dead/ named=0/inactive/dead/ agent=0/inactive/ jphase=absent killpid=1897,2643,
23:36:41.984648673 pdns=0/0/inactive/dead/ named=0/inactive/dead/ agent=0/inactive/ jphase=absent killpid=1897,2643,
23:36:42.283241152 pdns=0/0/inactive/dead/ named=0/inactive/dead/ agent=0/inactive/ jphase=absent killpid=1897,2643,
23:36:42.599925433 CHANGE ledger 8f0efca7bdeed3f5bdeb53b6e2968d2feb5aed2f9f58f2a03ccfcc706ea1eba2 -> 9ff4729921d4d5fd7d28b15c167d085fb196e6edd0b08f9cec844dadc0ac140c
23:36:42.604699361 pdns=0/0/inactive/dead/ named=0/inactive/dead/ agent=0/inactive/ jphase=absent killpid=1897,3226,
23:36:42.990446574 CHANGE ledger 9ff4729921d4d5fd7d28b15c167d085fb196e6edd0b08f9cec844dadc0ac140c -> c3c171c95f7b685c8320a7d9f92a8b757075b3280ad8e14f9257cc920acf4837
23:36:42.994560190 pdns=0/0/inactive/dead/ named=0/inactive/dead/ agent=0/inactive/ jphase=absent killpid=1897,
23:36:43.313209136 CHANGE ledger c3c171c95f7b685c8320a7d9f92a8b757075b3280ad8e14f9257cc920acf4837 -> f04ba8c73fb45c6bea22a1b85fea4633f14be042355ce6c33ff14a08e6c82aeb
23:36:43.318667120 pdns=0/0/inactive/dead/ named=0/inactive/dead/ agent=0/inactive/ jphase=intent killpid=1897,
23:36:43.606911223 CHANGE journal absent -> df9e0818b79f4604475edc36b6e6e11ccacbef2af7ee2b7d681cf9428274b44c
23:36:43.620738044 CHANGE ledger f04ba8c73fb45c6bea22a1b85fea4633f14be042355ce6c33ff14a08e6c82aeb -> 1dd609dd68da4826822f04625cf81858c81758a836d3b610d3e974ef21d8023d
23:36:43.625276045 pdns=0/0/inactive/dead/ named=0/inactive/dead/ agent=0/inactive/ jphase=target-staged killpid=1897,
23:36:43.922326338 CHANGE journal df9e0818b79f4604475edc36b6e6e11ccacbef2af7ee2b7d681cf9428274b44c -> 4ae64e889d32138580f735b32f0159b260d47e71c94e97f36d0c009c902a2f71
23:36:43.931018114 pdns=0/0/inactive/dead/ named=0/inactive/dead/ agent=3472/active/ jphase=target-staged killpid=
23:36:44.320768792 CHANGE ledger 1dd609dd68da4826822f04625cf81858c81758a836d3b610d3e974ef21d8023d -> deca8de20e5f5e0423043f3c6a73fc38c4932ecbfefdbbc031c38dad906e7e53
23:36:44.324899396 pdns=0/0/inactive/dead/ named=0/inactive/dead/ agent=3472/active/ jphase=target-staged killpid=
23:36:44.615694702 pdns=0/0/inactive/dead/ named=0/inactive/dead/ agent=3472/active/ jphase=target-staged killpid=
23:36:44.893236021 pdns=0/0/inactive/dead/ named=0/inactive/dead/ agent=3472/active/ jphase=target-staged killpid=
23:36:45.166637858 pdns=0/0/inactive/dead/ named=0/inactive/dead/ agent=3472/active/ jphase=target-staged killpid=
23:36:45.459539828 pdns=0/0/inactive/dead/ named=0/inactive/dead/ agent=3472/active/ jphase=target-staged killpid=
23:36:45.734144249 pdns=0/0/inactive/dead/ named=0/inactive/dead/ agent=3472/active/ jphase=target-staged killpid=
23:36:46.016277213 pdns=0/0/inactive/dead/ named=0/inactive/dead/ agent=3472/active/ jphase=target-staged killpid=
23:36:46.292318297 pdns=0/0/inactive/dead/ named=0/inactive/dead/ agent=3472/active/ jphase=target-staged killpid=
23:36:46.566957041 pdns=0/0/inactive/dead/ named=0/inactive/dead/ agent=3472/active/ jphase=target-staged killpid=
23:36:46.838884986 pdns=0/0/inactive/dead/ named=0/inactive/dead/ agent=3472/active/ jphase=target-staged killpid=
23:36:47.113317022 pdns=0/0/inactive/dead/ named=0/inactive/dead/ agent=3472/active/ jphase=target-staged killpid=
23:36:47.385247318 pdns=0/0/inactive/dead/ named=0/inactive/dead/ agent=3472/active/ jphase=target-staged killpid=
23:36:47.657474991 pdns=0/0/inactive/dead/ named=0/inactive/dead/ agent=3472/active/ jphase=target-staged killpid=
23:36:47.930153736 pdns=0/0/inactive/dead/ named=0/inactive/dead/ agent=3472/active/ jphase=target-staged killpid=
23:36:48.203222642 pdns=0/0/inactive/dead/ named=0/inactive/dead/ agent=3472/active/ jphase=target-staged killpid=
23:36:48.481001588 pdns=0/0/inactive/dead/ named=0/inactive/dead/ agent=3472/active/ jphase=target-staged killpid=
23:36:48.756942139 pdns=0/0/inactive/dead/ named=0/inactive/dead/ agent=3472/active/ jphase=target-staged killpid=
23:36:49.029211924 pdns=0/0/inactive/dead/ named=0/inactive/dead/ agent=3472/active/ jphase=target-staged killpid=
23:36:49.308080160 pdns=0/0/inactive/dead/ named=0/inactive/dead/ agent=3472/active/ jphase=target-staged killpid=
23:36:49.596593407 pdns=0/0/inactive/dead/ named=0/inactive/dead/ agent=3472/active/ jphase=target-staged killpid=
23:36:49.879198730 pdns=0/0/inactive/dead/ named=0/inactive/dead/ agent=3472/active/ jphase=target-staged killpid=
23:36:50.158276556 pdns=0/0/inactive/dead/ named=0/inactive/dead/ agent=3472/active/ jphase=target-staged killpid=
23:36:50.430009873 pdns=0/0/inactive/dead/ named=0/inactive/dead/ agent=3472/active/ jphase=target-staged killpid=
23:36:50.703650826 pdns=0/0/inactive/dead/ named=0/inactive/dead/ agent=3472/active/ jphase=target-staged killpid=
23:36:50.976107413 pdns=0/0/inactive/dead/ named=0/inactive/dead/ agent=3472/active/ jphase=target-staged killpid=
23:36:51.248275809 pdns=0/0/inactive/dead/ named=0/inactive/dead/ agent=3472/active/ jphase=target-staged killpid=
23:36:51.522379272 pdns=0/0/inactive/dead/ named=0/inactive/dead/ agent=3472/active/ jphase=target-staged killpid=
23:36:51.799576180 pdns=0/0/inactive/dead/ named=0/inactive/dead/ agent=3472/active/ jphase=target-staged killpid=
23:36:52.078990026 pdns=0/0/inactive/dead/ named=0/inactive/dead/ agent=3472/active/ jphase=target-staged killpid=
23:36:52.353388145 pdns=0/0/inactive/dead/ named=0/inactive/dead/ agent=3472/active/ jphase=target-staged killpid=
23:36:52.627252573 pdns=0/0/inactive/dead/ named=0/inactive/dead/ agent=3472/active/ jphase=target-staged killpid=
23:36:52.902541965 pdns=0/0/inactive/dead/ named=0/inactive/dead/ agent=3472/active/ jphase=target-staged killpid=
23:36:53.181122693 pdns=0/0/inactive/dead/ named=0/inactive/dead/ agent=3472/active/ jphase=target-staged killpid=
23:36:53.453173238 pdns=0/0/inactive/dead/ named=0/inactive/dead/ agent=3472/active/ jphase=target-staged killpid=
23:36:53.731060597 pdns=0/0/inactive/dead/ named=0/inactive/dead/ agent=3472/active/ jphase=target-staged killpid=
23:36:54.007737453 pdns=0/0/inactive/dead/ named=0/inactive/dead/ agent=3472/active/ jphase=target-staged killpid=
23:36:54.284250838 pdns=0/0/inactive/dead/ named=0/inactive/dead/ agent=3472/active/ jphase=target-staged killpid=
23:36:54.572522202 pdns=0/0/inactive/dead/ named=0/inactive/dead/ agent=3472/active/ jphase=target-staged killpid=
23:36:54.845659348 pdns=0/0/inactive/dead/ named=0/inactive/dead/ agent=3472/active/ jphase=target-staged killpid=
23:36:55.122509661 pdns=0/0/inactive/dead/ named=0/inactive/dead/ agent=3472/active/ jphase=target-staged killpid=
23:36:55.395431822 pdns=0/0/inactive/dead/ named=0/inactive/dead/ agent=3472/active/ jphase=target-staged killpid=
23:36:55.669037924 pdns=0/0/inactive/dead/ named=0/inactive/dead/ agent=3472/active/ jphase=target-staged killpid=
23:36:55.942972320 pdns=0/0/inactive/dead/ named=0/inactive/dead/ agent=3472/active/ jphase=target-staged killpid=
23:36:56.218167380 pdns=0/0/inactive/dead/ named=0/inactive/dead/ agent=3472/active/ jphase=target-staged killpid=
23:36:56.494337061 pdns=0/0/inactive/dead/ named=0/inactive/dead/ agent=3472/active/ jphase=target-staged killpid=
23:36:56.775163290 pdns=0/0/inactive/dead/ named=0/inactive/dead/ agent=3472/active/ jphase=target-staged killpid=
23:36:57.054010281 pdns=0/0/inactive/dead/ named=0/inactive/dead/ agent=3472/active/ jphase=target-staged killpid=
23:36:57.332616306 pdns=0/0/inactive/dead/ named=0/inactive/dead/ agent=3472/active/ jphase=target-staged killpid=
23:36:57.607161386 pdns=0/0/inactive/dead/ named=0/inactive/dead/ agent=3472/active/ jphase=target-staged killpid=
23:36:57.879943749 pdns=0/0/inactive/dead/ named=0/inactive/dead/ agent=3472/active/ jphase=target-staged killpid=
23:36:58.152221543 pdns=0/0/inactive/dead/ named=0/inactive/dead/ agent=3472/active/ jphase=target-staged killpid=
23:36:58.424018738 pdns=0/0/inactive/dead/ named=0/inactive/dead/ agent=3472/active/ jphase=target-staged killpid=
23:36:58.700792509 pdns=0/0/inactive/dead/ named=0/inactive/dead/ agent=3472/active/ jphase=target-staged killpid=
23:36:58.973521428 pdns=0/0/inactive/dead/ named=0/inactive/dead/ agent=3472/active/ jphase=target-staged killpid=
23:36:59.248877160 pdns=0/0/inactive/dead/ named=0/inactive/dead/ agent=3472/active/ jphase=target-staged killpid=
23:36:59.520549380 pdns=0/0/inactive/dead/ named=0/inactive/dead/ agent=3472/active/ jphase=target-staged killpid=
23:36:59.792808054 pdns=0/0/inactive/dead/ named=0/inactive/dead/ agent=3472/active/ jphase=target-staged killpid=
23:37:00.094520821 pdns=0/0/inactive/dead/ named=0/inactive/dead/ agent=3472/active/ jphase=target-staged killpid=
23:37:00.391639726 pdns=0/0/inactive/dead/ named=0/inactive/dead/ agent=3472/active/ jphase=target-staged killpid=
23:37:00.685600013 pdns=0/0/inactive/dead/ named=0/inactive/dead/ agent=3472/active/ jphase=target-staged killpid=
23:37:00.958926959 pdns=0/0/inactive/dead/ named=0/inactive/dead/ agent=3472/active/ jphase=target-staged killpid=
23:37:01.232589372 pdns=0/0/inactive/dead/ named=0/inactive/dead/ agent=3472/active/ jphase=target-staged killpid=
23:37:01.504541928 pdns=0/0/inactive/dead/ named=0/inactive/dead/ agent=3472/active/ jphase=target-staged killpid=
23:37:01.777401518 pdns=0/0/inactive/dead/ named=0/inactive/dead/ agent=3472/active/ jphase=target-staged killpid=
23:37:02.049094042 pdns=0/0/inactive/dead/ named=0/inactive/dead/ agent=3472/active/ jphase=target-staged killpid=
23:37:02.320180712 pdns=0/0/inactive/dead/ named=0/inactive/dead/ agent=3472/active/ jphase=target-staged killpid=
23:37:02.591318733 pdns=0/0/inactive/dead/ named=0/inactive/dead/ agent=3472/active/ jphase=target-staged killpid=
23:37:02.869144143 pdns=0/0/inactive/dead/ named=0/inactive/dead/ agent=3472/active/ jphase=target-staged killpid=
23:37:03.145393736 pdns=0/0/inactive/dead/ named=0/inactive/dead/ agent=3472/active/ jphase=target-staged killpid=
23:37:03.419875117 pdns=0/0/inactive/dead/ named=0/inactive/dead/ agent=3472/active/ jphase=target-staged killpid=
23:37:03.701818234 pdns=0/0/inactive/dead/ named=0/inactive/dead/ agent=3472/active/ jphase=target-staged killpid=
23:37:03.979625993 pdns=0/0/inactive/dead/ named=0/inactive/dead/ agent=3472/active/ jphase=target-staged killpid=
23:37:04.257568238 pdns=0/0/inactive/dead/ named=0/inactive/dead/ agent=3472/active/ jphase=target-staged killpid=
23:37:04.528783846 pdns=0/0/inactive/dead/ named=0/inactive/dead/ agent=3472/active/ jphase=target-staged killpid=
23:37:04.806542023 pdns=0/0/inactive/dead/ named=0/inactive/dead/ agent=3472/active/ jphase=target-staged killpid=
23:37:05.085308334 pdns=0/0/inactive/dead/ named=0/inactive/dead/ agent=3472/active/ jphase=target-staged killpid=
23:37:05.354819627 pdns=0/0/inactive/dead/ named=0/inactive/dead/ agent=3472/active/ jphase=target-staged killpid=
23:37:05.625100224 pdns=0/0/inactive/dead/ named=0/inactive/dead/ agent=3472/active/ jphase=target-staged killpid=
23:37:05.895076672 pdns=0/0/inactive/dead/ named=0/inactive/dead/ agent=3472/active/ jphase=target-staged killpid=
23:37:06.166437666 pdns=0/0/inactive/dead/ named=0/inactive/dead/ agent=3472/active/ jphase=target-staged killpid=
23:37:06.439951209 pdns=0/0/inactive/dead/ named=0/inactive/dead/ agent=3472/active/ jphase=target-staged killpid=
23:37:06.717888687 pdns=0/0/inactive/dead/ named=0/inactive/dead/ agent=3472/active/ jphase=target-staged killpid=
23:37:06.992881072 pdns=0/0/inactive/dead/ named=0/inactive/dead/ agent=3472/active/ jphase=target-staged killpid=
23:37:07.271651337 pdns=0/0/inactive/dead/ named=0/inactive/dead/ agent=3472/active/ jphase=target-staged killpid=
23:37:07.554387531 pdns=0/0/inactive/dead/ named=0/inactive/dead/ agent=3472/active/ jphase=target-staged killpid=
23:37:07.832293348 pdns=0/0/inactive/dead/ named=0/inactive/dead/ agent=3472/active/ jphase=target-staged killpid=
23:37:08.121119653 pdns=0/0/inactive/dead/ named=0/inactive/dead/ agent=3472/active/ jphase=target-staged killpid=
23:37:08.394691474 pdns=0/0/inactive/dead/ named=0/inactive/dead/ agent=3472/active/ jphase=target-staged killpid=
23:37:08.667186294 pdns=0/0/inactive/dead/ named=0/inactive/dead/ agent=3472/active/ jphase=target-staged killpid=
23:37:08.945811686 pdns=0/0/inactive/dead/ named=0/inactive/dead/ agent=3472/active/ jphase=target-staged killpid=
23:37:09.227605015 pdns=0/0/inactive/dead/ named=0/inactive/dead/ agent=3472/active/ jphase=target-staged killpid=
23:37:09.500566762 pdns=0/0/inactive/dead/ named=0/inactive/dead/ agent=3472/active/ jphase=target-staged killpid=
23:37:09.775862965 pdns=0/0/inactive/dead/ named=0/inactive/dead/ agent=3472/active/ jphase=target-staged killpid=
23:37:10.047363660 pdns=0/0/inactive/dead/ named=0/inactive/dead/ agent=3472/active/ jphase=target-staged killpid=
23:37:10.317184583 pdns=0/0/inactive/dead/ named=0/inactive/dead/ agent=3472/active/ jphase=target-staged killpid=
23:37:10.593768664 pdns=0/0/inactive/dead/ named=0/inactive/dead/ agent=3472/active/ jphase=target-staged killpid=
23:37:10.885373970 pdns=0/0/inactive/dead/ named=0/inactive/dead/ agent=3472/active/ jphase=target-staged killpid=
23:37:11.172521144 pdns=0/0/inactive/dead/ named=0/inactive/dead/ agent=3472/active/ jphase=target-staged killpid=
23:37:11.447198366 pdns=0/0/inactive/dead/ named=0/inactive/dead/ agent=3472/active/ jphase=target-staged killpid=
23:37:11.717681358 pdns=0/0/inactive/dead/ named=0/inactive/dead/ agent=3472/active/ jphase=target-staged killpid=
23:37:11.989372320 pdns=0/0/inactive/dead/ named=0/inactive/dead/ agent=3472/active/ jphase=target-staged killpid=
23:37:12.263700295 pdns=0/0/inactive/dead/ named=0/inactive/dead/ agent=3472/active/ jphase=target-staged killpid=
23:37:12.536399942 pdns=0/0/inactive/dead/ named=0/inactive/dead/ agent=3472/active/ jphase=target-staged killpid=
23:37:12.807835961 pdns=0/0/inactive/dead/ named=0/inactive/dead/ agent=3472/active/ jphase=target-staged killpid=
23:37:13.080918749 pdns=0/0/inactive/dead/ named=0/inactive/dead/ agent=3472/active/ jphase=target-staged killpid=
23:37:13.353216969 pdns=0/0/inactive/dead/ named=0/inactive/dead/ agent=3472/active/ jphase=target-staged killpid=
23:37:13.626460519 pdns=0/0/inactive/dead/ named=0/inactive/dead/ agent=3472/active/ jphase=target-staged killpid=
23:37:13.899842367 pdns=0/0/inactive/dead/ named=0/inactive/dead/ agent=3472/active/ jphase=target-staged killpid=
23:37:14.172641900 pdns=0/0/inactive/dead/ named=0/inactive/dead/ agent=3472/active/ jphase=target-staged killpid=
23:37:14.454414820 pdns=0/0/inactive/dead/ named=0/inactive/dead/ agent=3472/active/ jphase=target-staged killpid=
done
