13:36:38.988674143 CHANGE journal none -> absent
13:36:39.000510644 CHANGE ledger none -> 0d656efe58499b5ff9d83745dd83a805f7f11ed52699d2c9c14534c9ff19cd52
13:36:39.010179154 CHANGE state none -> 44123b1175908f23676aa5c7375e429ee8f45d1a981ab3d7a0a704575c6df324
13:36:39.011436040 pdns=652/0/active/running/ named=0/inactive/dead/ agent=640/active/ jphase=absent killpid=
13:36:39.345526984 pdns=652/0/active/running/ named=0/inactive/dead/ agent=640/active/ jphase=absent killpid=
13:36:39.614007205 pdns=652/0/active/running/ named=0/inactive/dead/ agent=640/active/ jphase=absent killpid=
13:36:39.880417888 pdns=652/0/active/running/ named=0/inactive/dead/ agent=640/active/ jphase=absent killpid=
13:36:40.146197526 pdns=652/0/active/running/ named=0/inactive/dead/ agent=640/active/ jphase=absent killpid=
13:36:40.417350095 pdns=652/0/active/running/ named=0/inactive/dead/ agent=640/active/ jphase=absent killpid=
13:36:40.682696194 pdns=652/0/active/running/ named=0/inactive/dead/ agent=640/active/ jphase=absent killpid=
13:36:40.963086245 pdns=652/0/active/running/ named=0/inactive/dead/ agent=640/active/ jphase=absent killpid=
13:36:41.252218992 pdns=652/0/active/running/ named=0/inactive/dead/ agent=640/active/ jphase=absent killpid=
13:36:41.519030522 pdns=652/0/active/running/ named=0/inactive/dead/ agent=640/active/ jphase=absent killpid=
13:36:41.788324830 pdns=652/0/active/running/ named=0/inactive/dead/ agent=640/active/ jphase=absent killpid=
13:36:42.064346428 pdns=652/0/active/running/ named=0/inactive/dead/ agent=640/active/ jphase=absent killpid=
13:36:42.338709845 pdns=652/0/active/running/ named=0/inactive/dead/ agent=640/active/ jphase=absent killpid=
13:36:42.614450439 pdns=652/0/active/running/ named=0/inactive/dead/ agent=640/active/ jphase=absent killpid=
13:36:42.879058922 pdns=652/0/active/running/ named=0/inactive/dead/ agent=640/active/ jphase=absent killpid=
13:36:43.145449509 pdns=652/0/active/running/ named=0/inactive/dead/ agent=640/active/ jphase=absent killpid=
13:36:43.411228053 pdns=652/0/active/running/ named=0/inactive/dead/ agent=640/active/ jphase=absent killpid=
13:36:43.675340293 pdns=652/0/active/running/ named=0/inactive/dead/ agent=640/active/ jphase=absent killpid=
13:36:43.938563300 pdns=652/0/active/running/ named=0/inactive/dead/ agent=640/active/ jphase=absent killpid=
13:36:44.204882587 pdns=652/0/active/running/ named=0/inactive/dead/ agent=640/active/ jphase=absent killpid=
13:36:44.467811255 pdns=652/0/active/running/ named=0/inactive/dead/ agent=640/active/ jphase=absent killpid=
13:36:44.729382288 pdns=652/0/active/running/ named=0/inactive/dead/ agent=640/active/ jphase=absent killpid=
13:36:44.996812747 pdns=652/0/active/running/ named=0/inactive/dead/ agent=640/active/ jphase=absent killpid=
13:36:45.263958641 pdns=652/0/active/running/ named=0/inactive/dead/ agent=640/active/ jphase=absent killpid=
13:36:45.557881435 pdns=652/0/active/running/ named=0/inactive/dead/ agent=640/active/ jphase=absent killpid=
13:36:45.837759991 pdns=652/0/active/running/ named=0/inactive/dead/ agent=640/active/ jphase=absent killpid=
13:36:46.122791523 pdns=652/0/active/running/ named=0/inactive/dead/ agent=640/active/ jphase=absent killpid=
13:36:46.393961286 pdns=652/0/active/running/ named=0/inactive/dead/ agent=640/active/ jphase=absent killpid=
13:36:46.659502197 pdns=652/0/active/running/ named=0/inactive/dead/ agent=640/active/ jphase=absent killpid=
13:36:46.924803389 pdns=652/0/active/running/ named=0/inactive/dead/ agent=640/active/ jphase=absent killpid=
13:36:47.191240256 pdns=652/0/active/running/ named=0/inactive/dead/ agent=640/active/ jphase=absent killpid=
13:36:47.456156223 pdns=652/0/active/running/ named=0/inactive/dead/ agent=640/active/ jphase=absent killpid=
13:36:47.721829663 pdns=652/0/active/running/ named=0/inactive/dead/ agent=640/active/ jphase=absent killpid=
13:36:47.986746472 pdns=652/0/active/running/ named=0/inactive/dead/ agent=640/active/ jphase=absent killpid=
13:36:48.251429164 pdns=652/0/active/running/ named=0/inactive/dead/ agent=640/active/ jphase=absent killpid=
13:36:48.518822487 pdns=652/0/active/running/ named=0/inactive/dead/ agent=640/active/ jphase=absent killpid=
13:36:48.787037535 pdns=652/0/active/running/ named=0/inactive/dead/ agent=640/active/ jphase=absent killpid=
13:36:49.053300031 pdns=652/0/active/running/ named=0/inactive/dead/ agent=640/active/ jphase=absent killpid=
13:36:49.326139527 pdns=652/0/active/running/ named=0/inactive/dead/ agent=640/active/ jphase=absent killpid=
13:36:49.598460156 pdns=652/0/active/running/ named=0/inactive/dead/ agent=640/active/ jphase=absent killpid=
13:36:49.874289938 pdns=652/0/active/running/ named=0/inactive/dead/ agent=640/active/ jphase=absent killpid=
13:36:50.137600242 pdns=652/0/active/running/ named=0/inactive/dead/ agent=640/active/ jphase=absent killpid=
13:36:50.401363281 pdns=652/0/active/running/ named=0/inactive/dead/ agent=640/active/ jphase=absent killpid=
13:36:50.665386644 pdns=652/0/active/running/ named=0/inactive/dead/ agent=640/active/ jphase=absent killpid=
13:36:50.929623171 pdns=652/0/active/running/ named=0/inactive/dead/ agent=640/active/ jphase=absent killpid=
13:36:51.197632265 pdns=652/0/active/running/ named=0/inactive/dead/ agent=640/active/ jphase=absent killpid=
13:36:51.463840273 pdns=652/0/active/running/ named=0/inactive/dead/ agent=640/active/ jphase=absent killpid=
13:36:51.732027187 pdns=652/0/active/running/ named=0/inactive/dead/ agent=640/active/ jphase=absent killpid=
13:36:51.999004707 pdns=652/0/active/running/ named=0/inactive/dead/ agent=640/active/ jphase=absent killpid=
13:36:52.262114818 pdns=652/0/active/running/ named=0/inactive/dead/ agent=640/active/ jphase=absent killpid=
13:36:52.525470041 pdns=652/0/active/running/ named=0/inactive/dead/ agent=640/active/ jphase=absent killpid=
13:36:52.789708310 pdns=652/0/active/running/ named=0/inactive/dead/ agent=640/active/ jphase=absent killpid=
13:36:53.054900472 pdns=652/0/active/running/ named=0/inactive/dead/ agent=640/active/ jphase=absent killpid=
13:36:53.320902925 pdns=652/0/active/running/ named=0/inactive/dead/ agent=640/active/ jphase=absent killpid=
13:36:53.585581630 pdns=652/0/active/running/ named=0/inactive/dead/ agent=640/active/ jphase=absent killpid=
13:36:53.849361470 pdns=652/0/active/running/ named=0/inactive/dead/ agent=640/active/ jphase=absent killpid=
13:36:54.126155747 pdns=652/0/active/running/ named=0/inactive/dead/ agent=640/active/ jphase=absent killpid=
13:36:54.393216892 pdns=652/0/active/running/ named=0/inactive/dead/ agent=640/active/ jphase=absent killpid=
13:36:54.656014556 pdns=652/0/active/running/ named=0/inactive/dead/ agent=640/active/ jphase=absent killpid=
13:36:54.921322950 pdns=652/0/active/running/ named=0/inactive/dead/ agent=640/active/ jphase=absent killpid=
13:36:55.196426847 pdns=652/0/active/running/ named=0/inactive/dead/ agent=640/active/ jphase=absent killpid=
13:36:55.460943128 pdns=652/0/active/running/ named=0/inactive/dead/ agent=640/active/ jphase=absent killpid=
13:36:55.729550988 pdns=652/0/active/running/ named=0/inactive/dead/ agent=640/active/ jphase=absent killpid=
13:36:55.993536030 pdns=652/0/active/running/ named=0/inactive/dead/ agent=640/active/ jphase=absent killpid=
13:36:56.259689694 pdns=652/0/active/running/ named=0/inactive/dead/ agent=640/active/ jphase=absent killpid=
13:36:56.528114571 pdns=652/0/active/running/ named=0/inactive/dead/ agent=640/active/ jphase=absent killpid=
13:36:56.793947927 pdns=652/0/active/running/ named=0/inactive/dead/ agent=640/active/ jphase=absent killpid=
13:36:57.055913164 pdns=652/0/active/running/ named=0/inactive/dead/ agent=640/active/ jphase=absent killpid=
13:36:57.337966797 pdns=652/0/active/running/ named=0/inactive/dead/ agent=640/active/ jphase=absent killpid=
13:36:57.609336288 pdns=652/0/active/running/ named=0/inactive/dead/ agent=640/active/ jphase=absent killpid=
13:36:57.878744163 pdns=652/0/active/running/ named=0/inactive/dead/ agent=640/active/ jphase=absent killpid=
13:36:58.145440223 pdns=652/0/active/running/ named=0/inactive/dead/ agent=640/active/ jphase=absent killpid=
13:36:58.415583659 pdns=652/0/active/running/ named=0/inactive/dead/ agent=640/active/ jphase=absent killpid=
13:36:58.678941983 pdns=652/0/active/running/ named=0/inactive/dead/ agent=640/active/ jphase=absent killpid=
13:36:58.942385385 pdns=652/0/active/running/ named=0/inactive/dead/ agent=640/active/ jphase=absent killpid=
13:36:59.208090494 pdns=652/0/active/running/ named=0/inactive/dead/ agent=640/active/ jphase=absent killpid=
13:36:59.472688669 pdns=652/0/active/running/ named=0/inactive/dead/ agent=640/active/ jphase=absent killpid=
13:36:59.740070933 pdns=652/0/active/running/ named=0/inactive/dead/ agent=640/active/ jphase=absent killpid=
13:37:00.005337443 pdns=652/0/active/running/ named=0/inactive/dead/ agent=640/active/ jphase=absent killpid=
13:37:00.270227973 pdns=652/0/active/running/ named=0/inactive/dead/ agent=640/active/ jphase=absent killpid=
13:37:00.534002353 pdns=652/0/active/running/ named=0/inactive/dead/ agent=640/active/ jphase=absent killpid=
13:37:00.798857752 pdns=652/0/active/running/ named=0/inactive/dead/ agent=640/active/ jphase=absent killpid=
13:37:01.065228571 pdns=652/0/active/running/ named=0/inactive/dead/ agent=640/active/ jphase=absent killpid=
13:37:01.331245536 pdns=652/0/active/running/ named=0/inactive/dead/ agent=640/active/ jphase=absent killpid=
13:37:01.634191259 pdns=652/0/active/running/ named=0/inactive/dead/ agent=640/active/ jphase=absent killpid=
13:37:01.898730638 pdns=652/0/active/running/ named=0/inactive/dead/ agent=640/active/ jphase=absent killpid=
13:37:02.165128608 pdns=652/0/active/running/ named=0/inactive/dead/ agent=640/active/ jphase=absent killpid=
13:37:02.429876997 pdns=652/0/active/running/ named=0/inactive/dead/ agent=640/active/ jphase=absent killpid=
13:37:02.694669405 pdns=652/0/active/running/ named=0/inactive/dead/ agent=640/active/ jphase=absent killpid=
13:37:02.958445798 pdns=652/0/active/running/ named=0/inactive/dead/ agent=640/active/ jphase=absent killpid=
13:37:03.227197334 pdns=652/0/active/running/ named=0/inactive/dead/ agent=640/active/ jphase=absent killpid=
13:37:03.491297160 pdns=652/0/active/running/ named=0/inactive/dead/ agent=640/active/ jphase=absent killpid=
13:37:03.754155527 pdns=652/0/active/running/ named=0/inactive/dead/ agent=640/active/ jphase=absent killpid=
13:37:04.019788877 pdns=652/0/active/running/ named=0/inactive/dead/ agent=640/active/ jphase=absent killpid=
13:37:04.282389549 pdns=652/0/active/running/ named=0/inactive/dead/ agent=640/active/ jphase=absent killpid=
13:37:04.546534657 pdns=652/0/active/running/ named=0/inactive/dead/ agent=640/active/ jphase=absent killpid=
13:37:04.823275507 pdns=652/0/active/running/ named=0/inactive/dead/ agent=640/active/ jphase=absent killpid=
13:37:05.086947976 pdns=652/0/active/running/ named=0/inactive/dead/ agent=640/active/ jphase=absent killpid=
13:37:05.354298461 pdns=652/0/active/running/ named=0/inactive/dead/ agent=640/active/ jphase=absent killpid=
13:37:05.621218950 pdns=652/0/active/running/ named=0/inactive/dead/ agent=640/active/ jphase=absent killpid=
13:37:05.886903254 pdns=652/0/active/running/ named=0/inactive/dead/ agent=640/active/ jphase=absent killpid=
13:37:06.150267419 pdns=652/0/active/running/ named=0/inactive/dead/ agent=640/active/ jphase=absent killpid=
13:37:06.414049493 pdns=652/0/active/running/ named=0/inactive/dead/ agent=640/active/ jphase=absent killpid=
13:37:06.678748035 pdns=652/0/active/running/ named=0/inactive/dead/ agent=640/active/ jphase=absent killpid=
13:37:06.948119096 pdns=652/0/active/running/ named=0/inactive/dead/ agent=640/active/ jphase=absent killpid=
13:37:07.215456963 pdns=652/0/active/running/ named=0/inactive/dead/ agent=640/active/ jphase=absent killpid=
13:37:07.482072113 pdns=652/0/active/running/ named=0/inactive/dead/ agent=640/active/ jphase=absent killpid=
13:37:07.749200664 pdns=652/0/active/running/ named=0/inactive/dead/ agent=640/active/ jphase=absent killpid=
13:37:08.019487429 pdns=652/0/active/running/ named=0/inactive/dead/ agent=640/active/ jphase=absent killpid=
13:37:08.283324331 pdns=652/0/active/running/ named=0/inactive/dead/ agent=640/active/ jphase=absent killpid=
13:37:08.545816133 pdns=652/0/active/running/ named=0/inactive/dead/ agent=640/active/ jphase=absent killpid=
13:37:08.809182327 pdns=652/0/active/running/ named=0/inactive/dead/ agent=640/active/ jphase=absent killpid=
13:37:09.074852395 pdns=652/0/active/running/ named=0/inactive/dead/ agent=640/active/ jphase=absent killpid=
13:37:09.347981257 pdns=652/0/active/running/ named=0/inactive/dead/ agent=640/active/ jphase=absent killpid=
13:37:09.611417440 pdns=652/0/active/running/ named=0/inactive/dead/ agent=640/active/ jphase=absent killpid=
13:37:09.874647789 pdns=652/0/active/running/ named=0/inactive/dead/ agent=640/active/ jphase=absent killpid=
13:37:10.141479043 pdns=652/0/active/running/ named=0/inactive/dead/ agent=640/active/ jphase=absent killpid=
13:37:10.405783211 pdns=652/0/active/running/ named=0/inactive/dead/ agent=640/active/ jphase=absent killpid=
13:37:10.668891641 pdns=652/0/active/running/ named=0/inactive/dead/ agent=640/active/ jphase=absent killpid=
13:37:10.931395207 pdns=652/0/active/running/ named=0/inactive/dead/ agent=640/active/ jphase=absent killpid=
13:37:11.197239626 pdns=652/0/active/running/ named=0/inactive/dead/ agent=640/active/ jphase=absent killpid=
13:37:11.459686396 pdns=652/0/active/running/ named=0/inactive/dead/ agent=640/active/ jphase=absent killpid=
13:37:11.725701838 pdns=652/0/active/running/ named=0/inactive/dead/ agent=640/active/ jphase=absent killpid=
13:37:11.988848755 pdns=652/0/active/running/ named=0/inactive/dead/ agent=640/active/ jphase=absent killpid=
13:37:12.251896596 pdns=652/0/active/running/ named=0/inactive/dead/ agent=640/active/ jphase=absent killpid=
13:37:12.523843338 pdns=652/0/active/running/ named=0/inactive/dead/ agent=640/active/ jphase=absent killpid=
done
