20:56:02.992276287 CHANGE journal none -> absent
20:56:03.003778671 CHANGE ledger none -> 177f61d12ed0bb85e6ea535b807b376e26bbe0871405a13867c0b3cb6ea4b211
20:56:03.009351034 CHANGE state none -> absent
20:56:03.014790027 CHANGE pdnsdb none -> absent
20:56:03.018237604 POINTER 
20:56:03.019805550 pdns=0/0/inactive/dead/ named=0/inactive/dead/ agent=0/inactive/ jphase=absent killpid=
20:56:03.291459439 pdns=0/0/inactive/dead/ named=0/inactive/dead/ agent=0/inactive/ jphase=absent killpid=
20:56:03.563946844 pdns=0/0/inactive/dead/ named=0/inactive/dead/ agent=0/inactive/ jphase=absent killpid=
20:56:03.846397923 pdns=0/0/inactive/dead/ named=0/inactive/dead/ agent=0/inactive/ jphase=absent killpid=
20:56:04.130806756 CHANGE ledger 177f61d12ed0bb85e6ea535b807b376e26bbe0871405a13867c0b3cb6ea4b211 -> 844e4f2435f326010c4e7320a8ef085d94ab7104362d34148152d42ed9d029f8
20:56:04.136600321 pdns=0/0/inactive/dead/ named=0/inactive/dead/ agent=0/inactive/ jphase=absent killpid=1802,1865,
20:56:04.434826924 CHANGE ledger 844e4f2435f326010c4e7320a8ef085d94ab7104362d34148152d42ed9d029f8 -> 913f4145659ac40c30dabf5ee0451fb5152bdb8e8ec8bdd537fa4bd42080057e
20:56:04.438725617 pdns=0/0/inactive/dead/ named=0/inactive/dead/ agent=0/inactive/ jphase=absent killpid=1802,1911,
20:56:04.712440644 pdns=0/0/inactive/dead/ named=0/inactive/dead/ agent=0/inactive/ jphase=absent killpid=1802,1911,
20:56:04.992304900 pdns=0/0/inactive/dead/ named=0/inactive/dead/ agent=0/inactive/ jphase=absent killpid=1802,1911,
20:56:05.270090873 pdns=0/0/inactive/dead/ named=0/inactive/dead/ agent=0/inactive/ jphase=absent killpid=1802,1911,
20:56:05.566163669 pdns=0/0/inactive/dead/ named=0/inactive/dead/ agent=0/inactive/ jphase=absent killpid=1802,1911,
20:56:05.864272978 pdns=0/0/inactive/dead/ named=0/inactive/dead/ agent=0/inactive/ jphase=absent killpid=1802,1911,
20:56:06.143501462 pdns=0/0/inactive/dead/ named=0/inactive/dead/ agent=0/inactive/ jphase=absent killpid=1802,1911,
20:56:06.473503868 pdns=0/0/inactive/dead/ named=0/inactive/dead/ agent=0/inactive/ jphase=absent killpid=1802,1911,
20:56:06.766241926 pdns=0/0/inactive/dead/ named=0/inactive/dead/ agent=0/inactive/ jphase=absent killpid=1802,1911,
20:56:07.055257753 pdns=0/0/inactive/dead/ named=0/inactive/dead/ agent=0/inactive/ jphase=absent killpid=1802,1911,
20:56:07.367782958 pdns=0/0/inactive/dead/ named=0/inactive/dead/ agent=0/inactive/ jphase=absent killpid=1802,1911,
20:56:07.678662004 pdns=0/0/inactive/dead/ named=0/inactive/dead/ agent=0/inactive/ jphase=absent killpid=1802,1911,
20:56:07.961349996 pdns=0/0/inactive/dead/ named=0/inactive/dead/ agent=0/inactive/ jphase=absent killpid=1802,1911,
20:56:08.246585850 pdns=0/0/inactive/dead/ named=0/inactive/dead/ agent=0/inactive/ jphase=absent killpid=1802,1911,
20:56:08.531885923 pdns=0/0/inactive/dead/ named=0/inactive/dead/ agent=0/inactive/ jphase=absent killpid=1802,
20:56:08.826168279 CHANGE ledger 913f4145659ac40c30dabf5ee0451fb5152bdb8e8ec8bdd537fa4bd42080057e -> 3cfd62b4da9856e258c177e423c91453a2d78b48a91f53c18b0af7c624badfbf
20:56:08.829934907 pdns=0/0/inactive/dead/ named=0/inactive/dead/ agent=0/inactive/ jphase=absent killpid=1802,
20:56:09.260491149 CHANGE ledger 3cfd62b4da9856e258c177e423c91453a2d78b48a91f53c18b0af7c624badfbf -> bcb287a54571de45963a677bfe8a3d1b31127b58bedc44bfcaa631e3d5bdf833
20:56:09.264090984 pdns=0/0/inactive/dead/ named=0/inactive/dead/ agent=0/inactive/ jphase=absent killpid=1802,2443,
20:56:09.543928188 pdns=0/0/inactive/dead/ named=0/inactive/dead/ agent=0/inactive/ jphase=absent killpid=1802,2443,
20:56:09.834211691 pdns=0/0/inactive/dead/ named=0/inactive/dead/ agent=0/inactive/ jphase=absent killpid=1802,2443,
20:56:10.111315409 pdns=0/0/inactive/dead/ named=0/inactive/dead/ agent=0/inactive/ jphase=absent killpid=1802,2443,
20:56:10.396995118 pdns=0/0/inactive/dead/ named=0/inactive/dead/ agent=0/inactive/ jphase=absent killpid=1802,2443,
20:56:10.688734542 pdns=0/0/inactive/dead/ named=0/inactive/dead/ agent=0/inactive/ jphase=absent killpid=1802,2443,
20:56:11.002106688 pdns=0/0/inactive/dead/ named=0/inactive/dead/ agent=0/inactive/ jphase=absent killpid=1802,2443,
20:56:11.289054175 pdns=0/0/inactive/dead/ named=0/inactive/dead/ agent=0/inactive/ jphase=absent killpid=1802,2443,
20:56:11.569596445 pdns=0/0/inactive/dead/ named=0/inactive/dead/ agent=0/inactive/ jphase=absent killpid=1802,2443,
20:56:11.857658849 pdns=0/0/inactive/dead/ named=0/inactive/dead/ agent=0/inactive/ jphase=absent killpid=1802,2443,
20:56:12.143561529 pdns=0/0/inactive/dead/ named=0/inactive/dead/ agent=0/inactive/ jphase=absent killpid=1802,2443,
20:56:12.443300198 pdns=0/0/inactive/dead/ named=0/inactive/dead/ agent=0/inactive/ jphase=absent killpid=1802,2443,
20:56:12.723820970 pdns=0/0/inactive/dead/ named=0/inactive/dead/ agent=0/inactive/ jphase=absent killpid=1802,2443,
20:56:13.001759958 pdns=0/0/inactive/dead/ named=0/inactive/dead/ agent=0/inactive/ jphase=absent killpid=1802,2443,
20:56:13.285523421 CHANGE ledger bcb287a54571de45963a677bfe8a3d1b31127b58bedc44bfcaa631e3d5bdf833 -> 3df2ae954d04a248a7df5818357528c16b4a4238480a1e8912a46c4a9e2f590b
20:56:13.289443506 pdns=0/0/inactive/dead/ named=0/inactive/dead/ agent=0/inactive/ jphase=absent killpid=1802,2974,
20:56:13.670831715 CHANGE ledger 3df2ae954d04a248a7df5818357528c16b4a4238480a1e8912a46c4a9e2f590b -> 5174960296baed628e7f44f182c38c74320c3633cf27df9a16b85179b2787bfd
20:56:13.677184291 pdns=0/0/inactive/dead/ named=0/inactive/dead/ agent=0/inactive/ jphase=absent killpid=1802,
20:56:13.974859776 CHANGE ledger 5174960296baed628e7f44f182c38c74320c3633cf27df9a16b85179b2787bfd -> 695810157b56d65820b03e5718835b8c0049e61623c01c2adda887359fa56683
20:56:13.978992759 pdns=0/0/inactive/dead/ named=0/inactive/dead/ agent=0/inactive/ jphase=absent killpid=
20:56:14.367607560 CHANGE ledger 695810157b56d65820b03e5718835b8c0049e61623c01c2adda887359fa56683 -> 6d1e6d7089f7c1c28a1851e2f59ec7d99c82cc29b0f65d238f60af4bf26a6d82
20:56:14.375102803 pdns=0/0/inactive/dead/ named=0/inactive/dead/ agent=3169/active/ jphase=absent killpid=
20:56:14.691708355 CHANGE ledger 6d1e6d7089f7c1c28a1851e2f59ec7d99c82cc29b0f65d238f60af4bf26a6d82 -> 0c7f1885a29a7ab248dce217d7c58c4b8a792d6e844d403d7dac7b04462f8e6b
20:56:14.696528759 pdns=0/0/inactive/dead/ named=0/inactive/dead/ agent=3169/active/ jphase=absent killpid=
20:56:14.994339981 CHANGE journal absent -> 3ce901751d5b9840abf959210c51f33153f3841fb66b136a3f7c2ba7945f132e
20:56:15.003763238 CHANGE ledger 0c7f1885a29a7ab248dce217d7c58c4b8a792d6e844d403d7dac7b04462f8e6b -> 7ca9679b99e0da43cdd1c8fb1d606075f82878cdbdb5a22a0b98a2514557b6f5
20:56:15.007783986 pdns=0/0/inactive/dead/ named=0/inactive/dead/ agent=3169/active/ jphase=intent killpid=
20:56:15.288955157 CHANGE journal 3ce901751d5b9840abf959210c51f33153f3841fb66b136a3f7c2ba7945f132e -> f48bdd635f904d2db6d6a1a4731062d4abcec71f070b7f033f0bf0885a24d8fe
20:56:15.300715777 CHANGE ledger 7ca9679b99e0da43cdd1c8fb1d606075f82878cdbdb5a22a0b98a2514557b6f5 -> 6c00d8b41a9fda21e8776376ec803ec405220a7961d9392d983ff1f6b714b692
20:56:15.305610788 pdns=0/0/inactive/dead/ named=0/inactive/dead/ agent=3169/active/ jphase=target-staged killpid=
20:56:15.599597841 CHANGE journal f48bdd635f904d2db6d6a1a4731062d4abcec71f070b7f033f0bf0885a24d8fe -> ee70d46c9a9248d3f9c9f4493e89498ceee67aa5d9e1ad2f445e3b0c741fd481
20:56:15.617340107 CHANGE ledger 6c00d8b41a9fda21e8776376ec803ec405220a7961d9392d983ff1f6b714b692 -> a1e07567349b03891d261550c8c346b325587ec0050f64a0386e4245b1a3e9b7
20:56:15.629472059 CHANGE pdnsdb absent -> 415ceb5a785618ed5788b124b1d57b38d33c50a322dbec01feb248234cc58844
20:56:15.634277271 pdns=0/0/inactive/dead/ named=0/inactive/dead/ agent=3169/active/ jphase=target-enable-intent killpid=
20:56:16.156041296 CHANGE ledger a1e07567349b03891d261550c8c346b325587ec0050f64a0386e4245b1a3e9b7 -> 92f4fff93432598f317ddebfd84cb0ab953cab77d24cd6a8aaa8d26032c70d87
20:56:16.171840164 pdns=0/0/inactive/dead/ named=0/inactive/dead/ agent=3169/active/ jphase=target-enable-intent killpid=
20:56:16.723693000 CHANGE ledger 92f4fff93432598f317ddebfd84cb0ab953cab77d24cd6a8aaa8d26032c70d87 -> 50315555f5ed6db0aefb0048b83a8067f227ff6df169eafb12ed7ee09150791c
20:56:16.733427774 pdns=0/0/inactive/dead/ named=0/inactive/dead/ agent=3169/active/ jphase=target-enable-intent killpid=
20:56:17.026613353 CHANGE ledger 50315555f5ed6db0aefb0048b83a8067f227ff6df169eafb12ed7ee09150791c -> 5c97d458ddc567428f64fae1378bac8e98e71df470f307603010471dc44bf5dd
20:56:17.039580725 pdns=0/0/inactive/dead/ named=0/inactive/dead/ agent=3169/active/ jphase=target-enable-intent killpid=
20:56:17.577407283 CHANGE ledger 5c97d458ddc567428f64fae1378bac8e98e71df470f307603010471dc44bf5dd -> d3eea011207f2d070a744f3fde016d0a70d1d30efe406a4835ad0d825ea57620
20:56:17.588397590 pdns=0/0/inactive/dead/ named=0/inactive/dead/ agent=3169/active/ jphase=target-enable-intent killpid=
20:56:17.906397924 CHANGE journal ee70d46c9a9248d3f9c9f4493e89498ceee67aa5d9e1ad2f445e3b0c741fd481 -> 09fdce2d732acb71361075964beef97a5ef37b75b1a4d3c5ca5a73ee2749a53e
20:56:17.921093135 CHANGE ledger d3eea011207f2d070a744f3fde016d0a70d1d30efe406a4835ad0d825ea57620 -> d8f68c29273ced37502884de13175e0d7166f81331d5a68c9e363aa33e053c47
20:56:17.945215502 CHANGE pdnsdb 415ceb5a785618ed5788b124b1d57b38d33c50a322dbec01feb248234cc58844 -> bdd509913e35e52dd99ac148a5f704db011c1c8ae3070c895dd8f12993e319b4
20:56:17.949705901 pdns=4078/0/active/running/ named=0/inactive/dead/ agent=3169/active/ jphase=target-started killpid=
20:56:18.258787109 CHANGE ledger d8f68c29273ced37502884de13175e0d7166f81331d5a68c9e363aa33e053c47 -> f0cd7edbdb44c5a9727f677366a2389d4cb126a41455595abbefbf3dcbaca000
20:56:18.270200896 pdns=4078/0/active/running/ named=0/inactive/dead/ agent=3169/active/ jphase=target-started killpid=
20:56:18.571704043 CHANGE ledger f0cd7edbdb44c5a9727f677366a2389d4cb126a41455595abbefbf3dcbaca000 -> a34cfe637ae5ade06523b6d7eaeba24670e583d977bb76de26a1b7f8e1abcff5
20:56:18.583110866 pdns=4078/0/active/running/ named=0/inactive/dead/ agent=3169/active/ jphase=target-started killpid=
20:56:18.869762834 CHANGE ledger a34cfe637ae5ade06523b6d7eaeba24670e583d977bb76de26a1b7f8e1abcff5 -> cf811b052ea2f4c137cef6033715f784effb25c938be2c28fa11f44f2a898717
20:56:18.880422129 pdns=4078/0/active/running/ named=0/inactive/dead/ agent=3169/active/ jphase=target-started killpid=
20:56:19.195256149 CHANGE journal 09fdce2d732acb71361075964beef97a5ef37b75b1a4d3c5ca5a73ee2749a53e -> 137a72a70b02275b01e5a76aee37766212c25c03a05c58743a2391b5c006a05b
20:56:19.205728576 CHANGE ledger cf811b052ea2f4c137cef6033715f784effb25c938be2c28fa11f44f2a898717 -> b6f60df823abb544c5ffa1983dbf19c8910d654f025f49883958156f83c0741b
20:56:19.219201184 CHANGE state absent -> 64b0b74ee93c5db7d2570be141d647508c3c6fe6fef73c2d18171d66432d4976
20:56:19.229970218 pdns=4078/0/active/running/ named=0/inactive/dead/ agent=3169/active/ jphase=committed killpid=
20:56:19.526562027 CHANGE ledger b6f60df823abb544c5ffa1983dbf19c8910d654f025f49883958156f83c0741b -> 11ced9cc11125b55ee564ed321fdc36b626c1657c070c0ca0b48e32081849415
20:56:19.542693414 pdns=4078/0/active/running/ named=0/inactive/dead/ agent=3169/active/ jphase=committed killpid=
20:56:19.809686807 CHANGE journal 137a72a70b02275b01e5a76aee37766212c25c03a05c58743a2391b5c006a05b -> absent
20:56:19.829864878 pdns=4078/0/active/running/ named=0/inactive/dead/ agent=3169/active/ jphase=absent killpid=
20:56:20.135937469 pdns=4078/0/active/running/ named=0/inactive/dead/ agent=3169/active/ jphase=absent killpid=
20:56:20.419575109 CHANGE ledger 11ced9cc11125b55ee564ed321fdc36b626c1657c070c0ca0b48e32081849415 -> bbb5e7c27be8a9e8ae489b23d5ef272bf01ce2a2d9daf379074784414de1a0e2
20:56:20.437547837 pdns=4078/0/active/running/ named=0/inactive/dead/ agent=3169/active/ jphase=absent killpid=
20:56:20.732986561 pdns=4078/0/active/running/ named=0/inactive/dead/ agent=3169/active/ jphase=absent killpid=
20:56:21.032676014 pdns=4078/0/active/running/ named=0/inactive/dead/ agent=3169/active/ jphase=absent killpid=
20:56:21.313478882 pdns=4078/0/active/running/ named=0/inactive/dead/ agent=3169/active/ jphase=absent killpid=
20:56:21.596835206 pdns=4078/0/active/running/ named=0/inactive/dead/ agent=3169/active/ jphase=absent killpid=
20:56:21.878779455 pdns=4078/0/active/running/ named=0/inactive/dead/ agent=3169/active/ jphase=absent killpid=
20:56:22.159977327 pdns=4078/0/active/running/ named=0/inactive/dead/ agent=3169/active/ jphase=absent killpid=
20:56:22.439828225 pdns=4078/0/active/running/ named=0/inactive/dead/ agent=3169/active/ jphase=absent killpid=
20:56:22.719784763 pdns=4078/0/active/running/ named=0/inactive/dead/ agent=3169/active/ jphase=absent killpid=
20:56:23.001063023 pdns=4078/0/active/running/ named=0/inactive/dead/ agent=3169/active/ jphase=absent killpid=
20:56:23.279720554 pdns=4078/0/active/running/ named=0/inactive/dead/ agent=3169/active/ jphase=absent killpid=
20:56:23.559117424 pdns=4078/0/active/running/ named=0/inactive/dead/ agent=3169/active/ jphase=absent killpid=
20:56:23.852305751 pdns=4078/0/active/running/ named=0/inactive/dead/ agent=3169/active/ jphase=absent killpid=
20:56:24.133156616 pdns=4078/0/active/running/ named=0/inactive/dead/ agent=3169/active/ jphase=absent killpid=
20:56:24.414942822 pdns=4078/0/active/running/ named=0/inactive/dead/ agent=3169/active/ jphase=absent killpid=
20:56:24.709201428 pdns=4078/0/active/running/ named=0/inactive/dead/ agent=3169/active/ jphase=absent killpid=
20:56:24.995766928 pdns=4078/0/active/running/ named=0/inactive/dead/ agent=3169/active/ jphase=absent killpid=
20:56:25.291452135 pdns=4078/0/active/running/ named=0/inactive/dead/ agent=3169/active/ jphase=absent killpid=
20:56:25.573402551 pdns=4078/0/active/running/ named=0/inactive/dead/ agent=3169/active/ jphase=absent killpid=
20:56:25.860397742 pdns=4078/0/active/running/ named=0/inactive/dead/ agent=3169/active/ jphase=absent killpid=
20:56:26.144571551 pdns=4078/0/active/running/ named=0/inactive/dead/ agent=3169/active/ jphase=absent killpid=
20:56:26.428972011 pdns=4078/0/active/running/ named=0/inactive/dead/ agent=3169/active/ jphase=absent killpid=
20:56:26.720061446 pdns=4078/0/active/running/ named=0/inactive/dead/ agent=3169/active/ jphase=absent killpid=
20:56:27.005637083 pdns=4078/0/active/running/ named=0/inactive/dead/ agent=3169/active/ jphase=absent killpid=
20:56:27.291069518 pdns=4078/0/active/running/ named=0/inactive/dead/ agent=3169/active/ jphase=absent killpid=
20:56:27.572661573 pdns=4078/0/active/running/ named=0/inactive/dead/ agent=3169/active/ jphase=absent killpid=
20:56:27.861337794 pdns=4078/0/active/running/ named=0/inactive/dead/ agent=3169/active/ jphase=absent killpid=
20:56:28.139918711 pdns=4078/0/active/running/ named=0/inactive/dead/ agent=3169/active/ jphase=absent killpid=
20:56:28.424451300 pdns=4078/0/active/running/ named=0/inactive/dead/ agent=3169/active/ jphase=absent killpid=
20:56:28.707457021 pdns=4078/0/active/running/ named=0/inactive/dead/ agent=3169/active/ jphase=absent killpid=
20:56:28.989182256 pdns=4078/0/active/running/ named=0/inactive/dead/ agent=3169/active/ jphase=absent killpid=
20:56:29.270621100 pdns=4078/0/active/running/ named=0/inactive/dead/ agent=3169/active/ jphase=absent killpid=
20:56:29.551114298 pdns=4078/0/active/running/ named=0/inactive/dead/ agent=3169/active/ jphase=absent killpid=
20:56:29.831071232 pdns=4078/0/active/running/ named=0/inactive/dead/ agent=3169/active/ jphase=absent killpid=
20:56:30.112470108 pdns=4078/0/active/running/ named=0/inactive/dead/ agent=3169/active/ jphase=absent killpid=
20:56:30.392739507 pdns=4078/0/active/running/ named=0/inactive/dead/ agent=3169/active/ jphase=absent killpid=
20:56:30.672913881 pdns=4078/0/active/running/ named=0/inactive/dead/ agent=3169/active/ jphase=absent killpid=
20:56:30.955302038 pdns=4078/0/active/running/ named=0/inactive/dead/ agent=3169/active/ jphase=absent killpid=
20:56:31.241244590 pdns=4078/0/active/running/ named=0/inactive/dead/ agent=3169/active/ jphase=absent killpid=
20:56:31.527597598 pdns=4078/0/active/running/ named=0/inactive/dead/ agent=3169/active/ jphase=absent killpid=
20:56:31.813551615 pdns=4078/0/active/running/ named=0/inactive/dead/ agent=3169/active/ jphase=absent killpid=
20:56:32.101276128 pdns=4078/0/active/running/ named=0/inactive/dead/ agent=3169/active/ jphase=absent killpid=
20:56:32.396226321 pdns=4078/0/active/running/ named=0/inactive/dead/ agent=3169/active/ jphase=absent killpid=
20:56:32.677761853 pdns=4078/0/active/running/ named=0/inactive/dead/ agent=3169/active/ jphase=absent killpid=
20:56:32.959096541 pdns=4078/0/active/running/ named=0/inactive/dead/ agent=3169/active/ jphase=absent killpid=
20:56:33.239581901 pdns=4078/0/active/running/ named=0/inactive/dead/ agent=3169/active/ jphase=absent killpid=
20:56:33.529400848 pdns=4078/0/active/running/ named=0/inactive/dead/ agent=3169/active/ jphase=absent killpid=
20:56:33.813451368 pdns=4078/0/active/running/ named=0/inactive/dead/ agent=3169/active/ jphase=absent killpid=
20:56:34.093614712 pdns=4078/0/active/running/ named=0/inactive/dead/ agent=3169/active/ jphase=absent killpid=
20:56:34.375726715 pdns=4078/0/active/running/ named=0/inactive/dead/ agent=3169/active/ jphase=absent killpid=
20:56:34.655159807 pdns=4078/0/active/running/ named=0/inactive/dead/ agent=3169/active/ jphase=absent killpid=
20:56:34.937031001 pdns=4078/0/active/running/ named=0/inactive/dead/ agent=3169/active/ jphase=absent killpid=
20:56:35.219742989 pdns=4078/0/active/running/ named=0/inactive/dead/ agent=3169/active/ jphase=absent killpid=
20:56:35.500848839 pdns=4078/0/active/running/ named=0/inactive/dead/ agent=3169/active/ jphase=absent killpid=
20:56:35.811026781 pdns=4078/0/active/running/ named=0/inactive/dead/ agent=3169/active/ jphase=absent killpid=
20:56:36.093593181 pdns=4078/0/active/running/ named=0/inactive/dead/ agent=3169/active/ jphase=absent killpid=
20:56:36.373335577 pdns=4078/0/active/running/ named=0/inactive/dead/ agent=3169/active/ jphase=absent killpid=
20:56:36.653141819 pdns=4078/0/active/running/ named=0/inactive/dead/ agent=3169/active/ jphase=absent killpid=
20:56:36.934133630 pdns=4078/0/active/running/ named=0/inactive/dead/ agent=3169/active/ jphase=absent killpid=
20:56:37.231820696 pdns=4078/0/active/running/ named=0/inactive/dead/ agent=3169/active/ jphase=absent killpid=
20:56:37.513128172 pdns=4078/0/active/running/ named=0/inactive/dead/ agent=3169/active/ jphase=absent killpid=
20:56:37.794098089 pdns=4078/0/active/running/ named=0/inactive/dead/ agent=3169/active/ jphase=absent killpid=
20:56:38.074408396 pdns=4078/0/active/running/ named=0/inactive/dead/ agent=3169/active/ jphase=absent killpid=
20:56:38.353298956 pdns=4078/0/active/running/ named=0/inactive/dead/ agent=3169/active/ jphase=absent killpid=
20:56:38.633897882 pdns=4078/0/active/running/ named=0/inactive/dead/ agent=3169/active/ jphase=absent killpid=
20:56:38.917067825 pdns=4078/0/active/running/ named=0/inactive/dead/ agent=3169/active/ jphase=absent killpid=
20:56:39.213213907 pdns=4078/0/active/running/ named=0/inactive/dead/ agent=3169/active/ jphase=absent killpid=
20:56:39.493212673 pdns=4078/0/active/running/ named=0/inactive/dead/ agent=3169/active/ jphase=absent killpid=
20:56:39.770628232 pdns=4078/0/active/running/ named=0/inactive/dead/ agent=3169/active/ jphase=absent killpid=
20:56:40.051250598 pdns=4078/0/active/running/ named=0/inactive/dead/ agent=3169/active/ jphase=absent killpid=
20:56:40.331062373 pdns=4078/0/active/running/ named=0/inactive/dead/ agent=3169/active/ jphase=absent killpid=
20:56:40.613056757 pdns=4078/0/active/running/ named=0/inactive/dead/ agent=3169/active/ jphase=absent killpid=
20:56:40.899861023 pdns=4078/0/active/running/ named=0/inactive/dead/ agent=3169/active/ jphase=absent killpid=
20:56:41.181294533 pdns=4078/0/active/running/ named=0/inactive/dead/ agent=3169/active/ jphase=absent killpid=
20:56:41.461319594 pdns=4078/0/active/running/ named=0/inactive/dead/ agent=3169/active/ jphase=absent killpid=
20:56:41.739645498 pdns=4078/0/active/running/ named=0/inactive/dead/ agent=3169/active/ jphase=absent killpid=
20:56:42.018803526 pdns=4078/0/active/running/ named=0/inactive/dead/ agent=3169/active/ jphase=absent killpid=
20:56:42.298686045 pdns=4078/0/active/running/ named=0/inactive/dead/ agent=3169/active/ jphase=absent killpid=
20:56:42.579412240 pdns=4078/0/active/running/ named=0/inactive/dead/ agent=3169/active/ jphase=absent killpid=
20:56:42.862111172 pdns=4078/0/active/running/ named=0/inactive/dead/ agent=3169/active/ jphase=absent killpid=
20:56:43.141518047 pdns=4078/0/active/running/ named=0/inactive/dead/ agent=3169/active/ jphase=absent killpid=
20:56:43.419845076 pdns=4078/0/active/running/ named=0/inactive/dead/ agent=3169/active/ jphase=absent killpid=
20:56:43.698645464 pdns=4078/0/active/running/ named=0/inactive/dead/ agent=3169/active/ jphase=absent killpid=
20:56:43.978795929 pdns=4078/0/active/running/ named=0/inactive/dead/ agent=3169/active/ jphase=absent killpid=
20:56:44.257183500 pdns=4078/0/active/running/ named=0/inactive/dead/ agent=3169/active/ jphase=absent killpid=
20:56:44.537739949 pdns=4078/0/active/running/ named=0/inactive/dead/ agent=3169/active/ jphase=absent killpid=
20:56:44.820220161 pdns=4078/0/active/running/ named=0/inactive/dead/ agent=3169/active/ jphase=absent killpid=
20:56:45.099903871 pdns=4078/0/active/running/ named=0/inactive/dead/ agent=3169/active/ jphase=absent killpid=
20:56:45.378990572 pdns=4078/0/active/running/ named=0/inactive/dead/ agent=3169/active/ jphase=absent killpid=
20:56:45.661573527 pdns=4078/0/active/running/ named=0/inactive/dead/ agent=3169/active/ jphase=absent killpid=
20:56:45.945394979 pdns=4078/0/active/running/ named=0/inactive/dead/ agent=3169/active/ jphase=absent killpid=
20:56:46.229516409 pdns=4078/0/active/running/ named=0/inactive/dead/ agent=3169/active/ jphase=absent killpid=
20:56:46.525712232 pdns=4078/0/active/running/ named=0/inactive/dead/ agent=3169/active/ jphase=absent killpid=
20:56:46.807969681 pdns=4078/0/active/running/ named=0/inactive/dead/ agent=3169/active/ jphase=absent killpid=
20:56:47.088606453 pdns=4078/0/active/running/ named=0/inactive/dead/ agent=3169/active/ jphase=absent killpid=
20:56:47.367760372 pdns=4078/0/active/running/ named=0/inactive/dead/ agent=3169/active/ jphase=absent killpid=
20:56:47.649512560 pdns=4078/0/active/running/ named=0/inactive/dead/ agent=3169/active/ jphase=absent killpid=
20:56:47.955787529 pdns=4078/0/active/running/ named=0/inactive/dead/ agent=3169/active/ jphase=absent killpid=
20:56:48.238362020 pdns=4078/0/active/running/ named=0/inactive/dead/ agent=3169/active/ jphase=absent killpid=
20:56:48.517372072 pdns=4078/0/active/running/ named=0/inactive/dead/ agent=3169/active/ jphase=absent killpid=
20:56:48.797595170 pdns=4078/0/active/running/ named=0/inactive/dead/ agent=3169/active/ jphase=absent killpid=
20:56:49.077466606 pdns=4078/0/active/running/ named=0/inactive/dead/ agent=3169/active/ jphase=absent killpid=
20:56:49.357247351 pdns=4078/0/active/running/ named=0/inactive/dead/ agent=3169/active/ jphase=absent killpid=
20:56:49.642328864 pdns=4078/0/active/running/ named=0/inactive/dead/ agent=3169/active/ jphase=absent killpid=
20:56:49.928724949 pdns=4078/0/active/running/ named=0/inactive/dead/ agent=3169/active/ jphase=absent killpid=
20:56:50.208691824 pdns=4078/0/active/running/ named=0/inactive/dead/ agent=3169/active/ jphase=absent killpid=
20:56:50.488015688 pdns=4078/0/active/running/ named=0/inactive/dead/ agent=3169/active/ jphase=absent killpid=
20:56:50.774808365 pdns=4078/0/active/running/ named=0/inactive/dead/ agent=3169/active/ jphase=absent killpid=
20:56:51.057526240 pdns=4078/0/active/running/ named=0/inactive/dead/ agent=3169/active/ jphase=absent killpid=
20:56:51.341464078 pdns=4078/0/active/running/ named=0/inactive/dead/ agent=3169/active/ jphase=absent killpid=
done
