19:54:36.826438822 CHANGE journal none -> absent
19:54:36.836376525 CHANGE ledger none -> 3f572e9624da0f38be10c48c3ef0d2a8a076737903ab732ab8763f31864d0e20
19:54:36.844658945 CHANGE state none -> 0debfc5bf3b088a65cc8f55cb14a952236a765cd9bcf8ff38483aae8ec59f92b
19:54:36.854996022 CHANGE pdnsdb none -> 7274fdf430e974394942d59684f4a7c1b49096c181abf8b5f28dc1e378208bd4
19:54:36.858302185 POINTER 
19:54:36.859675704 pdns=646/0/active/running/ named=0/inactive/dead/ agent=0/inactive/ jphase=absent killpid=
19:54:37.207869087 pdns=646/0/active/running/ named=0/inactive/dead/ agent=0/inactive/ jphase=absent killpid=
19:54:37.500667835 pdns=646/0/active/running/ named=0/inactive/dead/ agent=0/inactive/ jphase=absent killpid=
19:54:37.792102482 pdns=646/0/active/running/ named=0/inactive/dead/ agent=0/inactive/ jphase=absent killpid=
19:54:38.079664260 pdns=646/0/active/running/ named=0/inactive/dead/ agent=0/inactive/ jphase=absent killpid=
19:54:38.354219003 pdns=646/0/active/running/ named=0/inactive/dead/ agent=0/inactive/ jphase=absent killpid=
19:54:38.627903654 pdns=646/0/active/running/ named=0/inactive/dead/ agent=0/inactive/ jphase=absent killpid=
19:54:38.903497144 pdns=646/0/active/running/ named=0/inactive/dead/ agent=0/inactive/ jphase=absent killpid=
19:54:39.177877683 pdns=646/0/active/running/ named=0/inactive/dead/ agent=0/inactive/ jphase=absent killpid=
19:54:39.451295467 pdns=646/0/active/running/ named=0/inactive/dead/ agent=0/inactive/ jphase=absent killpid=
19:54:39.725829852 pdns=646/0/active/running/ named=0/inactive/dead/ agent=0/inactive/ jphase=absent killpid=
19:54:40.004078270 pdns=646/0/active/running/ named=0/inactive/dead/ agent=0/inactive/ jphase=absent killpid=
19:54:40.279358826 pdns=646/0/active/running/ named=0/inactive/dead/ agent=0/inactive/ jphase=absent killpid=
19:54:40.554579130 pdns=646/0/active/running/ named=0/inactive/dead/ agent=0/inactive/ jphase=absent killpid=
19:54:40.829130668 pdns=646/0/active/running/ named=0/inactive/dead/ agent=0/inactive/ jphase=absent killpid=
19:54:41.103873076 pdns=646/0/active/running/ named=0/inactive/dead/ agent=0/inactive/ jphase=absent killpid=
19:54:41.378137202 pdns=646/0/active/running/ named=0/inactive/dead/ agent=0/inactive/ jphase=absent killpid=
19:54:41.653051746 pdns=646/0/active/running/ named=0/inactive/dead/ agent=0/inactive/ jphase=absent killpid=
19:54:41.927905938 pdns=646/0/active/running/ named=0/inactive/dead/ agent=0/inactive/ jphase=absent killpid=
19:54:42.200923156 pdns=646/0/active/running/ named=0/inactive/dead/ agent=0/inactive/ jphase=absent killpid=
19:54:42.475183810 pdns=646/0/active/running/ named=0/inactive/dead/ agent=0/inactive/ jphase=absent killpid=
19:54:42.755581515 pdns=646/0/active/running/ named=0/inactive/dead/ agent=0/inactive/ jphase=absent killpid=
19:54:43.031909200 pdns=646/0/active/running/ named=0/inactive/dead/ agent=0/inactive/ jphase=absent killpid=
19:54:43.311836799 pdns=646/0/active/running/ named=0/inactive/dead/ agent=0/inactive/ jphase=absent killpid=
19:54:43.592553147 pdns=646/0/active/running/ named=0/inactive/dead/ agent=0/inactive/ jphase=absent killpid=
19:54:43.866247549 pdns=646/0/active/running/ named=0/inactive/dead/ agent=0/inactive/ jphase=absent killpid=
19:54:44.140386828 pdns=646/0/active/running/ named=0/inactive/dead/ agent=0/inactive/ jphase=absent killpid=
19:54:44.416192471 pdns=646/0/active/running/ named=0/inactive/dead/ agent=0/inactive/ jphase=absent killpid=
19:54:44.690001136 pdns=646/0/active/running/ named=0/inactive/dead/ agent=0/inactive/ jphase=absent killpid=
19:54:44.966230538 pdns=646/0/active/running/ named=0/inactive/dead/ agent=0/inactive/ jphase=absent killpid=
19:54:45.243906576 pdns=646/0/active/running/ named=0/inactive/dead/ agent=0/inactive/ jphase=absent killpid=
19:54:45.521659985 pdns=646/0/active/running/ named=0/inactive/dead/ agent=0/inactive/ jphase=absent killpid=
19:54:45.799248204 pdns=646/0/active/running/ named=0/inactive/dead/ agent=0/inactive/ jphase=absent killpid=
19:54:46.081522456 pdns=646/0/active/running/ named=0/inactive/dead/ agent=0/inactive/ jphase=absent killpid=
19:54:46.363180395 pdns=646/0/active/running/ named=0/inactive/dead/ agent=0/inactive/ jphase=absent killpid=
19:54:46.668667550 pdns=646/0/active/running/ named=0/inactive/dead/ agent=0/inactive/ jphase=absent killpid=
19:54:46.947570735 pdns=646/0/active/running/ named=0/inactive/dead/ agent=0/inactive/ jphase=absent killpid=
19:54:47.222723726 pdns=646/0/active/running/ named=0/inactive/dead/ agent=0/inactive/ jphase=absent killpid=
19:54:47.505299606 pdns=646/0/active/running/ named=0/inactive/dead/ agent=0/inactive/ jphase=absent killpid=
19:54:47.784016298 pdns=646/0/active/running/ named=0/inactive/dead/ agent=0/inactive/ jphase=absent killpid=
19:54:48.060999849 pdns=646/0/active/running/ named=0/inactive/dead/ agent=0/inactive/ jphase=absent killpid=
19:54:48.336668907 pdns=646/0/active/running/ named=0/inactive/dead/ agent=0/inactive/ jphase=absent killpid=
19:54:48.611471325 pdns=646/0/active/running/ named=0/inactive/dead/ agent=0/inactive/ jphase=absent killpid=
19:54:48.888647525 pdns=646/0/active/running/ named=0/inactive/dead/ agent=0/inactive/ jphase=absent killpid=
19:54:49.163822646 pdns=646/0/active/running/ named=0/inactive/dead/ agent=0/inactive/ jphase=absent killpid=
19:54:49.442094056 pdns=646/0/active/running/ named=0/inactive/dead/ agent=0/inactive/ jphase=absent killpid=
19:54:49.721438185 pdns=646/0/active/running/ named=0/inactive/dead/ agent=0/inactive/ jphase=absent killpid=
19:54:49.996672939 pdns=646/0/active/running/ named=0/inactive/dead/ agent=0/inactive/ jphase=absent killpid=
19:54:50.274112484 pdns=646/0/active/running/ named=0/inactive/dead/ agent=0/inactive/ jphase=absent killpid=
19:54:50.545296074 pdns=646/0/active/running/ named=0/inactive/dead/ agent=0/inactive/ jphase=absent killpid=
19:54:50.821731026 pdns=646/0/active/running/ named=0/inactive/dead/ agent=0/inactive/ jphase=absent killpid=
19:54:51.094955571 pdns=646/0/active/running/ named=0/inactive/dead/ agent=0/inactive/ jphase=absent killpid=
19:54:51.368651580 pdns=646/0/active/running/ named=0/inactive/dead/ agent=0/inactive/ jphase=absent killpid=
19:54:51.644596918 pdns=646/0/active/running/ named=0/inactive/dead/ agent=0/inactive/ jphase=absent killpid=
19:54:51.920244958 pdns=646/0/active/running/ named=0/inactive/dead/ agent=0/inactive/ jphase=absent killpid=
19:54:52.195486402 pdns=646/0/active/running/ named=0/inactive/dead/ agent=0/inactive/ jphase=absent killpid=
19:54:52.479359003 pdns=646/0/active/running/ named=0/inactive/dead/ agent=0/inactive/ jphase=absent killpid=
19:54:52.757316150 pdns=646/0/active/running/ named=0/inactive/dead/ agent=0/inactive/ jphase=absent killpid=
19:54:53.063801747 pdns=646/0/active/running/ named=0/inactive/dead/ agent=0/inactive/ jphase=absent killpid=
19:54:53.345922823 pdns=646/0/active/running/ named=0/inactive/dead/ agent=0/inactive/ jphase=absent killpid=
19:54:53.629398585 pdns=646/0/active/running/ named=0/inactive/dead/ agent=0/inactive/ jphase=absent killpid=
19:54:53.908533086 pdns=646/0/active/running/ named=0/inactive/dead/ agent=0/inactive/ jphase=absent killpid=
19:54:54.185989070 pdns=646/0/active/running/ named=0/inactive/dead/ agent=0/inactive/ jphase=absent killpid=
19:54:54.463515090 pdns=646/0/active/running/ named=0/inactive/dead/ agent=0/inactive/ jphase=absent killpid=
19:54:54.738563384 pdns=646/0/active/running/ named=0/inactive/dead/ agent=0/inactive/ jphase=absent killpid=
19:54:55.017207450 pdns=646/0/active/running/ named=0/inactive/dead/ agent=0/inactive/ jphase=absent killpid=
19:54:55.290559616 pdns=646/0/active/running/ named=0/inactive/dead/ agent=0/inactive/ jphase=absent killpid=
19:54:55.565742345 pdns=646/0/active/running/ named=0/inactive/dead/ agent=0/inactive/ jphase=absent killpid=
19:54:55.840796410 pdns=646/0/active/running/ named=0/inactive/dead/ agent=0/inactive/ jphase=absent killpid=
19:54:56.118591838 pdns=646/0/active/running/ named=0/inactive/dead/ agent=0/inactive/ jphase=absent killpid=
19:54:56.395206685 pdns=646/0/active/running/ named=0/inactive/dead/ agent=0/inactive/ jphase=absent killpid=
19:54:56.668644957 pdns=646/0/active/running/ named=0/inactive/dead/ agent=0/inactive/ jphase=absent killpid=
19:54:56.944568491 pdns=646/0/active/running/ named=0/inactive/dead/ agent=0/inactive/ jphase=absent killpid=
19:54:57.222621347 pdns=646/0/active/running/ named=0/inactive/dead/ agent=0/inactive/ jphase=absent killpid=
19:54:57.497758937 pdns=646/0/active/running/ named=0/inactive/dead/ agent=0/inactive/ jphase=absent killpid=
19:54:57.769923253 pdns=646/0/active/running/ named=0/inactive/dead/ agent=0/inactive/ jphase=absent killpid=
19:54:58.046358291 pdns=646/0/active/running/ named=0/inactive/dead/ agent=0/inactive/ jphase=absent killpid=
19:54:58.322702491 pdns=646/0/active/running/ named=0/inactive/dead/ agent=0/inactive/ jphase=absent killpid=
19:54:58.598481757 pdns=646/0/active/running/ named=0/inactive/dead/ agent=0/inactive/ jphase=absent killpid=
19:54:58.873669489 pdns=646/0/active/running/ named=0/inactive/dead/ agent=0/inactive/ jphase=absent killpid=
19:54:59.155957137 pdns=646/0/active/running/ named=0/inactive/dead/ agent=0/inactive/ jphase=absent killpid=
19:54:59.440451394 pdns=646/0/active/running/ named=0/inactive/dead/ agent=0/inactive/ jphase=absent killpid=
19:54:59.719213180 pdns=646/0/active/running/ named=0/inactive/dead/ agent=0/inactive/ jphase=absent killpid=
19:54:59.995737757 pdns=646/0/active/running/ named=0/inactive/dead/ agent=0/inactive/ jphase=absent killpid=
19:55:00.270508102 pdns=646/0/active/running/ named=0/inactive/dead/ agent=0/inactive/ jphase=absent killpid=
19:55:00.548016369 pdns=646/0/active/running/ named=0/inactive/dead/ agent=0/inactive/ jphase=absent killpid=
19:55:00.822753354 pdns=646/0/active/running/ named=0/inactive/dead/ agent=0/inactive/ jphase=absent killpid=
19:55:01.100105570 pdns=646/0/active/running/ named=0/inactive/dead/ agent=0/inactive/ jphase=absent killpid=
19:55:01.378426675 pdns=646/0/active/running/ named=0/inactive/dead/ agent=0/inactive/ jphase=absent killpid=
19:55:01.655978034 pdns=646/0/active/running/ named=0/inactive/dead/ agent=0/inactive/ jphase=absent killpid=
19:55:01.932154250 pdns=646/0/active/running/ named=0/inactive/dead/ agent=0/inactive/ jphase=absent killpid=
19:55:02.212589633 pdns=646/0/active/running/ named=0/inactive/dead/ agent=0/inactive/ jphase=absent killpid=
19:55:02.492671280 pdns=646/0/active/running/ named=0/inactive/dead/ agent=0/inactive/ jphase=absent killpid=
19:55:02.774290129 pdns=646/0/active/running/ named=0/inactive/dead/ agent=0/inactive/ jphase=absent killpid=
19:55:03.047478095 pdns=646/0/active/running/ named=0/inactive/dead/ agent=0/inactive/ jphase=absent killpid=
19:55:03.322168642 pdns=646/0/active/running/ named=0/inactive/dead/ agent=0/inactive/ jphase=absent killpid=
19:55:03.599007343 pdns=646/0/active/running/ named=0/inactive/dead/ agent=0/inactive/ jphase=absent killpid=
19:55:03.875898487 pdns=646/0/active/running/ named=0/inactive/dead/ agent=0/inactive/ jphase=absent killpid=
19:55:04.148674567 pdns=646/0/active/running/ named=0/inactive/dead/ agent=0/inactive/ jphase=absent killpid=
19:55:04.425246128 pdns=646/0/active/running/ named=0/inactive/dead/ agent=0/inactive/ jphase=absent killpid=
19:55:04.703156324 pdns=646/0/active/running/ named=0/inactive/dead/ agent=0/inactive/ jphase=absent killpid=
19:55:04.979035518 pdns=646/0/active/running/ named=0/inactive/dead/ agent=0/inactive/ jphase=absent killpid=
19:55:05.255948854 pdns=646/0/active/running/ named=0/inactive/dead/ agent=0/inactive/ jphase=absent killpid=
19:55:05.530603253 pdns=646/0/active/running/ named=0/inactive/dead/ agent=0/inactive/ jphase=absent killpid=
19:55:05.810845014 pdns=646/0/active/running/ named=0/inactive/dead/ agent=0/inactive/ jphase=absent killpid=
19:55:06.088210547 pdns=646/0/active/running/ named=0/inactive/dead/ agent=0/inactive/ jphase=absent killpid=
19:55:06.365045989 pdns=646/0/active/running/ named=0/inactive/dead/ agent=0/inactive/ jphase=absent killpid=
19:55:06.643466970 pdns=646/0/active/running/ named=0/inactive/dead/ agent=0/inactive/ jphase=absent killpid=
19:55:06.919405256 pdns=646/0/active/running/ named=0/inactive/dead/ agent=0/inactive/ jphase=absent killpid=
19:55:07.193729395 pdns=646/0/active/running/ named=0/inactive/dead/ agent=0/inactive/ jphase=absent killpid=
19:55:07.468121064 pdns=646/0/active/running/ named=0/inactive/dead/ agent=0/inactive/ jphase=absent killpid=
19:55:07.742749421 pdns=646/0/active/running/ named=0/inactive/dead/ agent=0/inactive/ jphase=absent killpid=
19:55:08.019970870 pdns=646/0/active/running/ named=0/inactive/dead/ agent=0/inactive/ jphase=absent killpid=
19:55:08.296178065 pdns=646/0/active/running/ named=0/inactive/dead/ agent=0/inactive/ jphase=absent killpid=
done
