13:04:31.324189305 CHANGE journal none -> absent
13:04:31.341483230 CHANGE ledger none -> 177f61d12ed0bb85e6ea535b807b376e26bbe0871405a13867c0b3cb6ea4b211
13:04:31.344869994 CHANGE state none -> absent
13:04:31.346234521 pdns=1764/0/active/running/ named=0/inactive/dead/ agent=0/inactive/ jphase=absent killpid=
13:04:31.628575299 pdns=1764/0/active/running/ named=0/inactive/dead/ agent=0/inactive/ jphase=absent killpid=
13:04:31.902694050 pdns=1764/0/active/running/ named=0/inactive/dead/ agent=0/inactive/ jphase=absent killpid=
13:04:32.198722717 pdns=1764/0/active/running/ named=0/inactive/dead/ agent=0/inactive/ jphase=absent killpid=2124,
13:04:32.511491311 CHANGE ledger 177f61d12ed0bb85e6ea535b807b376e26bbe0871405a13867c0b3cb6ea4b211 -> d4a2f7b358681cb87c68f0123860e8eeb1d224c80bfa8f279daf1409dbc93201
13:04:32.513533274 pdns=1764/0/active/running/ named=0/inactive/dead/ agent=0/inactive/ jphase=absent killpid=2124,2210,
13:04:32.832378887 CHANGE ledger d4a2f7b358681cb87c68f0123860e8eeb1d224c80bfa8f279daf1409dbc93201 -> 0dd8c7cdf52a5c73b0c9bcd07fd58553f92f46c828da1e185f5a7233df4d1a6f
13:04:32.835108200 pdns=1764/0/active/running/ named=0/inactive/dead/ agent=0/inactive/ jphase=absent killpid=2124,
13:04:33.155937050 CHANGE ledger 0dd8c7cdf52a5c73b0c9bcd07fd58553f92f46c828da1e185f5a7233df4d1a6f -> d8856fdfc10e25af72e8e71365c337e18ac6b50b6a143309150300abeea00138
13:04:33.164490516 pdns=1764/0/active/running/ named=0/inactive/dead/ agent=0/inactive/ jphase=absent killpid=2124,
13:04:33.488609276 CHANGE ledger d8856fdfc10e25af72e8e71365c337e18ac6b50b6a143309150300abeea00138 -> 778fb86b67e13d7459aaf5be04df43d1ef9a40e6d225994f08d71875ae7906bd
13:04:33.492331738 pdns=1764/0/active/running/ named=0/inactive/dead/ agent=0/inactive/ jphase=absent killpid=2124,
13:04:33.835275109 CHANGE ledger 778fb86b67e13d7459aaf5be04df43d1ef9a40e6d225994f08d71875ae7906bd -> 70b3735b8186dfad2bd759c9610826ada315455c2f042a4faec6a282a442ba8a
13:04:33.837532327 pdns=1764/0/active/running/ named=0/inactive/dead/ agent=0/inactive/ jphase=absent killpid=2124,2469,
13:04:34.148168569 CHANGE ledger 70b3735b8186dfad2bd759c9610826ada315455c2f042a4faec6a282a442ba8a -> c5ee11b42b80d4244876f1afc2da0e828da66621c051661df6b4efc8c16ec987
13:04:34.150502050 pdns=1764/0/active/running/ named=0/inactive/dead/ agent=0/inactive/ jphase=absent killpid=2124,
13:04:34.502180389 CHANGE ledger c5ee11b42b80d4244876f1afc2da0e828da66621c051661df6b4efc8c16ec987 -> eaa390318b72883ab8087c44b434e7a9ca92dc3ef2853a28fa6c3bbad374eebb
13:04:34.505443054 pdns=1764/0/active/running/ named=0/inactive/dead/ agent=0/inactive/ jphase=absent killpid=2124,
13:04:34.890447313 CHANGE ledger eaa390318b72883ab8087c44b434e7a9ca92dc3ef2853a28fa6c3bbad374eebb -> dd2b14e67ec0da38260bf87346448df778a288bb2c5496a48e7aabd90c3c59c5
13:04:34.892922235 pdns=1764/0/active/running/ named=0/inactive/dead/ agent=0/inactive/ jphase=absent killpid=2124,2667,
13:04:35.207102347 CHANGE ledger dd2b14e67ec0da38260bf87346448df778a288bb2c5496a48e7aabd90c3c59c5 -> 630e10b008b01a1dd13f4ddce1fc23883e9958e7be32ca2e47c44de8e7e603d8
13:04:35.208874708 pdns=1764/0/active/running/ named=0/inactive/dead/ agent=0/inactive/ jphase=absent killpid=2124,
13:04:35.506751515 CHANGE ledger 630e10b008b01a1dd13f4ddce1fc23883e9958e7be32ca2e47c44de8e7e603d8 -> 930cda78a166780ac99695002f46e6358170619cf6ece9c5c2497b10e1c49330
13:04:35.508795938 pdns=1764/0/active/running/ named=0/inactive/dead/ agent=0/inactive/ jphase=absent killpid=2124,
13:04:35.815293598 CHANGE ledger 930cda78a166780ac99695002f46e6358170619cf6ece9c5c2497b10e1c49330 -> fd8d16ccf8876d17bec3bc4fec801f7327e88d5086607e14ae6befc18c49a72b
13:04:35.816984936 pdns=1764/0/active/running/ named=0/inactive/dead/ agent=0/inactive/ jphase=absent killpid=2124,2868,
13:04:36.107858401 CHANGE ledger fd8d16ccf8876d17bec3bc4fec801f7327e88d5086607e14ae6befc18c49a72b -> e679b71452e784fe11badaea6e3dc21838d79c06e4d4b93fc2a802d8d6f2a6d9
13:04:36.109513292 pdns=1764/0/active/running/ named=0/inactive/dead/ agent=0/inactive/ jphase=absent killpid=2124,
13:04:36.406651956 CHANGE ledger e679b71452e784fe11badaea6e3dc21838d79c06e4d4b93fc2a802d8d6f2a6d9 -> b5198662665df112707f0286dc0879cbffceac00adcb76a1d04bc74f9d73d0d3
13:04:36.409596465 pdns=1764/0/active/running/ named=0/inactive/dead/ agent=0/inactive/ jphase=absent killpid=2124,
13:04:36.770351429 CHANGE ledger b5198662665df112707f0286dc0879cbffceac00adcb76a1d04bc74f9d73d0d3 -> bb1eb46173a475ed97792e27858f6b61be15f251f4954c1ff170f05e3b361cd4
13:04:36.772226489 pdns=1764/0/active/running/ named=0/inactive/dead/ agent=0/inactive/ jphase=absent killpid=2124,3065,
13:04:37.056978164 CHANGE journal absent -> b547815455566338b0af915ad461bcbd3eae03b8a78d5e4b3bc99156eac39041
13:04:37.066028305 CHANGE ledger bb1eb46173a475ed97792e27858f6b61be15f251f4954c1ff170f05e3b361cd4 -> 1f625d412ff5cde15d34b656402f92944aa8bda1df675c158f60067b98ea009b
13:04:37.067585989 pdns=1764/0/active/running/ named=0/inactive/dead/ agent=0/inactive/ jphase=rolling-back killpid=2124,
13:04:37.356559461 CHANGE ledger 1f625d412ff5cde15d34b656402f92944aa8bda1df675c158f60067b98ea009b -> ee9f087bd75864a8274fb1fc22edf71bb41249ca5c0efe695d7fdd9a7dfcc915
13:04:37.358334478 pdns=1764/0/active/running/ named=0/inactive/dead/ agent=0/inactive/ jphase=rolling-back killpid=2124,
13:04:37.650996597 CHANGE ledger ee9f087bd75864a8274fb1fc22edf71bb41249ca5c0efe695d7fdd9a7dfcc915 -> dd1263887084c158360c088b5ac677495a222608754609fa4c2b22fadb61c1a2
13:04:37.652592052 pdns=1764/0/active/running/ named=0/inactive/dead/ agent=0/inactive/ jphase=rolling-back killpid=2124,3265,
13:04:37.968232950 CHANGE ledger dd1263887084c158360c088b5ac677495a222608754609fa4c2b22fadb61c1a2 -> f74e10a63ce4f8086c18cda711082168c8e101335cc4bcf3ce95f2d71da66be5
13:04:37.970144857 pdns=1764/0/active/running/ named=0/inactive/dead/ agent=0/inactive/ jphase=rolling-back killpid=2124,3331,
13:04:38.277310238 CHANGE ledger f74e10a63ce4f8086c18cda711082168c8e101335cc4bcf3ce95f2d71da66be5 -> f96d03a26a29dbda158bf6797264d12c03463889f0005856d0168c93e51d2db7
13:04:38.279033769 pdns=1764/0/active/running/ named=0/inactive/dead/ agent=0/inactive/ jphase=rolling-back killpid=2124,
13:04:38.577779509 CHANGE ledger f96d03a26a29dbda158bf6797264d12c03463889f0005856d0168c93e51d2db7 -> 6ba5e6ef65c29c7eb8f6632622bf94a042e9b76a7b4ae8ae2d4443f9d5ef0f74
13:04:38.579591510 pdns=1764/0/active/running/ named=0/inactive/dead/ agent=0/inactive/ jphase=rolling-back killpid=2124,
13:04:38.861677562 CHANGE ledger 6ba5e6ef65c29c7eb8f6632622bf94a042e9b76a7b4ae8ae2d4443f9d5ef0f74 -> 9c81be809c93f23b038ab8ce47b01de89e00371c52d892ff139391c8b5e7cb61
13:04:38.863591527 pdns=1764/0/active/running/ named=0/inactive/dead/ agent=0/inactive/ jphase=rolling-back killpid=2124,3548,
13:04:39.150998696 CHANGE journal b547815455566338b0af915ad461bcbd3eae03b8a78d5e4b3bc99156eac39041 -> 2af7b7b6958b7f84672e9156d9d1414f91f6e014e63e8387f3630083bfa0eb24
13:04:39.171357470 CHANGE ledger 9c81be809c93f23b038ab8ce47b01de89e00371c52d892ff139391c8b5e7cb61 -> 65abe3005ba7c93f5b2231ca8f085bf3c8a48012bc0c1aa7df9e6d0ade8fdb12
13:04:39.174463995 pdns=1764/0/active/running/ named=0/inactive/dead/ agent=3602/active/ jphase=rolled-back killpid=
13:04:39.728758151 CHANGE ledger 65abe3005ba7c93f5b2231ca8f085bf3c8a48012bc0c1aa7df9e6d0ade8fdb12 -> 29fc1c61df34e729cc2b58760b9c1c9b0bf83f5b8e154239bc7153ed123615a3
13:04:39.731390238 pdns=1764/0/active/running/ named=0/inactive/dead/ agent=3602/active/ jphase=rolled-back killpid=
13:04:40.038431203 pdns=1764/0/active/running/ named=0/inactive/dead/ agent=3602/active/ jphase=rolled-back killpid=
13:04:40.327792193 pdns=1764/0/active/running/ named=0/inactive/dead/ agent=3602/active/ jphase=rolled-back killpid=
13:04:40.619120760 pdns=1764/0/active/running/ named=0/inactive/dead/ agent=3602/active/ jphase=rolled-back killpid=
13:04:40.897697545 pdns=1764/0/active/running/ named=0/inactive/dead/ agent=3602/active/ jphase=rolled-back killpid=
13:04:41.184557652 pdns=1764/0/active/running/ named=0/inactive/dead/ agent=3602/active/ jphase=rolled-back killpid=
13:04:41.480383840 pdns=1764/0/active/running/ named=0/inactive/dead/ agent=3602/active/ jphase=rolled-back killpid=
13:04:41.788914145 pdns=1764/0/active/running/ named=0/inactive/dead/ agent=3602/active/ jphase=rolled-back killpid=
13:04:42.067434385 pdns=1764/0/active/running/ named=0/inactive/dead/ agent=3602/active/ jphase=rolled-back killpid=
13:04:42.353751476 pdns=1764/0/active/running/ named=0/inactive/dead/ agent=3602/active/ jphase=rolled-back killpid=
13:04:42.676871664 pdns=1764/0/active/running/ named=0/inactive/dead/ agent=3602/active/ jphase=rolled-back killpid=
13:04:42.962102020 pdns=1764/0/active/running/ named=0/inactive/dead/ agent=3602/active/ jphase=rolled-back killpid=
13:04:43.387928211 pdns=1764/0/active/running/ named=0/inactive/dead/ agent=3602/active/ jphase=rolled-back killpid=
13:04:43.669728887 CHANGE journal 2af7b7b6958b7f84672e9156d9d1414f91f6e014e63e8387f3630083bfa0eb24 -> absent
13:04:43.674367600 pdns=1764/0/active/running/ named=0/inactive/dead/ agent=3602/active/ jphase=absent killpid=
13:04:43.954360093 pdns=1764/0/active/running/ named=0/inactive/dead/ agent=3602/active/ jphase=absent killpid=
13:04:44.227504586 pdns=1764/0/active/running/ named=0/inactive/dead/ agent=3602/active/ jphase=absent killpid=
13:04:44.524288363 pdns=1764/0/active/running/ named=0/inactive/dead/ agent=3602/active/ jphase=absent killpid=
13:04:44.985714544 pdns=1764/0/active/running/ named=0/inactive/dead/ agent=3602/active/ jphase=absent killpid=
13:04:45.272026609 pdns=1764/0/active/running/ named=0/inactive/dead/ agent=3602/active/ jphase=absent killpid=
13:04:45.620159022 pdns=1764/0/active/running/ named=0/inactive/dead/ agent=3602/active/ jphase=absent killpid=
13:04:46.067776074 pdns=1764/0/active/running/ named=0/inactive/dead/ agent=3602/active/ jphase=absent killpid=
13:04:46.643946052 pdns=1764/0/active/running/ named=0/inactive/dead/ agent=3602/active/ jphase=absent killpid=
13:04:50.255331417 pdns=1764/0/active/running/ named=0/inactive/dead/ agent=3602/active/ jphase=absent killpid=
13:04:51.515575585 pdns=1764/0/active/running/ named=0/inactive/dead/ agent=3602/active/ jphase=absent killpid=
13:04:51.938539554 pdns=1764/0/active/running/ named=0/inactive/dead/ agent=3602/active/ jphase=absent killpid=
13:04:52.228273801 pdns=1764/0/active/running/ named=0/inactive/dead/ agent=3602/active/ jphase=absent killpid=
13:04:52.556408717 pdns=1764/0/active/running/ named=0/inactive/dead/ agent=3602/active/ jphase=absent killpid=
13:04:52.870105533 pdns=1764/0/active/running/ named=0/inactive/dead/ agent=3602/active/ jphase=absent killpid=
13:04:53.199362214 pdns=1764/0/active/running/ named=0/inactive/dead/ agent=3602/active/ jphase=absent killpid=
13:04:53.542477037 pdns=1764/0/active/running/ named=0/inactive/dead/ agent=3602/active/ jphase=absent killpid=
13:04:53.887482320 pdns=1764/0/active/running/ named=0/inactive/dead/ agent=3602/active/ jphase=absent killpid=
13:04:54.266688795 pdns=1764/0/active/running/ named=0/inactive/dead/ agent=3602/active/ jphase=absent killpid=
13:04:54.587935186 pdns=1764/0/active/running/ named=0/inactive/dead/ agent=3602/active/ jphase=absent killpid=
13:04:55.066339995 pdns=1764/0/active/running/ named=0/inactive/dead/ agent=3602/active/ jphase=absent killpid=
13:04:55.406185710 pdns=1764/0/active/running/ named=0/inactive/dead/ agent=3602/active/ jphase=absent killpid=
13:04:55.740813180 pdns=1764/0/active/running/ named=0/inactive/dead/ agent=3602/active/ jphase=absent killpid=
13:04:56.101570624 pdns=1764/0/active/running/ named=0/inactive/dead/ agent=3602/active/ jphase=absent killpid=
13:04:56.526748503 pdns=1764/0/active/running/ named=0/inactive/dead/ agent=3602/active/ jphase=absent killpid=
13:04:56.846333149 pdns=1764/0/active/running/ named=0/inactive/dead/ agent=3602/active/ jphase=absent killpid=
13:04:57.183837878 pdns=1764/0/active/running/ named=0/inactive/dead/ agent=3602/active/ jphase=absent killpid=
13:04:57.454603005 pdns=1764/0/active/running/ named=0/inactive/dead/ agent=3602/active/ jphase=absent killpid=
13:04:57.733466768 pdns=1764/0/active/running/ named=0/inactive/dead/ agent=3602/active/ jphase=absent killpid=
13:04:58.004662803 pdns=1764/0/active/running/ named=0/inactive/dead/ agent=3602/active/ jphase=absent killpid=
13:04:58.278453935 pdns=1764/0/active/running/ named=0/inactive/dead/ agent=3602/active/ jphase=absent killpid=
13:04:58.553774879 pdns=1764/0/active/running/ named=0/inactive/dead/ agent=3602/active/ jphase=absent killpid=
13:04:58.823862742 pdns=1764/0/active/running/ named=0/inactive/dead/ agent=3602/active/ jphase=absent killpid=
13:04:59.096314917 pdns=1764/0/active/running/ named=0/inactive/dead/ agent=3602/active/ jphase=absent killpid=
13:04:59.368923983 pdns=1764/0/active/running/ named=0/inactive/dead/ agent=3602/active/ jphase=absent killpid=
13:04:59.641269318 pdns=1764/0/active/running/ named=0/inactive/dead/ agent=3602/active/ jphase=absent killpid=
13:04:59.919702843 pdns=1764/0/active/running/ named=0/inactive/dead/ agent=3602/active/ jphase=absent killpid=
13:05:00.210397708 pdns=1764/0/active/running/ named=0/inactive/dead/ agent=3602/active/ jphase=absent killpid=
13:05:00.539846381 pdns=1764/0/active/running/ named=0/inactive/dead/ agent=3602/active/ jphase=absent killpid=
13:05:00.860567064 pdns=1764/0/active/running/ named=0/inactive/dead/ agent=3602/active/ jphase=absent killpid=
13:05:01.185188683 pdns=1764/0/active/running/ named=0/inactive/dead/ agent=3602/active/ jphase=absent killpid=
13:05:01.483958877 pdns=1764/0/active/running/ named=0/inactive/dead/ agent=3602/active/ jphase=absent killpid=
13:05:01.849431883 pdns=1764/0/active/running/ named=0/inactive/dead/ agent=3602/active/ jphase=absent killpid=
13:05:02.120079927 pdns=1764/0/active/running/ named=0/inactive/dead/ agent=3602/active/ jphase=absent killpid=
13:05:02.400815742 pdns=1764/0/active/running/ named=0/inactive/dead/ agent=3602/active/ jphase=absent killpid=
13:05:02.692420452 pdns=1764/0/active/running/ named=0/inactive/dead/ agent=3602/active/ jphase=absent killpid=
13:05:02.968786224 pdns=1764/0/active/running/ named=0/inactive/dead/ agent=3602/active/ jphase=absent killpid=
13:05:03.238388007 pdns=1764/0/active/running/ named=0/inactive/dead/ agent=3602/active/ jphase=absent killpid=
13:05:03.507810450 pdns=1764/0/active/running/ named=0/inactive/dead/ agent=3602/active/ jphase=absent killpid=
13:05:03.776585416 pdns=1764/0/active/running/ named=0/inactive/dead/ agent=3602/active/ jphase=absent killpid=
13:05:04.078884220 pdns=1764/0/active/running/ named=0/inactive/dead/ agent=3602/active/ jphase=absent killpid=
13:05:04.348863210 pdns=1764/0/active/running/ named=0/inactive/dead/ agent=3602/active/ jphase=absent killpid=
13:05:04.636363350 pdns=1764/0/active/running/ named=0/inactive/dead/ agent=3602/active/ jphase=absent killpid=
13:05:04.917635852 pdns=1764/0/active/running/ named=0/inactive/dead/ agent=3602/active/ jphase=absent killpid=
13:05:05.186637471 pdns=1764/0/active/running/ named=0/inactive/dead/ agent=3602/active/ jphase=absent killpid=
13:05:05.451740831 pdns=1764/0/active/running/ named=0/inactive/dead/ agent=3602/active/ jphase=absent killpid=
13:05:05.723877729 pdns=1764/0/active/running/ named=0/inactive/dead/ agent=3602/active/ jphase=absent killpid=
13:05:06.004244940 pdns=1764/0/active/running/ named=0/inactive/dead/ agent=3602/active/ jphase=absent killpid=
13:05:06.277144150 pdns=1764/0/active/running/ named=0/inactive/dead/ agent=3602/active/ jphase=absent killpid=
13:05:06.548049148 pdns=1764/0/active/running/ named=0/inactive/dead/ agent=3602/active/ jphase=absent killpid=
13:05:06.818894243 pdns=1764/0/active/running/ named=0/inactive/dead/ agent=3602/active/ jphase=absent killpid=
13:05:07.094332029 pdns=1764/0/active/running/ named=0/inactive/dead/ agent=3602/active/ jphase=absent killpid=
13:05:07.360815407 pdns=1764/0/active/running/ named=0/inactive/dead/ agent=3602/active/ jphase=absent killpid=
13:05:07.632533110 pdns=1764/0/active/running/ named=0/inactive/dead/ agent=3602/active/ jphase=absent killpid=
13:05:07.900370156 pdns=1764/0/active/running/ named=0/inactive/dead/ agent=3602/active/ jphase=absent killpid=
13:05:08.190587775 pdns=1764/0/active/running/ named=0/inactive/dead/ agent=3602/active/ jphase=absent killpid=
13:05:08.459771256 pdns=1764/0/active/running/ named=0/inactive/dead/ agent=3602/active/ jphase=absent killpid=
13:05:08.730580333 pdns=1764/0/active/running/ named=0/inactive/dead/ agent=3602/active/ jphase=absent killpid=
13:05:09.023184239 pdns=1764/0/active/running/ named=0/inactive/dead/ agent=3602/active/ jphase=absent killpid=
13:05:09.425351578 pdns=1764/0/active/running/ named=0/inactive/dead/ agent=3602/active/ jphase=absent killpid=
13:05:09.803967891 pdns=1764/0/active/running/ named=0/inactive/dead/ agent=3602/active/ jphase=absent killpid=
13:05:10.245902247 pdns=1764/0/active/running/ named=0/inactive/dead/ agent=3602/active/ jphase=absent killpid=
13:05:10.729760376 pdns=1764/0/active/running/ named=0/inactive/dead/ agent=3602/active/ jphase=absent killpid=
13:05:11.210458351 pdns=1764/0/active/running/ named=0/inactive/dead/ agent=3602/active/ jphase=absent killpid=
13:05:11.566206247 pdns=1764/0/active/running/ named=0/inactive/dead/ agent=3602/active/ jphase=absent killpid=
13:05:11.855931786 pdns=1764/0/active/running/ named=0/inactive/dead/ agent=3602/active/ jphase=absent killpid=
13:05:12.158412996 pdns=1764/0/active/running/ named=0/inactive/dead/ agent=3602/active/ jphase=absent killpid=
13:05:12.425393715 pdns=1764/0/active/running/ named=0/inactive/dead/ agent=3602/active/ jphase=absent killpid=
13:05:12.697756911 pdns=1764/0/active/running/ named=0/inactive/dead/ agent=3602/active/ jphase=absent killpid=
13:05:12.978836138 pdns=1764/0/active/running/ named=0/inactive/dead/ agent=3602/active/ jphase=absent killpid=
13:05:13.263764926 pdns=1764/0/active/running/ named=0/inactive/dead/ agent=3602/active/ jphase=absent killpid=
13:05:13.532061725 pdns=1764/0/active/running/ named=0/inactive/dead/ agent=3602/active/ jphase=absent killpid=
13:05:13.799485465 pdns=1764/0/active/running/ named=0/inactive/dead/ agent=3602/active/ jphase=absent killpid=
13:05:14.068414525 pdns=1764/0/active/running/ named=0/inactive/dead/ agent=3602/active/ jphase=absent killpid=
13:05:14.338680485 pdns=1764/0/active/running/ named=0/inactive/dead/ agent=3602/active/ jphase=absent killpid=
13:05:14.617350602 pdns=1764/0/active/running/ named=0/inactive/dead/ agent=3602/active/ jphase=absent killpid=
13:05:14.889393199 pdns=1764/0/active/running/ named=0/inactive/dead/ agent=3602/active/ jphase=absent killpid=
13:05:15.166446541 pdns=1764/0/active/running/ named=0/inactive/dead/ agent=3602/active/ jphase=absent killpid=
done
