2026-09-29T22:51:36Z start c01 c01-pri-intent pdns-switch__intent__after-write__paired-primary__peer-reachable /var/tmp/cp-b8r-1001
2026-09-29T22:58:41Z done c01 RUN_PREPARED_RC=0
stop rc=0
teardown rc=0
{
  "action": "stop",
  "cell_id": "pdns-switch__intent__after-write__paired-primary__peer-reachable",
  "dry_run": false,
  "method": "QMP quit; no fallback signal"
}
{
  "action": "teardown",
  "cell_id": "pdns-switch__intent__after-write__paired-primary__peer-reachable",
  "dry_run": false,
  "target": "/var/tmp/cp-b8r-1001/cells/1f47ba1a0988aba3ee45275a",
  "warning": "recursive deletion is confined to this validated cell directory"
}
no qemu
2026-09-29T22:58:41Z CHAIN-DONE
2026-09-29T22:59:22Z start c02 c02-pri-staged pdns-switch__target-staged__after-write__paired-primary__peer-reachable /var/tmp/cp-b8r-1001
2026-09-29T23:04:14Z done c02 RUN_PREPARED_RC=0
stop rc=0
teardown rc=0
{
  "action": "stop",
  "cell_id": "pdns-switch__target-staged__after-write__paired-primary__peer-reachable",
  "dry_run": false,
  "method": "QMP quit; no fallback signal"
}
{
  "action": "teardown",
  "cell_id": "pdns-switch__target-staged__after-write__paired-primary__peer-reachable",
  "dry_run": false,
  "target": "/var/tmp/cp-b8r-1001/cells/7fc4eccb599d2ce9b7d2a44c",
  "warning": "recursive deletion is confined to this validated cell directory"
}
no qemu
2026-09-29T23:04:15Z start c03 c03-pri-enable pdns-switch__source-stopped__after-write__paired-primary__peer-reachable /var/tmp/cp-b8r-1001
2026-09-29T23:08:47Z done c03 RUN_PREPARED_RC=0
stop rc=0
teardown rc=0
{
  "action": "stop",
  "cell_id": "pdns-switch__source-stopped__after-write__paired-primary__peer-reachable",
  "dry_run": false,
  "method": "QMP quit; no fallback signal"
}
{
  "action": "teardown",
  "cell_id": "pdns-switch__source-stopped__after-write__paired-primary__peer-reachable",
  "dry_run": false,
  "target": "/var/tmp/cp-b8r-1001/cells/7e6184f4f9c6471937dd5a30",
  "warning": "recursive deletion is confined to this validated cell directory"
}
no qemu
2026-09-29T23:08:48Z CHAIN-DONE
2026-09-29T23:09:03Z start c04 (direct runcell; stop/teardown decided after inspection)
2026-09-29T23:17:13Z done c04 RUN_PREPARED_RC=1 (after-reboot pair: catalog serial vs state receipt after zone lifecycle; harness expectation) stopped, overlays kept
2026-09-29T23:17:19Z start c05 c05-pri-verified pdns-switch__target-verified__after-write__paired-primary__peer-reachable /var/tmp/cp-b8r-1001
2026-09-29T23:21:49Z done c05 RUN_PREPARED_RC=0
stop rc=0
teardown rc=0
{
  "action": "stop",
  "cell_id": "pdns-switch__target-verified__after-write__paired-primary__peer-reachable",
  "dry_run": false,
  "method": "QMP quit; no fallback signal"
}
{
  "action": "teardown",
  "cell_id": "pdns-switch__target-verified__after-write__paired-primary__peer-reachable",
  "dry_run": false,
  "target": "/var/tmp/cp-b8r-1001/cells/84bcc45c139d3ac2881c54cc",
  "warning": "recursive deletion is confined to this validated cell directory"
}
no qemu
e05b4787635364e83414f682
2026-09-29T23:21:49Z CHAIN-DONE
2026-09-29T23:21:58Z start c06 (direct runcell; stop/teardown decided after inspection)
2026-09-29T23:28:32Z done c06 RUN_PREPARED_RC=0 stop+teardown after inspection
2026-09-29T23:28:38Z start c07 c07-pri-prejournal pdns-switch__intent__before-write__paired-primary__peer-reachable /var/tmp/cp-b8r-1001
2026-09-29T23:33:15Z done c07 RUN_PREPARED_RC=0
stop rc=0
teardown rc=0
{
  "action": "stop",
  "cell_id": "pdns-switch__intent__before-write__paired-primary__peer-reachable",
  "dry_run": false,
  "method": "QMP quit; no fallback signal"
}
{
  "action": "teardown",
  "cell_id": "pdns-switch__intent__before-write__paired-primary__peer-reachable",
  "dry_run": false,
  "target": "/var/tmp/cp-b8r-1001/cells/dbab6f7643e03d40c2ac4a82",
  "warning": "recursive deletion is confined to this validated cell directory"
}
no qemu
e05b4787635364e83414f682
2026-09-29T23:33:16Z start c08 c08-pri-owner-config pdns-switch__target-staged__after-write__paired-primary__peer-reachable /var/tmp/cp-b8r-1001/r2
2026-09-29T23:38:13Z done c08 RUN_PREPARED_RC=0
stop rc=0
teardown rc=0
{
  "action": "stop",
  "cell_id": "pdns-switch__target-staged__after-write__paired-primary__peer-reachable",
  "dry_run": false,
  "method": "QMP quit; no fallback signal"
}
{
  "action": "teardown",
  "cell_id": "pdns-switch__target-staged__after-write__paired-primary__peer-reachable",
  "dry_run": false,
  "target": "/var/tmp/cp-b8r-1001/r2/cells/7fc4eccb599d2ce9b7d2a44c",
  "warning": "recursive deletion is confined to this validated cell directory"
}
no qemu
2026-09-29T23:38:13Z start c09 c09-pri-owner-sql pdns-switch__target-started__after-write__paired-primary__peer-reachable /var/tmp/cp-b8r-1001/r2
2026-09-29T23:42:52Z done c09 RUN_PREPARED_RC=0
stop rc=0
teardown rc=0
{
  "action": "stop",
  "cell_id": "pdns-switch__target-started__after-write__paired-primary__peer-reachable",
  "dry_run": false,
  "method": "QMP quit; no fallback signal"
}
{
  "action": "teardown",
  "cell_id": "pdns-switch__target-started__after-write__paired-primary__peer-reachable",
  "dry_run": false,
  "target": "/var/tmp/cp-b8r-1001/r2/cells/e05b4787635364e83414f682",
  "warning": "recursive deletion is confined to this validated cell directory"
}
no qemu
2026-09-29T23:42:53Z start c10 c10-pri-released pdns-switch__target-staged__after-write__paired-primary__peer-reachable /var/tmp/cp-b8r-1001/r3
2026-09-29T23:47:57Z done c10 RUN_PREPARED_RC=0
stop rc=0
teardown rc=0
{
  "action": "stop",
  "cell_id": "pdns-switch__target-staged__after-write__paired-primary__peer-reachable",
  "dry_run": false,
  "method": "QMP quit; no fallback signal"
}
{
  "action": "teardown",
  "cell_id": "pdns-switch__target-staged__after-write__paired-primary__peer-reachable",
  "dry_run": false,
  "target": "/var/tmp/cp-b8r-1001/r3/cells/7fc4eccb599d2ce9b7d2a44c",
  "warning": "recursive deletion is confined to this validated cell directory"
}
no qemu
2026-09-29T23:47:58Z CHAIN-DONE
