2026-09-29T22:49:02Z
v26.8.1
12.0.2

added 181 packages in 5s
npm notice run celikpanel-web@0.0.0 build
npm notice run tsc && vite build && node scripts/build-recovery-worker.mjs && node scripts/check-bundle-budget.mjs
vite v8.2.0 building client environment for production...
[2Ktransforming...✓ 1616 modules transformed.
rendering chunks...
computing gzip size...
dist/index.html                                       1.03 kB │ gzip:  0.44 kB
dist/recovery-offline.html                            2.11 kB │ gzip:  1.02 kB
dist/assets/overpass-mono-latin-CujxpGkb.woff2       22.01 kB
dist/.vite/manifest.json                             30.90 kB │ gzip:  3.61 kB
dist/assets/overpass-mono-latin-ext-D14p1K_g.woff2   32.64 kB
dist/assets/OpenSans-latin-ext-DPNHYqvY.woff2        35.15 kB
dist/assets/overpass-latin-qAR8M_co.woff2            39.38 kB
dist/assets/overpass-latin-ext-DvafStyF.woff2        46.08 kB
dist/assets/OpenSans-latin-CWNzRldh.woff2            48.32 kB
dist/assets/InterVariable-DiVDrmQJ.woff2            352.24 kB
dist/assets/recovery-DHYxdHJ0.css                     1.89 kB │ gzip:  0.86 kB
dist/assets/app-D7Q2aYW9.css                         50.36 kB │ gzip: 10.25 kB
dist/assets/chevron-right-0l_NeFQb.js                 0.12 kB │ gzip:  0.14 kB
dist/assets/play-tNK8gSG8.js                          0.13 kB │ gzip:  0.15 kB
dist/assets/loader-2-BDSr4jiY.js                      0.13 kB │ gzip:  0.15 kB
dist/assets/plus-BOB-Zuhm.js                          0.15 kB │ gzip:  0.15 kB
dist/assets/arrow-left-B1DWToeP.js                    0.16 kB │ gzip:  0.16 kB
dist/assets/arrow-right-CrblK9Tq.js                   0.16 kB │ gzip:  0.16 kB
dist/assets/search-CxlCCs-u.js                        0.17 kB │ gzip:  0.16 kB
dist/assets/ban-ECkHh-hf.js                           0.17 kB │ gzip:  0.16 kB
dist/assets/gauge-BMpNy-AH.js                         0.17 kB │ gzip:  0.17 kB
dist/assets/check-circle-2-Ci60QB5f.js                0.17 kB │ gzip:  0.17 kB
dist/assets/lock-BmXb4H6E.js                          0.20 kB │ gzip:  0.19 kB
dist/assets/mail-BmPLeDCL.js                          0.21 kB │ gzip:  0.20 kB
dist/assets/key-DrQ-7Vrm.js                           0.22 kB │ gzip:  0.19 kB
dist/assets/copy-CvYLQPQS.js                          0.23 kB │ gzip:  0.21 kB
dist/assets/alert-circle-CBhtkz6U.js                  0.24 kB │ gzip:  0.18 kB
dist/assets/external-link-jDsEe1bq.js                 0.25 kB │ gzip:  0.20 kB
dist/assets/download-BV_QfFuf.js                      0.26 kB │ gzip:  0.22 kB
dist/assets/alert-triangle-GGpg7lJ1.js                0.26 kB │ gzip:  0.21 kB
dist/assets/save-DOTF0jza.js                          0.28 kB │ gzip:  0.22 kB
dist/assets/square-BvFf3pSE.js                        0.29 kB │ gzip:  0.24 kB
dist/assets/file-code-Siu5aPY5.js                     0.30 kB │ gzip:  0.21 kB
dist/assets/badge-check-DWJsPN3y.js                   0.31 kB │ gzip:  0.21 kB
dist/assets/refresh-cw-p2tlarjg.js                    0.32 kB │ gzip:  0.23 kB
dist/assets/file-text-D5DzyfvN.js                     0.33 kB │ gzip:  0.21 kB
dist/assets/pencil-gXicHKAG.js                        0.34 kB │ gzip:  0.25 kB
dist/assets/layout-grid-D4XigUY7.js                   0.34 kB │ gzip:  0.19 kB
dist/assets/shield-alert-DMkvoCw8.js                  0.35 kB │ gzip:  0.26 kB
dist/assets/trash-2-61T6dv8t.js                       0.35 kB │ gzip:  0.25 kB
dist/assets/layers-D7avhwDV.js                        0.36 kB │ gzip:  0.24 kB
dist/assets/network-DKxePdX1.js                       0.38 kB │ gzip:  0.24 kB
dist/assets/clock-3-BtC1Ihoy.js                       0.38 kB │ gzip:  0.28 kB
dist/assets/scan-search-SoW5RkoL.js                   0.38 kB │ gzip:  0.25 kB
dist/assets/hard-drive-bolGxscP.js                    0.39 kB │ gzip:  0.26 kB
dist/assets/shield-off-CBdFArGr.js                    0.39 kB │ gzip:  0.28 kB
dist/assets/inbox-C5eNZJ8L.js                         0.41 kB │ gzip:  0.29 kB
dist/assets/settings-2-DqMUfcg2.js                    0.45 kB │ gzip:  0.30 kB
dist/assets/wifi-off-B5l-gDBW.js                      0.45 kB │ gzip:  0.27 kB
dist/assets/domainAccess-B11bb1Ea.js                  0.53 kB │ gzip:  0.32 kB
dist/assets/createLucideIcon-FXKTpBD8.js              0.71 kB │ gzip:  0.47 kB
dist/assets/rolldown-runtime-hePW80VL.js              0.71 kB │ gzip:  0.42 kB
dist/assets/VsftpdManagement-DvdMkibZ.js              0.83 kB │ gzip:  0.45 kB
dist/assets/boxes-CW2mQwvl.js                         0.85 kB │ gzip:  0.39 kB
dist/assets/WebmailAccess-Czte3odN.js                 1.01 kB │ gzip:  0.55 kB
dist/assets/PageHeader-CH8ZC1Sl.js                    1.34 kB │ gzip:  0.65 kB
dist/assets/DovecotManagement-1IEgfGaq.js             1.49 kB │ gzip:  0.72 kB
dist/assets/FirewallSSHNotice-B3CB_u4_.js             1.51 kB │ gzip:  0.68 kB
dist/assets/ConfigEditor-qeYiA7Lh.js                  1.89 kB │ gzip:  0.86 kB
dist/assets/AuditLogPage-Clucd_ap.js                  2.38 kB │ gzip:  0.96 kB
dist/assets/DomainAppsPanel-BmH_WojP.js               2.58 kB │ gzip:  1.19 kB
dist/assets/MonitoringPage-tzP9lJVA.js                3.41 kB │ gzip:  1.49 kB
dist/assets/LicenseLockScreen-B_TmTFRf.js             3.47 kB │ gzip:  1.29 kB
dist/assets/recoveryObservation-k5DSRCJW.js           3.70 kB │ gzip:  1.41 kB
dist/assets/i18n-Ccl146Iw.js                          3.78 kB │ gzip:  1.75 kB
dist/assets/recovery-CDnDU1Td.js                      4.24 kB │ gzip:  2.01 kB
dist/assets/NginxManagement-Cn0HG-zp.js               4.38 kB │ gzip:  1.52 kB
dist/assets/PowerDNSManagement-D3Xm1w7D.js            4.52 kB │ gzip:  1.63 kB
dist/assets/Fail2banManagement-bNdfQiSc.js            4.64 kB │ gzip:  1.67 kB
dist/assets/OperationOverlay-DUFC5dzv.js              5.30 kB │ gzip:  1.99 kB
dist/assets/LicensePanel-BzOylJR7.js                  5.50 kB │ gzip:  2.25 kB
dist/assets/ComponentDetail-qex37G2O.js               5.88 kB │ gzip:  2.12 kB
dist/assets/ServiceShell-Bi7m56lZ.js                  6.90 kB │ gzip:  2.58 kB
dist/assets/jsx-runtime-096o_Uk7.js                   7.11 kB │ gzip:  2.72 kB
dist/assets/PostfixManagement-plAnwdhq.js             8.05 kB │ gzip:  2.39 kB
dist/assets/MariaDBManagement-E3uYtGQR.js             8.09 kB │ gzip:  2.93 kB
dist/assets/ServerSetupGate-BTKkPF5V.js               8.61 kB │ gzip:  3.29 kB
dist/assets/PHPManagement-zhLRLtFJ.js                 9.14 kB │ gzip:  3.09 kB
dist/assets/ImportPage-BSuyIwhI.js                    9.27 kB │ gzip:  2.88 kB
dist/assets/PanelUpdateCard-CWsRdgF5.js               9.74 kB │ gzip:  3.02 kB
dist/assets/SystemSQLiteManager-ww66DsO6.js          10.14 kB │ gzip:  3.26 kB
dist/assets/ui-0mvzpjlP.js                           12.68 kB │ gzip:  4.51 kB
dist/assets/PostgreSQLManagement-CwEF614T.js         14.26 kB │ gzip:  4.30 kB
dist/assets/ServerSetupChoice-DNN9fTJ0.js            16.96 kB │ gzip:  4.78 kB
dist/assets/Domains-RQH3ENju.js                      17.28 kB │ gzip:  5.47 kB
dist/assets/DatabaseManagementV2-Ct93Vg6C.js         18.70 kB │ gzip:  4.75 kB
dist/assets/VPNPage-oc_Q-94o.js                      21.20 kB │ gzip:  5.76 kB
dist/assets/browser-Bg25_sDh.js                      23.47 kB │ gzip:  8.86 kB
dist/assets/UsersPage-BNMSJCVf.js                    27.36 kB │ gzip:  6.24 kB
dist/assets/en-ENYdax79.js                           27.48 kB │ gzip:  8.43 kB
dist/assets/tr-AcEiK_98.js                           28.83 kB │ gzip:  8.98 kB
dist/assets/Dashboard-BDbzXz2t.js                    32.67 kB │ gzip:  8.60 kB
dist/assets/AddonsPage-BwhIGxdj.js                   37.24 kB │ gzip: 10.22 kB
dist/assets/SystemUpdateOperation-D5xKpLp_.js        39.05 kB │ gzip: 11.26 kB
dist/assets/ServiceList-B1asnWCE.js                  59.35 kB │ gzip: 13.99 kB
dist/assets/ServerSetup-eajnHa7A.js                  79.27 kB │ gzip: 20.12 kB
dist/assets/HelpDrawer-C1-CED2N.js                  103.39 kB │ gzip: 35.40 kB
dist/assets/Settings-BULE6RDM.js                    146.14 kB │ gzip: 35.80 kB
dist/assets/en-f8rVkAkz.js                          153.69 kB │ gzip: 43.51 kB
dist/assets/DomainDetail-Cg2hK6cS.js                161.69 kB │ gzip: 34.39 kB
dist/assets/tr-BL80j64N.js                          165.55 kB │ gzip: 47.08 kB
dist/assets/app-DJEG5p6X.js                         223.00 kB │ gzip: 68.93 kB

✓ built in 1.77s
Recovery shell: 4 static files, 11967 bytes; no authenticated cache
Bundle budget: entry file 217.78 KiB raw / 66.40 KiB gzip; critical boot 274.25 KiB / 86.32 KiB; largest route src/components/Settings.tsx 272.99 KiB / 79.57 KiB; largest individual async tr-BL80j64N.js 161.67 KiB / 45.48 KiB
Bundle budget exceeded:
- tr-BL80j64N.js: 161.67 KiB raw / 45.48 KiB gzip (limit 160.25 KiB / 45.25 KiB)
web build rc=1
2026-09-29T22:49:18Z
WEB-DONE rc=1
web dist hashed after bundle-budget exit 1 (dist produced; used as in batch 8)
