16:37:01.021933284 CHANGE journal none -> absent
16:37:01.037648407 CHANGE ledger none -> eac27f64399780d8a9cb10102479c8ca6b1aa4b9a17bffb5cc548d1901f6b60f
16:37:01.050874312 CHANGE state none -> 5bed495a195d0bd2e7ce6e41c088c9f3b2a4a19451dc3c08ecb3911c45db9bc6
16:37:01.057388051 CHANGE pdnsdb none -> absent
16:37:01.065943521 POINTER /var/named/celikpanel mtime=2026-09-29 16:34:49.797553858 +0000 ino=78913 /var/named/celikpanel/current mtime=2026-09-29 16:34:49.784552526 +0000 ino=79089 -> /var/named/celikpanel/current -> generations/f21a3e7ad2fd1cb7acd2fc96005d553d0833ea2a3cb59a6f9bba76b2d6f2b227 
16:37:01.068558276 pdns=inactive/dead/0/0/ named=active/running/365/ agent=inactive/0/ jphase=absent killpid=
16:37:01.472340726 pdns=inactive/dead/0/0/ named=active/running/365/ agent=inactive/0/ jphase=absent killpid=
16:37:01.779325011 pdns=inactive/dead/0/0/ named=active/running/365/ agent=inactive/0/ jphase=absent killpid=
16:37:02.064310744 pdns=inactive/dead/0/0/ named=active/running/365/ agent=inactive/0/ jphase=absent killpid=
16:37:02.354022474 pdns=inactive/dead/0/0/ named=active/running/365/ agent=inactive/0/ jphase=absent killpid=
16:37:02.640595813 pdns=inactive/dead/0/0/ named=active/running/365/ agent=inactive/0/ jphase=absent killpid=
16:37:02.929285770 pdns=inactive/dead/0/0/ named=active/running/365/ agent=inactive/0/ jphase=absent killpid=
16:37:03.212278594 pdns=inactive/dead/0/0/ named=active/running/365/ agent=inactive/0/ jphase=absent killpid=
16:37:03.494387150 pdns=inactive/dead/0/0/ named=active/running/365/ agent=inactive/0/ jphase=absent killpid=
16:37:03.774637962 pdns=inactive/dead/0/0/ named=active/running/365/ agent=inactive/0/ jphase=absent killpid=
16:37:04.060220940 pdns=inactive/dead/0/0/ named=active/running/365/ agent=inactive/0/ jphase=absent killpid=
16:37:04.345885196 pdns=inactive/dead/0/0/ named=active/running/365/ agent=inactive/0/ jphase=absent killpid=
16:37:04.627766297 pdns=inactive/dead/0/0/ named=active/running/365/ agent=inactive/0/ jphase=absent killpid=
16:37:04.911485322 pdns=inactive/dead/0/0/ named=active/running/365/ agent=inactive/0/ jphase=absent killpid=
16:37:05.196591825 pdns=inactive/dead/0/0/ named=active/running/365/ agent=inactive/0/ jphase=absent killpid=
16:37:05.486945265 pdns=inactive/dead/0/0/ named=active/running/365/ agent=inactive/0/ jphase=absent killpid=
16:37:05.768029430 pdns=inactive/dead/0/0/ named=active/running/365/ agent=inactive/0/ jphase=absent killpid=
16:37:06.048653599 pdns=inactive/dead/0/0/ named=active/running/365/ agent=inactive/0/ jphase=absent killpid=
16:37:06.329884829 pdns=inactive/dead/0/0/ named=active/running/365/ agent=inactive/0/ jphase=absent killpid=
16:37:06.610911059 pdns=inactive/dead/0/0/ named=active/running/365/ agent=inactive/0/ jphase=absent killpid=
16:37:06.891380592 pdns=inactive/dead/0/0/ named=active/running/365/ agent=inactive/0/ jphase=absent killpid=
16:37:07.183091731 pdns=inactive/dead/0/0/ named=active/running/365/ agent=inactive/0/ jphase=absent killpid=
16:37:07.568752495 pdns=inactive/dead/0/0/ named=active/running/365/ agent=inactive/0/ jphase=absent killpid=
16:37:08.057281265 pdns=inactive/dead/0/0/ named=active/running/365/ agent=inactive/0/ jphase=absent killpid=
16:37:08.473249482 pdns=inactive/dead/0/0/ named=active/running/365/ agent=inactive/0/ jphase=absent killpid=
16:37:08.916459126 pdns=inactive/dead/0/0/ named=active/running/365/ agent=inactive/0/ jphase=absent killpid=
16:37:09.830278165 pdns=inactive/dead/0/0/ named=active/running/365/ agent=inactive/0/ jphase=absent killpid=
16:37:10.124371683 pdns=inactive/dead/0/0/ named=active/running/365/ agent=inactive/0/ jphase=absent killpid=
16:37:10.422594217 pdns=inactive/dead/0/0/ named=active/running/365/ agent=inactive/0/ jphase=absent killpid=
16:37:10.713942565 pdns=inactive/dead/0/0/ named=active/running/365/ agent=inactive/0/ jphase=absent killpid=
16:37:11.000818752 pdns=inactive/dead/0/0/ named=active/running/365/ agent=inactive/0/ jphase=absent killpid=
16:37:11.288037456 pdns=inactive/dead/0/0/ named=active/running/365/ agent=inactive/0/ jphase=absent killpid=
16:37:11.566584379 pdns=inactive/dead/0/0/ named=active/running/365/ agent=inactive/0/ jphase=absent killpid=
16:37:11.845645165 pdns=inactive/dead/0/0/ named=active/running/365/ agent=inactive/0/ jphase=absent killpid=
16:37:12.126873685 pdns=inactive/dead/0/0/ named=active/running/365/ agent=inactive/0/ jphase=absent killpid=
16:37:12.409408950 pdns=inactive/dead/0/0/ named=active/running/365/ agent=inactive/0/ jphase=absent killpid=
16:37:12.693614406 pdns=inactive/dead/0/0/ named=active/running/365/ agent=inactive/0/ jphase=absent killpid=
16:37:12.986578576 pdns=inactive/dead/0/0/ named=active/running/365/ agent=inactive/0/ jphase=absent killpid=
16:37:13.275524588 pdns=inactive/dead/0/0/ named=active/running/365/ agent=inactive/0/ jphase=absent killpid=
16:37:13.584603995 pdns=inactive/dead/0/0/ named=active/running/365/ agent=inactive/0/ jphase=absent killpid=
16:37:13.867619548 pdns=inactive/dead/0/0/ named=active/running/365/ agent=inactive/0/ jphase=absent killpid=
16:37:14.153308517 pdns=inactive/dead/0/0/ named=active/running/365/ agent=inactive/0/ jphase=absent killpid=
16:37:14.451424589 pdns=inactive/dead/0/0/ named=active/running/365/ agent=inactive/0/ jphase=absent killpid=
16:37:14.739296465 pdns=inactive/dead/0/0/ named=active/running/365/ agent=inactive/0/ jphase=absent killpid=
16:37:15.024215120 pdns=inactive/dead/0/0/ named=active/running/365/ agent=inactive/0/ jphase=absent killpid=
16:37:15.387178670 pdns=inactive/dead/0/0/ named=active/running/365/ agent=inactive/0/ jphase=absent killpid=
16:37:15.753939302 pdns=inactive/dead/0/0/ named=active/running/365/ agent=inactive/0/ jphase=absent killpid=
16:37:16.058298697 pdns=inactive/dead/0/0/ named=active/running/365/ agent=inactive/0/ jphase=absent killpid=
16:37:16.381801399 pdns=inactive/dead/0/0/ named=active/running/365/ agent=inactive/0/ jphase=absent killpid=
16:37:16.674907202 pdns=inactive/dead/0/0/ named=active/running/365/ agent=inactive/0/ jphase=absent killpid=
16:37:16.954322716 pdns=inactive/dead/0/0/ named=active/running/365/ agent=inactive/0/ jphase=absent killpid=
16:37:17.231979873 pdns=inactive/dead/0/0/ named=active/running/365/ agent=inactive/0/ jphase=absent killpid=
16:37:17.511688074 pdns=inactive/dead/0/0/ named=active/running/365/ agent=inactive/0/ jphase=absent killpid=
16:37:17.795920671 pdns=inactive/dead/0/0/ named=active/running/365/ agent=inactive/0/ jphase=absent killpid=
16:37:18.082372134 pdns=inactive/dead/0/0/ named=active/running/365/ agent=inactive/0/ jphase=absent killpid=
16:37:18.360779801 pdns=inactive/dead/0/0/ named=active/running/365/ agent=inactive/0/ jphase=absent killpid=
16:37:18.645238750 pdns=inactive/dead/0/0/ named=active/running/365/ agent=inactive/0/ jphase=absent killpid=
16:37:18.924082884 pdns=inactive/dead/0/0/ named=active/running/365/ agent=inactive/0/ jphase=absent killpid=
16:37:19.204174529 pdns=inactive/dead/0/0/ named=active/running/365/ agent=inactive/0/ jphase=absent killpid=
16:37:19.493313240 pdns=inactive/dead/0/0/ named=active/running/365/ agent=inactive/0/ jphase=absent killpid=
16:37:19.775455438 pdns=inactive/dead/0/0/ named=active/running/365/ agent=inactive/0/ jphase=absent killpid=
16:37:20.055144894 pdns=inactive/dead/0/0/ named=active/running/365/ agent=inactive/0/ jphase=absent killpid=
16:37:20.334686170 pdns=inactive/dead/0/0/ named=active/running/365/ agent=inactive/0/ jphase=absent killpid=
16:37:20.619469450 pdns=inactive/dead/0/0/ named=active/running/365/ agent=inactive/0/ jphase=absent killpid=
16:37:20.905672274 pdns=inactive/dead/0/0/ named=active/running/365/ agent=inactive/0/ jphase=absent killpid=
16:37:21.195760976 pdns=inactive/dead/0/0/ named=active/running/365/ agent=inactive/0/ jphase=absent killpid=
16:37:21.475608661 pdns=inactive/dead/0/0/ named=active/running/365/ agent=inactive/0/ jphase=absent killpid=
16:37:21.783648652 pdns=inactive/dead/0/0/ named=active/running/365/ agent=inactive/0/ jphase=absent killpid=
16:37:22.066944183 pdns=inactive/dead/0/0/ named=active/running/365/ agent=inactive/0/ jphase=absent killpid=
16:37:22.349905191 pdns=inactive/dead/0/0/ named=active/running/365/ agent=inactive/0/ jphase=absent killpid=
16:37:22.640678652 pdns=inactive/dead/0/0/ named=active/running/365/ agent=inactive/0/ jphase=absent killpid=
16:37:22.919397598 pdns=inactive/dead/0/0/ named=active/running/365/ agent=inactive/0/ jphase=absent killpid=
16:37:23.197098625 pdns=inactive/dead/0/0/ named=active/running/365/ agent=inactive/0/ jphase=absent killpid=
16:37:23.482035653 pdns=inactive/dead/0/0/ named=active/running/365/ agent=inactive/0/ jphase=absent killpid=
16:37:23.788169711 pdns=inactive/dead/0/0/ named=active/running/365/ agent=inactive/0/ jphase=absent killpid=
16:37:24.079227742 pdns=inactive/dead/0/0/ named=active/running/365/ agent=inactive/0/ jphase=absent killpid=
16:37:24.368524941 pdns=inactive/dead/0/0/ named=active/running/365/ agent=inactive/0/ jphase=absent killpid=
16:37:24.656476325 pdns=inactive/dead/0/0/ named=active/running/365/ agent=inactive/0/ jphase=absent killpid=
16:37:24.939092806 pdns=inactive/dead/0/0/ named=active/running/365/ agent=inactive/0/ jphase=absent killpid=
16:37:25.224083878 pdns=inactive/dead/0/0/ named=active/running/365/ agent=inactive/0/ jphase=absent killpid=
16:37:25.614598377 pdns=inactive/dead/0/0/ named=active/running/365/ agent=inactive/0/ jphase=absent killpid=
16:37:26.018312593 pdns=inactive/dead/0/0/ named=active/running/365/ agent=inactive/0/ jphase=absent killpid=
16:37:26.512768222 pdns=inactive/dead/0/0/ named=active/running/365/ agent=inactive/0/ jphase=absent killpid=
16:37:26.928511011 pdns=inactive/dead/0/0/ named=active/running/365/ agent=inactive/0/ jphase=absent killpid=
16:37:27.305871514 pdns=inactive/dead/0/0/ named=active/running/365/ agent=inactive/0/ jphase=absent killpid=
16:37:27.595567952 pdns=inactive/dead/0/0/ named=active/running/365/ agent=inactive/0/ jphase=absent killpid=
16:37:27.883142885 pdns=inactive/dead/0/0/ named=active/running/365/ agent=inactive/0/ jphase=absent killpid=
16:37:28.163606075 pdns=inactive/dead/0/0/ named=active/running/365/ agent=inactive/0/ jphase=absent killpid=
16:37:28.444517561 pdns=inactive/dead/0/0/ named=active/running/365/ agent=inactive/0/ jphase=absent killpid=
16:37:28.722308767 pdns=inactive/dead/0/0/ named=active/running/365/ agent=inactive/0/ jphase=absent killpid=
16:37:29.000430677 pdns=inactive/dead/0/0/ named=active/running/365/ agent=inactive/0/ jphase=absent killpid=
16:37:29.278565377 pdns=inactive/dead/0/0/ named=active/running/365/ agent=inactive/0/ jphase=absent killpid=
16:37:29.560168989 pdns=inactive/dead/0/0/ named=active/running/365/ agent=inactive/0/ jphase=absent killpid=
16:37:29.855950239 pdns=inactive/dead/0/0/ named=active/running/365/ agent=inactive/0/ jphase=absent killpid=
16:37:30.132646162 pdns=inactive/dead/0/0/ named=active/running/365/ agent=inactive/0/ jphase=absent killpid=
16:37:30.411382129 pdns=inactive/dead/0/0/ named=active/running/365/ agent=inactive/0/ jphase=absent killpid=
16:37:30.693752974 pdns=inactive/dead/0/0/ named=active/running/365/ agent=inactive/0/ jphase=absent killpid=
16:37:30.983276783 pdns=inactive/dead/0/0/ named=active/running/365/ agent=inactive/0/ jphase=absent killpid=
16:37:31.261586927 pdns=inactive/dead/0/0/ named=active/running/365/ agent=inactive/0/ jphase=absent killpid=
16:37:31.546877807 pdns=inactive/dead/0/0/ named=active/running/365/ agent=inactive/0/ jphase=absent killpid=
16:37:31.853450583 pdns=inactive/dead/0/0/ named=active/running/365/ agent=inactive/0/ jphase=absent killpid=
16:37:32.156971483 pdns=inactive/dead/0/0/ named=active/running/365/ agent=inactive/0/ jphase=absent killpid=
16:37:32.464897029 pdns=inactive/dead/0/0/ named=active/running/365/ agent=inactive/0/ jphase=absent killpid=
done
