22:36:50.688440986 pdns=0/0/inactive/dead/ named=0/inactive/dead/ agent=1195/inactive/ jphase=absent killpid=
22:36:50.955429677 pdns=0/0/inactive/dead/ named=0/inactive/dead/ agent=1195/inactive/ jphase=absent killpid=1495,
22:36:51.241869363 pdns=0/0/inactive/dead/ named=0/inactive/dead/ agent=1195/inactive/ jphase=absent killpid=1495,
22:36:51.526888807 pdns=0/0/inactive/dead/ named=0/inactive/dead/ agent=1195/inactive/ jphase=absent killpid=1495,1663,
22:36:51.816313076 pdns=0/0/inactive/dead/ named=0/inactive/dead/ agent=1195/inactive/ jphase=absent killpid=1495,1724,
22:36:52.100161512 pdns=0/0/inactive/dead/ named=0/inactive/dead/ agent=1195/inactive/ jphase=absent killpid=1495,
22:36:52.387082350 pdns=0/0/inactive/dead/ named=0/inactive/dead/ agent=1195/inactive/ jphase=absent killpid=1495,1802,
22:36:52.659878739 pdns=0/0/inactive/dead/ named=0/inactive/dead/ agent=1195/inactive/ jphase=absent killpid=1495,1802,
22:36:52.929954256 pdns=0/0/inactive/dead/ named=0/inactive/dead/ agent=1195/inactive/ jphase=absent killpid=1495,1802,
22:36:53.197833947 pdns=0/0/inactive/dead/ named=0/inactive/dead/ agent=1195/inactive/ jphase=absent killpid=1495,1802,
22:36:53.470462650 pdns=0/0/inactive/dead/ named=0/inactive/dead/ agent=1195/inactive/ jphase=absent killpid=1495,1802,
22:36:53.738490238 pdns=0/0/inactive/dead/ named=0/inactive/dead/ agent=1195/inactive/ jphase=absent killpid=1495,1802,
22:36:54.006785644 pdns=0/0/inactive/dead/ named=0/inactive/dead/ agent=1195/inactive/ jphase=absent killpid=1495,1802,
22:36:54.278537122 pdns=0/0/inactive/dead/ named=0/inactive/dead/ agent=1195/inactive/ jphase=absent killpid=1495,1802,
22:36:54.544603884 pdns=0/0/inactive/dead/ named=0/inactive/dead/ agent=1195/inactive/ jphase=absent killpid=1495,1802,
22:36:54.814408829 pdns=0/0/inactive/dead/ named=0/inactive/dead/ agent=1195/inactive/ jphase=absent killpid=1495,1802,
22:36:55.082402528 pdns=0/0/inactive/dead/ named=0/inactive/dead/ agent=1195/inactive/ jphase=absent killpid=1495,1802,
22:36:55.350761282 pdns=0/0/inactive/dead/ named=0/inactive/dead/ agent=1195/inactive/ jphase=absent killpid=1495,1802,
22:36:55.618251989 pdns=0/0/inactive/dead/ named=0/inactive/dead/ agent=1195/inactive/ jphase=absent killpid=1495,1802,
22:36:55.898773514 pdns=0/0/inactive/dead/ named=0/inactive/dead/ agent=1195/inactive/ jphase=absent killpid=1495,1802,
22:36:56.164212887 pdns=0/0/inactive/dead/ named=0/inactive/dead/ agent=1195/inactive/ jphase=absent killpid=1495,1802,
22:36:56.429407288 pdns=0/0/inactive/dead/ named=0/inactive/dead/ agent=1195/inactive/ jphase=absent killpid=1495,1802,
22:36:56.696308525 pdns=0/0/inactive/dead/ named=0/inactive/dead/ agent=1195/inactive/ jphase=absent killpid=1495,1802,
22:36:56.967922954 pdns=0/0/inactive/dead/ named=0/inactive/dead/ agent=1195/inactive/ jphase=absent killpid=1495,1802,
22:36:57.239196505 pdns=0/0/inactive/dead/ named=0/inactive/dead/ agent=1195/inactive/ jphase=absent killpid=1495,1802,
22:36:57.512745856 pdns=0/0/inactive/dead/ named=0/inactive/dead/ agent=1195/inactive/ jphase=absent killpid=1495,1802,
22:36:57.798231057 pdns=0/0/inactive/dead/ named=0/inactive/dead/ agent=1195/inactive/ jphase=absent killpid=1495,1802,
22:36:58.087670639 pdns=0/0/inactive/dead/ named=0/inactive/dead/ agent=1195/inactive/ jphase=absent killpid=1495,1802,
22:36:58.418271239 pdns=0/0/inactive/dead/ named=0/inactive/dead/ agent=1195/inactive/ jphase=absent killpid=1495,1802,
22:36:58.713664100 pdns=0/0/inactive/dead/ named=0/inactive/dead/ agent=1195/inactive/ jphase=absent killpid=1495,1802,
22:36:58.994442859 pdns=0/0/inactive/dead/ named=0/inactive/dead/ agent=1195/inactive/ jphase=absent killpid=1495,1802,
22:36:59.270342551 pdns=0/0/inactive/dead/ named=0/inactive/dead/ agent=1195/inactive/ jphase=absent killpid=1495,1802,
22:36:59.592656606 pdns=0/0/inactive/dead/ named=0/inactive/dead/ agent=1195/inactive/ jphase=absent killpid=1495,1802,
22:36:59.904509870 pdns=0/0/inactive/dead/ named=0/inactive/dead/ agent=1195/inactive/ jphase=absent killpid=1495,1802,
22:37:00.257753516 pdns=0/0/inactive/dead/ named=0/inactive/dead/ agent=1195/inactive/ jphase=absent killpid=1495,1802,
22:37:00.563385531 pdns=0/0/inactive/dead/ named=0/inactive/dead/ agent=1195/inactive/ jphase=absent killpid=1495,1802,
22:37:00.839243080 pdns=0/0/inactive/dead/ named=0/inactive/dead/ agent=1195/inactive/ jphase=absent killpid=1495,1802,
22:37:01.111719972 pdns=0/0/inactive/dead/ named=0/inactive/dead/ agent=1195/inactive/ jphase=absent killpid=1495,1802,
22:37:01.407510699 pdns=0/0/inactive/dead/ named=0/inactive/dead/ agent=1195/inactive/ jphase=absent killpid=1495,1802,
22:37:01.682007716 pdns=0/0/inactive/dead/ named=0/inactive/dead/ agent=1195/inactive/ jphase=absent killpid=1495,1802,
22:37:01.979409643 pdns=0/0/inactive/dead/ named=0/inactive/dead/ agent=1195/inactive/ jphase=absent killpid=1495,1802,
22:37:02.251732704 pdns=0/0/inactive/dead/ named=0/inactive/dead/ agent=1195/inactive/ jphase=absent killpid=1495,2420,
22:37:02.535050386 pdns=0/0/inactive/dead/ named=0/inactive/dead/ agent=1195/inactive/ jphase=absent killpid=1495,2420,
22:37:02.864359072 pdns=0/0/inactive/dead/ named=0/inactive/dead/ agent=1195/inactive/ jphase=absent killpid=1495,2420,
22:37:03.197290503 pdns=0/0/inactive/dead/ named=0/inactive/dead/ agent=1195/inactive/ jphase=absent killpid=1495,2420,
22:37:03.477743352 pdns=0/0/inactive/dead/ named=0/inactive/dead/ agent=1195/inactive/ jphase=absent killpid=1495,2420,
22:37:03.745575599 pdns=0/0/inactive/dead/ named=0/inactive/dead/ agent=1195/inactive/ jphase=absent killpid=1495,2420,
22:37:04.026519128 pdns=0/0/inactive/dead/ named=0/inactive/dead/ agent=1195/inactive/ jphase=absent killpid=1495,2420,
22:37:04.306069714 pdns=0/0/inactive/dead/ named=0/inactive/dead/ agent=1195/inactive/ jphase=absent killpid=1495,2420,
22:37:04.581031294 pdns=0/0/inactive/dead/ named=0/inactive/dead/ agent=1195/inactive/ jphase=absent killpid=1495,2420,
22:37:04.874280078 pdns=0/0/inactive/dead/ named=0/inactive/dead/ agent=1195/inactive/ jphase=absent killpid=1495,2420,
22:37:05.168959126 pdns=0/0/inactive/dead/ named=0/inactive/dead/ agent=1195/inactive/ jphase=absent killpid=1495,2420,
22:37:05.444728304 pdns=0/0/inactive/dead/ named=0/inactive/dead/ agent=1195/inactive/ jphase=absent killpid=1495,2420,
22:37:05.922896606 pdns=0/0/inactive/dead/ named=0/inactive/dead/ agent=1195/inactive/ jphase=absent killpid=1495,2420,
22:37:06.292667636 pdns=0/0/inactive/dead/ named=0/inactive/dead/ agent=1195/inactive/ jphase=absent killpid=1495,2420,
22:37:06.626571785 pdns=0/0/inactive/dead/ named=0/inactive/dead/ agent=1195/inactive/ jphase=absent killpid=1495,2420,
22:37:06.901964084 pdns=0/0/inactive/dead/ named=0/inactive/dead/ agent=1195/inactive/ jphase=absent killpid=1495,2420,
22:37:07.174387544 pdns=0/0/inactive/dead/ named=0/inactive/dead/ agent=1195/inactive/ jphase=absent killpid=1495,2420,
22:37:07.483376272 pdns=0/0/inactive/dead/ named=0/inactive/dead/ agent=1195/inactive/ jphase=absent killpid=1495,2420,
22:37:09.946853753 pdns=0/0/inactive/dead/ named=0/inactive/dead/ agent=1195/inactive/ jphase=absent killpid=1495,2420,
22:37:10.226042569 pdns=0/0/inactive/dead/ named=0/inactive/dead/ agent=1195/inactive/ jphase=absent killpid=1495,3169,
22:37:10.678481541 pdns=0/0/inactive/dead/ named=0/inactive/dead/ agent=1195/inactive/ jphase=absent killpid=1495,3268,
22:37:11.160090228 pdns=0/0/inactive/dead/ named=0/inactive/dead/ agent=1195/inactive/ jphase=absent killpid=1495,3338,
22:37:11.452459783 pdns=0/0/inactive/dead/ named=0/inactive/dead/ agent=1195/inactive/ jphase=absent killpid=1495,3429,
22:37:11.731101985 pdns=0/0/inactive/dead/ named=0/inactive/dead/ agent=1195/inactive/ jphase=absent killpid=1495,
22:37:12.009266486 pdns=0/0/inactive/dead/ named=0/inactive/dead/ agent=1195/inactive/ jphase=absent killpid=1495,
22:37:12.286405338 pdns=0/0/inactive/dead/ named=0/inactive/dead/ agent=1195/inactive/ jphase=source-stopped killpid=1495,3702,
22:37:12.997597114 pdns=0/0/inactive/dead/ named=0/inactive/dead/ agent=1195/inactive/ jphase=source-stopped killpid=1495,
22:37:13.660784856 pdns=0/0/inactive/dead/ named=0/inactive/dead/ agent=1195/inactive/ jphase=source-stopped killpid=1495,3912,
22:37:13.945035462 pdns=0/0/inactive/dead/ named=0/inactive/dead/ agent=1195/inactive/ jphase=source-stopped killpid=1495,3966,
22:37:14.434164366 pdns=0/0/inactive/dead/ named=0/inactive/dead/ agent=1195/inactive/ jphase=source-stopped killpid=1495,4103,
22:37:14.851128632 pdns=0/0/inactive/dead/ named=0/inactive/dead/ agent=1195/inactive/ jphase=source-stopped killpid=1495,
22:37:15.127541422 pdns=0/0/inactive/dead/ named=0/inactive/dead/ agent=1195/inactive/ jphase=source-stopped killpid=1495,4256,
22:37:15.405833321 pdns=0/0/inactive/dead/ named=4308/activating/start/ agent=1195/inactive/ jphase=source-stopped killpid=1495,
22:37:15.689737342 pdns=0/0/inactive/dead/ named=4308/active/running/ agent=1195/inactive/ jphase=source-stopped killpid=1495,
22:37:15.960526261 pdns=0/0/inactive/dead/ named=4308/active/running/ agent=1195/inactive/ jphase=source-stopped killpid=1495,
22:37:16.237241903 pdns=0/0/inactive/dead/ named=4308/active/running/ agent=1195/inactive/ jphase=source-stopped killpid=1495,4566,
22:37:16.510557980 pdns=0/0/inactive/dead/ named=4308/active/running/ agent=1195/inactive/ jphase=source-stopped killpid=1495,4645,
22:37:16.780808002 pdns=0/0/inactive/dead/ named=4308/active/running/ agent=1195/inactive/ jphase=target-started killpid=1495,4725,
22:37:17.050450374 pdns=0/0/inactive/dead/ named=4308/active/running/ agent=1195/inactive/ jphase=target-started killpid=1495,4800,
22:37:17.324135277 pdns=0/0/inactive/dead/ named=4308/active/running/ agent=1195/inactive/ jphase=target-started killpid=1495,4883,
22:37:17.603080670 pdns=0/0/inactive/dead/ named=4308/active/running/ agent=1195/inactive/ jphase=target-started killpid=1495,
22:37:17.885907767 pdns=0/0/inactive/dead/ named=4308/active/running/ agent=5019/active/ jphase=target-verified killpid=
22:37:18.237889980 pdns=0/0/inactive/dead/ named=4308/active/running/ agent=5019/active/ jphase=target-verified killpid=
22:37:18.503646783 pdns=0/0/inactive/dead/ named=4308/active/running/ agent=5019/active/ jphase=committed killpid=
22:37:18.768908650 pdns=0/0/inactive/dead/ named=4308/active/running/ agent=5019/active/ jphase=committed killpid=
22:37:19.040355741 pdns=0/0/inactive/dead/ named=4308/active/running/ agent=5019/active/ jphase=committed killpid=
22:37:19.309155781 pdns=0/0/inactive/dead/ named=4308/active/running/ agent=5019/active/ jphase=absent killpid=
22:37:19.605458977 pdns=0/0/inactive/dead/ named=4308/active/running/ agent=5019/active/ jphase=absent killpid=
22:37:19.889066621 pdns=0/0/inactive/dead/ named=4308/active/running/ agent=5019/active/ jphase=absent killpid=
22:37:20.158276805 pdns=0/0/inactive/dead/ named=4308/active/running/ agent=5019/active/ jphase=absent killpid=
22:37:20.425705281 pdns=0/0/inactive/dead/ named=4308/active/running/ agent=5019/active/ jphase=absent killpid=
22:37:20.694199645 pdns=0/0/inactive/dead/ named=4308/active/running/ agent=5019/active/ jphase=absent killpid=
22:37:20.963000093 pdns=0/0/inactive/dead/ named=4308/active/running/ agent=5019/active/ jphase=absent killpid=
22:37:21.231824259 pdns=0/0/inactive/dead/ named=4308/active/running/ agent=5019/active/ jphase=absent killpid=
22:37:21.497267734 pdns=0/0/inactive/dead/ named=4308/active/running/ agent=5019/active/ jphase=absent killpid=
22:37:21.764219104 pdns=0/0/inactive/dead/ named=4308/active/running/ agent=5019/active/ jphase=absent killpid=
22:37:22.030352124 pdns=0/0/inactive/dead/ named=4308/active/running/ agent=5019/active/ jphase=absent killpid=
22:37:22.297792265 pdns=0/0/inactive/dead/ named=4308/active/running/ agent=5019/active/ jphase=absent killpid=
22:37:22.563673830 pdns=0/0/inactive/dead/ named=4308/active/running/ agent=5019/active/ jphase=absent killpid=
22:37:22.834060652 pdns=0/0/inactive/dead/ named=4308/active/running/ agent=5019/active/ jphase=absent killpid=
22:37:23.102103973 pdns=0/0/inactive/dead/ named=4308/active/running/ agent=5019/active/ jphase=absent killpid=
22:37:23.370038155 pdns=0/0/inactive/dead/ named=4308/active/running/ agent=5019/active/ jphase=absent killpid=
22:37:23.637774646 pdns=0/0/inactive/dead/ named=4308/active/running/ agent=5019/active/ jphase=absent killpid=
22:37:23.906074575 pdns=0/0/inactive/dead/ named=4308/active/running/ agent=5019/active/ jphase=absent killpid=
22:37:24.175944177 pdns=0/0/inactive/dead/ named=4308/active/running/ agent=5019/active/ jphase=absent killpid=
22:37:24.444725798 pdns=0/0/inactive/dead/ named=4308/active/running/ agent=5019/active/ jphase=absent killpid=
22:37:24.713015191 pdns=0/0/inactive/dead/ named=4308/active/running/ agent=5019/active/ jphase=absent killpid=
22:37:24.982095442 pdns=0/0/inactive/dead/ named=4308/active/running/ agent=5019/active/ jphase=absent killpid=
22:37:25.252487394 pdns=0/0/inactive/dead/ named=4308/active/running/ agent=5019/active/ jphase=absent killpid=
22:37:25.518910342 pdns=0/0/inactive/dead/ named=4308/active/running/ agent=5019/active/ jphase=absent killpid=
22:37:25.783899506 pdns=0/0/inactive/dead/ named=4308/active/running/ agent=5019/active/ jphase=absent killpid=
22:37:26.052189797 pdns=0/0/inactive/dead/ named=4308/active/running/ agent=5019/active/ jphase=absent killpid=
22:37:26.320802357 pdns=0/0/inactive/dead/ named=4308/active/running/ agent=5019/active/ jphase=absent killpid=
22:37:26.588138600 pdns=0/0/inactive/dead/ named=4308/active/running/ agent=5019/active/ jphase=absent killpid=
22:37:26.854881982 pdns=0/0/inactive/dead/ named=4308/active/running/ agent=5019/active/ jphase=absent killpid=
22:37:27.120645732 pdns=0/0/inactive/dead/ named=4308/active/running/ agent=5019/active/ jphase=absent killpid=
22:37:27.385809265 pdns=0/0/inactive/dead/ named=4308/active/running/ agent=5019/active/ jphase=absent killpid=
22:37:27.653163724 pdns=0/0/inactive/dead/ named=4308/active/running/ agent=5019/active/ jphase=absent killpid=
22:37:27.921066679 pdns=0/0/inactive/dead/ named=4308/active/running/ agent=5019/active/ jphase=absent killpid=
22:37:28.188207679 pdns=0/0/inactive/dead/ named=4308/active/running/ agent=5019/active/ jphase=absent killpid=
22:37:28.455746591 pdns=0/0/inactive/dead/ named=4308/active/running/ agent=5019/active/ jphase=absent killpid=
22:37:28.723966734 pdns=0/0/inactive/dead/ named=4308/active/running/ agent=5019/active/ jphase=absent killpid=
22:37:28.990222036 pdns=0/0/inactive/dead/ named=4308/active/running/ agent=5019/active/ jphase=absent killpid=
22:37:29.257312366 pdns=0/0/inactive/dead/ named=4308/active/running/ agent=5019/active/ jphase=absent killpid=
22:37:29.526152823 pdns=0/0/inactive/dead/ named=4308/active/running/ agent=5019/active/ jphase=absent killpid=
22:37:29.793771856 pdns=0/0/inactive/dead/ named=4308/active/running/ agent=5019/active/ jphase=absent killpid=
22:37:30.061520939 pdns=0/0/inactive/dead/ named=4308/active/running/ agent=5019/active/ jphase=absent killpid=
22:37:30.328702248 pdns=0/0/inactive/dead/ named=4308/active/running/ agent=5019/active/ jphase=absent killpid=
22:37:30.595640429 pdns=0/0/inactive/dead/ named=4308/active/running/ agent=5019/active/ jphase=absent killpid=
22:37:30.863266963 pdns=0/0/inactive/dead/ named=4308/active/running/ agent=5019/active/ jphase=absent killpid=
22:37:31.131445693 pdns=0/0/inactive/dead/ named=4308/active/running/ agent=5019/active/ jphase=absent killpid=
22:37:31.398070097 pdns=0/0/inactive/dead/ named=4308/active/running/ agent=5019/active/ jphase=absent killpid=
22:37:31.665124149 pdns=0/0/inactive/dead/ named=4308/active/running/ agent=5019/active/ jphase=absent killpid=
22:37:31.933701753 pdns=0/0/inactive/dead/ named=4308/active/running/ agent=5019/active/ jphase=absent killpid=
22:37:32.215660736 pdns=0/0/inactive/dead/ named=4308/active/running/ agent=5019/active/ jphase=absent killpid=
22:37:32.481721095 pdns=0/0/inactive/dead/ named=4308/active/running/ agent=5019/active/ jphase=absent killpid=
22:37:32.748806310 pdns=0/0/inactive/dead/ named=4308/active/running/ agent=5019/active/ jphase=absent killpid=
22:37:33.017676395 pdns=0/0/inactive/dead/ named=4308/active/running/ agent=5019/active/ jphase=absent killpid=
22:37:33.286700919 pdns=0/0/inactive/dead/ named=4308/active/running/ agent=5019/active/ jphase=absent killpid=
22:37:33.554989454 pdns=0/0/inactive/dead/ named=4308/active/running/ agent=5019/active/ jphase=absent killpid=
22:37:33.822039563 pdns=0/0/inactive/dead/ named=4308/active/running/ agent=5019/active/ jphase=absent killpid=
22:37:34.087439239 pdns=0/0/inactive/dead/ named=4308/active/running/ agent=5019/active/ jphase=absent killpid=
22:37:34.354852355 pdns=0/0/inactive/dead/ named=4308/active/running/ agent=5019/active/ jphase=absent killpid=
22:37:34.624554356 pdns=0/0/inactive/dead/ named=4308/active/running/ agent=5019/active/ jphase=absent killpid=
22:37:34.894420889 pdns=0/0/inactive/dead/ named=4308/active/running/ agent=5019/active/ jphase=absent killpid=
22:37:35.160958167 pdns=0/0/inactive/dead/ named=4308/active/running/ agent=5019/active/ jphase=absent killpid=
22:37:35.437744049 pdns=0/0/inactive/dead/ named=4308/active/running/ agent=5019/active/ jphase=absent killpid=
22:37:35.704547105 pdns=0/0/inactive/dead/ named=4308/active/running/ agent=5019/active/ jphase=absent killpid=
22:37:35.970378421 pdns=0/0/inactive/dead/ named=4308/active/running/ agent=5019/active/ jphase=absent killpid=
22:37:36.238629153 pdns=0/0/inactive/dead/ named=4308/active/running/ agent=5019/active/ jphase=absent killpid=
22:37:36.507311782 pdns=0/0/inactive/dead/ named=4308/active/running/ agent=5019/active/ jphase=absent killpid=
22:37:36.774860192 pdns=0/0/inactive/dead/ named=4308/active/running/ agent=5019/active/ jphase=absent killpid=
22:37:37.039873654 pdns=0/0/inactive/dead/ named=4308/active/running/ agent=5019/active/ jphase=absent killpid=
22:37:37.310356925 pdns=0/0/inactive/dead/ named=4308/active/running/ agent=5019/active/ jphase=absent killpid=
22:37:37.581401921 pdns=0/0/inactive/dead/ named=4308/active/running/ agent=5019/active/ jphase=absent killpid=
22:37:37.852812794 pdns=0/0/inactive/dead/ named=4308/active/running/ agent=5019/active/ jphase=absent killpid=
22:37:38.120998597 pdns=0/0/inactive/dead/ named=4308/active/running/ agent=5019/active/ jphase=absent killpid=
22:37:38.391642564 pdns=0/0/inactive/dead/ named=4308/active/running/ agent=5019/active/ jphase=absent killpid=
22:37:38.659961547 pdns=0/0/inactive/dead/ named=4308/active/running/ agent=5019/active/ jphase=absent killpid=
22:37:38.928707121 pdns=0/0/inactive/dead/ named=4308/active/running/ agent=5019/active/ jphase=absent killpid=
22:37:39.196449603 pdns=0/0/inactive/dead/ named=4308/active/running/ agent=5019/active/ jphase=absent killpid=
22:37:39.463528146 pdns=0/0/inactive/dead/ named=4308/active/running/ agent=5019/active/ jphase=absent killpid=
22:37:39.730094000 pdns=0/0/inactive/dead/ named=4308/active/running/ agent=5019/active/ jphase=absent killpid=
22:37:40.001772643 pdns=0/0/inactive/dead/ named=4308/active/running/ agent=5019/active/ jphase=absent killpid=
22:37:40.270181023 pdns=0/0/inactive/dead/ named=4308/active/running/ agent=5019/active/ jphase=absent killpid=
22:37:40.537788042 pdns=0/0/inactive/dead/ named=4308/active/running/ agent=5019/active/ jphase=absent killpid=
22:37:40.805672731 pdns=0/0/inactive/dead/ named=4308/active/running/ agent=5019/active/ jphase=absent killpid=
22:37:41.072518200 pdns=0/0/inactive/dead/ named=4308/active/running/ agent=5019/active/ jphase=absent killpid=
22:37:41.338191046 pdns=0/0/inactive/dead/ named=4308/active/running/ agent=5019/active/ jphase=absent killpid=
22:37:41.604465364 pdns=0/0/inactive/dead/ named=4308/active/running/ agent=5019/active/ jphase=absent killpid=
22:37:41.870539766 pdns=0/0/inactive/dead/ named=4308/active/running/ agent=5019/active/ jphase=absent killpid=
22:37:42.136683268 pdns=0/0/inactive/dead/ named=4308/active/running/ agent=5019/active/ jphase=absent killpid=
22:37:42.405784668 pdns=0/0/inactive/dead/ named=4308/active/running/ agent=5019/active/ jphase=absent killpid=
22:37:42.679639303 pdns=0/0/inactive/dead/ named=4308/active/running/ agent=5019/active/ jphase=absent killpid=
22:37:42.948040767 pdns=0/0/inactive/dead/ named=4308/active/running/ agent=5019/active/ jphase=absent killpid=
22:37:43.214505389 pdns=0/0/inactive/dead/ named=4308/active/running/ agent=5019/active/ jphase=absent killpid=
22:37:43.484686235 pdns=0/0/inactive/dead/ named=4308/active/running/ agent=5019/active/ jphase=absent killpid=
22:37:43.752129303 pdns=0/0/inactive/dead/ named=4308/active/running/ agent=5019/active/ jphase=absent killpid=
22:37:44.020158340 pdns=0/0/inactive/dead/ named=4308/active/running/ agent=5019/active/ jphase=absent killpid=
22:37:44.287009835 pdns=0/0/inactive/dead/ named=4308/active/running/ agent=5019/active/ jphase=absent killpid=
22:37:44.554574823 pdns=0/0/inactive/dead/ named=4308/active/running/ agent=5019/active/ jphase=absent killpid=
22:37:44.821621849 pdns=0/0/inactive/dead/ named=4308/active/running/ agent=5019/active/ jphase=absent killpid=
22:37:45.086784929 pdns=0/0/inactive/dead/ named=4308/active/running/ agent=5019/active/ jphase=absent killpid=
22:37:45.353755962 pdns=0/0/inactive/dead/ named=4308/active/running/ agent=5019/active/ jphase=absent killpid=
22:37:45.620167138 pdns=0/0/inactive/dead/ named=4308/active/running/ agent=5019/active/ jphase=absent killpid=
22:37:45.888936940 pdns=0/0/inactive/dead/ named=4308/active/running/ agent=5019/active/ jphase=absent killpid=
22:37:46.155910896 pdns=0/0/inactive/dead/ named=4308/active/running/ agent=5019/active/ jphase=absent killpid=
22:37:46.420998874 pdns=0/0/inactive/dead/ named=4308/active/running/ agent=5019/active/ jphase=absent killpid=
22:37:46.689579949 pdns=0/0/inactive/dead/ named=4308/active/running/ agent=5019/active/ jphase=absent killpid=
22:37:46.955874745 pdns=0/0/inactive/dead/ named=4308/active/running/ agent=5019/active/ jphase=absent killpid=
22:37:47.225632254 pdns=0/0/inactive/dead/ named=4308/active/running/ agent=5019/active/ jphase=absent killpid=
22:37:47.494914931 pdns=0/0/inactive/dead/ named=4308/active/running/ agent=5019/active/ jphase=absent killpid=
22:37:47.761874423 pdns=0/0/inactive/dead/ named=4308/active/running/ agent=5019/active/ jphase=absent killpid=
22:37:48.032734885 pdns=0/0/inactive/dead/ named=4308/active/running/ agent=5019/active/ jphase=absent killpid=
22:37:48.299756479 pdns=0/0/inactive/dead/ named=4308/active/running/ agent=5019/active/ jphase=absent killpid=
22:37:48.568515331 pdns=0/0/inactive/dead/ named=4308/active/running/ agent=5019/active/ jphase=absent killpid=
22:37:48.837442734 pdns=0/0/inactive/dead/ named=4308/active/running/ agent=5019/active/ jphase=absent killpid=
22:37:49.105653231 pdns=0/0/inactive/dead/ named=4308/active/running/ agent=5019/active/ jphase=absent killpid=
22:37:49.373697196 pdns=0/0/inactive/dead/ named=4308/active/running/ agent=5019/active/ jphase=absent killpid=
22:37:49.640276191 pdns=0/0/inactive/dead/ named=4308/active/running/ agent=5019/active/ jphase=absent killpid=
22:37:49.904430705 pdns=0/0/inactive/dead/ named=4308/active/running/ agent=5019/active/ jphase=absent killpid=
done
