19:58:13.907455389 CHANGE journal none -> absent
19:58:13.917378631 CHANGE ledger none -> 177f61d12ed0bb85e6ea535b807b376e26bbe0871405a13867c0b3cb6ea4b211
19:58:13.921128663 CHANGE state none -> absent
19:58:13.924859922 CHANGE pdnsdb none -> absent
19:58:13.927781603 POINTER 
19:58:13.929414118 pdns=0/0/inactive/dead/ named=0/inactive/dead/ agent=0/inactive/ jphase=absent killpid=
19:58:14.199201443 pdns=0/0/inactive/dead/ named=0/inactive/dead/ agent=0/inactive/ jphase=absent killpid=
19:58:14.470159406 pdns=0/0/inactive/dead/ named=0/inactive/dead/ agent=0/inactive/ jphase=absent killpid=
19:58:14.734716513 pdns=0/0/inactive/dead/ named=0/inactive/dead/ agent=0/inactive/ jphase=absent killpid=
19:58:15.003060358 pdns=0/0/inactive/dead/ named=0/inactive/dead/ agent=0/inactive/ jphase=absent killpid=
19:58:15.272822729 pdns=0/0/inactive/dead/ named=0/inactive/dead/ agent=0/inactive/ jphase=absent killpid=1790,
19:58:15.542219004 CHANGE ledger 177f61d12ed0bb85e6ea535b807b376e26bbe0871405a13867c0b3cb6ea4b211 -> cf52b7b7d93838ed3ad92ea40ee2ef21785fa74dabec513582b432562422a4e7
19:58:15.547176018 pdns=0/0/inactive/dead/ named=0/inactive/dead/ agent=0/inactive/ jphase=absent killpid=1790,
19:58:15.826665977 CHANGE ledger cf52b7b7d93838ed3ad92ea40ee2ef21785fa74dabec513582b432562422a4e7 -> 3693db7298df3d726e3aea5aec6b2a010208d40db3065d034c3244972ef6f958
19:58:15.829865359 pdns=0/0/inactive/dead/ named=0/inactive/dead/ agent=0/inactive/ jphase=absent killpid=1790,
19:58:16.141779573 CHANGE ledger 3693db7298df3d726e3aea5aec6b2a010208d40db3065d034c3244972ef6f958 -> 9c7cdb7e8ddf5ebe3f4df3939b7ac56a51502873dd3d029426a60761fffa76f9
19:58:16.145205550 pdns=0/0/inactive/dead/ named=0/inactive/dead/ agent=0/inactive/ jphase=absent killpid=1790,1970,
19:58:16.413370110 pdns=0/0/inactive/dead/ named=0/inactive/dead/ agent=0/inactive/ jphase=absent killpid=1790,1970,
19:58:16.689043813 pdns=0/0/inactive/dead/ named=0/inactive/dead/ agent=0/inactive/ jphase=absent killpid=1790,1970,
19:58:16.963690257 pdns=0/0/inactive/dead/ named=0/inactive/dead/ agent=0/inactive/ jphase=absent killpid=1790,1970,
19:58:17.237600682 pdns=0/0/inactive/dead/ named=0/inactive/dead/ agent=0/inactive/ jphase=absent killpid=1790,1970,
19:58:17.505430500 pdns=0/0/inactive/dead/ named=0/inactive/dead/ agent=0/inactive/ jphase=absent killpid=1790,1970,
19:58:17.789988572 pdns=0/0/inactive/dead/ named=0/inactive/dead/ agent=0/inactive/ jphase=absent killpid=1790,1970,
19:58:18.057461840 pdns=0/0/inactive/dead/ named=0/inactive/dead/ agent=0/inactive/ jphase=absent killpid=1790,1970,
19:58:18.326403909 pdns=0/0/inactive/dead/ named=0/inactive/dead/ agent=0/inactive/ jphase=absent killpid=1790,1970,
19:58:18.595856661 pdns=0/0/inactive/dead/ named=0/inactive/dead/ agent=0/inactive/ jphase=absent killpid=1790,1970,
19:58:18.863500217 pdns=0/0/inactive/dead/ named=0/inactive/dead/ agent=0/inactive/ jphase=absent killpid=1790,1970,
19:58:19.130852090 pdns=0/0/inactive/dead/ named=0/inactive/dead/ agent=0/inactive/ jphase=absent killpid=1790,1970,
19:58:19.412757500 pdns=0/0/inactive/dead/ named=0/inactive/dead/ agent=0/inactive/ jphase=absent killpid=1790,1970,
19:58:19.698340446 pdns=0/0/inactive/dead/ named=0/inactive/dead/ agent=0/inactive/ jphase=absent killpid=1790,1970,
19:58:19.967874560 pdns=0/0/inactive/dead/ named=0/inactive/dead/ agent=0/inactive/ jphase=absent killpid=1790,1970,
19:58:20.237145572 pdns=0/0/inactive/dead/ named=0/inactive/dead/ agent=0/inactive/ jphase=absent killpid=1790,1970,
19:58:20.507382029 CHANGE ledger 9c7cdb7e8ddf5ebe3f4df3939b7ac56a51502873dd3d029426a60761fffa76f9 -> 8a2f64bfc17b91d04c6e9b2e0fefc75e77d7c87ce4dc576c023bfc7e2bd75898
19:58:20.511070339 pdns=0/0/inactive/dead/ named=0/inactive/dead/ agent=0/inactive/ jphase=absent killpid=1790,1970,
19:58:20.783525575 pdns=0/0/inactive/dead/ named=0/inactive/dead/ agent=0/inactive/ jphase=absent killpid=1790,1970,
19:58:21.066963715 pdns=0/0/inactive/dead/ named=0/inactive/dead/ agent=0/inactive/ jphase=absent killpid=1790,1970,
19:58:21.355079369 pdns=0/0/inactive/dead/ named=0/inactive/dead/ agent=0/inactive/ jphase=absent killpid=1790,1970,
19:58:21.643732278 pdns=0/0/inactive/dead/ named=0/inactive/dead/ agent=0/inactive/ jphase=absent killpid=1790,1970,
19:58:21.914708766 pdns=0/0/inactive/dead/ named=0/inactive/dead/ agent=0/inactive/ jphase=absent killpid=1790,1970,
19:58:22.182484656 pdns=0/0/inactive/dead/ named=0/inactive/dead/ agent=0/inactive/ jphase=absent killpid=1790,1970,
19:58:22.467338787 pdns=0/0/inactive/dead/ named=0/inactive/dead/ agent=0/inactive/ jphase=absent killpid=1790,1970,
19:58:22.757539671 pdns=0/0/inactive/dead/ named=0/inactive/dead/ agent=0/inactive/ jphase=absent killpid=1790,1970,
19:58:23.033358902 pdns=0/0/inactive/dead/ named=0/inactive/dead/ agent=0/inactive/ jphase=absent killpid=1790,1970,
19:58:23.311703890 CHANGE ledger 8a2f64bfc17b91d04c6e9b2e0fefc75e77d7c87ce4dc576c023bfc7e2bd75898 -> 61be6555f2ae2e96dd055d39aa150786f043d389ffefb42f80e108a640ae0d40
19:58:23.315038697 pdns=0/0/inactive/dead/ named=0/inactive/dead/ agent=0/inactive/ jphase=absent killpid=1790,2623,
19:58:23.595542138 pdns=0/0/inactive/dead/ named=0/inactive/dead/ agent=0/inactive/ jphase=absent killpid=1790,2623,
19:58:23.877171190 pdns=0/0/inactive/dead/ named=0/inactive/dead/ agent=0/inactive/ jphase=absent killpid=1790,2623,
19:58:24.153328960 pdns=0/0/inactive/dead/ named=0/inactive/dead/ agent=0/inactive/ jphase=absent killpid=1790,2623,
19:58:24.443219246 pdns=0/0/inactive/dead/ named=0/inactive/dead/ agent=0/inactive/ jphase=absent killpid=1790,2623,
19:58:24.714605074 pdns=0/0/inactive/dead/ named=0/inactive/dead/ agent=0/inactive/ jphase=absent killpid=1790,2623,
19:58:24.986163143 pdns=0/0/inactive/dead/ named=0/inactive/dead/ agent=0/inactive/ jphase=absent killpid=1790,2623,
19:58:25.266528219 pdns=0/0/inactive/dead/ named=0/inactive/dead/ agent=0/inactive/ jphase=absent killpid=1790,2623,
19:58:25.549509325 CHANGE ledger 61be6555f2ae2e96dd055d39aa150786f043d389ffefb42f80e108a640ae0d40 -> f6d9da6028b93eb3f629ca19c04a7f981a0e5c84a5de77d67b84cf88a2e73d26
19:58:25.552998535 pdns=0/0/inactive/dead/ named=0/inactive/dead/ agent=0/inactive/ jphase=absent killpid=1790,2623,
19:58:25.831690909 pdns=0/0/inactive/dead/ named=0/inactive/dead/ agent=0/inactive/ jphase=absent killpid=1790,2623,
19:58:26.115296268 pdns=0/0/inactive/dead/ named=0/inactive/dead/ agent=0/inactive/ jphase=absent killpid=1790,2623,
19:58:26.386840030 pdns=0/0/inactive/dead/ named=0/inactive/dead/ agent=0/inactive/ jphase=absent killpid=1790,2623,
19:58:26.661644395 pdns=0/0/inactive/dead/ named=0/inactive/dead/ agent=0/inactive/ jphase=absent killpid=1790,2623,
19:58:26.931559042 pdns=0/0/inactive/dead/ named=0/inactive/dead/ agent=0/inactive/ jphase=absent killpid=1790,3094,
19:58:27.227714586 CHANGE ledger f6d9da6028b93eb3f629ca19c04a7f981a0e5c84a5de77d67b84cf88a2e73d26 -> 0a5875b40d659e3739dc6c92f20513f4129391a9336f57024edb65111aef44ab
19:58:27.233563990 pdns=0/0/inactive/dead/ named=0/inactive/dead/ agent=0/inactive/ jphase=absent killpid=1790,3221,
19:58:27.689957430 CHANGE journal absent -> 97c4889e234508fab84b96cb5ad21e51ea0098ea7914f37a0f91f82efa57ff42
19:58:27.700026106 CHANGE ledger 0a5875b40d659e3739dc6c92f20513f4129391a9336f57024edb65111aef44ab -> c95dddcba997c02667b658471ed2acd7ff911490262ee29bea43cd97e89d2fb8
19:58:27.703825395 pdns=0/0/inactive/dead/ named=0/inactive/dead/ agent=0/inactive/ jphase=intent killpid=1790,
19:58:27.979704747 CHANGE ledger c95dddcba997c02667b658471ed2acd7ff911490262ee29bea43cd97e89d2fb8 -> a3cb94c2253cfdff31ef3ef136e86de4442d37155478f1c1c1073192706a8397
19:58:27.983460950 pdns=0/0/inactive/dead/ named=0/inactive/dead/ agent=0/inactive/ jphase=intent killpid=1790,
19:58:28.252583821 CHANGE ledger a3cb94c2253cfdff31ef3ef136e86de4442d37155478f1c1c1073192706a8397 -> c5710aa8374a8a465c60659d46b40052181233fcd76f995c87fb2ec25fa7600c
19:58:28.256035579 pdns=0/0/inactive/dead/ named=0/inactive/dead/ agent=0/inactive/ jphase=rolling-back killpid=1790,
19:58:28.537527092 CHANGE journal 97c4889e234508fab84b96cb5ad21e51ea0098ea7914f37a0f91f82efa57ff42 -> 430f304b6ca273caa206575cb0e0430994e0c7ec8c93fb0790417461ede34ad2
19:58:28.547564357 CHANGE ledger c5710aa8374a8a465c60659d46b40052181233fcd76f995c87fb2ec25fa7600c -> d58582160bb6bda41cd3310a9507b0abd3565d3042c819792d7165cdaa9b0dae
19:58:28.550958325 pdns=0/0/inactive/dead/ named=0/inactive/dead/ agent=0/inactive/ jphase=rolling-back killpid=1790,3523,
19:58:28.837325653 CHANGE ledger d58582160bb6bda41cd3310a9507b0abd3565d3042c819792d7165cdaa9b0dae -> 867f9fd3f4534ad1e6ffa0aba929fd3d1f90bd04f7eaf17208c8853422931562
19:58:28.840559679 pdns=0/0/inactive/dead/ named=0/inactive/dead/ agent=0/inactive/ jphase=rolling-back killpid=1790,3611,
19:58:29.167376861 CHANGE ledger 867f9fd3f4534ad1e6ffa0aba929fd3d1f90bd04f7eaf17208c8853422931562 -> 2216789227d169f973d23ac2c4e3e68f6720519cbe80290a236630d882ca9ca5
19:58:29.171343415 pdns=0/0/inactive/dead/ named=0/inactive/dead/ agent=0/inactive/ jphase=rolling-back killpid=1790,
19:58:29.452898314 CHANGE journal 430f304b6ca273caa206575cb0e0430994e0c7ec8c93fb0790417461ede34ad2 -> c44e906c82d70c7946b43c098114b9653e47f4b7b0f55613dce6c44c0f201d3c
19:58:29.462805866 CHANGE ledger 2216789227d169f973d23ac2c4e3e68f6720519cbe80290a236630d882ca9ca5 -> b51334922a243b6ba7d3a5ac475f94d24ee1f3131527274a63710232a37408fa
19:58:29.466369539 pdns=0/0/inactive/dead/ named=0/inactive/dead/ agent=3766/active/ jphase=rolled-back killpid=
19:58:29.816324297 pdns=0/0/inactive/dead/ named=0/inactive/dead/ agent=3766/active/ jphase=rolled-back killpid=
19:58:30.313020405 CHANGE journal c44e906c82d70c7946b43c098114b9653e47f4b7b0f55613dce6c44c0f201d3c -> absent
19:58:30.322206855 CHANGE ledger b51334922a243b6ba7d3a5ac475f94d24ee1f3131527274a63710232a37408fa -> 59db8ddd2649247f40341385d1365a6c25aa673ce23e404cc8903b16a77101a9
19:58:30.325944462 pdns=0/0/inactive/dead/ named=0/inactive/dead/ agent=3766/active/ jphase=absent killpid=
19:58:30.612752231 CHANGE ledger 59db8ddd2649247f40341385d1365a6c25aa673ce23e404cc8903b16a77101a9 -> 4120cb34ac3e3e9b20ca73b88d3b68f7f43c63ae5a75d59e0717cc782e14ea4a
19:58:30.616747651 pdns=0/0/inactive/dead/ named=0/inactive/dead/ agent=3766/active/ jphase=absent killpid=
19:58:30.929966191 CHANGE journal absent -> 97c4889e234508fab84b96cb5ad21e51ea0098ea7914f37a0f91f82efa57ff42
19:58:30.938606805 CHANGE ledger 4120cb34ac3e3e9b20ca73b88d3b68f7f43c63ae5a75d59e0717cc782e14ea4a -> 72bc2d547663595469055e7da0bc9f2098b4629d8476b5cb46f6cc1623b071f8
19:58:30.942216580 pdns=0/0/inactive/dead/ named=0/inactive/dead/ agent=3766/active/ jphase=intent killpid=
19:58:31.208790346 pdns=0/0/inactive/dead/ named=0/inactive/dead/ agent=3766/active/ jphase=intent killpid=
19:58:31.488335820 CHANGE journal 97c4889e234508fab84b96cb5ad21e51ea0098ea7914f37a0f91f82efa57ff42 -> 074547bb004b787d7e8e96652d8c17b30754736f421de8239cc89d333f1db100
19:58:31.501009804 CHANGE ledger 72bc2d547663595469055e7da0bc9f2098b4629d8476b5cb46f6cc1623b071f8 -> 5c1ec4aabd7ea76389f68ed0bf6c9785655271061e29413afac3d9c10a944742
19:58:31.513902034 CHANGE pdnsdb absent -> 4f4445060e29cd5d8d05c9b89b0b779274df4cf83a3b40eb241893de06d9f676
19:58:31.517501274 pdns=0/0/inactive/dead/ named=0/inactive/dead/ agent=3766/active/ jphase=source-stopped killpid=
19:58:31.800502431 CHANGE ledger 5c1ec4aabd7ea76389f68ed0bf6c9785655271061e29413afac3d9c10a944742 -> 0281d347075034df5008bbc8690373b706a512a220b2c7795d750b2a1f6af2ac
19:58:31.809541041 pdns=0/0/inactive/dead/ named=0/inactive/dead/ agent=3766/active/ jphase=source-stopped killpid=
19:58:32.318283044 CHANGE ledger 0281d347075034df5008bbc8690373b706a512a220b2c7795d750b2a1f6af2ac -> b0d9f48a5db79ca30100148f2fc49ead49a20fd6748882439c316ab42fd28455
19:58:32.335682726 pdns=0/0/inactive/dead/ named=0/inactive/dead/ agent=3766/active/ jphase=source-stopped killpid=
19:58:32.824731402 CHANGE ledger b0d9f48a5db79ca30100148f2fc49ead49a20fd6748882439c316ab42fd28455 -> df1cfb852df269344ed218a6769562c098564ffba153f83bb1dfa06812897574
19:58:32.835515620 pdns=0/0/inactive/dead/ named=0/inactive/dead/ agent=3766/active/ jphase=source-stopped killpid=
19:58:33.134586893 CHANGE ledger df1cfb852df269344ed218a6769562c098564ffba153f83bb1dfa06812897574 -> 3b25f5dc381a28ce676226813e296a72a939fbd94185e1a1c4fc785eb56b2477
19:58:33.152361715 pdns=0/0/inactive/dead/ named=0/inactive/dead/ agent=3766/active/ jphase=source-stopped killpid=
19:58:33.643059837 CHANGE ledger 3b25f5dc381a28ce676226813e296a72a939fbd94185e1a1c4fc785eb56b2477 -> 630c19d3f47eac0980b633e0ff8d34d69ba0e77cdbeb30c895cee6409d41f420
19:58:33.652210674 pdns=0/0/inactive/dead/ named=0/inactive/dead/ agent=3766/active/ jphase=source-stopped killpid=
19:58:33.961471761 CHANGE ledger 630c19d3f47eac0980b633e0ff8d34d69ba0e77cdbeb30c895cee6409d41f420 -> 1a7088dda52e6734413b9e9ab1d38c19d0a6ab14b82e0c4408d4db4eccc68248
19:58:33.976848501 CHANGE pdnsdb 4f4445060e29cd5d8d05c9b89b0b779274df4cf83a3b40eb241893de06d9f676 -> 5c5b6ee64dcb1ef317cc1a98b4fde1b28927b9314ca6e7f9a6f4d45f78a076bd
19:58:33.991751719 pdns=4824/0/active/running/ named=0/inactive/dead/ agent=3766/active/ jphase=source-stopped killpid=
19:58:34.375516493 CHANGE journal 074547bb004b787d7e8e96652d8c17b30754736f421de8239cc89d333f1db100 -> eec4d713a0f4372de902166c3c0f096efe77b28cad59edef69119627d2e121ea
19:58:34.398196664 CHANGE ledger 1a7088dda52e6734413b9e9ab1d38c19d0a6ab14b82e0c4408d4db4eccc68248 -> 9ea0ab0081c8f11224c84e6b5c1b20f03b05183c41e68979e33ae217f4571669
19:58:34.475511402 CHANGE pdnsdb 5c5b6ee64dcb1ef317cc1a98b4fde1b28927b9314ca6e7f9a6f4d45f78a076bd -> 22635bb461b32ac4df262b1cfe8d4a4b0c133a4ecef24e35bba0b894d84827a8
19:58:34.479798437 pdns=4824/0/active/running/ named=0/inactive/dead/ agent=3766/active/ jphase=target-started killpid=
19:58:34.761267210 CHANGE ledger 9ea0ab0081c8f11224c84e6b5c1b20f03b05183c41e68979e33ae217f4571669 -> 71fec8487cecbcb98de73f2d8af1fe9187285ae8888530b7dc9160b79ad63d58
19:58:34.769704704 pdns=4824/0/active/running/ named=0/inactive/dead/ agent=3766/active/ jphase=target-started killpid=
19:58:35.052992859 CHANGE ledger 71fec8487cecbcb98de73f2d8af1fe9187285ae8888530b7dc9160b79ad63d58 -> 7d1377ab107b5ffb169dff785613940216fa87607a10a42a40629fba4cfe6b19
19:58:35.062333197 pdns=4824/0/active/running/ named=0/inactive/dead/ agent=3766/active/ jphase=target-started killpid=
19:58:35.336013783 CHANGE ledger 7d1377ab107b5ffb169dff785613940216fa87607a10a42a40629fba4cfe6b19 -> 8b357b6d4a3037965dcdb427562fa627fdbd581e100503ba8cd0cf317e3cea10
19:58:35.347004043 pdns=4824/0/active/running/ named=0/inactive/dead/ agent=3766/active/ jphase=target-started killpid=
19:58:35.625871313 CHANGE ledger 8b357b6d4a3037965dcdb427562fa627fdbd581e100503ba8cd0cf317e3cea10 -> e288f4bee1232959cec71da8155495c8ceba8d7e4203ec4688f17ca2d324c0de
19:58:35.634397990 pdns=4824/0/active/running/ named=0/inactive/dead/ agent=3766/active/ jphase=target-started killpid=
19:58:35.929172267 CHANGE journal eec4d713a0f4372de902166c3c0f096efe77b28cad59edef69119627d2e121ea -> 5921cad6d713d87ff0a97344ea11938919af1aa93746499e7444e7036c00877e
19:58:35.945725782 CHANGE state absent -> 7af3bdf7660aa24a305896830b68dcce27c8e3f5794ec9e606ce0524e568848c
19:58:35.956492184 pdns=4824/0/active/running/ named=0/inactive/dead/ agent=3766/active/ jphase=committed killpid=
19:58:36.240585674 pdns=4824/0/active/running/ named=0/inactive/dead/ agent=3766/active/ jphase=committed killpid=
19:58:36.503886692 CHANGE journal 5921cad6d713d87ff0a97344ea11938919af1aa93746499e7444e7036c00877e -> absent
19:58:36.515247887 CHANGE ledger e288f4bee1232959cec71da8155495c8ceba8d7e4203ec4688f17ca2d324c0de -> e48641fb95f57ef7c3219d6a9035bcd7e3c9119fc654260aaffc09df97c0b122
19:58:36.527323610 pdns=4824/0/active/running/ named=0/inactive/dead/ agent=3766/active/ jphase=absent killpid=
19:58:36.845297259 pdns=4824/0/active/running/ named=0/inactive/dead/ agent=3766/active/ jphase=absent killpid=
19:58:37.150401683 pdns=4824/0/active/running/ named=0/inactive/dead/ agent=3766/active/ jphase=absent killpid=
19:58:37.435401995 pdns=4824/0/active/running/ named=0/inactive/dead/ agent=3766/active/ jphase=absent killpid=
19:58:37.711934117 pdns=4824/0/active/running/ named=0/inactive/dead/ agent=3766/active/ jphase=absent killpid=
19:58:37.984810242 pdns=4824/0/active/running/ named=0/inactive/dead/ agent=3766/active/ jphase=absent killpid=
19:58:38.257593196 pdns=4824/0/active/running/ named=0/inactive/dead/ agent=3766/active/ jphase=absent killpid=
19:58:38.531322193 pdns=4824/0/active/running/ named=0/inactive/dead/ agent=3766/active/ jphase=absent killpid=
19:58:38.805330554 pdns=4824/0/active/running/ named=0/inactive/dead/ agent=3766/active/ jphase=absent killpid=
19:58:39.080969651 pdns=4824/0/active/running/ named=0/inactive/dead/ agent=3766/active/ jphase=absent killpid=
19:58:39.354632695 pdns=4824/0/active/running/ named=0/inactive/dead/ agent=3766/active/ jphase=absent killpid=
19:58:39.627896532 pdns=4824/0/active/running/ named=0/inactive/dead/ agent=3766/active/ jphase=absent killpid=
19:58:39.902968629 pdns=4824/0/active/running/ named=0/inactive/dead/ agent=3766/active/ jphase=absent killpid=
19:58:40.177489133 pdns=4824/0/active/running/ named=0/inactive/dead/ agent=3766/active/ jphase=absent killpid=
19:58:40.465725800 pdns=4824/0/active/running/ named=0/inactive/dead/ agent=3766/active/ jphase=absent killpid=
19:58:40.737254480 pdns=4824/0/active/running/ named=0/inactive/dead/ agent=3766/active/ jphase=absent killpid=
19:58:41.023816067 pdns=4824/0/active/running/ named=0/inactive/dead/ agent=3766/active/ jphase=absent killpid=
19:58:41.299926141 pdns=4824/0/active/running/ named=0/inactive/dead/ agent=3766/active/ jphase=absent killpid=
19:58:41.574044319 pdns=4824/0/active/running/ named=0/inactive/dead/ agent=3766/active/ jphase=absent killpid=
19:58:41.860326199 pdns=4824/0/active/running/ named=0/inactive/dead/ agent=3766/active/ jphase=absent killpid=
19:58:42.138773121 pdns=4824/0/active/running/ named=0/inactive/dead/ agent=3766/active/ jphase=absent killpid=
19:58:42.413176617 pdns=4824/0/active/running/ named=0/inactive/dead/ agent=3766/active/ jphase=absent killpid=
19:58:42.686082938 pdns=4824/0/active/running/ named=0/inactive/dead/ agent=3766/active/ jphase=absent killpid=
19:58:42.961388335 pdns=4824/0/active/running/ named=0/inactive/dead/ agent=3766/active/ jphase=absent killpid=
19:58:43.235930174 pdns=4824/0/active/running/ named=0/inactive/dead/ agent=3766/active/ jphase=absent killpid=
19:58:43.509256170 pdns=4824/0/active/running/ named=0/inactive/dead/ agent=3766/active/ jphase=absent killpid=
19:58:43.786937659 pdns=4824/0/active/running/ named=0/inactive/dead/ agent=3766/active/ jphase=absent killpid=
19:58:44.060060685 pdns=4824/0/active/running/ named=0/inactive/dead/ agent=3766/active/ jphase=absent killpid=
19:58:44.333349310 pdns=4824/0/active/running/ named=0/inactive/dead/ agent=3766/active/ jphase=absent killpid=
19:58:44.607977931 pdns=4824/0/active/running/ named=0/inactive/dead/ agent=3766/active/ jphase=absent killpid=
19:58:44.885215057 pdns=4824/0/active/running/ named=0/inactive/dead/ agent=3766/active/ jphase=absent killpid=
19:58:45.163459800 pdns=4824/0/active/running/ named=0/inactive/dead/ agent=3766/active/ jphase=absent killpid=
19:58:45.437767513 pdns=4824/0/active/running/ named=0/inactive/dead/ agent=3766/active/ jphase=absent killpid=
19:58:45.709897759 pdns=4824/0/active/running/ named=0/inactive/dead/ agent=3766/active/ jphase=absent killpid=
19:58:45.983478726 pdns=4824/0/active/running/ named=0/inactive/dead/ agent=3766/active/ jphase=absent killpid=
19:58:46.256625981 pdns=4824/0/active/running/ named=0/inactive/dead/ agent=3766/active/ jphase=absent killpid=
19:58:46.529075617 pdns=4824/0/active/running/ named=0/inactive/dead/ agent=3766/active/ jphase=absent killpid=
19:58:46.801197473 pdns=4824/0/active/running/ named=0/inactive/dead/ agent=3766/active/ jphase=absent killpid=
19:58:47.080258295 pdns=4824/0/active/running/ named=0/inactive/dead/ agent=3766/active/ jphase=absent killpid=
19:58:47.351991527 pdns=4824/0/active/running/ named=0/inactive/dead/ agent=3766/active/ jphase=absent killpid=
19:58:47.625026097 pdns=4824/0/active/running/ named=0/inactive/dead/ agent=3766/active/ jphase=absent killpid=
19:58:47.896871240 pdns=4824/0/active/running/ named=0/inactive/dead/ agent=3766/active/ jphase=absent killpid=
19:58:48.171321996 pdns=4824/0/active/running/ named=0/inactive/dead/ agent=3766/active/ jphase=absent killpid=
19:58:48.445079562 pdns=4824/0/active/running/ named=0/inactive/dead/ agent=3766/active/ jphase=absent killpid=
19:58:48.716841196 pdns=4824/0/active/running/ named=0/inactive/dead/ agent=3766/active/ jphase=absent killpid=
19:58:48.989224347 pdns=4824/0/active/running/ named=0/inactive/dead/ agent=3766/active/ jphase=absent killpid=
19:58:49.262801597 pdns=4824/0/active/running/ named=0/inactive/dead/ agent=3766/active/ jphase=absent killpid=
19:58:49.534494189 pdns=4824/0/active/running/ named=0/inactive/dead/ agent=3766/active/ jphase=absent killpid=
19:58:49.806484850 pdns=4824/0/active/running/ named=0/inactive/dead/ agent=3766/active/ jphase=absent killpid=
19:58:50.080741885 pdns=4824/0/active/running/ named=0/inactive/dead/ agent=3766/active/ jphase=absent killpid=
19:58:50.357335979 pdns=4824/0/active/running/ named=0/inactive/dead/ agent=3766/active/ jphase=absent killpid=
19:58:50.631009797 pdns=4824/0/active/running/ named=0/inactive/dead/ agent=3766/active/ jphase=absent killpid=
19:58:50.904462157 pdns=4824/0/active/running/ named=0/inactive/dead/ agent=3766/active/ jphase=absent killpid=
19:58:51.179353486 pdns=4824/0/active/running/ named=0/inactive/dead/ agent=3766/active/ jphase=absent killpid=
19:58:51.452158205 pdns=4824/0/active/running/ named=0/inactive/dead/ agent=3766/active/ jphase=absent killpid=
19:58:51.737114249 pdns=4824/0/active/running/ named=0/inactive/dead/ agent=3766/active/ jphase=absent killpid=
19:58:52.009700352 pdns=4824/0/active/running/ named=0/inactive/dead/ agent=3766/active/ jphase=absent killpid=
19:58:52.281315170 pdns=4824/0/active/running/ named=0/inactive/dead/ agent=3766/active/ jphase=absent killpid=
19:58:52.552640243 pdns=4824/0/active/running/ named=0/inactive/dead/ agent=3766/active/ jphase=absent killpid=
19:58:52.825489089 pdns=4824/0/active/running/ named=0/inactive/dead/ agent=3766/active/ jphase=absent killpid=
19:58:53.101405682 pdns=4824/0/active/running/ named=0/inactive/dead/ agent=3766/active/ jphase=absent killpid=
19:58:53.376654058 pdns=4824/0/active/running/ named=0/inactive/dead/ agent=3766/active/ jphase=absent killpid=
19:58:53.649466041 pdns=4824/0/active/running/ named=0/inactive/dead/ agent=3766/active/ jphase=absent killpid=
19:58:53.923306651 pdns=4824/0/active/running/ named=0/inactive/dead/ agent=3766/active/ jphase=absent killpid=
19:58:54.195944843 pdns=4824/0/active/running/ named=0/inactive/dead/ agent=3766/active/ jphase=absent killpid=
19:58:54.469355737 pdns=4824/0/active/running/ named=0/inactive/dead/ agent=3766/active/ jphase=absent killpid=
19:58:54.740254827 pdns=4824/0/active/running/ named=0/inactive/dead/ agent=3766/active/ jphase=absent killpid=
19:58:55.012789722 pdns=4824/0/active/running/ named=0/inactive/dead/ agent=3766/active/ jphase=absent killpid=
19:58:55.289263639 pdns=4824/0/active/running/ named=0/inactive/dead/ agent=3766/active/ jphase=absent killpid=
19:58:55.565275799 pdns=4824/0/active/running/ named=0/inactive/dead/ agent=3766/active/ jphase=absent killpid=
19:58:55.839406835 pdns=4824/0/active/running/ named=0/inactive/dead/ agent=3766/active/ jphase=absent killpid=
19:58:56.113202758 pdns=4824/0/active/running/ named=0/inactive/dead/ agent=3766/active/ jphase=absent killpid=
19:58:56.386724982 pdns=4824/0/active/running/ named=0/inactive/dead/ agent=3766/active/ jphase=absent killpid=
19:58:56.663473788 pdns=4824/0/active/running/ named=0/inactive/dead/ agent=3766/active/ jphase=absent killpid=
19:58:56.937091042 pdns=4824/0/active/running/ named=0/inactive/dead/ agent=3766/active/ jphase=absent killpid=
19:58:57.210370354 pdns=4824/0/active/running/ named=0/inactive/dead/ agent=3766/active/ jphase=absent killpid=
19:58:57.487127244 pdns=4824/0/active/running/ named=0/inactive/dead/ agent=3766/active/ jphase=absent killpid=
19:58:57.766288166 pdns=4824/0/active/running/ named=0/inactive/dead/ agent=3766/active/ jphase=absent killpid=
19:58:58.045046084 pdns=4824/0/active/running/ named=0/inactive/dead/ agent=3766/active/ jphase=absent killpid=
19:58:58.320768593 pdns=4824/0/active/running/ named=0/inactive/dead/ agent=3766/active/ jphase=absent killpid=
19:58:58.592966881 pdns=4824/0/active/running/ named=0/inactive/dead/ agent=3766/active/ jphase=absent killpid=
19:58:58.865198640 pdns=4824/0/active/running/ named=0/inactive/dead/ agent=3766/active/ jphase=absent killpid=
19:58:59.139721706 pdns=4824/0/active/running/ named=0/inactive/dead/ agent=3766/active/ jphase=absent killpid=
19:58:59.412874627 pdns=4824/0/active/running/ named=0/inactive/dead/ agent=3766/active/ jphase=absent killpid=
19:58:59.687043136 pdns=4824/0/active/running/ named=0/inactive/dead/ agent=3766/active/ jphase=absent killpid=
19:58:59.964073030 pdns=4824/0/active/running/ named=0/inactive/dead/ agent=3766/active/ jphase=absent killpid=
19:59:00.237984749 pdns=4824/0/active/running/ named=0/inactive/dead/ agent=3766/active/ jphase=absent killpid=
19:59:00.519545494 pdns=4824/0/active/running/ named=0/inactive/dead/ agent=3766/active/ jphase=absent killpid=
19:59:00.791545922 pdns=4824/0/active/running/ named=0/inactive/dead/ agent=3766/active/ jphase=absent killpid=
19:59:01.064690525 pdns=4824/0/active/running/ named=0/inactive/dead/ agent=3766/active/ jphase=absent killpid=
19:59:01.341039638 pdns=4824/0/active/running/ named=0/inactive/dead/ agent=3766/active/ jphase=absent killpid=
19:59:01.614285350 pdns=4824/0/active/running/ named=0/inactive/dead/ agent=3766/active/ jphase=absent killpid=
19:59:01.886584207 pdns=4824/0/active/running/ named=0/inactive/dead/ agent=3766/active/ jphase=absent killpid=
19:59:02.160844744 pdns=4824/0/active/running/ named=0/inactive/dead/ agent=3766/active/ jphase=absent killpid=
19:59:02.432908502 pdns=4824/0/active/running/ named=0/inactive/dead/ agent=3766/active/ jphase=absent killpid=
19:59:02.704228183 pdns=4824/0/active/running/ named=0/inactive/dead/ agent=3766/active/ jphase=absent killpid=
19:59:02.980858540 pdns=4824/0/active/running/ named=0/inactive/dead/ agent=3766/active/ jphase=absent killpid=
19:59:03.255362627 pdns=4824/0/active/running/ named=0/inactive/dead/ agent=3766/active/ jphase=absent killpid=
19:59:03.527656439 pdns=4824/0/active/running/ named=0/inactive/dead/ agent=3766/active/ jphase=absent killpid=
19:59:03.802147599 pdns=4824/0/active/running/ named=0/inactive/dead/ agent=3766/active/ jphase=absent killpid=
19:59:04.073169630 pdns=4824/0/active/running/ named=0/inactive/dead/ agent=3766/active/ jphase=absent killpid=
19:59:04.345215040 pdns=4824/0/active/running/ named=0/inactive/dead/ agent=3766/active/ jphase=absent killpid=
19:59:04.617293422 pdns=4824/0/active/running/ named=0/inactive/dead/ agent=3766/active/ jphase=absent killpid=
19:59:04.891809496 pdns=4824/0/active/running/ named=0/inactive/dead/ agent=3766/active/ jphase=absent killpid=
19:59:05.167804016 pdns=4824/0/active/running/ named=0/inactive/dead/ agent=3766/active/ jphase=absent killpid=
19:59:05.441811093 pdns=4824/0/active/running/ named=0/inactive/dead/ agent=3766/active/ jphase=absent killpid=
19:59:05.719118449 pdns=4824/0/active/running/ named=0/inactive/dead/ agent=3766/active/ jphase=absent killpid=
19:59:06.006286613 pdns=4824/0/active/running/ named=0/inactive/dead/ agent=3766/active/ jphase=absent killpid=
19:59:06.295153740 pdns=4824/0/active/running/ named=0/inactive/dead/ agent=3766/active/ jphase=absent killpid=
19:59:06.584270863 pdns=4824/0/active/running/ named=0/inactive/dead/ agent=3766/active/ jphase=absent killpid=
19:59:06.856750736 pdns=4824/0/active/running/ named=0/inactive/dead/ agent=3766/active/ jphase=absent killpid=
19:59:07.129590814 pdns=4824/0/active/running/ named=0/inactive/dead/ agent=3766/active/ jphase=absent killpid=
19:59:07.408726955 pdns=4824/0/active/running/ named=0/inactive/dead/ agent=0/inactive/ jphase=absent killpid=
19:59:07.744084285 pdns=4824/0/active/running/ named=0/inactive/dead/ agent=0/inactive/ jphase=absent killpid=
19:59:08.022796918 pdns=4824/0/active/running/ named=0/inactive/dead/ agent=0/inactive/ jphase=absent killpid=
19:59:08.296330528 pdns=4824/0/active/running/ named=0/inactive/dead/ agent=0/inactive/ jphase=absent killpid=
