01:01:49.313867577 CHANGE journal none -> absent
01:01:49.328043092 CHANGE ledger none -> 177f61d12ed0bb85e6ea535b807b376e26bbe0871405a13867c0b3cb6ea4b211
01:01:49.332495237 CHANGE state none -> absent
01:01:49.337840189 CHANGE pdnsdb none -> absent
01:01:49.342320545 POINTER 
01:01:49.344045839 pdns=0/0/inactive/dead/ named=0/inactive/dead/ agent=0/inactive/ jphase=absent killpid=
01:01:49.635027361 pdns=0/0/inactive/dead/ named=0/inactive/dead/ agent=0/inactive/ jphase=absent killpid=
01:01:49.942235324 pdns=0/0/inactive/dead/ named=0/inactive/dead/ agent=0/inactive/ jphase=absent killpid=
01:01:50.225377900 pdns=0/0/inactive/dead/ named=0/inactive/dead/ agent=0/inactive/ jphase=absent killpid=
01:01:50.501148470 pdns=0/0/inactive/dead/ named=0/inactive/dead/ agent=0/inactive/ jphase=absent killpid=
01:01:50.797003532 pdns=0/0/inactive/dead/ named=0/inactive/dead/ agent=0/inactive/ jphase=absent killpid=
01:01:51.103125924 pdns=0/0/inactive/dead/ named=0/inactive/dead/ agent=0/inactive/ jphase=absent killpid=
01:01:51.395105302 pdns=0/0/inactive/dead/ named=0/inactive/dead/ agent=0/inactive/ jphase=absent killpid=2309,
01:01:51.679882347 pdns=0/0/inactive/dead/ named=0/inactive/dead/ agent=0/inactive/ jphase=absent killpid=2309,
01:01:51.954046146 pdns=0/0/inactive/dead/ named=0/inactive/dead/ agent=0/inactive/ jphase=absent killpid=2309,
01:01:52.226304179 pdns=0/0/inactive/dead/ named=0/inactive/dead/ agent=0/inactive/ jphase=absent killpid=2309,
01:01:52.506044811 CHANGE ledger 177f61d12ed0bb85e6ea535b807b376e26bbe0871405a13867c0b3cb6ea4b211 -> 6f649814daf7576a0ebea68b0e49b0f44dcf8903daa2f978bcf7d59cb5506510
01:01:52.510168586 pdns=0/0/inactive/dead/ named=0/inactive/dead/ agent=0/inactive/ jphase=absent killpid=2309,
01:01:52.818197736 CHANGE ledger 6f649814daf7576a0ebea68b0e49b0f44dcf8903daa2f978bcf7d59cb5506510 -> ff9a728ef873ff0fe6fd9c2f2ab54fd526f511158067b361db94ed31fbe867a1
01:01:52.823397150 pdns=0/0/inactive/dead/ named=0/inactive/dead/ agent=0/inactive/ jphase=absent killpid=2309,2524,
01:01:53.112118591 pdns=0/0/inactive/dead/ named=0/inactive/dead/ agent=0/inactive/ jphase=absent killpid=2309,2524,
01:01:53.401616179 pdns=0/0/inactive/dead/ named=0/inactive/dead/ agent=0/inactive/ jphase=absent killpid=2309,2524,
01:01:53.697824876 pdns=0/0/inactive/dead/ named=0/inactive/dead/ agent=0/inactive/ jphase=absent killpid=2309,2524,
01:01:54.044615522 pdns=0/0/inactive/dead/ named=0/inactive/dead/ agent=0/inactive/ jphase=absent killpid=2309,2524,
01:01:54.394698293 pdns=0/0/inactive/dead/ named=0/inactive/dead/ agent=0/inactive/ jphase=absent killpid=2309,2524,
01:01:54.763217200 pdns=0/0/inactive/dead/ named=0/inactive/dead/ agent=0/inactive/ jphase=absent killpid=2309,2524,
01:01:55.065759714 pdns=0/0/inactive/dead/ named=0/inactive/dead/ agent=0/inactive/ jphase=absent killpid=2309,2524,
01:01:55.357950184 pdns=0/0/inactive/dead/ named=0/inactive/dead/ agent=0/inactive/ jphase=absent killpid=2309,2524,
01:01:55.646112702 pdns=0/0/inactive/dead/ named=0/inactive/dead/ agent=0/inactive/ jphase=absent killpid=2309,2524,
01:01:55.931647821 pdns=0/0/inactive/dead/ named=0/inactive/dead/ agent=0/inactive/ jphase=absent killpid=2309,2524,
01:01:56.208547535 pdns=0/0/inactive/dead/ named=0/inactive/dead/ agent=0/inactive/ jphase=absent killpid=2309,2524,
01:01:56.482794536 pdns=0/0/inactive/dead/ named=0/inactive/dead/ agent=0/inactive/ jphase=absent killpid=2309,2524,
01:01:56.755931187 pdns=0/0/inactive/dead/ named=0/inactive/dead/ agent=0/inactive/ jphase=absent killpid=2309,2524,
01:01:57.030313707 pdns=0/0/inactive/dead/ named=0/inactive/dead/ agent=0/inactive/ jphase=absent killpid=2309,2524,
01:01:57.303184821 pdns=0/0/inactive/dead/ named=0/inactive/dead/ agent=0/inactive/ jphase=absent killpid=2309,2524,
01:01:57.581767061 CHANGE ledger ff9a728ef873ff0fe6fd9c2f2ab54fd526f511158067b361db94ed31fbe867a1 -> 1e7bd3b9c1176823ec9b5b63d52094c940ed6ef28ab53a561aa2b806f6d0366d
01:01:57.586178347 pdns=0/0/inactive/dead/ named=0/inactive/dead/ agent=0/inactive/ jphase=absent killpid=2309,2524,
01:01:57.870544332 pdns=0/0/inactive/dead/ named=0/inactive/dead/ agent=0/inactive/ jphase=absent killpid=2309,2524,
01:01:58.152117005 pdns=0/0/inactive/dead/ named=0/inactive/dead/ agent=0/inactive/ jphase=absent killpid=2309,2524,
01:01:58.428036176 pdns=0/0/inactive/dead/ named=0/inactive/dead/ agent=0/inactive/ jphase=absent killpid=2309,2524,
01:01:58.703460490 pdns=0/0/inactive/dead/ named=0/inactive/dead/ agent=0/inactive/ jphase=absent killpid=2309,2524,
01:01:58.978711178 pdns=0/0/inactive/dead/ named=0/inactive/dead/ agent=0/inactive/ jphase=absent killpid=2309,2524,
01:01:59.253458512 pdns=0/0/inactive/dead/ named=0/inactive/dead/ agent=0/inactive/ jphase=absent killpid=2309,2524,
01:01:59.527840207 pdns=0/0/inactive/dead/ named=0/inactive/dead/ agent=0/inactive/ jphase=absent killpid=2309,2524,
01:01:59.803598332 pdns=0/0/inactive/dead/ named=0/inactive/dead/ agent=0/inactive/ jphase=absent killpid=2309,2524,
01:02:00.083527586 pdns=0/0/inactive/dead/ named=0/inactive/dead/ agent=0/inactive/ jphase=absent killpid=2309,2524,
01:02:00.362036092 pdns=0/0/inactive/dead/ named=0/inactive/dead/ agent=0/inactive/ jphase=absent killpid=2309,2524,
01:02:00.643431399 pdns=0/0/inactive/dead/ named=0/inactive/dead/ agent=0/inactive/ jphase=absent killpid=2309,2524,
01:02:00.914472073 pdns=0/0/inactive/dead/ named=0/inactive/dead/ agent=0/inactive/ jphase=absent killpid=2309,2524,
01:02:01.189050762 pdns=0/0/inactive/dead/ named=0/inactive/dead/ agent=0/inactive/ jphase=absent killpid=2309,2524,
01:02:01.467199594 pdns=0/0/inactive/dead/ named=0/inactive/dead/ agent=0/inactive/ jphase=absent killpid=2309,2524,
01:02:01.761188634 pdns=0/0/inactive/dead/ named=0/inactive/dead/ agent=0/inactive/ jphase=absent killpid=2309,2524,
01:02:02.037504472 pdns=0/0/inactive/dead/ named=0/inactive/dead/ agent=0/inactive/ jphase=absent killpid=2309,2524,
01:02:02.316486963 pdns=0/0/inactive/dead/ named=0/inactive/dead/ agent=0/inactive/ jphase=absent killpid=2309,2524,
01:02:02.593607642 CHANGE ledger 1e7bd3b9c1176823ec9b5b63d52094c940ed6ef28ab53a561aa2b806f6d0366d -> 930323783c33d8bc89d2e5b934fe92059b1c5fcdf161f11258de3f91fd878b97
01:02:02.598146387 pdns=0/0/inactive/dead/ named=0/inactive/dead/ agent=0/inactive/ jphase=absent killpid=2309,2524,
01:02:02.870433817 pdns=0/0/inactive/dead/ named=0/inactive/dead/ agent=0/inactive/ jphase=absent killpid=2309,2524,
01:02:03.141822566 pdns=0/0/inactive/dead/ named=0/inactive/dead/ agent=0/inactive/ jphase=absent killpid=2309,2524,
01:02:03.414929952 pdns=0/0/inactive/dead/ named=0/inactive/dead/ agent=0/inactive/ jphase=absent killpid=2309,2524,
01:02:03.685627108 pdns=0/0/inactive/dead/ named=0/inactive/dead/ agent=0/inactive/ jphase=absent killpid=2309,2524,
01:02:03.957828093 pdns=0/0/inactive/dead/ named=0/inactive/dead/ agent=0/inactive/ jphase=absent killpid=2309,2524,
01:02:04.230306001 pdns=0/0/inactive/dead/ named=0/inactive/dead/ agent=0/inactive/ jphase=absent killpid=2309,2524,
01:02:04.507027229 pdns=0/0/inactive/dead/ named=0/inactive/dead/ agent=0/inactive/ jphase=absent killpid=2309,2524,
01:02:04.791065632 pdns=0/0/inactive/dead/ named=0/inactive/dead/ agent=0/inactive/ jphase=absent killpid=2309,2524,
01:02:05.068616776 pdns=0/0/inactive/dead/ named=0/inactive/dead/ agent=0/inactive/ jphase=absent killpid=2309,2524,
01:02:05.343420602 pdns=0/0/inactive/dead/ named=0/inactive/dead/ agent=0/inactive/ jphase=absent killpid=2309,2524,
01:02:05.616241690 pdns=0/0/inactive/dead/ named=0/inactive/dead/ agent=0/inactive/ jphase=absent killpid=2309,2524,
01:02:05.896538014 pdns=0/0/inactive/dead/ named=0/inactive/dead/ agent=0/inactive/ jphase=absent killpid=2309,2524,
01:02:06.172656116 pdns=0/0/inactive/dead/ named=0/inactive/dead/ agent=0/inactive/ jphase=absent killpid=2309,2524,
01:02:06.452426950 pdns=0/0/inactive/dead/ named=0/inactive/dead/ agent=0/inactive/ jphase=absent killpid=2309,2524,
01:02:06.726539393 pdns=0/0/inactive/dead/ named=0/inactive/dead/ agent=0/inactive/ jphase=absent killpid=2309,2524,
01:02:06.999525582 pdns=0/0/inactive/dead/ named=0/inactive/dead/ agent=0/inactive/ jphase=absent killpid=2309,2524,
01:02:07.273832534 pdns=0/0/inactive/dead/ named=0/inactive/dead/ agent=0/inactive/ jphase=absent killpid=2309,2524,
01:02:07.552852214 CHANGE ledger 930323783c33d8bc89d2e5b934fe92059b1c5fcdf161f11258de3f91fd878b97 -> a1482e7fa471a791b9bc10890bc3a7146ba11e9e55d8f154d34c4eb5610a6058
01:02:07.557915486 pdns=0/0/inactive/dead/ named=0/inactive/dead/ agent=0/inactive/ jphase=absent killpid=2309,2524,
01:02:07.834683510 pdns=0/0/inactive/dead/ named=0/inactive/dead/ agent=0/inactive/ jphase=absent killpid=2309,2524,
01:02:08.113415974 pdns=0/0/inactive/dead/ named=0/inactive/dead/ agent=0/inactive/ jphase=absent killpid=2309,2524,
01:02:08.396559688 pdns=0/0/inactive/dead/ named=0/inactive/dead/ agent=0/inactive/ jphase=absent killpid=2309,2524,
01:02:08.676600177 pdns=0/0/inactive/dead/ named=0/inactive/dead/ agent=0/inactive/ jphase=absent killpid=2309,2524,
01:02:08.955741746 pdns=0/0/inactive/dead/ named=0/inactive/dead/ agent=0/inactive/ jphase=absent killpid=2309,2524,
01:02:09.230479898 pdns=0/0/inactive/dead/ named=0/inactive/dead/ agent=0/inactive/ jphase=absent killpid=2309,2524,
01:02:09.505194586 pdns=0/0/inactive/dead/ named=0/inactive/dead/ agent=0/inactive/ jphase=absent killpid=2309,2524,
01:02:09.789503260 pdns=0/0/inactive/dead/ named=0/inactive/dead/ agent=0/inactive/ jphase=absent killpid=2309,2524,
01:02:10.066345069 pdns=0/0/inactive/dead/ named=0/inactive/dead/ agent=0/inactive/ jphase=absent killpid=2309,2524,
01:02:10.342787470 pdns=0/0/inactive/dead/ named=0/inactive/dead/ agent=0/inactive/ jphase=absent killpid=2309,2524,
01:02:10.621864885 pdns=0/0/inactive/dead/ named=0/inactive/dead/ agent=0/inactive/ jphase=absent killpid=2309,2524,
01:02:10.898566260 pdns=0/0/inactive/dead/ named=0/inactive/dead/ agent=0/inactive/ jphase=absent killpid=2309,2524,
01:02:11.174124291 pdns=0/0/inactive/dead/ named=0/inactive/dead/ agent=0/inactive/ jphase=absent killpid=2309,2524,
01:02:11.449334838 pdns=0/0/inactive/dead/ named=0/inactive/dead/ agent=0/inactive/ jphase=absent killpid=2309,2524,
01:02:11.725210563 pdns=0/0/inactive/dead/ named=0/inactive/dead/ agent=0/inactive/ jphase=absent killpid=2309,2524,
01:02:12.000585925 pdns=0/0/inactive/dead/ named=0/inactive/dead/ agent=0/inactive/ jphase=absent killpid=2309,2524,
01:02:12.287335577 pdns=0/0/inactive/dead/ named=0/inactive/dead/ agent=0/inactive/ jphase=absent killpid=2309,2524,
01:02:12.573622073 CHANGE ledger a1482e7fa471a791b9bc10890bc3a7146ba11e9e55d8f154d34c4eb5610a6058 -> 373757ff43b18e2a6cfd9835a02f24ea44843bdc7023353973e17609470278af
01:02:12.577510722 pdns=0/0/inactive/dead/ named=0/inactive/dead/ agent=0/inactive/ jphase=absent killpid=2309,2524,
01:02:12.854479513 pdns=0/0/inactive/dead/ named=0/inactive/dead/ agent=0/inactive/ jphase=absent killpid=2309,2524,
01:02:13.129866754 pdns=0/0/inactive/dead/ named=0/inactive/dead/ agent=0/inactive/ jphase=absent killpid=2309,2524,
01:02:13.406270714 pdns=0/0/inactive/dead/ named=0/inactive/dead/ agent=0/inactive/ jphase=absent killpid=2309,2524,
01:02:13.686167658 pdns=0/0/inactive/dead/ named=0/inactive/dead/ agent=0/inactive/ jphase=absent killpid=2309,2524,
01:02:13.963130487 pdns=0/0/inactive/dead/ named=0/inactive/dead/ agent=0/inactive/ jphase=absent killpid=2309,2524,
01:02:14.239334502 pdns=0/0/inactive/dead/ named=0/inactive/dead/ agent=0/inactive/ jphase=absent killpid=2309,2524,
01:02:14.513381794 pdns=0/0/inactive/dead/ named=0/inactive/dead/ agent=0/inactive/ jphase=absent killpid=2309,2524,
01:02:14.795638452 pdns=0/0/inactive/dead/ named=0/inactive/dead/ agent=0/inactive/ jphase=absent killpid=2309,2524,
01:02:15.075300916 pdns=0/0/inactive/dead/ named=0/inactive/dead/ agent=0/inactive/ jphase=absent killpid=2309,2524,
01:02:15.364314674 pdns=0/0/inactive/dead/ named=0/inactive/dead/ agent=0/inactive/ jphase=absent killpid=2309,2524,
01:02:15.663602123 pdns=0/0/inactive/dead/ named=0/inactive/dead/ agent=0/inactive/ jphase=absent killpid=2309,2524,
01:02:15.951579750 pdns=0/0/inactive/dead/ named=0/inactive/dead/ agent=0/inactive/ jphase=absent killpid=2309,2524,
01:02:16.227808191 pdns=0/0/inactive/dead/ named=0/inactive/dead/ agent=0/inactive/ jphase=absent killpid=2309,2524,
01:02:16.502429456 pdns=0/0/inactive/dead/ named=0/inactive/dead/ agent=0/inactive/ jphase=absent killpid=2309,2524,
01:02:16.776882445 pdns=0/0/inactive/dead/ named=0/inactive/dead/ agent=0/inactive/ jphase=absent killpid=2309,2524,
01:02:17.051689643 pdns=0/0/inactive/dead/ named=0/inactive/dead/ agent=0/inactive/ jphase=absent killpid=2309,2524,
01:02:17.325269412 pdns=0/0/inactive/dead/ named=0/inactive/dead/ agent=0/inactive/ jphase=absent killpid=2309,2524,
01:02:17.603555444 CHANGE ledger 373757ff43b18e2a6cfd9835a02f24ea44843bdc7023353973e17609470278af -> 8521d4062e64f282618cfcf649956d01b3e4d9a4df9af76c5d2f8e301b3e6b71
01:02:17.607190507 pdns=0/0/inactive/dead/ named=0/inactive/dead/ agent=0/inactive/ jphase=absent killpid=2309,2524,
01:02:17.883140298 pdns=0/0/inactive/dead/ named=0/inactive/dead/ agent=0/inactive/ jphase=absent killpid=2309,2524,
01:02:18.158262442 pdns=0/0/inactive/dead/ named=0/inactive/dead/ agent=0/inactive/ jphase=absent killpid=2309,2524,
01:02:18.437182409 pdns=0/0/inactive/dead/ named=0/inactive/dead/ agent=0/inactive/ jphase=absent killpid=2309,2524,
01:02:18.718523757 pdns=0/0/inactive/dead/ named=0/inactive/dead/ agent=0/inactive/ jphase=absent killpid=2309,2524,
01:02:18.996093691 pdns=0/0/inactive/dead/ named=0/inactive/dead/ agent=0/inactive/ jphase=absent killpid=2309,2524,
01:02:19.279600102 pdns=0/0/inactive/dead/ named=0/inactive/dead/ agent=0/inactive/ jphase=absent killpid=2309,2524,
01:02:19.561684021 pdns=0/0/inactive/dead/ named=0/inactive/dead/ agent=0/inactive/ jphase=absent killpid=2309,2524,
01:02:19.841668176 pdns=0/0/inactive/dead/ named=0/inactive/dead/ agent=0/inactive/ jphase=absent killpid=2309,2524,
01:02:20.115371173 pdns=0/0/inactive/dead/ named=0/inactive/dead/ agent=0/inactive/ jphase=absent killpid=2309,2524,
01:02:20.396293641 pdns=0/0/inactive/dead/ named=0/inactive/dead/ agent=0/inactive/ jphase=absent killpid=2309,2524,
01:02:20.706171111 pdns=0/0/inactive/dead/ named=0/inactive/dead/ agent=0/inactive/ jphase=absent killpid=2309,2524,
01:02:20.997573481 pdns=0/0/inactive/dead/ named=0/inactive/dead/ agent=0/inactive/ jphase=absent killpid=2309,2524,
01:02:21.278581549 pdns=0/0/inactive/dead/ named=0/inactive/dead/ agent=0/inactive/ jphase=absent killpid=2309,2524,
01:02:21.559092960 pdns=0/0/inactive/dead/ named=0/inactive/dead/ agent=0/inactive/ jphase=absent killpid=2309,2524,
01:02:21.837446778 pdns=0/0/inactive/dead/ named=0/inactive/dead/ agent=0/inactive/ jphase=absent killpid=2309,2524,
01:02:22.115248036 pdns=0/0/inactive/dead/ named=0/inactive/dead/ agent=0/inactive/ jphase=absent killpid=2309,2524,
01:02:22.397254110 CHANGE ledger 8521d4062e64f282618cfcf649956d01b3e4d9a4df9af76c5d2f8e301b3e6b71 -> 1a7829df79f92c286c2f63530bf35d23730aadf6370415fc1bdeabed6dfa4e99
01:02:22.400989341 pdns=0/0/inactive/dead/ named=0/inactive/dead/ agent=0/inactive/ jphase=absent killpid=2309,2524,
01:02:22.683117799 pdns=0/0/inactive/dead/ named=0/inactive/dead/ agent=0/inactive/ jphase=absent killpid=2309,2524,
01:02:22.967453107 pdns=0/0/inactive/dead/ named=0/inactive/dead/ agent=0/inactive/ jphase=absent killpid=2309,2524,
01:02:23.270931817 pdns=0/0/inactive/dead/ named=0/inactive/dead/ agent=0/inactive/ jphase=absent killpid=2309,2524,
01:02:23.547420438 pdns=0/0/inactive/dead/ named=0/inactive/dead/ agent=0/inactive/ jphase=absent killpid=2309,2524,
01:02:23.830278517 pdns=0/0/inactive/dead/ named=0/inactive/dead/ agent=0/inactive/ jphase=absent killpid=2309,2524,
01:02:24.103709835 pdns=0/0/inactive/dead/ named=0/inactive/dead/ agent=0/inactive/ jphase=absent killpid=2309,2524,
01:02:24.376348512 pdns=0/0/inactive/dead/ named=0/inactive/dead/ agent=0/inactive/ jphase=absent killpid=2309,2524,
01:02:24.649493483 pdns=0/0/inactive/dead/ named=0/inactive/dead/ agent=0/inactive/ jphase=absent killpid=2309,2524,
01:02:24.927374151 pdns=0/0/inactive/dead/ named=0/inactive/dead/ agent=0/inactive/ jphase=absent killpid=2309,2524,
01:02:25.215037448 pdns=0/0/inactive/dead/ named=0/inactive/dead/ agent=0/inactive/ jphase=absent killpid=2309,2524,
01:02:25.505598486 pdns=0/0/inactive/dead/ named=0/inactive/dead/ agent=0/inactive/ jphase=absent killpid=2309,2524,
01:02:25.802102113 CHANGE ledger 1a7829df79f92c286c2f63530bf35d23730aadf6370415fc1bdeabed6dfa4e99 -> a914a4b8fc15322604b5967eee1041d0a8fddd3c0827e8095d9ea7f1199c399e
01:02:25.806974968 pdns=0/0/inactive/dead/ named=0/inactive/dead/ agent=0/inactive/ jphase=absent killpid=2309,
01:02:26.126656756 CHANGE ledger a914a4b8fc15322604b5967eee1041d0a8fddd3c0827e8095d9ea7f1199c399e -> d9bc301b6f5dfe016d247f6c6eb1fb386e4abb6581ccdf93b0957fa8116bac08
01:02:26.131055605 pdns=0/0/inactive/dead/ named=0/inactive/dead/ agent=0/inactive/ jphase=absent killpid=2309,
01:02:26.544408703 CHANGE ledger d9bc301b6f5dfe016d247f6c6eb1fb386e4abb6581ccdf93b0957fa8116bac08 -> 839d7894d956fe90c17ac69d53bb4860edd513d1b31e7813e22b4c2cfb6f0c5d
01:02:26.548335942 pdns=0/0/inactive/dead/ named=0/inactive/dead/ agent=0/inactive/ jphase=absent killpid=2309,5695,
01:02:26.842696468 pdns=0/0/inactive/dead/ named=0/inactive/dead/ agent=0/inactive/ jphase=absent killpid=2309,5695,
01:02:27.160558804 pdns=0/0/inactive/dead/ named=0/inactive/dead/ agent=0/inactive/ jphase=absent killpid=2309,5695,
01:02:27.444550862 CHANGE ledger 839d7894d956fe90c17ac69d53bb4860edd513d1b31e7813e22b4c2cfb6f0c5d -> d0f2cb077261eee22188060ac2f20f0612b62d7e5fe52034b26b015aed24f6a8
01:02:27.450916888 pdns=0/0/inactive/dead/ named=0/inactive/dead/ agent=0/inactive/ jphase=absent killpid=2309,5695,
01:02:27.747178638 pdns=0/0/inactive/dead/ named=0/inactive/dead/ agent=0/inactive/ jphase=absent killpid=2309,5695,
01:02:28.041143392 pdns=0/0/inactive/dead/ named=0/inactive/dead/ agent=0/inactive/ jphase=absent killpid=2309,5695,
01:02:28.346570187 pdns=0/0/inactive/dead/ named=0/inactive/dead/ agent=0/inactive/ jphase=absent killpid=2309,5695,
01:02:28.643004678 pdns=0/0/inactive/dead/ named=0/inactive/dead/ agent=0/inactive/ jphase=absent killpid=2309,5695,
01:02:28.992202953 pdns=0/0/inactive/dead/ named=0/inactive/dead/ agent=0/inactive/ jphase=absent killpid=2309,5695,
01:02:29.281199143 pdns=0/0/inactive/dead/ named=0/inactive/dead/ agent=0/inactive/ jphase=absent killpid=2309,5695,
01:02:29.600314279 pdns=0/0/inactive/dead/ named=0/inactive/dead/ agent=0/inactive/ jphase=absent killpid=2309,5695,
01:02:29.897424574 pdns=0/0/inactive/dead/ named=0/inactive/dead/ agent=0/inactive/ jphase=absent killpid=2309,5695,
01:02:30.207153902 pdns=0/0/inactive/dead/ named=0/inactive/dead/ agent=0/inactive/ jphase=absent killpid=2309,5695,
01:02:30.501873356 CHANGE ledger d0f2cb077261eee22188060ac2f20f0612b62d7e5fe52034b26b015aed24f6a8 -> a1b10e3fa6f7be570142db8cfe40ced0af17e32ed6714337d73fe6d457b1241f
01:02:30.505548915 pdns=0/0/inactive/dead/ named=0/inactive/dead/ agent=0/inactive/ jphase=absent killpid=2309,6222,
01:02:30.859099893 CHANGE ledger a1b10e3fa6f7be570142db8cfe40ced0af17e32ed6714337d73fe6d457b1241f -> 560e1e33f34611905876eb13b764fd598ee5ede1256e31b66c6028f5ff445726
01:02:30.863261760 pdns=0/0/inactive/dead/ named=0/inactive/dead/ agent=0/inactive/ jphase=absent killpid=2309,
01:02:31.177144905 CHANGE journal absent -> d6a9ee2f774d0af09b7e30e72b253c63589b1cdfc63a5f74cbdb66b8568fe685
01:02:31.192846948 CHANGE ledger 560e1e33f34611905876eb13b764fd598ee5ede1256e31b66c6028f5ff445726 -> dd78b318bd1af3537b7978dc4b7d0389896bf2e99794d5cc501c14e154c94829
01:02:31.197403821 pdns=0/0/inactive/dead/ named=0/inactive/dead/ agent=0/inactive/ jphase=intent killpid=2309,
01:02:31.498637428 CHANGE ledger dd78b318bd1af3537b7978dc4b7d0389896bf2e99794d5cc501c14e154c94829 -> 864d76d72877c9481ce81d574930299ba764d354351f67fff1ee7f7acb137c7b
01:02:31.503230782 pdns=0/0/inactive/dead/ named=0/inactive/dead/ agent=0/inactive/ jphase=target-staged killpid=2309,
01:02:31.792909405 CHANGE journal d6a9ee2f774d0af09b7e30e72b253c63589b1cdfc63a5f74cbdb66b8568fe685 -> af684e1fa0f49a3214e344abe0c4901061f12e877beac934b161a1fd5fdecfe1
01:02:31.804032041 CHANGE ledger 864d76d72877c9481ce81d574930299ba764d354351f67fff1ee7f7acb137c7b -> 2cd0d2064f0594ae75d630986f5d96777a7d2581cf115d104f59bc2404f38712
01:02:31.815483892 CHANGE pdnsdb absent -> 35cdac176becb2d04628c971b5e5a7fea0c406daa97f4f841fffb5c170b17ece
01:02:31.820313910 pdns=0/0/inactive/dead/ named=0/inactive/dead/ agent=0/inactive/ jphase=target-enable-intent killpid=2309,
01:02:32.112073992 CHANGE ledger 2cd0d2064f0594ae75d630986f5d96777a7d2581cf115d104f59bc2404f38712 -> 6052c90c1cfdf47ba3fac10c6e6cdd6e81feefdec464e2a62fe2bf92609e020c
01:02:32.122480202 pdns=0/0/inactive/dead/ named=0/inactive/dead/ agent=0/inactive/ jphase=target-enable-intent killpid=2309,6663,
01:02:32.483867830 CHANGE ledger 6052c90c1cfdf47ba3fac10c6e6cdd6e81feefdec464e2a62fe2bf92609e020c -> 2b36a870acb8fd3161e481ce4b57c8c99cde6ea31ab9980df23ce3da69c6eefc
01:02:32.502510149 pdns=0/0/inactive/dead/ named=0/inactive/dead/ agent=0/inactive/ jphase=target-enable-intent killpid=2309,6815,
01:02:33.035575961 CHANGE ledger 2b36a870acb8fd3161e481ce4b57c8c99cde6ea31ab9980df23ce3da69c6eefc -> 969028bc80357a009f0542602238a864872e9991bbf903e3fd848ef0865dc390
01:02:33.049908158 pdns=0/0/inactive/dead/ named=0/inactive/dead/ agent=0/inactive/ jphase=target-enable-intent killpid=2309,7001,
01:02:33.831935652 CHANGE ledger 969028bc80357a009f0542602238a864872e9991bbf903e3fd848ef0865dc390 -> 364041ddaeeff65a3c01f58a4fe1ca581d990f06e6c296ab0d2d9d93a50dd9aa
01:02:33.847645620 pdns=0/0/inactive/dead/ named=0/inactive/dead/ agent=0/inactive/ jphase=target-enable-intent killpid=2309,7094,
01:02:34.169021770 CHANGE journal af684e1fa0f49a3214e344abe0c4901061f12e877beac934b161a1fd5fdecfe1 -> db1fe32c5bd82f80328735a96b68ec1e3fcce14b4c5c2d4a53bb62ed63a3523b
01:02:34.178144247 CHANGE ledger 364041ddaeeff65a3c01f58a4fe1ca581d990f06e6c296ab0d2d9d93a50dd9aa -> f27af798ceda1464ea7a3c899cb8933a4c00731acad074a9d94f306aa2726ac5
01:02:34.190820202 CHANGE pdnsdb 35cdac176becb2d04628c971b5e5a7fea0c406daa97f4f841fffb5c170b17ece -> ee7a72b06f5fc0087a98030d6cd22465971435020c9471c71d6a3f2e1cd6b8e5
01:02:34.195410127 pdns=7102/0/active/running/ named=0/inactive/dead/ agent=7164/active/ jphase=target-started killpid=
01:02:37.319963666 pdns=7102/0/active/running/ named=0/inactive/dead/ agent=7164/active/ jphase=target-started killpid=
01:02:37.655340299 pdns=7102/0/active/running/ named=0/inactive/dead/ agent=7164/active/ jphase=target-started killpid=
01:02:37.972088558 pdns=7102/0/active/running/ named=0/inactive/dead/ agent=7164/active/ jphase=target-started killpid=
01:02:38.296539921 pdns=7102/0/active/running/ named=0/inactive/dead/ agent=7164/active/ jphase=target-started killpid=
01:02:38.587935810 CHANGE journal db1fe32c5bd82f80328735a96b68ec1e3fcce14b4c5c2d4a53bb62ed63a3523b -> 06f79eecdcbed45064c339e968d360bba450822be87e91a3a3ff7aa75eafa46a
01:02:38.602972870 pdns=7102/0/active/running/ named=0/inactive/dead/ agent=7164/active/ jphase=target-started killpid=
01:02:38.898655618 pdns=7102/0/active/running/ named=0/inactive/dead/ agent=7164/active/ jphase=target-started killpid=
01:02:39.218378933 pdns=7102/0/active/running/ named=0/inactive/dead/ agent=7164/active/ jphase=target-started killpid=
01:02:39.513381567 pdns=7102/0/active/running/ named=0/inactive/dead/ agent=7164/active/ jphase=target-started killpid=
01:02:39.833472418 pdns=7102/0/active/running/ named=0/inactive/dead/ agent=7164/active/ jphase=target-started killpid=
01:02:40.142007001 pdns=7102/0/active/running/ named=0/inactive/dead/ agent=7164/active/ jphase=target-started killpid=
01:02:40.453518227 pdns=7102/0/active/running/ named=0/inactive/dead/ agent=7164/active/ jphase=target-started killpid=
01:02:40.775671973 pdns=7102/0/active/running/ named=0/inactive/dead/ agent=7164/active/ jphase=target-started killpid=
01:02:41.093201077 pdns=7102/0/active/running/ named=0/inactive/dead/ agent=7164/active/ jphase=target-started killpid=
01:02:41.425305106 CHANGE state absent -> ddb465cad2f14a7734b7e9fa4148a53228b91db4a5f471c0bd0b1348ec96c325
01:02:41.435349279 pdns=7102/0/active/running/ named=0/inactive/dead/ agent=7164/active/ jphase=target-started killpid=
01:02:41.744386630 pdns=7102/0/active/running/ named=0/inactive/dead/ agent=7164/active/ jphase=target-started killpid=
01:02:42.043493720 pdns=7102/0/active/running/ named=0/inactive/dead/ agent=7164/active/ jphase=target-started killpid=
01:02:42.348147502 pdns=7102/0/active/running/ named=0/inactive/dead/ agent=7164/active/ jphase=target-started killpid=
01:02:42.676522104 pdns=7102/0/active/running/ named=0/inactive/dead/ agent=7164/active/ jphase=target-started killpid=
01:02:42.980835143 pdns=7102/0/active/running/ named=0/inactive/dead/ agent=7164/active/ jphase=target-started killpid=
01:02:43.293239355 pdns=7102/0/active/running/ named=0/inactive/dead/ agent=7164/active/ jphase=target-started killpid=
01:02:43.602987035 pdns=7102/0/active/running/ named=0/inactive/dead/ agent=7164/active/ jphase=target-started killpid=
01:02:43.900847718 CHANGE journal 06f79eecdcbed45064c339e968d360bba450822be87e91a3a3ff7aa75eafa46a -> a522bc2e76bd29877e0c3aede86e7d48582c2c04ede8dbe9269d10498750d98d
01:02:43.922082767 pdns=7102/0/active/running/ named=0/inactive/dead/ agent=7164/active/ jphase=target-verified killpid=
01:02:44.238039797 pdns=7102/0/active/running/ named=0/inactive/dead/ agent=7164/active/ jphase=target-verified killpid=
01:02:44.555539722 pdns=7102/0/active/running/ named=0/inactive/dead/ agent=7164/active/ jphase=target-verified killpid=
01:02:44.906291856 pdns=7102/0/active/running/ named=0/inactive/dead/ agent=7164/active/ jphase=target-verified killpid=
01:02:45.236249215 pdns=7102/0/active/running/ named=0/inactive/dead/ agent=7164/active/ jphase=target-verified killpid=
01:02:45.546216411 pdns=7102/0/active/running/ named=0/inactive/dead/ agent=7164/active/ jphase=target-verified killpid=
01:02:45.858738276 pdns=7102/0/active/running/ named=0/inactive/dead/ agent=7164/active/ jphase=target-verified killpid=
01:02:46.183779136 pdns=7102/0/active/running/ named=0/inactive/dead/ agent=7164/active/ jphase=target-verified killpid=
01:02:46.494689561 CHANGE journal a522bc2e76bd29877e0c3aede86e7d48582c2c04ede8dbe9269d10498750d98d -> f3f3004fd0dcbc1a02786b234387278a4d00fd1aed653fbe6493b94fe2564a25
01:02:46.514547365 pdns=7102/0/active/running/ named=0/inactive/dead/ agent=7164/active/ jphase=committed killpid=
01:02:46.815753090 pdns=7102/0/active/running/ named=0/inactive/dead/ agent=7164/active/ jphase=committed killpid=
01:02:47.152386209 pdns=7102/0/active/running/ named=0/inactive/dead/ agent=7164/active/ jphase=committed killpid=
01:02:47.474168110 pdns=7102/0/active/running/ named=0/inactive/dead/ agent=7164/active/ jphase=committed killpid=
01:02:47.810470787 pdns=7102/0/active/running/ named=0/inactive/dead/ agent=7164/active/ jphase=committed killpid=
01:02:48.139916941 pdns=7102/0/active/running/ named=0/inactive/dead/ agent=7164/active/ jphase=committed killpid=
01:02:48.484985226 pdns=7102/0/active/running/ named=0/inactive/dead/ agent=7164/active/ jphase=committed killpid=
01:02:48.951105091 pdns=7102/0/active/running/ named=0/inactive/dead/ agent=7164/active/ jphase=committed killpid=
01:02:49.434958910 pdns=7102/0/active/running/ named=0/inactive/dead/ agent=7164/active/ jphase=committed killpid=
01:02:49.839745266 pdns=7102/0/active/running/ named=0/inactive/dead/ agent=7164/active/ jphase=committed killpid=
01:02:50.266737124 pdns=7102/0/active/running/ named=0/inactive/dead/ agent=7164/active/ jphase=committed killpid=
01:02:50.660354218 pdns=7102/0/active/running/ named=0/inactive/dead/ agent=7164/active/ jphase=committed killpid=
01:02:51.054792275 pdns=7102/0/active/running/ named=0/inactive/dead/ agent=7164/active/ jphase=committed killpid=
01:02:51.402103967 pdns=7102/0/active/running/ named=0/inactive/dead/ agent=7164/active/ jphase=committed killpid=
01:02:51.687659274 CHANGE journal f3f3004fd0dcbc1a02786b234387278a4d00fd1aed653fbe6493b94fe2564a25 -> absent
01:02:51.711734387 pdns=7102/0/active/running/ named=0/inactive/dead/ agent=7164/active/ jphase=absent killpid=
01:02:52.027268994 pdns=7102/0/active/running/ named=0/inactive/dead/ agent=7164/active/ jphase=absent killpid=
01:02:52.358580735 CHANGE ledger f27af798ceda1464ea7a3c899cb8933a4c00731acad074a9d94f306aa2726ac5 -> ef4b8d97b8463b6cc642c931ca0fd678bceacceff8a5992fc8bd47bcf3101d60
01:02:52.370523797 pdns=7102/0/active/running/ named=0/inactive/dead/ agent=7164/active/ jphase=absent killpid=
01:02:52.686906772 pdns=7102/0/active/running/ named=0/inactive/dead/ agent=7164/active/ jphase=absent killpid=
01:02:53.003195538 pdns=7102/0/active/running/ named=0/inactive/dead/ agent=7164/active/ jphase=absent killpid=
01:02:53.287435547 pdns=7102/0/active/running/ named=0/inactive/dead/ agent=7164/active/ jphase=absent killpid=
01:02:53.572231193 pdns=7102/0/active/running/ named=0/inactive/dead/ agent=7164/active/ jphase=absent killpid=
01:02:53.863933238 pdns=7102/0/active/running/ named=0/inactive/dead/ agent=7164/active/ jphase=absent killpid=
01:02:54.153022274 pdns=7102/0/active/running/ named=0/inactive/dead/ agent=7164/active/ jphase=absent killpid=
01:02:54.434812529 pdns=7102/0/active/running/ named=0/inactive/dead/ agent=7164/active/ jphase=absent killpid=
01:02:54.724758458 pdns=7102/0/active/running/ named=0/inactive/dead/ agent=7164/active/ jphase=absent killpid=
01:02:55.006492190 pdns=7102/0/active/running/ named=0/inactive/dead/ agent=7164/active/ jphase=absent killpid=
01:02:55.312621983 pdns=7102/0/active/running/ named=0/inactive/dead/ agent=7164/active/ jphase=absent killpid=
01:02:55.601300750 pdns=7102/0/active/running/ named=0/inactive/dead/ agent=7164/active/ jphase=absent killpid=
01:02:55.932037039 pdns=7102/0/active/running/ named=0/inactive/dead/ agent=7164/active/ jphase=absent killpid=
01:02:56.387781777 pdns=7102/0/active/running/ named=0/inactive/dead/ agent=7164/active/ jphase=absent killpid=
01:02:56.825304807 pdns=7102/0/active/running/ named=0/inactive/dead/ agent=7164/active/ jphase=absent killpid=
01:02:57.247256009 pdns=7102/0/active/running/ named=0/inactive/dead/ agent=7164/active/ jphase=absent killpid=
01:02:57.735641388 pdns=7102/0/active/running/ named=0/inactive/dead/ agent=7164/active/ jphase=absent killpid=
01:02:58.226684493 pdns=7102/0/active/running/ named=0/inactive/dead/ agent=7164/active/ jphase=absent killpid=
01:02:58.737462184 pdns=7102/0/active/running/ named=0/inactive/dead/ agent=7164/active/ jphase=absent killpid=
01:02:59.036486031 pdns=7102/0/active/running/ named=0/inactive/dead/ agent=7164/active/ jphase=absent killpid=
01:02:59.322254321 pdns=7102/0/active/running/ named=0/inactive/dead/ agent=7164/active/ jphase=absent killpid=
01:02:59.607383220 pdns=7102/0/active/running/ named=0/inactive/dead/ agent=7164/active/ jphase=absent killpid=
01:02:59.914468497 pdns=7102/0/active/running/ named=0/inactive/dead/ agent=7164/active/ jphase=absent killpid=
01:03:00.214835286 pdns=7102/0/active/running/ named=0/inactive/dead/ agent=7164/active/ jphase=absent killpid=
01:03:00.511618387 pdns=7102/0/active/running/ named=0/inactive/dead/ agent=7164/active/ jphase=absent killpid=
01:03:00.794676194 pdns=7102/0/active/running/ named=0/inactive/dead/ agent=7164/active/ jphase=absent killpid=
01:03:01.076474293 pdns=7102/0/active/running/ named=0/inactive/dead/ agent=7164/active/ jphase=absent killpid=
01:03:01.361688419 pdns=7102/0/active/running/ named=0/inactive/dead/ agent=7164/active/ jphase=absent killpid=
01:03:01.648779672 pdns=7102/0/active/running/ named=0/inactive/dead/ agent=7164/active/ jphase=absent killpid=
01:03:01.934146546 pdns=7102/0/active/running/ named=0/inactive/dead/ agent=7164/active/ jphase=absent killpid=
01:03:02.217684863 pdns=7102/0/active/running/ named=0/inactive/dead/ agent=7164/active/ jphase=absent killpid=
01:03:02.501372518 pdns=7102/0/active/running/ named=0/inactive/dead/ agent=7164/active/ jphase=absent killpid=
01:03:02.786285067 pdns=7102/0/active/running/ named=0/inactive/dead/ agent=7164/active/ jphase=absent killpid=
01:03:03.076204885 pdns=7102/0/active/running/ named=0/inactive/dead/ agent=7164/active/ jphase=absent killpid=
01:03:03.373455270 pdns=7102/0/active/running/ named=0/inactive/dead/ agent=7164/active/ jphase=absent killpid=
01:03:03.662652679 pdns=7102/0/active/running/ named=0/inactive/dead/ agent=7164/active/ jphase=absent killpid=
01:03:03.945863482 pdns=7102/0/active/running/ named=0/inactive/dead/ agent=7164/active/ jphase=absent killpid=
01:03:04.229233613 pdns=7102/0/active/running/ named=0/inactive/dead/ agent=7164/active/ jphase=absent killpid=
01:03:04.514263787 pdns=7102/0/active/running/ named=0/inactive/dead/ agent=7164/active/ jphase=absent killpid=
01:03:04.801555865 pdns=7102/0/active/running/ named=0/inactive/dead/ agent=7164/active/ jphase=absent killpid=
01:03:05.083105206 pdns=7102/0/active/running/ named=0/inactive/dead/ agent=7164/active/ jphase=absent killpid=
01:03:05.369134816 pdns=7102/0/active/running/ named=0/inactive/dead/ agent=7164/active/ jphase=absent killpid=
01:03:05.659276485 pdns=7102/0/active/running/ named=0/inactive/dead/ agent=7164/active/ jphase=absent killpid=
01:03:05.950266709 pdns=7102/0/active/running/ named=0/inactive/dead/ agent=7164/active/ jphase=absent killpid=
01:03:06.233036182 pdns=7102/0/active/running/ named=0/inactive/dead/ agent=7164/active/ jphase=absent killpid=
01:03:06.533907921 pdns=7102/0/active/running/ named=0/inactive/dead/ agent=7164/active/ jphase=absent killpid=
01:03:06.823117876 pdns=7102/0/active/running/ named=0/inactive/dead/ agent=7164/active/ jphase=absent killpid=
01:03:07.109310708 pdns=7102/0/active/running/ named=0/inactive/dead/ agent=7164/active/ jphase=absent killpid=
01:03:07.393906196 pdns=7102/0/active/running/ named=0/inactive/dead/ agent=7164/active/ jphase=absent killpid=
01:03:07.686441611 pdns=7102/0/active/running/ named=0/inactive/dead/ agent=7164/active/ jphase=absent killpid=
01:03:07.966395637 pdns=7102/0/active/running/ named=0/inactive/dead/ agent=7164/active/ jphase=absent killpid=
01:03:08.250556925 pdns=7102/0/active/running/ named=0/inactive/dead/ agent=7164/active/ jphase=absent killpid=
01:03:08.969347353 pdns=7102/0/active/running/ named=0/inactive/dead/ agent=7164/active/ jphase=absent killpid=
01:03:09.269064361 pdns=7102/0/active/running/ named=0/inactive/dead/ agent=7164/active/ jphase=absent killpid=
01:03:09.558894971 pdns=7102/0/active/running/ named=0/inactive/dead/ agent=7164/active/ jphase=absent killpid=
01:03:09.854424931 pdns=7102/0/active/running/ named=0/inactive/dead/ agent=7164/active/ jphase=absent killpid=
01:03:10.141052686 pdns=7102/0/active/running/ named=0/inactive/dead/ agent=7164/active/ jphase=absent killpid=
01:03:10.422610721 pdns=7102/0/active/running/ named=0/inactive/dead/ agent=7164/active/ jphase=absent killpid=
01:03:10.723331422 pdns=7102/0/active/running/ named=0/inactive/dead/ agent=7164/active/ jphase=absent killpid=
01:03:11.004960539 pdns=7102/0/active/running/ named=0/inactive/dead/ agent=7164/active/ jphase=absent killpid=
01:03:11.287000656 pdns=7102/0/active/running/ named=0/inactive/dead/ agent=7164/active/ jphase=absent killpid=
01:03:11.567321362 pdns=7102/0/active/running/ named=0/inactive/dead/ agent=7164/active/ jphase=absent killpid=
01:03:11.863173980 pdns=7102/0/active/running/ named=0/inactive/dead/ agent=7164/active/ jphase=absent killpid=
01:03:12.149187902 pdns=7102/0/active/running/ named=0/inactive/dead/ agent=7164/active/ jphase=absent killpid=
01:03:12.439105177 pdns=7102/0/active/running/ named=0/inactive/dead/ agent=7164/active/ jphase=absent killpid=
01:03:12.725689616 pdns=7102/0/active/running/ named=0/inactive/dead/ agent=7164/active/ jphase=absent killpid=
01:03:13.014384048 pdns=7102/0/active/running/ named=0/inactive/dead/ agent=7164/active/ jphase=absent killpid=
01:03:13.304917574 pdns=7102/0/active/running/ named=0/inactive/dead/ agent=7164/active/ jphase=absent killpid=
01:03:13.607100990 pdns=7102/0/active/running/ named=0/inactive/dead/ agent=7164/active/ jphase=absent killpid=
01:03:13.919261487 pdns=7102/0/active/running/ named=0/inactive/dead/ agent=7164/active/ jphase=absent killpid=
01:03:14.209992616 pdns=7102/0/active/running/ named=0/inactive/dead/ agent=7164/active/ jphase=absent killpid=
01:03:14.491365008 pdns=7102/0/active/running/ named=0/inactive/dead/ agent=7164/active/ jphase=absent killpid=
01:03:14.773677118 pdns=7102/0/active/running/ named=0/inactive/dead/ agent=7164/active/ jphase=absent killpid=
01:03:15.064029994 pdns=7102/0/active/running/ named=0/inactive/dead/ agent=7164/active/ jphase=absent killpid=
01:03:15.350080218 pdns=7102/0/active/running/ named=0/inactive/dead/ agent=7164/active/ jphase=absent killpid=
01:03:15.639955071 pdns=7102/0/active/running/ named=0/inactive/dead/ agent=7164/active/ jphase=absent killpid=
01:03:15.926279516 pdns=7102/0/active/running/ named=0/inactive/dead/ agent=7164/active/ jphase=absent killpid=
01:03:16.212215676 pdns=7102/0/active/running/ named=0/inactive/dead/ agent=7164/active/ jphase=absent killpid=
01:03:16.498926985 pdns=7102/0/active/running/ named=0/inactive/dead/ agent=7164/active/ jphase=absent killpid=
01:03:16.779390039 pdns=7102/0/active/running/ named=0/inactive/dead/ agent=7164/active/ jphase=absent killpid=
01:03:17.067041180 pdns=7102/0/active/running/ named=0/inactive/dead/ agent=7164/active/ jphase=absent killpid=
01:03:17.354204779 pdns=7102/0/active/running/ named=0/inactive/dead/ agent=7164/active/ jphase=absent killpid=
01:03:17.634247123 pdns=7102/0/active/running/ named=0/inactive/dead/ agent=7164/active/ jphase=absent killpid=
01:03:17.922815933 pdns=7102/0/active/running/ named=0/inactive/dead/ agent=7164/active/ jphase=absent killpid=
01:03:18.207112437 pdns=7102/0/active/running/ named=0/inactive/dead/ agent=7164/active/ jphase=absent killpid=
01:03:18.492541652 pdns=7102/0/active/running/ named=0/inactive/dead/ agent=7164/active/ jphase=absent killpid=
01:03:18.779278125 pdns=7102/0/active/running/ named=0/inactive/dead/ agent=7164/active/ jphase=absent killpid=
01:03:19.063353085 pdns=7102/0/active/running/ named=0/inactive/dead/ agent=7164/active/ jphase=absent killpid=
01:03:19.343229950 pdns=7102/0/active/running/ named=0/inactive/dead/ agent=7164/active/ jphase=absent killpid=
01:03:19.631817489 pdns=7102/0/active/running/ named=0/inactive/dead/ agent=7164/active/ jphase=absent killpid=
01:03:19.953444883 pdns=7102/0/active/running/ named=0/inactive/dead/ agent=7164/active/ jphase=absent killpid=
01:03:20.246879850 pdns=7102/0/active/running/ named=0/inactive/dead/ agent=7164/active/ jphase=absent killpid=
01:03:20.532271837 pdns=7102/0/active/running/ named=0/inactive/dead/ agent=7164/active/ jphase=absent killpid=
01:03:20.824612596 pdns=7102/0/active/running/ named=0/inactive/dead/ agent=7164/active/ jphase=absent killpid=
01:03:21.106199911 pdns=7102/0/active/running/ named=0/inactive/dead/ agent=7164/active/ jphase=absent killpid=
01:03:21.388662410 pdns=7102/0/active/running/ named=0/inactive/dead/ agent=7164/active/ jphase=absent killpid=
01:03:21.666879171 pdns=7102/0/active/running/ named=0/inactive/dead/ agent=7164/active/ jphase=absent killpid=
01:03:21.958519347 pdns=7102/0/active/running/ named=0/inactive/dead/ agent=7164/active/ jphase=absent killpid=
01:03:22.238962692 pdns=7102/0/active/running/ named=0/inactive/dead/ agent=7164/active/ jphase=absent killpid=
01:03:22.519374909 pdns=7102/0/active/running/ named=0/inactive/dead/ agent=7164/active/ jphase=absent killpid=
01:03:22.801068324 pdns=7102/0/active/running/ named=0/inactive/dead/ agent=7164/active/ jphase=absent killpid=
01:03:23.087255902 pdns=7102/0/active/running/ named=0/inactive/dead/ agent=7164/active/ jphase=absent killpid=
done
