### collect 2026-09-30T00:51:36.233865760Z
last watcher dir: /var/tmp/cp-b9-watch-boot2
request id: c59b537aac13c590e71b4682a88ed7b1
ownerpost rc=0
smstatus rc=1
probe rc=0
pdnsdb rc=0
notifycap rc=0
bindsec rc=0
peer journal rc=0
peerloop rc=0 lines=133
cell directory: /var/tmp/cp-b9-1001/cells/e05b4787635364e83414f682
total 28
drwx------ 2 root root 4096 Sep 30 03:49 .
drwxr-xr-x 3 root root 4096 Sep 30 03:51 ..
-rw------- 1 root root 3921 Sep 30 03:49 peer-verdict-after-reboot.json
-rw------- 1 root root 2288 Sep 30 03:46 peer-verdict.json
-rw------- 1 root root 9996 Sep 30 03:46 zone-lifecycle.json
==> /var/tmp/cp-b9-watch-db/timeline.log <==
00:46:29.551569838 CHANGE pdnsdb 30f4ecf8be3b13ff3fead173e71e421e21d3751ca12815e1a3fc6cfff171b83b -> 6de924f0b4c3abf26e1d495564cf720235cc4bb4a6946b3b15ad9d7441771bdb pdns=4095/active/
00:46:33.662983374 CHANGE pdnsdb 6de924f0b4c3abf26e1d495564cf720235cc4bb4a6946b3b15ad9d7441771bdb -> 32a8d2e8dd01a4f3717ad0ce9e232b456070e8254d6488992aed52de188062ea pdns=4095/active/
00:47:30.157759365 CHANGE pdnsdb 32a8d2e8dd01a4f3717ad0ce9e232b456070e8254d6488992aed52de188062ea -> b310ba10fc0f4c0a2a36dcc7c3ffc69df9df5426fd1c76d72cacdd9d0d032f32 pdns=4095/active/

==> /var/tmp/cp-b9-watch-dbboot2/timeline.log <==
00:48:27.478937623 start boot_id=60800961-4dea-4f81-a9b8-16be274e5545
00:48:27.523571428 CHANGE pdnsdb none -> 1254e7e9a1f09875eae36cd944d82ba5119926bcca285d075015d0f0e89e5a7f pdns=645/active/
done
tar rc=0 size=4853760
