19:22:46.457446266 CHANGE journal none -> absent
19:22:46.468184408 CHANGE ledger none -> 177f61d12ed0bb85e6ea535b807b376e26bbe0871405a13867c0b3cb6ea4b211
19:22:46.471823126 CHANGE state none -> absent
19:22:46.475211651 CHANGE pdnsdb none -> absent
19:22:46.478724317 POINTER 
19:22:46.480271222 pdns=0/0/inactive/dead/ named=0/inactive/dead/ agent=0/inactive/ jphase=absent killpid=
19:22:46.764043511 pdns=0/0/inactive/dead/ named=0/inactive/dead/ agent=0/inactive/ jphase=absent killpid=
19:22:47.045673258 pdns=0/0/inactive/dead/ named=0/inactive/dead/ agent=0/inactive/ jphase=absent killpid=
19:22:47.331139426 pdns=0/0/inactive/dead/ named=0/inactive/dead/ agent=0/inactive/ jphase=absent killpid=1714,
19:22:47.651291926 CHANGE ledger 177f61d12ed0bb85e6ea535b807b376e26bbe0871405a13867c0b3cb6ea4b211 -> f8811f13b6cbf8addf07c4c5eaa12e5cb58b862d8d3d660e3f78f42c3cf71cb2
19:22:47.656939978 pdns=0/0/inactive/dead/ named=0/inactive/dead/ agent=0/inactive/ jphase=absent killpid=1714,
19:22:47.975092117 CHANGE ledger f8811f13b6cbf8addf07c4c5eaa12e5cb58b862d8d3d660e3f78f42c3cf71cb2 -> e9c655a3dc7ca04ce4f9e807013cef04516c08235f111147dd466cea6d7a30dd
19:22:47.989362693 pdns=0/0/inactive/dead/ named=0/inactive/dead/ agent=0/inactive/ jphase=absent killpid=1714,1878,
19:22:48.324977407 CHANGE ledger e9c655a3dc7ca04ce4f9e807013cef04516c08235f111147dd466cea6d7a30dd -> 8f87514bf262a9dd6bb98aa2fda4fdca4898a5a303df3cab30b455d9798c3e90
19:22:48.330711063 pdns=0/0/inactive/dead/ named=0/inactive/dead/ agent=0/inactive/ jphase=absent killpid=1714,
19:22:48.653999173 CHANGE ledger 8f87514bf262a9dd6bb98aa2fda4fdca4898a5a303df3cab30b455d9798c3e90 -> 5170284966630d251c229783e7fda01912638e110f4628da12aaa4c1452f2700
19:22:48.658565106 pdns=0/0/inactive/dead/ named=0/inactive/dead/ agent=0/inactive/ jphase=absent killpid=1714,2021,
19:22:48.970418886 CHANGE ledger 5170284966630d251c229783e7fda01912638e110f4628da12aaa4c1452f2700 -> ac235cbeeda92959131eb879c2d4ef305768c66bb49a6fbf3fb1dea8bbe4952d
19:22:48.974028882 pdns=0/0/inactive/dead/ named=0/inactive/dead/ agent=0/inactive/ jphase=absent killpid=1714,
19:22:49.267580817 CHANGE ledger ac235cbeeda92959131eb879c2d4ef305768c66bb49a6fbf3fb1dea8bbe4952d -> c08a01da6bdb44fdb63724ddf8d99da19d52a1c5e1c220aeff40606c3d7a0aa6
19:22:49.271078238 pdns=0/0/inactive/dead/ named=0/inactive/dead/ agent=0/inactive/ jphase=absent killpid=1714,2110,
19:22:49.543521362 pdns=0/0/inactive/dead/ named=0/inactive/dead/ agent=0/inactive/ jphase=absent killpid=1714,2110,
19:22:49.823449610 pdns=0/0/inactive/dead/ named=0/inactive/dead/ agent=0/inactive/ jphase=absent killpid=1714,2110,
19:22:50.098142342 pdns=0/0/inactive/dead/ named=0/inactive/dead/ agent=0/inactive/ jphase=absent killpid=1714,2110,
19:22:50.386434726 pdns=0/0/inactive/dead/ named=0/inactive/dead/ agent=0/inactive/ jphase=absent killpid=1714,2110,
19:22:50.661383746 pdns=0/0/inactive/dead/ named=0/inactive/dead/ agent=0/inactive/ jphase=absent killpid=1714,2110,
19:22:50.941399924 pdns=0/0/inactive/dead/ named=0/inactive/dead/ agent=0/inactive/ jphase=absent killpid=1714,2110,
19:22:51.217010785 pdns=0/0/inactive/dead/ named=0/inactive/dead/ agent=0/inactive/ jphase=absent killpid=1714,2110,
19:22:51.516289180 pdns=0/0/inactive/dead/ named=0/inactive/dead/ agent=0/inactive/ jphase=absent killpid=1714,2110,
19:22:51.790422237 pdns=0/0/inactive/dead/ named=0/inactive/dead/ agent=0/inactive/ jphase=absent killpid=1714,2110,
19:22:52.060894245 pdns=0/0/inactive/dead/ named=0/inactive/dead/ agent=0/inactive/ jphase=absent killpid=1714,2110,
19:22:52.338823131 pdns=0/0/inactive/dead/ named=0/inactive/dead/ agent=0/inactive/ jphase=absent killpid=1714,2110,
19:22:52.629887036 CHANGE ledger c08a01da6bdb44fdb63724ddf8d99da19d52a1c5e1c220aeff40606c3d7a0aa6 -> cc535a29fcd662832cfa5da0cd0de357c42269cadf31695fe4af020ba95e42e6
19:22:52.634287568 pdns=0/0/inactive/dead/ named=0/inactive/dead/ agent=0/inactive/ jphase=absent killpid=1714,2110,
19:22:52.902626496 pdns=0/0/inactive/dead/ named=0/inactive/dead/ agent=0/inactive/ jphase=absent killpid=1714,2110,
19:22:53.183394136 pdns=0/0/inactive/dead/ named=0/inactive/dead/ agent=0/inactive/ jphase=absent killpid=1714,2110,
19:22:53.467970866 pdns=0/0/inactive/dead/ named=0/inactive/dead/ agent=0/inactive/ jphase=absent killpid=1714,2110,
19:22:53.748834004 pdns=0/0/inactive/dead/ named=0/inactive/dead/ agent=0/inactive/ jphase=absent killpid=1714,2110,
19:22:54.017657297 pdns=0/0/inactive/dead/ named=0/inactive/dead/ agent=0/inactive/ jphase=absent killpid=1714,2110,
19:22:54.288375634 pdns=0/0/inactive/dead/ named=0/inactive/dead/ agent=0/inactive/ jphase=absent killpid=1714,2110,
19:22:54.570628742 pdns=0/0/inactive/dead/ named=0/inactive/dead/ agent=0/inactive/ jphase=absent killpid=1714,2110,
19:22:54.844759931 pdns=0/0/inactive/dead/ named=0/inactive/dead/ agent=0/inactive/ jphase=absent killpid=1714,2110,
19:22:55.121020054 pdns=0/0/inactive/dead/ named=0/inactive/dead/ agent=0/inactive/ jphase=absent killpid=1714,2110,
19:22:55.410619790 pdns=0/0/inactive/dead/ named=0/inactive/dead/ agent=0/inactive/ jphase=absent killpid=1714,2110,
19:22:55.699965570 pdns=0/0/inactive/dead/ named=0/inactive/dead/ agent=0/inactive/ jphase=absent killpid=1714,2110,
19:22:55.980235158 pdns=0/0/inactive/dead/ named=0/inactive/dead/ agent=0/inactive/ jphase=absent killpid=1714,2110,
19:22:56.247057520 pdns=0/0/inactive/dead/ named=0/inactive/dead/ agent=0/inactive/ jphase=absent killpid=1714,2110,
19:22:56.515419699 pdns=0/0/inactive/dead/ named=0/inactive/dead/ agent=0/inactive/ jphase=absent killpid=1714,2110,
19:22:58.205640759 pdns=0/0/inactive/dead/ named=0/inactive/dead/ agent=0/inactive/ jphase=absent killpid=1714,2110,
19:22:59.382099215 CHANGE ledger cc535a29fcd662832cfa5da0cd0de357c42269cadf31695fe4af020ba95e42e6 -> 8d799f1b27d5af8dd0c175f015f60fe7d2096d3fc3e2c1b4686c7a57d3008694
19:22:59.385771290 pdns=0/0/inactive/dead/ named=0/inactive/dead/ agent=0/inactive/ jphase=absent killpid=1714,2110,
19:22:59.681284221 pdns=0/0/inactive/dead/ named=0/inactive/dead/ agent=0/inactive/ jphase=absent killpid=1714,2110,
19:22:59.963595486 pdns=0/0/inactive/dead/ named=0/inactive/dead/ agent=0/inactive/ jphase=absent killpid=1714,2110,
19:23:00.247984398 CHANGE ledger 8d799f1b27d5af8dd0c175f015f60fe7d2096d3fc3e2c1b4686c7a57d3008694 -> 1004c9defb027181e8c259dd97c4c8c4328b65bfb83c8e69636297f65e04c5ed
19:23:00.251776386 pdns=0/0/inactive/dead/ named=0/inactive/dead/ agent=0/inactive/ jphase=absent killpid=1714,2895,
19:23:00.532237464 pdns=0/0/inactive/dead/ named=0/inactive/dead/ agent=0/inactive/ jphase=absent killpid=1714,2895,
19:23:00.808132519 pdns=0/0/inactive/dead/ named=0/inactive/dead/ agent=0/inactive/ jphase=absent killpid=1714,2895,
19:23:01.074148250 pdns=0/0/inactive/dead/ named=0/inactive/dead/ agent=0/inactive/ jphase=absent killpid=1714,2895,
19:23:01.346045646 pdns=0/0/inactive/dead/ named=0/inactive/dead/ agent=0/inactive/ jphase=absent killpid=1714,2895,
19:23:01.681896157 pdns=0/0/inactive/dead/ named=0/inactive/dead/ agent=0/inactive/ jphase=absent killpid=1714,2895,
19:23:02.054764587 pdns=0/0/inactive/dead/ named=0/inactive/dead/ agent=0/inactive/ jphase=absent killpid=1714,2895,
19:23:02.541839366 CHANGE ledger 1004c9defb027181e8c259dd97c4c8c4328b65bfb83c8e69636297f65e04c5ed -> b384c0b086dd154b6d42afe11b4c082566ab8562cfcf00458212e87233a24e1b
19:23:02.550245333 pdns=0/0/inactive/dead/ named=0/inactive/dead/ agent=0/inactive/ jphase=absent killpid=1714,2895,
19:23:02.941736819 pdns=0/0/inactive/dead/ named=0/inactive/dead/ agent=0/inactive/ jphase=absent killpid=1714,2895,
19:23:03.354465638 pdns=0/0/inactive/dead/ named=0/inactive/dead/ agent=0/inactive/ jphase=absent killpid=1714,2895,
19:23:03.778600790 pdns=0/0/inactive/dead/ named=0/inactive/dead/ agent=0/inactive/ jphase=absent killpid=1714,2895,
19:23:04.066292295 pdns=0/0/inactive/dead/ named=0/inactive/dead/ agent=0/inactive/ jphase=absent killpid=1714,2895,
19:23:04.380791367 pdns=0/0/inactive/dead/ named=0/inactive/dead/ agent=0/inactive/ jphase=absent killpid=1714,2895,
19:23:04.656833107 pdns=0/0/inactive/dead/ named=0/inactive/dead/ agent=0/inactive/ jphase=absent killpid=1714,2895,
19:23:04.942730934 pdns=0/0/inactive/dead/ named=0/inactive/dead/ agent=0/inactive/ jphase=absent killpid=1714,2895,
19:23:05.249247064 pdns=0/0/inactive/dead/ named=0/inactive/dead/ agent=0/inactive/ jphase=absent killpid=1714,2895,
19:23:05.532696231 pdns=0/0/inactive/dead/ named=0/inactive/dead/ agent=0/inactive/ jphase=absent killpid=1714,2895,
19:23:06.029204687 pdns=0/0/inactive/dead/ named=0/inactive/dead/ agent=0/inactive/ jphase=absent killpid=1714,2895,
19:23:06.410877321 pdns=0/0/inactive/dead/ named=0/inactive/dead/ agent=0/inactive/ jphase=absent killpid=1714,2895,
19:23:06.784666018 pdns=0/0/inactive/dead/ named=0/inactive/dead/ agent=0/inactive/ jphase=absent killpid=1714,2895,
19:23:07.056741230 pdns=0/0/inactive/dead/ named=0/inactive/dead/ agent=0/inactive/ jphase=absent killpid=1714,2895,
19:23:07.331891927 pdns=0/0/inactive/dead/ named=0/inactive/dead/ agent=0/inactive/ jphase=absent killpid=1714,2895,
19:23:07.650891088 CHANGE ledger b384c0b086dd154b6d42afe11b4c082566ab8562cfcf00458212e87233a24e1b -> 95eb5565a60e2596711d85d10951a1f0844377c76b8380865970d62d01f4c86d
19:23:07.659745802 pdns=0/0/inactive/dead/ named=0/inactive/dead/ agent=0/inactive/ jphase=absent killpid=1714,2895,
19:23:07.957422065 pdns=0/0/inactive/dead/ named=0/inactive/dead/ agent=0/inactive/ jphase=absent killpid=1714,2895,
19:23:08.225443267 pdns=0/0/inactive/dead/ named=0/inactive/dead/ agent=0/inactive/ jphase=absent killpid=1714,2895,
19:23:08.497269848 pdns=0/0/inactive/dead/ named=0/inactive/dead/ agent=0/inactive/ jphase=absent killpid=1714,2895,
19:23:08.799915470 CHANGE ledger 95eb5565a60e2596711d85d10951a1f0844377c76b8380865970d62d01f4c86d -> ed624fa7026365f37f8415aaf9d1d3ee74e57df5afb588aa6cb58b220724a0a3
19:23:08.803118763 pdns=0/0/inactive/dead/ named=0/inactive/dead/ agent=0/inactive/ jphase=absent killpid=1714,3966,
19:23:09.166379378 CHANGE ledger ed624fa7026365f37f8415aaf9d1d3ee74e57df5afb588aa6cb58b220724a0a3 -> d2640c445a4a234f12e0597db3e3a736f3ec4e60ddfdf7db424265a19ad22e29
19:23:09.169613219 pdns=0/0/inactive/dead/ named=0/inactive/dead/ agent=0/inactive/ jphase=absent killpid=1714,4082,
19:23:09.677441191 CHANGE ledger d2640c445a4a234f12e0597db3e3a736f3ec4e60ddfdf7db424265a19ad22e29 -> cb8fdd791e17c0f16ee79a6cfc85104681bbe652efa9db96723d9c25f5940574
19:23:09.681215456 pdns=0/0/inactive/dead/ named=0/inactive/dead/ agent=0/inactive/ jphase=absent killpid=1714,4169,
19:23:09.966484443 CHANGE ledger cb8fdd791e17c0f16ee79a6cfc85104681bbe652efa9db96723d9c25f5940574 -> 379da9bc67e5d8981a9c48f58a8de6f319f6492217bc896cdd86801e53cdc8fe
19:23:09.969973042 pdns=0/0/inactive/dead/ named=0/inactive/dead/ agent=0/inactive/ jphase=absent killpid=1714,
19:23:10.261006386 CHANGE ledger 379da9bc67e5d8981a9c48f58a8de6f319f6492217bc896cdd86801e53cdc8fe -> 3013854c2540426f1ff8bf4449b0336213968bb26167e458a47d19a7c62008c6
19:23:10.265524814 pdns=0/0/inactive/dead/ named=0/inactive/dead/ agent=0/inactive/ jphase=absent killpid=1714,4310,
19:23:10.554079781 CHANGE ledger 3013854c2540426f1ff8bf4449b0336213968bb26167e458a47d19a7c62008c6 -> 963c0fcc93c3f7550d47d33549fe698cfdc956f5fc1d922905a7870390984838
19:23:10.560123219 POINTER /var/cache/bind/celikpanel mtime=2026-09-29 19:23:10.486242061 +0000 ino=131590 /var/cache/bind/celikpanel/current absent 
19:23:10.561868361 pdns=0/0/inactive/dead/ named=0/inactive/dead/ agent=0/inactive/ jphase=absent killpid=1714,
19:23:10.843477425 CHANGE ledger 963c0fcc93c3f7550d47d33549fe698cfdc956f5fc1d922905a7870390984838 -> c8a5537e5b2240ec3cb9c33c68434b4416e70127a03e02b0caac6473d97cf2b3
19:23:10.848196323 POINTER /var/cache/bind/celikpanel mtime=2026-09-29 19:23:10.786229805 +0000 ino=131590 /var/cache/bind/celikpanel/current absent 
19:23:10.849615133 pdns=0/0/inactive/dead/ named=0/inactive/dead/ agent=0/inactive/ jphase=absent killpid=1714,
19:23:11.121382880 CHANGE ledger c8a5537e5b2240ec3cb9c33c68434b4416e70127a03e02b0caac6473d97cf2b3 -> a7020303c24a6f2014fdbcef343322e66f89bbde2718ba3410634b58fc64d93c
19:23:11.126147612 POINTER /var/cache/bind/celikpanel mtime=2026-09-29 19:23:10.990221471 +0000 ino=131590 /var/cache/bind/celikpanel/current absent 
19:23:11.130631001 pdns=0/0/inactive/dead/ named=0/inactive/dead/ agent=0/inactive/ jphase=absent killpid=1714,
19:23:11.407682651 CHANGE journal absent -> 2ad3c12854d139232c5359a0b3addb6d094b48a6588928fa0a9ae1adc756dafc
19:23:11.420048498 CHANGE ledger a7020303c24a6f2014fdbcef343322e66f89bbde2718ba3410634b58fc64d93c -> 25429c411a36754f70864745e31eff9559a3397cd427245dd35cad9d9fb2fb37
19:23:11.425244727 pdns=0/0/inactive/dead/ named=0/inactive/dead/ agent=0/inactive/ jphase=intent killpid=
19:23:11.773270878 CHANGE journal 2ad3c12854d139232c5359a0b3addb6d094b48a6588928fa0a9ae1adc756dafc -> a9cc6c6595262b8fcd8f1dea05cd0ae260bc13aaf17d4560dba41d52fec99c39
19:23:11.780105576 pdns=0/0/inactive/dead/ named=0/inactive/dead/ agent=4579/active/ jphase=rolling-back killpid=
19:23:12.244006966 pdns=0/0/inactive/dead/ named=0/inactive/dead/ agent=4579/active/ jphase=rolling-back killpid=
19:23:12.722189936 pdns=0/0/inactive/dead/ named=0/inactive/dead/ agent=4579/active/ jphase=rolling-back killpid=
19:23:13.415186534 pdns=0/0/inactive/dead/ named=0/inactive/dead/ agent=4579/active/ jphase=rolling-back killpid=
19:23:13.693526828 CHANGE journal a9cc6c6595262b8fcd8f1dea05cd0ae260bc13aaf17d4560dba41d52fec99c39 -> absent
19:23:13.701525103 CHANGE ledger 25429c411a36754f70864745e31eff9559a3397cd427245dd35cad9d9fb2fb37 -> 67375184601bd5bfe8e3f4e788fd3c051a0dd60cdf78d1ca52ad94267bb68eaa
19:23:13.705707622 pdns=0/0/inactive/dead/ named=0/inactive/dead/ agent=4579/active/ jphase=absent killpid=
19:23:13.993276049 CHANGE ledger 67375184601bd5bfe8e3f4e788fd3c051a0dd60cdf78d1ca52ad94267bb68eaa -> 8f51d5f35af011093ec281310de482204300cc57870e5b2dd5cd767d03028245
19:23:13.999822350 pdns=0/0/inactive/dead/ named=0/inactive/dead/ agent=4579/active/ jphase=absent killpid=
19:23:14.310190550 CHANGE ledger 8f51d5f35af011093ec281310de482204300cc57870e5b2dd5cd767d03028245 -> 43141f125ecad3cbebc0ee8fff7146b662604512c1e6f37390dd47cfc7b74407
19:23:14.315850706 pdns=0/0/inactive/dead/ named=0/inactive/dead/ agent=4579/active/ jphase=absent killpid=
19:23:14.611523123 CHANGE ledger 43141f125ecad3cbebc0ee8fff7146b662604512c1e6f37390dd47cfc7b74407 -> f27e4dc1260a9851b6187f5ae6d25b249da7361b2c61b6a6c2268dee03f0fed8
19:23:14.615792970 pdns=0/0/inactive/dead/ named=0/inactive/dead/ agent=4579/active/ jphase=absent killpid=
19:23:14.896440009 CHANGE ledger f27e4dc1260a9851b6187f5ae6d25b249da7361b2c61b6a6c2268dee03f0fed8 -> 2f26144f72a0f96f37068078a5e12b4437d6b8366edb2fffb52347500fb1332e
19:23:14.900387125 pdns=0/0/inactive/dead/ named=0/inactive/dead/ agent=4579/active/ jphase=absent killpid=
19:23:15.180333053 CHANGE ledger 2f26144f72a0f96f37068078a5e12b4437d6b8366edb2fffb52347500fb1332e -> 73e25870154f6cc5a4d610cb978ae5a48b798939c17bd740e136d55dd937780f
19:23:15.186802439 pdns=0/0/inactive/dead/ named=0/inactive/dead/ agent=4579/active/ jphase=absent killpid=
19:23:15.638358535 CHANGE ledger 73e25870154f6cc5a4d610cb978ae5a48b798939c17bd740e136d55dd937780f -> ba715e866d2e2d31f6b734038dbba27a01acb98c443110a71b15ca8c0830733d
19:23:15.643581022 pdns=0/0/inactive/dead/ named=0/inactive/dead/ agent=4579/active/ jphase=absent killpid=
19:23:15.969401613 CHANGE ledger ba715e866d2e2d31f6b734038dbba27a01acb98c443110a71b15ca8c0830733d -> 4627eb8f92a785e90f13c8555c4feca1bbe6bcfca083536462dda46b2ab64f7c
19:23:15.975467832 pdns=0/0/inactive/dead/ named=0/inactive/dead/ agent=4579/active/ jphase=absent killpid=
19:23:16.428390479 CHANGE ledger 4627eb8f92a785e90f13c8555c4feca1bbe6bcfca083536462dda46b2ab64f7c -> 72ad693e330de3543ecfbbe10c9284db4c68b85c555ff3e5cc99600d429657db
19:23:16.434063655 pdns=0/0/inactive/dead/ named=0/inactive/dead/ agent=4579/active/ jphase=absent killpid=
19:23:16.722816049 CHANGE ledger 72ad693e330de3543ecfbbe10c9284db4c68b85c555ff3e5cc99600d429657db -> 5c7df5b3a1168482e0280fbb34d4596d7c9f1d159a6f4df1b37b6a2b90d5a673
19:23:16.727156687 pdns=0/0/inactive/dead/ named=0/inactive/dead/ agent=4579/active/ jphase=absent killpid=
19:23:17.212155275 CHANGE ledger 5c7df5b3a1168482e0280fbb34d4596d7c9f1d159a6f4df1b37b6a2b90d5a673 -> 408a0bdf926e0fccaef5d3c66aeb209c04c2d1e3f62f26b1af89e5420920f315
19:23:17.216758223 pdns=0/0/inactive/dead/ named=0/inactive/dead/ agent=4579/active/ jphase=absent killpid=
19:23:17.498432527 CHANGE ledger 408a0bdf926e0fccaef5d3c66aeb209c04c2d1e3f62f26b1af89e5420920f315 -> 1eb537514416452706ad1fc0b15ab71ea19cadb1426fbbf3555a78dee9551bce
19:23:17.504444492 pdns=0/0/inactive/dead/ named=0/inactive/dead/ agent=4579/active/ jphase=absent killpid=
19:23:17.778970253 CHANGE ledger 1eb537514416452706ad1fc0b15ab71ea19cadb1426fbbf3555a78dee9551bce -> 0f0e3ed2ef40503e3529db1d636d04ecf213886619eab80d7477b6c6aeff4886
19:23:17.783189943 pdns=0/0/inactive/dead/ named=0/inactive/dead/ agent=4579/active/ jphase=absent killpid=
19:23:18.060044980 CHANGE ledger 0f0e3ed2ef40503e3529db1d636d04ecf213886619eab80d7477b6c6aeff4886 -> 892677883041ee99c13cfaac33131af1f41e61ac1e1011f21f632623665baeea
19:23:18.065451277 pdns=0/0/inactive/dead/ named=0/inactive/dead/ agent=4579/active/ jphase=absent killpid=
19:23:18.356922943 CHANGE ledger 892677883041ee99c13cfaac33131af1f41e61ac1e1011f21f632623665baeea -> f2d1aff54b1d926059f50890df6bd9122370ddc312992d9866bf590f1b6d3e65
19:23:18.362178925 pdns=0/0/inactive/dead/ named=0/inactive/dead/ agent=4579/active/ jphase=absent killpid=
19:23:18.664639428 CHANGE journal absent -> c126fca4d37e83cfab5e19206c6f17ef9d850055688a8c2a14dcc349534e1bf2
19:23:18.673326140 CHANGE ledger f2d1aff54b1d926059f50890df6bd9122370ddc312992d9866bf590f1b6d3e65 -> 44b87c5acb90684ec85faa3cb35128a3828c9297d76b2816dc58170b61bc8fbb
19:23:18.678997137 POINTER /var/cache/bind/celikpanel mtime=2026-09-29 19:23:18.501945455 +0000 ino=131590 /var/cache/bind/celikpanel/current mtime=2026-09-29 19:23:18.485945990 +0000 ino=131623 -> '/var/cache/bind/celikpanel/current' -> 'generations/92ed21af8ae16bcfbbff49f445f635db15ce01b47004b48bca86c0a7cc0a0dc2' 
19:23:18.680445910 pdns=0/0/inactive/dead/ named=0/inactive/dead/ agent=4579/active/ jphase=intent killpid=
19:23:18.962683102 CHANGE journal c126fca4d37e83cfab5e19206c6f17ef9d850055688a8c2a14dcc349534e1bf2 -> 3f56d5852532dc62cd160a2c741122aee840dc05898d5514a7e66eaee0c5a540
19:23:18.973509513 CHANGE ledger 44b87c5acb90684ec85faa3cb35128a3828c9297d76b2816dc58170b61bc8fbb -> 031ee667892f9a9531c483548bcc21fe8913f4f45ec206c08a121ff9fe70aaaf
19:23:18.979685790 pdns=0/0/inactive/dead/ named=0/inactive/dead/ agent=4579/active/ jphase=source-stopped killpid=
19:23:19.303962579 CHANGE ledger 031ee667892f9a9531c483548bcc21fe8913f4f45ec206c08a121ff9fe70aaaf -> 816d0b6f74e996552bc8bc0ac7386244658b3087ea0adc1316956f55cf917950
19:23:19.309890544 pdns=0/0/inactive/dead/ named=0/inactive/dead/ agent=4579/active/ jphase=source-stopped killpid=
19:23:19.826357547 CHANGE ledger 816d0b6f74e996552bc8bc0ac7386244658b3087ea0adc1316956f55cf917950 -> a31f3d20d000690883eb023511017605d050dba8e2f859b65f39d105405ccdf5
19:23:19.833854512 pdns=0/0/inactive/dead/ named=0/inactive/dead/ agent=4579/active/ jphase=source-stopped killpid=
19:23:20.308639630 CHANGE ledger a31f3d20d000690883eb023511017605d050dba8e2f859b65f39d105405ccdf5 -> 6917595caab0cee45e61706b7c9dba2f8654af29d8b840747d93d69d96c384b2
19:23:20.314172201 pdns=0/0/inactive/dead/ named=0/inactive/dead/ agent=4579/active/ jphase=source-stopped killpid=
19:23:20.606569498 CHANGE ledger 6917595caab0cee45e61706b7c9dba2f8654af29d8b840747d93d69d96c384b2 -> 3fab4b0dbdd81e92e90dc2aa92f977efb2f47a3423ef0bb6f85c8daf7e4361e2
19:23:20.623705894 pdns=0/0/inactive/dead/ named=0/inactive/dead/ agent=4579/active/ jphase=source-stopped killpid=
19:23:20.928963447 CHANGE ledger 3fab4b0dbdd81e92e90dc2aa92f977efb2f47a3423ef0bb6f85c8daf7e4361e2 -> 6898d5e7ab861b6a6e637b97713b4694ad07ef85e342c6e1e4f507f3992ff7bd
19:23:20.935862547 pdns=0/0/inactive/dead/ named=0/inactive/dead/ agent=4579/active/ jphase=source-stopped killpid=
19:23:21.716334979 CHANGE ledger 6898d5e7ab861b6a6e637b97713b4694ad07ef85e342c6e1e4f507f3992ff7bd -> 0b07ec162d7f7f6a86830375ced2f859b5b20620caefa65b5a84237818d9e795
19:23:21.726981593 pdns=0/0/inactive/dead/ named=0/inactive/dead/ agent=4579/active/ jphase=source-stopped killpid=
19:23:22.001358485 CHANGE ledger 0b07ec162d7f7f6a86830375ced2f859b5b20620caefa65b5a84237818d9e795 -> 542f21a924f0e0e1c82f010d35b00c8e9c60fb244bdafa8aafbca9eec64caff1
19:23:22.007039905 pdns=0/0/inactive/dead/ named=0/inactive/dead/ agent=4579/active/ jphase=source-stopped killpid=
19:23:22.288119491 CHANGE ledger 542f21a924f0e0e1c82f010d35b00c8e9c60fb244bdafa8aafbca9eec64caff1 -> f3c5059067a115f39fc8253c009bb9a2c8685b02b2ce8bb84451ec76588161b6
19:23:22.294611555 pdns=0/0/inactive/dead/ named=0/inactive/dead/ agent=4579/active/ jphase=source-stopped killpid=
19:23:22.572794426 CHANGE ledger f3c5059067a115f39fc8253c009bb9a2c8685b02b2ce8bb84451ec76588161b6 -> 513c1c0e7f10767a3c1c835be51e96454d56b5baadcb8524444c2c1e60509f1f
19:23:22.578933444 pdns=0/0/inactive/dead/ named=7072/active/running/ agent=4579/active/ jphase=source-stopped killpid=
19:23:22.894871010 CHANGE ledger 513c1c0e7f10767a3c1c835be51e96454d56b5baadcb8524444c2c1e60509f1f -> 3ffb937cb8757499f41d813773022b623fc51f7f4b3bc311fcd00d1032d70684
19:23:22.900425154 pdns=0/0/inactive/dead/ named=7072/active/running/ agent=4579/active/ jphase=source-stopped killpid=
19:23:23.174886609 CHANGE ledger 3ffb937cb8757499f41d813773022b623fc51f7f4b3bc311fcd00d1032d70684 -> d3c117bbd603f8ff65593f5778b5d7874e8ef2425b5d65905833a69825affc6b
19:23:23.180761625 pdns=0/0/inactive/dead/ named=7072/active/running/ agent=4579/active/ jphase=source-stopped killpid=
19:23:23.461253106 CHANGE ledger d3c117bbd603f8ff65593f5778b5d7874e8ef2425b5d65905833a69825affc6b -> c1ae1b73d302ffce8232ec1f7731329c475de62b4d57abd4a4acd66cc2abc6b1
19:23:23.467643997 pdns=0/0/inactive/dead/ named=7072/active/running/ agent=4579/active/ jphase=source-stopped killpid=
19:23:23.743832343 CHANGE ledger c1ae1b73d302ffce8232ec1f7731329c475de62b4d57abd4a4acd66cc2abc6b1 -> d372694f6f307052dc1bd4329f01f06140f50f9bafa7b2a7ae8251ecc720fb94
19:23:23.749977500 pdns=0/0/inactive/dead/ named=7072/active/running/ agent=4579/active/ jphase=source-stopped killpid=
19:23:24.026046628 CHANGE ledger d372694f6f307052dc1bd4329f01f06140f50f9bafa7b2a7ae8251ecc720fb94 -> ae3a18735a6dde2598d90d8f11b463a6897ea638909a0277ffe4411a9d99018f
19:23:24.031394907 pdns=0/0/inactive/dead/ named=7072/active/running/ agent=4579/active/ jphase=source-stopped killpid=
19:23:24.306622946 CHANGE ledger ae3a18735a6dde2598d90d8f11b463a6897ea638909a0277ffe4411a9d99018f -> 91a136100fb9626d1729c850c26119ac6a245798a971533ca2a0cd5ed1e1116b
19:23:24.312341885 pdns=0/0/inactive/dead/ named=7072/active/running/ agent=4579/active/ jphase=source-stopped killpid=
19:23:24.597567024 CHANGE ledger 91a136100fb9626d1729c850c26119ac6a245798a971533ca2a0cd5ed1e1116b -> ff213116d2418fa028d1e09c9163e54133f5b6944d7af1e40c9206738499e427
19:23:24.606441304 pdns=0/0/inactive/dead/ named=7072/active/running/ agent=4579/active/ jphase=target-started killpid=
19:23:24.886773398 CHANGE journal 3f56d5852532dc62cd160a2c741122aee840dc05898d5514a7e66eaee0c5a540 -> 0da883122d1c6a41b6b0d9d9fdc2e365bca7dead0fe555f4de194a48f8e9306b
19:23:24.897433083 CHANGE ledger ff213116d2418fa028d1e09c9163e54133f5b6944d7af1e40c9206738499e427 -> 8a0aad3690a6b6844f1e376a0d4ce62ad9610d5ba139b33d45d70beb4176ab44
19:23:24.905728681 pdns=0/0/inactive/dead/ named=7072/active/running/ agent=4579/active/ jphase=target-started killpid=
19:23:25.179765310 CHANGE ledger 8a0aad3690a6b6844f1e376a0d4ce62ad9610d5ba139b33d45d70beb4176ab44 -> a4262dcb67f87a66e5c930c7bdfdba26c4fecbe33ed172e5bd65b05242a01a47
19:23:25.185577566 pdns=0/0/inactive/dead/ named=7072/active/running/ agent=4579/active/ jphase=target-started killpid=
19:23:25.927116935 CHANGE ledger a4262dcb67f87a66e5c930c7bdfdba26c4fecbe33ed172e5bd65b05242a01a47 -> 06fff44c5ffeeeefaee520cf1fb8a0aa7a59dfb3b7bd54c73b03a34e13ba9ac9
19:23:26.162803636 pdns=0/0/inactive/dead/ named=7072/active/running/ agent=4579/active/ jphase=target-started killpid=
19:23:27.367366445 CHANGE ledger 06fff44c5ffeeeefaee520cf1fb8a0aa7a59dfb3b7bd54c73b03a34e13ba9ac9 -> 8b90d27339df25c4a4ed3a81b2f772eb9fccb5c8f8ffa513986f6402997c4d59
19:23:27.373246154 pdns=0/0/inactive/dead/ named=7072/active/running/ agent=4579/active/ jphase=target-started killpid=
19:23:27.659995542 CHANGE ledger 8b90d27339df25c4a4ed3a81b2f772eb9fccb5c8f8ffa513986f6402997c4d59 -> e89e0a72646ac44cce68a6ee72df5baa2ea28592a9efcf44d2b1eebeffa5639a
19:23:27.672470618 pdns=0/0/inactive/dead/ named=7072/active/running/ agent=4579/active/ jphase=target-started killpid=
19:23:27.957597004 CHANGE journal 0da883122d1c6a41b6b0d9d9fdc2e365bca7dead0fe555f4de194a48f8e9306b -> b7cf09c4b3df5f491781ce45bc00f4ed559bc084dd94a758ae5e37b32d70331f
19:23:27.971462052 CHANGE ledger e89e0a72646ac44cce68a6ee72df5baa2ea28592a9efcf44d2b1eebeffa5639a -> 35335b4e7f38774ac6ad624265a99a5df7f356ab8924954a78302b9a40d5a35a
19:23:27.980820924 CHANGE state absent -> 54d3207796846557b9a90f0a6ddb8bff8164ef29188987f6d7d514be7318652b
19:23:27.987146334 pdns=0/0/inactive/dead/ named=7072/active/running/ agent=4579/active/ jphase=committed killpid=
19:23:28.278135501 pdns=0/0/inactive/dead/ named=7072/active/running/ agent=4579/active/ jphase=committed killpid=
19:23:28.555869746 CHANGE journal b7cf09c4b3df5f491781ce45bc00f4ed559bc084dd94a758ae5e37b32d70331f -> absent
19:23:28.566355168 CHANGE ledger 35335b4e7f38774ac6ad624265a99a5df7f356ab8924954a78302b9a40d5a35a -> df546b668a2005a421d2cf158ecd1f0632ff37872ecfd17035c69600b4869248
19:23:28.579662195 pdns=0/0/inactive/dead/ named=7072/active/running/ agent=4579/active/ jphase=absent killpid=
19:23:28.885991052 pdns=0/0/inactive/dead/ named=7072/active/running/ agent=4579/active/ jphase=absent killpid=
19:23:29.185652812 pdns=0/0/inactive/dead/ named=7072/active/running/ agent=4579/active/ jphase=absent killpid=
19:23:29.465735251 pdns=0/0/inactive/dead/ named=7072/active/running/ agent=4579/active/ jphase=absent killpid=
19:23:29.735598802 pdns=0/0/inactive/dead/ named=7072/active/running/ agent=4579/active/ jphase=absent killpid=
19:23:30.003983261 pdns=0/0/inactive/dead/ named=7072/active/running/ agent=4579/active/ jphase=absent killpid=
19:23:30.273261643 pdns=0/0/inactive/dead/ named=7072/active/running/ agent=4579/active/ jphase=absent killpid=
19:23:30.542170627 pdns=0/0/inactive/dead/ named=7072/active/running/ agent=4579/active/ jphase=absent killpid=
19:23:30.814170657 pdns=0/0/inactive/dead/ named=7072/active/running/ agent=4579/active/ jphase=absent killpid=
19:23:31.090898488 pdns=0/0/inactive/dead/ named=7072/active/running/ agent=4579/active/ jphase=absent killpid=
19:23:31.374275440 pdns=0/0/inactive/dead/ named=7072/active/running/ agent=4579/active/ jphase=absent killpid=
19:23:31.646290882 pdns=0/0/inactive/dead/ named=7072/active/running/ agent=4579/active/ jphase=absent killpid=
19:23:31.915082530 pdns=0/0/inactive/dead/ named=7072/active/running/ agent=4579/active/ jphase=absent killpid=
19:23:32.188111547 pdns=0/0/inactive/dead/ named=7072/active/running/ agent=4579/active/ jphase=absent killpid=
19:23:32.462822675 pdns=0/0/inactive/dead/ named=7072/active/running/ agent=4579/active/ jphase=absent killpid=
19:23:32.745478132 pdns=0/0/inactive/dead/ named=7072/active/running/ agent=4579/active/ jphase=absent killpid=
19:23:33.014859829 pdns=0/0/inactive/dead/ named=7072/active/running/ agent=4579/active/ jphase=absent killpid=
19:23:33.298690151 pdns=0/0/inactive/dead/ named=7072/active/running/ agent=4579/active/ jphase=absent killpid=
19:23:33.596446517 pdns=0/0/inactive/dead/ named=7072/active/running/ agent=4579/active/ jphase=absent killpid=
19:23:33.873114839 pdns=0/0/inactive/dead/ named=7072/active/running/ agent=4579/active/ jphase=absent killpid=
19:23:34.146520759 pdns=0/0/inactive/dead/ named=7072/active/running/ agent=4579/active/ jphase=absent killpid=
19:23:34.423793171 pdns=0/0/inactive/dead/ named=7072/active/running/ agent=4579/active/ jphase=absent killpid=
19:23:34.697350729 pdns=0/0/inactive/dead/ named=7072/active/running/ agent=4579/active/ jphase=absent killpid=
19:23:34.969588820 pdns=0/0/inactive/dead/ named=7072/active/running/ agent=4579/active/ jphase=absent killpid=
19:23:35.245405122 pdns=0/0/inactive/dead/ named=7072/active/running/ agent=4579/active/ jphase=absent killpid=
19:23:35.535632894 pdns=0/0/inactive/dead/ named=7072/active/running/ agent=4579/active/ jphase=absent killpid=
19:23:35.811364678 pdns=0/0/inactive/dead/ named=7072/active/running/ agent=4579/active/ jphase=absent killpid=
19:23:36.079997175 pdns=0/0/inactive/dead/ named=7072/active/running/ agent=4579/active/ jphase=absent killpid=
19:23:36.353351188 pdns=0/0/inactive/dead/ named=7072/active/running/ agent=4579/active/ jphase=absent killpid=
19:23:36.632343882 pdns=0/0/inactive/dead/ named=7072/active/running/ agent=4579/active/ jphase=absent killpid=
19:23:36.905744452 pdns=0/0/inactive/dead/ named=7072/active/running/ agent=4579/active/ jphase=absent killpid=
19:23:37.177047765 pdns=0/0/inactive/dead/ named=7072/active/running/ agent=4579/active/ jphase=absent killpid=
19:23:37.472334263 pdns=0/0/inactive/dead/ named=7072/active/running/ agent=4579/active/ jphase=absent killpid=
19:23:37.750582206 pdns=0/0/inactive/dead/ named=7072/active/running/ agent=4579/active/ jphase=absent killpid=
19:23:38.021178465 pdns=0/0/inactive/dead/ named=7072/active/running/ agent=4579/active/ jphase=absent killpid=
19:23:38.288583421 pdns=0/0/inactive/dead/ named=7072/active/running/ agent=4579/active/ jphase=absent killpid=
19:23:38.561437199 pdns=0/0/inactive/dead/ named=7072/active/running/ agent=4579/active/ jphase=absent killpid=
19:23:38.831969461 pdns=0/0/inactive/dead/ named=7072/active/running/ agent=4579/active/ jphase=absent killpid=
19:23:39.102020820 pdns=0/0/inactive/dead/ named=7072/active/running/ agent=4579/active/ jphase=absent killpid=
19:23:39.375933330 pdns=0/0/inactive/dead/ named=7072/active/running/ agent=4579/active/ jphase=absent killpid=
19:23:39.652914646 pdns=0/0/inactive/dead/ named=7072/active/running/ agent=4579/active/ jphase=absent killpid=
19:23:39.922358666 pdns=0/0/inactive/dead/ named=7072/active/running/ agent=4579/active/ jphase=absent killpid=
19:23:40.206851833 pdns=0/0/inactive/dead/ named=7072/active/running/ agent=4579/active/ jphase=absent killpid=
19:23:40.487713829 pdns=0/0/inactive/dead/ named=7072/active/running/ agent=4579/active/ jphase=absent killpid=
19:23:40.756290799 pdns=0/0/inactive/dead/ named=7072/active/running/ agent=4579/active/ jphase=absent killpid=
19:23:41.025274726 pdns=0/0/inactive/dead/ named=7072/active/running/ agent=4579/active/ jphase=absent killpid=
19:23:41.303867881 pdns=0/0/inactive/dead/ named=7072/active/running/ agent=4579/active/ jphase=absent killpid=
19:23:41.582076457 pdns=0/0/inactive/dead/ named=7072/active/running/ agent=4579/active/ jphase=absent killpid=
19:23:41.855147215 pdns=0/0/inactive/dead/ named=7072/active/running/ agent=4579/active/ jphase=absent killpid=
19:23:42.126859452 pdns=0/0/inactive/dead/ named=7072/active/running/ agent=4579/active/ jphase=absent killpid=
19:23:42.397579586 pdns=0/0/inactive/dead/ named=7072/active/running/ agent=4579/active/ jphase=absent killpid=
19:23:42.665653269 pdns=0/0/inactive/dead/ named=7072/active/running/ agent=4579/active/ jphase=absent killpid=
19:23:42.935914632 pdns=0/0/inactive/dead/ named=7072/active/running/ agent=4579/active/ jphase=absent killpid=
19:23:43.210007652 pdns=0/0/inactive/dead/ named=7072/active/running/ agent=4579/active/ jphase=absent killpid=
19:23:43.483109176 pdns=0/0/inactive/dead/ named=7072/active/running/ agent=4579/active/ jphase=absent killpid=
19:23:43.753748367 pdns=0/0/inactive/dead/ named=7072/active/running/ agent=4579/active/ jphase=absent killpid=
19:23:44.026339240 pdns=0/0/inactive/dead/ named=7072/active/running/ agent=4579/active/ jphase=absent killpid=
19:23:44.295389984 pdns=0/0/inactive/dead/ named=7072/active/running/ agent=4579/active/ jphase=absent killpid=
19:23:44.568237314 pdns=0/0/inactive/dead/ named=7072/active/running/ agent=4579/active/ jphase=absent killpid=
19:23:44.837512891 pdns=0/0/inactive/dead/ named=7072/active/running/ agent=4579/active/ jphase=absent killpid=
19:23:45.120064105 pdns=0/0/inactive/dead/ named=7072/active/running/ agent=4579/active/ jphase=absent killpid=
19:23:45.402583562 pdns=0/0/inactive/dead/ named=7072/active/running/ agent=4579/active/ jphase=absent killpid=
19:23:45.675807256 pdns=0/0/inactive/dead/ named=7072/active/running/ agent=4579/active/ jphase=absent killpid=
19:23:45.949135185 pdns=0/0/inactive/dead/ named=7072/active/running/ agent=4579/active/ jphase=absent killpid=
19:23:46.218780181 pdns=0/0/inactive/dead/ named=7072/active/running/ agent=4579/active/ jphase=absent killpid=
19:23:46.487966409 pdns=0/0/inactive/dead/ named=7072/active/running/ agent=4579/active/ jphase=absent killpid=
19:23:46.757246046 pdns=0/0/inactive/dead/ named=7072/active/running/ agent=4579/active/ jphase=absent killpid=
19:23:47.034454589 pdns=0/0/inactive/dead/ named=7072/active/running/ agent=4579/active/ jphase=absent killpid=
19:23:47.312171156 pdns=0/0/inactive/dead/ named=7072/active/running/ agent=4579/active/ jphase=absent killpid=
19:23:47.595528131 pdns=0/0/inactive/dead/ named=7072/active/running/ agent=4579/active/ jphase=absent killpid=
19:23:47.876380346 pdns=0/0/inactive/dead/ named=7072/active/running/ agent=4579/active/ jphase=absent killpid=
19:23:48.149784466 pdns=0/0/inactive/dead/ named=7072/active/running/ agent=4579/active/ jphase=absent killpid=
19:23:48.419361970 pdns=0/0/inactive/dead/ named=7072/active/running/ agent=4579/active/ jphase=absent killpid=
19:23:48.690738509 pdns=0/0/inactive/dead/ named=7072/active/running/ agent=4579/active/ jphase=absent killpid=
19:23:48.958423732 pdns=0/0/inactive/dead/ named=7072/active/running/ agent=4579/active/ jphase=absent killpid=
19:23:49.229372633 pdns=0/0/inactive/dead/ named=7072/active/running/ agent=4579/active/ jphase=absent killpid=
19:23:49.505006596 pdns=0/0/inactive/dead/ named=7072/active/running/ agent=4579/active/ jphase=absent killpid=
19:23:49.784404182 pdns=0/0/inactive/dead/ named=7072/active/running/ agent=4579/active/ jphase=absent killpid=
19:23:50.059113592 pdns=0/0/inactive/dead/ named=7072/active/running/ agent=4579/active/ jphase=absent killpid=
19:23:50.329354895 pdns=0/0/inactive/dead/ named=7072/active/running/ agent=4579/active/ jphase=absent killpid=
19:23:50.598151139 pdns=0/0/inactive/dead/ named=7072/active/running/ agent=4579/active/ jphase=absent killpid=
19:23:50.866184146 pdns=0/0/inactive/dead/ named=7072/active/running/ agent=4579/active/ jphase=absent killpid=
19:23:51.139223843 pdns=0/0/inactive/dead/ named=7072/active/running/ agent=4579/active/ jphase=absent killpid=
19:23:51.411078578 pdns=0/0/inactive/dead/ named=7072/active/running/ agent=4579/active/ jphase=absent killpid=
19:23:51.681447222 pdns=0/0/inactive/dead/ named=7072/active/running/ agent=4579/active/ jphase=absent killpid=
19:23:51.948304319 pdns=0/0/inactive/dead/ named=7072/active/running/ agent=4579/active/ jphase=absent killpid=
19:23:52.224459424 pdns=0/0/inactive/dead/ named=7072/active/running/ agent=4579/active/ jphase=absent killpid=
19:23:52.494346696 pdns=0/0/inactive/dead/ named=7072/active/running/ agent=4579/active/ jphase=absent killpid=
19:23:52.767873316 pdns=0/0/inactive/dead/ named=7072/active/running/ agent=4579/active/ jphase=absent killpid=
19:23:53.038221752 pdns=0/0/inactive/dead/ named=7072/active/running/ agent=4579/active/ jphase=absent killpid=
19:23:53.306958125 pdns=0/0/inactive/dead/ named=7072/active/running/ agent=4579/active/ jphase=absent killpid=
19:23:53.583563609 pdns=0/0/inactive/dead/ named=7072/active/running/ agent=4579/active/ jphase=absent killpid=
19:23:53.852606016 pdns=0/0/inactive/dead/ named=7072/active/running/ agent=4579/active/ jphase=absent killpid=
19:23:54.131680515 pdns=0/0/inactive/dead/ named=7072/active/running/ agent=4579/active/ jphase=absent killpid=
19:23:54.400431820 pdns=0/0/inactive/dead/ named=7072/active/running/ agent=4579/active/ jphase=absent killpid=
19:23:54.668642753 pdns=0/0/inactive/dead/ named=7072/active/running/ agent=4579/active/ jphase=absent killpid=
19:23:54.938332022 pdns=0/0/inactive/dead/ named=7072/active/running/ agent=4579/active/ jphase=absent killpid=
19:23:55.228809756 pdns=0/0/inactive/dead/ named=7072/active/running/ agent=4579/active/ jphase=absent killpid=
19:23:55.503757420 pdns=0/0/inactive/dead/ named=7072/active/running/ agent=4579/active/ jphase=absent killpid=
19:23:55.776443963 pdns=0/0/inactive/dead/ named=7072/active/running/ agent=4579/active/ jphase=absent killpid=
19:23:56.050436413 pdns=0/0/inactive/dead/ named=7072/active/running/ agent=4579/active/ jphase=absent killpid=
19:23:56.327111417 pdns=0/0/inactive/dead/ named=7072/active/running/ agent=4579/active/ jphase=absent killpid=
19:23:56.601702227 pdns=0/0/inactive/dead/ named=7072/active/running/ agent=4579/active/ jphase=absent killpid=
19:23:56.876345677 pdns=0/0/inactive/dead/ named=7072/active/running/ agent=4579/active/ jphase=absent killpid=
19:23:57.147003224 pdns=0/0/inactive/dead/ named=7072/active/running/ agent=4579/active/ jphase=absent killpid=
19:23:57.431339604 pdns=0/0/inactive/dead/ named=7072/active/running/ agent=4579/active/ jphase=absent killpid=
19:23:57.703053032 pdns=0/0/inactive/dead/ named=7072/active/running/ agent=4579/active/ jphase=absent killpid=
19:23:57.981393663 pdns=0/0/inactive/dead/ named=7072/active/running/ agent=4579/active/ jphase=absent killpid=
19:23:58.259843275 pdns=0/0/inactive/dead/ named=7072/active/running/ agent=4579/active/ jphase=absent killpid=
19:23:58.534681926 pdns=0/0/inactive/dead/ named=7072/active/running/ agent=4579/active/ jphase=absent killpid=
19:23:58.804523370 pdns=0/0/inactive/dead/ named=7072/active/running/ agent=4579/active/ jphase=absent killpid=
19:23:59.074588459 pdns=0/0/inactive/dead/ named=7072/active/running/ agent=4579/active/ jphase=absent killpid=
19:23:59.358195094 pdns=0/0/inactive/dead/ named=7072/active/running/ agent=4579/active/ jphase=absent killpid=
19:23:59.635805620 pdns=0/0/inactive/dead/ named=7072/active/running/ agent=4579/active/ jphase=absent killpid=
19:23:59.905814589 pdns=0/0/inactive/dead/ named=7072/active/running/ agent=4579/active/ jphase=absent killpid=
19:24:00.181508689 pdns=0/0/inactive/dead/ named=7072/active/running/ agent=4579/active/ jphase=absent killpid=
19:24:00.453811928 pdns=0/0/inactive/dead/ named=7072/active/running/ agent=4579/active/ jphase=absent killpid=
19:24:00.735140757 pdns=0/0/inactive/dead/ named=7072/active/running/ agent=4579/active/ jphase=absent killpid=
19:24:01.005031899 pdns=0/0/inactive/dead/ named=7072/active/running/ agent=4579/active/ jphase=absent killpid=
19:24:01.275303990 pdns=0/0/inactive/dead/ named=7072/active/running/ agent=4579/active/ jphase=absent killpid=
19:24:01.555025851 pdns=0/0/inactive/dead/ named=7072/active/running/ agent=4579/active/ jphase=absent killpid=
19:24:01.832112444 pdns=0/0/inactive/dead/ named=7072/active/running/ agent=4579/active/ jphase=absent killpid=
19:24:02.099459047 pdns=0/0/inactive/dead/ named=7072/active/running/ agent=4579/active/ jphase=absent killpid=
