15:18:40.529742320 CHANGE journal none -> absent
15:18:40.545437221 CHANGE ledger none -> 177f61d12ed0bb85e6ea535b807b376e26bbe0871405a13867c0b3cb6ea4b211
15:18:40.550682458 CHANGE state none -> absent
15:18:40.555845159 POINTER 
15:18:40.557782210 pdns=1769/0/active/running/ named=0/inactive/dead/ agent=0/inactive/ jphase=absent killpid=
15:18:40.860243308 pdns=1769/0/active/running/ named=0/inactive/dead/ agent=0/inactive/ jphase=absent killpid=
15:18:41.152300722 pdns=1769/0/active/running/ named=0/inactive/dead/ agent=0/inactive/ jphase=absent killpid=
15:18:41.456396514 pdns=1769/0/active/running/ named=0/inactive/dead/ agent=0/inactive/ jphase=absent killpid=
15:18:41.759927575 CHANGE ledger 177f61d12ed0bb85e6ea535b807b376e26bbe0871405a13867c0b3cb6ea4b211 -> 4445ef5d417d2b5689154affd2abd9e9a6dcc4af05e7bca02e38aadf5104d203
15:18:41.765975587 pdns=1769/0/active/running/ named=0/inactive/dead/ agent=0/inactive/ jphase=absent killpid=2180,2265,
15:18:42.067070477 CHANGE ledger 4445ef5d417d2b5689154affd2abd9e9a6dcc4af05e7bca02e38aadf5104d203 -> 6ec055183c4520881fa3d5fe4b86e8181f2685e2d1defd6a02da6703429e16ae
15:18:42.071189076 pdns=1769/0/active/running/ named=0/inactive/dead/ agent=0/inactive/ jphase=absent killpid=2180,
15:18:42.377814108 CHANGE ledger 6ec055183c4520881fa3d5fe4b86e8181f2685e2d1defd6a02da6703429e16ae -> 4e03b3af51ddcdb435a90a3172da8c96778d0be31cbe3e2b330d16afadc4d74a
15:18:42.381027795 pdns=1769/0/active/running/ named=0/inactive/dead/ agent=0/inactive/ jphase=absent killpid=2180,2447,
15:18:42.736457712 CHANGE ledger 4e03b3af51ddcdb435a90a3172da8c96778d0be31cbe3e2b330d16afadc4d74a -> 942ad1f8fda3944d8453a36964461c11a75c27bf9f07c1ca70dbff4c475c1c5a
15:18:42.740348585 pdns=1769/0/active/running/ named=0/inactive/dead/ agent=0/inactive/ jphase=absent killpid=2180,
15:18:43.036279605 CHANGE ledger 942ad1f8fda3944d8453a36964461c11a75c27bf9f07c1ca70dbff4c475c1c5a -> 7d8736eb227baa5c6d7e60c4fafd9b467a9a09f09efe6bfabe5659a8701510ee
15:18:43.045241714 pdns=1769/0/active/running/ named=0/inactive/dead/ agent=0/inactive/ jphase=absent killpid=2180,2630,
15:18:43.354882888 CHANGE ledger 7d8736eb227baa5c6d7e60c4fafd9b467a9a09f09efe6bfabe5659a8701510ee -> 541d9ed06350dd3473bb3cd9e9ca1a7073133f40420bca70a052dd74027c9b39
15:18:43.367139614 pdns=1769/0/active/running/ named=0/inactive/dead/ agent=0/inactive/ jphase=absent killpid=2180,
15:18:43.785983238 CHANGE ledger 541d9ed06350dd3473bb3cd9e9ca1a7073133f40420bca70a052dd74027c9b39 -> d88c302d0332e067f5d573f4326073a4a9c983a6bcf4a131e49dbbd992e72bbe
15:18:43.791679666 pdns=1769/0/active/running/ named=0/inactive/dead/ agent=0/inactive/ jphase=absent killpid=2180,
15:18:44.102293795 CHANGE ledger d88c302d0332e067f5d573f4326073a4a9c983a6bcf4a131e49dbbd992e72bbe -> 17e1ab3e31393562aeb089dd4884b5da4f56b0b62ce472b63ad223c83abef398
15:18:44.106455074 pdns=1769/0/active/running/ named=0/inactive/dead/ agent=0/inactive/ jphase=absent killpid=2180,2903,
15:18:44.415046230 CHANGE ledger 17e1ab3e31393562aeb089dd4884b5da4f56b0b62ce472b63ad223c83abef398 -> 2f14028593657face53c29ab6111342b896e0309927c2fb9ab3f25cfbe01c7b5
15:18:44.419452388 pdns=1769/0/active/running/ named=0/inactive/dead/ agent=0/inactive/ jphase=absent killpid=2180,
15:18:44.737485998 CHANGE journal absent -> b547815455566338b0af915ad461bcbd3eae03b8a78d5e4b3bc99156eac39041
15:18:44.753011814 CHANGE ledger 2f14028593657face53c29ab6111342b896e0309927c2fb9ab3f25cfbe01c7b5 -> 2f96e83b4c423035d8590f2ffa65f6c7848cbf83b31356e9ce5fcb96604b12cf
15:18:44.756873764 pdns=1769/0/active/running/ named=0/inactive/dead/ agent=0/inactive/ jphase=rolling-back killpid=2180,3112,
15:18:45.052958216 CHANGE ledger 2f96e83b4c423035d8590f2ffa65f6c7848cbf83b31356e9ce5fcb96604b12cf -> 46570bd6b58ce767fc9a429d4dd47bf55dded1d7259493e77d3b4858fa66e7c3
15:18:45.057790987 pdns=1769/0/active/running/ named=0/inactive/dead/ agent=0/inactive/ jphase=rolling-back killpid=2180,
15:18:45.355569264 CHANGE ledger 46570bd6b58ce767fc9a429d4dd47bf55dded1d7259493e77d3b4858fa66e7c3 -> 9d9ad1c2326abfcba50c53264c26438d1694938a2911b3fb02ff7175f9315c1e
15:18:45.360671942 pdns=1769/0/active/running/ named=0/inactive/dead/ agent=0/inactive/ jphase=rolling-back killpid=2180,
15:18:45.676597342 CHANGE ledger 9d9ad1c2326abfcba50c53264c26438d1694938a2911b3fb02ff7175f9315c1e -> 973a0625a6e58b8cdb7333ad766258428fc8e607542580ed354db7d53db25059
15:18:45.683885862 pdns=1769/0/active/running/ named=0/inactive/dead/ agent=0/inactive/ jphase=rolling-back killpid=2180,3400,
15:18:45.986013439 CHANGE journal b547815455566338b0af915ad461bcbd3eae03b8a78d5e4b3bc99156eac39041 -> 2af7b7b6958b7f84672e9156d9d1414f91f6e014e63e8387f3630083bfa0eb24
15:18:46.000340114 CHANGE ledger 973a0625a6e58b8cdb7333ad766258428fc8e607542580ed354db7d53db25059 -> c3c2eb0a3bea8a611c437d951408d8dca35f8c059aeb60fdc32e36c3c5cb9a42
15:18:46.005156665 pdns=1769/0/active/running/ named=0/inactive/dead/ agent=0/inactive/ jphase=rolled-back killpid=
15:18:46.479247791 pdns=1769/0/active/running/ named=0/inactive/dead/ agent=0/inactive/ jphase=rolled-back killpid=
15:18:46.809743948 pdns=1769/0/active/running/ named=0/inactive/dead/ agent=0/inactive/ jphase=rolled-back killpid=
15:18:47.139161862 pdns=1769/0/active/running/ named=0/inactive/dead/ agent=3621/active/ jphase=rolled-back killpid=
15:18:47.441038096 pdns=1769/0/active/running/ named=0/inactive/dead/ agent=3621/active/ jphase=rolled-back killpid=
15:18:47.744389786 pdns=1769/0/active/running/ named=0/inactive/dead/ agent=3621/active/ jphase=rolled-back killpid=
15:18:48.058959568 pdns=1769/0/active/running/ named=0/inactive/dead/ agent=3621/active/ jphase=rolled-back killpid=
15:18:48.390152100 CHANGE journal 2af7b7b6958b7f84672e9156d9d1414f91f6e014e63e8387f3630083bfa0eb24 -> absent
15:18:48.404108409 CHANGE ledger c3c2eb0a3bea8a611c437d951408d8dca35f8c059aeb60fdc32e36c3c5cb9a42 -> 10065385de52e8c9d949b3a123b8f75495e85da2085b6a15bcb3c89aaf9f941a
15:18:48.409483970 pdns=1769/0/active/running/ named=0/inactive/dead/ agent=3621/active/ jphase=absent killpid=
15:18:48.749097260 CHANGE ledger 10065385de52e8c9d949b3a123b8f75495e85da2085b6a15bcb3c89aaf9f941a -> 14c382dee4da2fb529a61b408a4cbbcff5ca2970e2c48b4288d0bc1dfd9c8dc4
15:18:48.754000963 pdns=1769/0/active/running/ named=0/inactive/dead/ agent=3621/active/ jphase=absent killpid=
15:18:49.064915460 CHANGE ledger 14c382dee4da2fb529a61b408a4cbbcff5ca2970e2c48b4288d0bc1dfd9c8dc4 -> 7fa07492ce84e245acaa2fe2b3411c3c7054b91e25f264bddaf30e6feca117b3
15:18:49.070020319 pdns=1769/0/active/running/ named=0/inactive/dead/ agent=3621/active/ jphase=absent killpid=
15:18:49.378198608 CHANGE ledger 7fa07492ce84e245acaa2fe2b3411c3c7054b91e25f264bddaf30e6feca117b3 -> 8151e7bc9deb53256b1182e88a6b777185634a9965bef8866962977b0ce68bbf
15:18:49.383266077 pdns=1769/0/active/running/ named=0/inactive/dead/ agent=3621/active/ jphase=absent killpid=
15:18:49.676649109 CHANGE ledger 8151e7bc9deb53256b1182e88a6b777185634a9965bef8866962977b0ce68bbf -> c47ccd9c00e825deaa8e5a17bac6da97fc89fe9d9ecd01479ce8d33712e33110
15:18:49.683537173 pdns=1769/0/active/running/ named=0/inactive/dead/ agent=3621/active/ jphase=absent killpid=
15:18:49.995366605 CHANGE ledger c47ccd9c00e825deaa8e5a17bac6da97fc89fe9d9ecd01479ce8d33712e33110 -> 4c05c53a694d22bd2044cf13de466a248a1e3e52eb6f5a61b09114e13d69d655
15:18:49.999186121 pdns=1769/0/active/running/ named=0/inactive/dead/ agent=3621/active/ jphase=absent killpid=
15:18:50.315733718 CHANGE ledger 4c05c53a694d22bd2044cf13de466a248a1e3e52eb6f5a61b09114e13d69d655 -> ae82396c1309c99482b68f5ebbf5570d049a9ec1d8beb7db278000bf911a97f5
15:18:50.320236529 pdns=1769/0/active/running/ named=0/inactive/dead/ agent=3621/active/ jphase=absent killpid=
15:18:50.617114755 CHANGE ledger ae82396c1309c99482b68f5ebbf5570d049a9ec1d8beb7db278000bf911a97f5 -> d01e098d97969f1a2618b7730dd34ab00b087364efeba6874f52f3160dc5ffd0
15:18:50.624909970 pdns=1769/0/active/running/ named=0/inactive/dead/ agent=3621/active/ jphase=absent killpid=
15:18:50.939636411 CHANGE ledger d01e098d97969f1a2618b7730dd34ab00b087364efeba6874f52f3160dc5ffd0 -> 6de8b69989f40d26b2bd944b1684b6c98f0e07decf7fced2ceedbe837beae13b
15:18:50.944130891 pdns=1769/0/active/running/ named=0/inactive/dead/ agent=3621/active/ jphase=absent killpid=
15:18:51.264000557 CHANGE journal absent -> 524be0f07aabaa2b0a9ed77978dc438004f7eb21e7872d1f856655923be85d73
15:18:51.280004495 CHANGE ledger 6de8b69989f40d26b2bd944b1684b6c98f0e07decf7fced2ceedbe837beae13b -> 00e630f3376cc7dc93fa1b5c5dbfe721ea77312779eaea188bdaf9b3bd7d5472
15:18:51.285991128 pdns=1769/0/active/running/ named=0/inactive/dead/ agent=3621/active/ jphase=intent killpid=
15:18:51.592385486 CHANGE ledger 00e630f3376cc7dc93fa1b5c5dbfe721ea77312779eaea188bdaf9b3bd7d5472 -> 417219b1f5965b1c0a0bbe06ff5466279ec3757bdd4113f8850ced4164856708
15:18:51.608145787 CHANGE state absent -> 5dfe415aed08d299d34a19c515570bc010d9a041ec64c6b93af72fa4820ec13b
15:18:51.612520211 pdns=1769/0/active/running/ named=0/inactive/dead/ agent=3621/active/ jphase=intent killpid=
15:18:51.913389255 CHANGE ledger 417219b1f5965b1c0a0bbe06ff5466279ec3757bdd4113f8850ced4164856708 -> 02acab9a4381584330965ccb2cb88e5a2993f501003d615a3ed14799465766b8
15:18:51.930706306 pdns=1769/0/active/running/ named=0/inactive/dead/ agent=3621/active/ jphase=intent killpid=
15:18:52.235003151 CHANGE ledger 02acab9a4381584330965ccb2cb88e5a2993f501003d615a3ed14799465766b8 -> b2d739dc9f277fe2d20d54ba69e2a3d4d427a69d61e2795ddb8a9940dafcee86
15:18:52.246517452 pdns=1769/0/active/running/ named=0/inactive/dead/ agent=3621/active/ jphase=intent killpid=
15:18:52.581406068 CHANGE ledger b2d739dc9f277fe2d20d54ba69e2a3d4d427a69d61e2795ddb8a9940dafcee86 -> cf284ad2ece1e2b38d029599252cc90333c81a20874c0c6ea63504c7501db8c7
15:18:52.594694300 pdns=1769/0/active/running/ named=0/inactive/dead/ agent=3621/active/ jphase=intent killpid=
15:18:52.980587378 CHANGE journal 524be0f07aabaa2b0a9ed77978dc438004f7eb21e7872d1f856655923be85d73 -> aa450866fb6070694c122a03ad6945e547e7744af5eea62a07ac1eb0d878c663
15:18:53.000860521 CHANGE ledger cf284ad2ece1e2b38d029599252cc90333c81a20874c0c6ea63504c7501db8c7 -> 9fcaf95c80e71360a2307871e11cc7a2dfdb15e1dbb7602501e592c3db538a68
15:18:53.012448557 pdns=1769/0/active/running/ named=0/inactive/dead/ agent=3621/active/ jphase=committed killpid=
15:18:53.322397539 CHANGE journal aa450866fb6070694c122a03ad6945e547e7744af5eea62a07ac1eb0d878c663 -> 2263a0bbd16ac81e404b6dabee8e435e8de96fed3d4580dae1f8d7698d12ce42
15:18:53.334099957 CHANGE ledger 9fcaf95c80e71360a2307871e11cc7a2dfdb15e1dbb7602501e592c3db538a68 -> 248bd5da7b660d88bec0ed46a7f85d5159ac1b301a4f175633d51f56315b33eb
15:18:53.343976126 pdns=1769/0/active/running/ named=0/inactive/dead/ agent=3621/active/ jphase=committed killpid=
15:18:53.634224445 CHANGE journal 2263a0bbd16ac81e404b6dabee8e435e8de96fed3d4580dae1f8d7698d12ce42 -> absent
15:18:53.647564192 CHANGE ledger 248bd5da7b660d88bec0ed46a7f85d5159ac1b301a4f175633d51f56315b33eb -> 5c86e40fa605b11044e421b634c600941cbdaa9a824022fe504dfedd8fbb5c2f
15:18:53.657766461 pdns=1769/0/active/running/ named=0/inactive/dead/ agent=3621/active/ jphase=absent killpid=
15:18:53.969181330 pdns=1769/0/active/running/ named=0/inactive/dead/ agent=3621/active/ jphase=absent killpid=
15:18:54.316946922 pdns=1769/0/active/running/ named=0/inactive/dead/ agent=3621/active/ jphase=absent killpid=
15:18:54.620651660 pdns=1769/0/active/running/ named=0/inactive/dead/ agent=3621/active/ jphase=absent killpid=
15:18:54.905716687 pdns=1769/0/active/running/ named=0/inactive/dead/ agent=3621/active/ jphase=absent killpid=
15:18:55.190923864 pdns=1769/0/active/running/ named=0/inactive/dead/ agent=3621/active/ jphase=absent killpid=
15:18:55.479668626 pdns=1769/0/active/running/ named=0/inactive/dead/ agent=3621/active/ jphase=absent killpid=
15:18:55.766873358 pdns=1769/0/active/running/ named=0/inactive/dead/ agent=3621/active/ jphase=absent killpid=
15:18:56.061335406 pdns=1769/0/active/running/ named=0/inactive/dead/ agent=3621/active/ jphase=absent killpid=
15:18:56.349316063 pdns=1769/0/active/running/ named=0/inactive/dead/ agent=3621/active/ jphase=absent killpid=
15:18:56.634822145 pdns=1769/0/active/running/ named=0/inactive/dead/ agent=3621/active/ jphase=absent killpid=
15:18:56.918761893 pdns=1769/0/active/running/ named=0/inactive/dead/ agent=3621/active/ jphase=absent killpid=
15:18:57.205599236 pdns=1769/0/active/running/ named=0/inactive/dead/ agent=3621/active/ jphase=absent killpid=
15:18:57.505792782 pdns=1769/0/active/running/ named=0/inactive/dead/ agent=3621/active/ jphase=absent killpid=
15:18:57.796972880 pdns=1769/0/active/running/ named=0/inactive/dead/ agent=3621/active/ jphase=absent killpid=
15:18:58.082553292 pdns=1769/0/active/running/ named=0/inactive/dead/ agent=3621/active/ jphase=absent killpid=
15:18:58.369805121 pdns=1769/0/active/running/ named=0/inactive/dead/ agent=3621/active/ jphase=absent killpid=
15:18:58.658315784 pdns=1769/0/active/running/ named=0/inactive/dead/ agent=3621/active/ jphase=absent killpid=
15:18:58.942528898 pdns=1769/0/active/running/ named=0/inactive/dead/ agent=3621/active/ jphase=absent killpid=
15:18:59.234192959 pdns=1769/0/active/running/ named=0/inactive/dead/ agent=3621/active/ jphase=absent killpid=
15:18:59.531834706 pdns=1769/0/active/running/ named=0/inactive/dead/ agent=3621/active/ jphase=absent killpid=
15:18:59.816901991 pdns=1769/0/active/running/ named=0/inactive/dead/ agent=3621/active/ jphase=absent killpid=
15:19:00.097959564 pdns=1769/0/active/running/ named=0/inactive/dead/ agent=3621/active/ jphase=absent killpid=
15:19:00.384238278 pdns=1769/0/active/running/ named=0/inactive/dead/ agent=3621/active/ jphase=absent killpid=
15:19:00.680051694 pdns=1769/0/active/running/ named=0/inactive/dead/ agent=3621/active/ jphase=absent killpid=
15:19:00.972265470 pdns=1769/0/active/running/ named=0/inactive/dead/ agent=3621/active/ jphase=absent killpid=
15:19:01.258122862 pdns=1769/0/active/running/ named=0/inactive/dead/ agent=3621/active/ jphase=absent killpid=
15:19:01.549072522 pdns=1769/0/active/running/ named=0/inactive/dead/ agent=3621/active/ jphase=absent killpid=
15:19:01.841926573 pdns=1769/0/active/running/ named=0/inactive/dead/ agent=3621/active/ jphase=absent killpid=
15:19:02.126708308 pdns=1769/0/active/running/ named=0/inactive/dead/ agent=3621/active/ jphase=absent killpid=
15:19:02.414304038 pdns=1769/0/active/running/ named=0/inactive/dead/ agent=3621/active/ jphase=absent killpid=
15:19:02.702278015 pdns=1769/0/active/running/ named=0/inactive/dead/ agent=3621/active/ jphase=absent killpid=
15:19:02.986557686 pdns=1769/0/active/running/ named=0/inactive/dead/ agent=3621/active/ jphase=absent killpid=
15:19:03.271815674 pdns=1769/0/active/running/ named=0/inactive/dead/ agent=3621/active/ jphase=absent killpid=
15:19:03.564282217 pdns=1769/0/active/running/ named=0/inactive/dead/ agent=3621/active/ jphase=absent killpid=
15:19:03.868496567 pdns=1769/0/active/running/ named=0/inactive/dead/ agent=3621/active/ jphase=absent killpid=
15:19:04.187353980 pdns=1769/0/active/running/ named=0/inactive/dead/ agent=3621/active/ jphase=absent killpid=
15:19:04.475023563 pdns=1769/0/active/running/ named=0/inactive/dead/ agent=3621/active/ jphase=absent killpid=
15:19:04.768781153 pdns=1769/0/active/running/ named=0/inactive/dead/ agent=3621/active/ jphase=absent killpid=
15:19:05.055012281 pdns=1769/0/active/running/ named=0/inactive/dead/ agent=3621/active/ jphase=absent killpid=
15:19:05.340114601 pdns=1769/0/active/running/ named=0/inactive/dead/ agent=3621/active/ jphase=absent killpid=
15:19:05.624980332 pdns=1769/0/active/running/ named=0/inactive/dead/ agent=3621/active/ jphase=absent killpid=
15:19:05.915590295 pdns=1769/0/active/running/ named=0/inactive/dead/ agent=3621/active/ jphase=absent killpid=
15:19:06.199155714 pdns=1769/0/active/running/ named=0/inactive/dead/ agent=3621/active/ jphase=absent killpid=
15:19:06.498310916 pdns=1769/0/active/running/ named=0/inactive/dead/ agent=3621/active/ jphase=absent killpid=
15:19:06.850009247 pdns=1769/0/active/running/ named=0/inactive/dead/ agent=3621/active/ jphase=absent killpid=
15:19:07.388329141 pdns=1769/0/active/running/ named=0/inactive/dead/ agent=3621/active/ jphase=absent killpid=
15:19:07.700588810 pdns=1769/0/active/running/ named=0/inactive/dead/ agent=3621/active/ jphase=absent killpid=
15:19:07.986343257 pdns=1769/0/active/running/ named=0/inactive/dead/ agent=3621/active/ jphase=absent killpid=
15:19:08.273723498 pdns=1769/0/active/running/ named=0/inactive/dead/ agent=3621/active/ jphase=absent killpid=
15:19:08.566518680 pdns=1769/0/active/running/ named=0/inactive/dead/ agent=3621/active/ jphase=absent killpid=
15:19:08.856275203 pdns=1769/0/active/running/ named=0/inactive/dead/ agent=3621/active/ jphase=absent killpid=
15:19:09.143411238 pdns=1769/0/active/running/ named=0/inactive/dead/ agent=3621/active/ jphase=absent killpid=
15:19:09.435503131 pdns=1769/0/active/running/ named=0/inactive/dead/ agent=3621/active/ jphase=absent killpid=
15:19:09.726948820 pdns=1769/0/active/running/ named=0/inactive/dead/ agent=3621/active/ jphase=absent killpid=
15:19:10.016189220 pdns=1769/0/active/running/ named=0/inactive/dead/ agent=3621/active/ jphase=absent killpid=
15:19:10.314299234 pdns=1769/0/active/running/ named=0/inactive/dead/ agent=3621/active/ jphase=absent killpid=
15:19:10.607227444 pdns=1769/0/active/running/ named=0/inactive/dead/ agent=3621/active/ jphase=absent killpid=
15:19:10.898173245 pdns=1769/0/active/running/ named=0/inactive/dead/ agent=3621/active/ jphase=absent killpid=
15:19:11.185176382 pdns=1769/0/active/running/ named=0/inactive/dead/ agent=3621/active/ jphase=absent killpid=
15:19:11.473633807 pdns=1769/0/active/running/ named=0/inactive/dead/ agent=3621/active/ jphase=absent killpid=
15:19:11.770213775 pdns=1769/0/active/running/ named=0/inactive/dead/ agent=3621/active/ jphase=absent killpid=
15:19:12.068400366 pdns=1769/0/active/running/ named=0/inactive/dead/ agent=3621/active/ jphase=absent killpid=
15:19:12.370047931 pdns=1769/0/active/running/ named=0/inactive/dead/ agent=3621/active/ jphase=absent killpid=
15:19:12.661143792 pdns=1769/0/active/running/ named=0/inactive/dead/ agent=3621/active/ jphase=absent killpid=
15:19:12.952799608 pdns=1769/0/active/running/ named=0/inactive/dead/ agent=3621/active/ jphase=absent killpid=
15:19:13.248572373 pdns=1769/0/active/running/ named=0/inactive/dead/ agent=3621/active/ jphase=absent killpid=
15:19:13.539032627 pdns=1769/0/active/running/ named=0/inactive/dead/ agent=3621/active/ jphase=absent killpid=
15:19:13.824009796 pdns=1769/0/active/running/ named=0/inactive/dead/ agent=3621/active/ jphase=absent killpid=
15:19:14.116033243 pdns=1769/0/active/running/ named=0/inactive/dead/ agent=3621/active/ jphase=absent killpid=
15:19:14.407243589 pdns=1769/0/active/running/ named=0/inactive/dead/ agent=3621/active/ jphase=absent killpid=
15:19:14.701180354 pdns=1769/0/active/running/ named=0/inactive/dead/ agent=3621/active/ jphase=absent killpid=
15:19:14.984965864 pdns=1769/0/active/running/ named=0/inactive/dead/ agent=3621/active/ jphase=absent killpid=
15:19:15.269721839 pdns=1769/0/active/running/ named=0/inactive/dead/ agent=3621/active/ jphase=absent killpid=
15:19:15.561943717 pdns=1769/0/active/running/ named=0/inactive/dead/ agent=3621/active/ jphase=absent killpid=
15:19:15.862906421 pdns=1769/0/active/running/ named=0/inactive/dead/ agent=3621/active/ jphase=absent killpid=
15:19:16.225992160 pdns=1769/0/active/running/ named=0/inactive/dead/ agent=3621/active/ jphase=absent killpid=
15:19:16.522873343 pdns=1769/0/active/running/ named=0/inactive/dead/ agent=3621/active/ jphase=absent killpid=
15:19:16.814064453 pdns=1769/0/active/running/ named=0/inactive/dead/ agent=3621/active/ jphase=absent killpid=
15:19:17.112896414 pdns=1769/0/active/running/ named=0/inactive/dead/ agent=3621/active/ jphase=absent killpid=
15:19:17.408365883 pdns=1769/0/active/running/ named=0/inactive/dead/ agent=3621/active/ jphase=absent killpid=
15:19:17.699703184 pdns=1769/0/active/running/ named=0/inactive/dead/ agent=3621/active/ jphase=absent killpid=
15:19:17.987201493 pdns=1769/0/active/running/ named=0/inactive/dead/ agent=3621/active/ jphase=absent killpid=
15:19:18.280476269 pdns=1769/0/active/running/ named=0/inactive/dead/ agent=3621/active/ jphase=absent killpid=
15:19:18.607138747 pdns=1769/0/active/running/ named=0/inactive/dead/ agent=3621/active/ jphase=absent killpid=
15:19:18.914595164 pdns=1769/0/active/running/ named=0/inactive/dead/ agent=3621/active/ jphase=absent killpid=
15:19:19.224759995 pdns=1769/0/active/running/ named=0/inactive/dead/ agent=3621/active/ jphase=absent killpid=
15:19:19.518810383 pdns=1769/0/active/running/ named=0/inactive/dead/ agent=3621/active/ jphase=absent killpid=
15:19:19.805001316 pdns=1769/0/active/running/ named=0/inactive/dead/ agent=3621/active/ jphase=absent killpid=
15:19:20.090525347 pdns=1769/0/active/running/ named=0/inactive/dead/ agent=3621/active/ jphase=absent killpid=
15:19:20.385698240 pdns=1769/0/active/running/ named=0/inactive/dead/ agent=3621/active/ jphase=absent killpid=
15:19:20.683955790 pdns=1769/0/active/running/ named=0/inactive/dead/ agent=3621/active/ jphase=absent killpid=
15:19:20.980324302 pdns=1769/0/active/running/ named=0/inactive/dead/ agent=3621/active/ jphase=absent killpid=
15:19:21.265158624 pdns=1769/0/active/running/ named=0/inactive/dead/ agent=3621/active/ jphase=absent killpid=
15:19:21.555806110 pdns=1769/0/active/running/ named=0/inactive/dead/ agent=3621/active/ jphase=absent killpid=
15:19:21.840921432 pdns=1769/0/active/running/ named=0/inactive/dead/ agent=3621/active/ jphase=absent killpid=
15:19:22.126379882 pdns=1769/0/active/running/ named=0/inactive/dead/ agent=3621/active/ jphase=absent killpid=
15:19:22.414486941 pdns=1769/0/active/running/ named=0/inactive/dead/ agent=3621/active/ jphase=absent killpid=
15:19:22.701441542 pdns=1769/0/active/running/ named=0/inactive/dead/ agent=3621/active/ jphase=absent killpid=
15:19:22.985933743 pdns=1769/0/active/running/ named=0/inactive/dead/ agent=3621/active/ jphase=absent killpid=
15:19:23.272531906 pdns=1769/0/active/running/ named=0/inactive/dead/ agent=3621/active/ jphase=absent killpid=
15:19:23.562031635 pdns=1769/0/active/running/ named=0/inactive/dead/ agent=3621/active/ jphase=absent killpid=
15:19:23.852535188 pdns=1769/0/active/running/ named=0/inactive/dead/ agent=3621/active/ jphase=absent killpid=
15:19:24.137290880 pdns=1769/0/active/running/ named=0/inactive/dead/ agent=3621/active/ jphase=absent killpid=
15:19:24.481206210 pdns=1769/0/active/running/ named=0/inactive/dead/ agent=3621/active/ jphase=absent killpid=
15:19:24.770143448 pdns=1769/0/active/running/ named=0/inactive/dead/ agent=3621/active/ jphase=absent killpid=
15:19:25.058808855 pdns=1769/0/active/running/ named=0/inactive/dead/ agent=3621/active/ jphase=absent killpid=
15:19:25.347801768 pdns=1769/0/active/running/ named=0/inactive/dead/ agent=3621/active/ jphase=absent killpid=
15:19:25.638855831 pdns=1769/0/active/running/ named=0/inactive/dead/ agent=3621/active/ jphase=absent killpid=
15:19:25.920251220 pdns=1769/0/active/running/ named=0/inactive/dead/ agent=3621/active/ jphase=absent killpid=
15:19:26.205377187 pdns=1769/0/active/running/ named=0/inactive/dead/ agent=3621/active/ jphase=absent killpid=
15:19:26.494008044 pdns=1769/0/active/running/ named=0/inactive/dead/ agent=3621/active/ jphase=absent killpid=
15:19:26.783061216 pdns=1769/0/active/running/ named=0/inactive/dead/ agent=3621/active/ jphase=absent killpid=
15:19:27.073818394 pdns=1769/0/active/running/ named=0/inactive/dead/ agent=3621/active/ jphase=absent killpid=
15:19:27.356630285 pdns=1769/0/active/running/ named=0/inactive/dead/ agent=3621/active/ jphase=absent killpid=
