07:20:07.789873821 CHANGE journal none -> absent
07:20:07.801421392 CHANGE ledger none -> eda1d697b8b9367b2077a032f86cb8157194875588f17e3a4c71ffcdfc9084da
07:20:07.810008458 CHANGE state none -> c9b2050994a7c30bbd70c2d74a916d1ccaebb1f8f37ad2c4be5849f00a6a3e0f
07:20:07.811689878 pdns=3076/0/active/running/ named=0/inactive/dead/ agent=0/inactive/ jphase=absent killpid=
07:20:08.113473488 pdns=3076/0/active/running/ named=0/inactive/dead/ agent=0/inactive/ jphase=absent killpid=
07:20:08.454021162 pdns=3076/0/active/running/ named=0/inactive/dead/ agent=0/inactive/ jphase=absent killpid=3861,
07:20:08.754419038 CHANGE ledger eda1d697b8b9367b2077a032f86cb8157194875588f17e3a4c71ffcdfc9084da -> e5a278b8babce9fe22906fe8177843d4d24a1fcc70b2911a5b3b0a19624bf146
07:20:08.760867280 pdns=3076/0/active/running/ named=0/inactive/dead/ agent=0/inactive/ jphase=absent killpid=3861,
07:20:09.058254822 CHANGE ledger e5a278b8babce9fe22906fe8177843d4d24a1fcc70b2911a5b3b0a19624bf146 -> 3f852e04f516932c78cb57e95e32669c73d505a1b14c618350c3426e468a7027
07:20:09.063335174 pdns=3076/0/active/running/ named=0/inactive/dead/ agent=0/inactive/ jphase=absent killpid=3861,
07:20:09.358602726 CHANGE ledger 3f852e04f516932c78cb57e95e32669c73d505a1b14c618350c3426e468a7027 -> 4d8a7d43a62af832cd051b393c4d3f5bbf3de45681d1782e565022a508105550
07:20:09.364838508 pdns=3076/0/active/running/ named=0/inactive/dead/ agent=0/inactive/ jphase=absent killpid=3861,4183,
07:20:09.662563274 CHANGE ledger 4d8a7d43a62af832cd051b393c4d3f5bbf3de45681d1782e565022a508105550 -> 0b84cdbe772bc074de857d5890922ad9368ff86b57a4980523068cca51d191cf
07:20:09.667732262 pdns=3076/0/active/running/ named=0/inactive/dead/ agent=0/inactive/ jphase=absent killpid=3861,
07:20:09.958744625 CHANGE ledger 0b84cdbe772bc074de857d5890922ad9368ff86b57a4980523068cca51d191cf -> e79990f9a24405ea110f1e1c0d8f1348e4ad90f75b27c399b1500ab8f786f5cb
07:20:09.964517710 pdns=3076/0/active/running/ named=0/inactive/dead/ agent=0/inactive/ jphase=absent killpid=3861,4357,
07:20:10.256978329 CHANGE ledger e79990f9a24405ea110f1e1c0d8f1348e4ad90f75b27c399b1500ab8f786f5cb -> 3ec5e60a648a17d5ac9d190a3708d03a46c1185faae92f80dbfcbe8b2c68a126
07:20:10.264938688 pdns=3076/0/active/running/ named=0/inactive/dead/ agent=0/inactive/ jphase=absent killpid=3861,4428,
07:20:10.572405243 CHANGE ledger 3ec5e60a648a17d5ac9d190a3708d03a46c1185faae92f80dbfcbe8b2c68a126 -> 3c90672f8b779e7f5f00bc632483ae6156cb98010db4270a2c80b992c8261e0f
07:20:10.579873724 pdns=3076/0/active/running/ named=0/inactive/dead/ agent=0/inactive/ jphase=absent killpid=3861,4516,
07:20:10.882035973 CHANGE ledger 3c90672f8b779e7f5f00bc632483ae6156cb98010db4270a2c80b992c8261e0f -> 9279f1a6280def123be2643a7d2d1433f30bedd0c8efdf3b18d94a6c9a29a947
07:20:10.888104920 pdns=3076/0/active/running/ named=0/inactive/dead/ agent=0/inactive/ jphase=absent killpid=3861,4516,
07:20:11.181696548 pdns=3076/0/active/running/ named=0/inactive/dead/ agent=0/inactive/ jphase=absent killpid=3861,4516,
07:20:11.472557651 pdns=3076/0/active/running/ named=0/inactive/dead/ agent=0/inactive/ jphase=absent killpid=3861,4516,
07:20:11.758383478 pdns=3076/0/active/running/ named=0/inactive/dead/ agent=0/inactive/ jphase=absent killpid=3861,4516,
07:20:12.047512214 pdns=3076/0/active/running/ named=0/inactive/dead/ agent=0/inactive/ jphase=absent killpid=3861,4516,
07:20:12.329861452 pdns=3076/0/active/running/ named=0/inactive/dead/ agent=0/inactive/ jphase=absent killpid=3861,4516,
07:20:12.611032895 pdns=3076/0/active/running/ named=0/inactive/dead/ agent=0/inactive/ jphase=absent killpid=3861,4516,
07:20:12.899255195 pdns=3076/0/active/running/ named=0/inactive/dead/ agent=0/inactive/ jphase=absent killpid=3861,4516,
07:20:13.180047377 pdns=3076/0/active/running/ named=0/inactive/dead/ agent=0/inactive/ jphase=absent killpid=3861,4516,
07:20:13.587763552 CHANGE ledger 9279f1a6280def123be2643a7d2d1433f30bedd0c8efdf3b18d94a6c9a29a947 -> c52e2786bfaa7d935611ae9a0c46744aaf0a80b74610459c76acd4a3f5129888
07:20:13.593989286 pdns=3076/0/active/running/ named=0/inactive/dead/ agent=0/inactive/ jphase=absent killpid=3861,4516,
07:20:13.900540850 pdns=3076/0/active/running/ named=0/inactive/dead/ agent=0/inactive/ jphase=absent killpid=3861,4516,
07:20:14.273504983 pdns=3076/0/active/running/ named=0/inactive/dead/ agent=0/inactive/ jphase=absent killpid=3861,4516,
07:20:14.568368589 pdns=3076/0/active/running/ named=0/inactive/dead/ agent=0/inactive/ jphase=absent killpid=3861,4516,
07:20:14.869153209 pdns=3076/0/active/running/ named=0/inactive/dead/ agent=0/inactive/ jphase=absent killpid=3861,4516,
07:20:15.173981991 pdns=3076/0/active/running/ named=0/inactive/dead/ agent=0/inactive/ jphase=absent killpid=3861,
07:20:15.473753475 CHANGE ledger c52e2786bfaa7d935611ae9a0c46744aaf0a80b74610459c76acd4a3f5129888 -> 405008c2ebef20d9657849493c8f97a1293d023f2ee86e44e7288e936ea98702
07:20:15.479820068 pdns=3076/0/active/running/ named=0/inactive/dead/ agent=0/inactive/ jphase=absent killpid=3861,5360,
07:20:15.980750751 CHANGE ledger 405008c2ebef20d9657849493c8f97a1293d023f2ee86e44e7288e936ea98702 -> a470b715ad6f127a54a96d1f2eaf347f4545ddeb390737f478ef3bcb51dcf205
07:20:15.985831302 pdns=3076/0/active/running/ named=0/inactive/dead/ agent=0/inactive/ jphase=absent killpid=3861,5481,
07:20:16.479687247 CHANGE ledger a470b715ad6f127a54a96d1f2eaf347f4545ddeb390737f478ef3bcb51dcf205 -> 010d24bfa85736b903170f84df255a90706626e277d4f3e0b31303ca8fb580ae
07:20:16.485539242 pdns=3076/0/active/running/ named=0/inactive/dead/ agent=0/inactive/ jphase=absent killpid=3861,
07:20:16.785757880 CHANGE ledger 010d24bfa85736b903170f84df255a90706626e277d4f3e0b31303ca8fb580ae -> ab34704aafea020aa0d8799adeca7dac7e5a7ae837f4009f91ac0e6e8bbe5ff9
07:20:16.793803044 pdns=3076/0/active/running/ named=0/inactive/dead/ agent=0/inactive/ jphase=absent killpid=3861,5693,
07:20:17.082952069 CHANGE ledger ab34704aafea020aa0d8799adeca7dac7e5a7ae837f4009f91ac0e6e8bbe5ff9 -> 43304414178a5b321ee30eddcba531e7a1c941ce0fc740a8155bb0faf053307d
07:20:17.090390614 pdns=3076/0/active/running/ named=0/inactive/dead/ agent=0/inactive/ jphase=absent killpid=3861,
07:20:17.404757410 CHANGE ledger 43304414178a5b321ee30eddcba531e7a1c941ce0fc740a8155bb0faf053307d -> f081fe5a352c2378b876481b0b049803f4cc3acf1c733bd65ad8539031e84ea3
07:20:17.411169447 pdns=3076/0/active/running/ named=0/inactive/dead/ agent=0/inactive/ jphase=absent killpid=3861,
07:20:17.707966889 CHANGE ledger f081fe5a352c2378b876481b0b049803f4cc3acf1c733bd65ad8539031e84ea3 -> 7dd8007dcc27c08f42ddd9fe53b063ee4dbddbf54747ce8a5cf113412f1847f2
07:20:17.715440851 pdns=3076/0/active/running/ named=0/inactive/dead/ agent=0/inactive/ jphase=absent killpid=3861,
07:20:18.039198996 CHANGE ledger 7dd8007dcc27c08f42ddd9fe53b063ee4dbddbf54747ce8a5cf113412f1847f2 -> 1d993cb49e88bd1e169169b6480b2ac28ec6f4da1f3decfb853208075f095b2e
07:20:18.047126961 pdns=3076/0/active/running/ named=0/inactive/dead/ agent=0/inactive/ jphase=absent killpid=3861,
07:20:18.344697298 CHANGE ledger 1d993cb49e88bd1e169169b6480b2ac28ec6f4da1f3decfb853208075f095b2e -> 2ee9dfec871758a4037c83ee29323dca754942482bb16d3303c9daab5b1c87ca
07:20:18.350542627 pdns=3076/0/active/running/ named=0/inactive/dead/ agent=0/inactive/ jphase=absent killpid=3861,
07:20:18.662226822 CHANGE ledger 2ee9dfec871758a4037c83ee29323dca754942482bb16d3303c9daab5b1c87ca -> 27cdc852677e18923eb1b18cac22b5272df3eae3914e28ff7626109288574d71
07:20:18.669641136 pdns=3076/0/active/running/ named=0/inactive/dead/ agent=0/inactive/ jphase=absent killpid=3861,
07:20:18.984745309 CHANGE ledger 27cdc852677e18923eb1b18cac22b5272df3eae3914e28ff7626109288574d71 -> 2559e6a693b6bf416ec83d664705526f6fff1b8ea74f2bbdde7ecb9f9bf664df
07:20:18.993020042 pdns=3076/0/active/running/ named=0/inactive/dead/ agent=0/inactive/ jphase=absent killpid=3861,
07:20:19.302299557 CHANGE journal absent -> 58111a61044c61a388541af089036ca4b4a818530e03ad76f3c5855921e32b8d
07:20:19.316579018 CHANGE ledger 2559e6a693b6bf416ec83d664705526f6fff1b8ea74f2bbdde7ecb9f9bf664df -> bf6734387283997b83a1b348681da5f468a3d0031020999582d85ace6d86db26
07:20:19.326438882 pdns=3076/0/active/running/ named=0/inactive/dead/ agent=6516/active/ jphase=intent killpid=
07:20:19.731346849 CHANGE journal 58111a61044c61a388541af089036ca4b4a818530e03ad76f3c5855921e32b8d -> cc74eaa0c47f120ca28658830ad60b62dca456dde54d74eb77fe670d79c28f5d
07:20:19.749241984 CHANGE ledger bf6734387283997b83a1b348681da5f468a3d0031020999582d85ace6d86db26 -> ae118d508cd2310794bd4be1ee345efaa73153d494724e303db2481900fe0067
07:20:19.756039571 pdns=3076/0/active/running/ named=0/inactive/dead/ agent=6516/active/ jphase=rolling-back killpid=
07:20:20.057953433 pdns=3076/0/active/running/ named=0/inactive/dead/ agent=6516/active/ jphase=rolling-back killpid=
07:20:20.355117830 pdns=3076/0/active/running/ named=0/inactive/dead/ agent=6516/active/ jphase=rolling-back killpid=
07:20:20.665146737 pdns=3076/0/active/running/ named=0/inactive/dead/ agent=6516/active/ jphase=rolling-back killpid=
07:20:20.982084113 pdns=3076/0/active/running/ named=0/inactive/dead/ agent=6516/active/ jphase=rolling-back killpid=
07:20:21.281902660 pdns=3076/0/active/running/ named=0/inactive/dead/ agent=6516/active/ jphase=rolling-back killpid=
07:20:21.573483133 pdns=3076/0/active/running/ named=0/inactive/dead/ agent=6516/active/ jphase=rolling-back killpid=
07:20:21.870107786 pdns=3076/0/active/running/ named=0/inactive/dead/ agent=6516/active/ jphase=rolling-back killpid=
07:20:22.153066637 pdns=3076/0/active/running/ named=0/inactive/dead/ agent=6516/active/ jphase=rolling-back killpid=
07:20:22.431677817 pdns=3076/0/active/running/ named=0/inactive/dead/ agent=6516/active/ jphase=rolling-back killpid=
07:20:22.704689824 pdns=3076/0/active/running/ named=0/inactive/dead/ agent=6516/active/ jphase=rolling-back killpid=
07:20:22.978720926 pdns=3076/0/active/running/ named=0/inactive/dead/ agent=6516/active/ jphase=rolling-back killpid=
07:20:23.259524234 pdns=3076/0/active/running/ named=0/inactive/dead/ agent=6516/active/ jphase=rolling-back killpid=
07:20:23.536845787 pdns=3076/0/active/running/ named=0/inactive/dead/ agent=6516/active/ jphase=rolling-back killpid=
07:20:23.810538581 pdns=3076/0/active/running/ named=0/inactive/dead/ agent=6516/active/ jphase=rolling-back killpid=
07:20:24.082381556 pdns=3076/0/active/running/ named=0/inactive/dead/ agent=6516/active/ jphase=rolling-back killpid=
07:20:24.362263665 pdns=3076/0/active/running/ named=0/inactive/dead/ agent=6516/active/ jphase=rolling-back killpid=
07:20:24.640420780 pdns=3076/0/active/running/ named=0/inactive/dead/ agent=6516/active/ jphase=rolling-back killpid=
07:20:24.912419173 pdns=3076/0/active/running/ named=0/inactive/dead/ agent=6516/active/ jphase=rolling-back killpid=
07:20:25.186814795 pdns=3076/0/active/running/ named=0/inactive/dead/ agent=6516/active/ jphase=rolling-back killpid=
07:20:25.469096732 pdns=3076/0/active/running/ named=0/inactive/dead/ agent=6516/active/ jphase=rolling-back killpid=
07:20:25.744932764 pdns=3076/0/active/running/ named=0/inactive/dead/ agent=6516/active/ jphase=rolling-back killpid=
07:20:26.026638275 pdns=3076/0/active/running/ named=0/inactive/dead/ agent=6516/active/ jphase=rolling-back killpid=
07:20:26.305213713 pdns=3076/0/active/running/ named=0/inactive/dead/ agent=6516/active/ jphase=rolling-back killpid=
07:20:26.599414259 pdns=3076/0/active/running/ named=0/inactive/dead/ agent=6516/active/ jphase=rolling-back killpid=
07:20:26.872706719 pdns=3076/0/active/running/ named=0/inactive/dead/ agent=6516/active/ jphase=rolling-back killpid=
07:20:27.150803146 pdns=3076/0/active/running/ named=0/inactive/dead/ agent=6516/active/ jphase=rolling-back killpid=
07:20:27.430256462 pdns=3076/0/active/running/ named=0/inactive/dead/ agent=6516/active/ jphase=rolling-back killpid=
07:20:27.704664999 pdns=3076/0/active/running/ named=0/inactive/dead/ agent=6516/active/ jphase=rolling-back killpid=
07:20:27.978827101 pdns=3076/0/active/running/ named=0/inactive/dead/ agent=6516/active/ jphase=rolling-back killpid=
07:20:28.252812459 pdns=3076/0/active/running/ named=0/inactive/dead/ agent=6516/active/ jphase=rolling-back killpid=
07:20:28.529866903 pdns=3076/0/active/running/ named=0/inactive/dead/ agent=6516/active/ jphase=rolling-back killpid=
07:20:28.802521936 pdns=3076/0/active/running/ named=0/inactive/dead/ agent=6516/active/ jphase=rolling-back killpid=
07:20:29.075885558 pdns=3076/0/active/running/ named=0/inactive/dead/ agent=6516/active/ jphase=rolling-back killpid=
07:20:29.349070277 pdns=3076/0/active/running/ named=0/inactive/dead/ agent=6516/active/ jphase=rolling-back killpid=
07:20:29.625792641 pdns=3076/0/active/running/ named=0/inactive/dead/ agent=6516/active/ jphase=rolling-back killpid=
07:20:29.908932831 pdns=3076/0/active/running/ named=0/inactive/dead/ agent=6516/active/ jphase=rolling-back killpid=
07:20:30.197671997 pdns=3076/0/active/running/ named=0/inactive/dead/ agent=6516/active/ jphase=rolling-back killpid=
07:20:30.482839656 pdns=3076/0/active/running/ named=0/inactive/dead/ agent=6516/active/ jphase=rolling-back killpid=
07:20:30.766532702 pdns=3076/0/active/running/ named=0/inactive/dead/ agent=6516/active/ jphase=rolling-back killpid=
07:20:31.047956990 pdns=3076/0/active/running/ named=0/inactive/dead/ agent=6516/active/ jphase=rolling-back killpid=
07:20:31.327103560 pdns=3076/0/active/running/ named=0/inactive/dead/ agent=6516/active/ jphase=rolling-back killpid=
07:20:31.600555071 pdns=3076/0/active/running/ named=0/inactive/dead/ agent=6516/active/ jphase=rolling-back killpid=
07:20:31.875692813 pdns=3076/0/active/running/ named=0/inactive/dead/ agent=6516/active/ jphase=rolling-back killpid=
07:20:32.151676837 pdns=3076/0/active/running/ named=0/inactive/dead/ agent=6516/active/ jphase=rolling-back killpid=
07:20:32.439019461 pdns=3076/0/active/running/ named=0/inactive/dead/ agent=6516/active/ jphase=rolling-back killpid=
07:20:32.712930591 pdns=3076/0/active/running/ named=0/inactive/dead/ agent=6516/active/ jphase=rolling-back killpid=
07:20:32.986567811 pdns=3076/0/active/running/ named=0/inactive/dead/ agent=6516/active/ jphase=rolling-back killpid=
07:20:33.263327428 pdns=3076/0/active/running/ named=0/inactive/dead/ agent=6516/active/ jphase=rolling-back killpid=
07:20:33.543333485 pdns=3076/0/active/running/ named=0/inactive/dead/ agent=6516/active/ jphase=rolling-back killpid=
07:20:33.822255656 pdns=3076/0/active/running/ named=0/inactive/dead/ agent=6516/active/ jphase=rolling-back killpid=
07:20:34.097941858 pdns=3076/0/active/running/ named=0/inactive/dead/ agent=6516/active/ jphase=rolling-back killpid=
07:20:34.393194404 pdns=3076/0/active/running/ named=0/inactive/dead/ agent=6516/active/ jphase=rolling-back killpid=
07:20:34.686761318 pdns=3076/0/active/running/ named=0/inactive/dead/ agent=6516/active/ jphase=rolling-back killpid=
07:20:35.005168698 pdns=3076/0/active/running/ named=0/inactive/dead/ agent=6516/active/ jphase=rolling-back killpid=
07:20:35.311622594 pdns=3076/0/active/running/ named=0/inactive/dead/ agent=6516/active/ jphase=rolling-back killpid=
07:20:35.587985408 pdns=3076/0/active/running/ named=0/inactive/dead/ agent=6516/active/ jphase=rolling-back killpid=
07:20:35.862541352 pdns=3076/0/active/running/ named=0/inactive/dead/ agent=6516/active/ jphase=rolling-back killpid=
07:20:36.144543501 pdns=3076/0/active/running/ named=0/inactive/dead/ agent=6516/active/ jphase=rolling-back killpid=
07:20:36.443626003 pdns=3076/0/active/running/ named=0/inactive/dead/ agent=6516/active/ jphase=rolling-back killpid=
07:20:36.716681312 pdns=3076/0/active/running/ named=0/inactive/dead/ agent=6516/active/ jphase=rolling-back killpid=
07:20:36.991199463 pdns=3076/0/active/running/ named=0/inactive/dead/ agent=6516/active/ jphase=rolling-back killpid=
07:20:37.269580896 pdns=3076/0/active/running/ named=0/inactive/dead/ agent=6516/active/ jphase=rolling-back killpid=
07:20:37.550962481 pdns=3076/0/active/running/ named=0/inactive/dead/ agent=6516/active/ jphase=rolling-back killpid=
07:20:37.825457015 pdns=3076/0/active/running/ named=0/inactive/dead/ agent=6516/active/ jphase=rolling-back killpid=
07:20:38.098885809 pdns=3076/0/active/running/ named=0/inactive/dead/ agent=6516/active/ jphase=rolling-back killpid=
07:20:38.378282465 pdns=3076/0/active/running/ named=0/inactive/dead/ agent=6516/active/ jphase=rolling-back killpid=
07:20:38.656444332 pdns=3076/0/active/running/ named=0/inactive/dead/ agent=6516/active/ jphase=rolling-back killpid=
07:20:38.935186366 pdns=3076/0/active/running/ named=0/inactive/dead/ agent=6516/active/ jphase=rolling-back killpid=
07:20:39.213133754 pdns=3076/0/active/running/ named=0/inactive/dead/ agent=6516/active/ jphase=rolling-back killpid=
07:20:39.490903449 pdns=3076/0/active/running/ named=0/inactive/dead/ agent=6516/active/ jphase=rolling-back killpid=
07:20:39.767633542 pdns=3076/0/active/running/ named=0/inactive/dead/ agent=6516/active/ jphase=rolling-back killpid=
07:20:40.045168863 pdns=3076/0/active/running/ named=0/inactive/dead/ agent=6516/active/ jphase=rolling-back killpid=
07:20:40.322815217 pdns=3076/0/active/running/ named=0/inactive/dead/ agent=6516/active/ jphase=rolling-back killpid=
07:20:40.599547152 pdns=3076/0/active/running/ named=0/inactive/dead/ agent=6516/active/ jphase=rolling-back killpid=
07:20:40.871977226 pdns=3076/0/active/running/ named=0/inactive/dead/ agent=6516/active/ jphase=rolling-back killpid=
07:20:41.151480519 pdns=3076/0/active/running/ named=0/inactive/dead/ agent=6516/active/ jphase=rolling-back killpid=
07:20:41.433077234 pdns=3076/0/active/running/ named=0/inactive/dead/ agent=6516/active/ jphase=rolling-back killpid=
07:20:41.710924032 pdns=3076/0/active/running/ named=0/inactive/dead/ agent=6516/active/ jphase=rolling-back killpid=
07:20:41.985041269 pdns=3076/0/active/running/ named=0/inactive/dead/ agent=6516/active/ jphase=rolling-back killpid=
07:20:42.263084720 pdns=3076/0/active/running/ named=0/inactive/dead/ agent=6516/active/ jphase=rolling-back killpid=
07:20:42.538734380 pdns=3076/0/active/running/ named=0/inactive/dead/ agent=6516/active/ jphase=rolling-back killpid=
07:20:42.811869166 pdns=3076/0/active/running/ named=0/inactive/dead/ agent=6516/active/ jphase=rolling-back killpid=
07:20:43.086021284 pdns=3076/0/active/running/ named=0/inactive/dead/ agent=6516/active/ jphase=rolling-back killpid=
07:20:43.363350502 pdns=3076/0/active/running/ named=0/inactive/dead/ agent=6516/active/ jphase=rolling-back killpid=
07:20:43.635274495 pdns=3076/0/active/running/ named=0/inactive/dead/ agent=6516/active/ jphase=rolling-back killpid=
07:20:43.912209914 pdns=3076/0/active/running/ named=0/inactive/dead/ agent=6516/active/ jphase=rolling-back killpid=
07:20:44.391758975 pdns=3076/0/active/running/ named=0/inactive/dead/ agent=6516/active/ jphase=rolling-back killpid=
07:20:45.546806240 pdns=3076/0/active/running/ named=0/inactive/dead/ agent=6516/active/ jphase=rolling-back killpid=
07:20:45.827058440 pdns=3076/0/active/running/ named=0/inactive/dead/ agent=6516/active/ jphase=rolling-back killpid=
07:20:46.098803738 pdns=3076/0/active/running/ named=0/inactive/dead/ agent=6516/active/ jphase=rolling-back killpid=
07:20:46.378694190 pdns=3076/0/active/running/ named=0/inactive/dead/ agent=6516/active/ jphase=rolling-back killpid=
07:20:46.654663447 pdns=3076/0/active/running/ named=0/inactive/dead/ agent=6516/active/ jphase=rolling-back killpid=
07:20:46.930981498 pdns=3076/0/active/running/ named=0/inactive/dead/ agent=6516/active/ jphase=rolling-back killpid=
07:20:47.212773799 pdns=3076/0/active/running/ named=0/inactive/dead/ agent=6516/active/ jphase=rolling-back killpid=
07:20:47.487892470 pdns=3076/0/active/running/ named=0/inactive/dead/ agent=6516/active/ jphase=rolling-back killpid=
07:20:47.765959396 pdns=3076/0/active/running/ named=0/inactive/dead/ agent=6516/active/ jphase=rolling-back killpid=
07:20:48.042256682 pdns=3076/0/active/running/ named=0/inactive/dead/ agent=6516/active/ jphase=rolling-back killpid=
07:20:48.316757535 pdns=3076/0/active/running/ named=0/inactive/dead/ agent=6516/active/ jphase=rolling-back killpid=
07:20:48.590195951 pdns=3076/0/active/running/ named=0/inactive/dead/ agent=6516/active/ jphase=rolling-back killpid=
07:20:48.861838866 pdns=3076/0/active/running/ named=0/inactive/dead/ agent=6516/active/ jphase=rolling-back killpid=
07:20:49.134907521 pdns=3076/0/active/running/ named=0/inactive/dead/ agent=6516/active/ jphase=rolling-back killpid=
07:20:49.416730734 pdns=3076/0/active/running/ named=0/inactive/dead/ agent=6516/active/ jphase=rolling-back killpid=
07:20:49.690695256 pdns=3076/0/active/running/ named=0/inactive/dead/ agent=6516/active/ jphase=rolling-back killpid=
07:20:50.004606760 pdns=3076/0/active/running/ named=0/inactive/dead/ agent=6516/active/ jphase=rolling-back killpid=
07:20:50.607450150 pdns=3076/0/active/running/ named=0/inactive/dead/ agent=6516/active/ jphase=rolling-back killpid=
07:20:51.591928131 pdns=3076/0/active/running/ named=0/inactive/dead/ agent=6516/active/ jphase=rolling-back killpid=
07:20:51.868702537 pdns=3076/0/active/running/ named=0/inactive/dead/ agent=6516/active/ jphase=rolling-back killpid=
07:20:52.152539057 pdns=3076/0/active/running/ named=0/inactive/dead/ agent=6516/active/ jphase=rolling-back killpid=
07:20:52.447767227 pdns=3076/0/active/running/ named=0/inactive/dead/ agent=6516/active/ jphase=rolling-back killpid=
done
