### collect 2026-09-30T01:12:42.822444899Z
last watcher dir: /var/tmp/cp-b9-watch
request id: 076c692ac1346f2b9c6a0df468b0e9aa
ownerpost rc=0
smstatus rc=0
probe rc=0
pdnsdb rc=0
notifycap rc=0
bindsec rc=0
peer journal rc=0
peerloop rc=0 lines=100
cell directory: /var/tmp/cp-b9-1001/r1/cells/7392457812ac089a866de6ec
total 12
drwx------ 2 root root 4096 Sep 30 04:10 .
drwxr-xr-x 3 root root 4096 Sep 30 04:13 ..
-rw------- 1 root root 1396 Sep 30 04:10 peer-verdict.json
01:09:30.907991031 CHANGE pdnsdb 91fe2fdb69b8a70792999e9306200aee214a73f5957518082c5fd7c0f5f4dcc4 -> d3b3e34aebdb7ae1da1b01dda034fdcc7000c96a41144a7403cdb1cd9eac979b pdns=3998/active/
01:09:31.438424485 CHANGE pdnsdb d3b3e34aebdb7ae1da1b01dda034fdcc7000c96a41144a7403cdb1cd9eac979b -> bd0d22ad2ad300e3b63857f3a31582afe9150d2b5eb12f663f303524a7df89e6 pdns=3998/active/
done
tar rc=0 size=1566720
