### 2026-09-30T01:06:24.554Z start-cell z03-zero-committed pdns-switch__committed__after-write__paired-primary__peer-reachable node=debian13 peer=arch fixture=uninitialized root=/var/tmp/cp-b9-1001/r1 gateprobe=0 flags=--zero-zones
### 2026-09-30T01:06:24.558Z prepare
### 2026-09-30T01:06:25.548Z early-admission-dry-run
### 2026-09-30T01:06:25.680Z start
### 2026-09-30T01:06:25.976Z wait-ssh
### 2026-09-30T01:07:22.606Z guest-identity
### 2026-09-30T01:07:23.357Z install
### 2026-09-30T01:07:32.409Z enroll-recovery-runtime
### 2026-09-30T01:07:39.854Z native-bind-secondary-prepare
### 2026-09-30T01:08:24.907Z prepare-pdns-switch zero_zones_flag=--zero-zones
### 2026-09-30T01:08:25.952Z pre-run-snapshot
### 2026-09-30T01:09:15.246Z start-peer-dns-sampler
Running as unit: cp-b9-peerloop1.service; invocation ID: 830b3d786a2c4b85a3fdc1d0138fe27e
peerloop1 start rc=0
### 2026-09-30T01:09:15.829Z start-watcher
Running as unit: cp-b9-watch.service; invocation ID: 5521673593cf406c9d39a862f1222d1e
### 2026-09-30T01:09:16.503Z start-dbwatch
Running as unit: cp-b9-dbwatch.service; invocation ID: f9b00e58038341648df8b68771c2e5f9
### 2026-09-30T01:09:17.585Z prepared-ok
### 2026-09-30T01:09:17.591Z run-prepared-dry-run flags=--zero-zones
### 2026-09-30T01:09:17.712Z run-prepared
RUN_PREPARED_RC=0
### 2026-09-30T01:10:12.801Z done-run rc=0
### 2026-09-30T01:10:12.807Z capture hold 150s before collect (samplers keep running; read-only; batch 9 addition for the 60 s re-stamp question)
