14:41:44.584561656 CHANGE journal none -> absent
14:41:44.597367430 CHANGE ledger none -> 53c8e555fc75b0557c57afcc2b8c8727b7eae6cbffd1087380ac91edc04f9b41
14:41:44.605386828 CHANGE state none -> 98f5fd3cb0f9911da66f1f5016885fd37522d486350f50ce8096a4396d10ad0e
14:41:44.610112597 POINTER /var/cache/bind/celikpanel mtime=2026-09-29 14:40:49.531022613 +0000 ino=131583 /var/cache/bind/celikpanel/current mtime=2026-09-29 14:40:49.531022613 +0000 ino=131594 -> '/var/cache/bind/celikpanel/current' -> 'generations/a6e189e7e07ccd1eb5cbfdc82b8d5f3c8e53b777041dd169c6b77a56be08c47f' 
14:41:44.611670060 pdns=0/0/inactive/dead/ named=656/active/running/ agent=638/active/ jphase=absent killpid=
14:41:44.955581680 pdns=0/0/inactive/dead/ named=656/active/running/ agent=638/active/ jphase=absent killpid=
14:41:45.230532162 pdns=0/0/inactive/dead/ named=656/active/running/ agent=638/active/ jphase=absent killpid=
14:41:45.499764509 pdns=0/0/inactive/dead/ named=656/active/running/ agent=638/active/ jphase=absent killpid=
14:41:45.767700949 pdns=0/0/inactive/dead/ named=656/active/running/ agent=638/active/ jphase=absent killpid=
14:41:46.037202055 pdns=0/0/inactive/dead/ named=656/active/running/ agent=638/active/ jphase=absent killpid=
14:41:46.305331862 pdns=0/0/inactive/dead/ named=656/active/running/ agent=638/active/ jphase=absent killpid=
14:41:46.579980612 pdns=0/0/inactive/dead/ named=656/active/running/ agent=638/active/ jphase=absent killpid=
14:41:46.864794336 pdns=0/0/inactive/dead/ named=656/active/running/ agent=638/active/ jphase=absent killpid=
14:41:47.149645853 pdns=0/0/inactive/dead/ named=656/active/running/ agent=638/active/ jphase=absent killpid=
14:41:47.463495126 pdns=0/0/inactive/dead/ named=656/active/running/ agent=638/active/ jphase=absent killpid=
14:41:47.756653587 pdns=0/0/inactive/dead/ named=656/active/running/ agent=638/active/ jphase=absent killpid=
14:41:48.040744140 pdns=0/0/inactive/dead/ named=656/active/running/ agent=638/active/ jphase=absent killpid=
14:41:48.316175602 pdns=0/0/inactive/dead/ named=656/active/running/ agent=638/active/ jphase=absent killpid=
14:41:48.603969962 pdns=0/0/inactive/dead/ named=656/active/running/ agent=638/active/ jphase=absent killpid=
14:41:48.881429841 pdns=0/0/inactive/dead/ named=656/active/running/ agent=638/active/ jphase=absent killpid=
14:41:49.160603934 pdns=0/0/inactive/dead/ named=656/active/running/ agent=638/active/ jphase=absent killpid=
14:41:49.437379937 pdns=0/0/inactive/dead/ named=656/active/running/ agent=638/active/ jphase=absent killpid=
14:41:49.716311711 pdns=0/0/inactive/dead/ named=656/active/running/ agent=638/active/ jphase=absent killpid=
14:41:50.000044121 pdns=0/0/inactive/dead/ named=656/active/running/ agent=638/active/ jphase=absent killpid=
14:41:50.290306252 pdns=0/0/inactive/dead/ named=656/active/running/ agent=638/active/ jphase=absent killpid=
14:41:50.571966264 pdns=0/0/inactive/dead/ named=656/active/running/ agent=638/active/ jphase=absent killpid=
14:41:50.849776579 pdns=0/0/inactive/dead/ named=656/active/running/ agent=638/active/ jphase=absent killpid=
14:41:51.127456820 pdns=0/0/inactive/dead/ named=656/active/running/ agent=638/active/ jphase=absent killpid=
14:41:51.415550459 pdns=0/0/inactive/dead/ named=656/active/running/ agent=638/active/ jphase=absent killpid=
14:41:51.689810398 pdns=0/0/inactive/dead/ named=656/active/running/ agent=638/active/ jphase=absent killpid=
14:41:51.973947455 pdns=0/0/inactive/dead/ named=656/active/running/ agent=638/active/ jphase=absent killpid=
14:41:52.264188569 pdns=0/0/inactive/dead/ named=656/active/running/ agent=638/active/ jphase=absent killpid=
14:41:52.597832175 pdns=0/0/inactive/dead/ named=656/active/running/ agent=638/active/ jphase=absent killpid=
14:41:52.880291276 pdns=0/0/inactive/dead/ named=656/active/running/ agent=638/active/ jphase=absent killpid=
14:41:53.153153084 pdns=0/0/inactive/dead/ named=656/active/running/ agent=638/active/ jphase=absent killpid=
14:41:53.426936930 pdns=0/0/inactive/dead/ named=656/active/running/ agent=638/active/ jphase=absent killpid=
14:41:53.712005160 pdns=0/0/inactive/dead/ named=656/active/running/ agent=638/active/ jphase=absent killpid=
14:41:53.983764424 pdns=0/0/inactive/dead/ named=656/active/running/ agent=638/active/ jphase=absent killpid=
14:41:54.263745611 pdns=0/0/inactive/dead/ named=656/active/running/ agent=638/active/ jphase=absent killpid=
14:41:54.536388842 pdns=0/0/inactive/dead/ named=656/active/running/ agent=638/active/ jphase=absent killpid=
14:41:54.817030931 pdns=0/0/inactive/dead/ named=656/active/running/ agent=638/active/ jphase=absent killpid=
14:41:55.092545824 pdns=0/0/inactive/dead/ named=656/active/running/ agent=638/active/ jphase=absent killpid=
14:41:55.361538951 pdns=0/0/inactive/dead/ named=656/active/running/ agent=638/active/ jphase=absent killpid=
14:41:55.629846711 pdns=0/0/inactive/dead/ named=656/active/running/ agent=638/active/ jphase=absent killpid=
14:41:55.900222955 pdns=0/0/inactive/dead/ named=656/active/running/ agent=638/active/ jphase=absent killpid=
14:41:56.173536716 pdns=0/0/inactive/dead/ named=656/active/running/ agent=638/active/ jphase=absent killpid=
14:41:56.446946905 pdns=0/0/inactive/dead/ named=656/active/running/ agent=638/active/ jphase=absent killpid=
14:41:56.715654119 pdns=0/0/inactive/dead/ named=656/active/running/ agent=638/active/ jphase=absent killpid=
14:41:56.989703396 pdns=0/0/inactive/dead/ named=656/active/running/ agent=638/active/ jphase=absent killpid=
14:41:57.262053244 pdns=0/0/inactive/dead/ named=656/active/running/ agent=638/active/ jphase=absent killpid=
14:41:57.544081964 pdns=0/0/inactive/dead/ named=656/active/running/ agent=638/active/ jphase=absent killpid=
14:41:57.814645067 pdns=0/0/inactive/dead/ named=656/active/running/ agent=638/active/ jphase=absent killpid=
14:41:58.086149670 pdns=0/0/inactive/dead/ named=656/active/running/ agent=638/active/ jphase=absent killpid=
14:41:58.355521628 pdns=0/0/inactive/dead/ named=656/active/running/ agent=638/active/ jphase=absent killpid=
14:41:58.623867688 pdns=0/0/inactive/dead/ named=656/active/running/ agent=638/active/ jphase=absent killpid=
14:41:58.893024531 pdns=0/0/inactive/dead/ named=656/active/running/ agent=638/active/ jphase=absent killpid=
14:41:59.163869363 pdns=0/0/inactive/dead/ named=656/active/running/ agent=638/active/ jphase=absent killpid=
14:41:59.433617257 pdns=0/0/inactive/dead/ named=656/active/running/ agent=638/active/ jphase=absent killpid=
14:41:59.701960157 pdns=0/0/inactive/dead/ named=656/active/running/ agent=638/active/ jphase=absent killpid=
14:41:59.974806231 pdns=0/0/inactive/dead/ named=656/active/running/ agent=638/active/ jphase=absent killpid=
14:42:00.242749636 pdns=0/0/inactive/dead/ named=656/active/running/ agent=638/active/ jphase=absent killpid=
14:42:00.513620643 pdns=0/0/inactive/dead/ named=656/active/running/ agent=638/active/ jphase=absent killpid=
14:42:00.788177951 pdns=0/0/inactive/dead/ named=656/active/running/ agent=638/active/ jphase=absent killpid=
14:42:01.057338410 pdns=0/0/inactive/dead/ named=656/active/running/ agent=638/active/ jphase=absent killpid=
14:42:01.327451334 pdns=0/0/inactive/dead/ named=656/active/running/ agent=638/active/ jphase=absent killpid=
14:42:01.596287373 pdns=0/0/inactive/dead/ named=656/active/running/ agent=638/active/ jphase=absent killpid=
14:42:01.863596095 pdns=0/0/inactive/dead/ named=656/active/running/ agent=638/active/ jphase=absent killpid=
14:42:02.133341334 pdns=0/0/inactive/dead/ named=656/active/running/ agent=638/active/ jphase=absent killpid=
14:42:02.407414860 pdns=0/0/inactive/dead/ named=656/active/running/ agent=638/active/ jphase=absent killpid=
14:42:02.679716059 pdns=0/0/inactive/dead/ named=656/active/running/ agent=638/active/ jphase=absent killpid=
14:42:02.950239126 pdns=0/0/inactive/dead/ named=656/active/running/ agent=638/active/ jphase=absent killpid=
14:42:03.223071740 pdns=0/0/inactive/dead/ named=656/active/running/ agent=638/active/ jphase=absent killpid=
14:42:03.493587685 pdns=0/0/inactive/dead/ named=656/active/running/ agent=638/active/ jphase=absent killpid=
14:42:03.772739863 pdns=0/0/inactive/dead/ named=656/active/running/ agent=638/active/ jphase=absent killpid=
14:42:04.054375008 pdns=0/0/inactive/dead/ named=656/active/running/ agent=638/active/ jphase=absent killpid=
14:42:04.333176924 pdns=0/0/inactive/dead/ named=656/active/running/ agent=638/active/ jphase=absent killpid=
14:42:04.605256505 pdns=0/0/inactive/dead/ named=656/active/running/ agent=638/active/ jphase=absent killpid=
14:42:04.879806217 pdns=0/0/inactive/dead/ named=656/active/running/ agent=638/active/ jphase=absent killpid=
14:42:05.150845147 pdns=0/0/inactive/dead/ named=656/active/running/ agent=638/active/ jphase=absent killpid=
14:42:05.423983025 pdns=0/0/inactive/dead/ named=656/active/running/ agent=638/active/ jphase=absent killpid=
14:42:05.695117944 pdns=0/0/inactive/dead/ named=656/active/running/ agent=638/active/ jphase=absent killpid=
14:42:05.968435436 pdns=0/0/inactive/dead/ named=656/active/running/ agent=638/active/ jphase=absent killpid=
14:42:06.239796200 pdns=0/0/inactive/dead/ named=656/active/running/ agent=638/active/ jphase=absent killpid=
14:42:06.532080977 pdns=0/0/inactive/dead/ named=656/active/running/ agent=638/active/ jphase=absent killpid=
14:42:06.811912185 pdns=0/0/inactive/dead/ named=656/active/running/ agent=638/active/ jphase=absent killpid=
14:42:07.080019255 pdns=0/0/inactive/dead/ named=656/active/running/ agent=638/active/ jphase=absent killpid=
14:42:07.354572802 pdns=0/0/inactive/dead/ named=656/active/running/ agent=638/active/ jphase=absent killpid=
14:42:07.624102990 pdns=0/0/inactive/dead/ named=656/active/running/ agent=638/active/ jphase=absent killpid=
14:42:07.894283349 pdns=0/0/inactive/dead/ named=656/active/running/ agent=638/active/ jphase=absent killpid=
14:42:08.163459732 pdns=0/0/inactive/dead/ named=656/active/running/ agent=638/active/ jphase=absent killpid=
14:42:08.430603898 pdns=0/0/inactive/dead/ named=656/active/running/ agent=638/active/ jphase=absent killpid=
14:42:08.697784276 pdns=0/0/inactive/dead/ named=656/active/running/ agent=638/active/ jphase=absent killpid=
14:42:08.967627463 pdns=0/0/inactive/dead/ named=656/active/running/ agent=638/active/ jphase=absent killpid=
14:42:09.236062243 pdns=0/0/inactive/dead/ named=656/active/running/ agent=638/active/ jphase=absent killpid=
14:42:09.504733893 pdns=0/0/inactive/dead/ named=656/active/running/ agent=638/active/ jphase=absent killpid=
14:42:09.782583417 pdns=0/0/inactive/dead/ named=656/active/running/ agent=638/active/ jphase=absent killpid=
14:42:10.061452456 pdns=0/0/inactive/dead/ named=656/active/running/ agent=638/active/ jphase=absent killpid=
14:42:10.343933773 pdns=0/0/inactive/dead/ named=656/active/running/ agent=638/active/ jphase=absent killpid=
14:42:10.637851894 pdns=0/0/inactive/dead/ named=656/active/running/ agent=638/active/ jphase=absent killpid=
14:42:10.918340863 pdns=0/0/inactive/dead/ named=656/active/running/ agent=638/active/ jphase=absent killpid=
14:42:11.420037545 pdns=0/0/inactive/dead/ named=656/active/running/ agent=638/active/ jphase=absent killpid=
14:42:12.417874329 pdns=0/0/inactive/dead/ named=656/active/running/ agent=638/active/ jphase=absent killpid=
14:42:12.715846813 pdns=0/0/inactive/dead/ named=656/active/running/ agent=638/active/ jphase=absent killpid=
14:42:13.010219112 pdns=0/0/inactive/dead/ named=656/active/running/ agent=638/active/ jphase=absent killpid=
14:42:13.296381382 pdns=0/0/inactive/dead/ named=656/active/running/ agent=638/active/ jphase=absent killpid=
14:42:13.576488271 pdns=0/0/inactive/dead/ named=656/active/running/ agent=638/active/ jphase=absent killpid=
14:42:13.855752049 pdns=0/0/inactive/dead/ named=656/active/running/ agent=638/active/ jphase=absent killpid=
14:42:14.132395268 pdns=0/0/inactive/dead/ named=656/active/running/ agent=638/active/ jphase=absent killpid=
14:42:14.407449292 pdns=0/0/inactive/dead/ named=656/active/running/ agent=638/active/ jphase=absent killpid=
14:42:14.683720528 pdns=0/0/inactive/dead/ named=656/active/running/ agent=638/active/ jphase=absent killpid=
14:42:14.964758043 pdns=0/0/inactive/dead/ named=656/active/running/ agent=638/active/ jphase=absent killpid=
14:42:15.236140202 pdns=0/0/inactive/dead/ named=656/active/running/ agent=638/active/ jphase=absent killpid=
14:42:15.506508024 pdns=0/0/inactive/dead/ named=656/active/running/ agent=638/active/ jphase=absent killpid=
14:42:15.780164495 pdns=0/0/inactive/dead/ named=656/active/running/ agent=638/active/ jphase=absent killpid=
14:42:16.057183770 pdns=0/0/inactive/dead/ named=656/active/running/ agent=638/active/ jphase=absent killpid=
14:42:16.334052007 pdns=0/0/inactive/dead/ named=656/active/running/ agent=638/active/ jphase=absent killpid=
14:42:16.609711192 pdns=0/0/inactive/dead/ named=656/active/running/ agent=638/active/ jphase=absent killpid=
14:42:16.886210689 pdns=0/0/inactive/dead/ named=656/active/running/ agent=638/active/ jphase=absent killpid=
14:42:17.162206475 pdns=0/0/inactive/dead/ named=656/active/running/ agent=638/active/ jphase=absent killpid=
14:42:17.435161953 pdns=0/0/inactive/dead/ named=656/active/running/ agent=638/active/ jphase=absent killpid=
done
