16:13:19.690788790 CHANGE journal none -> absent
16:13:19.719689729 CHANGE ledger none -> 768b347a6ce5f0b7d222977a308c8225fd8edd7ec7c0b50423ce3873c25d6c63
16:13:19.747805595 CHANGE state none -> 217b657f813a226fff8fd95bdb64656ffc507d457b91f4c08ec4b791df17771d
16:13:19.771748072 CHANGE pdnsdb none -> 5331040921ebea6a1870d041bff234b5698fd10ee2c6c218bd9db629302f10b5
16:13:19.776898552 POINTER 
16:13:19.779582372 pdns=643/0/active/running/ named=0/inactive/dead/ agent=0/inactive/ jphase=absent killpid=
16:13:20.198002403 pdns=643/0/active/running/ named=0/inactive/dead/ agent=0/inactive/ jphase=absent killpid=
16:13:20.495482608 pdns=643/0/active/running/ named=0/inactive/dead/ agent=0/inactive/ jphase=absent killpid=
16:13:20.784909393 pdns=643/0/active/running/ named=0/inactive/dead/ agent=0/inactive/ jphase=absent killpid=
16:13:21.079267008 pdns=643/0/active/running/ named=0/inactive/dead/ agent=0/inactive/ jphase=absent killpid=
16:13:21.363400826 pdns=643/0/active/running/ named=0/inactive/dead/ agent=0/inactive/ jphase=absent killpid=
16:13:21.656259828 pdns=643/0/active/running/ named=0/inactive/dead/ agent=0/inactive/ jphase=absent killpid=
16:13:21.964691355 pdns=643/0/active/running/ named=0/inactive/dead/ agent=0/inactive/ jphase=absent killpid=
16:13:22.249603444 pdns=643/0/active/running/ named=0/inactive/dead/ agent=0/inactive/ jphase=absent killpid=
16:13:22.543758390 pdns=643/0/active/running/ named=0/inactive/dead/ agent=0/inactive/ jphase=absent killpid=
16:13:22.827586750 pdns=643/0/active/running/ named=0/inactive/dead/ agent=0/inactive/ jphase=absent killpid=
16:13:23.109190727 pdns=643/0/active/running/ named=0/inactive/dead/ agent=0/inactive/ jphase=absent killpid=
16:13:23.400466718 pdns=643/0/active/running/ named=0/inactive/dead/ agent=0/inactive/ jphase=absent killpid=
16:13:23.697363507 pdns=643/0/active/running/ named=0/inactive/dead/ agent=0/inactive/ jphase=absent killpid=
16:13:24.012524562 pdns=643/0/active/running/ named=0/inactive/dead/ agent=0/inactive/ jphase=absent killpid=
16:13:24.812458479 pdns=643/0/active/running/ named=0/inactive/dead/ agent=0/inactive/ jphase=absent killpid=
16:13:25.484025867 pdns=643/0/active/running/ named=0/inactive/dead/ agent=0/inactive/ jphase=absent killpid=
16:13:25.770687851 pdns=643/0/active/running/ named=0/inactive/dead/ agent=0/inactive/ jphase=absent killpid=
16:13:26.061132653 pdns=643/0/active/running/ named=0/inactive/dead/ agent=0/inactive/ jphase=absent killpid=
16:13:26.352750215 pdns=643/0/active/running/ named=0/inactive/dead/ agent=0/inactive/ jphase=absent killpid=
16:13:26.642265761 pdns=643/0/active/running/ named=0/inactive/dead/ agent=0/inactive/ jphase=absent killpid=
16:13:26.939102886 pdns=643/0/active/running/ named=0/inactive/dead/ agent=0/inactive/ jphase=absent killpid=
16:13:27.220527539 pdns=643/0/active/running/ named=0/inactive/dead/ agent=0/inactive/ jphase=absent killpid=
16:13:27.512903420 pdns=643/0/active/running/ named=0/inactive/dead/ agent=0/inactive/ jphase=absent killpid=
16:13:27.800901967 pdns=643/0/active/running/ named=0/inactive/dead/ agent=0/inactive/ jphase=absent killpid=
16:13:28.085380568 pdns=643/0/active/running/ named=0/inactive/dead/ agent=0/inactive/ jphase=absent killpid=
16:13:28.377740240 pdns=643/0/active/running/ named=0/inactive/dead/ agent=0/inactive/ jphase=absent killpid=
16:13:28.670865826 pdns=643/0/active/running/ named=0/inactive/dead/ agent=0/inactive/ jphase=absent killpid=
16:13:28.962274553 pdns=643/0/active/running/ named=0/inactive/dead/ agent=0/inactive/ jphase=absent killpid=
16:13:29.255274967 pdns=643/0/active/running/ named=0/inactive/dead/ agent=0/inactive/ jphase=absent killpid=
16:13:29.536713042 pdns=643/0/active/running/ named=0/inactive/dead/ agent=0/inactive/ jphase=absent killpid=
16:13:29.824726923 pdns=643/0/active/running/ named=0/inactive/dead/ agent=0/inactive/ jphase=absent killpid=
16:13:30.164685816 pdns=643/0/active/running/ named=0/inactive/dead/ agent=0/inactive/ jphase=absent killpid=
16:13:30.472193341 pdns=643/0/active/running/ named=0/inactive/dead/ agent=0/inactive/ jphase=absent killpid=
16:13:30.823054726 pdns=643/0/active/running/ named=0/inactive/dead/ agent=0/inactive/ jphase=absent killpid=
16:13:31.105479518 pdns=643/0/active/running/ named=0/inactive/dead/ agent=0/inactive/ jphase=absent killpid=
16:13:31.391748391 pdns=643/0/active/running/ named=0/inactive/dead/ agent=0/inactive/ jphase=absent killpid=
16:13:31.673110335 pdns=643/0/active/running/ named=0/inactive/dead/ agent=0/inactive/ jphase=absent killpid=
16:13:31.950441726 pdns=643/0/active/running/ named=0/inactive/dead/ agent=0/inactive/ jphase=absent killpid=
16:13:32.235804395 pdns=643/0/active/running/ named=0/inactive/dead/ agent=0/inactive/ jphase=absent killpid=
16:13:32.524472284 pdns=643/0/active/running/ named=0/inactive/dead/ agent=0/inactive/ jphase=absent killpid=
16:13:32.804629377 pdns=643/0/active/running/ named=0/inactive/dead/ agent=0/inactive/ jphase=absent killpid=
16:13:33.096491583 pdns=643/0/active/running/ named=0/inactive/dead/ agent=0/inactive/ jphase=absent killpid=
16:13:33.428250944 pdns=643/0/active/running/ named=0/inactive/dead/ agent=0/inactive/ jphase=absent killpid=
16:13:33.715579676 pdns=643/0/active/running/ named=0/inactive/dead/ agent=0/inactive/ jphase=absent killpid=
16:13:33.994512329 pdns=643/0/active/running/ named=0/inactive/dead/ agent=0/inactive/ jphase=absent killpid=
16:13:34.302997692 pdns=643/0/active/running/ named=0/inactive/dead/ agent=0/inactive/ jphase=absent killpid=
16:13:34.595641749 pdns=643/0/active/running/ named=0/inactive/dead/ agent=0/inactive/ jphase=absent killpid=
16:13:34.889080340 pdns=643/0/active/running/ named=0/inactive/dead/ agent=0/inactive/ jphase=absent killpid=
16:13:35.182695350 pdns=643/0/active/running/ named=0/inactive/dead/ agent=0/inactive/ jphase=absent killpid=
16:13:35.494509007 pdns=643/0/active/running/ named=0/inactive/dead/ agent=0/inactive/ jphase=absent killpid=
16:13:35.810666821 pdns=643/0/active/running/ named=0/inactive/dead/ agent=0/inactive/ jphase=absent killpid=
16:13:36.119336091 pdns=643/0/active/running/ named=0/inactive/dead/ agent=0/inactive/ jphase=absent killpid=
16:13:36.429006718 pdns=643/0/active/running/ named=0/inactive/dead/ agent=0/inactive/ jphase=absent killpid=
16:13:36.767852988 pdns=643/0/active/running/ named=0/inactive/dead/ agent=0/inactive/ jphase=absent killpid=
16:13:37.084095272 pdns=643/0/active/running/ named=0/inactive/dead/ agent=0/inactive/ jphase=absent killpid=
16:13:37.424848242 pdns=643/0/active/running/ named=0/inactive/dead/ agent=0/inactive/ jphase=absent killpid=
16:13:37.714504663 pdns=643/0/active/running/ named=0/inactive/dead/ agent=0/inactive/ jphase=absent killpid=
16:13:37.994702881 pdns=643/0/active/running/ named=0/inactive/dead/ agent=0/inactive/ jphase=absent killpid=
16:13:38.284443064 pdns=643/0/active/running/ named=0/inactive/dead/ agent=0/inactive/ jphase=absent killpid=
16:13:38.578628282 pdns=643/0/active/running/ named=0/inactive/dead/ agent=0/inactive/ jphase=absent killpid=
16:13:38.862010219 pdns=643/0/active/running/ named=0/inactive/dead/ agent=0/inactive/ jphase=absent killpid=
16:13:39.158361816 pdns=643/0/active/running/ named=0/inactive/dead/ agent=0/inactive/ jphase=absent killpid=
16:13:39.444391673 pdns=643/0/active/running/ named=0/inactive/dead/ agent=0/inactive/ jphase=absent killpid=
16:13:39.734337113 pdns=643/0/active/running/ named=0/inactive/dead/ agent=0/inactive/ jphase=absent killpid=
16:13:40.043471672 pdns=643/0/active/running/ named=0/inactive/dead/ agent=0/inactive/ jphase=absent killpid=
16:13:40.333206610 pdns=643/0/active/running/ named=0/inactive/dead/ agent=0/inactive/ jphase=absent killpid=
16:13:40.626259468 pdns=643/0/active/running/ named=0/inactive/dead/ agent=0/inactive/ jphase=absent killpid=
16:13:40.931139779 pdns=643/0/active/running/ named=0/inactive/dead/ agent=0/inactive/ jphase=absent killpid=
16:13:41.249417882 pdns=643/0/active/running/ named=0/inactive/dead/ agent=0/inactive/ jphase=absent killpid=
16:13:41.532872103 pdns=643/0/active/running/ named=0/inactive/dead/ agent=0/inactive/ jphase=absent killpid=
16:13:41.823402744 pdns=643/0/active/running/ named=0/inactive/dead/ agent=0/inactive/ jphase=absent killpid=
16:13:42.122433220 pdns=643/0/active/running/ named=0/inactive/dead/ agent=0/inactive/ jphase=absent killpid=
16:13:42.416198428 pdns=643/0/active/running/ named=0/inactive/dead/ agent=0/inactive/ jphase=absent killpid=
16:13:42.701156694 pdns=643/0/active/running/ named=0/inactive/dead/ agent=0/inactive/ jphase=absent killpid=
16:13:42.984984430 pdns=643/0/active/running/ named=0/inactive/dead/ agent=0/inactive/ jphase=absent killpid=
16:13:43.274288675 pdns=643/0/active/running/ named=0/inactive/dead/ agent=0/inactive/ jphase=absent killpid=
16:13:43.558980601 pdns=643/0/active/running/ named=0/inactive/dead/ agent=0/inactive/ jphase=absent killpid=
16:13:43.843390267 pdns=643/0/active/running/ named=0/inactive/dead/ agent=0/inactive/ jphase=absent killpid=
16:13:44.123458594 pdns=643/0/active/running/ named=0/inactive/dead/ agent=0/inactive/ jphase=absent killpid=
16:13:44.424786595 pdns=643/0/active/running/ named=0/inactive/dead/ agent=0/inactive/ jphase=absent killpid=
16:13:44.720044066 pdns=643/0/active/running/ named=0/inactive/dead/ agent=0/inactive/ jphase=absent killpid=
16:13:45.008211805 pdns=643/0/active/running/ named=0/inactive/dead/ agent=0/inactive/ jphase=absent killpid=
16:13:45.323587065 pdns=643/0/active/running/ named=0/inactive/dead/ agent=0/inactive/ jphase=absent killpid=
16:13:45.620777906 pdns=643/0/active/running/ named=0/inactive/dead/ agent=0/inactive/ jphase=absent killpid=
16:13:45.908653251 pdns=643/0/active/running/ named=0/inactive/dead/ agent=0/inactive/ jphase=absent killpid=
16:13:46.222112275 pdns=643/0/active/running/ named=0/inactive/dead/ agent=0/inactive/ jphase=absent killpid=
16:13:46.537178449 pdns=643/0/active/running/ named=0/inactive/dead/ agent=0/inactive/ jphase=absent killpid=
16:13:46.828618217 pdns=643/0/active/running/ named=0/inactive/dead/ agent=0/inactive/ jphase=absent killpid=
16:13:47.124371128 pdns=643/0/active/running/ named=0/inactive/dead/ agent=0/inactive/ jphase=absent killpid=
16:13:47.431371288 pdns=643/0/active/running/ named=0/inactive/dead/ agent=0/inactive/ jphase=absent killpid=
16:13:47.724526524 pdns=643/0/active/running/ named=0/inactive/dead/ agent=0/inactive/ jphase=absent killpid=
16:13:48.008541574 pdns=643/0/active/running/ named=0/inactive/dead/ agent=0/inactive/ jphase=absent killpid=
16:13:48.302507268 pdns=643/0/active/running/ named=0/inactive/dead/ agent=0/inactive/ jphase=absent killpid=
16:13:48.615052178 pdns=643/0/active/running/ named=0/inactive/dead/ agent=0/inactive/ jphase=absent killpid=
16:13:48.906844595 pdns=643/0/active/running/ named=0/inactive/dead/ agent=0/inactive/ jphase=absent killpid=
16:13:49.247766899 pdns=643/0/active/running/ named=0/inactive/dead/ agent=0/inactive/ jphase=absent killpid=
16:13:49.948338743 pdns=643/0/active/running/ named=0/inactive/dead/ agent=0/inactive/ jphase=absent killpid=
16:13:50.249957682 pdns=643/0/active/running/ named=0/inactive/dead/ agent=0/inactive/ jphase=absent killpid=
16:13:50.533070436 pdns=643/0/active/running/ named=0/inactive/dead/ agent=0/inactive/ jphase=absent killpid=
done
