14:02:51.018485249 CHANGE journal none -> absent
14:02:51.032790463 CHANGE ledger none -> d5f7fe4e3a6c5c4a63f9f01767d3800a05955fd40c30579e411190adc5e72876
14:02:51.041295797 CHANGE state none -> eae4ab1ed1a027dc98071dbebb3e75a21dc5da0a24f7739d039099c7905b0618
14:02:51.042702609 pdns=0/0/inactive/dead/ named=648/active/running/ agent=0/inactive/ jphase=absent killpid=
14:02:51.403583579 pdns=0/0/inactive/dead/ named=648/active/running/ agent=0/inactive/ jphase=absent killpid=
14:02:51.671881661 pdns=0/0/inactive/dead/ named=648/active/running/ agent=0/inactive/ jphase=absent killpid=
14:02:51.958225548 pdns=0/0/inactive/dead/ named=648/active/running/ agent=0/inactive/ jphase=absent killpid=
14:02:52.228894348 pdns=0/0/inactive/dead/ named=648/active/running/ agent=0/inactive/ jphase=absent killpid=
14:02:52.501908450 pdns=0/0/inactive/dead/ named=648/active/running/ agent=0/inactive/ jphase=absent killpid=
14:02:52.771681160 pdns=0/0/inactive/dead/ named=648/active/running/ agent=0/inactive/ jphase=absent killpid=
14:02:53.053832142 pdns=0/0/inactive/dead/ named=648/active/running/ agent=0/inactive/ jphase=absent killpid=
14:02:53.324207517 pdns=0/0/inactive/dead/ named=648/active/running/ agent=0/inactive/ jphase=absent killpid=
14:02:53.603560672 pdns=0/0/inactive/dead/ named=648/active/running/ agent=0/inactive/ jphase=absent killpid=
14:02:53.876086659 pdns=0/0/inactive/dead/ named=648/active/running/ agent=0/inactive/ jphase=absent killpid=
14:02:54.149569846 pdns=0/0/inactive/dead/ named=648/active/running/ agent=0/inactive/ jphase=absent killpid=
14:02:54.418312651 pdns=0/0/inactive/dead/ named=648/active/running/ agent=0/inactive/ jphase=absent killpid=
14:02:54.689531421 pdns=0/0/inactive/dead/ named=648/active/running/ agent=0/inactive/ jphase=absent killpid=
14:02:54.959239225 pdns=0/0/inactive/dead/ named=648/active/running/ agent=0/inactive/ jphase=absent killpid=
14:02:55.229944057 pdns=0/0/inactive/dead/ named=648/active/running/ agent=0/inactive/ jphase=absent killpid=
14:02:55.497758813 pdns=0/0/inactive/dead/ named=648/active/running/ agent=0/inactive/ jphase=absent killpid=
14:02:55.767125200 pdns=0/0/inactive/dead/ named=648/active/running/ agent=0/inactive/ jphase=absent killpid=
14:02:56.033681660 pdns=0/0/inactive/dead/ named=648/active/running/ agent=0/inactive/ jphase=absent killpid=
14:02:56.300103865 pdns=0/0/inactive/dead/ named=648/active/running/ agent=0/inactive/ jphase=absent killpid=
14:02:56.571132010 pdns=0/0/inactive/dead/ named=648/active/running/ agent=0/inactive/ jphase=absent killpid=
14:02:56.838486367 pdns=0/0/inactive/dead/ named=648/active/running/ agent=0/inactive/ jphase=absent killpid=
14:02:57.108302849 pdns=0/0/inactive/dead/ named=648/active/running/ agent=0/inactive/ jphase=absent killpid=
14:02:57.379883844 pdns=0/0/inactive/dead/ named=648/active/running/ agent=0/inactive/ jphase=absent killpid=
14:02:57.647073895 pdns=0/0/inactive/dead/ named=648/active/running/ agent=0/inactive/ jphase=absent killpid=
14:02:57.912751141 pdns=0/0/inactive/dead/ named=648/active/running/ agent=0/inactive/ jphase=absent killpid=
14:02:58.178711460 pdns=0/0/inactive/dead/ named=648/active/running/ agent=0/inactive/ jphase=absent killpid=
14:02:58.444440122 pdns=0/0/inactive/dead/ named=648/active/running/ agent=0/inactive/ jphase=absent killpid=
14:02:58.716283637 pdns=0/0/inactive/dead/ named=648/active/running/ agent=0/inactive/ jphase=absent killpid=
14:02:58.981258043 pdns=0/0/inactive/dead/ named=648/active/running/ agent=0/inactive/ jphase=absent killpid=
14:02:59.248480049 pdns=0/0/inactive/dead/ named=648/active/running/ agent=0/inactive/ jphase=absent killpid=
14:02:59.514864623 pdns=0/0/inactive/dead/ named=648/active/running/ agent=0/inactive/ jphase=absent killpid=
14:02:59.781964015 pdns=0/0/inactive/dead/ named=648/active/running/ agent=0/inactive/ jphase=absent killpid=
14:03:00.047313906 pdns=0/0/inactive/dead/ named=648/active/running/ agent=0/inactive/ jphase=absent killpid=
14:03:00.313536078 pdns=0/0/inactive/dead/ named=648/active/running/ agent=0/inactive/ jphase=absent killpid=
14:03:00.582862717 pdns=0/0/inactive/dead/ named=648/active/running/ agent=0/inactive/ jphase=absent killpid=
14:03:00.849956364 pdns=0/0/inactive/dead/ named=648/active/running/ agent=0/inactive/ jphase=absent killpid=
14:03:01.115463813 pdns=0/0/inactive/dead/ named=648/active/running/ agent=0/inactive/ jphase=absent killpid=
14:03:01.380667146 pdns=0/0/inactive/dead/ named=648/active/running/ agent=0/inactive/ jphase=absent killpid=
14:03:01.648599586 pdns=0/0/inactive/dead/ named=648/active/running/ agent=0/inactive/ jphase=absent killpid=
14:03:01.915774514 pdns=0/0/inactive/dead/ named=648/active/running/ agent=0/inactive/ jphase=absent killpid=
14:03:02.184071994 pdns=0/0/inactive/dead/ named=648/active/running/ agent=0/inactive/ jphase=absent killpid=
14:03:02.450649294 pdns=0/0/inactive/dead/ named=648/active/running/ agent=0/inactive/ jphase=absent killpid=
14:03:02.716700689 pdns=0/0/inactive/dead/ named=648/active/running/ agent=0/inactive/ jphase=absent killpid=
14:03:02.983592662 pdns=0/0/inactive/dead/ named=648/active/running/ agent=0/inactive/ jphase=absent killpid=
14:03:03.250964936 pdns=0/0/inactive/dead/ named=648/active/running/ agent=0/inactive/ jphase=absent killpid=
14:03:03.524371108 pdns=0/0/inactive/dead/ named=648/active/running/ agent=0/inactive/ jphase=absent killpid=
14:03:03.799319657 pdns=0/0/inactive/dead/ named=648/active/running/ agent=0/inactive/ jphase=absent killpid=
14:03:04.069745845 pdns=0/0/inactive/dead/ named=648/active/running/ agent=0/inactive/ jphase=absent killpid=
14:03:04.350045787 pdns=0/0/inactive/dead/ named=648/active/running/ agent=0/inactive/ jphase=absent killpid=
14:03:04.677165448 pdns=0/0/inactive/dead/ named=648/active/running/ agent=0/inactive/ jphase=absent killpid=
14:03:04.943576150 pdns=0/0/inactive/dead/ named=648/active/running/ agent=0/inactive/ jphase=absent killpid=
14:03:05.216575837 pdns=0/0/inactive/dead/ named=648/active/running/ agent=0/inactive/ jphase=absent killpid=
14:03:05.485439259 pdns=0/0/inactive/dead/ named=648/active/running/ agent=0/inactive/ jphase=absent killpid=
14:03:05.751643348 pdns=0/0/inactive/dead/ named=648/active/running/ agent=0/inactive/ jphase=absent killpid=
14:03:06.019959004 pdns=0/0/inactive/dead/ named=648/active/running/ agent=0/inactive/ jphase=absent killpid=
14:03:06.288397945 pdns=0/0/inactive/dead/ named=648/active/running/ agent=0/inactive/ jphase=absent killpid=
14:03:06.557017268 pdns=0/0/inactive/dead/ named=648/active/running/ agent=0/inactive/ jphase=absent killpid=
14:03:06.824289266 pdns=0/0/inactive/dead/ named=648/active/running/ agent=0/inactive/ jphase=absent killpid=
14:03:07.094092033 pdns=0/0/inactive/dead/ named=648/active/running/ agent=0/inactive/ jphase=absent killpid=
14:03:07.361755721 pdns=0/0/inactive/dead/ named=648/active/running/ agent=0/inactive/ jphase=absent killpid=
14:03:07.629041145 pdns=0/0/inactive/dead/ named=648/active/running/ agent=0/inactive/ jphase=absent killpid=
14:03:07.900298562 pdns=0/0/inactive/dead/ named=648/active/running/ agent=0/inactive/ jphase=absent killpid=
14:03:08.166246801 pdns=0/0/inactive/dead/ named=648/active/running/ agent=0/inactive/ jphase=absent killpid=
14:03:08.433672288 pdns=0/0/inactive/dead/ named=648/active/running/ agent=0/inactive/ jphase=absent killpid=
14:03:08.701299898 pdns=0/0/inactive/dead/ named=648/active/running/ agent=0/inactive/ jphase=absent killpid=
14:03:08.967925644 pdns=0/0/inactive/dead/ named=648/active/running/ agent=0/inactive/ jphase=absent killpid=
14:03:09.233126793 pdns=0/0/inactive/dead/ named=648/active/running/ agent=0/inactive/ jphase=absent killpid=
14:03:09.503013133 pdns=0/0/inactive/dead/ named=648/active/running/ agent=0/inactive/ jphase=absent killpid=
14:03:09.768828635 pdns=0/0/inactive/dead/ named=648/active/running/ agent=0/inactive/ jphase=absent killpid=
14:03:10.038238311 pdns=0/0/inactive/dead/ named=648/active/running/ agent=0/inactive/ jphase=absent killpid=
14:03:10.307128517 pdns=0/0/inactive/dead/ named=648/active/running/ agent=0/inactive/ jphase=absent killpid=
14:03:10.574929059 pdns=0/0/inactive/dead/ named=648/active/running/ agent=0/inactive/ jphase=absent killpid=
14:03:10.842416840 pdns=0/0/inactive/dead/ named=648/active/running/ agent=0/inactive/ jphase=absent killpid=
14:03:11.112026307 pdns=0/0/inactive/dead/ named=648/active/running/ agent=0/inactive/ jphase=absent killpid=
14:03:11.404205770 pdns=0/0/inactive/dead/ named=648/active/running/ agent=0/inactive/ jphase=absent killpid=
14:03:11.675022125 pdns=0/0/inactive/dead/ named=648/active/running/ agent=0/inactive/ jphase=absent killpid=
14:03:11.946766852 pdns=0/0/inactive/dead/ named=648/active/running/ agent=0/inactive/ jphase=absent killpid=
14:03:12.219826919 pdns=0/0/inactive/dead/ named=648/active/running/ agent=0/inactive/ jphase=absent killpid=
14:03:12.502880817 pdns=0/0/inactive/dead/ named=648/active/running/ agent=0/inactive/ jphase=absent killpid=
14:03:12.778437046 pdns=0/0/inactive/dead/ named=648/active/running/ agent=0/inactive/ jphase=absent killpid=
14:03:13.049494335 pdns=0/0/inactive/dead/ named=648/active/running/ agent=0/inactive/ jphase=absent killpid=
14:03:13.322628082 pdns=0/0/inactive/dead/ named=648/active/running/ agent=0/inactive/ jphase=absent killpid=
14:03:13.594514464 pdns=0/0/inactive/dead/ named=648/active/running/ agent=0/inactive/ jphase=absent killpid=
14:03:13.866281137 pdns=0/0/inactive/dead/ named=648/active/running/ agent=0/inactive/ jphase=absent killpid=
14:03:14.134010260 pdns=0/0/inactive/dead/ named=648/active/running/ agent=0/inactive/ jphase=absent killpid=
14:03:14.401220715 pdns=0/0/inactive/dead/ named=648/active/running/ agent=0/inactive/ jphase=absent killpid=
14:03:14.673485719 pdns=0/0/inactive/dead/ named=648/active/running/ agent=0/inactive/ jphase=absent killpid=
14:03:14.949713393 pdns=0/0/inactive/dead/ named=648/active/running/ agent=0/inactive/ jphase=absent killpid=
14:03:15.220668867 pdns=0/0/inactive/dead/ named=648/active/running/ agent=0/inactive/ jphase=absent killpid=
14:03:15.492531300 pdns=0/0/inactive/dead/ named=648/active/running/ agent=0/inactive/ jphase=absent killpid=
14:03:15.762552724 pdns=0/0/inactive/dead/ named=648/active/running/ agent=0/inactive/ jphase=absent killpid=
14:03:16.039059668 pdns=0/0/inactive/dead/ named=648/active/running/ agent=0/inactive/ jphase=absent killpid=
14:03:16.306695675 pdns=0/0/inactive/dead/ named=648/active/running/ agent=0/inactive/ jphase=absent killpid=
14:03:16.576866776 pdns=0/0/inactive/dead/ named=648/active/running/ agent=0/inactive/ jphase=absent killpid=
14:03:16.876545368 pdns=0/0/inactive/dead/ named=648/active/running/ agent=0/inactive/ jphase=absent killpid=
14:03:17.142562237 pdns=0/0/inactive/dead/ named=648/active/running/ agent=0/inactive/ jphase=absent killpid=
14:03:17.409374000 pdns=0/0/inactive/dead/ named=648/active/running/ agent=0/inactive/ jphase=absent killpid=
14:03:17.679106963 pdns=0/0/inactive/dead/ named=648/active/running/ agent=0/inactive/ jphase=absent killpid=
14:03:17.955698876 pdns=0/0/inactive/dead/ named=648/active/running/ agent=0/inactive/ jphase=absent killpid=
14:03:18.223235538 pdns=0/0/inactive/dead/ named=648/active/running/ agent=0/inactive/ jphase=absent killpid=
14:03:18.489936953 pdns=0/0/inactive/dead/ named=648/active/running/ agent=0/inactive/ jphase=absent killpid=
14:03:18.756490601 pdns=0/0/inactive/dead/ named=648/active/running/ agent=0/inactive/ jphase=absent killpid=
14:03:19.023431670 pdns=0/0/inactive/dead/ named=648/active/running/ agent=0/inactive/ jphase=absent killpid=
14:03:19.290145062 pdns=0/0/inactive/dead/ named=648/active/running/ agent=0/inactive/ jphase=absent killpid=
14:03:19.557427756 pdns=0/0/inactive/dead/ named=648/active/running/ agent=0/inactive/ jphase=absent killpid=
14:03:19.826248707 pdns=0/0/inactive/dead/ named=648/active/running/ agent=0/inactive/ jphase=absent killpid=
14:03:20.106279888 pdns=0/0/inactive/dead/ named=648/active/running/ agent=0/inactive/ jphase=absent killpid=
14:03:20.371692020 pdns=0/0/inactive/dead/ named=648/active/running/ agent=0/inactive/ jphase=absent killpid=
14:03:20.639691325 pdns=0/0/inactive/dead/ named=648/active/running/ agent=0/inactive/ jphase=absent killpid=
14:03:21.490501807 pdns=0/0/inactive/dead/ named=648/active/running/ agent=0/inactive/ jphase=absent killpid=
14:03:21.757110870 pdns=0/0/inactive/dead/ named=648/active/running/ agent=0/inactive/ jphase=absent killpid=
14:03:22.030495010 pdns=0/0/inactive/dead/ named=648/active/running/ agent=0/inactive/ jphase=absent killpid=
done
