14:57:14.307885115 CHANGE journal none -> absent
14:57:14.322884762 CHANGE ledger none -> 177f61d12ed0bb85e6ea535b807b376e26bbe0871405a13867c0b3cb6ea4b211
14:57:14.326528856 CHANGE state none -> absent
14:57:14.330625150 POINTER 
14:57:14.332522316 pdns=0/0/inactive/dead/ named=0/inactive/dead/ agent=0/inactive/ jphase=absent killpid=
14:57:14.617132186 pdns=0/0/inactive/dead/ named=0/inactive/dead/ agent=0/inactive/ jphase=absent killpid=
14:57:14.907416511 pdns=0/0/inactive/dead/ named=0/inactive/dead/ agent=0/inactive/ jphase=absent killpid=
14:57:15.201205692 CHANGE ledger 177f61d12ed0bb85e6ea535b807b376e26bbe0871405a13867c0b3cb6ea4b211 -> c5f04b4c7caebe0fa86b50df52e0e0d850bcd244c17115e1e0a99710bf741c0d
14:57:15.204928365 pdns=0/0/inactive/dead/ named=0/inactive/dead/ agent=0/inactive/ jphase=absent killpid=1692,
14:57:15.496617118 CHANGE ledger c5f04b4c7caebe0fa86b50df52e0e0d850bcd244c17115e1e0a99710bf741c0d -> 61b69246d6eb6d31b6a0221318e7774bbdafcb6e9ce332220c11f96e759443d5
14:57:15.500840761 pdns=0/0/inactive/dead/ named=0/inactive/dead/ agent=0/inactive/ jphase=absent killpid=1692,
14:57:15.863795420 CHANGE ledger 61b69246d6eb6d31b6a0221318e7774bbdafcb6e9ce332220c11f96e759443d5 -> 60874140019159a9071e815db69aa961b467aa94305df96912832698f13bc810
14:57:15.868751546 pdns=0/0/inactive/dead/ named=0/inactive/dead/ agent=0/inactive/ jphase=absent killpid=1692,1873,
14:57:16.156601069 pdns=0/0/inactive/dead/ named=0/inactive/dead/ agent=0/inactive/ jphase=absent killpid=1692,1873,
14:57:16.448317026 pdns=0/0/inactive/dead/ named=0/inactive/dead/ agent=0/inactive/ jphase=absent killpid=1692,1873,
14:57:16.784523093 pdns=0/0/inactive/dead/ named=0/inactive/dead/ agent=0/inactive/ jphase=absent killpid=1692,1873,
14:57:17.097468775 pdns=0/0/inactive/dead/ named=0/inactive/dead/ agent=0/inactive/ jphase=absent killpid=1692,1873,
14:57:17.635268233 pdns=0/0/inactive/dead/ named=0/inactive/dead/ agent=0/inactive/ jphase=absent killpid=1692,1873,
14:57:18.740366756 pdns=0/0/inactive/dead/ named=0/inactive/dead/ agent=0/inactive/ jphase=absent killpid=1692,1873,
14:57:19.212365330 pdns=0/0/inactive/dead/ named=0/inactive/dead/ agent=0/inactive/ jphase=absent killpid=1692,1873,
14:57:19.608921221 pdns=0/0/inactive/dead/ named=0/inactive/dead/ agent=0/inactive/ jphase=absent killpid=1692,1873,
14:57:19.954855858 pdns=0/0/inactive/dead/ named=0/inactive/dead/ agent=0/inactive/ jphase=absent killpid=1692,1873,
14:57:20.350940853 CHANGE ledger 60874140019159a9071e815db69aa961b467aa94305df96912832698f13bc810 -> 8b445e420428fc2f36ca3cf654c85c81b295a6e72c05ab9329e65ac987266c44
14:57:20.366586878 pdns=0/0/inactive/dead/ named=0/inactive/dead/ agent=0/inactive/ jphase=absent killpid=1692,1873,
14:57:20.850686908 pdns=0/0/inactive/dead/ named=0/inactive/dead/ agent=0/inactive/ jphase=absent killpid=1692,1873,
14:57:21.131819926 pdns=0/0/inactive/dead/ named=0/inactive/dead/ agent=0/inactive/ jphase=absent killpid=1692,1873,
14:57:21.427756474 pdns=0/0/inactive/dead/ named=0/inactive/dead/ agent=0/inactive/ jphase=absent killpid=1692,1873,
14:57:21.725348545 CHANGE ledger 8b445e420428fc2f36ca3cf654c85c81b295a6e72c05ab9329e65ac987266c44 -> b87447da33b7d613bace74812981766675fac35867209b46fbaef7d2ebca8724
14:57:21.729140873 pdns=0/0/inactive/dead/ named=0/inactive/dead/ agent=0/inactive/ jphase=absent killpid=1692,2239,
14:57:22.020376121 pdns=0/0/inactive/dead/ named=0/inactive/dead/ agent=0/inactive/ jphase=absent killpid=1692,2239,
14:57:22.352315860 pdns=0/0/inactive/dead/ named=0/inactive/dead/ agent=0/inactive/ jphase=absent killpid=1692,2239,
14:57:22.637261316 pdns=0/0/inactive/dead/ named=0/inactive/dead/ agent=0/inactive/ jphase=absent killpid=1692,2239,
14:57:22.936516180 pdns=0/0/inactive/dead/ named=0/inactive/dead/ agent=0/inactive/ jphase=absent killpid=1692,2239,
14:57:23.253422486 pdns=0/0/inactive/dead/ named=0/inactive/dead/ agent=0/inactive/ jphase=absent killpid=1692,2239,
14:57:23.557626242 pdns=0/0/inactive/dead/ named=0/inactive/dead/ agent=0/inactive/ jphase=absent killpid=1692,2239,
14:57:23.865334355 pdns=0/0/inactive/dead/ named=0/inactive/dead/ agent=0/inactive/ jphase=absent killpid=1692,2239,
14:57:24.295029635 pdns=0/0/inactive/dead/ named=0/inactive/dead/ agent=0/inactive/ jphase=absent killpid=1692,2239,
14:57:25.135622341 pdns=0/0/inactive/dead/ named=0/inactive/dead/ agent=0/inactive/ jphase=absent killpid=1692,2239,
14:57:25.549885296 CHANGE ledger b87447da33b7d613bace74812981766675fac35867209b46fbaef7d2ebca8724 -> e95decaecf374d7659b47ba69ab1f028604a3fdf40e460dbdc3747797ac4b4a4
14:57:25.555549953 pdns=0/0/inactive/dead/ named=0/inactive/dead/ agent=0/inactive/ jphase=absent killpid=1692,2239,
14:57:25.900529453 pdns=0/0/inactive/dead/ named=0/inactive/dead/ agent=0/inactive/ jphase=absent killpid=1692,2239,
14:57:26.206566752 pdns=0/0/inactive/dead/ named=0/inactive/dead/ agent=0/inactive/ jphase=absent killpid=1692,2239,
14:57:26.514882084 pdns=0/0/inactive/dead/ named=0/inactive/dead/ agent=0/inactive/ jphase=absent killpid=1692,2239,
14:57:26.819574334 pdns=0/0/inactive/dead/ named=0/inactive/dead/ agent=0/inactive/ jphase=absent killpid=1692,2239,
14:57:27.187270115 pdns=0/0/inactive/dead/ named=0/inactive/dead/ agent=0/inactive/ jphase=absent killpid=1692,2239,
14:57:27.603108749 pdns=0/0/inactive/dead/ named=0/inactive/dead/ agent=0/inactive/ jphase=absent killpid=1692,2790,
14:57:27.953190094 CHANGE ledger e95decaecf374d7659b47ba69ab1f028604a3fdf40e460dbdc3747797ac4b4a4 -> 70e0ed053eb36ee5bd9727320ef899e754a4789a8d6d34709c82154b13035306
14:57:27.960851464 pdns=0/0/inactive/dead/ named=0/inactive/dead/ agent=0/inactive/ jphase=absent killpid=1692,2901,
14:57:28.726589962 CHANGE ledger 70e0ed053eb36ee5bd9727320ef899e754a4789a8d6d34709c82154b13035306 -> 8aed92ae4261b7f7a498d30591a136141c14568364f5741c94258012805526a1
14:57:28.731884470 pdns=0/0/inactive/dead/ named=0/inactive/dead/ agent=0/inactive/ jphase=absent killpid=1692,
14:57:29.053189761 CHANGE journal absent -> 6c3d0937359459a983e322b77958b6b561e7722bc320017248dc4209b74b45dc
14:57:29.063403697 CHANGE ledger 8aed92ae4261b7f7a498d30591a136141c14568364f5741c94258012805526a1 -> 8afcfebd093896dff836b0a2b07d9c74d9710e1e1816fd19b9a3b234a9e574a2
14:57:29.067511183 pdns=0/0/inactive/dead/ named=0/inactive/dead/ agent=0/inactive/ jphase=intent killpid=1692,
14:57:29.344012818 CHANGE journal 6c3d0937359459a983e322b77958b6b561e7722bc320017248dc4209b74b45dc -> e0a63f41aa3643b895009be9caaaba790c1a8490f050253a4d4a925ac25f758e
14:57:29.366217925 CHANGE ledger 8afcfebd093896dff836b0a2b07d9c74d9710e1e1816fd19b9a3b234a9e574a2 -> fc08678fc8e79af4d2da4d82cc55c88fbe63e14aa2d6e4fdac7bf0b361152eb7
14:57:29.371893002 pdns=0/0/inactive/dead/ named=0/inactive/dead/ agent=0/inactive/ jphase=source-stopped killpid=1692,3132,
14:57:29.687601789 CHANGE ledger fc08678fc8e79af4d2da4d82cc55c88fbe63e14aa2d6e4fdac7bf0b361152eb7 -> 05ec642825176bcfde9e5913b0ae1fc115c001a6febf49b248d789884196ca82
14:57:29.694112926 pdns=0/0/inactive/dead/ named=0/inactive/dead/ agent=0/inactive/ jphase=source-stopped killpid=1692,
14:57:30.304648423 CHANGE ledger 05ec642825176bcfde9e5913b0ae1fc115c001a6febf49b248d789884196ca82 -> 0912cee7e5781fd564661919efadf90970245f69e0228d9985ae8c621ff99a4e
14:57:30.308583784 pdns=0/0/inactive/dead/ named=0/inactive/dead/ agent=0/inactive/ jphase=source-stopped killpid=1692,
14:57:30.649523248 CHANGE ledger 0912cee7e5781fd564661919efadf90970245f69e0228d9985ae8c621ff99a4e -> 9f7b5278ab1fa5e28eecdce0c2cd8042ba66417e7dbfa56f328dcb0367c91037
14:57:30.654071400 pdns=0/0/inactive/dead/ named=0/inactive/dead/ agent=0/inactive/ jphase=source-stopped killpid=1692,3428,
14:57:30.964217569 CHANGE ledger 9f7b5278ab1fa5e28eecdce0c2cd8042ba66417e7dbfa56f328dcb0367c91037 -> 5aef627306cb956c1e096efeb5ecbe07db03b8c9ac5e992839f3da30be26fa76
14:57:30.969588910 pdns=0/0/inactive/dead/ named=0/inactive/dead/ agent=0/inactive/ jphase=source-stopped killpid=1692,
14:57:31.453462886 CHANGE ledger 5aef627306cb956c1e096efeb5ecbe07db03b8c9ac5e992839f3da30be26fa76 -> 8ef70bc95c847ea6eb490c420162d049f42b89cf3a0876a96f26b2b311d2671b
14:57:31.457144458 pdns=0/0/inactive/dead/ named=0/inactive/dead/ agent=0/inactive/ jphase=source-stopped killpid=1692,3614,
14:57:31.781755979 CHANGE journal e0a63f41aa3643b895009be9caaaba790c1a8490f050253a4d4a925ac25f758e -> dd9ea9bab6be8d3983d601e2c5682d9ec8fe04a16cc6e851207be13bd11a4802
14:57:31.794733671 CHANGE ledger 8ef70bc95c847ea6eb490c420162d049f42b89cf3a0876a96f26b2b311d2671b -> ce11e8498a99b47f17c4f093e0bb9fcbe53815fd213fd72b84269d6b5bb5ac8b
14:57:31.799992848 pdns=0/0/inactive/dead/ named=0/inactive/dead/ agent=3658/active/ jphase=rolling-back killpid=
14:57:32.164247721 pdns=0/0/inactive/dead/ named=0/inactive/dead/ agent=3658/active/ jphase=rolling-back killpid=
14:57:32.675632301 CHANGE journal dd9ea9bab6be8d3983d601e2c5682d9ec8fe04a16cc6e851207be13bd11a4802 -> absent
14:57:32.688759911 CHANGE ledger ce11e8498a99b47f17c4f093e0bb9fcbe53815fd213fd72b84269d6b5bb5ac8b -> 0cd77b134ab7aeb141b6f9881c524e538548afdd6ee23a675f2caa22fd3daff2
14:57:32.692898327 pdns=0/0/inactive/dead/ named=0/inactive/dead/ agent=3658/active/ jphase=absent killpid=
14:57:32.987866572 CHANGE ledger 0cd77b134ab7aeb141b6f9881c524e538548afdd6ee23a675f2caa22fd3daff2 -> 295d2c5d95aca58f857ed7e804d80ba7b76e431f9e03586c818a42c2b5b2a294
14:57:32.992162109 pdns=0/0/inactive/dead/ named=0/inactive/dead/ agent=3658/active/ jphase=absent killpid=
14:57:33.280788171 CHANGE journal absent -> 6c3d0937359459a983e322b77958b6b561e7722bc320017248dc4209b74b45dc
14:57:33.290025611 CHANGE ledger 295d2c5d95aca58f857ed7e804d80ba7b76e431f9e03586c818a42c2b5b2a294 -> 43cc6c84214fdfca3eacf8ea8f36d83610b2419be61d183cb5b4bba684a5eceb
14:57:33.293471385 pdns=0/0/inactive/dead/ named=0/inactive/dead/ agent=3658/active/ jphase=intent killpid=
14:57:33.570234515 CHANGE journal 6c3d0937359459a983e322b77958b6b561e7722bc320017248dc4209b74b45dc -> e0a63f41aa3643b895009be9caaaba790c1a8490f050253a4d4a925ac25f758e
14:57:33.581772208 CHANGE ledger 43cc6c84214fdfca3eacf8ea8f36d83610b2419be61d183cb5b4bba684a5eceb -> ece8f940796d9f7b346c8dff80f0d246acd078237e024e7aaa77e314cdb91dfd
14:57:33.585217034 pdns=0/0/inactive/dead/ named=0/inactive/dead/ agent=3658/active/ jphase=source-stopped killpid=
14:57:33.861657457 CHANGE ledger ece8f940796d9f7b346c8dff80f0d246acd078237e024e7aaa77e314cdb91dfd -> 52935741cebdfca7a03baf7ab58b9269f37f36785f01334546c9062829a11a7f
14:57:33.864882251 pdns=0/0/inactive/dead/ named=0/inactive/dead/ agent=3658/active/ jphase=source-stopped killpid=
14:57:34.249402834 CHANGE ledger 52935741cebdfca7a03baf7ab58b9269f37f36785f01334546c9062829a11a7f -> 7a71001961a397d3319aa38a2287f04daf42336c01a9ae8ff4f8fd2eb7ac2708
14:57:34.259794209 pdns=0/0/inactive/dead/ named=0/inactive/dead/ agent=3658/active/ jphase=source-stopped killpid=
14:57:34.730715913 CHANGE ledger 7a71001961a397d3319aa38a2287f04daf42336c01a9ae8ff4f8fd2eb7ac2708 -> f2c9285ed3d2df4314ef31d242818811fdeed40f0cf64ade49cf7a0ddbcbe3eb
14:57:34.734842194 pdns=0/0/inactive/dead/ named=0/inactive/dead/ agent=3658/active/ jphase=source-stopped killpid=
14:57:35.071126484 CHANGE ledger f2c9285ed3d2df4314ef31d242818811fdeed40f0cf64ade49cf7a0ddbcbe3eb -> baf2430c0047a5316f0dbd59c90b2a7a5c1223f7d0f9fa7a1624631cb7f8e1ff
14:57:35.081407934 pdns=0/0/inactive/dead/ named=0/inactive/dead/ agent=3658/active/ jphase=source-stopped killpid=
14:57:35.423577167 CHANGE journal e0a63f41aa3643b895009be9caaaba790c1a8490f050253a4d4a925ac25f758e -> a74392cfc47379232ae180baff86fb101e4908a8fe35b236bd5c55b0a2196208
14:57:35.444339748 CHANGE ledger baf2430c0047a5316f0dbd59c90b2a7a5c1223f7d0f9fa7a1624631cb7f8e1ff -> 9a945fd513098f147a719c1cb72c79b646051469d81210235ae03b06734b451c
14:57:35.452308656 pdns=4566/0/active/running/ named=0/inactive/dead/ agent=3658/active/ jphase=target-started killpid=
14:57:35.745174234 CHANGE ledger 9a945fd513098f147a719c1cb72c79b646051469d81210235ae03b06734b451c -> 9dad853cf226ef6012e3bcc8e964f0736b28ea847d04fe707d1c4104cec2550c
14:57:35.748982104 pdns=4566/0/active/running/ named=0/inactive/dead/ agent=3658/active/ jphase=target-started killpid=
14:57:36.033938036 CHANGE ledger 9dad853cf226ef6012e3bcc8e964f0736b28ea847d04fe707d1c4104cec2550c -> 31342d463441e2efe1b539aa972db3fd3a113eb27d3e89c049185ee37b7c21fd
14:57:36.037226119 pdns=4566/0/active/running/ named=0/inactive/dead/ agent=3658/active/ jphase=target-started killpid=
14:57:36.343636729 CHANGE ledger 31342d463441e2efe1b539aa972db3fd3a113eb27d3e89c049185ee37b7c21fd -> bfa2877ba173d75b3da14ef8fd6981772c65c1818949d25e1fe452dc6b239eb6
14:57:36.347645271 pdns=4566/0/active/running/ named=0/inactive/dead/ agent=3658/active/ jphase=target-started killpid=
14:57:36.632978011 CHANGE journal a74392cfc47379232ae180baff86fb101e4908a8fe35b236bd5c55b0a2196208 -> e20caa93510958ab172063b77d1c993e91d4a11db0823bfe87260d5ebc0d7479
14:57:36.645106933 CHANGE ledger bfa2877ba173d75b3da14ef8fd6981772c65c1818949d25e1fe452dc6b239eb6 -> 530217fb7631c21ba047b804614c1977f1146c6a6542905a8de66c56a4505045
14:57:36.654342571 CHANGE state absent -> 44123b1175908f23676aa5c7375e429ee8f45d1a981ab3d7a0a704575c6df324
14:57:36.657588186 pdns=4566/0/active/running/ named=0/inactive/dead/ agent=3658/active/ jphase=committed killpid=
14:57:36.950272160 CHANGE journal e20caa93510958ab172063b77d1c993e91d4a11db0823bfe87260d5ebc0d7479 -> absent
14:57:36.962619912 CHANGE ledger 530217fb7631c21ba047b804614c1977f1146c6a6542905a8de66c56a4505045 -> 5694f432822e4021603acabbb9b16f6014432dd1711c84275b12721d5bc4e97e
14:57:36.973043477 pdns=4566/0/active/running/ named=0/inactive/dead/ agent=3658/active/ jphase=absent killpid=
14:57:37.269628502 pdns=4566/0/active/running/ named=0/inactive/dead/ agent=3658/active/ jphase=absent killpid=
14:57:37.585059304 pdns=4566/0/active/running/ named=0/inactive/dead/ agent=3658/active/ jphase=absent killpid=
14:57:37.865795260 pdns=4566/0/active/running/ named=0/inactive/dead/ agent=3658/active/ jphase=absent killpid=
14:57:38.144628069 pdns=4566/0/active/running/ named=0/inactive/dead/ agent=3658/active/ jphase=absent killpid=
14:57:38.424851878 pdns=4566/0/active/running/ named=0/inactive/dead/ agent=3658/active/ jphase=absent killpid=
14:57:38.704157966 pdns=4566/0/active/running/ named=0/inactive/dead/ agent=3658/active/ jphase=absent killpid=
14:57:38.996057956 pdns=4566/0/active/running/ named=0/inactive/dead/ agent=3658/active/ jphase=absent killpid=
14:57:39.288738192 pdns=4566/0/active/running/ named=0/inactive/dead/ agent=3658/active/ jphase=absent killpid=
14:57:39.560069538 pdns=4566/0/active/running/ named=0/inactive/dead/ agent=3658/active/ jphase=absent killpid=
14:57:39.832515630 pdns=4566/0/active/running/ named=0/inactive/dead/ agent=3658/active/ jphase=absent killpid=
14:57:40.103887339 pdns=4566/0/active/running/ named=0/inactive/dead/ agent=3658/active/ jphase=absent killpid=
14:57:40.377062301 pdns=4566/0/active/running/ named=0/inactive/dead/ agent=3658/active/ jphase=absent killpid=
14:57:40.648839946 pdns=4566/0/active/running/ named=0/inactive/dead/ agent=3658/active/ jphase=absent killpid=
14:57:40.925152665 pdns=4566/0/active/running/ named=0/inactive/dead/ agent=3658/active/ jphase=absent killpid=
14:57:41.202131887 pdns=4566/0/active/running/ named=0/inactive/dead/ agent=3658/active/ jphase=absent killpid=
14:57:41.567078663 pdns=4566/0/active/running/ named=0/inactive/dead/ agent=3658/active/ jphase=absent killpid=
14:57:42.116466102 pdns=4566/0/active/running/ named=0/inactive/dead/ agent=3658/active/ jphase=absent killpid=
14:57:42.398258569 pdns=4566/0/active/running/ named=0/inactive/dead/ agent=3658/active/ jphase=absent killpid=
14:57:42.666346103 pdns=4566/0/active/running/ named=0/inactive/dead/ agent=3658/active/ jphase=absent killpid=
14:57:42.936218510 pdns=4566/0/active/running/ named=0/inactive/dead/ agent=3658/active/ jphase=absent killpid=
14:57:43.211913825 pdns=4566/0/active/running/ named=0/inactive/dead/ agent=3658/active/ jphase=absent killpid=
14:57:43.489412188 pdns=4566/0/active/running/ named=0/inactive/dead/ agent=3658/active/ jphase=absent killpid=
14:57:43.765261581 pdns=4566/0/active/running/ named=0/inactive/dead/ agent=3658/active/ jphase=absent killpid=
14:57:44.035101694 pdns=4566/0/active/running/ named=0/inactive/dead/ agent=3658/active/ jphase=absent killpid=
14:57:44.308387847 pdns=4566/0/active/running/ named=0/inactive/dead/ agent=3658/active/ jphase=absent killpid=
14:57:44.577699058 pdns=4566/0/active/running/ named=0/inactive/dead/ agent=3658/active/ jphase=absent killpid=
14:57:44.852649005 pdns=4566/0/active/running/ named=0/inactive/dead/ agent=3658/active/ jphase=absent killpid=
14:57:45.147543372 pdns=4566/0/active/running/ named=0/inactive/dead/ agent=3658/active/ jphase=absent killpid=
14:57:45.422898196 pdns=4566/0/active/running/ named=0/inactive/dead/ agent=3658/active/ jphase=absent killpid=
14:57:45.694952899 pdns=4566/0/active/running/ named=0/inactive/dead/ agent=3658/active/ jphase=absent killpid=
14:57:45.981763343 pdns=4566/0/active/running/ named=0/inactive/dead/ agent=3658/active/ jphase=absent killpid=
14:57:46.256604281 pdns=4566/0/active/running/ named=0/inactive/dead/ agent=3658/active/ jphase=absent killpid=
14:57:46.533734140 pdns=4566/0/active/running/ named=0/inactive/dead/ agent=3658/active/ jphase=absent killpid=
14:57:46.805902014 pdns=4566/0/active/running/ named=0/inactive/dead/ agent=3658/active/ jphase=absent killpid=
14:57:47.091544465 pdns=4566/0/active/running/ named=0/inactive/dead/ agent=3658/active/ jphase=absent killpid=
14:57:47.398045117 pdns=4566/0/active/running/ named=0/inactive/dead/ agent=3658/active/ jphase=absent killpid=
14:57:47.667420073 pdns=4566/0/active/running/ named=0/inactive/dead/ agent=3658/active/ jphase=absent killpid=
14:57:47.938365622 pdns=4566/0/active/running/ named=0/inactive/dead/ agent=3658/active/ jphase=absent killpid=
14:57:48.216328287 pdns=4566/0/active/running/ named=0/inactive/dead/ agent=3658/active/ jphase=absent killpid=
14:57:48.496991388 pdns=4566/0/active/running/ named=0/inactive/dead/ agent=3658/active/ jphase=absent killpid=
14:57:48.805720908 pdns=4566/0/active/running/ named=0/inactive/dead/ agent=3658/active/ jphase=absent killpid=
14:57:49.117002337 pdns=4566/0/active/running/ named=0/inactive/dead/ agent=3658/active/ jphase=absent killpid=
14:57:49.394476848 pdns=4566/0/active/running/ named=0/inactive/dead/ agent=3658/active/ jphase=absent killpid=
14:57:49.670268876 pdns=4566/0/active/running/ named=0/inactive/dead/ agent=3658/active/ jphase=absent killpid=
14:57:49.943263833 pdns=4566/0/active/running/ named=0/inactive/dead/ agent=3658/active/ jphase=absent killpid=
14:57:50.216542082 pdns=4566/0/active/running/ named=0/inactive/dead/ agent=3658/active/ jphase=absent killpid=
14:57:50.487936814 pdns=4566/0/active/running/ named=0/inactive/dead/ agent=3658/active/ jphase=absent killpid=
14:57:50.757225513 pdns=4566/0/active/running/ named=0/inactive/dead/ agent=3658/active/ jphase=absent killpid=
14:57:51.028066148 pdns=4566/0/active/running/ named=0/inactive/dead/ agent=3658/active/ jphase=absent killpid=
14:57:51.304204210 pdns=4566/0/active/running/ named=0/inactive/dead/ agent=3658/active/ jphase=absent killpid=
14:57:51.581398071 pdns=4566/0/active/running/ named=0/inactive/dead/ agent=3658/active/ jphase=absent killpid=
14:57:51.857162986 pdns=4566/0/active/running/ named=0/inactive/dead/ agent=3658/active/ jphase=absent killpid=
14:57:52.148551071 pdns=4566/0/active/running/ named=0/inactive/dead/ agent=3658/active/ jphase=absent killpid=
14:57:52.420136966 pdns=4566/0/active/running/ named=0/inactive/dead/ agent=3658/active/ jphase=absent killpid=
14:57:52.694162692 pdns=4566/0/active/running/ named=0/inactive/dead/ agent=3658/active/ jphase=absent killpid=
14:57:52.972344788 pdns=4566/0/active/running/ named=0/inactive/dead/ agent=3658/active/ jphase=absent killpid=
14:57:53.252592491 pdns=4566/0/active/running/ named=0/inactive/dead/ agent=3658/active/ jphase=absent killpid=
14:57:53.532943524 pdns=4566/0/active/running/ named=0/inactive/dead/ agent=3658/active/ jphase=absent killpid=
14:57:53.862422328 pdns=4566/0/active/running/ named=0/inactive/dead/ agent=3658/active/ jphase=absent killpid=
14:57:54.150520260 pdns=4566/0/active/running/ named=0/inactive/dead/ agent=3658/active/ jphase=absent killpid=
14:57:54.431842078 pdns=4566/0/active/running/ named=0/inactive/dead/ agent=3658/active/ jphase=absent killpid=
14:57:54.733617340 pdns=4566/0/active/running/ named=0/inactive/dead/ agent=3658/active/ jphase=absent killpid=
14:57:55.011673230 pdns=4566/0/active/running/ named=0/inactive/dead/ agent=3658/active/ jphase=absent killpid=
14:57:55.289550534 pdns=4566/0/active/running/ named=0/inactive/dead/ agent=3658/active/ jphase=absent killpid=
14:57:55.565209887 pdns=4566/0/active/running/ named=0/inactive/dead/ agent=3658/active/ jphase=absent killpid=
14:57:55.837745811 pdns=4566/0/active/running/ named=0/inactive/dead/ agent=3658/active/ jphase=absent killpid=
14:57:56.112239458 pdns=4566/0/active/running/ named=0/inactive/dead/ agent=3658/active/ jphase=absent killpid=
14:57:56.396758655 pdns=4566/0/active/running/ named=0/inactive/dead/ agent=3658/active/ jphase=absent killpid=
14:57:56.685461090 pdns=4566/0/active/running/ named=0/inactive/dead/ agent=3658/active/ jphase=absent killpid=
14:57:56.954874331 pdns=4566/0/active/running/ named=0/inactive/dead/ agent=3658/active/ jphase=absent killpid=
14:57:57.226846398 pdns=4566/0/active/running/ named=0/inactive/dead/ agent=3658/active/ jphase=absent killpid=
14:57:57.498648598 pdns=4566/0/active/running/ named=0/inactive/dead/ agent=3658/active/ jphase=absent killpid=
14:57:57.770423278 pdns=4566/0/active/running/ named=0/inactive/dead/ agent=3658/active/ jphase=absent killpid=
14:57:58.044254505 pdns=4566/0/active/running/ named=0/inactive/dead/ agent=3658/active/ jphase=absent killpid=
14:57:58.324846125 pdns=4566/0/active/running/ named=0/inactive/dead/ agent=3658/active/ jphase=absent killpid=
14:57:58.606712651 pdns=4566/0/active/running/ named=0/inactive/dead/ agent=3658/active/ jphase=absent killpid=
14:57:58.881304054 pdns=4566/0/active/running/ named=0/inactive/dead/ agent=3658/active/ jphase=absent killpid=
14:57:59.151675458 pdns=4566/0/active/running/ named=0/inactive/dead/ agent=3658/active/ jphase=absent killpid=
14:57:59.431770772 pdns=4566/0/active/running/ named=0/inactive/dead/ agent=3658/active/ jphase=absent killpid=
14:57:59.706173826 pdns=4566/0/active/running/ named=0/inactive/dead/ agent=3658/active/ jphase=absent killpid=
14:57:59.988647086 pdns=4566/0/active/running/ named=0/inactive/dead/ agent=3658/active/ jphase=absent killpid=
14:58:00.278320809 pdns=4566/0/active/running/ named=0/inactive/dead/ agent=3658/active/ jphase=absent killpid=
14:58:00.555341085 pdns=4566/0/active/running/ named=0/inactive/dead/ agent=3658/active/ jphase=absent killpid=
14:58:00.828369817 pdns=4566/0/active/running/ named=0/inactive/dead/ agent=3658/active/ jphase=absent killpid=
14:58:01.100549311 pdns=4566/0/active/running/ named=0/inactive/dead/ agent=3658/active/ jphase=absent killpid=
14:58:01.375673884 pdns=4566/0/active/running/ named=0/inactive/dead/ agent=3658/active/ jphase=absent killpid=
14:58:01.652104315 pdns=4566/0/active/running/ named=0/inactive/dead/ agent=3658/active/ jphase=absent killpid=
14:58:01.926275173 pdns=4566/0/active/running/ named=0/inactive/dead/ agent=3658/active/ jphase=absent killpid=
14:58:02.204010720 pdns=4566/0/active/running/ named=0/inactive/dead/ agent=3658/active/ jphase=absent killpid=
14:58:02.481295379 pdns=4566/0/active/running/ named=0/inactive/dead/ agent=3658/active/ jphase=absent killpid=
14:58:02.762595244 pdns=4566/0/active/running/ named=0/inactive/dead/ agent=3658/active/ jphase=absent killpid=
14:58:03.034633083 pdns=4566/0/active/running/ named=0/inactive/dead/ agent=3658/active/ jphase=absent killpid=
14:58:03.308579873 pdns=4566/0/active/running/ named=0/inactive/dead/ agent=3658/active/ jphase=absent killpid=
14:58:03.587102411 pdns=4566/0/active/running/ named=0/inactive/dead/ agent=3658/active/ jphase=absent killpid=
14:58:03.884771650 pdns=4566/0/active/running/ named=0/inactive/dead/ agent=3658/active/ jphase=absent killpid=
14:58:04.155094360 pdns=4566/0/active/running/ named=0/inactive/dead/ agent=3658/active/ jphase=absent killpid=
14:58:04.423657897 pdns=4566/0/active/running/ named=0/inactive/dead/ agent=3658/active/ jphase=absent killpid=
14:58:04.699645146 pdns=4566/0/active/running/ named=0/inactive/dead/ agent=3658/active/ jphase=absent killpid=
14:58:04.974385224 pdns=4566/0/active/running/ named=0/inactive/dead/ agent=3658/active/ jphase=absent killpid=
14:58:05.249244863 pdns=4566/0/active/running/ named=0/inactive/dead/ agent=3658/active/ jphase=absent killpid=
14:58:05.519786690 pdns=4566/0/active/running/ named=0/inactive/dead/ agent=3658/active/ jphase=absent killpid=
14:58:05.792094815 pdns=4566/0/active/running/ named=0/inactive/dead/ agent=3658/active/ jphase=absent killpid=
14:58:06.069373308 pdns=4566/0/active/running/ named=0/inactive/dead/ agent=3658/active/ jphase=absent killpid=
14:58:06.344359929 pdns=4566/0/active/running/ named=0/inactive/dead/ agent=3658/active/ jphase=absent killpid=
14:58:06.620707839 pdns=4566/0/active/running/ named=0/inactive/dead/ agent=3658/active/ jphase=absent killpid=
14:58:06.892600660 pdns=4566/0/active/running/ named=0/inactive/dead/ agent=3658/active/ jphase=absent killpid=
14:58:07.162178191 pdns=4566/0/active/running/ named=0/inactive/dead/ agent=3658/active/ jphase=absent killpid=
14:58:07.437515165 pdns=4566/0/active/running/ named=0/inactive/dead/ agent=3658/active/ jphase=absent killpid=
14:58:07.723497068 pdns=4566/0/active/running/ named=0/inactive/dead/ agent=3658/active/ jphase=absent killpid=
14:58:08.010709233 pdns=4566/0/active/running/ named=0/inactive/dead/ agent=3658/active/ jphase=absent killpid=
14:58:08.286890071 pdns=4566/0/active/running/ named=0/inactive/dead/ agent=3658/active/ jphase=absent killpid=
14:58:08.557572074 pdns=4566/0/active/running/ named=0/inactive/dead/ agent=3658/active/ jphase=absent killpid=
