22:30:24.796012782 pdns=0/0/inactive/dead/ named=0/inactive/dead/ agent=1193/inactive/ jphase=absent killpid=
22:30:25.061118988 pdns=0/0/inactive/dead/ named=0/inactive/dead/ agent=1193/inactive/ jphase=absent killpid=1496,
22:30:25.347863598 pdns=0/0/inactive/dead/ named=0/inactive/dead/ agent=1193/inactive/ jphase=absent killpid=1496,1581,
22:30:25.625678553 pdns=0/0/inactive/dead/ named=0/inactive/dead/ agent=1193/inactive/ jphase=absent killpid=1496,
22:30:25.902975408 pdns=0/0/inactive/dead/ named=0/inactive/dead/ agent=1193/inactive/ jphase=absent killpid=1496,1659,
22:30:26.168087701 pdns=0/0/inactive/dead/ named=0/inactive/dead/ agent=1193/inactive/ jphase=absent killpid=1496,1659,
22:30:26.432081800 pdns=0/0/inactive/dead/ named=0/inactive/dead/ agent=1193/inactive/ jphase=absent killpid=1496,1659,
22:30:26.700978442 pdns=0/0/inactive/dead/ named=0/inactive/dead/ agent=1193/inactive/ jphase=absent killpid=1496,1659,
22:30:26.969011018 pdns=0/0/inactive/dead/ named=0/inactive/dead/ agent=1193/inactive/ jphase=absent killpid=1496,1659,
22:30:27.238970261 pdns=0/0/inactive/dead/ named=0/inactive/dead/ agent=1193/inactive/ jphase=absent killpid=1496,1659,
22:30:27.511637165 pdns=0/0/inactive/dead/ named=0/inactive/dead/ agent=1193/inactive/ jphase=absent killpid=1496,1659,
22:30:27.780041385 pdns=0/0/inactive/dead/ named=0/inactive/dead/ agent=1193/inactive/ jphase=absent killpid=1496,1659,
22:30:28.062555323 pdns=0/0/inactive/dead/ named=0/inactive/dead/ agent=1193/inactive/ jphase=absent killpid=1496,1659,
22:30:28.341600492 pdns=0/0/inactive/dead/ named=0/inactive/dead/ agent=1193/inactive/ jphase=absent killpid=1496,1659,
22:30:28.619115814 pdns=0/0/inactive/dead/ named=0/inactive/dead/ agent=1193/inactive/ jphase=absent killpid=1496,1659,
22:30:28.905648643 pdns=0/0/inactive/dead/ named=0/inactive/dead/ agent=1193/inactive/ jphase=absent killpid=1496,1659,
22:30:29.189038329 pdns=0/0/inactive/dead/ named=0/inactive/dead/ agent=1193/inactive/ jphase=absent killpid=1496,1659,
22:30:29.457930433 pdns=0/0/inactive/dead/ named=0/inactive/dead/ agent=1193/inactive/ jphase=absent killpid=1496,1659,
22:30:29.732629815 pdns=0/0/inactive/dead/ named=0/inactive/dead/ agent=1193/inactive/ jphase=absent killpid=1496,1659,
22:30:30.008195924 pdns=0/0/inactive/dead/ named=0/inactive/dead/ agent=1193/inactive/ jphase=absent killpid=1496,1659,
22:30:30.276527448 pdns=0/0/inactive/dead/ named=0/inactive/dead/ agent=1193/inactive/ jphase=absent killpid=1496,1659,
22:30:30.551314835 pdns=0/0/inactive/dead/ named=0/inactive/dead/ agent=1193/inactive/ jphase=absent killpid=1496,1971,
22:30:30.834652749 pdns=0/0/inactive/dead/ named=0/inactive/dead/ agent=1193/inactive/ jphase=absent killpid=1496,1971,
22:30:31.110006521 pdns=0/0/inactive/dead/ named=0/inactive/dead/ agent=1193/inactive/ jphase=absent killpid=1496,1971,
22:30:31.378284129 pdns=0/0/inactive/dead/ named=0/inactive/dead/ agent=1193/inactive/ jphase=absent killpid=1496,1971,
22:30:31.672473408 pdns=0/0/inactive/dead/ named=0/inactive/dead/ agent=1193/inactive/ jphase=absent killpid=1496,1971,
22:30:31.949428413 pdns=0/0/inactive/dead/ named=0/inactive/dead/ agent=1193/inactive/ jphase=absent killpid=1496,1971,
22:30:32.224980644 pdns=0/0/inactive/dead/ named=0/inactive/dead/ agent=1193/inactive/ jphase=absent killpid=1496,1971,
22:30:32.494290770 pdns=0/0/inactive/dead/ named=0/inactive/dead/ agent=1193/inactive/ jphase=absent killpid=1496,1971,
22:30:32.765677117 pdns=0/0/inactive/dead/ named=0/inactive/dead/ agent=1193/inactive/ jphase=absent killpid=1496,1971,
22:30:33.042019050 pdns=0/0/inactive/dead/ named=0/inactive/dead/ agent=1193/inactive/ jphase=absent killpid=1496,1971,
22:30:33.320617657 pdns=0/0/inactive/dead/ named=0/inactive/dead/ agent=1193/inactive/ jphase=absent killpid=1496,1971,
22:30:33.601796261 pdns=0/0/inactive/dead/ named=0/inactive/dead/ agent=1193/inactive/ jphase=absent killpid=1496,1971,
22:30:33.876710696 pdns=0/0/inactive/dead/ named=0/inactive/dead/ agent=1193/inactive/ jphase=absent killpid=1496,1971,
22:30:34.148800667 pdns=0/0/inactive/dead/ named=0/inactive/dead/ agent=1193/inactive/ jphase=absent killpid=1496,1971,
22:30:34.419403316 pdns=0/0/inactive/dead/ named=0/inactive/dead/ agent=1193/inactive/ jphase=absent killpid=1496,2387,
22:30:34.857180518 pdns=0/0/inactive/dead/ named=0/inactive/dead/ agent=1193/inactive/ jphase=absent killpid=1496,
22:30:35.138806941 pdns=0/0/inactive/dead/ named=0/inactive/dead/ agent=1193/inactive/ jphase=intent killpid=1496,
22:30:35.402856637 pdns=0/0/inactive/dead/ named=0/inactive/dead/ agent=1193/inactive/ jphase=target-staged killpid=1496,
22:30:35.684301201 pdns=0/0/inactive/dead/ named=0/inactive/dead/ agent=1193/inactive/ jphase=source-stopped killpid=1496,2645,
22:30:35.959581453 pdns=0/0/inactive/dead/ named=0/inactive/dead/ agent=1193/inactive/ jphase=source-stopped killpid=1496,2751,
22:30:36.445068479 pdns=0/0/inactive/dead/ named=0/inactive/dead/ agent=1193/inactive/ jphase=source-stopped killpid=1496,2816,
22:30:36.746559554 pdns=0/0/inactive/dead/ named=0/inactive/dead/ agent=1193/inactive/ jphase=source-stopped killpid=1496,2918,
22:30:37.226841327 pdns=0/0/inactive/dead/ named=0/inactive/dead/ agent=1193/inactive/ jphase=source-stopped killpid=1496,2987,
22:30:37.501886065 pdns=0/3045/activating/start/ named=0/inactive/dead/ agent=1193/inactive/ jphase=source-stopped killpid=1496,3039,
22:30:37.771063160 pdns=0/3045/inactive/dead/ named=0/inactive/dead/ agent=3072/active/ jphase=rolling-back killpid=
22:30:38.556368488 pdns=0/3045/inactive/dead/ named=0/inactive/dead/ agent=3072/active/ jphase=absent killpid=
22:30:38.840377779 pdns=0/3045/inactive/dead/ named=0/inactive/dead/ agent=3072/active/ jphase=absent killpid=
22:30:39.113839273 pdns=0/3045/inactive/dead/ named=0/inactive/dead/ agent=3072/active/ jphase=intent killpid=
22:30:39.376179894 pdns=0/3045/inactive/dead/ named=0/inactive/dead/ agent=3072/active/ jphase=source-stopped killpid=
22:30:39.654134154 pdns=0/3045/inactive/dead/ named=0/inactive/dead/ agent=3072/active/ jphase=source-stopped killpid=
22:30:40.286328342 pdns=0/3045/inactive/dead/ named=0/inactive/dead/ agent=3072/active/ jphase=source-stopped killpid=
22:30:40.568159923 pdns=0/3045/inactive/dead/ named=0/inactive/dead/ agent=3072/active/ jphase=source-stopped killpid=
22:30:40.842178115 pdns=0/3782/activating/start/ named=0/inactive/dead/ agent=3072/active/ jphase=source-stopped killpid=
22:30:41.129407165 pdns=0/3782/active/running/ named=0/inactive/dead/ agent=3072/active/ jphase=target-started killpid=
22:30:41.410431905 pdns=0/3782/active/running/ named=0/inactive/dead/ agent=3072/active/ jphase=target-started killpid=
22:30:41.686453638 pdns=0/3782/active/running/ named=0/inactive/dead/ agent=3072/active/ jphase=target-started killpid=
22:30:41.959943895 pdns=0/3782/active/running/ named=0/inactive/dead/ agent=3072/active/ jphase=committed killpid=
22:30:42.237246925 pdns=0/3782/active/running/ named=0/inactive/dead/ agent=3072/active/ jphase=committed killpid=
22:30:42.523548153 pdns=0/3782/active/running/ named=0/inactive/dead/ agent=3072/active/ jphase=absent killpid=
22:30:42.824612125 pdns=0/3782/active/running/ named=0/inactive/dead/ agent=3072/active/ jphase=absent killpid=
22:30:43.120389791 pdns=0/3782/active/running/ named=0/inactive/dead/ agent=3072/active/ jphase=absent killpid=
22:30:43.389443490 pdns=0/3782/active/running/ named=0/inactive/dead/ agent=3072/active/ jphase=absent killpid=
22:30:43.862793560 pdns=0/3782/active/running/ named=0/inactive/dead/ agent=3072/active/ jphase=absent killpid=
22:30:44.332193598 pdns=0/3782/active/running/ named=0/inactive/dead/ agent=3072/active/ jphase=absent killpid=
22:30:44.604764789 pdns=0/3782/active/running/ named=0/inactive/dead/ agent=3072/active/ jphase=absent killpid=
22:30:44.877527333 pdns=0/3782/active/running/ named=0/inactive/dead/ agent=3072/active/ jphase=absent killpid=
22:30:45.145541787 pdns=0/3782/active/running/ named=0/inactive/dead/ agent=3072/active/ jphase=absent killpid=
22:30:45.410086204 pdns=0/3782/active/running/ named=0/inactive/dead/ agent=3072/active/ jphase=absent killpid=
22:30:45.683504302 pdns=0/3782/active/running/ named=0/inactive/dead/ agent=3072/active/ jphase=absent killpid=
22:30:45.951636178 pdns=0/3782/active/running/ named=0/inactive/dead/ agent=3072/active/ jphase=absent killpid=
22:30:46.218489106 pdns=0/3782/active/running/ named=0/inactive/dead/ agent=3072/active/ jphase=absent killpid=
22:30:46.485355051 pdns=0/3782/active/running/ named=0/inactive/dead/ agent=3072/active/ jphase=absent killpid=
22:30:46.751997681 pdns=0/3782/active/running/ named=0/inactive/dead/ agent=3072/active/ jphase=absent killpid=
22:30:47.017809624 pdns=0/3782/active/running/ named=0/inactive/dead/ agent=3072/active/ jphase=absent killpid=
22:30:47.283792102 pdns=0/3782/active/running/ named=0/inactive/dead/ agent=3072/active/ jphase=absent killpid=
22:30:47.551769272 pdns=0/3782/active/running/ named=0/inactive/dead/ agent=3072/active/ jphase=absent killpid=
22:30:47.831908757 pdns=0/3782/active/running/ named=0/inactive/dead/ agent=3072/active/ jphase=absent killpid=
22:30:48.099142244 pdns=0/3782/active/running/ named=0/inactive/dead/ agent=3072/active/ jphase=absent killpid=
22:30:48.365107990 pdns=0/3782/active/running/ named=0/inactive/dead/ agent=3072/active/ jphase=absent killpid=
22:30:48.633225975 pdns=0/3782/active/running/ named=0/inactive/dead/ agent=3072/active/ jphase=absent killpid=
22:30:48.902766885 pdns=0/3782/active/running/ named=0/inactive/dead/ agent=3072/active/ jphase=absent killpid=
22:30:49.168495367 pdns=0/3782/active/running/ named=0/inactive/dead/ agent=3072/active/ jphase=absent killpid=
22:30:49.434739140 pdns=0/3782/active/running/ named=0/inactive/dead/ agent=3072/active/ jphase=absent killpid=
22:30:49.708742138 pdns=0/3782/active/running/ named=0/inactive/dead/ agent=3072/active/ jphase=absent killpid=
22:30:49.974873121 pdns=0/3782/active/running/ named=0/inactive/dead/ agent=3072/active/ jphase=absent killpid=
22:30:50.244253786 pdns=0/3782/active/running/ named=0/inactive/dead/ agent=3072/active/ jphase=absent killpid=
22:30:50.521554132 pdns=0/3782/active/running/ named=0/inactive/dead/ agent=3072/active/ jphase=absent killpid=
22:30:50.788381601 pdns=0/3782/active/running/ named=0/inactive/dead/ agent=3072/active/ jphase=absent killpid=
22:30:51.055188764 pdns=0/3782/active/running/ named=0/inactive/dead/ agent=3072/active/ jphase=absent killpid=
22:30:51.324666942 pdns=0/3782/active/running/ named=0/inactive/dead/ agent=3072/active/ jphase=absent killpid=
22:30:51.595483935 pdns=0/3782/active/running/ named=0/inactive/dead/ agent=3072/active/ jphase=absent killpid=
22:30:51.866419068 pdns=0/3782/active/running/ named=0/inactive/dead/ agent=3072/active/ jphase=absent killpid=
22:30:52.132659141 pdns=0/3782/active/running/ named=0/inactive/dead/ agent=3072/active/ jphase=absent killpid=
22:30:52.399039896 pdns=0/3782/active/running/ named=0/inactive/dead/ agent=3072/active/ jphase=absent killpid=
22:30:52.670180636 pdns=0/3782/active/running/ named=0/inactive/dead/ agent=3072/active/ jphase=absent killpid=
22:30:52.937631491 pdns=0/3782/active/running/ named=0/inactive/dead/ agent=3072/active/ jphase=absent killpid=
22:30:53.207339705 pdns=0/3782/active/running/ named=0/inactive/dead/ agent=3072/active/ jphase=absent killpid=
22:30:53.477041636 pdns=0/3782/active/running/ named=0/inactive/dead/ agent=3072/active/ jphase=absent killpid=
22:30:53.750067778 pdns=0/3782/active/running/ named=0/inactive/dead/ agent=3072/active/ jphase=absent killpid=
22:30:54.015498514 pdns=0/3782/active/running/ named=0/inactive/dead/ agent=3072/active/ jphase=absent killpid=
22:30:54.284031750 pdns=0/3782/active/running/ named=0/inactive/dead/ agent=3072/active/ jphase=absent killpid=
22:30:54.553240386 pdns=0/3782/active/running/ named=0/inactive/dead/ agent=3072/active/ jphase=absent killpid=
22:30:54.821789680 pdns=0/3782/active/running/ named=0/inactive/dead/ agent=3072/active/ jphase=absent killpid=
22:30:55.086145193 pdns=0/3782/active/running/ named=0/inactive/dead/ agent=3072/active/ jphase=absent killpid=
22:30:55.351448367 pdns=0/3782/active/running/ named=0/inactive/dead/ agent=3072/active/ jphase=absent killpid=
22:30:55.621799593 pdns=0/3782/active/running/ named=0/inactive/dead/ agent=3072/active/ jphase=absent killpid=
22:30:55.888510660 pdns=0/3782/active/running/ named=0/inactive/dead/ agent=3072/active/ jphase=absent killpid=
22:30:56.155750152 pdns=0/3782/active/running/ named=0/inactive/dead/ agent=3072/active/ jphase=absent killpid=
22:30:56.424576369 pdns=0/3782/active/running/ named=0/inactive/dead/ agent=3072/active/ jphase=absent killpid=
22:30:56.695324079 pdns=0/3782/active/running/ named=0/inactive/dead/ agent=3072/active/ jphase=absent killpid=
22:30:56.961626302 pdns=0/3782/active/running/ named=0/inactive/dead/ agent=3072/active/ jphase=absent killpid=
22:30:57.230037500 pdns=0/3782/active/running/ named=0/inactive/dead/ agent=3072/active/ jphase=absent killpid=
22:30:57.503107493 pdns=0/3782/active/running/ named=0/inactive/dead/ agent=3072/active/ jphase=absent killpid=
22:30:57.773935099 pdns=0/3782/active/running/ named=0/inactive/dead/ agent=3072/active/ jphase=absent killpid=
22:30:58.047994706 pdns=0/3782/active/running/ named=0/inactive/dead/ agent=3072/active/ jphase=absent killpid=
22:30:58.315014266 pdns=0/3782/active/running/ named=0/inactive/dead/ agent=3072/active/ jphase=absent killpid=
22:30:58.581741373 pdns=0/3782/active/running/ named=0/inactive/dead/ agent=3072/active/ jphase=absent killpid=
22:30:58.849043210 pdns=0/3782/active/running/ named=0/inactive/dead/ agent=3072/active/ jphase=absent killpid=
22:30:59.113598870 pdns=0/3782/active/running/ named=0/inactive/dead/ agent=3072/active/ jphase=absent killpid=
22:30:59.383920431 pdns=0/3782/active/running/ named=0/inactive/dead/ agent=3072/active/ jphase=absent killpid=
22:30:59.692382827 pdns=0/3782/active/running/ named=0/inactive/dead/ agent=3072/active/ jphase=absent killpid=
22:31:00.095424636 pdns=0/3782/active/running/ named=0/inactive/dead/ agent=3072/active/ jphase=absent killpid=
22:31:00.427834927 pdns=0/3782/active/running/ named=0/inactive/dead/ agent=3072/active/ jphase=absent killpid=
22:31:00.706688443 pdns=0/3782/active/running/ named=0/inactive/dead/ agent=3072/active/ jphase=absent killpid=
22:31:00.977172771 pdns=0/3782/active/running/ named=0/inactive/dead/ agent=3072/active/ jphase=absent killpid=
22:31:01.244604559 pdns=0/3782/active/running/ named=0/inactive/dead/ agent=3072/active/ jphase=absent killpid=
22:31:01.516924191 pdns=0/3782/active/running/ named=0/inactive/dead/ agent=3072/active/ jphase=absent killpid=
22:31:01.786736887 pdns=0/3782/active/running/ named=0/inactive/dead/ agent=3072/active/ jphase=absent killpid=
22:31:02.054685677 pdns=0/3782/active/running/ named=0/inactive/dead/ agent=3072/active/ jphase=absent killpid=
22:31:02.321897709 pdns=0/3782/active/running/ named=0/inactive/dead/ agent=3072/active/ jphase=absent killpid=
22:31:02.595459269 pdns=0/3782/active/running/ named=0/inactive/dead/ agent=3072/active/ jphase=absent killpid=
22:31:02.863782554 pdns=0/3782/active/running/ named=0/inactive/dead/ agent=3072/active/ jphase=absent killpid=
22:31:03.131583572 pdns=0/3782/active/running/ named=0/inactive/dead/ agent=3072/active/ jphase=absent killpid=
22:31:03.400643665 pdns=0/3782/active/running/ named=0/inactive/dead/ agent=3072/active/ jphase=absent killpid=
22:31:03.671648347 pdns=0/3782/active/running/ named=0/inactive/dead/ agent=3072/active/ jphase=absent killpid=
22:31:03.939607413 pdns=0/3782/active/running/ named=0/inactive/dead/ agent=3072/active/ jphase=absent killpid=
22:31:04.208211427 pdns=0/3782/active/running/ named=0/inactive/dead/ agent=3072/active/ jphase=absent killpid=
22:31:04.476343933 pdns=0/3782/active/running/ named=0/inactive/dead/ agent=3072/active/ jphase=absent killpid=
22:31:04.744116407 pdns=0/3782/active/running/ named=0/inactive/dead/ agent=3072/active/ jphase=absent killpid=
22:31:05.011417439 pdns=0/3782/active/running/ named=0/inactive/dead/ agent=3072/active/ jphase=absent killpid=
22:31:05.279298514 pdns=0/3782/active/running/ named=0/inactive/dead/ agent=3072/active/ jphase=absent killpid=
22:31:05.548690232 pdns=0/3782/active/running/ named=0/inactive/dead/ agent=3072/active/ jphase=absent killpid=
22:31:05.816612842 pdns=0/3782/active/running/ named=0/inactive/dead/ agent=3072/active/ jphase=absent killpid=
22:31:06.082662120 pdns=0/3782/active/running/ named=0/inactive/dead/ agent=3072/active/ jphase=absent killpid=
22:31:06.348071630 pdns=0/3782/active/running/ named=0/inactive/dead/ agent=3072/active/ jphase=absent killpid=
22:31:06.616223869 pdns=0/3782/active/running/ named=0/inactive/dead/ agent=3072/active/ jphase=absent killpid=
22:31:06.881709569 pdns=0/3782/active/running/ named=0/inactive/dead/ agent=3072/active/ jphase=absent killpid=
22:31:07.147483232 pdns=0/3782/active/running/ named=0/inactive/dead/ agent=3072/active/ jphase=absent killpid=
22:31:07.415597662 pdns=0/3782/active/running/ named=0/inactive/dead/ agent=3072/active/ jphase=absent killpid=
22:31:07.686187556 pdns=0/3782/active/running/ named=0/inactive/dead/ agent=3072/active/ jphase=absent killpid=
22:31:07.954190227 pdns=0/3782/active/running/ named=0/inactive/dead/ agent=3072/active/ jphase=absent killpid=
22:31:08.222505843 pdns=0/3782/active/running/ named=0/inactive/dead/ agent=3072/active/ jphase=absent killpid=
22:31:08.491154818 pdns=0/3782/active/running/ named=0/inactive/dead/ agent=3072/active/ jphase=absent killpid=
22:31:08.760423586 pdns=0/3782/active/running/ named=0/inactive/dead/ agent=3072/active/ jphase=absent killpid=
22:31:09.027850145 pdns=0/3782/active/running/ named=0/inactive/dead/ agent=3072/active/ jphase=absent killpid=
22:31:09.296564024 pdns=0/3782/active/running/ named=0/inactive/dead/ agent=3072/active/ jphase=absent killpid=
22:31:09.566838545 pdns=0/3782/active/running/ named=0/inactive/dead/ agent=3072/active/ jphase=absent killpid=
22:31:09.836209515 pdns=0/3782/active/running/ named=0/inactive/dead/ agent=3072/active/ jphase=absent killpid=
22:31:10.101880397 pdns=0/3782/active/running/ named=0/inactive/dead/ agent=3072/active/ jphase=absent killpid=
22:31:10.367489764 pdns=0/3782/active/running/ named=0/inactive/dead/ agent=3072/active/ jphase=absent killpid=
22:31:10.639499489 pdns=0/3782/active/running/ named=0/inactive/dead/ agent=3072/active/ jphase=absent killpid=
22:31:10.905865686 pdns=0/3782/active/running/ named=0/inactive/dead/ agent=3072/active/ jphase=absent killpid=
22:31:11.173917239 pdns=0/3782/active/running/ named=0/inactive/dead/ agent=3072/active/ jphase=absent killpid=
22:31:11.442514460 pdns=0/3782/active/running/ named=0/inactive/dead/ agent=3072/active/ jphase=absent killpid=
22:31:11.710408006 pdns=0/3782/active/running/ named=0/inactive/dead/ agent=3072/active/ jphase=absent killpid=
22:31:11.975590062 pdns=0/3782/active/running/ named=0/inactive/dead/ agent=3072/active/ jphase=absent killpid=
22:31:12.239428043 pdns=0/3782/active/running/ named=0/inactive/dead/ agent=3072/active/ jphase=absent killpid=
22:31:12.507027506 pdns=0/3782/active/running/ named=0/inactive/dead/ agent=3072/active/ jphase=absent killpid=
22:31:12.776603230 pdns=0/3782/active/running/ named=0/inactive/dead/ agent=3072/active/ jphase=absent killpid=
22:31:13.046672077 pdns=0/3782/active/running/ named=0/inactive/dead/ agent=3072/active/ jphase=absent killpid=
done
