15:02:59.771119824 CHANGE journal none -> absent
15:02:59.783099834 CHANGE ledger none -> 52a672af743f0f014d081ab91cd2fc8efd83aa7815cffc737832ec3a204f84e5
15:02:59.789961613 CHANGE state none -> 0d59887abe74471d54d672d047750c46687442ba847c92c9dd22fe6b71b26aa9
15:02:59.793722673 POINTER /var/cache/bind/celikpanel mtime=2026-09-29 15:02:07.797238346 +0000 ino=131681 /var/cache/bind/celikpanel/current absent 
15:02:59.795133151 pdns=651/0/active/running/ named=0/inactive/dead/ agent=639/active/ jphase=absent killpid=
15:03:00.130691501 pdns=651/0/active/running/ named=0/inactive/dead/ agent=639/active/ jphase=absent killpid=
15:03:00.400109642 pdns=651/0/active/running/ named=0/inactive/dead/ agent=639/active/ jphase=absent killpid=
15:03:00.670849586 pdns=651/0/active/running/ named=0/inactive/dead/ agent=639/active/ jphase=absent killpid=
15:03:00.937387474 pdns=651/0/active/running/ named=0/inactive/dead/ agent=639/active/ jphase=absent killpid=
15:03:01.206777191 pdns=651/0/active/running/ named=0/inactive/dead/ agent=639/active/ jphase=absent killpid=
15:03:01.496392857 pdns=651/0/active/running/ named=0/inactive/dead/ agent=639/active/ jphase=absent killpid=
15:03:01.766576904 pdns=651/0/active/running/ named=0/inactive/dead/ agent=639/active/ jphase=absent killpid=
15:03:02.038474966 pdns=651/0/active/running/ named=0/inactive/dead/ agent=639/active/ jphase=absent killpid=
15:03:02.307097372 pdns=651/0/active/running/ named=0/inactive/dead/ agent=639/active/ jphase=absent killpid=
15:03:02.576213588 pdns=651/0/active/running/ named=0/inactive/dead/ agent=639/active/ jphase=absent killpid=
15:03:02.845587494 pdns=651/0/active/running/ named=0/inactive/dead/ agent=639/active/ jphase=absent killpid=
15:03:03.146133652 pdns=651/0/active/running/ named=0/inactive/dead/ agent=639/active/ jphase=absent killpid=
15:03:03.413630021 pdns=651/0/active/running/ named=0/inactive/dead/ agent=639/active/ jphase=absent killpid=
15:03:03.681645675 pdns=651/0/active/running/ named=0/inactive/dead/ agent=639/active/ jphase=absent killpid=
15:03:03.954510830 pdns=651/0/active/running/ named=0/inactive/dead/ agent=639/active/ jphase=absent killpid=
15:03:04.220488135 pdns=651/0/active/running/ named=0/inactive/dead/ agent=639/active/ jphase=absent killpid=
15:03:04.490995534 pdns=651/0/active/running/ named=0/inactive/dead/ agent=639/active/ jphase=absent killpid=
15:03:04.761116350 pdns=651/0/active/running/ named=0/inactive/dead/ agent=639/active/ jphase=absent killpid=
15:03:05.029064101 pdns=651/0/active/running/ named=0/inactive/dead/ agent=639/active/ jphase=absent killpid=
15:03:05.297640031 pdns=651/0/active/running/ named=0/inactive/dead/ agent=639/active/ jphase=absent killpid=
15:03:05.565754338 pdns=651/0/active/running/ named=0/inactive/dead/ agent=639/active/ jphase=absent killpid=
15:03:05.834582669 pdns=651/0/active/running/ named=0/inactive/dead/ agent=639/active/ jphase=absent killpid=
15:03:06.101779898 pdns=651/0/active/running/ named=0/inactive/dead/ agent=639/active/ jphase=absent killpid=
15:03:06.372287096 pdns=651/0/active/running/ named=0/inactive/dead/ agent=639/active/ jphase=absent killpid=
15:03:06.648233725 pdns=651/0/active/running/ named=0/inactive/dead/ agent=639/active/ jphase=absent killpid=
15:03:06.919369476 pdns=651/0/active/running/ named=0/inactive/dead/ agent=639/active/ jphase=absent killpid=
15:03:07.191341696 pdns=651/0/active/running/ named=0/inactive/dead/ agent=639/active/ jphase=absent killpid=
15:03:07.462772055 pdns=651/0/active/running/ named=0/inactive/dead/ agent=639/active/ jphase=absent killpid=
15:03:07.747177499 pdns=651/0/active/running/ named=0/inactive/dead/ agent=639/active/ jphase=absent killpid=
15:03:08.014757999 pdns=651/0/active/running/ named=0/inactive/dead/ agent=639/active/ jphase=absent killpid=
15:03:08.282564148 pdns=651/0/active/running/ named=0/inactive/dead/ agent=639/active/ jphase=absent killpid=
15:03:08.555325228 pdns=651/0/active/running/ named=0/inactive/dead/ agent=639/active/ jphase=absent killpid=
15:03:08.827401219 pdns=651/0/active/running/ named=0/inactive/dead/ agent=639/active/ jphase=absent killpid=
15:03:09.100232787 pdns=651/0/active/running/ named=0/inactive/dead/ agent=639/active/ jphase=absent killpid=
15:03:09.371369074 pdns=651/0/active/running/ named=0/inactive/dead/ agent=639/active/ jphase=absent killpid=
15:03:09.644039853 pdns=651/0/active/running/ named=0/inactive/dead/ agent=639/active/ jphase=absent killpid=
15:03:09.922224084 pdns=651/0/active/running/ named=0/inactive/dead/ agent=639/active/ jphase=absent killpid=
15:03:10.188457988 pdns=651/0/active/running/ named=0/inactive/dead/ agent=639/active/ jphase=absent killpid=
15:03:10.457913395 pdns=651/0/active/running/ named=0/inactive/dead/ agent=639/active/ jphase=absent killpid=
15:03:10.729832747 pdns=651/0/active/running/ named=0/inactive/dead/ agent=639/active/ jphase=absent killpid=
15:03:11.001784915 pdns=651/0/active/running/ named=0/inactive/dead/ agent=639/active/ jphase=absent killpid=
15:03:11.272675127 pdns=651/0/active/running/ named=0/inactive/dead/ agent=639/active/ jphase=absent killpid=
15:03:11.541387766 pdns=651/0/active/running/ named=0/inactive/dead/ agent=639/active/ jphase=absent killpid=
15:03:11.811889074 pdns=651/0/active/running/ named=0/inactive/dead/ agent=639/active/ jphase=absent killpid=
15:03:12.082797979 pdns=651/0/active/running/ named=0/inactive/dead/ agent=639/active/ jphase=absent killpid=
15:03:12.351384772 pdns=651/0/active/running/ named=0/inactive/dead/ agent=639/active/ jphase=absent killpid=
15:03:12.624259635 pdns=651/0/active/running/ named=0/inactive/dead/ agent=639/active/ jphase=absent killpid=
15:03:12.897954314 pdns=651/0/active/running/ named=0/inactive/dead/ agent=639/active/ jphase=absent killpid=
15:03:13.170657426 pdns=651/0/active/running/ named=0/inactive/dead/ agent=639/active/ jphase=absent killpid=
15:03:13.438487485 pdns=651/0/active/running/ named=0/inactive/dead/ agent=639/active/ jphase=absent killpid=
15:03:13.712323680 pdns=651/0/active/running/ named=0/inactive/dead/ agent=639/active/ jphase=absent killpid=
15:03:13.983243286 pdns=651/0/active/running/ named=0/inactive/dead/ agent=639/active/ jphase=absent killpid=
15:03:14.253059859 pdns=651/0/active/running/ named=0/inactive/dead/ agent=639/active/ jphase=absent killpid=
15:03:14.524337653 pdns=651/0/active/running/ named=0/inactive/dead/ agent=639/active/ jphase=absent killpid=
15:03:14.793730385 pdns=651/0/active/running/ named=0/inactive/dead/ agent=639/active/ jphase=absent killpid=
15:03:15.064313234 pdns=651/0/active/running/ named=0/inactive/dead/ agent=639/active/ jphase=absent killpid=
15:03:15.331647210 pdns=651/0/active/running/ named=0/inactive/dead/ agent=639/active/ jphase=absent killpid=
15:03:15.601120892 pdns=651/0/active/running/ named=0/inactive/dead/ agent=639/active/ jphase=absent killpid=
15:03:15.872047359 pdns=651/0/active/running/ named=0/inactive/dead/ agent=639/active/ jphase=absent killpid=
15:03:16.141258165 pdns=651/0/active/running/ named=0/inactive/dead/ agent=639/active/ jphase=absent killpid=
15:03:16.408191092 pdns=651/0/active/running/ named=0/inactive/dead/ agent=639/active/ jphase=absent killpid=
15:03:16.675832057 pdns=651/0/active/running/ named=0/inactive/dead/ agent=639/active/ jphase=absent killpid=
15:03:16.947881291 pdns=651/0/active/running/ named=0/inactive/dead/ agent=639/active/ jphase=absent killpid=
15:03:17.224437444 pdns=651/0/active/running/ named=0/inactive/dead/ agent=639/active/ jphase=absent killpid=
15:03:17.498160328 pdns=651/0/active/running/ named=0/inactive/dead/ agent=639/active/ jphase=absent killpid=
15:03:17.766927644 pdns=651/0/active/running/ named=0/inactive/dead/ agent=639/active/ jphase=absent killpid=
15:03:18.039310777 pdns=651/0/active/running/ named=0/inactive/dead/ agent=639/active/ jphase=absent killpid=
15:03:18.307184488 pdns=651/0/active/running/ named=0/inactive/dead/ agent=639/active/ jphase=absent killpid=
15:03:18.576364485 pdns=651/0/active/running/ named=0/inactive/dead/ agent=639/active/ jphase=absent killpid=
15:03:18.849163035 pdns=651/0/active/running/ named=0/inactive/dead/ agent=639/active/ jphase=absent killpid=
15:03:19.123330086 pdns=651/0/active/running/ named=0/inactive/dead/ agent=639/active/ jphase=absent killpid=
15:03:19.406632459 pdns=651/0/active/running/ named=0/inactive/dead/ agent=639/active/ jphase=absent killpid=
15:03:19.679945842 pdns=651/0/active/running/ named=0/inactive/dead/ agent=639/active/ jphase=absent killpid=
15:03:19.966154028 pdns=651/0/active/running/ named=0/inactive/dead/ agent=639/active/ jphase=absent killpid=
15:03:20.241628587 pdns=651/0/active/running/ named=0/inactive/dead/ agent=639/active/ jphase=absent killpid=
15:03:20.509370786 pdns=651/0/active/running/ named=0/inactive/dead/ agent=639/active/ jphase=absent killpid=
15:03:20.780581492 pdns=651/0/active/running/ named=0/inactive/dead/ agent=639/active/ jphase=absent killpid=
15:03:21.047684315 pdns=651/0/active/running/ named=0/inactive/dead/ agent=639/active/ jphase=absent killpid=
15:03:21.314147255 pdns=651/0/active/running/ named=0/inactive/dead/ agent=639/active/ jphase=absent killpid=
15:03:21.583591103 pdns=651/0/active/running/ named=0/inactive/dead/ agent=639/active/ jphase=absent killpid=
15:03:21.851715911 pdns=651/0/active/running/ named=0/inactive/dead/ agent=639/active/ jphase=absent killpid=
15:03:22.119822896 pdns=651/0/active/running/ named=0/inactive/dead/ agent=639/active/ jphase=absent killpid=
15:03:22.391820713 pdns=651/0/active/running/ named=0/inactive/dead/ agent=639/active/ jphase=absent killpid=
15:03:22.665174930 pdns=651/0/active/running/ named=0/inactive/dead/ agent=639/active/ jphase=absent killpid=
15:03:22.938909935 pdns=651/0/active/running/ named=0/inactive/dead/ agent=639/active/ jphase=absent killpid=
15:03:23.207842238 pdns=651/0/active/running/ named=0/inactive/dead/ agent=639/active/ jphase=absent killpid=
15:03:23.475320881 pdns=651/0/active/running/ named=0/inactive/dead/ agent=639/active/ jphase=absent killpid=
15:03:23.751002265 pdns=651/0/active/running/ named=0/inactive/dead/ agent=639/active/ jphase=absent killpid=
15:03:24.019512361 pdns=651/0/active/running/ named=0/inactive/dead/ agent=639/active/ jphase=absent killpid=
15:03:24.287726927 pdns=651/0/active/running/ named=0/inactive/dead/ agent=639/active/ jphase=absent killpid=
15:03:24.558263992 pdns=651/0/active/running/ named=0/inactive/dead/ agent=639/active/ jphase=absent killpid=
15:03:24.829158403 pdns=651/0/active/running/ named=0/inactive/dead/ agent=639/active/ jphase=absent killpid=
15:03:25.095233801 pdns=651/0/active/running/ named=0/inactive/dead/ agent=639/active/ jphase=absent killpid=
15:03:25.365624453 pdns=651/0/active/running/ named=0/inactive/dead/ agent=639/active/ jphase=absent killpid=
15:03:25.655185156 pdns=651/0/active/running/ named=0/inactive/dead/ agent=639/active/ jphase=absent killpid=
15:03:25.925109428 pdns=651/0/active/running/ named=0/inactive/dead/ agent=639/active/ jphase=absent killpid=
15:03:26.192695984 pdns=651/0/active/running/ named=0/inactive/dead/ agent=639/active/ jphase=absent killpid=
15:03:26.460126617 pdns=651/0/active/running/ named=0/inactive/dead/ agent=639/active/ jphase=absent killpid=
15:03:26.731453555 pdns=651/0/active/running/ named=0/inactive/dead/ agent=639/active/ jphase=absent killpid=
15:03:26.998364816 pdns=651/0/active/running/ named=0/inactive/dead/ agent=639/active/ jphase=absent killpid=
15:03:27.266110758 pdns=651/0/active/running/ named=0/inactive/dead/ agent=639/active/ jphase=absent killpid=
15:03:27.538578947 pdns=651/0/active/running/ named=0/inactive/dead/ agent=639/active/ jphase=absent killpid=
15:03:27.811105796 pdns=651/0/active/running/ named=0/inactive/dead/ agent=639/active/ jphase=absent killpid=
15:03:28.080636067 pdns=651/0/active/running/ named=0/inactive/dead/ agent=639/active/ jphase=absent killpid=
15:03:28.353645766 pdns=651/0/active/running/ named=0/inactive/dead/ agent=639/active/ jphase=absent killpid=
15:03:28.619060770 pdns=651/0/active/running/ named=0/inactive/dead/ agent=639/active/ jphase=absent killpid=
15:03:28.890103058 pdns=651/0/active/running/ named=0/inactive/dead/ agent=639/active/ jphase=absent killpid=
15:03:29.155432833 pdns=651/0/active/running/ named=0/inactive/dead/ agent=639/active/ jphase=absent killpid=
15:03:29.420390077 pdns=651/0/active/running/ named=0/inactive/dead/ agent=639/active/ jphase=absent killpid=
15:03:29.694376088 CHANGE ledger 52a672af743f0f014d081ab91cd2fc8efd83aa7815cffc737832ec3a204f84e5 -> 32710f00d1364bd68c41238e3c057f719df7aec6bf31987cfde30f9a0c7937ff
15:03:29.705045395 pdns=651/0/active/running/ named=0/inactive/dead/ agent=639/active/ jphase=absent killpid=
15:03:29.995671786 CHANGE ledger 32710f00d1364bd68c41238e3c057f719df7aec6bf31987cfde30f9a0c7937ff -> cc4ce991e2a8ba7383937db44d3116e172d550e76d014078a0541c8cd401c292
15:03:30.004358152 pdns=651/0/active/running/ named=0/inactive/dead/ agent=639/active/ jphase=absent killpid=
15:03:30.285486413 CHANGE ledger cc4ce991e2a8ba7383937db44d3116e172d550e76d014078a0541c8cd401c292 -> 93c32175bc545228509c74a15c49ad11e2c05cbcf6adb74a952bab8823bf952a
15:03:30.295740461 pdns=651/0/active/running/ named=0/inactive/dead/ agent=639/active/ jphase=absent killpid=
15:03:30.574901636 CHANGE ledger 93c32175bc545228509c74a15c49ad11e2c05cbcf6adb74a952bab8823bf952a -> 5c2804135961ff3448af3a4461a972830017051e9890562650c1e20de89a1e1e
15:03:30.587147397 pdns=651/0/active/running/ named=0/inactive/dead/ agent=639/active/ jphase=absent killpid=
15:03:30.875197460 CHANGE ledger 5c2804135961ff3448af3a4461a972830017051e9890562650c1e20de89a1e1e -> f2bdb134bb35ebc087584b69252a76e4ce32fd66b13c107e42c3620da4c91d78
15:03:30.886725712 pdns=651/0/active/running/ named=0/inactive/dead/ agent=639/active/ jphase=absent killpid=
15:03:31.165022868 CHANGE ledger f2bdb134bb35ebc087584b69252a76e4ce32fd66b13c107e42c3620da4c91d78 -> aa451b8879a9fa36eab6a57156289f9f8798b8493d6de7c496ca05f9f77a9e62
15:03:31.173606151 pdns=651/0/active/running/ named=0/inactive/dead/ agent=639/active/ jphase=absent killpid=
15:03:31.460614052 CHANGE ledger aa451b8879a9fa36eab6a57156289f9f8798b8493d6de7c496ca05f9f77a9e62 -> 869f394807e8c9d6ee2713134bc07a08874e7aab654b317f97f6d74d6bfb9181
15:03:31.470273041 pdns=651/0/active/running/ named=0/inactive/dead/ agent=639/active/ jphase=absent killpid=
15:03:31.802275873 CHANGE ledger 869f394807e8c9d6ee2713134bc07a08874e7aab654b317f97f6d74d6bfb9181 -> ab9ff287b9d16f186b4ba5153a415e38ab11030c59a2d7029ab651f9eb603dc3
15:03:31.817079930 pdns=651/0/active/running/ named=0/inactive/dead/ agent=639/active/ jphase=absent killpid=
15:03:32.312889758 CHANGE ledger ab9ff287b9d16f186b4ba5153a415e38ab11030c59a2d7029ab651f9eb603dc3 -> f4630e6819728395192ae667ead85b2a19d4be68cbf0e218126a9107e7e02dab
15:03:32.321965538 pdns=651/0/active/running/ named=0/inactive/dead/ agent=639/active/ jphase=absent killpid=
15:03:32.613987931 CHANGE ledger f4630e6819728395192ae667ead85b2a19d4be68cbf0e218126a9107e7e02dab -> 5327ba780b3843f9e531ce1271f6b1ccb5c8fe4e7a010a56777ea596892d0342
15:03:32.623275881 pdns=651/0/active/running/ named=0/inactive/dead/ agent=639/active/ jphase=absent killpid=
15:03:32.905877818 CHANGE ledger 5327ba780b3843f9e531ce1271f6b1ccb5c8fe4e7a010a56777ea596892d0342 -> f130cb17619cdd0f7cf4fe885f4975ae462529be0534c9ae21e43234340d9f5a
15:03:32.912220194 POINTER /var/cache/bind/celikpanel mtime=2026-09-29 15:03:32.782633936 +0000 ino=131681 /var/cache/bind/celikpanel/current absent 
15:03:32.913659563 pdns=651/0/active/running/ named=0/inactive/dead/ agent=639/active/ jphase=absent killpid=
15:03:33.194332270 CHANGE ledger f130cb17619cdd0f7cf4fe885f4975ae462529be0534c9ae21e43234340d9f5a -> 8b1ad3adc121da6f0a9ac1883808134dc3aed93d0ea258bf4c2c69dfd44b060c
15:03:33.202536739 POINTER /var/cache/bind/celikpanel mtime=2026-09-29 15:03:32.947935385 +0000 ino=131681 /var/cache/bind/celikpanel/current absent 
15:03:33.204665862 pdns=651/0/active/running/ named=0/inactive/dead/ agent=639/active/ jphase=absent killpid=
15:03:33.488607360 CHANGE ledger 8b1ad3adc121da6f0a9ac1883808134dc3aed93d0ea258bf4c2c69dfd44b060c -> 1b4084cab796a1bee60e72ef41415cde873eadd539d4a4a681a41b4e298f0d53
15:03:33.499776398 pdns=651/0/active/running/ named=0/inactive/dead/ agent=639/active/ jphase=absent killpid=
15:03:33.833662387 CHANGE ledger 1b4084cab796a1bee60e72ef41415cde873eadd539d4a4a681a41b4e298f0d53 -> dd2a81de80aa22dfc6f9cefa586225615884524ee8f2cf32a1d10d5aeffd9a4a
15:03:33.841785822 pdns=651/0/active/running/ named=0/inactive/dead/ agent=639/active/ jphase=absent killpid=
15:03:34.125834837 CHANGE ledger dd2a81de80aa22dfc6f9cefa586225615884524ee8f2cf32a1d10d5aeffd9a4a -> 69e545527295588b6863eb0164a9c2fe767e963bb264a7fd0632d4fb30e62423
15:03:34.137530733 pdns=651/0/active/running/ named=0/inactive/dead/ agent=639/active/ jphase=absent killpid=
15:03:34.417064501 CHANGE ledger 69e545527295588b6863eb0164a9c2fe767e963bb264a7fd0632d4fb30e62423 -> fbedcc33e78bc2cb91c88d1544d19136d8431fde44c0a14d6dcb29fb98bd35a8
15:03:34.430567564 pdns=651/0/active/running/ named=0/inactive/dead/ agent=639/active/ jphase=absent killpid=
15:03:34.721082288 CHANGE ledger fbedcc33e78bc2cb91c88d1544d19136d8431fde44c0a14d6dcb29fb98bd35a8 -> 49d325b180ee2953b1eb246bb98d8f88cae1e1c818f0d0f0016ceb719682bbf4
15:03:34.731669585 pdns=651/0/active/running/ named=0/inactive/dead/ agent=639/active/ jphase=absent killpid=
15:03:35.022076131 CHANGE ledger 49d325b180ee2953b1eb246bb98d8f88cae1e1c818f0d0f0016ceb719682bbf4 -> 076d7a52462b80147ad3af31f40fd8f8a07ae8bb3940ec53f4fef75b9af150a8
15:03:35.032542342 pdns=651/0/active/running/ named=0/inactive/dead/ agent=639/active/ jphase=absent killpid=
15:03:35.332433769 CHANGE journal absent -> 163de1da1c73e2918fe24812e56fb1da8604e36e52fe61fe09c1a46dbe502265
15:03:35.340342531 CHANGE ledger 076d7a52462b80147ad3af31f40fd8f8a07ae8bb3940ec53f4fef75b9af150a8 -> 6bec4ae3a6999552122125811b203cfd319b36852aa556a5b4b019e50ad1b940
15:03:35.350725579 POINTER /var/cache/bind/celikpanel mtime=2026-09-29 15:03:35.107193144 +0000 ino=131681 /var/cache/bind/celikpanel/current mtime=2026-09-29 15:03:35.107193144 +0000 ino=131743 -> '/var/cache/bind/celikpanel/current' -> 'generations/4080c3b12eb29140c674121c1616160ecfd7309d5e60de301db8af2ff2fc3b1b' 
15:03:35.351997609 pdns=651/0/active/running/ named=0/inactive/dead/ agent=639/active/ jphase=source-stopped killpid=
15:03:35.762748238 CHANGE journal 163de1da1c73e2918fe24812e56fb1da8604e36e52fe61fe09c1a46dbe502265 -> 446252b1fa7d1b2867625ff700c361ba5fc43ec9ebc15663b74b8e53f2c66ed7
15:03:35.772065620 CHANGE ledger 6bec4ae3a6999552122125811b203cfd319b36852aa556a5b4b019e50ad1b940 -> 89d3ea89b37579dedc0536919ef7da151415a841e2f0ad54c5f6961572bf6d56
15:03:35.781850468 pdns=0/0/inactive/dead/ named=0/inactive/dead/ agent=639/active/ jphase=source-stopped killpid=
15:03:36.244921113 CHANGE ledger 89d3ea89b37579dedc0536919ef7da151415a841e2f0ad54c5f6961572bf6d56 -> c2fc8732bc7b8a4dd7400f124034c3e51d4537da8879f94ed6177ce2600e2ac0
15:03:36.254152367 pdns=0/0/inactive/dead/ named=0/inactive/dead/ agent=639/active/ jphase=source-stopped killpid=
15:03:36.791444189 CHANGE ledger c2fc8732bc7b8a4dd7400f124034c3e51d4537da8879f94ed6177ce2600e2ac0 -> 5398acc14c967416ef5996a6fbd50707fab72647c31985fb9f8ec342ed84d73f
15:03:36.802776776 pdns=0/0/inactive/dead/ named=0/inactive/dead/ agent=639/active/ jphase=source-stopped killpid=
15:03:37.092738052 CHANGE ledger 5398acc14c967416ef5996a6fbd50707fab72647c31985fb9f8ec342ed84d73f -> 2b36f839703e9f3f756841468ae224062aa7813a3a86e64f99cfcaafaa4818dd
15:03:37.106642706 pdns=0/0/inactive/dead/ named=0/inactive/dead/ agent=639/active/ jphase=source-stopped killpid=
15:03:37.669689936 CHANGE ledger 2b36f839703e9f3f756841468ae224062aa7813a3a86e64f99cfcaafaa4818dd -> 490fe22afbf3dc946670b39417ccf7e38fbacd1bce06b9146dbe87aec0078d0b
15:03:37.686930042 pdns=0/0/inactive/dead/ named=0/inactive/dead/ agent=639/active/ jphase=source-stopped killpid=
15:03:38.123432046 CHANGE ledger 490fe22afbf3dc946670b39417ccf7e38fbacd1bce06b9146dbe87aec0078d0b -> 33edd446ca3fb243fca3227fcadbc3f126cc02f8ca95849864a7ddec47d107ef
15:03:38.132632075 pdns=0/0/inactive/dead/ named=0/inactive/dead/ agent=639/active/ jphase=source-stopped killpid=
15:03:38.473452919 CHANGE ledger 33edd446ca3fb243fca3227fcadbc3f126cc02f8ca95849864a7ddec47d107ef -> 70215eb6f31534606d246d1b85e5de3d27c9e914c7c8f872da01e5677c0632a5
15:03:38.484428087 pdns=0/0/inactive/dead/ named=6799/active/running/ agent=639/active/ jphase=source-stopped killpid=
15:03:38.785221923 CHANGE ledger 70215eb6f31534606d246d1b85e5de3d27c9e914c7c8f872da01e5677c0632a5 -> 9544696e363c81414783ebd2ed80ca8a27c583537237c31288119bae4beaadc8
15:03:38.797394961 pdns=0/0/inactive/dead/ named=6799/active/running/ agent=639/active/ jphase=source-stopped killpid=
15:03:39.075747986 CHANGE ledger 9544696e363c81414783ebd2ed80ca8a27c583537237c31288119bae4beaadc8 -> 42aef85b4b16367b94dac1ad553685ef4e71415eefc1670b5730a855b9c22569
15:03:39.085261816 pdns=0/0/inactive/dead/ named=6799/active/running/ agent=639/active/ jphase=source-stopped killpid=
15:03:39.375112777 CHANGE ledger 42aef85b4b16367b94dac1ad553685ef4e71415eefc1670b5730a855b9c22569 -> 4b5afcf275efb1f88cbcfc0946fb65da9f163cbdf05ec049455c29ca61f6636c
15:03:39.386248475 pdns=0/0/inactive/dead/ named=6799/active/running/ agent=639/active/ jphase=source-stopped killpid=
15:03:39.664736838 CHANGE journal 446252b1fa7d1b2867625ff700c361ba5fc43ec9ebc15663b74b8e53f2c66ed7 -> e535dd9255a2c1b7317a1481dadaee0d2f9ab65c9df92e533bf1fc5cb66f26ae
15:03:39.673145485 CHANGE ledger 4b5afcf275efb1f88cbcfc0946fb65da9f163cbdf05ec049455c29ca61f6636c -> 8ab38664fad3cb930e4ad67b03fc407e4924b540ca76e3154f42e0ab1d745365
15:03:39.682597535 pdns=0/0/inactive/dead/ named=6799/active/running/ agent=639/active/ jphase=target-started killpid=
15:03:39.977835172 CHANGE ledger 8ab38664fad3cb930e4ad67b03fc407e4924b540ca76e3154f42e0ab1d745365 -> e0bf3cdb9498591a6cf69a054c60d6eaca540728cd50c17a53ffbe52060437eb
15:03:39.994744025 pdns=0/0/inactive/dead/ named=6799/active/running/ agent=639/active/ jphase=target-started killpid=
15:03:40.286812554 CHANGE ledger e0bf3cdb9498591a6cf69a054c60d6eaca540728cd50c17a53ffbe52060437eb -> a9634535e14f121ec5507f64cd322ccd060a3a22596029782a0a515f95b180e9
15:03:40.295859958 pdns=0/0/inactive/dead/ named=6799/active/running/ agent=639/active/ jphase=target-started killpid=
15:03:40.583810614 CHANGE journal e535dd9255a2c1b7317a1481dadaee0d2f9ab65c9df92e533bf1fc5cb66f26ae -> 4904841a2e59e2537ea7ab300a594873a30f0b58b8c7fbfc8d1def9d56087e35
15:03:40.593400238 CHANGE ledger a9634535e14f121ec5507f64cd322ccd060a3a22596029782a0a515f95b180e9 -> e3c7b750d8c53aceddbf363d7e763768772a22111c4aa5098e1763c03a4d0eb6
15:03:40.602825205 CHANGE state 0d59887abe74471d54d672d047750c46687442ba847c92c9dd22fe6b71b26aa9 -> 0004d70e22e6781f80fbb63e59051d23dee36da4305bf14d466c64333051705c
15:03:40.609239498 pdns=0/0/inactive/dead/ named=6799/active/running/ agent=639/active/ jphase=committed killpid=
15:03:40.908262657 pdns=0/0/inactive/dead/ named=6799/active/running/ agent=639/active/ jphase=committed killpid=
15:03:41.187102119 CHANGE journal 4904841a2e59e2537ea7ab300a594873a30f0b58b8c7fbfc8d1def9d56087e35 -> absent
15:03:41.198845924 CHANGE ledger e3c7b750d8c53aceddbf363d7e763768772a22111c4aa5098e1763c03a4d0eb6 -> 12ad9c97c4737556a87ab5a99e068ddd24b5c91391f0ac42a76eea44436c1b37
15:03:41.210542489 pdns=0/0/inactive/dead/ named=6799/active/running/ agent=639/active/ jphase=absent killpid=
15:03:41.504056599 pdns=0/0/inactive/dead/ named=6799/active/running/ agent=639/active/ jphase=absent killpid=
15:03:41.777979946 pdns=0/0/inactive/dead/ named=6799/active/running/ agent=639/active/ jphase=absent killpid=
15:03:42.051535339 pdns=0/0/inactive/dead/ named=6799/active/running/ agent=639/active/ jphase=absent killpid=
15:03:42.408566248 pdns=0/0/inactive/dead/ named=6799/active/running/ agent=639/active/ jphase=absent killpid=
15:03:43.140231875 pdns=0/0/inactive/dead/ named=6799/active/running/ agent=639/active/ jphase=absent killpid=
15:03:43.422529720 pdns=0/0/inactive/dead/ named=6799/active/running/ agent=639/active/ jphase=absent killpid=
15:03:43.697712493 pdns=0/0/inactive/dead/ named=6799/active/running/ agent=639/active/ jphase=absent killpid=
15:03:43.968890307 pdns=0/0/inactive/dead/ named=6799/active/running/ agent=639/active/ jphase=absent killpid=
15:03:44.246222439 pdns=0/0/inactive/dead/ named=6799/active/running/ agent=639/active/ jphase=absent killpid=
15:03:44.528061308 pdns=0/0/inactive/dead/ named=6799/active/running/ agent=639/active/ jphase=absent killpid=
15:03:44.803135130 pdns=0/0/inactive/dead/ named=6799/active/running/ agent=639/active/ jphase=absent killpid=
15:03:45.076474850 pdns=0/0/inactive/dead/ named=6799/active/running/ agent=639/active/ jphase=absent killpid=
15:03:45.370672500 pdns=0/0/inactive/dead/ named=6799/active/running/ agent=639/active/ jphase=absent killpid=
15:03:45.644756549 pdns=0/0/inactive/dead/ named=6799/active/running/ agent=639/active/ jphase=absent killpid=
15:03:45.915732360 pdns=0/0/inactive/dead/ named=6799/active/running/ agent=639/active/ jphase=absent killpid=
15:03:46.191377949 pdns=0/0/inactive/dead/ named=6799/active/running/ agent=639/active/ jphase=absent killpid=
15:03:46.469981022 pdns=0/0/inactive/dead/ named=6799/active/running/ agent=639/active/ jphase=absent killpid=
15:03:46.742916848 pdns=0/0/inactive/dead/ named=6799/active/running/ agent=639/active/ jphase=absent killpid=
15:03:47.016067873 pdns=0/0/inactive/dead/ named=6799/active/running/ agent=639/active/ jphase=absent killpid=
15:03:47.293204710 pdns=0/0/inactive/dead/ named=6799/active/running/ agent=639/active/ jphase=absent killpid=
15:03:47.567554481 pdns=0/0/inactive/dead/ named=6799/active/running/ agent=639/active/ jphase=absent killpid=
15:03:47.840569811 pdns=0/0/inactive/dead/ named=6799/active/running/ agent=639/active/ jphase=absent killpid=
15:03:48.119357689 pdns=0/0/inactive/dead/ named=6799/active/running/ agent=639/active/ jphase=absent killpid=
15:03:48.401916427 pdns=0/0/inactive/dead/ named=6799/active/running/ agent=639/active/ jphase=absent killpid=
15:03:48.689191336 pdns=0/0/inactive/dead/ named=6799/active/running/ agent=639/active/ jphase=absent killpid=
15:03:48.965136889 pdns=0/0/inactive/dead/ named=6799/active/running/ agent=639/active/ jphase=absent killpid=
15:03:49.245729845 pdns=0/0/inactive/dead/ named=6799/active/running/ agent=639/active/ jphase=absent killpid=
15:03:49.523256773 pdns=0/0/inactive/dead/ named=6799/active/running/ agent=639/active/ jphase=absent killpid=
15:03:49.795028770 pdns=0/0/inactive/dead/ named=6799/active/running/ agent=639/active/ jphase=absent killpid=
15:03:50.066869588 pdns=0/0/inactive/dead/ named=6799/active/running/ agent=639/active/ jphase=absent killpid=
15:03:50.340198689 pdns=0/0/inactive/dead/ named=6799/active/running/ agent=639/active/ jphase=absent killpid=
15:03:50.621403141 pdns=0/0/inactive/dead/ named=6799/active/running/ agent=639/active/ jphase=absent killpid=
15:03:50.896239858 pdns=0/0/inactive/dead/ named=6799/active/running/ agent=639/active/ jphase=absent killpid=
15:03:51.180311661 pdns=0/0/inactive/dead/ named=6799/active/running/ agent=639/active/ jphase=absent killpid=
15:03:51.460461347 pdns=0/0/inactive/dead/ named=6799/active/running/ agent=639/active/ jphase=absent killpid=
15:03:51.733658797 pdns=0/0/inactive/dead/ named=6799/active/running/ agent=639/active/ jphase=absent killpid=
15:03:52.003752982 pdns=0/0/inactive/dead/ named=6799/active/running/ agent=639/active/ jphase=absent killpid=
15:03:52.278901063 pdns=0/0/inactive/dead/ named=6799/active/running/ agent=639/active/ jphase=absent killpid=
15:03:52.559075158 pdns=0/0/inactive/dead/ named=6799/active/running/ agent=639/active/ jphase=absent killpid=
15:03:52.834888068 pdns=0/0/inactive/dead/ named=6799/active/running/ agent=639/active/ jphase=absent killpid=
15:03:53.106117348 pdns=0/0/inactive/dead/ named=6799/active/running/ agent=639/active/ jphase=absent killpid=
15:03:53.378194719 pdns=0/0/inactive/dead/ named=6799/active/running/ agent=639/active/ jphase=absent killpid=
15:03:53.650337891 pdns=0/0/inactive/dead/ named=6799/active/running/ agent=639/active/ jphase=absent killpid=
15:03:53.922335942 pdns=0/0/inactive/dead/ named=6799/active/running/ agent=639/active/ jphase=absent killpid=
15:03:54.197537324 pdns=0/0/inactive/dead/ named=6799/active/running/ agent=639/active/ jphase=absent killpid=
15:03:54.476589703 pdns=0/0/inactive/dead/ named=6799/active/running/ agent=639/active/ jphase=absent killpid=
15:03:54.749987165 pdns=0/0/inactive/dead/ named=6799/active/running/ agent=639/active/ jphase=absent killpid=
15:03:55.022527016 pdns=0/0/inactive/dead/ named=6799/active/running/ agent=639/active/ jphase=absent killpid=
15:03:55.321821565 pdns=0/0/inactive/dead/ named=6799/active/running/ agent=639/active/ jphase=absent killpid=
15:03:55.618204281 pdns=0/0/inactive/dead/ named=6799/active/running/ agent=639/active/ jphase=absent killpid=
15:03:55.895297523 pdns=0/0/inactive/dead/ named=6799/active/running/ agent=639/active/ jphase=absent killpid=
15:03:56.170573540 pdns=0/0/inactive/dead/ named=6799/active/running/ agent=639/active/ jphase=absent killpid=
15:03:56.445802539 pdns=0/0/inactive/dead/ named=6799/active/running/ agent=639/active/ jphase=absent killpid=
15:03:56.722930908 pdns=0/0/inactive/dead/ named=6799/active/running/ agent=639/active/ jphase=absent killpid=
15:03:56.996132534 pdns=0/0/inactive/dead/ named=6799/active/running/ agent=639/active/ jphase=absent killpid=
15:03:57.271117983 pdns=0/0/inactive/dead/ named=6799/active/running/ agent=639/active/ jphase=absent killpid=
15:03:57.552678183 pdns=0/0/inactive/dead/ named=6799/active/running/ agent=639/active/ jphase=absent killpid=
15:03:57.838917708 pdns=0/0/inactive/dead/ named=6799/active/running/ agent=639/active/ jphase=absent killpid=
15:03:58.122764453 pdns=0/0/inactive/dead/ named=6799/active/running/ agent=639/active/ jphase=absent killpid=
15:03:58.398554394 pdns=0/0/inactive/dead/ named=6799/active/running/ agent=639/active/ jphase=absent killpid=
15:03:58.673979761 pdns=0/0/inactive/dead/ named=6799/active/running/ agent=639/active/ jphase=absent killpid=
15:03:58.953108199 pdns=0/0/inactive/dead/ named=6799/active/running/ agent=639/active/ jphase=absent killpid=
15:03:59.234727151 pdns=0/0/inactive/dead/ named=6799/active/running/ agent=639/active/ jphase=absent killpid=
15:03:59.515070541 pdns=0/0/inactive/dead/ named=6799/active/running/ agent=639/active/ jphase=absent killpid=
15:03:59.803273062 pdns=0/0/inactive/dead/ named=6799/active/running/ agent=639/active/ jphase=absent killpid=
15:04:00.079941623 pdns=0/0/inactive/dead/ named=6799/active/running/ agent=639/active/ jphase=absent killpid=
15:04:00.357255208 pdns=0/0/inactive/dead/ named=6799/active/running/ agent=639/active/ jphase=absent killpid=
15:04:00.637108554 pdns=0/0/inactive/dead/ named=6799/active/running/ agent=639/active/ jphase=absent killpid=
15:04:00.918584988 pdns=0/0/inactive/dead/ named=6799/active/running/ agent=639/active/ jphase=absent killpid=
15:04:01.193438183 pdns=0/0/inactive/dead/ named=6799/active/running/ agent=639/active/ jphase=absent killpid=
15:04:01.468392706 pdns=0/0/inactive/dead/ named=6799/active/running/ agent=639/active/ jphase=absent killpid=
15:04:01.746381256 pdns=0/0/inactive/dead/ named=6799/active/running/ agent=639/active/ jphase=absent killpid=
15:04:02.023798794 pdns=0/0/inactive/dead/ named=6799/active/running/ agent=639/active/ jphase=absent killpid=
15:04:02.305564628 pdns=0/0/inactive/dead/ named=6799/active/running/ agent=639/active/ jphase=absent killpid=
15:04:02.585963883 pdns=0/0/inactive/dead/ named=6799/active/running/ agent=639/active/ jphase=absent killpid=
15:04:02.866761597 pdns=0/0/inactive/dead/ named=6799/active/running/ agent=639/active/ jphase=absent killpid=
15:04:03.149562984 pdns=0/0/inactive/dead/ named=6799/active/running/ agent=639/active/ jphase=absent killpid=
15:04:03.467358428 pdns=0/0/inactive/dead/ named=6799/active/running/ agent=639/active/ jphase=absent killpid=
15:04:03.766194409 pdns=0/0/inactive/dead/ named=6799/active/running/ agent=639/active/ jphase=absent killpid=
15:04:04.065682495 pdns=0/0/inactive/dead/ named=6799/active/running/ agent=639/active/ jphase=absent killpid=
15:04:04.385924157 pdns=0/0/inactive/dead/ named=6799/active/running/ agent=639/active/ jphase=absent killpid=
15:04:04.715337358 pdns=0/0/inactive/dead/ named=6799/active/running/ agent=639/active/ jphase=absent killpid=
15:04:05.194934345 pdns=0/0/inactive/dead/ named=6799/active/running/ agent=639/active/ jphase=absent killpid=
15:04:05.635560520 pdns=0/0/inactive/dead/ named=6799/active/running/ agent=639/active/ jphase=absent killpid=
15:04:05.939794727 pdns=0/0/inactive/dead/ named=6799/active/running/ agent=639/active/ jphase=absent killpid=
15:04:06.221955330 pdns=0/0/inactive/dead/ named=6799/active/running/ agent=639/active/ jphase=absent killpid=
15:04:06.506865175 pdns=0/0/inactive/dead/ named=6799/active/running/ agent=639/active/ jphase=absent killpid=
15:04:06.785616611 pdns=0/0/inactive/dead/ named=6799/active/running/ agent=639/active/ jphase=absent killpid=
15:04:07.081366550 pdns=0/0/inactive/dead/ named=6799/active/running/ agent=639/active/ jphase=absent killpid=
15:04:07.377166686 pdns=0/0/inactive/dead/ named=6799/active/running/ agent=639/active/ jphase=absent killpid=
15:04:07.655537872 pdns=0/0/inactive/dead/ named=6799/active/running/ agent=639/active/ jphase=absent killpid=
15:04:07.941554282 pdns=0/0/inactive/dead/ named=6799/active/running/ agent=639/active/ jphase=absent killpid=
15:04:08.336817712 pdns=0/0/inactive/dead/ named=6799/active/running/ agent=639/active/ jphase=absent killpid=
15:04:08.619468115 pdns=0/0/inactive/dead/ named=6799/active/running/ agent=639/active/ jphase=absent killpid=
15:04:08.904666334 pdns=0/0/inactive/dead/ named=6799/active/running/ agent=639/active/ jphase=absent killpid=
15:04:09.193505909 pdns=0/0/inactive/dead/ named=6799/active/running/ agent=639/active/ jphase=absent killpid=
15:04:09.487269937 pdns=0/0/inactive/dead/ named=6799/active/running/ agent=639/active/ jphase=absent killpid=
15:04:09.778789518 pdns=0/0/inactive/dead/ named=6799/active/running/ agent=639/active/ jphase=absent killpid=
15:04:10.055331278 pdns=0/0/inactive/dead/ named=6799/active/running/ agent=639/active/ jphase=absent killpid=
15:04:10.336035736 pdns=0/0/inactive/dead/ named=6799/active/running/ agent=639/active/ jphase=absent killpid=
15:04:10.617637462 pdns=0/0/inactive/dead/ named=6799/active/running/ agent=639/active/ jphase=absent killpid=
15:04:10.897233683 pdns=0/0/inactive/dead/ named=6799/active/running/ agent=639/active/ jphase=absent killpid=
15:04:11.171662685 pdns=0/0/inactive/dead/ named=6799/active/running/ agent=639/active/ jphase=absent killpid=
15:04:11.448741420 pdns=0/0/inactive/dead/ named=6799/active/running/ agent=639/active/ jphase=absent killpid=
15:04:11.721415617 pdns=0/0/inactive/dead/ named=6799/active/running/ agent=639/active/ jphase=absent killpid=
done
