19:33:00.976879752 CHANGE journal none -> absent
19:33:00.988251226 CHANGE ledger none -> 177f61d12ed0bb85e6ea535b807b376e26bbe0871405a13867c0b3cb6ea4b211
19:33:00.992857341 CHANGE state none -> absent
19:33:00.996998639 CHANGE pdnsdb none -> absent
19:33:01.000224361 POINTER 
19:33:01.001669405 pdns=0/0/inactive/dead/ named=0/inactive/dead/ agent=0/inactive/ jphase=absent killpid=
19:33:01.283922456 pdns=0/0/inactive/dead/ named=0/inactive/dead/ agent=0/inactive/ jphase=absent killpid=
19:33:01.573096010 pdns=0/0/inactive/dead/ named=0/inactive/dead/ agent=0/inactive/ jphase=absent killpid=
19:33:01.851378832 CHANGE ledger 177f61d12ed0bb85e6ea535b807b376e26bbe0871405a13867c0b3cb6ea4b211 -> aa73d7361be070fc3877964e7489437c8e9fb82fc58cc68d4fcf4882ab78c039
19:33:01.855106350 pdns=0/0/inactive/dead/ named=0/inactive/dead/ agent=0/inactive/ jphase=absent killpid=1722,1769,
19:33:02.141491073 CHANGE ledger aa73d7361be070fc3877964e7489437c8e9fb82fc58cc68d4fcf4882ab78c039 -> 954a1e7879bddb8341e0cd3f9e349daa42c3e5099d56b7ec9acfb20f53983f02
19:33:02.145247476 pdns=0/0/inactive/dead/ named=0/inactive/dead/ agent=0/inactive/ jphase=absent killpid=1722,
19:33:02.441143024 CHANGE ledger 954a1e7879bddb8341e0cd3f9e349daa42c3e5099d56b7ec9acfb20f53983f02 -> 4997e66515423b4c5f38444c96af8518b7ee8fd449a6c0799ae0b677053e5543
19:33:02.444718869 pdns=0/0/inactive/dead/ named=0/inactive/dead/ agent=0/inactive/ jphase=absent killpid=1722,
19:33:02.761264835 CHANGE ledger 4997e66515423b4c5f38444c96af8518b7ee8fd449a6c0799ae0b677053e5543 -> 911df986e5820962d210c3c1443f687c2e0840d24f1b20c9e5e4ad0cd1f866b6
19:33:02.765089052 pdns=0/0/inactive/dead/ named=0/inactive/dead/ agent=0/inactive/ jphase=absent killpid=1722,1929,
19:33:03.038919880 pdns=0/0/inactive/dead/ named=0/inactive/dead/ agent=0/inactive/ jphase=absent killpid=1722,1929,
19:33:03.312221518 pdns=0/0/inactive/dead/ named=0/inactive/dead/ agent=0/inactive/ jphase=absent killpid=1722,1929,
19:33:03.606536692 pdns=0/0/inactive/dead/ named=0/inactive/dead/ agent=0/inactive/ jphase=absent killpid=1722,1929,
19:33:03.887371585 pdns=0/0/inactive/dead/ named=0/inactive/dead/ agent=0/inactive/ jphase=absent killpid=1722,1929,
19:33:04.159225158 pdns=0/0/inactive/dead/ named=0/inactive/dead/ agent=0/inactive/ jphase=absent killpid=1722,1929,
19:33:04.439124850 pdns=0/0/inactive/dead/ named=0/inactive/dead/ agent=0/inactive/ jphase=absent killpid=1722,1929,
19:33:04.743761702 pdns=0/0/inactive/dead/ named=0/inactive/dead/ agent=0/inactive/ jphase=absent killpid=1722,1929,
19:33:05.072610542 pdns=0/0/inactive/dead/ named=0/inactive/dead/ agent=0/inactive/ jphase=absent killpid=1722,1929,
19:33:05.366755731 pdns=0/0/inactive/dead/ named=0/inactive/dead/ agent=0/inactive/ jphase=absent killpid=1722,1929,
19:33:05.666260326 pdns=0/0/inactive/dead/ named=0/inactive/dead/ agent=0/inactive/ jphase=absent killpid=1722,1929,
19:33:05.980891654 pdns=0/0/inactive/dead/ named=0/inactive/dead/ agent=0/inactive/ jphase=absent killpid=1722,1929,
19:33:06.290295433 pdns=0/0/inactive/dead/ named=0/inactive/dead/ agent=0/inactive/ jphase=absent killpid=1722,1929,
19:33:06.584235403 pdns=0/0/inactive/dead/ named=0/inactive/dead/ agent=0/inactive/ jphase=absent killpid=1722,1929,
19:33:06.906749902 CHANGE ledger 911df986e5820962d210c3c1443f687c2e0840d24f1b20c9e5e4ad0cd1f866b6 -> 13e5de1870827b5c56c91c228ee1d5dde632452a759420f655c7f59bdbf70cce
19:33:06.910656424 pdns=0/0/inactive/dead/ named=0/inactive/dead/ agent=0/inactive/ jphase=absent killpid=1722,1929,
19:33:07.198213677 pdns=0/0/inactive/dead/ named=0/inactive/dead/ agent=0/inactive/ jphase=absent killpid=1722,1929,
19:33:07.566611502 pdns=0/0/inactive/dead/ named=0/inactive/dead/ agent=0/inactive/ jphase=absent killpid=1722,1929,
19:33:08.298054094 CHANGE ledger 13e5de1870827b5c56c91c228ee1d5dde632452a759420f655c7f59bdbf70cce -> c9d28a73b8d92aeaaa096e18baa051829661616bc85ebee4d04a32a34b472527
19:33:08.301795087 pdns=0/0/inactive/dead/ named=0/inactive/dead/ agent=0/inactive/ jphase=absent killpid=1722,2366,
19:33:08.599421967 pdns=0/0/inactive/dead/ named=0/inactive/dead/ agent=0/inactive/ jphase=absent killpid=1722,2366,
19:33:08.895777064 pdns=0/0/inactive/dead/ named=0/inactive/dead/ agent=0/inactive/ jphase=absent killpid=1722,2366,
19:33:09.202160655 pdns=0/0/inactive/dead/ named=0/inactive/dead/ agent=0/inactive/ jphase=absent killpid=1722,2366,
19:33:09.480170931 pdns=0/0/inactive/dead/ named=0/inactive/dead/ agent=0/inactive/ jphase=absent killpid=1722,2366,
19:33:09.763281061 pdns=0/0/inactive/dead/ named=0/inactive/dead/ agent=0/inactive/ jphase=absent killpid=1722,2366,
19:33:10.065510030 pdns=0/0/inactive/dead/ named=0/inactive/dead/ agent=0/inactive/ jphase=absent killpid=1722,2366,
19:33:10.384797896 pdns=0/0/inactive/dead/ named=0/inactive/dead/ agent=0/inactive/ jphase=absent killpid=1722,2366,
19:33:10.660995325 pdns=0/0/inactive/dead/ named=0/inactive/dead/ agent=0/inactive/ jphase=absent killpid=1722,2366,
19:33:10.942126838 pdns=0/0/inactive/dead/ named=0/inactive/dead/ agent=0/inactive/ jphase=absent killpid=1722,2366,
19:33:11.220746005 pdns=0/0/inactive/dead/ named=0/inactive/dead/ agent=0/inactive/ jphase=absent killpid=1722,2366,
19:33:11.499587503 pdns=0/0/inactive/dead/ named=0/inactive/dead/ agent=0/inactive/ jphase=absent killpid=1722,2366,
19:33:11.791909667 pdns=0/0/inactive/dead/ named=0/inactive/dead/ agent=0/inactive/ jphase=absent killpid=1722,2366,
19:33:12.091578437 CHANGE ledger c9d28a73b8d92aeaaa096e18baa051829661616bc85ebee4d04a32a34b472527 -> 7845f2703712fc88b294ac6e84fead5994f0283ed0aa0e94c632194feb094045
19:33:12.095290055 pdns=0/0/inactive/dead/ named=0/inactive/dead/ agent=0/inactive/ jphase=absent killpid=1722,2366,
19:33:12.378950185 pdns=0/0/inactive/dead/ named=0/inactive/dead/ agent=0/inactive/ jphase=absent killpid=1722,2366,
19:33:12.697133161 pdns=0/0/inactive/dead/ named=0/inactive/dead/ agent=0/inactive/ jphase=absent killpid=1722,2366,
19:33:12.988093168 pdns=0/0/inactive/dead/ named=0/inactive/dead/ agent=0/inactive/ jphase=absent killpid=1722,2366,
19:33:13.266361521 pdns=0/0/inactive/dead/ named=0/inactive/dead/ agent=0/inactive/ jphase=absent killpid=1722,2366,
19:33:13.552013441 CHANGE ledger 7845f2703712fc88b294ac6e84fead5994f0283ed0aa0e94c632194feb094045 -> 9c3a5e0d1e5e97c11e09b3cb2255a803088016b816cfdc7bfbf5b72bf7fa886e
19:33:13.555833044 pdns=0/0/inactive/dead/ named=0/inactive/dead/ agent=0/inactive/ jphase=absent killpid=1722,3004,
19:33:13.995276669 CHANGE ledger 9c3a5e0d1e5e97c11e09b3cb2255a803088016b816cfdc7bfbf5b72bf7fa886e -> e748256c59384f576e27a1ecae45bdcfb87d32b6f323866869b8f656d04cabf9
19:33:13.998793364 pdns=0/0/inactive/dead/ named=0/inactive/dead/ agent=0/inactive/ jphase=absent killpid=1722,3082,
19:33:14.293706188 CHANGE ledger e748256c59384f576e27a1ecae45bdcfb87d32b6f323866869b8f656d04cabf9 -> dfe8eb23d1c2881bc40d4fb0bd71bc06bbca76a0ce162bef339c88036e5e9224
19:33:14.298495355 pdns=0/0/inactive/dead/ named=0/inactive/dead/ agent=0/inactive/ jphase=absent killpid=1722,
19:33:14.617096183 CHANGE journal absent -> 4fadb570e684b2c2901e15e58dd0f792dd5755982c678daf4be9d4dfcbeadc80
19:33:14.636798697 CHANGE ledger dfe8eb23d1c2881bc40d4fb0bd71bc06bbca76a0ce162bef339c88036e5e9224 -> 9463b42a0f1ba5214c185064614613ca44a2a7ce574026675a70194dbb799a1a
19:33:14.645998392 pdns=0/0/inactive/dead/ named=0/inactive/dead/ agent=0/inactive/ jphase=intent killpid=1722,
19:33:15.045933995 pdns=0/0/inactive/dead/ named=0/inactive/dead/ agent=0/inactive/ jphase=intent killpid=1722,
19:33:15.402746839 pdns=0/0/inactive/dead/ named=0/inactive/dead/ agent=0/inactive/ jphase=intent killpid=1722,
19:33:15.790567792 CHANGE ledger 9463b42a0f1ba5214c185064614613ca44a2a7ce574026675a70194dbb799a1a -> 7f7a74dcb1dbe391fda011695b172d3b9912141e29fa3ca8aac6052dbe5b91f0
19:33:15.799462861 pdns=0/0/inactive/dead/ named=0/inactive/dead/ agent=0/inactive/ jphase=target-staged killpid=1722,3324,
19:33:16.138175194 CHANGE journal 4fadb570e684b2c2901e15e58dd0f792dd5755982c678daf4be9d4dfcbeadc80 -> e591fdcc2dd48c34387e49192caee2ca0e02125ca0ec692428dd17f46c655941
19:33:16.154397910 CHANGE ledger 7f7a74dcb1dbe391fda011695b172d3b9912141e29fa3ca8aac6052dbe5b91f0 -> 6d8e4e480b99ac94d19ed2c31c46bae1709a029994da8142525da396b6a81130
19:33:16.169189974 CHANGE pdnsdb absent -> 28e65c4759ee46957f6c8996db58814bc4f7e3feb8aca862e927986d3495f7e5
19:33:16.173715729 pdns=0/0/inactive/dead/ named=0/inactive/dead/ agent=0/inactive/ jphase=source-stopped killpid=1722,3405,
19:33:16.547779415 CHANGE ledger 6d8e4e480b99ac94d19ed2c31c46bae1709a029994da8142525da396b6a81130 -> 8d229d6557feef3916cae11a50e1e5b9b5b1284e285b2a264347c782370ff950
19:33:16.564268515 pdns=0/0/inactive/dead/ named=0/inactive/dead/ agent=0/inactive/ jphase=source-stopped killpid=1722,3494,
19:33:17.277111800 CHANGE ledger 8d229d6557feef3916cae11a50e1e5b9b5b1284e285b2a264347c782370ff950 -> 263adcf6cb9c6a9b3942f130e3a5342696ea9e510fb1aeb3a0dc4a2924d42351
19:33:17.299045353 pdns=0/0/inactive/dead/ named=0/inactive/dead/ agent=0/inactive/ jphase=source-stopped killpid=1722,3613,
19:33:17.856736520 CHANGE ledger 263adcf6cb9c6a9b3942f130e3a5342696ea9e510fb1aeb3a0dc4a2924d42351 -> c76b5dee92ff450986add9b151aaf9a10845e2ae423c2ecfaede4c1ea3dc359d
19:33:17.867908307 pdns=0/0/inactive/dead/ named=0/inactive/dead/ agent=0/inactive/ jphase=source-stopped killpid=1722,
19:33:18.214307632 CHANGE ledger c76b5dee92ff450986add9b151aaf9a10845e2ae423c2ecfaede4c1ea3dc359d -> 67b34bc0159e21218f4e75eb73dc763e3f2d72360f5a24cd153cc7030e925d97
19:33:18.229241465 pdns=0/0/inactive/dead/ named=0/inactive/dead/ agent=0/inactive/ jphase=source-stopped killpid=1722,3785,
19:33:18.927415863 CHANGE ledger 67b34bc0159e21218f4e75eb73dc763e3f2d72360f5a24cd153cc7030e925d97 -> 3af8da400cc7b7936867062ceac9b5967e500389fcc0437ad8c3a47e6dbc2cdf
19:33:18.941647562 pdns=0/0/inactive/dead/ named=0/inactive/dead/ agent=0/inactive/ jphase=source-stopped killpid=1722,3874,
19:33:19.275584868 CHANGE ledger 3af8da400cc7b7936867062ceac9b5967e500389fcc0437ad8c3a47e6dbc2cdf -> 910266b40f251268fe0d0a8b3f5a4d4633d96d9667f64146102f8f3d54c5d489
19:33:19.289029934 pdns=0/0/inactive/dead/ named=0/inactive/dead/ agent=0/inactive/ jphase=source-stopped killpid=1722,3952,
19:33:19.595121815 CHANGE ledger 910266b40f251268fe0d0a8b3f5a4d4633d96d9667f64146102f8f3d54c5d489 -> 9db328fe52dc0b753a28483951e72dc050caa1ad080218456ed6272b91ad9029
19:33:19.607980903 CHANGE pdnsdb 28e65c4759ee46957f6c8996db58814bc4f7e3feb8aca862e927986d3495f7e5 -> c68f51ea2b7ae519273084cf0dbce31378a1c93bf068af28e42ae6082ce0966f
19:33:19.615505008 pdns=3974/0/active/running/ named=0/inactive/dead/ agent=0/inactive/ jphase=target-started killpid=1722,
19:33:19.975730700 CHANGE journal e591fdcc2dd48c34387e49192caee2ca0e02125ca0ec692428dd17f46c655941 -> b929ff393da7b4c81968ff55c33eaa4cc3c93b147cef5f47b5ab2512310ad8ea
19:33:19.989504272 CHANGE ledger 9db328fe52dc0b753a28483951e72dc050caa1ad080218456ed6272b91ad9029 -> 8433c3e18e606b2fdeb845dd1874811ba3669c46edfd4c6414c35439183f44e4
19:33:19.999888277 pdns=3974/0/active/running/ named=0/inactive/dead/ agent=0/inactive/ jphase=target-started killpid=1722,
19:33:20.327355715 CHANGE ledger 8433c3e18e606b2fdeb845dd1874811ba3669c46edfd4c6414c35439183f44e4 -> bbb51c0ef454a68076154fa46b71b3e813befa3b6631e8f39b922f38073e7410
19:33:20.339771136 pdns=3974/0/active/running/ named=0/inactive/dead/ agent=0/inactive/ jphase=target-started killpid=1722,4184,
19:33:20.639252949 CHANGE ledger bbb51c0ef454a68076154fa46b71b3e813befa3b6631e8f39b922f38073e7410 -> e2c541399cefc6ea64c710bc7183743c2ed13899945cea3554d6ec2daa0f539e
19:33:20.647932528 pdns=3974/0/active/running/ named=0/inactive/dead/ agent=0/inactive/ jphase=target-started killpid=1722,
19:33:20.952044129 CHANGE ledger e2c541399cefc6ea64c710bc7183743c2ed13899945cea3554d6ec2daa0f539e -> 80059ed7df174d6fc954f3d5d31b01cadb49b8783283dfc519675dc7360ac6c9
19:33:20.965954132 pdns=3974/0/active/running/ named=0/inactive/dead/ agent=0/inactive/ jphase=target-started killpid=1722,
19:33:21.286329700 CHANGE ledger 80059ed7df174d6fc954f3d5d31b01cadb49b8783283dfc519675dc7360ac6c9 -> 62d2bdc2d2ce5e23e5f80a9f8403bb77020d3f8f780d7be8190d3f58190a4fa7
19:33:21.302899675 pdns=3974/0/active/running/ named=0/inactive/dead/ agent=0/inactive/ jphase=target-started killpid=1722,4421,
19:33:21.616628919 CHANGE journal b929ff393da7b4c81968ff55c33eaa4cc3c93b147cef5f47b5ab2512310ad8ea -> 9376b238e3b29d14f4ce89fc55bacf9f17b753b58b4ab5da2da8a6395ce65627
19:33:21.627296339 CHANGE ledger 62d2bdc2d2ce5e23e5f80a9f8403bb77020d3f8f780d7be8190d3f58190a4fa7 -> a74af43ca80b45fb7e7040d6663c96ce37d32ae3c5f7c2f5d96702f0ce22e935
19:33:21.641476141 CHANGE state absent -> 20c214b4cafc5f5631b730f633e222175e1f033fefe1c8e487a886336df69b81
19:33:21.654668626 pdns=3974/0/active/running/ named=0/inactive/dead/ agent=0/inactive/ jphase=committed killpid=
19:33:22.102535614 pdns=3974/0/active/running/ named=0/inactive/dead/ agent=0/inactive/ jphase=committed killpid=
19:33:22.428874394 pdns=3974/0/active/running/ named=0/inactive/dead/ agent=0/inactive/ jphase=committed killpid=
19:33:22.741952447 pdns=3974/0/active/running/ named=0/inactive/dead/ agent=4665/active/ jphase=committed killpid=
19:33:23.046109699 pdns=3974/0/active/running/ named=0/inactive/dead/ agent=4665/active/ jphase=committed killpid=
19:33:23.397046064 pdns=3974/0/active/running/ named=0/inactive/dead/ agent=4665/active/ jphase=committed killpid=
19:33:23.754934526 pdns=3974/0/active/running/ named=0/inactive/dead/ agent=4665/active/ jphase=committed killpid=
19:33:24.094146941 CHANGE journal 9376b238e3b29d14f4ce89fc55bacf9f17b753b58b4ab5da2da8a6395ce65627 -> absent
19:33:24.110176395 CHANGE ledger a74af43ca80b45fb7e7040d6663c96ce37d32ae3c5f7c2f5d96702f0ce22e935 -> 9fcc73fa9b0189573f5e1dc717b8235e1d3e27b534ac7d95ef002f5ea4aafd69
19:33:24.132444610 pdns=3974/0/active/running/ named=0/inactive/dead/ agent=4665/active/ jphase=absent killpid=
19:33:24.492182435 pdns=3974/0/active/running/ named=0/inactive/dead/ agent=4665/active/ jphase=absent killpid=
19:33:24.846464200 pdns=3974/0/active/running/ named=0/inactive/dead/ agent=4665/active/ jphase=absent killpid=
19:33:25.161606313 pdns=3974/0/active/running/ named=0/inactive/dead/ agent=4665/active/ jphase=absent killpid=
19:33:25.458935502 pdns=3974/0/active/running/ named=0/inactive/dead/ agent=4665/active/ jphase=absent killpid=
19:33:25.755750472 pdns=3974/0/active/running/ named=0/inactive/dead/ agent=4665/active/ jphase=absent killpid=
19:33:26.049575295 pdns=3974/0/active/running/ named=0/inactive/dead/ agent=4665/active/ jphase=absent killpid=
19:33:26.350465160 pdns=3974/0/active/running/ named=0/inactive/dead/ agent=4665/active/ jphase=absent killpid=
19:33:26.645522677 pdns=3974/0/active/running/ named=0/inactive/dead/ agent=4665/active/ jphase=absent killpid=
19:33:26.949285542 pdns=3974/0/active/running/ named=0/inactive/dead/ agent=4665/active/ jphase=absent killpid=
19:33:27.245366523 pdns=3974/0/active/running/ named=0/inactive/dead/ agent=4665/active/ jphase=absent killpid=
19:33:27.551958222 pdns=3974/0/active/running/ named=0/inactive/dead/ agent=4665/active/ jphase=absent killpid=
19:33:27.859206224 pdns=3974/0/active/running/ named=0/inactive/dead/ agent=4665/active/ jphase=absent killpid=
19:33:28.155627297 pdns=3974/0/active/running/ named=0/inactive/dead/ agent=4665/active/ jphase=absent killpid=
19:33:28.462994111 pdns=3974/0/active/running/ named=0/inactive/dead/ agent=4665/active/ jphase=absent killpid=
19:33:28.765450806 pdns=3974/0/active/running/ named=0/inactive/dead/ agent=4665/active/ jphase=absent killpid=
19:33:29.052222990 pdns=3974/0/active/running/ named=0/inactive/dead/ agent=4665/active/ jphase=absent killpid=
19:33:29.378161879 pdns=3974/0/active/running/ named=0/inactive/dead/ agent=4665/active/ jphase=absent killpid=
19:33:29.668033909 pdns=3974/0/active/running/ named=0/inactive/dead/ agent=4665/active/ jphase=absent killpid=
19:33:29.956458206 pdns=3974/0/active/running/ named=0/inactive/dead/ agent=4665/active/ jphase=absent killpid=
19:33:30.242285997 pdns=3974/0/active/running/ named=0/inactive/dead/ agent=4665/active/ jphase=absent killpid=
19:33:30.531899732 pdns=3974/0/active/running/ named=0/inactive/dead/ agent=4665/active/ jphase=absent killpid=
19:33:30.833023350 pdns=3974/0/active/running/ named=0/inactive/dead/ agent=4665/active/ jphase=absent killpid=
19:33:31.127431278 pdns=3974/0/active/running/ named=0/inactive/dead/ agent=4665/active/ jphase=absent killpid=
19:33:31.455119825 pdns=3974/0/active/running/ named=0/inactive/dead/ agent=4665/active/ jphase=absent killpid=
19:33:31.748637816 pdns=3974/0/active/running/ named=0/inactive/dead/ agent=4665/active/ jphase=absent killpid=
19:33:32.045146252 pdns=3974/0/active/running/ named=0/inactive/dead/ agent=4665/active/ jphase=absent killpid=
19:33:32.348788843 pdns=3974/0/active/running/ named=0/inactive/dead/ agent=4665/active/ jphase=absent killpid=
19:33:32.637505959 pdns=3974/0/active/running/ named=0/inactive/dead/ agent=4665/active/ jphase=absent killpid=
19:33:32.933669326 pdns=3974/0/active/running/ named=0/inactive/dead/ agent=4665/active/ jphase=absent killpid=
19:33:33.234289931 pdns=3974/0/active/running/ named=0/inactive/dead/ agent=4665/active/ jphase=absent killpid=
19:33:33.536907181 pdns=3974/0/active/running/ named=0/inactive/dead/ agent=4665/active/ jphase=absent killpid=
19:33:33.840897611 pdns=3974/0/active/running/ named=0/inactive/dead/ agent=4665/active/ jphase=absent killpid=
19:33:34.119273526 pdns=3974/0/active/running/ named=0/inactive/dead/ agent=4665/active/ jphase=absent killpid=
19:33:34.396610396 pdns=3974/0/active/running/ named=0/inactive/dead/ agent=4665/active/ jphase=absent killpid=
19:33:34.675721229 pdns=3974/0/active/running/ named=0/inactive/dead/ agent=4665/active/ jphase=absent killpid=
19:33:34.962001535 pdns=3974/0/active/running/ named=0/inactive/dead/ agent=4665/active/ jphase=absent killpid=
19:33:35.347909625 pdns=3974/0/active/running/ named=0/inactive/dead/ agent=4665/active/ jphase=absent killpid=
19:33:37.138489966 pdns=3974/0/active/running/ named=0/inactive/dead/ agent=4665/active/ jphase=absent killpid=
19:33:37.434692425 pdns=3974/0/active/running/ named=0/inactive/dead/ agent=4665/active/ jphase=absent killpid=
19:33:37.723247152 pdns=3974/0/active/running/ named=0/inactive/dead/ agent=4665/active/ jphase=absent killpid=
19:33:38.006240138 pdns=3974/0/active/running/ named=0/inactive/dead/ agent=4665/active/ jphase=absent killpid=
19:33:38.314544624 pdns=3974/0/active/running/ named=0/inactive/dead/ agent=4665/active/ jphase=absent killpid=
19:33:38.619339976 pdns=3974/0/active/running/ named=0/inactive/dead/ agent=4665/active/ jphase=absent killpid=
19:33:38.908054893 pdns=3974/0/active/running/ named=0/inactive/dead/ agent=4665/active/ jphase=absent killpid=
19:33:39.194397924 pdns=3974/0/active/running/ named=0/inactive/dead/ agent=4665/active/ jphase=absent killpid=
19:33:39.489293926 pdns=3974/0/active/running/ named=0/inactive/dead/ agent=4665/active/ jphase=absent killpid=
19:33:39.788261593 pdns=3974/0/active/running/ named=0/inactive/dead/ agent=4665/active/ jphase=absent killpid=
19:33:40.098144993 pdns=3974/0/active/running/ named=0/inactive/dead/ agent=4665/active/ jphase=absent killpid=
19:33:40.422110562 pdns=3974/0/active/running/ named=0/inactive/dead/ agent=4665/active/ jphase=absent killpid=
19:33:40.826183711 pdns=3974/0/active/running/ named=0/inactive/dead/ agent=4665/active/ jphase=absent killpid=
19:33:41.284094406 pdns=3974/0/active/running/ named=0/inactive/dead/ agent=4665/active/ jphase=absent killpid=
19:33:41.749607857 pdns=3974/0/active/running/ named=0/inactive/dead/ agent=4665/active/ jphase=absent killpid=
19:33:42.230207371 pdns=3974/0/active/running/ named=0/inactive/dead/ agent=4665/active/ jphase=absent killpid=
19:33:42.696521800 pdns=3974/0/active/running/ named=0/inactive/dead/ agent=4665/active/ jphase=absent killpid=
19:33:43.255933823 pdns=3974/0/active/running/ named=0/inactive/dead/ agent=4665/active/ jphase=absent killpid=
19:33:43.824977760 pdns=3974/0/active/running/ named=0/inactive/dead/ agent=4665/active/ jphase=absent killpid=
19:33:44.316775372 pdns=3974/0/active/running/ named=0/inactive/dead/ agent=4665/active/ jphase=absent killpid=
19:33:44.653906388 pdns=3974/0/active/running/ named=0/inactive/dead/ agent=4665/active/ jphase=absent killpid=
19:33:44.947377808 pdns=3974/0/active/running/ named=0/inactive/dead/ agent=4665/active/ jphase=absent killpid=
19:33:45.249112097 pdns=3974/0/active/running/ named=0/inactive/dead/ agent=4665/active/ jphase=absent killpid=
19:33:45.541233234 pdns=3974/0/active/running/ named=0/inactive/dead/ agent=4665/active/ jphase=absent killpid=
19:33:45.828461297 pdns=3974/0/active/running/ named=0/inactive/dead/ agent=4665/active/ jphase=absent killpid=
19:33:46.105264612 pdns=3974/0/active/running/ named=0/inactive/dead/ agent=4665/active/ jphase=absent killpid=
19:33:46.388477871 pdns=3974/0/active/running/ named=0/inactive/dead/ agent=4665/active/ jphase=absent killpid=
19:33:46.668889951 pdns=3974/0/active/running/ named=0/inactive/dead/ agent=4665/active/ jphase=absent killpid=
19:33:46.947908759 pdns=3974/0/active/running/ named=0/inactive/dead/ agent=4665/active/ jphase=absent killpid=
19:33:47.229235638 pdns=3974/0/active/running/ named=0/inactive/dead/ agent=4665/active/ jphase=absent killpid=
19:33:47.508996861 pdns=3974/0/active/running/ named=0/inactive/dead/ agent=4665/active/ jphase=absent killpid=
19:33:47.789558959 pdns=3974/0/active/running/ named=0/inactive/dead/ agent=4665/active/ jphase=absent killpid=
19:33:48.073582642 pdns=3974/0/active/running/ named=0/inactive/dead/ agent=4665/active/ jphase=absent killpid=
19:33:48.362553957 pdns=3974/0/active/running/ named=0/inactive/dead/ agent=4665/active/ jphase=absent killpid=
19:33:48.703041869 pdns=3974/0/active/running/ named=0/inactive/dead/ agent=4665/active/ jphase=absent killpid=
19:33:49.022686057 pdns=3974/0/active/running/ named=0/inactive/dead/ agent=4665/active/ jphase=absent killpid=
19:33:49.311349618 pdns=3974/0/active/running/ named=0/inactive/dead/ agent=4665/active/ jphase=absent killpid=
19:33:49.601479923 pdns=3974/0/active/running/ named=0/inactive/dead/ agent=4665/active/ jphase=absent killpid=
19:33:49.888635532 pdns=3974/0/active/running/ named=0/inactive/dead/ agent=4665/active/ jphase=absent killpid=
19:33:50.179693365 pdns=3974/0/active/running/ named=0/inactive/dead/ agent=4665/active/ jphase=absent killpid=
19:33:50.497185676 pdns=3974/0/active/running/ named=0/inactive/dead/ agent=4665/active/ jphase=absent killpid=
19:33:50.811981546 pdns=3974/0/active/running/ named=0/inactive/dead/ agent=4665/active/ jphase=absent killpid=
19:33:51.848731877 pdns=3974/0/active/running/ named=0/inactive/dead/ agent=4665/active/ jphase=absent killpid=
19:33:53.866957782 pdns=3974/0/active/running/ named=0/inactive/dead/ agent=4665/active/ jphase=absent killpid=
19:33:54.206936314 pdns=3974/0/active/running/ named=0/inactive/dead/ agent=4665/active/ jphase=absent killpid=
19:33:54.534461977 pdns=3974/0/active/running/ named=0/inactive/dead/ agent=4665/active/ jphase=absent killpid=
19:33:54.850345316 pdns=3974/0/active/running/ named=0/inactive/dead/ agent=4665/active/ jphase=absent killpid=
19:33:55.198479634 pdns=3974/0/active/running/ named=0/inactive/dead/ agent=4665/active/ jphase=absent killpid=
19:33:55.552168813 pdns=3974/0/active/running/ named=0/inactive/dead/ agent=4665/active/ jphase=absent killpid=
19:33:55.966277938 pdns=3974/0/active/running/ named=0/inactive/dead/ agent=4665/active/ jphase=absent killpid=
19:33:56.396970451 pdns=3974/0/active/running/ named=0/inactive/dead/ agent=4665/active/ jphase=absent killpid=
19:33:56.805294163 pdns=3974/0/active/running/ named=0/inactive/dead/ agent=4665/active/ jphase=absent killpid=
