13:25:36.749079454 CHANGE journal none -> absent
13:25:36.758815382 CHANGE ledger none -> 177f61d12ed0bb85e6ea535b807b376e26bbe0871405a13867c0b3cb6ea4b211
13:25:36.762203852 CHANGE state none -> absent
13:25:36.763614444 pdns=0/0/inactive/dead/ named=0/inactive/dead/ agent=0/inactive/ jphase=absent killpid=
13:25:37.026595868 pdns=0/0/inactive/dead/ named=0/inactive/dead/ agent=0/inactive/ jphase=absent killpid=
13:25:37.302057684 pdns=0/0/inactive/dead/ named=0/inactive/dead/ agent=0/inactive/ jphase=absent killpid=
13:25:37.575670132 CHANGE ledger 177f61d12ed0bb85e6ea535b807b376e26bbe0871405a13867c0b3cb6ea4b211 -> 275959fe9ae98ba24d710011670641506cf453c11929cd945029d2c82f3951dd
13:25:37.577305782 pdns=0/0/inactive/dead/ named=0/inactive/dead/ agent=0/inactive/ jphase=absent killpid=1613,
13:25:37.874584164 CHANGE ledger 275959fe9ae98ba24d710011670641506cf453c11929cd945029d2c82f3951dd -> 14bf4d0d13d29cbb79c77ceae8d762148f1202acb1b10201dc99ab73e9641e00
13:25:37.875861557 pdns=0/0/inactive/dead/ named=0/inactive/dead/ agent=0/inactive/ jphase=absent killpid=1613,
13:25:38.155617139 CHANGE ledger 14bf4d0d13d29cbb79c77ceae8d762148f1202acb1b10201dc99ab73e9641e00 -> 4f2694270de006dd350bafed85b674b7194dcfc503e3cc73d93996c134359d40
13:25:38.157194326 pdns=0/0/inactive/dead/ named=0/inactive/dead/ agent=0/inactive/ jphase=absent killpid=1613,
13:25:38.645157338 CHANGE ledger 4f2694270de006dd350bafed85b674b7194dcfc503e3cc73d93996c134359d40 -> 60bb6f44bbff7d5c16d3d0ef4c2b0a65337e9fcbd76e5e399735e5500ca29b49
13:25:38.646647956 pdns=0/0/inactive/dead/ named=0/inactive/dead/ agent=0/inactive/ jphase=absent killpid=1613,1921,
13:25:38.912106073 pdns=0/0/inactive/dead/ named=0/inactive/dead/ agent=0/inactive/ jphase=absent killpid=1613,1921,
13:25:39.173848714 pdns=0/0/inactive/dead/ named=0/inactive/dead/ agent=0/inactive/ jphase=absent killpid=1613,1921,
13:25:39.444366204 pdns=0/0/inactive/dead/ named=0/inactive/dead/ agent=0/inactive/ jphase=absent killpid=1613,1921,
13:25:39.717091136 pdns=0/0/inactive/dead/ named=0/inactive/dead/ agent=0/inactive/ jphase=absent killpid=1613,1921,
13:25:39.996695454 pdns=0/0/inactive/dead/ named=0/inactive/dead/ agent=0/inactive/ jphase=absent killpid=1613,1921,
13:25:40.276677720 pdns=0/0/inactive/dead/ named=0/inactive/dead/ agent=0/inactive/ jphase=absent killpid=1613,1921,
13:25:40.563948079 pdns=0/0/inactive/dead/ named=0/inactive/dead/ agent=0/inactive/ jphase=absent killpid=1613,1921,
13:25:40.880752565 pdns=0/0/inactive/dead/ named=0/inactive/dead/ agent=0/inactive/ jphase=absent killpid=1613,1921,
13:25:41.149659748 pdns=0/0/inactive/dead/ named=0/inactive/dead/ agent=0/inactive/ jphase=absent killpid=1613,1921,
13:25:41.416630398 pdns=0/0/inactive/dead/ named=0/inactive/dead/ agent=0/inactive/ jphase=absent killpid=1613,1921,
13:25:41.690754650 pdns=0/0/inactive/dead/ named=0/inactive/dead/ agent=0/inactive/ jphase=absent killpid=1613,1921,
13:25:42.060587603 CHANGE ledger 60bb6f44bbff7d5c16d3d0ef4c2b0a65337e9fcbd76e5e399735e5500ca29b49 -> 4b64e4c7f65795b438d5f1b6c655493b4116e9d9aa6f53ce359be9a119d5a9fa
13:25:42.072555111 pdns=0/0/inactive/dead/ named=0/inactive/dead/ agent=0/inactive/ jphase=absent killpid=1613,2201,
13:25:44.131170179 CHANGE ledger 4b64e4c7f65795b438d5f1b6c655493b4116e9d9aa6f53ce359be9a119d5a9fa -> 2aed9b5515b6c7581a8ab4888ce74f4349ddbdccab5440a5d12d98d85ef48d80
13:25:44.132886523 pdns=0/0/inactive/dead/ named=0/inactive/dead/ agent=0/inactive/ jphase=absent killpid=1613,2201,
13:25:44.419185088 pdns=0/0/inactive/dead/ named=0/inactive/dead/ agent=0/inactive/ jphase=absent killpid=1613,2201,
13:25:44.694624543 pdns=0/0/inactive/dead/ named=0/inactive/dead/ agent=0/inactive/ jphase=absent killpid=1613,2201,
13:25:44.962684235 pdns=0/0/inactive/dead/ named=0/inactive/dead/ agent=0/inactive/ jphase=absent killpid=1613,2201,
13:25:45.238425651 pdns=0/0/inactive/dead/ named=0/inactive/dead/ agent=0/inactive/ jphase=absent killpid=1613,2201,
13:25:45.509283448 pdns=0/0/inactive/dead/ named=0/inactive/dead/ agent=0/inactive/ jphase=absent killpid=1613,2201,
13:25:45.785163553 pdns=0/0/inactive/dead/ named=0/inactive/dead/ agent=0/inactive/ jphase=absent killpid=1613,2201,
13:25:46.063554730 pdns=0/0/inactive/dead/ named=0/inactive/dead/ agent=0/inactive/ jphase=absent killpid=1613,2201,
13:25:46.339314567 pdns=0/0/inactive/dead/ named=0/inactive/dead/ agent=0/inactive/ jphase=absent killpid=1613,2201,
13:25:46.615737994 pdns=0/0/inactive/dead/ named=0/inactive/dead/ agent=0/inactive/ jphase=absent killpid=1613,2201,
13:25:47.012270160 pdns=0/0/inactive/dead/ named=0/inactive/dead/ agent=0/inactive/ jphase=absent killpid=1613,2201,
13:25:47.353590000 pdns=0/0/inactive/dead/ named=0/inactive/dead/ agent=0/inactive/ jphase=absent killpid=1613,2201,
13:25:47.711804046 CHANGE ledger 2aed9b5515b6c7581a8ab4888ce74f4349ddbdccab5440a5d12d98d85ef48d80 -> fb6ad511de77cc1e77a6ef1de0f6affd1b343da3b13f0acc5e29d64f094a119f
13:25:47.713814338 pdns=0/0/inactive/dead/ named=0/inactive/dead/ agent=0/inactive/ jphase=absent killpid=1613,2201,
13:25:48.002038624 pdns=0/0/inactive/dead/ named=0/inactive/dead/ agent=0/inactive/ jphase=absent killpid=1613,2201,
13:25:48.304102471 pdns=0/0/inactive/dead/ named=0/inactive/dead/ agent=0/inactive/ jphase=absent killpid=1613,2201,
13:25:48.616998918 pdns=0/0/inactive/dead/ named=0/inactive/dead/ agent=0/inactive/ jphase=absent killpid=1613,2201,
13:25:48.920260336 pdns=0/0/inactive/dead/ named=0/inactive/dead/ agent=0/inactive/ jphase=absent killpid=1613,2201,
13:25:49.195867582 pdns=0/0/inactive/dead/ named=0/inactive/dead/ agent=0/inactive/ jphase=absent killpid=1613,2201,
13:25:49.485870726 CHANGE ledger fb6ad511de77cc1e77a6ef1de0f6affd1b343da3b13f0acc5e29d64f094a119f -> b54ecb7d0d7995c28e5ffed8ea1e31e9b7183eee6ba65d285c1e445380921567
13:25:49.487463293 pdns=0/0/inactive/dead/ named=0/inactive/dead/ agent=0/inactive/ jphase=absent killpid=1613,3048,
13:25:49.906391746 CHANGE ledger b54ecb7d0d7995c28e5ffed8ea1e31e9b7183eee6ba65d285c1e445380921567 -> 13d3a3e8e644c777f7d451fa02bb98bb1ff15cec5a9559cf101d1b68c4c0817f
13:25:49.907978231 pdns=0/0/inactive/dead/ named=0/inactive/dead/ agent=0/inactive/ jphase=absent killpid=1613,3159,
13:25:50.405209252 CHANGE ledger 13d3a3e8e644c777f7d451fa02bb98bb1ff15cec5a9559cf101d1b68c4c0817f -> 7d996ec7d607fb3fb30142ae4f68755e31abbec6c72a0351d15d2d6f8809b9a4
13:25:50.407007095 pdns=0/0/inactive/dead/ named=0/inactive/dead/ agent=0/inactive/ jphase=absent killpid=1613,3243,
13:25:50.711621396 CHANGE ledger 7d996ec7d607fb3fb30142ae4f68755e31abbec6c72a0351d15d2d6f8809b9a4 -> e545756fbcd9fa198bc6f03d66a82ef9740cff45b6b7c61bbcf5ddf3dc3e57b9
13:25:50.713378625 pdns=0/0/inactive/dead/ named=0/inactive/dead/ agent=0/inactive/ jphase=absent killpid=1613,
13:25:51.000515435 CHANGE ledger e545756fbcd9fa198bc6f03d66a82ef9740cff45b6b7c61bbcf5ddf3dc3e57b9 -> fb94b466328994b6ff05b4c0f5ba4de5210a03666c2b4a93968a9235854eb34e
13:25:51.001970282 pdns=0/0/inactive/dead/ named=0/inactive/dead/ agent=0/inactive/ jphase=absent killpid=1613,
13:25:51.283383755 CHANGE ledger fb94b466328994b6ff05b4c0f5ba4de5210a03666c2b4a93968a9235854eb34e -> cf28e183baf501edf4162dcaa83aaafd21662676f417e51dca171290548b03a3
13:25:51.286863498 pdns=0/0/inactive/dead/ named=0/inactive/dead/ agent=0/inactive/ jphase=intent killpid=1613,
13:25:51.572127788 CHANGE journal absent -> 54ed42579435a0174239fbc12726066d2e05d133c49cef64a5dd3562493deb45
13:25:51.580624092 CHANGE ledger cf28e183baf501edf4162dcaa83aaafd21662676f417e51dca171290548b03a3 -> 39a380792a0791f2620a702301f1abfff7e2f085717a57664435e6c6b1f1e148
13:25:51.582069375 pdns=0/0/inactive/dead/ named=0/inactive/dead/ agent=0/inactive/ jphase=source-stopped killpid=1613,3612,
13:25:51.994611875 CHANGE ledger 39a380792a0791f2620a702301f1abfff7e2f085717a57664435e6c6b1f1e148 -> 068dd3e7d6851f38fd5e87bb382b0c56f1037f3e323410ca18e1727641b82f02
13:25:51.996195445 pdns=0/0/inactive/dead/ named=0/inactive/dead/ agent=0/inactive/ jphase=source-stopped killpid=1613,3716,
13:25:52.446289517 CHANGE ledger 068dd3e7d6851f38fd5e87bb382b0c56f1037f3e323410ca18e1727641b82f02 -> ce1ef8137d3734a05e196ec3ba86edc45473a4d8e7be73146cb451820d6c546c
13:25:52.448656059 pdns=0/0/inactive/dead/ named=0/inactive/dead/ agent=0/inactive/ jphase=source-stopped killpid=1613,
13:25:52.891252406 CHANGE ledger ce1ef8137d3734a05e196ec3ba86edc45473a4d8e7be73146cb451820d6c546c -> 08ea90644e20a95e5ef59efa0201d550037883a4f775bf892c3e2e348bb0e01c
13:25:52.892813277 pdns=0/0/inactive/dead/ named=0/inactive/dead/ agent=0/inactive/ jphase=source-stopped killpid=1613,3926,
13:25:53.202982934 CHANGE ledger 08ea90644e20a95e5ef59efa0201d550037883a4f775bf892c3e2e348bb0e01c -> 886c93b2ac3853808dc6ec8801d65e6359ba0b6a601b69eb2d23bdac5bb765a5
13:25:53.205788584 pdns=0/0/inactive/dead/ named=0/inactive/dead/ agent=0/inactive/ jphase=source-stopped killpid=1613,4103,
13:25:54.121966932 CHANGE ledger 886c93b2ac3853808dc6ec8801d65e6359ba0b6a601b69eb2d23bdac5bb765a5 -> d4a81b524f770d4eba4ddd26a4ec360c88beab1e6893e8ac16a60ed740e6ecea
13:25:54.125197303 pdns=0/0/inactive/dead/ named=0/inactive/dead/ agent=0/inactive/ jphase=source-stopped killpid=1613,
13:25:54.430100277 CHANGE ledger d4a81b524f770d4eba4ddd26a4ec360c88beab1e6893e8ac16a60ed740e6ecea -> dddca9df3c6b07d465e0788389991006eefeb845594e145b7e03f4846ce3852a
13:25:54.431788280 pdns=0/0/inactive/dead/ named=0/inactive/dead/ agent=0/inactive/ jphase=source-stopped killpid=1613,4291,
13:25:54.735008502 CHANGE ledger dddca9df3c6b07d465e0788389991006eefeb845594e145b7e03f4846ce3852a -> b7fea0dc3db71901aa508d831d761d378916811db992bad9bd0457e4ab34b9d9
13:25:54.736755749 pdns=0/0/inactive/dead/ named=4337/active/running/ agent=0/inactive/ jphase=source-stopped killpid=1613,4377,
13:25:55.035367200 CHANGE ledger b7fea0dc3db71901aa508d831d761d378916811db992bad9bd0457e4ab34b9d9 -> 02539378041846fa20184cce38fde3307aeb0cf36392d427fb6da102b3f407f1
13:25:55.036848658 pdns=0/0/inactive/dead/ named=4337/active/running/ agent=0/inactive/ jphase=source-stopped killpid=1613,4471,
13:25:55.324407269 CHANGE ledger 02539378041846fa20184cce38fde3307aeb0cf36392d427fb6da102b3f407f1 -> 9fc25cea38196731df65cad7ed004ece90307ca401332372f16a1535f657a7ae
13:25:55.326297308 pdns=0/0/inactive/dead/ named=4337/active/running/ agent=0/inactive/ jphase=source-stopped killpid=1613,
13:25:55.617445287 CHANGE ledger 9fc25cea38196731df65cad7ed004ece90307ca401332372f16a1535f657a7ae -> 634c24d53773796b1dd7afc7edcf2e9da11c794411fb3cee29304535fa01e198
13:25:55.618888572 pdns=0/0/inactive/dead/ named=4337/active/running/ agent=0/inactive/ jphase=source-stopped killpid=1613,4660,
13:25:55.909588993 CHANGE ledger 634c24d53773796b1dd7afc7edcf2e9da11c794411fb3cee29304535fa01e198 -> d7389e7a342e6533934d951b6f6772d999c3e230db0dd00a3ae4c49858c9a265
13:25:55.911037511 pdns=0/0/inactive/dead/ named=4337/active/running/ agent=0/inactive/ jphase=target-started killpid=1613,4748,
13:25:56.190790292 CHANGE journal 54ed42579435a0174239fbc12726066d2e05d133c49cef64a5dd3562493deb45 -> 86784ded5176360caabd4f4c67a1a5e1197810e0bb82e23ccd6183931fb6c728
13:25:56.199485052 CHANGE ledger d7389e7a342e6533934d951b6f6772d999c3e230db0dd00a3ae4c49858c9a265 -> 397edc13ffd8832ac9b350ebdb25adf9873596273f967659a13dbf7336c4b157
13:25:56.201176008 pdns=0/0/inactive/dead/ named=4337/active/running/ agent=0/inactive/ jphase=target-started killpid=1613,
13:25:56.482969380 CHANGE ledger 397edc13ffd8832ac9b350ebdb25adf9873596273f967659a13dbf7336c4b157 -> 920b396e388478d4cacdb9afb72d169d8553aa229d5abaf439bfbd95beca4347
13:25:56.484703096 pdns=0/0/inactive/dead/ named=4337/active/running/ agent=0/inactive/ jphase=target-started killpid=1613,
13:25:56.772116048 CHANGE ledger 920b396e388478d4cacdb9afb72d169d8553aa229d5abaf439bfbd95beca4347 -> c5a47f58ab0e153b0660976a90056b9b8fbc63da719f0a4b1357b7a39880be6e
13:25:56.774184669 pdns=0/0/inactive/dead/ named=4337/active/running/ agent=0/inactive/ jphase=target-started killpid=1613,
13:25:57.072083605 CHANGE ledger c5a47f58ab0e153b0660976a90056b9b8fbc63da719f0a4b1357b7a39880be6e -> a2a3a5a5e2434e707123280da35f9d4ebf276054f48de0e03ada577aaeadf73a
13:25:57.074117976 pdns=0/0/inactive/dead/ named=4337/active/running/ agent=0/inactive/ jphase=target-started killpid=1613,5109,
13:25:57.374868998 CHANGE journal 86784ded5176360caabd4f4c67a1a5e1197810e0bb82e23ccd6183931fb6c728 -> 4d6af030580a60853af4c607b35ecc182e8f6f49a7267d04601849d0737eaaaa
13:25:57.385993159 CHANGE ledger a2a3a5a5e2434e707123280da35f9d4ebf276054f48de0e03ada577aaeadf73a -> f01bb34e00386cc8724b4297ac3a558f9a645eb284d0f0a1ded0661de982e5e4
13:25:57.407761507 CHANGE state absent -> 98f5fd3cb0f9911da66f1f5016885fd37522d486350f50ce8096a4396d10ad0e
13:25:57.417444219 pdns=0/0/inactive/dead/ named=4337/active/running/ agent=5146/active/ jphase=target-verified killpid=
13:25:57.801995668 CHANGE ledger f01bb34e00386cc8724b4297ac3a558f9a645eb284d0f0a1ded0661de982e5e4 -> 31437a1382eedb5096aec933d7da7f1874e50395048cc970b1aed7eb6ee08c46
13:25:57.806992166 pdns=0/0/inactive/dead/ named=4337/active/running/ agent=5146/active/ jphase=target-verified killpid=
13:25:58.087161260 pdns=0/0/inactive/dead/ named=4337/active/running/ agent=5146/active/ jphase=target-verified killpid=
13:25:58.359861802 pdns=0/0/inactive/dead/ named=4337/active/running/ agent=5146/active/ jphase=target-verified killpid=
13:25:58.631827937 pdns=0/0/inactive/dead/ named=4337/active/running/ agent=5146/active/ jphase=target-verified killpid=
13:25:58.897632300 pdns=0/0/inactive/dead/ named=4337/active/running/ agent=5146/active/ jphase=target-verified killpid=
13:25:59.166579422 pdns=0/0/inactive/dead/ named=4337/active/running/ agent=5146/active/ jphase=target-verified killpid=
13:25:59.437296215 pdns=0/0/inactive/dead/ named=4337/active/running/ agent=5146/active/ jphase=target-verified killpid=
13:25:59.706175439 pdns=0/0/inactive/dead/ named=4337/active/running/ agent=5146/active/ jphase=target-verified killpid=
13:25:59.988604963 pdns=0/0/inactive/dead/ named=4337/active/running/ agent=5146/active/ jphase=target-verified killpid=
13:26:00.258097161 pdns=0/0/inactive/dead/ named=4337/active/running/ agent=5146/active/ jphase=target-verified killpid=
13:26:00.528151076 pdns=0/0/inactive/dead/ named=4337/active/running/ agent=5146/active/ jphase=target-verified killpid=
13:26:00.806092191 pdns=0/0/inactive/dead/ named=4337/active/running/ agent=5146/active/ jphase=target-verified killpid=
13:26:01.068639961 pdns=0/0/inactive/dead/ named=4337/active/running/ agent=5146/active/ jphase=target-verified killpid=
13:26:01.329449881 pdns=0/0/inactive/dead/ named=4337/active/running/ agent=5146/active/ jphase=target-verified killpid=
13:26:01.593571714 pdns=0/0/inactive/dead/ named=4337/active/running/ agent=5146/active/ jphase=target-verified killpid=
13:26:01.858365707 pdns=0/0/inactive/dead/ named=4337/active/running/ agent=5146/active/ jphase=target-verified killpid=
13:26:02.121073580 pdns=0/0/inactive/dead/ named=4337/active/running/ agent=5146/active/ jphase=target-verified killpid=
13:26:02.382474966 pdns=0/0/inactive/dead/ named=4337/active/running/ agent=5146/active/ jphase=target-verified killpid=
13:26:02.643664800 pdns=0/0/inactive/dead/ named=4337/active/running/ agent=5146/active/ jphase=target-verified killpid=
13:26:02.905255290 pdns=0/0/inactive/dead/ named=4337/active/running/ agent=5146/active/ jphase=target-verified killpid=
13:26:03.166581195 pdns=0/0/inactive/dead/ named=4337/active/running/ agent=5146/active/ jphase=target-verified killpid=
13:26:03.426553108 pdns=0/0/inactive/dead/ named=4337/active/running/ agent=5146/active/ jphase=target-verified killpid=
13:26:03.690334589 pdns=0/0/inactive/dead/ named=4337/active/running/ agent=5146/active/ jphase=target-verified killpid=
13:26:03.954741067 pdns=0/0/inactive/dead/ named=4337/active/running/ agent=5146/active/ jphase=target-verified killpid=
13:26:04.217783680 pdns=0/0/inactive/dead/ named=4337/active/running/ agent=5146/active/ jphase=target-verified killpid=
13:26:04.480360305 pdns=0/0/inactive/dead/ named=4337/active/running/ agent=5146/active/ jphase=target-verified killpid=
13:26:04.749042493 pdns=0/0/inactive/dead/ named=4337/active/running/ agent=5146/active/ jphase=target-verified killpid=
13:26:05.010257707 pdns=0/0/inactive/dead/ named=4337/active/running/ agent=5146/active/ jphase=target-verified killpid=
13:26:05.271370524 pdns=0/0/inactive/dead/ named=4337/active/running/ agent=5146/active/ jphase=target-verified killpid=
13:26:05.531994270 pdns=0/0/inactive/dead/ named=4337/active/running/ agent=5146/active/ jphase=target-verified killpid=
13:26:05.798418076 pdns=0/0/inactive/dead/ named=4337/active/running/ agent=5146/active/ jphase=target-verified killpid=
13:26:06.063825506 pdns=0/0/inactive/dead/ named=4337/active/running/ agent=5146/active/ jphase=target-verified killpid=
13:26:06.324572505 pdns=0/0/inactive/dead/ named=4337/active/running/ agent=5146/active/ jphase=target-verified killpid=
13:26:06.587179964 pdns=0/0/inactive/dead/ named=4337/active/running/ agent=5146/active/ jphase=target-verified killpid=
13:26:06.847782642 pdns=0/0/inactive/dead/ named=4337/active/running/ agent=5146/active/ jphase=target-verified killpid=
13:26:07.107856142 pdns=0/0/inactive/dead/ named=4337/active/running/ agent=5146/active/ jphase=target-verified killpid=
13:26:07.369516148 pdns=0/0/inactive/dead/ named=4337/active/running/ agent=5146/active/ jphase=target-verified killpid=
13:26:07.630293085 pdns=0/0/inactive/dead/ named=4337/active/running/ agent=5146/active/ jphase=target-verified killpid=
13:26:07.894551302 pdns=0/0/inactive/dead/ named=4337/active/running/ agent=5146/active/ jphase=target-verified killpid=
13:26:08.159837014 pdns=0/0/inactive/dead/ named=4337/active/running/ agent=5146/active/ jphase=target-verified killpid=
13:26:08.423607298 pdns=0/0/inactive/dead/ named=4337/active/running/ agent=5146/active/ jphase=target-verified killpid=
13:26:08.684916917 pdns=0/0/inactive/dead/ named=4337/active/running/ agent=5146/active/ jphase=target-verified killpid=
13:26:08.951291489 pdns=0/0/inactive/dead/ named=4337/active/running/ agent=5146/active/ jphase=target-verified killpid=
13:26:09.216604033 pdns=0/0/inactive/dead/ named=4337/active/running/ agent=5146/active/ jphase=target-verified killpid=
13:26:09.478102951 pdns=0/0/inactive/dead/ named=4337/active/running/ agent=5146/active/ jphase=target-verified killpid=
13:26:09.741081866 pdns=0/0/inactive/dead/ named=4337/active/running/ agent=5146/active/ jphase=target-verified killpid=
13:26:10.008477941 pdns=0/0/inactive/dead/ named=4337/active/running/ agent=5146/active/ jphase=target-verified killpid=
13:26:10.285044514 pdns=0/0/inactive/dead/ named=4337/active/running/ agent=5146/active/ jphase=target-verified killpid=
13:26:10.563502363 pdns=0/0/inactive/dead/ named=4337/active/running/ agent=5146/active/ jphase=target-verified killpid=
13:26:10.829637831 pdns=0/0/inactive/dead/ named=4337/active/running/ agent=5146/active/ jphase=target-verified killpid=
13:26:11.096793331 pdns=0/0/inactive/dead/ named=4337/active/running/ agent=5146/active/ jphase=target-verified killpid=
13:26:11.364005078 pdns=0/0/inactive/dead/ named=4337/active/running/ agent=5146/active/ jphase=target-verified killpid=
13:26:11.636962016 pdns=0/0/inactive/dead/ named=4337/active/running/ agent=5146/active/ jphase=target-verified killpid=
13:26:11.918008966 pdns=0/0/inactive/dead/ named=4337/active/running/ agent=5146/active/ jphase=target-verified killpid=
13:26:12.190155302 pdns=0/0/inactive/dead/ named=4337/active/running/ agent=5146/active/ jphase=target-verified killpid=
13:26:12.456240950 pdns=0/0/inactive/dead/ named=4337/active/running/ agent=5146/active/ jphase=target-verified killpid=
13:26:12.733518727 pdns=0/0/inactive/dead/ named=4337/active/running/ agent=5146/active/ jphase=target-verified killpid=
13:26:13.005412272 pdns=0/0/inactive/dead/ named=4337/active/running/ agent=5146/active/ jphase=target-verified killpid=
13:26:13.278158110 pdns=0/0/inactive/dead/ named=4337/active/running/ agent=5146/active/ jphase=target-verified killpid=
13:26:13.545797244 pdns=0/0/inactive/dead/ named=4337/active/running/ agent=5146/active/ jphase=target-verified killpid=
13:26:13.811631300 pdns=0/0/inactive/dead/ named=4337/active/running/ agent=5146/active/ jphase=target-verified killpid=
13:26:14.074017472 pdns=0/0/inactive/dead/ named=4337/active/running/ agent=5146/active/ jphase=target-verified killpid=
13:26:14.335817204 pdns=0/0/inactive/dead/ named=4337/active/running/ agent=5146/active/ jphase=target-verified killpid=
13:26:14.600392875 pdns=0/0/inactive/dead/ named=4337/active/running/ agent=5146/active/ jphase=target-verified killpid=
13:26:14.867366317 pdns=0/0/inactive/dead/ named=4337/active/running/ agent=5146/active/ jphase=target-verified killpid=
13:26:15.128218868 pdns=0/0/inactive/dead/ named=4337/active/running/ agent=5146/active/ jphase=target-verified killpid=
13:26:15.397016048 pdns=0/0/inactive/dead/ named=4337/active/running/ agent=5146/active/ jphase=target-verified killpid=
13:26:15.663567194 pdns=0/0/inactive/dead/ named=4337/active/running/ agent=5146/active/ jphase=target-verified killpid=
13:26:15.927709476 pdns=0/0/inactive/dead/ named=4337/active/running/ agent=5146/active/ jphase=target-verified killpid=
13:26:16.188236718 pdns=0/0/inactive/dead/ named=4337/active/running/ agent=5146/active/ jphase=target-verified killpid=
13:26:16.451791455 pdns=0/0/inactive/dead/ named=4337/active/running/ agent=5146/active/ jphase=target-verified killpid=
13:26:16.714847275 pdns=0/0/inactive/dead/ named=4337/active/running/ agent=5146/active/ jphase=target-verified killpid=
13:26:16.987375363 pdns=0/0/inactive/dead/ named=4337/active/running/ agent=5146/active/ jphase=target-verified killpid=
13:26:17.248343094 pdns=0/0/inactive/dead/ named=4337/active/running/ agent=5146/active/ jphase=target-verified killpid=
13:26:17.509401831 pdns=0/0/inactive/dead/ named=4337/active/running/ agent=5146/active/ jphase=target-verified killpid=
13:26:17.772464135 pdns=0/0/inactive/dead/ named=4337/active/running/ agent=5146/active/ jphase=target-verified killpid=
13:26:18.034013205 pdns=0/0/inactive/dead/ named=4337/active/running/ agent=5146/active/ jphase=target-verified killpid=
13:26:18.297540767 pdns=0/0/inactive/dead/ named=4337/active/running/ agent=5146/active/ jphase=target-verified killpid=
13:26:18.567183206 pdns=0/0/inactive/dead/ named=4337/active/running/ agent=5146/active/ jphase=target-verified killpid=
13:26:18.831473842 pdns=0/0/inactive/dead/ named=4337/active/running/ agent=5146/active/ jphase=target-verified killpid=
13:26:19.093853967 pdns=0/0/inactive/dead/ named=4337/active/running/ agent=5146/active/ jphase=target-verified killpid=
13:26:19.358551256 pdns=0/0/inactive/dead/ named=4337/active/running/ agent=5146/active/ jphase=target-verified killpid=
13:26:19.623802697 pdns=0/0/inactive/dead/ named=4337/active/running/ agent=5146/active/ jphase=target-verified killpid=
13:26:19.886310270 pdns=0/0/inactive/dead/ named=4337/active/running/ agent=5146/active/ jphase=target-verified killpid=
13:26:20.152342688 pdns=0/0/inactive/dead/ named=4337/active/running/ agent=5146/active/ jphase=target-verified killpid=
13:26:20.415775969 pdns=0/0/inactive/dead/ named=4337/active/running/ agent=5146/active/ jphase=target-verified killpid=
13:26:20.678216777 pdns=0/0/inactive/dead/ named=4337/active/running/ agent=5146/active/ jphase=target-verified killpid=
13:26:20.938897113 pdns=0/0/inactive/dead/ named=4337/active/running/ agent=5146/active/ jphase=target-verified killpid=
13:26:21.199499019 pdns=0/0/inactive/dead/ named=4337/active/running/ agent=5146/active/ jphase=target-verified killpid=
13:26:21.460706388 pdns=0/0/inactive/dead/ named=4337/active/running/ agent=5146/active/ jphase=target-verified killpid=
13:26:21.724247095 pdns=0/0/inactive/dead/ named=4337/active/running/ agent=5146/active/ jphase=target-verified killpid=
13:26:21.989847757 pdns=0/0/inactive/dead/ named=4337/active/running/ agent=5146/active/ jphase=target-verified killpid=
13:26:22.251537651 pdns=0/0/inactive/dead/ named=4337/active/running/ agent=5146/active/ jphase=target-verified killpid=
13:26:22.515160076 pdns=0/0/inactive/dead/ named=4337/active/running/ agent=5146/active/ jphase=target-verified killpid=
13:26:22.777558532 pdns=0/0/inactive/dead/ named=4337/active/running/ agent=5146/active/ jphase=target-verified killpid=
13:26:23.041664061 pdns=0/0/inactive/dead/ named=4337/active/running/ agent=5146/active/ jphase=target-verified killpid=
13:26:23.308915621 pdns=0/0/inactive/dead/ named=4337/active/running/ agent=5146/active/ jphase=target-verified killpid=
13:26:23.570989718 pdns=0/0/inactive/dead/ named=4337/active/running/ agent=5146/active/ jphase=target-verified killpid=
13:26:23.835372372 pdns=0/0/inactive/dead/ named=4337/active/running/ agent=5146/active/ jphase=target-verified killpid=
13:26:24.097445394 pdns=0/0/inactive/dead/ named=4337/active/running/ agent=5146/active/ jphase=target-verified killpid=
13:26:24.358127855 pdns=0/0/inactive/dead/ named=4337/active/running/ agent=5146/active/ jphase=target-verified killpid=
13:26:24.619227318 pdns=0/0/inactive/dead/ named=4337/active/running/ agent=5146/active/ jphase=target-verified killpid=
13:26:24.880200037 pdns=0/0/inactive/dead/ named=4337/active/running/ agent=5146/active/ jphase=target-verified killpid=
13:26:25.140141118 pdns=0/0/inactive/dead/ named=4337/active/running/ agent=5146/active/ jphase=target-verified killpid=
13:26:25.406520324 pdns=0/0/inactive/dead/ named=4337/active/running/ agent=5146/active/ jphase=target-verified killpid=
13:26:25.681002438 pdns=0/0/inactive/dead/ named=4337/active/running/ agent=5146/active/ jphase=target-verified killpid=
13:26:25.944006310 pdns=0/0/inactive/dead/ named=4337/active/running/ agent=5146/active/ jphase=target-verified killpid=
13:26:26.206138639 pdns=0/0/inactive/dead/ named=4337/active/running/ agent=5146/active/ jphase=target-verified killpid=
13:26:26.471150611 pdns=0/0/inactive/dead/ named=4337/active/running/ agent=5146/active/ jphase=target-verified killpid=
13:26:26.737378146 pdns=0/0/inactive/dead/ named=4337/active/running/ agent=5146/active/ jphase=target-verified killpid=
13:26:27.002327390 pdns=0/0/inactive/dead/ named=4337/active/running/ agent=5146/active/ jphase=target-verified killpid=
13:26:27.267413326 pdns=0/0/inactive/dead/ named=4337/active/running/ agent=5146/active/ jphase=target-verified killpid=
13:26:27.528540627 pdns=0/0/inactive/dead/ named=4337/active/running/ agent=5146/active/ jphase=target-verified killpid=
13:26:27.789523236 pdns=0/0/inactive/dead/ named=4337/active/running/ agent=5146/active/ jphase=target-verified killpid=
13:26:28.054488918 pdns=0/0/inactive/dead/ named=4337/active/running/ agent=5146/active/ jphase=target-verified killpid=
13:26:28.320087573 pdns=0/0/inactive/dead/ named=4337/active/running/ agent=5146/active/ jphase=target-verified killpid=
13:26:28.599085291 pdns=0/0/inactive/dead/ named=4337/active/running/ agent=5146/active/ jphase=target-verified killpid=
13:26:28.862408079 pdns=0/0/inactive/dead/ named=4337/active/running/ agent=5146/active/ jphase=target-verified killpid=
13:26:29.127163787 pdns=0/0/inactive/dead/ named=4337/active/running/ agent=5146/active/ jphase=target-verified killpid=
13:26:29.392260818 pdns=0/0/inactive/dead/ named=4337/active/running/ agent=5146/active/ jphase=target-verified killpid=
13:26:29.667636914 pdns=0/0/inactive/dead/ named=4337/active/running/ agent=5146/active/ jphase=target-verified killpid=
13:26:29.929481047 pdns=0/0/inactive/dead/ named=4337/active/running/ agent=5146/active/ jphase=target-verified killpid=
13:26:30.200726398 pdns=0/0/inactive/dead/ named=4337/active/running/ agent=5146/active/ jphase=target-verified killpid=
13:26:30.462776759 pdns=0/0/inactive/dead/ named=4337/active/running/ agent=5146/active/ jphase=target-verified killpid=
