20:33:30.984443292 CHANGE journal none -> absent
20:33:30.997875838 CHANGE ledger none -> 177f61d12ed0bb85e6ea535b807b376e26bbe0871405a13867c0b3cb6ea4b211
20:33:31.002568397 CHANGE state none -> absent
20:33:31.006796191 CHANGE pdnsdb none -> absent
20:33:31.012410113 POINTER 
20:33:31.014089794 pdns=0/0/inactive/dead/ named=0/inactive/dead/ agent=0/inactive/ jphase=absent killpid=
20:33:31.305264804 pdns=0/0/inactive/dead/ named=0/inactive/dead/ agent=0/inactive/ jphase=absent killpid=
20:33:31.636017372 pdns=0/0/inactive/dead/ named=0/inactive/dead/ agent=0/inactive/ jphase=absent killpid=
20:33:31.941701966 pdns=0/0/inactive/dead/ named=0/inactive/dead/ agent=0/inactive/ jphase=absent killpid=
20:33:32.251862045 pdns=0/0/inactive/dead/ named=0/inactive/dead/ agent=0/inactive/ jphase=absent killpid=
20:33:32.557291778 CHANGE ledger 177f61d12ed0bb85e6ea535b807b376e26bbe0871405a13867c0b3cb6ea4b211 -> 8b082a7cb4d497ec152025c5f632129425879f694d36edc7c045a3d5bba87ed2
20:33:32.562886940 pdns=0/0/inactive/dead/ named=0/inactive/dead/ agent=0/inactive/ jphase=absent killpid=1830,
20:33:32.885688451 CHANGE ledger 8b082a7cb4d497ec152025c5f632129425879f694d36edc7c045a3d5bba87ed2 -> 26f2c1f5813fcde4676fe94295c663f9f124f79306867bd06d3ff130966c6940
20:33:32.890966878 pdns=0/0/inactive/dead/ named=0/inactive/dead/ agent=0/inactive/ jphase=absent killpid=1830,1943,
20:33:33.179157164 pdns=0/0/inactive/dead/ named=0/inactive/dead/ agent=0/inactive/ jphase=absent killpid=1830,1943,
20:33:33.477856773 pdns=0/0/inactive/dead/ named=0/inactive/dead/ agent=0/inactive/ jphase=absent killpid=1830,1943,
20:33:33.812492089 pdns=0/0/inactive/dead/ named=0/inactive/dead/ agent=0/inactive/ jphase=absent killpid=1830,1943,
20:33:34.123072780 pdns=0/0/inactive/dead/ named=0/inactive/dead/ agent=0/inactive/ jphase=absent killpid=1830,1943,
20:33:34.444490404 pdns=0/0/inactive/dead/ named=0/inactive/dead/ agent=0/inactive/ jphase=absent killpid=1830,1943,
20:33:34.750675192 pdns=0/0/inactive/dead/ named=0/inactive/dead/ agent=0/inactive/ jphase=absent killpid=1830,1943,
20:33:35.061602070 pdns=0/0/inactive/dead/ named=0/inactive/dead/ agent=0/inactive/ jphase=absent killpid=1830,1943,
20:33:35.360321590 pdns=0/0/inactive/dead/ named=0/inactive/dead/ agent=0/inactive/ jphase=absent killpid=1830,1943,
20:33:35.655706127 pdns=0/0/inactive/dead/ named=0/inactive/dead/ agent=0/inactive/ jphase=absent killpid=1830,1943,
20:33:35.988280932 pdns=0/0/inactive/dead/ named=0/inactive/dead/ agent=0/inactive/ jphase=absent killpid=1830,1943,
20:33:36.320230541 pdns=0/0/inactive/dead/ named=0/inactive/dead/ agent=0/inactive/ jphase=absent killpid=1830,1943,
20:33:36.687680198 pdns=0/0/inactive/dead/ named=0/inactive/dead/ agent=0/inactive/ jphase=absent killpid=1830,1943,
20:33:37.023242101 pdns=0/0/inactive/dead/ named=0/inactive/dead/ agent=0/inactive/ jphase=absent killpid=1830,1943,
20:33:37.332232753 pdns=0/0/inactive/dead/ named=0/inactive/dead/ agent=0/inactive/ jphase=absent killpid=1830,1943,
20:33:37.637228325 CHANGE ledger 26f2c1f5813fcde4676fe94295c663f9f124f79306867bd06d3ff130966c6940 -> 61cf450649b6d131cfd13762d0dd0156e117d90540e0281d0e89b7376a8568d3
20:33:37.641398875 pdns=0/0/inactive/dead/ named=0/inactive/dead/ agent=0/inactive/ jphase=absent killpid=1830,
20:33:37.946720734 CHANGE ledger 61cf450649b6d131cfd13762d0dd0156e117d90540e0281d0e89b7376a8568d3 -> bdc2566143677a92d2603f0dd7247c4429769775443a549cff7d29e22e637ba1
20:33:37.951769232 pdns=0/0/inactive/dead/ named=0/inactive/dead/ agent=0/inactive/ jphase=absent killpid=1830,2467,
20:33:38.536536723 CHANGE ledger bdc2566143677a92d2603f0dd7247c4429769775443a549cff7d29e22e637ba1 -> 88953cad8120b604c602f6b6d190767c8ff84444696af8d2a68215d9878b92a8
20:33:38.541202412 pdns=0/0/inactive/dead/ named=0/inactive/dead/ agent=0/inactive/ jphase=absent killpid=1830,2504,
20:33:38.833838760 pdns=0/0/inactive/dead/ named=0/inactive/dead/ agent=0/inactive/ jphase=absent killpid=1830,2504,
20:33:39.145105370 pdns=0/0/inactive/dead/ named=0/inactive/dead/ agent=0/inactive/ jphase=absent killpid=1830,2504,
20:33:39.471026282 pdns=0/0/inactive/dead/ named=0/inactive/dead/ agent=0/inactive/ jphase=absent killpid=1830,2504,
20:33:39.802542631 pdns=0/0/inactive/dead/ named=0/inactive/dead/ agent=0/inactive/ jphase=absent killpid=1830,2504,
20:33:40.136356324 pdns=0/0/inactive/dead/ named=0/inactive/dead/ agent=0/inactive/ jphase=absent killpid=1830,2504,
20:33:40.463748448 pdns=0/0/inactive/dead/ named=0/inactive/dead/ agent=0/inactive/ jphase=absent killpid=1830,2504,
20:33:40.805944643 pdns=0/0/inactive/dead/ named=0/inactive/dead/ agent=0/inactive/ jphase=absent killpid=1830,2504,
20:33:41.109928159 pdns=0/0/inactive/dead/ named=0/inactive/dead/ agent=0/inactive/ jphase=absent killpid=1830,2504,
20:33:41.545869767 pdns=0/0/inactive/dead/ named=0/inactive/dead/ agent=0/inactive/ jphase=absent killpid=1830,2504,
20:33:41.865966613 pdns=0/0/inactive/dead/ named=0/inactive/dead/ agent=0/inactive/ jphase=absent killpid=1830,2504,
20:33:42.162849752 pdns=0/0/inactive/dead/ named=0/inactive/dead/ agent=0/inactive/ jphase=absent killpid=1830,2504,
20:33:42.460647548 CHANGE ledger 88953cad8120b604c602f6b6d190767c8ff84444696af8d2a68215d9878b92a8 -> 415728b9f43650264839957a6053e2a43e6583af74e81b526aae4c759511b3b7
20:33:42.466261605 pdns=0/0/inactive/dead/ named=0/inactive/dead/ agent=0/inactive/ jphase=absent killpid=1830,2504,
20:33:43.675792999 pdns=0/0/inactive/dead/ named=0/inactive/dead/ agent=0/inactive/ jphase=absent killpid=1830,2504,
20:33:45.097685938 pdns=0/0/inactive/dead/ named=0/inactive/dead/ agent=0/inactive/ jphase=absent killpid=1830,2504,
20:33:45.394136448 pdns=0/0/inactive/dead/ named=0/inactive/dead/ agent=0/inactive/ jphase=absent killpid=1830,
20:33:45.709987658 CHANGE ledger 415728b9f43650264839957a6053e2a43e6583af74e81b526aae4c759511b3b7 -> 357a1fc27cc79484025d0a62c74f6b16cd189661f9200152c3fbf36448b51f58
20:33:45.717346727 pdns=0/0/inactive/dead/ named=0/inactive/dead/ agent=0/inactive/ jphase=absent killpid=1830,3093,
20:33:46.090907540 CHANGE ledger 357a1fc27cc79484025d0a62c74f6b16cd189661f9200152c3fbf36448b51f58 -> a61ee9847f5f579f257d9a1e18f25e110aa610a641f75ef54d33eabf9a987b98
20:33:46.096538065 pdns=0/0/inactive/dead/ named=0/inactive/dead/ agent=0/inactive/ jphase=absent killpid=1830,
20:33:46.500414121 CHANGE ledger a61ee9847f5f579f257d9a1e18f25e110aa610a641f75ef54d33eabf9a987b98 -> e4f66ec927fa6366f763967281d91808b22d57306f7d99cf58f082cb297a92b6
20:33:46.585023034 pdns=0/0/inactive/dead/ named=0/inactive/dead/ agent=0/inactive/ jphase=absent killpid=1830,
20:33:50.982404623 CHANGE journal absent -> df9e0818b79f4604475edc36b6e6e11ccacbef2af7ee2b7d681cf9428274b44c
20:33:50.995056825 CHANGE ledger e4f66ec927fa6366f763967281d91808b22d57306f7d99cf58f082cb297a92b6 -> ff6afcf6c9250f260d38adef0751e10c65dafe7a6121cf6a5c7e579ef12815d8
20:33:51.000015204 pdns=0/0/inactive/dead/ named=0/inactive/dead/ agent=0/inactive/ jphase=target-staged killpid=
20:33:51.417795490 CHANGE journal df9e0818b79f4604475edc36b6e6e11ccacbef2af7ee2b7d681cf9428274b44c -> 61cf5359aca61cad37651af9c101a00cfb80c3bf5daf3ab48e241218ab230cc0
20:33:51.428785555 pdns=0/0/inactive/dead/ named=0/inactive/dead/ agent=3367/active/ jphase=rolling-back killpid=
20:33:51.744645477 CHANGE journal 61cf5359aca61cad37651af9c101a00cfb80c3bf5daf3ab48e241218ab230cc0 -> af39cc138416b8ec86c0db4fa0f39be9f0c53a762eadcad0142df01b492bb86f
20:33:51.756655714 pdns=0/0/inactive/dead/ named=0/inactive/dead/ agent=3367/active/ jphase=rolling-back killpid=
20:33:52.079703098 pdns=0/0/inactive/dead/ named=0/inactive/dead/ agent=3367/active/ jphase=rolling-back killpid=
20:33:52.403644353 pdns=0/0/inactive/dead/ named=0/inactive/dead/ agent=3367/active/ jphase=rolling-back killpid=
20:33:52.721423515 pdns=0/0/inactive/dead/ named=0/inactive/dead/ agent=3367/active/ jphase=rolling-back killpid=
20:33:53.036230193 CHANGE journal af39cc138416b8ec86c0db4fa0f39be9f0c53a762eadcad0142df01b492bb86f -> 3768e02c86a8048abc6c6e9d02c3b01bf3aab7f7ffb7a742814517df4295691c
20:33:53.047699932 pdns=0/0/inactive/dead/ named=0/inactive/dead/ agent=3367/active/ jphase=absent killpid=
20:33:53.371799163 CHANGE journal 3768e02c86a8048abc6c6e9d02c3b01bf3aab7f7ffb7a742814517df4295691c -> absent
20:33:53.385037299 CHANGE ledger ff6afcf6c9250f260d38adef0751e10c65dafe7a6121cf6a5c7e579ef12815d8 -> 4066fb375c5fe0ddf66bb446593b0f0f4e4b98be4a7b41815b8acb67eac30096
20:33:53.395932126 pdns=0/0/inactive/dead/ named=0/inactive/dead/ agent=3367/active/ jphase=absent killpid=
20:33:53.749404204 CHANGE ledger 4066fb375c5fe0ddf66bb446593b0f0f4e4b98be4a7b41815b8acb67eac30096 -> 73524bfcbe1d2c8c720cd974de5485e9a6735bc850c6853577fb80066e2ff419
20:33:53.754922381 pdns=0/0/inactive/dead/ named=0/inactive/dead/ agent=3367/active/ jphase=absent killpid=
20:33:54.185041870 CHANGE ledger 73524bfcbe1d2c8c720cd974de5485e9a6735bc850c6853577fb80066e2ff419 -> 21d2f230824411ad4b5f9c631d00b7371033adc06a9bc8da6f90cb72e2ddbf93
20:33:54.196112738 pdns=0/0/inactive/dead/ named=0/inactive/dead/ agent=3367/active/ jphase=absent killpid=
20:33:54.598130984 CHANGE journal absent -> df9e0818b79f4604475edc36b6e6e11ccacbef2af7ee2b7d681cf9428274b44c
20:33:54.619327996 CHANGE ledger 21d2f230824411ad4b5f9c631d00b7371033adc06a9bc8da6f90cb72e2ddbf93 -> 106b6ff145cfb59ebf08873647a370230c2b0ebd86cff56b877517a141de2e52
20:33:54.627308686 pdns=0/0/inactive/dead/ named=0/inactive/dead/ agent=3367/active/ jphase=intent killpid=
20:33:55.012377880 pdns=0/0/inactive/dead/ named=0/inactive/dead/ agent=3367/active/ jphase=target-staged killpid=
20:33:55.414032216 CHANGE journal df9e0818b79f4604475edc36b6e6e11ccacbef2af7ee2b7d681cf9428274b44c -> 5ab3c8ad9d5477447952436093e8538d3ee3fbe7879802e6fd7815f89a1f3306
20:33:55.433618926 CHANGE ledger 106b6ff145cfb59ebf08873647a370230c2b0ebd86cff56b877517a141de2e52 -> 826ce4b0d75bea4f8f9b6feea00c66926ed5fd49c59572aa91124555c293aa72
20:33:55.442027647 pdns=0/0/inactive/dead/ named=0/inactive/dead/ agent=3367/active/ jphase=target-enable-intent killpid=
20:33:55.795068941 CHANGE journal 5ab3c8ad9d5477447952436093e8538d3ee3fbe7879802e6fd7815f89a1f3306 -> 89af5b2ae6770a31925c0bf148ddfbb166b8220d7a2af7868df1e25cb9a4a03b
20:33:55.819178104 CHANGE ledger 826ce4b0d75bea4f8f9b6feea00c66926ed5fd49c59572aa91124555c293aa72 -> d260e3067c6c16afeaada0d99ecb435e81711a055527f3a4ae13c8d745773ece
20:33:55.837935161 CHANGE pdnsdb absent -> de8c61e70d43174763408c29912356bc61b593460b2525427b85e8390932b66c
20:33:55.844535454 pdns=0/0/inactive/dead/ named=0/inactive/dead/ agent=3367/active/ jphase=target-enable-intent killpid=
20:33:56.188673966 CHANGE ledger d260e3067c6c16afeaada0d99ecb435e81711a055527f3a4ae13c8d745773ece -> e26700c9b8c3ee082f6c0766fef91c33659eee4299f86d506e5154493c1730c2
20:33:56.202509602 pdns=0/0/inactive/dead/ named=0/inactive/dead/ agent=3367/active/ jphase=target-enable-intent killpid=
20:33:56.789077962 CHANGE ledger e26700c9b8c3ee082f6c0766fef91c33659eee4299f86d506e5154493c1730c2 -> b211309bcce55be2977bc4c51545c16e429fc97e28289b1aaf54e52db7973198
20:33:56.804251136 pdns=0/0/inactive/dead/ named=0/inactive/dead/ agent=3367/active/ jphase=target-enable-intent killpid=
20:33:57.159661229 CHANGE ledger b211309bcce55be2977bc4c51545c16e429fc97e28289b1aaf54e52db7973198 -> 37e84a7b16d53375e7a809f16efd86435e56c9219fd0ae83469b06f33c6ac761
20:33:57.171211725 pdns=0/0/inactive/dead/ named=0/inactive/dead/ agent=3367/active/ jphase=target-enable-intent killpid=
20:33:57.513981006 CHANGE ledger 37e84a7b16d53375e7a809f16efd86435e56c9219fd0ae83469b06f33c6ac761 -> db61a710d146e2599707d67c9c3224a34da83c64f1a30f99901a14a41c8adc12
20:33:57.529349559 pdns=0/0/inactive/dead/ named=0/inactive/dead/ agent=3367/active/ jphase=target-enable-intent killpid=
20:33:57.924296737 CHANGE ledger db61a710d146e2599707d67c9c3224a34da83c64f1a30f99901a14a41c8adc12 -> e474e6a71d808b289498ff868592a806bc77bf401a3057e913bdeedc0ca19231
20:33:57.941022454 pdns=0/0/inactive/dead/ named=0/inactive/dead/ agent=3367/active/ jphase=target-enable-intent killpid=
20:33:58.411290081 CHANGE ledger e474e6a71d808b289498ff868592a806bc77bf401a3057e913bdeedc0ca19231 -> 4b45463d4573e2476d0749d575a378eb88997e647f02d47bd5e12617e16f584d
20:33:58.430223055 pdns=0/0/inactive/dead/ named=0/inactive/dead/ agent=3367/active/ jphase=target-enable-intent killpid=
20:33:58.824443295 CHANGE ledger 4b45463d4573e2476d0749d575a378eb88997e647f02d47bd5e12617e16f584d -> 6c4ec2416d7c53e7ab29505e93f71cbcb77301c1ae948ea40c79161217dd054c
20:33:58.840742436 pdns=4714/0/activating/start/ named=0/inactive/dead/ agent=3367/active/ jphase=target-started killpid=
20:33:59.160900300 CHANGE journal 89af5b2ae6770a31925c0bf148ddfbb166b8220d7a2af7868df1e25cb9a4a03b -> 3d0f8d8ab206f49054b06da6a7fa5614f13d764efb8c4c495fbab5b157b1a03b
20:33:59.189781667 CHANGE ledger 6c4ec2416d7c53e7ab29505e93f71cbcb77301c1ae948ea40c79161217dd054c -> 8e75ceed2c230bf0914b702c23582ef5ce3f82af15b60ce9313ec78c99b95ca6
20:33:59.211981822 CHANGE pdnsdb de8c61e70d43174763408c29912356bc61b593460b2525427b85e8390932b66c -> c8dc583f3aa60e05e18845ae68e5c55301d0e733a8e770212f3f272460eef036
20:33:59.219386280 pdns=4714/0/active/running/ named=0/inactive/dead/ agent=3367/active/ jphase=target-started killpid=
20:33:59.596910606 CHANGE ledger 8e75ceed2c230bf0914b702c23582ef5ce3f82af15b60ce9313ec78c99b95ca6 -> 7bdf467087be532c9dfa4636537ef01d6e37f39186d4719adca1bf7497c94439
20:33:59.630225330 pdns=4714/0/active/running/ named=0/inactive/dead/ agent=3367/active/ jphase=target-started killpid=
20:33:59.998309176 CHANGE ledger 7bdf467087be532c9dfa4636537ef01d6e37f39186d4719adca1bf7497c94439 -> 493e8b3422f18900ce13c7c40249d52277b942f0c650d5afaac366dff25795a0
20:34:00.015704275 pdns=4714/0/active/running/ named=0/inactive/dead/ agent=3367/active/ jphase=target-started killpid=
20:34:00.405640783 CHANGE ledger 493e8b3422f18900ce13c7c40249d52277b942f0c650d5afaac366dff25795a0 -> bd60ab6382e064bf8064195378e4ff036ed991aaa7a089c0a2295ac2adc3b74d
20:34:00.443833021 pdns=4714/0/active/running/ named=0/inactive/dead/ agent=3367/active/ jphase=target-started killpid=
20:34:00.818523777 CHANGE journal 3d0f8d8ab206f49054b06da6a7fa5614f13d764efb8c4c495fbab5b157b1a03b -> c4f6d8f37e3cfd999aef32436498caa6e915dab04282bf37de2bd219ec375213
20:34:00.836955084 CHANGE ledger bd60ab6382e064bf8064195378e4ff036ed991aaa7a089c0a2295ac2adc3b74d -> 97e554f4373c632e724c211620cf35a1363f92d4fcefe2e0a97984c46d7e473d
20:34:00.856697782 CHANGE state absent -> e9895d91323290d3d05859a29f4615af28257633a3f604ac6740a7cce21a1a1d
20:34:00.872724254 pdns=4714/0/active/running/ named=0/inactive/dead/ agent=3367/active/ jphase=committed killpid=
20:34:01.245085171 pdns=4714/0/active/running/ named=0/inactive/dead/ agent=3367/active/ jphase=committed killpid=
20:34:01.600676794 pdns=4714/0/active/running/ named=0/inactive/dead/ agent=3367/active/ jphase=absent killpid=
20:34:01.932949150 CHANGE journal c4f6d8f37e3cfd999aef32436498caa6e915dab04282bf37de2bd219ec375213 -> absent
20:34:02.009936280 pdns=4714/0/active/running/ named=0/inactive/dead/ agent=3367/active/ jphase=absent killpid=
20:34:02.605044271 pdns=4714/0/active/running/ named=0/inactive/dead/ agent=3367/active/ jphase=absent killpid=
20:34:03.153257881 CHANGE ledger 97e554f4373c632e724c211620cf35a1363f92d4fcefe2e0a97984c46d7e473d -> b357f9ea4a37aa887433283048d00af38d3045125d360c8f4def3dc9c0f62005
20:34:03.178317328 pdns=4714/0/active/running/ named=0/inactive/dead/ agent=3367/active/ jphase=absent killpid=
20:34:03.564688515 pdns=4714/0/active/running/ named=0/inactive/dead/ agent=3367/active/ jphase=absent killpid=
20:34:03.964941516 pdns=4714/0/active/running/ named=0/inactive/dead/ agent=3367/active/ jphase=absent killpid=
20:34:04.273058953 pdns=4714/0/active/running/ named=0/inactive/dead/ agent=3367/active/ jphase=absent killpid=
20:34:04.586439812 pdns=4714/0/active/running/ named=0/inactive/dead/ agent=3367/active/ jphase=absent killpid=
20:34:04.932802392 pdns=4714/0/active/running/ named=0/inactive/dead/ agent=3367/active/ jphase=absent killpid=
20:34:05.224613170 pdns=4714/0/active/running/ named=0/inactive/dead/ agent=3367/active/ jphase=absent killpid=
20:34:05.535034625 pdns=4714/0/active/running/ named=0/inactive/dead/ agent=3367/active/ jphase=absent killpid=
20:34:05.839775134 pdns=4714/0/active/running/ named=0/inactive/dead/ agent=3367/active/ jphase=absent killpid=
20:34:06.144476697 pdns=4714/0/active/running/ named=0/inactive/dead/ agent=3367/active/ jphase=absent killpid=
20:34:06.437079417 pdns=4714/0/active/running/ named=0/inactive/dead/ agent=3367/active/ jphase=absent killpid=
20:34:07.916398587 pdns=4714/0/active/running/ named=0/inactive/dead/ agent=3367/active/ jphase=absent killpid=
20:34:10.732095868 pdns=4714/0/active/running/ named=0/inactive/dead/ agent=3367/active/ jphase=absent killpid=
20:34:11.039003022 pdns=4714/0/active/running/ named=0/inactive/dead/ agent=3367/active/ jphase=absent killpid=
20:34:11.331622710 pdns=4714/0/active/running/ named=0/inactive/dead/ agent=3367/active/ jphase=absent killpid=
20:34:11.634625240 pdns=4714/0/active/running/ named=0/inactive/dead/ agent=3367/active/ jphase=absent killpid=
20:34:11.918778553 pdns=4714/0/active/running/ named=0/inactive/dead/ agent=3367/active/ jphase=absent killpid=
20:34:12.201499146 pdns=4714/0/active/running/ named=0/inactive/dead/ agent=3367/active/ jphase=absent killpid=
20:34:12.484302850 pdns=4714/0/active/running/ named=0/inactive/dead/ agent=3367/active/ jphase=absent killpid=
20:34:12.768092726 pdns=4714/0/active/running/ named=0/inactive/dead/ agent=3367/active/ jphase=absent killpid=
20:34:13.049256738 pdns=4714/0/active/running/ named=0/inactive/dead/ agent=3367/active/ jphase=absent killpid=
20:34:13.338792370 pdns=4714/0/active/running/ named=0/inactive/dead/ agent=3367/active/ jphase=absent killpid=
20:34:13.628664458 pdns=4714/0/active/running/ named=0/inactive/dead/ agent=3367/active/ jphase=absent killpid=
20:34:13.913952532 pdns=4714/0/active/running/ named=0/inactive/dead/ agent=3367/active/ jphase=absent killpid=
20:34:14.195153074 pdns=4714/0/active/running/ named=0/inactive/dead/ agent=3367/active/ jphase=absent killpid=
20:34:14.477816159 pdns=4714/0/active/running/ named=0/inactive/dead/ agent=3367/active/ jphase=absent killpid=
20:34:14.758108834 pdns=4714/0/active/running/ named=0/inactive/dead/ agent=3367/active/ jphase=absent killpid=
20:34:15.040405223 pdns=4714/0/active/running/ named=0/inactive/dead/ agent=3367/active/ jphase=absent killpid=
20:34:15.322443666 pdns=4714/0/active/running/ named=0/inactive/dead/ agent=3367/active/ jphase=absent killpid=
20:34:15.618903552 pdns=4714/0/active/running/ named=0/inactive/dead/ agent=3367/active/ jphase=absent killpid=
20:34:15.900938402 pdns=4714/0/active/running/ named=0/inactive/dead/ agent=3367/active/ jphase=absent killpid=
20:34:16.182957214 pdns=4714/0/active/running/ named=0/inactive/dead/ agent=3367/active/ jphase=absent killpid=
20:34:16.475159967 pdns=4714/0/active/running/ named=0/inactive/dead/ agent=3367/active/ jphase=absent killpid=
20:34:16.761697426 pdns=4714/0/active/running/ named=0/inactive/dead/ agent=3367/active/ jphase=absent killpid=
20:34:17.054324928 pdns=4714/0/active/running/ named=0/inactive/dead/ agent=3367/active/ jphase=absent killpid=
20:34:17.351243667 pdns=4714/0/active/running/ named=0/inactive/dead/ agent=3367/active/ jphase=absent killpid=
20:34:17.642339102 pdns=4714/0/active/running/ named=0/inactive/dead/ agent=3367/active/ jphase=absent killpid=
20:34:17.926726214 pdns=4714/0/active/running/ named=0/inactive/dead/ agent=3367/active/ jphase=absent killpid=
20:34:18.211907831 pdns=4714/0/active/running/ named=0/inactive/dead/ agent=3367/active/ jphase=absent killpid=
20:34:18.580708416 pdns=4714/0/active/running/ named=0/inactive/dead/ agent=3367/active/ jphase=absent killpid=
20:34:19.364861349 pdns=4714/0/active/running/ named=0/inactive/dead/ agent=3367/active/ jphase=absent killpid=
20:34:20.340233533 pdns=4714/0/active/running/ named=0/inactive/dead/ agent=3367/active/ jphase=absent killpid=
20:34:21.792899052 pdns=4714/0/active/running/ named=0/inactive/dead/ agent=3367/active/ jphase=absent killpid=
20:34:22.079877592 pdns=4714/0/active/running/ named=0/inactive/dead/ agent=3367/active/ jphase=absent killpid=
20:34:22.371790320 pdns=4714/0/active/running/ named=0/inactive/dead/ agent=3367/active/ jphase=absent killpid=
20:34:22.653697719 pdns=4714/0/active/running/ named=0/inactive/dead/ agent=3367/active/ jphase=absent killpid=
20:34:22.943749262 pdns=4714/0/active/running/ named=0/inactive/dead/ agent=3367/active/ jphase=absent killpid=
20:34:23.223798262 pdns=4714/0/active/running/ named=0/inactive/dead/ agent=3367/active/ jphase=absent killpid=
20:34:23.507176251 pdns=4714/0/active/running/ named=0/inactive/dead/ agent=3367/active/ jphase=absent killpid=
20:34:23.791016274 pdns=4714/0/active/running/ named=0/inactive/dead/ agent=3367/active/ jphase=absent killpid=
20:34:24.072156507 pdns=4714/0/active/running/ named=0/inactive/dead/ agent=3367/active/ jphase=absent killpid=
20:34:24.355887986 pdns=4714/0/active/running/ named=0/inactive/dead/ agent=3367/active/ jphase=absent killpid=
20:34:24.636940193 pdns=4714/0/active/running/ named=0/inactive/dead/ agent=3367/active/ jphase=absent killpid=
20:34:24.918523324 pdns=4714/0/active/running/ named=0/inactive/dead/ agent=3367/active/ jphase=absent killpid=
20:34:25.204224960 pdns=4714/0/active/running/ named=0/inactive/dead/ agent=3367/active/ jphase=absent killpid=
20:34:25.491471784 pdns=4714/0/active/running/ named=0/inactive/dead/ agent=3367/active/ jphase=absent killpid=
20:34:25.780388687 pdns=4714/0/active/running/ named=0/inactive/dead/ agent=3367/active/ jphase=absent killpid=
20:34:26.066838890 pdns=4714/0/active/running/ named=0/inactive/dead/ agent=3367/active/ jphase=absent killpid=
20:34:26.348431070 pdns=4714/0/active/running/ named=0/inactive/dead/ agent=3367/active/ jphase=absent killpid=
20:34:26.629705675 pdns=4714/0/active/running/ named=0/inactive/dead/ agent=3367/active/ jphase=absent killpid=
20:34:26.909748780 pdns=4714/0/active/running/ named=0/inactive/dead/ agent=3367/active/ jphase=absent killpid=
20:34:27.200315291 pdns=4714/0/active/running/ named=0/inactive/dead/ agent=3367/active/ jphase=absent killpid=
20:34:27.516060042 pdns=4714/0/active/running/ named=0/inactive/dead/ agent=3367/active/ jphase=absent killpid=
20:34:27.852685832 pdns=4714/0/active/running/ named=0/inactive/dead/ agent=3367/active/ jphase=absent killpid=
20:34:28.298342197 pdns=4714/0/active/running/ named=0/inactive/dead/ agent=3367/active/ jphase=absent killpid=
20:34:28.759042807 pdns=4714/0/active/running/ named=0/inactive/dead/ agent=3367/active/ jphase=absent killpid=
20:34:29.279321656 pdns=4714/0/active/running/ named=0/inactive/dead/ agent=3367/active/ jphase=absent killpid=
20:34:29.822483462 pdns=4714/0/active/running/ named=0/inactive/dead/ agent=3367/active/ jphase=absent killpid=
20:34:30.355665687 pdns=4714/0/active/running/ named=0/inactive/dead/ agent=3367/active/ jphase=absent killpid=
20:34:30.873274669 pdns=4714/0/active/running/ named=0/inactive/dead/ agent=3367/active/ jphase=absent killpid=
20:34:31.872901908 pdns=4714/0/active/running/ named=0/inactive/dead/ agent=3367/active/ jphase=absent killpid=
20:34:33.800867244 pdns=4714/0/active/running/ named=0/inactive/dead/ agent=3367/active/ jphase=absent killpid=
20:34:35.659917126 pdns=4714/0/active/running/ named=0/inactive/dead/ agent=3367/active/ jphase=absent killpid=
done
