19:00:03.508849882 CHANGE journal none -> absent
19:00:03.527491305 CHANGE ledger none -> bbfabe3d1a1e0de0289df554e0c48f6db3e64736cc765b0c0f97bb0f13087715
19:00:03.539213021 CHANGE state none -> 077deaa6435a514b595f6b1f3a162e394e73e6ca04537426ad69527084bb533c
19:00:03.555592674 CHANGE pdnsdb none -> c046db6517c661b799ac610aa31d6a2e4218d2b00bc4cdad48c898eb2a649cb7
19:00:03.560407662 POINTER 
19:00:03.562440428 pdns=3077/0/active/running/ named=0/inactive/dead/ agent=0/inactive/ jphase=absent killpid=
19:00:03.881332899 pdns=3077/0/active/running/ named=0/inactive/dead/ agent=0/inactive/ jphase=absent killpid=
19:00:04.199181718 pdns=3077/0/active/running/ named=0/inactive/dead/ agent=0/inactive/ jphase=absent killpid=
19:00:04.593061525 pdns=3077/0/active/running/ named=0/inactive/dead/ agent=0/inactive/ jphase=absent killpid=
19:00:04.911044620 CHANGE ledger bbfabe3d1a1e0de0289df554e0c48f6db3e64736cc765b0c0f97bb0f13087715 -> 0c0ee0e38f60e34034ec70356e81c318815f526699ba3e085a1431418a6ed96e
19:00:04.926772812 pdns=3077/0/active/running/ named=0/inactive/dead/ agent=0/inactive/ jphase=absent killpid=4278,
19:00:05.237890950 CHANGE ledger 0c0ee0e38f60e34034ec70356e81c318815f526699ba3e085a1431418a6ed96e -> dc682a7c23e913a0fb39152264a602ddfacbd74400418541961cb0816a6c821f
19:00:05.259345716 pdns=3077/0/active/running/ named=0/inactive/dead/ agent=0/inactive/ jphase=absent killpid=4278,
19:00:05.594493313 CHANGE ledger dc682a7c23e913a0fb39152264a602ddfacbd74400418541961cb0816a6c821f -> 9819a346f7b9b9b1a321b6e634470f9e1aac39fa20ba5f7c7df4dc51348ee711
19:00:05.611866637 pdns=3077/0/active/running/ named=0/inactive/dead/ agent=0/inactive/ jphase=absent killpid=4278,
19:00:05.956503566 CHANGE ledger 9819a346f7b9b9b1a321b6e634470f9e1aac39fa20ba5f7c7df4dc51348ee711 -> 000fa293975e156c44cdbb7b6072e25fa4546c42aa6b19ea29a8904a97071644
19:00:05.981001317 pdns=3077/0/active/running/ named=0/inactive/dead/ agent=0/inactive/ jphase=absent killpid=4278,
19:00:06.517469925 CHANGE ledger 000fa293975e156c44cdbb7b6072e25fa4546c42aa6b19ea29a8904a97071644 -> 540f0e9f146cb27cf90f572d6db10a94c4b72a60afa2204076b6bf722d7dd972
19:00:06.527674853 pdns=3077/0/active/running/ named=0/inactive/dead/ agent=0/inactive/ jphase=absent killpid=4278,
19:00:06.811552532 CHANGE ledger 540f0e9f146cb27cf90f572d6db10a94c4b72a60afa2204076b6bf722d7dd972 -> f5f73890809cc273af5894d211716f2d730ddeac6f49b879f6bfdb3911d7a32e
19:00:06.824090965 pdns=3077/0/active/running/ named=0/inactive/dead/ agent=0/inactive/ jphase=absent killpid=4278,4930,
19:00:07.116809262 CHANGE ledger f5f73890809cc273af5894d211716f2d730ddeac6f49b879f6bfdb3911d7a32e -> 87783adb20c4aa92b3a84417440b03236a848e9c4282c8d4486ab6f37dd978af
19:00:07.139970358 pdns=3077/0/active/running/ named=0/inactive/dead/ agent=0/inactive/ jphase=absent killpid=4278,4993,
19:00:07.449384371 CHANGE ledger 87783adb20c4aa92b3a84417440b03236a848e9c4282c8d4486ab6f37dd978af -> 29a179ef8b608cfde46a5376c5acb5fe17f7b2620903cdfd55a5ef9f902ce58d
19:00:07.466919708 pdns=3077/0/active/running/ named=0/inactive/dead/ agent=0/inactive/ jphase=absent killpid=4278,5087,
19:00:07.794286459 CHANGE ledger 29a179ef8b608cfde46a5376c5acb5fe17f7b2620903cdfd55a5ef9f902ce58d -> 811841eea9bf0475ab77b1eb20ffb780e0682ab938f0847c0c5193c498456366
19:00:07.808749977 pdns=3077/0/active/running/ named=0/inactive/dead/ agent=0/inactive/ jphase=absent killpid=4278,5184,
19:00:08.109990542 CHANGE ledger 811841eea9bf0475ab77b1eb20ffb780e0682ab938f0847c0c5193c498456366 -> a4d2d2a3ecf228435148843f6889626954d633b220bb20d593db75812cf4ec77
19:00:08.126639106 pdns=3077/0/active/running/ named=0/inactive/dead/ agent=0/inactive/ jphase=absent killpid=4278,5184,
19:00:08.460102282 pdns=3077/0/active/running/ named=0/inactive/dead/ agent=0/inactive/ jphase=absent killpid=4278,5184,
19:00:08.758255800 pdns=3077/0/active/running/ named=0/inactive/dead/ agent=0/inactive/ jphase=absent killpid=4278,5184,
19:00:09.036251263 pdns=3077/0/active/running/ named=0/inactive/dead/ agent=0/inactive/ jphase=absent killpid=4278,5184,
19:00:09.312336919 pdns=3077/0/active/running/ named=0/inactive/dead/ agent=0/inactive/ jphase=absent killpid=4278,5184,
19:00:09.603647861 pdns=3077/0/active/running/ named=0/inactive/dead/ agent=0/inactive/ jphase=absent killpid=4278,5184,
19:00:09.900218376 CHANGE ledger a4d2d2a3ecf228435148843f6889626954d633b220bb20d593db75812cf4ec77 -> c7c1948d8462d8386cfafc2f6dec804132788af14c30b1fac660facf94cb5c7d
19:00:09.914293131 pdns=3077/0/active/running/ named=0/inactive/dead/ agent=0/inactive/ jphase=absent killpid=4278,5184,
19:00:10.238322784 pdns=3077/0/active/running/ named=0/inactive/dead/ agent=0/inactive/ jphase=absent killpid=4278,5184,
19:00:10.528086798 pdns=3077/0/active/running/ named=0/inactive/dead/ agent=0/inactive/ jphase=absent killpid=4278,5184,
19:00:10.819555448 pdns=3077/0/active/running/ named=0/inactive/dead/ agent=0/inactive/ jphase=absent killpid=4278,5184,
19:00:11.104059279 pdns=3077/0/active/running/ named=0/inactive/dead/ agent=0/inactive/ jphase=absent killpid=4278,5184,
19:00:11.389456653 pdns=3077/0/active/running/ named=0/inactive/dead/ agent=0/inactive/ jphase=absent killpid=4278,5184,
19:00:11.677929495 pdns=3077/0/active/running/ named=0/inactive/dead/ agent=0/inactive/ jphase=absent killpid=4278,5184,
19:00:11.971272645 pdns=3077/0/active/running/ named=0/inactive/dead/ agent=0/inactive/ jphase=absent killpid=4278,5184,
19:00:12.264760140 pdns=3077/0/active/running/ named=0/inactive/dead/ agent=0/inactive/ jphase=absent killpid=4278,5184,
19:00:12.570324365 pdns=3077/0/active/running/ named=0/inactive/dead/ agent=0/inactive/ jphase=absent killpid=4278,5184,
19:00:12.860611205 pdns=3077/0/active/running/ named=0/inactive/dead/ agent=0/inactive/ jphase=absent killpid=4278,5184,
19:00:13.148830289 pdns=3077/0/active/running/ named=0/inactive/dead/ agent=0/inactive/ jphase=absent killpid=4278,5184,
19:00:13.437125107 pdns=3077/0/active/running/ named=0/inactive/dead/ agent=0/inactive/ jphase=absent killpid=4278,5184,
19:00:13.717992865 pdns=3077/0/active/running/ named=0/inactive/dead/ agent=0/inactive/ jphase=absent killpid=4278,5184,
19:00:14.000108203 pdns=3077/0/active/running/ named=0/inactive/dead/ agent=0/inactive/ jphase=absent killpid=4278,6262,
19:00:14.489291307 CHANGE ledger c7c1948d8462d8386cfafc2f6dec804132788af14c30b1fac660facf94cb5c7d -> 8a1b455b70721aa45beb08d3bf5266b7d097919e0215cce5d6a26a5faba70054
19:00:14.502590888 pdns=3077/0/active/running/ named=0/inactive/dead/ agent=0/inactive/ jphase=absent killpid=4278,6337,
19:00:14.807572265 CHANGE ledger 8a1b455b70721aa45beb08d3bf5266b7d097919e0215cce5d6a26a5faba70054 -> eb82282fbdcbf92bd00bcef2c8ac15ba4ded2a01b07661a3541dcdaedffc7904
19:00:14.823720844 pdns=3077/0/active/running/ named=0/inactive/dead/ agent=0/inactive/ jphase=absent killpid=4278,6461,
19:00:15.284243861 CHANGE ledger eb82282fbdcbf92bd00bcef2c8ac15ba4ded2a01b07661a3541dcdaedffc7904 -> efda3d7c5213506758aa5bf225d29de1fdd57d7271c9c6bd9b9e9fef12f07784
19:00:15.304732447 pdns=3077/0/active/running/ named=0/inactive/dead/ agent=0/inactive/ jphase=absent killpid=4278,
19:00:15.608957978 CHANGE ledger efda3d7c5213506758aa5bf225d29de1fdd57d7271c9c6bd9b9e9fef12f07784 -> 5aebe65fe91adb231ba00ac45b72cdac7083ff8f1c343933f0e7090747a1f5eb
19:00:15.620867701 pdns=3077/0/active/running/ named=0/inactive/dead/ agent=0/inactive/ jphase=absent killpid=4278,
19:00:15.909551218 CHANGE ledger 5aebe65fe91adb231ba00ac45b72cdac7083ff8f1c343933f0e7090747a1f5eb -> c13f0bb8dc0cf3ab9d58c03dc3f5af49d1e651eb9715b8c0ea9542487e089280
19:00:15.919813860 POINTER /var/cache/bind/celikpanel mtime=2026-09-29 19:00:15.804267995 +0000 ino=131691 /var/cache/bind/celikpanel/current absent 
19:00:15.921105125 pdns=3077/0/active/running/ named=0/inactive/dead/ agent=0/inactive/ jphase=absent killpid=4278,
19:00:16.215206248 CHANGE ledger c13f0bb8dc0cf3ab9d58c03dc3f5af49d1e651eb9715b8c0ea9542487e089280 -> 8d597cbbe3aff810746ebe9a2e3194f6f4ef4f7b66939cda00cb64ad57f5091d
19:00:16.231552840 POINTER /var/cache/bind/celikpanel mtime=2026-09-29 19:00:16.088269608 +0000 ino=131691 /var/cache/bind/celikpanel/current absent 
19:00:16.233765416 pdns=3077/0/active/running/ named=0/inactive/dead/ agent=0/inactive/ jphase=absent killpid=4278,
19:00:16.537866079 CHANGE ledger 8d597cbbe3aff810746ebe9a2e3194f6f4ef4f7b66939cda00cb64ad57f5091d -> 137235c924757b9c881b828376f4845613a00096b8266db9d33d803e95cee475
19:00:16.549733524 POINTER /var/cache/bind/celikpanel mtime=2026-09-29 19:00:16.320270867 +0000 ino=131691 /var/cache/bind/celikpanel/current absent 
19:00:16.551113884 pdns=3077/0/active/running/ named=0/inactive/dead/ agent=0/inactive/ jphase=absent killpid=4278,6857,
19:00:16.835709719 CHANGE ledger 137235c924757b9c881b828376f4845613a00096b8266db9d33d803e95cee475 -> 35e6d4f97b005e06c1de80b2f13a9d4fbd9ca12eb189b4bda77582aa2c3dccca
19:00:16.847631185 pdns=3077/0/active/running/ named=0/inactive/dead/ agent=0/inactive/ jphase=absent killpid=4278,
19:00:17.131357386 CHANGE ledger 35e6d4f97b005e06c1de80b2f13a9d4fbd9ca12eb189b4bda77582aa2c3dccca -> 9beb735ca086eb87a3d7fc58beb8f1e09b13461ddc8945c9de5184f3efab5834
19:00:17.144001298 pdns=3077/0/active/running/ named=0/inactive/dead/ agent=0/inactive/ jphase=absent killpid=4278,
19:00:17.446424752 CHANGE ledger 9beb735ca086eb87a3d7fc58beb8f1e09b13461ddc8945c9de5184f3efab5834 -> d9699ae2352128aa5c15a1186650288300352eddd8342019bd16acfe25ccf981
19:00:17.461796913 pdns=3077/0/active/running/ named=0/inactive/dead/ agent=0/inactive/ jphase=absent killpid=4278,7124,
19:00:17.747211812 CHANGE ledger d9699ae2352128aa5c15a1186650288300352eddd8342019bd16acfe25ccf981 -> 8f8b4a54e099afb22509ccbb604fb72d974f3042425bce847cf6472ea42ab1ca
19:00:17.759150321 pdns=3077/0/active/running/ named=0/inactive/dead/ agent=0/inactive/ jphase=absent killpid=4278,7201,
19:00:18.043187809 CHANGE ledger 8f8b4a54e099afb22509ccbb604fb72d974f3042425bce847cf6472ea42ab1ca -> b616798e03b7d74edc9ff0cfa5b30f0526df665e366ebace481d8a2c2ae91d79
19:00:18.054164442 pdns=3077/0/active/running/ named=0/inactive/dead/ agent=0/inactive/ jphase=absent killpid=4278,
19:00:18.332808663 CHANGE ledger b616798e03b7d74edc9ff0cfa5b30f0526df665e366ebace481d8a2c2ae91d79 -> 7b46f842cecdf55de74f49240b91d01e4d96523cd3d6fa5d314d65d304703b6f
19:00:18.351329444 pdns=3077/0/active/running/ named=0/inactive/dead/ agent=0/inactive/ jphase=absent killpid=4278,7366,
19:00:18.643556688 CHANGE ledger 7b46f842cecdf55de74f49240b91d01e4d96523cd3d6fa5d314d65d304703b6f -> 1a83d02bf2204d54bc073c5c342621bb79097faa95e23a1e84c238a82ac0ed3a
19:00:18.656005791 pdns=3077/0/active/running/ named=0/inactive/dead/ agent=0/inactive/ jphase=absent killpid=4278,
19:00:18.941180126 CHANGE ledger 1a83d02bf2204d54bc073c5c342621bb79097faa95e23a1e84c238a82ac0ed3a -> 6ad30b372545fcfd36f738b6c57dba8ad1a525e3dbc3f95afe8fe8bca75c5ed8
19:00:18.952932277 pdns=3077/0/active/running/ named=0/inactive/dead/ agent=0/inactive/ jphase=absent killpid=4278,
19:00:19.239213135 CHANGE ledger 6ad30b372545fcfd36f738b6c57dba8ad1a525e3dbc3f95afe8fe8bca75c5ed8 -> 2c6091622655f6d8fd2df31b7dad87c1560fe02500644c6d61b981e273d0e8c1
19:00:19.257441968 pdns=3077/0/active/running/ named=0/inactive/dead/ agent=0/inactive/ jphase=absent killpid=4278,
19:00:19.545522073 CHANGE ledger 2c6091622655f6d8fd2df31b7dad87c1560fe02500644c6d61b981e273d0e8c1 -> 8ac128a0ed82335cc1c585e9e03436d94e94e3937d0a0f852bf92e3618f245de
19:00:19.557873099 pdns=3077/0/active/running/ named=0/inactive/dead/ agent=0/inactive/ jphase=absent killpid=4278,
19:00:19.846299432 CHANGE journal absent -> 63e0f8cf303c75169f86c097467226d80153b97bc0cca3c75e86d27fb2fa2a95
19:00:19.856292559 CHANGE ledger 8ac128a0ed82335cc1c585e9e03436d94e94e3937d0a0f852bf92e3618f245de -> ddb49c2fefe0bef9409d1d212b33af2bb064615c9a735b8556f33bb56b563340
19:00:19.871302266 POINTER /var/cache/bind/celikpanel mtime=2026-09-29 19:00:19.832288134 +0000 ino=131691 /var/cache/bind/celikpanel/current mtime=2026-09-29 19:00:19.824288098 +0000 ino=131714 -> '/var/cache/bind/celikpanel/current' -> 'generations/dedb306c03f83f0d00fc35fd90a5d4d13740db23d52253485d178c3338989058' 
19:00:19.872696651 pdns=3077/0/active/running/ named=0/inactive/dead/ agent=0/inactive/ jphase=intent killpid=4278,7812,
19:00:20.152410837 CHANGE journal 63e0f8cf303c75169f86c097467226d80153b97bc0cca3c75e86d27fb2fa2a95 -> 99efdb1d1da88c696479d788e4c7b5803397a853d95add183afde374ea206a61
19:00:20.164008213 CHANGE ledger ddb49c2fefe0bef9409d1d212b33af2bb064615c9a735b8556f33bb56b563340 -> 92261d5135ea3d73772e80e1b7076e1c785c5e09f81d3eb20c03a520a821fdf5
19:00:20.178646069 pdns=3077/0/active/running/ named=0/inactive/dead/ agent=0/inactive/ jphase=target-staged killpid=4278,
19:00:20.668784067 CHANGE journal 99efdb1d1da88c696479d788e4c7b5803397a853d95add183afde374ea206a61 -> 2132fdb2b82d8d0a663ea7ebcc8a9af50d8fe8520a5c1f607fb714d80e531b90
19:00:20.678089906 CHANGE ledger 92261d5135ea3d73772e80e1b7076e1c785c5e09f81d3eb20c03a520a821fdf5 -> 6e5c14d4a7e2211e9867b7ea85abda618a4ea0dab2941a67f47f417234ccea5a
19:00:20.694225684 pdns=0/0/inactive/dead/ named=0/inactive/dead/ agent=7945/active/ jphase=rolling-back killpid=
19:00:21.083343040 pdns=0/0/inactive/dead/ named=0/inactive/dead/ agent=7945/active/ jphase=rolling-back killpid=
19:00:21.376796407 pdns=0/0/inactive/dead/ named=0/inactive/dead/ agent=7945/active/ jphase=rolling-back killpid=
19:00:21.681029662 pdns=0/0/inactive/dead/ named=0/inactive/dead/ agent=7945/active/ jphase=rolling-back killpid=
19:00:21.978905507 pdns=0/0/inactive/dead/ named=0/inactive/dead/ agent=7945/active/ jphase=rolling-back killpid=
19:00:22.286477079 pdns=0/0/inactive/dead/ named=0/inactive/dead/ agent=7945/active/ jphase=rolling-back killpid=
19:00:22.588456758 pdns=0/0/inactive/dead/ named=0/inactive/dead/ agent=7945/active/ jphase=rolling-back killpid=
19:00:22.912095727 pdns=0/0/inactive/dead/ named=0/inactive/dead/ agent=7945/active/ jphase=rolling-back killpid=
19:00:23.215285629 POINTER /var/cache/bind/celikpanel mtime=2026-09-29 19:00:23.000295752 +0000 ino=131691 /var/cache/bind/celikpanel/current absent 
19:00:23.216784510 pdns=0/0/inactive/dead/ named=0/inactive/dead/ agent=7945/active/ jphase=rolling-back killpid=
19:00:23.943912742 pdns=8626/0/activating/start/ named=0/inactive/dead/ agent=7945/active/ jphase=rolling-back killpid=
19:00:24.261176207 CHANGE pdnsdb c046db6517c661b799ac610aa31d6a2e4218d2b00bc4cdad48c898eb2a649cb7 -> e5b5589917c7aa363ee8ba389c285b9d2bfed752abb1d53ab950be0481575f6e
19:00:24.266613931 POINTER /var/cache/bind/celikpanel mtime=2026-09-29 19:00:24.140225976 +0000 ino=131691 /var/cache/bind/celikpanel/current absent 
19:00:24.267887389 pdns=8626/0/active/running/ named=0/inactive/dead/ agent=7945/active/ jphase=rolling-back killpid=
19:00:24.573564604 pdns=8626/0/active/running/ named=0/inactive/dead/ agent=7945/active/ jphase=rolling-back killpid=
19:00:24.869857236 pdns=8626/0/active/running/ named=0/inactive/dead/ agent=7945/active/ jphase=rolling-back killpid=
19:00:25.167181602 pdns=8626/0/active/running/ named=0/inactive/dead/ agent=7945/active/ jphase=rolling-back killpid=
19:00:25.477743804 pdns=8626/0/active/running/ named=0/inactive/dead/ agent=7945/active/ jphase=rolling-back killpid=
19:00:25.781137971 pdns=8626/0/active/running/ named=0/inactive/dead/ agent=7945/active/ jphase=rolling-back killpid=
19:00:26.073901107 pdns=8626/0/active/running/ named=0/inactive/dead/ agent=7945/active/ jphase=rolling-back killpid=
19:00:26.370967646 pdns=8626/0/active/running/ named=0/inactive/dead/ agent=7945/active/ jphase=rolling-back killpid=
19:00:26.671628024 pdns=8626/0/active/running/ named=0/inactive/dead/ agent=7945/active/ jphase=rolling-back killpid=
19:00:26.982445996 pdns=8626/0/active/running/ named=0/inactive/dead/ agent=7945/active/ jphase=rolling-back killpid=
19:00:27.294709182 pdns=8626/0/active/running/ named=0/inactive/dead/ agent=7945/active/ jphase=rolling-back killpid=
19:00:27.572655434 CHANGE journal 2132fdb2b82d8d0a663ea7ebcc8a9af50d8fe8520a5c1f607fb714d80e531b90 -> bfbf5d5f4985b9f3ecaf4d158e4f4b0c33790bcf75706a9a4e40693cf4d3fa7e
19:00:27.592680171 pdns=8626/0/active/running/ named=0/inactive/dead/ agent=7945/active/ jphase=rolled-back killpid=
19:00:27.883728081 pdns=8626/0/active/running/ named=0/inactive/dead/ agent=7945/active/ jphase=rolled-back killpid=
19:00:28.182123975 pdns=8626/0/active/running/ named=0/inactive/dead/ agent=7945/active/ jphase=rolled-back killpid=
19:00:28.478716596 pdns=8626/0/active/running/ named=0/inactive/dead/ agent=7945/active/ jphase=rolled-back killpid=
19:00:28.777313201 pdns=8626/0/active/running/ named=0/inactive/dead/ agent=7945/active/ jphase=rolled-back killpid=
19:00:29.080340183 pdns=8626/0/active/running/ named=0/inactive/dead/ agent=7945/active/ jphase=absent killpid=
19:00:29.352216575 CHANGE journal bfbf5d5f4985b9f3ecaf4d158e4f4b0c33790bcf75706a9a4e40693cf4d3fa7e -> absent
19:00:29.374619112 pdns=8626/0/active/running/ named=0/inactive/dead/ agent=7945/active/ jphase=absent killpid=
19:00:29.686394056 pdns=8626/0/active/running/ named=0/inactive/dead/ agent=7945/active/ jphase=absent killpid=
19:00:30.023402379 pdns=8626/0/active/running/ named=0/inactive/dead/ agent=7945/active/ jphase=absent killpid=
19:00:30.338885232 pdns=8626/0/active/running/ named=0/inactive/dead/ agent=7945/active/ jphase=absent killpid=
19:00:30.619021540 pdns=8626/0/active/running/ named=0/inactive/dead/ agent=7945/active/ jphase=absent killpid=
19:00:30.905333135 pdns=8626/0/active/running/ named=0/inactive/dead/ agent=7945/active/ jphase=absent killpid=
19:00:31.205758100 pdns=8626/0/active/running/ named=0/inactive/dead/ agent=7945/active/ jphase=absent killpid=
19:00:31.497511411 pdns=8626/0/active/running/ named=0/inactive/dead/ agent=7945/active/ jphase=absent killpid=
19:00:31.771841121 pdns=8626/0/active/running/ named=0/inactive/dead/ agent=7945/active/ jphase=absent killpid=
19:00:32.046428846 pdns=8626/0/active/running/ named=0/inactive/dead/ agent=7945/active/ jphase=absent killpid=
19:00:32.328526390 pdns=8626/0/active/running/ named=0/inactive/dead/ agent=7945/active/ jphase=absent killpid=
19:00:32.607524120 pdns=8626/0/active/running/ named=0/inactive/dead/ agent=7945/active/ jphase=absent killpid=
19:00:32.883411791 pdns=8626/0/active/running/ named=0/inactive/dead/ agent=7945/active/ jphase=absent killpid=
19:00:33.163485147 pdns=8626/0/active/running/ named=0/inactive/dead/ agent=7945/active/ jphase=absent killpid=
19:00:33.441555262 pdns=8626/0/active/running/ named=0/inactive/dead/ agent=7945/active/ jphase=absent killpid=
19:00:33.720006753 pdns=8626/0/active/running/ named=0/inactive/dead/ agent=7945/active/ jphase=absent killpid=
19:00:33.997200432 pdns=8626/0/active/running/ named=0/inactive/dead/ agent=7945/active/ jphase=absent killpid=
19:00:34.271608356 pdns=8626/0/active/running/ named=0/inactive/dead/ agent=7945/active/ jphase=absent killpid=
19:00:34.549986822 pdns=8626/0/active/running/ named=0/inactive/dead/ agent=7945/active/ jphase=absent killpid=
19:00:34.825065413 pdns=8626/0/active/running/ named=0/inactive/dead/ agent=7945/active/ jphase=absent killpid=
19:00:35.104866431 pdns=8626/0/active/running/ named=0/inactive/dead/ agent=7945/active/ jphase=absent killpid=
19:00:35.387443465 pdns=8626/0/active/running/ named=0/inactive/dead/ agent=7945/active/ jphase=absent killpid=
19:00:35.667468496 pdns=8626/0/active/running/ named=0/inactive/dead/ agent=7945/active/ jphase=absent killpid=
19:00:35.940504249 pdns=8626/0/active/running/ named=0/inactive/dead/ agent=7945/active/ jphase=absent killpid=
19:00:36.215802849 pdns=8626/0/active/running/ named=0/inactive/dead/ agent=7945/active/ jphase=absent killpid=
19:00:36.493108599 pdns=8626/0/active/running/ named=0/inactive/dead/ agent=7945/active/ jphase=absent killpid=
19:00:36.774213590 pdns=8626/0/active/running/ named=0/inactive/dead/ agent=7945/active/ jphase=absent killpid=
19:00:37.052973574 pdns=8626/0/active/running/ named=0/inactive/dead/ agent=7945/active/ jphase=absent killpid=
19:00:37.330425874 pdns=8626/0/active/running/ named=0/inactive/dead/ agent=7945/active/ jphase=absent killpid=
19:00:37.609193434 pdns=8626/0/active/running/ named=0/inactive/dead/ agent=7945/active/ jphase=absent killpid=
19:00:37.889716810 pdns=8626/0/active/running/ named=0/inactive/dead/ agent=7945/active/ jphase=absent killpid=
19:00:38.167071189 pdns=8626/0/active/running/ named=0/inactive/dead/ agent=7945/active/ jphase=absent killpid=
19:00:38.442953623 pdns=8626/0/active/running/ named=0/inactive/dead/ agent=7945/active/ jphase=absent killpid=
19:00:38.739897612 pdns=8626/0/active/running/ named=0/inactive/dead/ agent=7945/active/ jphase=absent killpid=
19:00:39.019529645 pdns=8626/0/active/running/ named=0/inactive/dead/ agent=7945/active/ jphase=absent killpid=
19:00:39.295906246 pdns=8626/0/active/running/ named=0/inactive/dead/ agent=7945/active/ jphase=absent killpid=
19:00:39.571359808 pdns=8626/0/active/running/ named=0/inactive/dead/ agent=7945/active/ jphase=absent killpid=
19:00:39.850058684 pdns=8626/0/active/running/ named=0/inactive/dead/ agent=7945/active/ jphase=absent killpid=
19:00:40.130455925 pdns=8626/0/active/running/ named=0/inactive/dead/ agent=7945/active/ jphase=absent killpid=
19:00:40.410240349 pdns=8626/0/active/running/ named=0/inactive/dead/ agent=7945/active/ jphase=absent killpid=
19:00:40.686983360 pdns=8626/0/active/running/ named=0/inactive/dead/ agent=7945/active/ jphase=absent killpid=
19:00:40.963176925 pdns=8626/0/active/running/ named=0/inactive/dead/ agent=7945/active/ jphase=absent killpid=
19:00:41.238333068 pdns=8626/0/active/running/ named=0/inactive/dead/ agent=7945/active/ jphase=absent killpid=
19:00:41.515484714 pdns=8626/0/active/running/ named=0/inactive/dead/ agent=7945/active/ jphase=absent killpid=
19:00:41.792565409 pdns=8626/0/active/running/ named=0/inactive/dead/ agent=7945/active/ jphase=absent killpid=
19:00:42.073072829 pdns=8626/0/active/running/ named=0/inactive/dead/ agent=7945/active/ jphase=absent killpid=
19:00:42.353699317 pdns=8626/0/active/running/ named=0/inactive/dead/ agent=7945/active/ jphase=absent killpid=
19:00:42.631226366 pdns=8626/0/active/running/ named=0/inactive/dead/ agent=7945/active/ jphase=absent killpid=
19:00:42.905898231 pdns=8626/0/active/running/ named=0/inactive/dead/ agent=7945/active/ jphase=absent killpid=
19:00:43.179862073 pdns=8626/0/active/running/ named=0/inactive/dead/ agent=7945/active/ jphase=absent killpid=
19:00:43.461564836 pdns=8626/0/active/running/ named=0/inactive/dead/ agent=7945/active/ jphase=absent killpid=
19:00:43.738130467 pdns=8626/0/active/running/ named=0/inactive/dead/ agent=7945/active/ jphase=absent killpid=
19:00:44.010531397 pdns=8626/0/active/running/ named=0/inactive/dead/ agent=7945/active/ jphase=absent killpid=
19:00:44.286555301 pdns=8626/0/active/running/ named=0/inactive/dead/ agent=7945/active/ jphase=absent killpid=
19:00:44.562907048 pdns=8626/0/active/running/ named=0/inactive/dead/ agent=7945/active/ jphase=absent killpid=
19:00:44.844515474 pdns=8626/0/active/running/ named=0/inactive/dead/ agent=7945/active/ jphase=absent killpid=
19:00:45.123327127 pdns=8626/0/active/running/ named=0/inactive/dead/ agent=7945/active/ jphase=absent killpid=
19:00:45.400810963 pdns=8626/0/active/running/ named=0/inactive/dead/ agent=7945/active/ jphase=absent killpid=
19:00:45.675644495 pdns=8626/0/active/running/ named=0/inactive/dead/ agent=7945/active/ jphase=absent killpid=
19:00:45.957592407 pdns=8626/0/active/running/ named=0/inactive/dead/ agent=7945/active/ jphase=absent killpid=
19:00:46.235346623 pdns=8626/0/active/running/ named=0/inactive/dead/ agent=7945/active/ jphase=absent killpid=
19:00:46.511638423 pdns=8626/0/active/running/ named=0/inactive/dead/ agent=7945/active/ jphase=absent killpid=
19:00:46.799100025 pdns=8626/0/active/running/ named=0/inactive/dead/ agent=7945/active/ jphase=absent killpid=
19:00:47.075002471 pdns=8626/0/active/running/ named=0/inactive/dead/ agent=7945/active/ jphase=absent killpid=
19:00:47.351363635 pdns=8626/0/active/running/ named=0/inactive/dead/ agent=7945/active/ jphase=absent killpid=
19:00:47.636899783 pdns=8626/0/active/running/ named=0/inactive/dead/ agent=7945/active/ jphase=absent killpid=
19:00:47.915097738 pdns=8626/0/active/running/ named=0/inactive/dead/ agent=7945/active/ jphase=absent killpid=
19:00:48.194080142 pdns=8626/0/active/running/ named=0/inactive/dead/ agent=7945/active/ jphase=absent killpid=
19:00:48.474258622 pdns=8626/0/active/running/ named=0/inactive/dead/ agent=7945/active/ jphase=absent killpid=
19:00:48.753782706 pdns=8626/0/active/running/ named=0/inactive/dead/ agent=7945/active/ jphase=absent killpid=
19:00:49.039215449 pdns=8626/0/active/running/ named=0/inactive/dead/ agent=7945/active/ jphase=absent killpid=
19:00:49.320777991 pdns=8626/0/active/running/ named=0/inactive/dead/ agent=7945/active/ jphase=absent killpid=
19:00:49.594835483 pdns=8626/0/active/running/ named=0/inactive/dead/ agent=7945/active/ jphase=absent killpid=
19:00:49.875859054 pdns=8626/0/active/running/ named=0/inactive/dead/ agent=7945/active/ jphase=absent killpid=
19:00:50.159776453 pdns=8626/0/active/running/ named=0/inactive/dead/ agent=7945/active/ jphase=absent killpid=
19:00:50.435393589 pdns=8626/0/active/running/ named=0/inactive/dead/ agent=7945/active/ jphase=absent killpid=
19:00:50.714832304 pdns=8626/0/active/running/ named=0/inactive/dead/ agent=7945/active/ jphase=absent killpid=
19:00:50.989515978 pdns=8626/0/active/running/ named=0/inactive/dead/ agent=7945/active/ jphase=absent killpid=
19:00:51.271295471 pdns=8626/0/active/running/ named=0/inactive/dead/ agent=7945/active/ jphase=absent killpid=
19:00:51.546302149 pdns=8626/0/active/running/ named=0/inactive/dead/ agent=7945/active/ jphase=absent killpid=
19:00:51.822196035 pdns=8626/0/active/running/ named=0/inactive/dead/ agent=7945/active/ jphase=absent killpid=
19:00:52.099387544 pdns=8626/0/active/running/ named=0/inactive/dead/ agent=7945/active/ jphase=absent killpid=
19:00:52.373659145 pdns=8626/0/active/running/ named=0/inactive/dead/ agent=7945/active/ jphase=absent killpid=
19:00:52.653912798 pdns=8626/0/active/running/ named=0/inactive/dead/ agent=7945/active/ jphase=absent killpid=
19:00:52.931317772 pdns=8626/0/active/running/ named=0/inactive/dead/ agent=7945/active/ jphase=absent killpid=
19:00:53.213048666 pdns=8626/0/active/running/ named=0/inactive/dead/ agent=7945/active/ jphase=absent killpid=
19:00:53.489091443 pdns=8626/0/active/running/ named=0/inactive/dead/ agent=7945/active/ jphase=absent killpid=
19:00:53.765474181 pdns=8626/0/active/running/ named=0/inactive/dead/ agent=7945/active/ jphase=absent killpid=
19:00:54.042547592 pdns=8626/0/active/running/ named=0/inactive/dead/ agent=7945/active/ jphase=absent killpid=
19:00:54.322211891 pdns=8626/0/active/running/ named=0/inactive/dead/ agent=7945/active/ jphase=absent killpid=
19:00:54.603321379 pdns=8626/0/active/running/ named=0/inactive/dead/ agent=7945/active/ jphase=absent killpid=
19:00:54.878280833 pdns=8626/0/active/running/ named=0/inactive/dead/ agent=7945/active/ jphase=absent killpid=
19:00:55.153144747 pdns=8626/0/active/running/ named=0/inactive/dead/ agent=7945/active/ jphase=absent killpid=
19:00:55.435385231 pdns=8626/0/active/running/ named=0/inactive/dead/ agent=7945/active/ jphase=absent killpid=
19:00:55.711680396 pdns=8626/0/active/running/ named=0/inactive/dead/ agent=7945/active/ jphase=absent killpid=
19:00:55.986663229 pdns=8626/0/active/running/ named=0/inactive/dead/ agent=7945/active/ jphase=absent killpid=
19:00:56.263290513 pdns=8626/0/active/running/ named=0/inactive/dead/ agent=7945/active/ jphase=absent killpid=
19:00:56.538171529 pdns=8626/0/active/running/ named=0/inactive/dead/ agent=7945/active/ jphase=absent killpid=
19:00:56.819229018 pdns=8626/0/active/running/ named=0/inactive/dead/ agent=7945/active/ jphase=absent killpid=
19:00:57.093919593 pdns=8626/0/active/running/ named=0/inactive/dead/ agent=7945/active/ jphase=absent killpid=
19:00:57.369426417 pdns=8626/0/active/running/ named=0/inactive/dead/ agent=7945/active/ jphase=absent killpid=
19:00:57.643899868 pdns=8626/0/active/running/ named=0/inactive/dead/ agent=7945/active/ jphase=absent killpid=
19:00:57.917964911 pdns=8626/0/active/running/ named=0/inactive/dead/ agent=7945/active/ jphase=absent killpid=
19:00:58.196188195 pdns=8626/0/active/running/ named=0/inactive/dead/ agent=7945/active/ jphase=absent killpid=
19:00:58.482265978 pdns=8626/0/active/running/ named=0/inactive/dead/ agent=7945/active/ jphase=absent killpid=
19:00:58.767132259 pdns=8626/0/active/running/ named=0/inactive/dead/ agent=7945/active/ jphase=absent killpid=
19:00:59.046999041 pdns=8626/0/active/running/ named=0/inactive/dead/ agent=7945/active/ jphase=absent killpid=
19:00:59.321525225 pdns=8626/0/active/running/ named=0/inactive/dead/ agent=7945/active/ jphase=absent killpid=
19:00:59.599714589 pdns=8626/0/active/running/ named=0/inactive/dead/ agent=7945/active/ jphase=absent killpid=
19:00:59.875505897 pdns=8626/0/active/running/ named=0/inactive/dead/ agent=7945/active/ jphase=absent killpid=
19:01:00.158547037 pdns=8626/0/active/running/ named=0/inactive/dead/ agent=7945/active/ jphase=absent killpid=
19:01:00.449170805 pdns=8626/0/active/running/ named=0/inactive/dead/ agent=7945/active/ jphase=absent killpid=
done
