=== 2026-09-30T03:02:45Z work root /var/tmp/cp-b10-1001/r1
{
  "action": "init-root",
  "dry_run": false,
  "marker": "/var/tmp/cp-b10-1001/r1/.celikpanel-dns-kill-matrix-root",
  "work_root": "/var/tmp/cp-b10-1001/r1"
}
total 875868
drwx------  2 root root      4096 Sep 30 06:02 .
drwx------  4 root root      4096 Sep 30 06:02 ..
-r--r--r-- 31 root root 556609024 Sep 27 02:09 Arch-Linux-x86_64-cloudimg-20260815.573966.qcow2
-r--r--r-- 31 root root 340262912 Sep 27 02:09 debian-13-genericcloud-amd64-20260826-2582.qcow2
{
  "action": "verify-images",
  "verified": {
    "arch": "/var/tmp/cp-b10-1001/r1/images/Arch-Linux-x86_64-cloudimg-20260815.573966.qcow2",
    "debian13": "/var/tmp/cp-b10-1001/r1/images/debian-13-genericcloud-amd64-20260826-2582.qcow2"
  }
}
371edc0d2afe06708461d7994fedc98f80ed8092ed4c7466edf78d32afcd1cd7  /var/tmp/cp-b10-1001/r1/artifacts/agent
042b8b8feec10929642517478a1315517e354d220bee8d0d86c4f584be013ec4  /var/tmp/cp-b10-1001/r1/artifacts/agent.kill
280499f77e3e485d4bad33be2d883db7fe616ad23ca1063d0a970ae39258cebb  /var/tmp/cp-b10-1001/r1/artifacts/panel
419315feb17daf6baddf5bd8bb10aab275f8caadbf4161376550c2405e5b96a3  /var/tmp/cp-b10-1001/r1/artifacts/dns-kill-trigger
60bd04bee1e1c784bb4a1199aa7bbb6f307605b6acbcc963a7d2c186e962de6e  /var/tmp/cp-b10-1001/r1/artifacts/recovery
fdcc379d0f7056d2c261e64f8417dc384f92b623dc10cc474985d84df80b0ca1  /var/tmp/cp-b10-1001/r1/artifacts/recovery-runtime/runtime.manifest
d0ceac581bf31305ac67ae888acda7d0279c65f39a3b9b7510b758f377458b07  /var/tmp/cp-b10-1001/r1/id_ed25519.pub
dcf6e09c026864ee15566a03b3c4aa30d6e1805333d548753b58d070e7fd1229  deploy/e2e/dns-kill-matrix/manifest.json
total 32
drwx------ 5 root root 4096 Sep 30 06:02 .
drwxr-xr-x 5 root root 4096 Sep 30 06:02 ..
drwxr-xr-x 4 root root 4096 Sep 30 05:53 artifacts
-rw------- 1 root root   36 Sep 30 06:02 .celikpanel-dns-kill-matrix-root
drwx------ 2 root root 4096 Sep 30 06:02 cells
-rw------- 1 root root  399 Sep 30 06:02 id_ed25519
-rw-r--r-- 1 root root   93 Sep 30 06:02 id_ed25519.pub
drwx------ 2 root root 4096 Sep 30 06:02 images
SETUP-OK /var/tmp/cp-b10-1001/r1
