{
  "action": "init-root",
  "dry_run": false,
  "marker": "/var/tmp/cp-d026b-0929/.celikpanel-dns-kill-matrix-root",
  "work_root": "/var/tmp/cp-d026b-0929"
}
total 875868
drwx------ 2 root root      4096 Sep 29 07:10 .
drwx------ 4 root root      4096 Sep 29 07:10 ..
-r--r--r-- 6 root root 556609024 Sep 27 02:09 Arch-Linux-x86_64-cloudimg-20260815.573966.qcow2
-r--r--r-- 6 root root 340262912 Sep 27 02:09 debian-13-genericcloud-amd64-20260826-2582.qcow2
{
  "action": "verify-images",
  "verified": {
    "arch": "/var/tmp/cp-d026b-0929/images/Arch-Linux-x86_64-cloudimg-20260815.573966.qcow2",
    "debian13": "/var/tmp/cp-d026b-0929/images/debian-13-genericcloud-amd64-20260826-2582.qcow2"
  }
}
6a2c0b2bdffbacf1e76eb1c1d67a150997bd5953531f67e54a016e5954c2b536  /var/tmp/cp-d026b-0929/artifacts/agent
3a382741bf55362e7d49b535e73712e4fb44860661c3feac7e202f2859a14285  /var/tmp/cp-d026b-0929/artifacts/agent.kill
97aa0ce32546e9ba6ae56831e9f300b1f97133893449422811937e365bdfc274  /var/tmp/cp-d026b-0929/artifacts/dns-kill-trigger
793fb81b95fa96f438a216831a146e0869934ce31318881857d3352ffb92e472  /var/tmp/cp-d026b-0929/artifacts/panel
total 104
drwx------   5 root root  4096 Sep 29 07:10 .
drwxrwxrwt 362 root root 73728 Sep 29 07:10 ..
drwxr-xr-x   2 root root  4096 Sep 29 07:10 artifacts
-rw-------   1 root root    36 Sep 29 07:10 .celikpanel-dns-kill-matrix-root
drwx------   2 root root  4096 Sep 29 07:10 cells
-rw-------   1 root root   399 Sep 29 07:10 id_ed25519
-rw-r--r--   1 root root    95 Sep 29 07:10 id_ed25519.pub
drwx------   2 root root  4096 Sep 29 07:10 images
SETUP-OK
