15:23:34.994877693 CHANGE journal none -> absent
15:23:35.007833538 CHANGE ledger none -> 177f61d12ed0bb85e6ea535b807b376e26bbe0871405a13867c0b3cb6ea4b211
15:23:35.012130164 CHANGE state none -> absent
15:23:35.016719398 POINTER 
15:23:35.019000778 pdns=1766/0/active/running/ named=0/inactive/dead/ agent=0/inactive/ jphase=absent killpid=
15:23:35.308479628 pdns=1766/0/active/running/ named=0/inactive/dead/ agent=0/inactive/ jphase=absent killpid=
15:23:35.609398710 pdns=1766/0/active/running/ named=0/inactive/dead/ agent=0/inactive/ jphase=absent killpid=
15:23:35.900388845 pdns=1766/0/active/running/ named=0/inactive/dead/ agent=0/inactive/ jphase=absent killpid=2156,2186,
15:23:36.199189664 CHANGE ledger 177f61d12ed0bb85e6ea535b807b376e26bbe0871405a13867c0b3cb6ea4b211 -> e585ee6e1b0b3118c6804411e44ceb60dab7fd5b2eb18581a0f532dc1b7b5322
15:23:36.203327641 pdns=1766/0/active/running/ named=0/inactive/dead/ agent=0/inactive/ jphase=absent killpid=2156,
15:23:36.517664197 CHANGE ledger e585ee6e1b0b3118c6804411e44ceb60dab7fd5b2eb18581a0f532dc1b7b5322 -> 75e67513982daa181a0220802ea1ae9be2b669029573ef701517c4096aded795
15:23:36.524932301 pdns=1766/0/active/running/ named=0/inactive/dead/ agent=0/inactive/ jphase=absent killpid=2156,
15:23:36.839119395 CHANGE ledger 75e67513982daa181a0220802ea1ae9be2b669029573ef701517c4096aded795 -> 60e2c9d790bb613ca7dd253b884bade9bd6fe19a85f18afda189c7b4bc6bf306
15:23:36.845274879 pdns=1766/0/active/running/ named=0/inactive/dead/ agent=0/inactive/ jphase=absent killpid=2156,2454,
15:23:37.152510943 CHANGE ledger 60e2c9d790bb613ca7dd253b884bade9bd6fe19a85f18afda189c7b4bc6bf306 -> 90e21b9dabb46cef32517bd7b83c57fcdd087da9807059e1e26074d5ae3e7603
15:23:37.158151856 pdns=1766/0/active/running/ named=0/inactive/dead/ agent=0/inactive/ jphase=absent killpid=2156,
15:23:37.459755859 CHANGE ledger 90e21b9dabb46cef32517bd7b83c57fcdd087da9807059e1e26074d5ae3e7603 -> 76d380e89a544e4c9b7f05b3080f97c5bb78bbdbb742458500a278dd7e264766
15:23:37.463940537 pdns=1766/0/active/running/ named=0/inactive/dead/ agent=0/inactive/ jphase=absent killpid=2156,
15:23:37.778427965 CHANGE ledger 76d380e89a544e4c9b7f05b3080f97c5bb78bbdbb742458500a278dd7e264766 -> 06855b9d9b9b443105837b4c4759990ca0432bf39401dd47df2a5ae1a6060932
15:23:37.783064482 pdns=1766/0/active/running/ named=0/inactive/dead/ agent=0/inactive/ jphase=absent killpid=2156,
15:23:38.101071062 CHANGE ledger 06855b9d9b9b443105837b4c4759990ca0432bf39401dd47df2a5ae1a6060932 -> e2b714c7f657033dc411c47195b5a1990ccb10e2aef414106ff767d51b4f0011
15:23:38.105749845 pdns=1766/0/active/running/ named=0/inactive/dead/ agent=0/inactive/ jphase=absent killpid=2156,
15:23:38.422667944 CHANGE ledger e2b714c7f657033dc411c47195b5a1990ccb10e2aef414106ff767d51b4f0011 -> 1b8c08da1f95e521ae7d02ffa882d391828ff23ff03c2deb49ee99edd85233bc
15:23:38.429643944 pdns=1766/0/active/running/ named=0/inactive/dead/ agent=0/inactive/ jphase=absent killpid=2156,2928,
15:23:38.740385633 CHANGE journal absent -> 1bb120a68e756055e85ba043ae4b6b29bd0ee91bb36151de599d50b49da4ae47
15:23:38.755624426 CHANGE ledger 1b8c08da1f95e521ae7d02ffa882d391828ff23ff03c2deb49ee99edd85233bc -> baed394219bead1d567d7c8ad57276034daeffe8d7bf7ec25bb9dd121a6cf0e8
15:23:38.760379273 pdns=1766/0/active/running/ named=0/inactive/dead/ agent=0/inactive/ jphase=intent killpid=
15:23:39.214367819 pdns=1766/0/active/running/ named=0/inactive/dead/ agent=0/inactive/ jphase=intent killpid=
15:23:39.528436193 pdns=1766/0/active/running/ named=0/inactive/dead/ agent=0/inactive/ jphase=intent killpid=
15:23:39.820159284 pdns=1766/0/active/running/ named=0/inactive/dead/ agent=3201/active/ jphase=intent killpid=
15:23:40.135629768 CHANGE journal 1bb120a68e756055e85ba043ae4b6b29bd0ee91bb36151de599d50b49da4ae47 -> 02cd7e2f5ef3ffcb16db5037bc6f9dede328ae31847a23fd1e6986bc89b0fb21
15:23:40.152471186 pdns=1766/0/active/running/ named=0/inactive/dead/ agent=3201/active/ jphase=rolling-back killpid=
15:23:40.462433703 pdns=1766/0/active/running/ named=0/inactive/dead/ agent=3201/active/ jphase=rolling-back killpid=
15:23:40.756570818 pdns=1766/0/active/running/ named=0/inactive/dead/ agent=3201/active/ jphase=rolling-back killpid=
15:23:41.060405504 CHANGE journal 02cd7e2f5ef3ffcb16db5037bc6f9dede328ae31847a23fd1e6986bc89b0fb21 -> absent
15:23:41.080398263 CHANGE ledger baed394219bead1d567d7c8ad57276034daeffe8d7bf7ec25bb9dd121a6cf0e8 -> db06432143128fff9b5c3d17c8ed2b406f132cc23cf71b8ddad3c4125e2f55f6
15:23:41.087096104 pdns=1766/0/active/running/ named=0/inactive/dead/ agent=3201/active/ jphase=absent killpid=
15:23:41.412801101 CHANGE ledger db06432143128fff9b5c3d17c8ed2b406f132cc23cf71b8ddad3c4125e2f55f6 -> 8d3abe0509356197c15f304aa7fb1988fdcdea7bc52e289d12eaf18a9318e7d8
15:23:41.418456337 pdns=1766/0/active/running/ named=0/inactive/dead/ agent=3201/active/ jphase=absent killpid=
15:23:41.731162100 CHANGE ledger 8d3abe0509356197c15f304aa7fb1988fdcdea7bc52e289d12eaf18a9318e7d8 -> c5c6763746558426e31bdeff600d7342324f648a5d46607b725becfff296e637
15:23:41.737516221 pdns=1766/0/active/running/ named=0/inactive/dead/ agent=3201/active/ jphase=absent killpid=
15:23:42.061297506 CHANGE ledger c5c6763746558426e31bdeff600d7342324f648a5d46607b725becfff296e637 -> d7729aa28d51fdff175015e26e9d856090fa8a54ec7a32a06e07ea5fc628ee40
15:23:42.068698971 pdns=1766/0/active/running/ named=0/inactive/dead/ agent=3201/active/ jphase=absent killpid=
15:23:42.399003720 CHANGE ledger d7729aa28d51fdff175015e26e9d856090fa8a54ec7a32a06e07ea5fc628ee40 -> d0ec2a987139486c35c37d2af0a895034318884fd22e0d6647a661dec87fc590
15:23:42.405940281 pdns=1766/0/active/running/ named=0/inactive/dead/ agent=3201/active/ jphase=absent killpid=
15:23:42.711311791 CHANGE ledger d0ec2a987139486c35c37d2af0a895034318884fd22e0d6647a661dec87fc590 -> ac8eaf0906ac5050b4507e0fafa7b65f4f791d0d439987f779e9e663148b89ff
15:23:42.716137578 pdns=1766/0/active/running/ named=0/inactive/dead/ agent=3201/active/ jphase=absent killpid=
15:23:43.032253249 CHANGE ledger ac8eaf0906ac5050b4507e0fafa7b65f4f791d0d439987f779e9e663148b89ff -> 314f41b0df8717874461bbc075d90a9a3240bf5f120ba7d4d6fbd4db7dd5f621
15:23:43.037961311 pdns=1766/0/active/running/ named=0/inactive/dead/ agent=3201/active/ jphase=absent killpid=
15:23:43.363649266 CHANGE ledger 314f41b0df8717874461bbc075d90a9a3240bf5f120ba7d4d6fbd4db7dd5f621 -> 0fbdebe9e575768bdcb7f3d84df31152eed879f406e51b464e3cbfe63c014110
15:23:43.369106201 pdns=1766/0/active/running/ named=0/inactive/dead/ agent=3201/active/ jphase=absent killpid=
15:23:43.676453859 CHANGE ledger 0fbdebe9e575768bdcb7f3d84df31152eed879f406e51b464e3cbfe63c014110 -> 92f27828932a1e7889dcc7d67c9aa8003d84ef883a2cf89330ad0f128384ff4a
15:23:43.681100948 pdns=1766/0/active/running/ named=0/inactive/dead/ agent=3201/active/ jphase=absent killpid=
15:23:43.992319375 CHANGE ledger 92f27828932a1e7889dcc7d67c9aa8003d84ef883a2cf89330ad0f128384ff4a -> d3881eebcd5b94d6044a1a7e6ec59131b6519ff4c52912c9bddc4b12222c4e56
15:23:43.997397726 pdns=1766/0/active/running/ named=0/inactive/dead/ agent=3201/active/ jphase=absent killpid=
15:23:44.309015266 CHANGE journal absent -> 1bb120a68e756055e85ba043ae4b6b29bd0ee91bb36151de599d50b49da4ae47
15:23:44.326352803 CHANGE ledger d3881eebcd5b94d6044a1a7e6ec59131b6519ff4c52912c9bddc4b12222c4e56 -> ea6846549ea71c5d6a60dc2dcb59a0600a30ad7ff0b165559888358a0398949c
15:23:44.343059509 CHANGE state absent -> 4f4f6b947a76e0887f83533a778187d2f122908fe9cc866b82b3e18239916ac5
15:23:44.350420915 pdns=1766/0/active/running/ named=0/inactive/dead/ agent=3201/active/ jphase=intent killpid=
15:23:44.666000228 CHANGE ledger ea6846549ea71c5d6a60dc2dcb59a0600a30ad7ff0b165559888358a0398949c -> 1b591110a72c62eb7c6c7326d33a3553f06d426341c798fc35d4f9050d381fe7
15:23:44.680288873 pdns=1766/0/active/running/ named=0/inactive/dead/ agent=3201/active/ jphase=intent killpid=
15:23:44.983433759 CHANGE ledger 1b591110a72c62eb7c6c7326d33a3553f06d426341c798fc35d4f9050d381fe7 -> af3587df3dd95b0330a192f4c3e4bb34741f2b9de5ddc17e91c773187d29997d
15:23:44.992590309 pdns=1766/0/active/running/ named=0/inactive/dead/ agent=3201/active/ jphase=intent killpid=
15:23:45.318309045 CHANGE ledger af3587df3dd95b0330a192f4c3e4bb34741f2b9de5ddc17e91c773187d29997d -> 6b924ffa6063fbae4cf5bc58d1b5c4a9847fdb40953c7f4855e663fb3ff45b32
15:23:45.331414603 pdns=1766/0/active/running/ named=0/inactive/dead/ agent=3201/active/ jphase=intent killpid=
15:23:45.677134950 CHANGE ledger 6b924ffa6063fbae4cf5bc58d1b5c4a9847fdb40953c7f4855e663fb3ff45b32 -> 3ee8e7efa3d1f0b6eb71910e14b636efe249cb4763040cd44ae81d53937a9e17
15:23:45.685823584 pdns=1766/0/active/running/ named=0/inactive/dead/ agent=3201/active/ jphase=target-verified killpid=
15:23:45.980517507 CHANGE journal 1bb120a68e756055e85ba043ae4b6b29bd0ee91bb36151de599d50b49da4ae47 -> ad7cfd5118cfb100b09cc455ff0d88512ff1298c88144ebc303713a87be75b60
15:23:45.994096118 CHANGE ledger 3ee8e7efa3d1f0b6eb71910e14b636efe249cb4763040cd44ae81d53937a9e17 -> f61c57160fbf8cd9ea50ed20a8564151518cff48a3682c3c0e8b888db973d27c
15:23:46.004609468 pdns=1766/0/active/running/ named=0/inactive/dead/ agent=3201/active/ jphase=committed killpid=
15:23:46.298004601 pdns=1766/0/active/running/ named=0/inactive/dead/ agent=3201/active/ jphase=absent killpid=
15:23:46.589466811 CHANGE journal ad7cfd5118cfb100b09cc455ff0d88512ff1298c88144ebc303713a87be75b60 -> absent
15:23:46.601937690 CHANGE ledger f61c57160fbf8cd9ea50ed20a8564151518cff48a3682c3c0e8b888db973d27c -> f5ab2d731074790dc8d12bb38a1a6d10da81d037904268a35a5a79cefa3e54a5
15:23:46.612842003 pdns=1766/0/active/running/ named=0/inactive/dead/ agent=3201/active/ jphase=absent killpid=
15:23:46.940460675 pdns=1766/0/active/running/ named=0/inactive/dead/ agent=3201/active/ jphase=absent killpid=
15:23:47.224550055 pdns=1766/0/active/running/ named=0/inactive/dead/ agent=3201/active/ jphase=absent killpid=
15:23:47.514298394 pdns=1766/0/active/running/ named=0/inactive/dead/ agent=3201/active/ jphase=absent killpid=
15:23:47.794739964 pdns=1766/0/active/running/ named=0/inactive/dead/ agent=3201/active/ jphase=absent killpid=
15:23:48.079121029 pdns=1766/0/active/running/ named=0/inactive/dead/ agent=3201/active/ jphase=absent killpid=
15:23:48.366094685 pdns=1766/0/active/running/ named=0/inactive/dead/ agent=3201/active/ jphase=absent killpid=
15:23:48.664558194 pdns=1766/0/active/running/ named=0/inactive/dead/ agent=3201/active/ jphase=absent killpid=
15:23:48.964510661 pdns=1766/0/active/running/ named=0/inactive/dead/ agent=3201/active/ jphase=absent killpid=
15:23:49.252943307 pdns=1766/0/active/running/ named=0/inactive/dead/ agent=3201/active/ jphase=absent killpid=
15:23:49.552833685 pdns=1766/0/active/running/ named=0/inactive/dead/ agent=3201/active/ jphase=absent killpid=
15:23:49.839099334 pdns=1766/0/active/running/ named=0/inactive/dead/ agent=3201/active/ jphase=absent killpid=
15:23:50.155565795 pdns=1766/0/active/running/ named=0/inactive/dead/ agent=3201/active/ jphase=absent killpid=
15:23:50.458258299 pdns=1766/0/active/running/ named=0/inactive/dead/ agent=3201/active/ jphase=absent killpid=
15:23:50.756405999 pdns=1766/0/active/running/ named=0/inactive/dead/ agent=3201/active/ jphase=absent killpid=
15:23:51.049642784 pdns=1766/0/active/running/ named=0/inactive/dead/ agent=3201/active/ jphase=absent killpid=
15:23:51.342540073 pdns=1766/0/active/running/ named=0/inactive/dead/ agent=3201/active/ jphase=absent killpid=
15:23:51.643228192 pdns=1766/0/active/running/ named=0/inactive/dead/ agent=3201/active/ jphase=absent killpid=
15:23:51.927529768 pdns=1766/0/active/running/ named=0/inactive/dead/ agent=3201/active/ jphase=absent killpid=
15:23:52.221312523 pdns=1766/0/active/running/ named=0/inactive/dead/ agent=3201/active/ jphase=absent killpid=
15:23:52.508766666 pdns=1766/0/active/running/ named=0/inactive/dead/ agent=3201/active/ jphase=absent killpid=
15:23:52.796506056 pdns=1766/0/active/running/ named=0/inactive/dead/ agent=3201/active/ jphase=absent killpid=
15:23:53.079978970 pdns=1766/0/active/running/ named=0/inactive/dead/ agent=3201/active/ jphase=absent killpid=
15:23:53.360933359 pdns=1766/0/active/running/ named=0/inactive/dead/ agent=3201/active/ jphase=absent killpid=
15:23:53.657674996 pdns=1766/0/active/running/ named=0/inactive/dead/ agent=3201/active/ jphase=absent killpid=
15:23:53.948083167 pdns=1766/0/active/running/ named=0/inactive/dead/ agent=3201/active/ jphase=absent killpid=
15:23:54.233107952 pdns=1766/0/active/running/ named=0/inactive/dead/ agent=3201/active/ jphase=absent killpid=
15:23:54.539704045 pdns=1766/0/active/running/ named=0/inactive/dead/ agent=3201/active/ jphase=absent killpid=
15:23:54.840552723 pdns=1766/0/active/running/ named=0/inactive/dead/ agent=3201/active/ jphase=absent killpid=
15:23:55.126775647 pdns=1766/0/active/running/ named=0/inactive/dead/ agent=3201/active/ jphase=absent killpid=
15:23:55.412020300 pdns=1766/0/active/running/ named=0/inactive/dead/ agent=3201/active/ jphase=absent killpid=
15:23:55.699542394 pdns=1766/0/active/running/ named=0/inactive/dead/ agent=3201/active/ jphase=absent killpid=
15:23:55.983116225 pdns=1766/0/active/running/ named=0/inactive/dead/ agent=3201/active/ jphase=absent killpid=
15:23:56.265022522 pdns=1766/0/active/running/ named=0/inactive/dead/ agent=3201/active/ jphase=absent killpid=
15:23:56.552157022 pdns=1766/0/active/running/ named=0/inactive/dead/ agent=3201/active/ jphase=absent killpid=
15:23:56.834883204 pdns=1766/0/active/running/ named=0/inactive/dead/ agent=3201/active/ jphase=absent killpid=
15:23:57.118763589 pdns=1766/0/active/running/ named=0/inactive/dead/ agent=3201/active/ jphase=absent killpid=
15:23:57.401991888 pdns=1766/0/active/running/ named=0/inactive/dead/ agent=3201/active/ jphase=absent killpid=
15:23:57.697479001 pdns=1766/0/active/running/ named=0/inactive/dead/ agent=3201/active/ jphase=absent killpid=
15:23:57.997354276 pdns=1766/0/active/running/ named=0/inactive/dead/ agent=3201/active/ jphase=absent killpid=
15:23:58.299594443 pdns=1766/0/active/running/ named=0/inactive/dead/ agent=3201/active/ jphase=absent killpid=
15:23:58.612356307 pdns=1766/0/active/running/ named=0/inactive/dead/ agent=3201/active/ jphase=absent killpid=
15:23:58.919477193 pdns=1766/0/active/running/ named=0/inactive/dead/ agent=3201/active/ jphase=absent killpid=
15:23:59.206506290 pdns=1766/0/active/running/ named=0/inactive/dead/ agent=3201/active/ jphase=absent killpid=
15:23:59.501190971 pdns=1766/0/active/running/ named=0/inactive/dead/ agent=3201/active/ jphase=absent killpid=
15:23:59.795170348 pdns=1766/0/active/running/ named=0/inactive/dead/ agent=3201/active/ jphase=absent killpid=
15:24:00.085877427 pdns=1766/0/active/running/ named=0/inactive/dead/ agent=3201/active/ jphase=absent killpid=
15:24:00.370400748 pdns=1766/0/active/running/ named=0/inactive/dead/ agent=3201/active/ jphase=absent killpid=
15:24:00.663009151 pdns=1766/0/active/running/ named=0/inactive/dead/ agent=3201/active/ jphase=absent killpid=
15:24:00.953194288 pdns=1766/0/active/running/ named=0/inactive/dead/ agent=3201/active/ jphase=absent killpid=
15:24:01.237842876 pdns=1766/0/active/running/ named=0/inactive/dead/ agent=3201/active/ jphase=absent killpid=
15:24:01.522667675 pdns=1766/0/active/running/ named=0/inactive/dead/ agent=3201/active/ jphase=absent killpid=
15:24:01.803085495 pdns=1766/0/active/running/ named=0/inactive/dead/ agent=3201/active/ jphase=absent killpid=
15:24:02.087650523 pdns=1766/0/active/running/ named=0/inactive/dead/ agent=3201/active/ jphase=absent killpid=
15:24:02.367903290 pdns=1766/0/active/running/ named=0/inactive/dead/ agent=3201/active/ jphase=absent killpid=
15:24:02.657678455 pdns=1766/0/active/running/ named=0/inactive/dead/ agent=3201/active/ jphase=absent killpid=
15:24:02.943964028 pdns=1766/0/active/running/ named=0/inactive/dead/ agent=3201/active/ jphase=absent killpid=
15:24:03.225795679 pdns=1766/0/active/running/ named=0/inactive/dead/ agent=3201/active/ jphase=absent killpid=
15:24:03.520686746 pdns=1766/0/active/running/ named=0/inactive/dead/ agent=3201/active/ jphase=absent killpid=
15:24:03.840539210 pdns=1766/0/active/running/ named=0/inactive/dead/ agent=3201/active/ jphase=absent killpid=
15:24:04.120674092 pdns=1766/0/active/running/ named=0/inactive/dead/ agent=3201/active/ jphase=absent killpid=
15:24:04.402967554 pdns=1766/0/active/running/ named=0/inactive/dead/ agent=3201/active/ jphase=absent killpid=
15:24:04.683939180 pdns=1766/0/active/running/ named=0/inactive/dead/ agent=3201/active/ jphase=absent killpid=
15:24:04.964113324 pdns=1766/0/active/running/ named=0/inactive/dead/ agent=3201/active/ jphase=absent killpid=
15:24:05.249509731 pdns=1766/0/active/running/ named=0/inactive/dead/ agent=3201/active/ jphase=absent killpid=
15:24:05.537256996 pdns=1766/0/active/running/ named=0/inactive/dead/ agent=3201/active/ jphase=absent killpid=
15:24:05.818852568 pdns=1766/0/active/running/ named=0/inactive/dead/ agent=3201/active/ jphase=absent killpid=
15:24:06.099228334 pdns=1766/0/active/running/ named=0/inactive/dead/ agent=3201/active/ jphase=absent killpid=
15:24:06.386866335 pdns=1766/0/active/running/ named=0/inactive/dead/ agent=3201/active/ jphase=absent killpid=
15:24:06.667890575 pdns=1766/0/active/running/ named=0/inactive/dead/ agent=3201/active/ jphase=absent killpid=
15:24:06.951339913 pdns=1766/0/active/running/ named=0/inactive/dead/ agent=3201/active/ jphase=absent killpid=
15:24:07.230519245 pdns=1766/0/active/running/ named=0/inactive/dead/ agent=3201/active/ jphase=absent killpid=
15:24:07.525410501 pdns=1766/0/active/running/ named=0/inactive/dead/ agent=3201/active/ jphase=absent killpid=
15:24:07.818037031 pdns=1766/0/active/running/ named=0/inactive/dead/ agent=3201/active/ jphase=absent killpid=
15:24:08.120006650 pdns=1766/0/active/running/ named=0/inactive/dead/ agent=3201/active/ jphase=absent killpid=
15:24:08.418138532 pdns=1766/0/active/running/ named=0/inactive/dead/ agent=3201/active/ jphase=absent killpid=
15:24:08.737742005 pdns=1766/0/active/running/ named=0/inactive/dead/ agent=3201/active/ jphase=absent killpid=
15:24:09.026982563 pdns=1766/0/active/running/ named=0/inactive/dead/ agent=3201/active/ jphase=absent killpid=
15:24:09.314746482 pdns=1766/0/active/running/ named=0/inactive/dead/ agent=3201/active/ jphase=absent killpid=
15:24:09.601471406 pdns=1766/0/active/running/ named=0/inactive/dead/ agent=3201/active/ jphase=absent killpid=
15:24:09.886143134 pdns=1766/0/active/running/ named=0/inactive/dead/ agent=3201/active/ jphase=absent killpid=
15:24:10.175451663 pdns=1766/0/active/running/ named=0/inactive/dead/ agent=3201/active/ jphase=absent killpid=
15:24:10.481008131 pdns=1766/0/active/running/ named=0/inactive/dead/ agent=3201/active/ jphase=absent killpid=
15:24:10.769478448 pdns=1766/0/active/running/ named=0/inactive/dead/ agent=3201/active/ jphase=absent killpid=
15:24:11.082498335 pdns=1766/0/active/running/ named=0/inactive/dead/ agent=3201/active/ jphase=absent killpid=
15:24:11.375627678 pdns=1766/0/active/running/ named=0/inactive/dead/ agent=3201/active/ jphase=absent killpid=
15:24:11.661993476 pdns=1766/0/active/running/ named=0/inactive/dead/ agent=3201/active/ jphase=absent killpid=
15:24:11.971395815 pdns=1766/0/active/running/ named=0/inactive/dead/ agent=3201/active/ jphase=absent killpid=
15:24:12.250423218 pdns=1766/0/active/running/ named=0/inactive/dead/ agent=3201/active/ jphase=absent killpid=
15:24:12.534956952 pdns=1766/0/active/running/ named=0/inactive/dead/ agent=3201/active/ jphase=absent killpid=
15:24:12.818181377 pdns=1766/0/active/running/ named=0/inactive/dead/ agent=3201/active/ jphase=absent killpid=
15:24:13.096266486 pdns=1766/0/active/running/ named=0/inactive/dead/ agent=3201/active/ jphase=absent killpid=
15:24:13.376691997 pdns=1766/0/active/running/ named=0/inactive/dead/ agent=3201/active/ jphase=absent killpid=
15:24:13.656414032 pdns=1766/0/active/running/ named=0/inactive/dead/ agent=3201/active/ jphase=absent killpid=
15:24:13.938581690 pdns=1766/0/active/running/ named=0/inactive/dead/ agent=3201/active/ jphase=absent killpid=
15:24:14.220744820 pdns=1766/0/active/running/ named=0/inactive/dead/ agent=3201/active/ jphase=absent killpid=
15:24:14.505571588 pdns=1766/0/active/running/ named=0/inactive/dead/ agent=3201/active/ jphase=absent killpid=
15:24:14.792003547 pdns=1766/0/active/running/ named=0/inactive/dead/ agent=3201/active/ jphase=absent killpid=
15:24:15.073925407 pdns=1766/0/active/running/ named=0/inactive/dead/ agent=3201/active/ jphase=absent killpid=
15:24:15.353642912 pdns=1766/0/active/running/ named=0/inactive/dead/ agent=3201/active/ jphase=absent killpid=
15:24:15.632468368 pdns=1766/0/active/running/ named=0/inactive/dead/ agent=3201/active/ jphase=absent killpid=
15:24:15.912608846 pdns=1766/0/active/running/ named=0/inactive/dead/ agent=3201/active/ jphase=absent killpid=
15:24:16.187940714 pdns=1766/0/active/running/ named=0/inactive/dead/ agent=3201/active/ jphase=absent killpid=
15:24:16.469979666 pdns=1766/0/active/running/ named=0/inactive/dead/ agent=3201/active/ jphase=absent killpid=
15:24:16.751529506 pdns=1766/0/active/running/ named=0/inactive/dead/ agent=3201/active/ jphase=absent killpid=
15:24:17.037068689 pdns=1766/0/active/running/ named=0/inactive/dead/ agent=3201/active/ jphase=absent killpid=
done
