19:29:13.097749302 CHANGE journal none -> absent
19:29:13.107559926 CHANGE ledger none -> 668aa8e230e590a07c32abb625536ac914c70f344d28f62664c80bcf1165ec10
19:29:13.115633286 CHANGE state none -> 3c181cffef2b8a194f02cab2f1bc9eac7a8fe3e042270efb39ff247e3839ea5d
19:29:13.126051265 CHANGE pdnsdb none -> 775f927624cd2b9a79d09569a2831fa38511161750de83d1c397e87b0985a1ad
19:29:13.129253965 POINTER 
19:29:13.130563502 pdns=649/0/active/running/ named=0/inactive/dead/ agent=637/active/ jphase=absent killpid=
19:29:13.478936441 pdns=649/0/active/running/ named=0/inactive/dead/ agent=637/active/ jphase=absent killpid=
19:29:13.753595208 pdns=649/0/active/running/ named=0/inactive/dead/ agent=637/active/ jphase=absent killpid=
19:29:14.029808924 pdns=649/0/active/running/ named=0/inactive/dead/ agent=637/active/ jphase=absent killpid=
19:29:14.306700093 pdns=649/0/active/running/ named=0/inactive/dead/ agent=637/active/ jphase=absent killpid=
19:29:14.587423084 pdns=649/0/active/running/ named=0/inactive/dead/ agent=637/active/ jphase=absent killpid=
19:29:14.861222077 pdns=649/0/active/running/ named=0/inactive/dead/ agent=637/active/ jphase=absent killpid=
19:29:15.136070368 pdns=649/0/active/running/ named=0/inactive/dead/ agent=637/active/ jphase=absent killpid=
19:29:15.412989478 pdns=649/0/active/running/ named=0/inactive/dead/ agent=637/active/ jphase=absent killpid=
19:29:15.690060782 pdns=649/0/active/running/ named=0/inactive/dead/ agent=637/active/ jphase=absent killpid=
19:29:15.976177637 pdns=649/0/active/running/ named=0/inactive/dead/ agent=637/active/ jphase=absent killpid=
19:29:16.254165610 pdns=649/0/active/running/ named=0/inactive/dead/ agent=637/active/ jphase=absent killpid=
19:29:16.531346576 pdns=649/0/active/running/ named=0/inactive/dead/ agent=637/active/ jphase=absent killpid=
19:29:16.818220754 pdns=649/0/active/running/ named=0/inactive/dead/ agent=637/active/ jphase=absent killpid=
19:29:17.104332708 pdns=649/0/active/running/ named=0/inactive/dead/ agent=637/active/ jphase=absent killpid=
19:29:17.387276558 pdns=649/0/active/running/ named=0/inactive/dead/ agent=637/active/ jphase=absent killpid=
19:29:17.668656616 pdns=649/0/active/running/ named=0/inactive/dead/ agent=637/active/ jphase=absent killpid=
19:29:17.936915182 pdns=649/0/active/running/ named=0/inactive/dead/ agent=637/active/ jphase=absent killpid=
19:29:18.207537517 pdns=649/0/active/running/ named=0/inactive/dead/ agent=637/active/ jphase=absent killpid=
19:29:18.489216746 pdns=649/0/active/running/ named=0/inactive/dead/ agent=637/active/ jphase=absent killpid=
19:29:18.765638432 pdns=649/0/active/running/ named=0/inactive/dead/ agent=637/active/ jphase=absent killpid=
19:29:19.039292652 pdns=649/0/active/running/ named=0/inactive/dead/ agent=637/active/ jphase=absent killpid=
19:29:19.317702625 pdns=649/0/active/running/ named=0/inactive/dead/ agent=637/active/ jphase=absent killpid=
19:29:19.592457383 pdns=649/0/active/running/ named=0/inactive/dead/ agent=637/active/ jphase=absent killpid=
19:29:19.867595984 pdns=649/0/active/running/ named=0/inactive/dead/ agent=637/active/ jphase=absent killpid=
19:29:20.141274815 pdns=649/0/active/running/ named=0/inactive/dead/ agent=637/active/ jphase=absent killpid=
19:29:20.413982323 pdns=649/0/active/running/ named=0/inactive/dead/ agent=637/active/ jphase=absent killpid=
19:29:20.691156621 pdns=649/0/active/running/ named=0/inactive/dead/ agent=637/active/ jphase=absent killpid=
19:29:20.968680118 pdns=649/0/active/running/ named=0/inactive/dead/ agent=637/active/ jphase=absent killpid=
19:29:21.245391621 pdns=649/0/active/running/ named=0/inactive/dead/ agent=637/active/ jphase=absent killpid=
19:29:21.517772233 pdns=649/0/active/running/ named=0/inactive/dead/ agent=637/active/ jphase=absent killpid=
19:29:21.789283663 pdns=649/0/active/running/ named=0/inactive/dead/ agent=637/active/ jphase=absent killpid=
19:29:22.062784532 pdns=649/0/active/running/ named=0/inactive/dead/ agent=637/active/ jphase=absent killpid=
19:29:22.334674664 pdns=649/0/active/running/ named=0/inactive/dead/ agent=637/active/ jphase=absent killpid=
19:29:22.613308741 pdns=649/0/active/running/ named=0/inactive/dead/ agent=637/active/ jphase=absent killpid=
19:29:22.890815971 pdns=649/0/active/running/ named=0/inactive/dead/ agent=637/active/ jphase=absent killpid=
19:29:23.163184380 pdns=649/0/active/running/ named=0/inactive/dead/ agent=637/active/ jphase=absent killpid=
19:29:23.435797764 pdns=649/0/active/running/ named=0/inactive/dead/ agent=637/active/ jphase=absent killpid=
19:29:23.712807805 pdns=649/0/active/running/ named=0/inactive/dead/ agent=637/active/ jphase=absent killpid=
19:29:23.990106212 pdns=649/0/active/running/ named=0/inactive/dead/ agent=637/active/ jphase=absent killpid=
19:29:24.278133873 pdns=649/0/active/running/ named=0/inactive/dead/ agent=637/active/ jphase=absent killpid=
19:29:24.552606880 pdns=649/0/active/running/ named=0/inactive/dead/ agent=637/active/ jphase=absent killpid=
19:29:24.827393890 pdns=649/0/active/running/ named=0/inactive/dead/ agent=637/active/ jphase=absent killpid=
19:29:25.101757572 pdns=649/0/active/running/ named=0/inactive/dead/ agent=637/active/ jphase=absent killpid=
19:29:25.377033070 pdns=649/0/active/running/ named=0/inactive/dead/ agent=637/active/ jphase=absent killpid=
19:29:25.649312251 pdns=649/0/active/running/ named=0/inactive/dead/ agent=637/active/ jphase=absent killpid=
19:29:25.939382004 pdns=649/0/active/running/ named=0/inactive/dead/ agent=637/active/ jphase=absent killpid=
19:29:26.212938987 pdns=649/0/active/running/ named=0/inactive/dead/ agent=637/active/ jphase=absent killpid=
19:29:26.485413348 pdns=649/0/active/running/ named=0/inactive/dead/ agent=637/active/ jphase=absent killpid=
19:29:26.761723989 pdns=649/0/active/running/ named=0/inactive/dead/ agent=637/active/ jphase=absent killpid=
19:29:27.033554064 pdns=649/0/active/running/ named=0/inactive/dead/ agent=637/active/ jphase=absent killpid=
19:29:27.306452598 pdns=649/0/active/running/ named=0/inactive/dead/ agent=637/active/ jphase=absent killpid=
19:29:27.581173772 pdns=649/0/active/running/ named=0/inactive/dead/ agent=637/active/ jphase=absent killpid=
19:29:27.859843788 pdns=649/0/active/running/ named=0/inactive/dead/ agent=637/active/ jphase=absent killpid=
19:29:28.133759370 pdns=649/0/active/running/ named=0/inactive/dead/ agent=637/active/ jphase=absent killpid=
19:29:28.407097405 pdns=649/0/active/running/ named=0/inactive/dead/ agent=637/active/ jphase=absent killpid=
19:29:28.678127459 pdns=649/0/active/running/ named=0/inactive/dead/ agent=637/active/ jphase=absent killpid=
19:29:28.950276247 pdns=649/0/active/running/ named=0/inactive/dead/ agent=637/active/ jphase=absent killpid=
19:29:29.231702860 pdns=649/0/active/running/ named=0/inactive/dead/ agent=637/active/ jphase=absent killpid=
19:29:29.508320738 pdns=649/0/active/running/ named=0/inactive/dead/ agent=637/active/ jphase=absent killpid=
19:29:29.784611015 pdns=649/0/active/running/ named=0/inactive/dead/ agent=637/active/ jphase=absent killpid=
19:29:30.061590560 pdns=649/0/active/running/ named=0/inactive/dead/ agent=637/active/ jphase=absent killpid=
19:29:30.343727715 pdns=649/0/active/running/ named=0/inactive/dead/ agent=637/active/ jphase=absent killpid=
19:29:30.625384309 pdns=649/0/active/running/ named=0/inactive/dead/ agent=637/active/ jphase=absent killpid=
19:29:30.912759802 pdns=649/0/active/running/ named=0/inactive/dead/ agent=637/active/ jphase=absent killpid=
19:29:31.205172336 pdns=649/0/active/running/ named=0/inactive/dead/ agent=637/active/ jphase=absent killpid=
19:29:31.486946712 pdns=649/0/active/running/ named=0/inactive/dead/ agent=637/active/ jphase=absent killpid=
19:29:31.767049642 pdns=649/0/active/running/ named=0/inactive/dead/ agent=637/active/ jphase=absent killpid=
19:29:32.051682508 pdns=649/0/active/running/ named=0/inactive/dead/ agent=637/active/ jphase=absent killpid=
19:29:32.338746999 pdns=649/0/active/running/ named=0/inactive/dead/ agent=637/active/ jphase=absent killpid=
19:29:32.628160681 pdns=649/0/active/running/ named=0/inactive/dead/ agent=637/active/ jphase=absent killpid=
19:29:32.905900048 pdns=649/0/active/running/ named=0/inactive/dead/ agent=637/active/ jphase=absent killpid=
19:29:33.184566986 pdns=649/0/active/running/ named=0/inactive/dead/ agent=637/active/ jphase=absent killpid=
19:29:33.464944004 pdns=649/0/active/running/ named=0/inactive/dead/ agent=637/active/ jphase=absent killpid=
19:29:33.750781547 pdns=649/0/active/running/ named=0/inactive/dead/ agent=637/active/ jphase=absent killpid=
19:29:34.025331652 pdns=649/0/active/running/ named=0/inactive/dead/ agent=637/active/ jphase=absent killpid=
19:29:34.301774675 pdns=649/0/active/running/ named=0/inactive/dead/ agent=637/active/ jphase=absent killpid=
19:29:34.575715563 pdns=649/0/active/running/ named=0/inactive/dead/ agent=637/active/ jphase=absent killpid=
19:29:34.851542965 pdns=649/0/active/running/ named=0/inactive/dead/ agent=637/active/ jphase=absent killpid=
19:29:35.127196346 pdns=649/0/active/running/ named=0/inactive/dead/ agent=637/active/ jphase=absent killpid=
19:29:35.401527367 pdns=649/0/active/running/ named=0/inactive/dead/ agent=637/active/ jphase=absent killpid=
19:29:35.682091974 pdns=649/0/active/running/ named=0/inactive/dead/ agent=637/active/ jphase=absent killpid=
19:29:35.974851528 pdns=649/0/active/running/ named=0/inactive/dead/ agent=637/active/ jphase=absent killpid=
19:29:36.245506908 pdns=649/0/active/running/ named=0/inactive/dead/ agent=637/active/ jphase=absent killpid=
19:29:36.515613095 pdns=649/0/active/running/ named=0/inactive/dead/ agent=637/active/ jphase=absent killpid=
19:29:36.791687300 pdns=649/0/active/running/ named=0/inactive/dead/ agent=637/active/ jphase=absent killpid=
19:29:37.060648918 pdns=649/0/active/running/ named=0/inactive/dead/ agent=637/active/ jphase=absent killpid=
19:29:37.332002255 pdns=649/0/active/running/ named=0/inactive/dead/ agent=637/active/ jphase=absent killpid=
19:29:37.605040011 pdns=649/0/active/running/ named=0/inactive/dead/ agent=637/active/ jphase=absent killpid=
19:29:37.876879052 pdns=649/0/active/running/ named=0/inactive/dead/ agent=637/active/ jphase=absent killpid=
19:29:38.147728784 pdns=649/0/active/running/ named=0/inactive/dead/ agent=637/active/ jphase=absent killpid=
19:29:38.417271635 pdns=649/0/active/running/ named=0/inactive/dead/ agent=637/active/ jphase=absent killpid=
19:29:38.687057264 pdns=649/0/active/running/ named=0/inactive/dead/ agent=637/active/ jphase=absent killpid=
19:29:38.965161141 pdns=649/0/active/running/ named=0/inactive/dead/ agent=637/active/ jphase=absent killpid=
19:29:39.237751660 pdns=649/0/active/running/ named=0/inactive/dead/ agent=637/active/ jphase=absent killpid=
19:29:39.507844958 pdns=649/0/active/running/ named=0/inactive/dead/ agent=637/active/ jphase=absent killpid=
19:29:39.779366252 pdns=649/0/active/running/ named=0/inactive/dead/ agent=637/active/ jphase=absent killpid=
19:29:40.062830732 pdns=649/0/active/running/ named=0/inactive/dead/ agent=637/active/ jphase=absent killpid=
19:29:40.341903768 pdns=649/0/active/running/ named=0/inactive/dead/ agent=637/active/ jphase=absent killpid=
19:29:40.621465203 pdns=649/0/active/running/ named=0/inactive/dead/ agent=637/active/ jphase=absent killpid=
19:29:40.891704513 pdns=649/0/active/running/ named=0/inactive/dead/ agent=637/active/ jphase=absent killpid=
19:29:41.161262362 pdns=649/0/active/running/ named=0/inactive/dead/ agent=637/active/ jphase=absent killpid=
19:29:41.431256395 pdns=649/0/active/running/ named=0/inactive/dead/ agent=637/active/ jphase=absent killpid=
19:29:41.703477138 pdns=649/0/active/running/ named=0/inactive/dead/ agent=637/active/ jphase=absent killpid=
19:29:41.976026518 pdns=649/0/active/running/ named=0/inactive/dead/ agent=637/active/ jphase=absent killpid=
19:29:42.259305831 pdns=649/0/active/running/ named=0/inactive/dead/ agent=637/active/ jphase=absent killpid=
19:29:42.532838551 pdns=649/0/active/running/ named=0/inactive/dead/ agent=637/active/ jphase=absent killpid=
19:29:42.818880968 pdns=649/0/active/running/ named=0/inactive/dead/ agent=637/active/ jphase=absent killpid=
19:29:43.108567105 pdns=649/0/active/running/ named=0/inactive/dead/ agent=637/active/ jphase=absent killpid=
19:29:43.383857021 pdns=649/0/active/running/ named=0/inactive/dead/ agent=637/active/ jphase=absent killpid=
19:29:43.662584588 pdns=649/0/active/running/ named=0/inactive/dead/ agent=637/active/ jphase=absent killpid=
19:29:43.937429609 pdns=649/0/active/running/ named=0/inactive/dead/ agent=637/active/ jphase=absent killpid=
19:29:44.215639340 pdns=649/0/active/running/ named=0/inactive/dead/ agent=637/active/ jphase=absent killpid=
19:29:44.490361507 pdns=649/0/active/running/ named=0/inactive/dead/ agent=637/active/ jphase=absent killpid=
19:29:44.778067546 pdns=649/0/active/running/ named=0/inactive/dead/ agent=637/active/ jphase=absent killpid=
19:29:45.059870721 pdns=649/0/active/running/ named=0/inactive/dead/ agent=637/active/ jphase=absent killpid=
19:29:45.338346090 pdns=649/0/active/running/ named=0/inactive/dead/ agent=637/active/ jphase=absent killpid=
19:29:45.615003395 pdns=649/0/active/running/ named=0/inactive/dead/ agent=637/active/ jphase=absent killpid=
19:29:45.887887067 pdns=649/0/active/running/ named=0/inactive/dead/ agent=637/active/ jphase=absent killpid=
19:29:46.166533535 pdns=649/0/active/running/ named=0/inactive/dead/ agent=637/active/ jphase=absent killpid=
19:29:46.441506066 pdns=649/0/active/running/ named=0/inactive/dead/ agent=637/active/ jphase=absent killpid=
19:29:46.716980426 pdns=649/0/active/running/ named=0/inactive/dead/ agent=637/active/ jphase=absent killpid=
19:29:47.000040532 pdns=649/0/active/running/ named=0/inactive/dead/ agent=637/active/ jphase=absent killpid=
19:29:47.284240361 pdns=649/0/active/running/ named=0/inactive/dead/ agent=637/active/ jphase=absent killpid=
19:29:47.567173073 pdns=649/0/active/running/ named=0/inactive/dead/ agent=637/active/ jphase=absent killpid=
done
