15:32:39.666025530 CHANGE journal none -> absent
15:32:39.676927394 CHANGE ledger none -> 177f61d12ed0bb85e6ea535b807b376e26bbe0871405a13867c0b3cb6ea4b211
15:32:39.680429572 CHANGE state none -> absent
15:32:39.685108890 POINTER 
15:32:39.686426120 pdns=0/0/inactive/dead/ named=0/inactive/dead/ agent=0/inactive/ jphase=absent killpid=
15:32:39.966077299 pdns=0/0/inactive/dead/ named=0/inactive/dead/ agent=0/inactive/ jphase=absent killpid=
15:32:40.250813354 pdns=0/0/inactive/dead/ named=0/inactive/dead/ agent=0/inactive/ jphase=absent killpid=
15:32:40.569136115 pdns=0/0/inactive/dead/ named=0/inactive/dead/ agent=0/inactive/ jphase=absent killpid=
15:32:40.841837790 pdns=0/0/inactive/dead/ named=0/inactive/dead/ agent=0/inactive/ jphase=absent killpid=
15:32:41.129109403 pdns=0/0/inactive/dead/ named=0/inactive/dead/ agent=0/inactive/ jphase=absent killpid=1742,1787,
15:32:41.442088447 CHANGE ledger 177f61d12ed0bb85e6ea535b807b376e26bbe0871405a13867c0b3cb6ea4b211 -> bd18fa97c699c0d596daff54c11919c302410ef389b7486e3c559281f88ccb6c
15:32:41.447088898 pdns=0/0/inactive/dead/ named=0/inactive/dead/ agent=0/inactive/ jphase=absent killpid=1742,
15:32:41.746177087 CHANGE ledger bd18fa97c699c0d596daff54c11919c302410ef389b7486e3c559281f88ccb6c -> fc7940304dbb8c5918b6b1575f5f70a9201e5a551684faa0443611e363bc544a
15:32:41.750264485 pdns=0/0/inactive/dead/ named=0/inactive/dead/ agent=0/inactive/ jphase=absent killpid=1742,1983,
15:32:42.206296970 CHANGE ledger fc7940304dbb8c5918b6b1575f5f70a9201e5a551684faa0443611e363bc544a -> a433aba1a1c147fbfe25b638008886640cb15fe2ff7106506df83dbd0ea9ffd7
15:32:42.211217099 pdns=0/0/inactive/dead/ named=0/inactive/dead/ agent=0/inactive/ jphase=absent killpid=1742,2068,
15:32:42.506680983 CHANGE ledger a433aba1a1c147fbfe25b638008886640cb15fe2ff7106506df83dbd0ea9ffd7 -> 6e5e2f48c9688d0eee850096b0e258adf955096442a51c7aa74adce7d5079378
15:32:42.510996435 pdns=0/0/inactive/dead/ named=0/inactive/dead/ agent=0/inactive/ jphase=absent killpid=1742,2068,
15:32:42.783022507 pdns=0/0/inactive/dead/ named=0/inactive/dead/ agent=0/inactive/ jphase=absent killpid=1742,2068,
15:32:43.055597427 pdns=0/0/inactive/dead/ named=0/inactive/dead/ agent=0/inactive/ jphase=absent killpid=1742,2068,
15:32:43.335801132 pdns=0/0/inactive/dead/ named=0/inactive/dead/ agent=0/inactive/ jphase=absent killpid=1742,2068,
15:32:43.614401892 pdns=0/0/inactive/dead/ named=0/inactive/dead/ agent=0/inactive/ jphase=absent killpid=1742,2068,
15:32:43.896729804 pdns=0/0/inactive/dead/ named=0/inactive/dead/ agent=0/inactive/ jphase=absent killpid=1742,2068,
15:32:44.209127082 pdns=0/0/inactive/dead/ named=0/inactive/dead/ agent=0/inactive/ jphase=absent killpid=1742,2068,
15:32:44.498951943 pdns=0/0/inactive/dead/ named=0/inactive/dead/ agent=0/inactive/ jphase=absent killpid=1742,2068,
15:32:44.814031223 pdns=0/0/inactive/dead/ named=0/inactive/dead/ agent=0/inactive/ jphase=absent killpid=1742,2068,
15:32:45.123080309 pdns=0/0/inactive/dead/ named=0/inactive/dead/ agent=0/inactive/ jphase=absent killpid=1742,2068,
15:32:45.420324524 pdns=0/0/inactive/dead/ named=0/inactive/dead/ agent=0/inactive/ jphase=absent killpid=1742,2068,
15:32:45.724249965 pdns=0/0/inactive/dead/ named=0/inactive/dead/ agent=0/inactive/ jphase=absent killpid=1742,2068,
15:32:46.016991114 pdns=0/0/inactive/dead/ named=0/inactive/dead/ agent=0/inactive/ jphase=absent killpid=1742,2068,
15:32:46.304556722 CHANGE ledger 6e5e2f48c9688d0eee850096b0e258adf955096442a51c7aa74adce7d5079378 -> 35c6c561d5322d494fcc6e4c2d366e55b68f70ce711d444faa13368d2f748aa5
15:32:46.307796070 pdns=0/0/inactive/dead/ named=0/inactive/dead/ agent=0/inactive/ jphase=absent killpid=1742,2068,
15:32:46.579474769 pdns=0/0/inactive/dead/ named=0/inactive/dead/ agent=0/inactive/ jphase=absent killpid=1742,2068,
15:32:46.885183308 pdns=0/0/inactive/dead/ named=0/inactive/dead/ agent=0/inactive/ jphase=absent killpid=1742,2068,
15:32:47.170813680 pdns=0/0/inactive/dead/ named=0/inactive/dead/ agent=0/inactive/ jphase=absent killpid=1742,2068,
15:32:47.445289072 pdns=0/0/inactive/dead/ named=0/inactive/dead/ agent=0/inactive/ jphase=absent killpid=1742,2068,
15:32:47.730216933 pdns=0/0/inactive/dead/ named=0/inactive/dead/ agent=0/inactive/ jphase=absent killpid=1742,2068,
15:32:48.005053265 pdns=0/0/inactive/dead/ named=0/inactive/dead/ agent=0/inactive/ jphase=absent killpid=1742,2068,
15:32:48.283805491 pdns=0/0/inactive/dead/ named=0/inactive/dead/ agent=0/inactive/ jphase=absent killpid=1742,2068,
15:32:48.563423489 pdns=0/0/inactive/dead/ named=0/inactive/dead/ agent=0/inactive/ jphase=absent killpid=1742,2068,
15:32:48.843061947 pdns=0/0/inactive/dead/ named=0/inactive/dead/ agent=0/inactive/ jphase=absent killpid=1742,2068,
15:32:49.123818287 pdns=0/0/inactive/dead/ named=0/inactive/dead/ agent=0/inactive/ jphase=absent killpid=1742,2068,
15:32:49.409285342 pdns=0/0/inactive/dead/ named=0/inactive/dead/ agent=0/inactive/ jphase=absent killpid=1742,2068,
15:32:49.691935030 pdns=0/0/inactive/dead/ named=0/inactive/dead/ agent=0/inactive/ jphase=absent killpid=1742,2068,
15:32:49.979805253 pdns=0/0/inactive/dead/ named=0/inactive/dead/ agent=0/inactive/ jphase=absent killpid=1742,2068,
15:32:50.281120169 pdns=0/0/inactive/dead/ named=0/inactive/dead/ agent=0/inactive/ jphase=absent killpid=1742,2068,
15:32:50.569246649 pdns=0/0/inactive/dead/ named=0/inactive/dead/ agent=0/inactive/ jphase=absent killpid=1742,2068,
15:32:52.701391482 CHANGE ledger 35c6c561d5322d494fcc6e4c2d366e55b68f70ce711d444faa13368d2f748aa5 -> 4643b60da148af7955a45bd034af43639dfec44c96d8ff362a79d57cec7bc358
15:32:52.705618835 pdns=0/0/inactive/dead/ named=0/inactive/dead/ agent=0/inactive/ jphase=absent killpid=1742,2068,
15:32:52.995957433 pdns=0/0/inactive/dead/ named=0/inactive/dead/ agent=0/inactive/ jphase=absent killpid=1742,2068,
15:32:53.297472140 pdns=0/0/inactive/dead/ named=0/inactive/dead/ agent=0/inactive/ jphase=absent killpid=1742,2068,
15:32:53.571682366 pdns=0/0/inactive/dead/ named=0/inactive/dead/ agent=0/inactive/ jphase=absent killpid=1742,2068,
15:32:53.842743771 pdns=0/0/inactive/dead/ named=0/inactive/dead/ agent=0/inactive/ jphase=absent killpid=1742,2068,
15:32:54.126832082 pdns=0/0/inactive/dead/ named=0/inactive/dead/ agent=0/inactive/ jphase=absent killpid=1742,2068,
15:32:54.405421674 pdns=0/0/inactive/dead/ named=0/inactive/dead/ agent=0/inactive/ jphase=absent killpid=1742,2068,
15:32:54.681069728 pdns=0/0/inactive/dead/ named=0/inactive/dead/ agent=0/inactive/ jphase=absent killpid=1742,2068,
15:32:54.960301409 pdns=0/0/inactive/dead/ named=0/inactive/dead/ agent=0/inactive/ jphase=absent killpid=1742,2068,
15:32:55.231556966 pdns=0/0/inactive/dead/ named=0/inactive/dead/ agent=0/inactive/ jphase=absent killpid=1742,2068,
15:32:55.506707947 pdns=0/0/inactive/dead/ named=0/inactive/dead/ agent=0/inactive/ jphase=absent killpid=1742,2068,
15:32:55.779525760 pdns=0/0/inactive/dead/ named=0/inactive/dead/ agent=0/inactive/ jphase=absent killpid=1742,2068,
15:32:56.055577181 pdns=0/0/inactive/dead/ named=0/inactive/dead/ agent=0/inactive/ jphase=absent killpid=1742,2068,
15:32:56.332422932 CHANGE ledger 4643b60da148af7955a45bd034af43639dfec44c96d8ff362a79d57cec7bc358 -> e63d176307e4e338a9114c9ca574c3a1c220c12c4db62a2cf7a741271108d24b
15:32:56.336228533 pdns=0/0/inactive/dead/ named=0/inactive/dead/ agent=0/inactive/ jphase=absent killpid=1742,2068,
15:32:56.611554282 pdns=0/0/inactive/dead/ named=0/inactive/dead/ agent=0/inactive/ jphase=absent killpid=1742,2068,
15:32:56.883766372 pdns=0/0/inactive/dead/ named=0/inactive/dead/ agent=0/inactive/ jphase=absent killpid=1742,2068,
15:32:57.154236348 pdns=0/0/inactive/dead/ named=0/inactive/dead/ agent=0/inactive/ jphase=absent killpid=1742,2068,
15:32:57.425865830 pdns=0/0/inactive/dead/ named=0/inactive/dead/ agent=0/inactive/ jphase=absent killpid=1742,2068,
15:32:57.699596565 pdns=0/0/inactive/dead/ named=0/inactive/dead/ agent=0/inactive/ jphase=absent killpid=1742,2068,
15:32:57.973143077 pdns=0/0/inactive/dead/ named=0/inactive/dead/ agent=0/inactive/ jphase=absent killpid=1742,2068,
15:32:58.244831565 pdns=0/0/inactive/dead/ named=0/inactive/dead/ agent=0/inactive/ jphase=absent killpid=1742,2068,
15:32:58.516374670 pdns=0/0/inactive/dead/ named=0/inactive/dead/ agent=0/inactive/ jphase=absent killpid=1742,2068,
15:32:58.788825832 pdns=0/0/inactive/dead/ named=0/inactive/dead/ agent=0/inactive/ jphase=absent killpid=1742,2068,
15:32:59.065625897 pdns=0/0/inactive/dead/ named=0/inactive/dead/ agent=0/inactive/ jphase=absent killpid=1742,2068,
15:32:59.337455025 pdns=0/0/inactive/dead/ named=0/inactive/dead/ agent=0/inactive/ jphase=absent killpid=1742,2068,
15:32:59.609363991 pdns=0/0/inactive/dead/ named=0/inactive/dead/ agent=0/inactive/ jphase=absent killpid=1742,2068,
15:32:59.886001015 pdns=0/0/inactive/dead/ named=0/inactive/dead/ agent=0/inactive/ jphase=absent killpid=1742,2068,
15:33:00.161045250 pdns=0/0/inactive/dead/ named=0/inactive/dead/ agent=0/inactive/ jphase=absent killpid=1742,2068,
15:33:00.431928680 pdns=0/0/inactive/dead/ named=0/inactive/dead/ agent=0/inactive/ jphase=absent killpid=1742,2068,
15:33:00.703517357 pdns=0/0/inactive/dead/ named=0/inactive/dead/ agent=0/inactive/ jphase=absent killpid=1742,2068,
15:33:00.973998587 pdns=0/0/inactive/dead/ named=0/inactive/dead/ agent=0/inactive/ jphase=absent killpid=1742,2068,
15:33:01.247213585 CHANGE ledger e63d176307e4e338a9114c9ca574c3a1c220c12c4db62a2cf7a741271108d24b -> 947509e68ca7d8b8a1a69d4ec3b8ac55e9dd331a6d4c127ea8bc373dda09b2c4
15:33:01.250427073 pdns=0/0/inactive/dead/ named=0/inactive/dead/ agent=0/inactive/ jphase=absent killpid=1742,2068,
15:33:01.521228883 pdns=0/0/inactive/dead/ named=0/inactive/dead/ agent=0/inactive/ jphase=absent killpid=1742,2068,
15:33:01.793509826 pdns=0/0/inactive/dead/ named=0/inactive/dead/ agent=0/inactive/ jphase=absent killpid=1742,2068,
15:33:02.064100955 pdns=0/0/inactive/dead/ named=0/inactive/dead/ agent=0/inactive/ jphase=absent killpid=1742,2068,
15:33:02.335889296 pdns=0/0/inactive/dead/ named=0/inactive/dead/ agent=0/inactive/ jphase=absent killpid=1742,2068,
15:33:02.606516532 pdns=0/0/inactive/dead/ named=0/inactive/dead/ agent=0/inactive/ jphase=absent killpid=1742,2068,
15:33:02.878946174 pdns=0/0/inactive/dead/ named=0/inactive/dead/ agent=0/inactive/ jphase=absent killpid=1742,2068,
15:33:03.187370644 pdns=0/0/inactive/dead/ named=0/inactive/dead/ agent=0/inactive/ jphase=absent killpid=1742,2068,
15:33:03.464158397 pdns=0/0/inactive/dead/ named=0/inactive/dead/ agent=0/inactive/ jphase=absent killpid=1742,2068,
15:33:03.736300310 pdns=0/0/inactive/dead/ named=0/inactive/dead/ agent=0/inactive/ jphase=absent killpid=1742,2068,
15:33:04.007229553 pdns=0/0/inactive/dead/ named=0/inactive/dead/ agent=0/inactive/ jphase=absent killpid=1742,2068,
15:33:04.278360490 pdns=0/0/inactive/dead/ named=0/inactive/dead/ agent=0/inactive/ jphase=absent killpid=1742,2068,
15:33:04.551237874 pdns=0/0/inactive/dead/ named=0/inactive/dead/ agent=0/inactive/ jphase=absent killpid=1742,2068,
15:33:04.822885563 pdns=0/0/inactive/dead/ named=0/inactive/dead/ agent=0/inactive/ jphase=absent killpid=1742,2068,
15:33:05.097177719 pdns=0/0/inactive/dead/ named=0/inactive/dead/ agent=0/inactive/ jphase=absent killpid=1742,2068,
15:33:05.384477726 pdns=0/0/inactive/dead/ named=0/inactive/dead/ agent=0/inactive/ jphase=absent killpid=1742,2068,
15:33:05.674923772 pdns=0/0/inactive/dead/ named=0/inactive/dead/ agent=0/inactive/ jphase=absent killpid=1742,2068,
15:33:05.947153492 pdns=0/0/inactive/dead/ named=0/inactive/dead/ agent=0/inactive/ jphase=absent killpid=1742,2068,
15:33:06.222746838 CHANGE ledger 947509e68ca7d8b8a1a69d4ec3b8ac55e9dd331a6d4c127ea8bc373dda09b2c4 -> 6776df4cfc385db779cf20bfb3065bb41a854f8597eb42781da6be170b7e1183
15:33:06.226631066 pdns=0/0/inactive/dead/ named=0/inactive/dead/ agent=0/inactive/ jphase=absent killpid=1742,2068,
15:33:06.501490445 pdns=0/0/inactive/dead/ named=0/inactive/dead/ agent=0/inactive/ jphase=absent killpid=1742,2068,
15:33:06.775901742 pdns=0/0/inactive/dead/ named=0/inactive/dead/ agent=0/inactive/ jphase=absent killpid=1742,2068,
15:33:07.052737149 pdns=0/0/inactive/dead/ named=0/inactive/dead/ agent=0/inactive/ jphase=absent killpid=1742,2068,
15:33:07.326239523 pdns=0/0/inactive/dead/ named=0/inactive/dead/ agent=0/inactive/ jphase=absent killpid=1742,2068,
15:33:07.603039719 pdns=0/0/inactive/dead/ named=0/inactive/dead/ agent=0/inactive/ jphase=absent killpid=1742,2068,
15:33:07.895600397 pdns=0/0/inactive/dead/ named=0/inactive/dead/ agent=0/inactive/ jphase=absent killpid=1742,2068,
15:33:08.181311610 pdns=0/0/inactive/dead/ named=0/inactive/dead/ agent=0/inactive/ jphase=absent killpid=1742,2068,
15:33:08.454302974 pdns=0/0/inactive/dead/ named=0/inactive/dead/ agent=0/inactive/ jphase=absent killpid=1742,2068,
15:33:08.730557084 pdns=0/0/inactive/dead/ named=0/inactive/dead/ agent=0/inactive/ jphase=absent killpid=1742,2068,
15:33:09.002542241 pdns=0/0/inactive/dead/ named=0/inactive/dead/ agent=0/inactive/ jphase=absent killpid=1742,2068,
15:33:09.276463107 pdns=0/0/inactive/dead/ named=0/inactive/dead/ agent=0/inactive/ jphase=absent killpid=1742,2068,
15:33:09.560202549 pdns=0/0/inactive/dead/ named=0/inactive/dead/ agent=0/inactive/ jphase=absent killpid=1742,2068,
15:33:09.845084301 pdns=0/0/inactive/dead/ named=0/inactive/dead/ agent=0/inactive/ jphase=absent killpid=1742,2068,
15:33:10.119992708 pdns=0/0/inactive/dead/ named=0/inactive/dead/ agent=0/inactive/ jphase=absent killpid=1742,2068,
15:33:10.404261266 pdns=0/0/inactive/dead/ named=0/inactive/dead/ agent=0/inactive/ jphase=absent killpid=1742,2068,
15:33:10.693034634 pdns=0/0/inactive/dead/ named=0/inactive/dead/ agent=0/inactive/ jphase=absent killpid=1742,2068,
15:33:10.974952949 pdns=0/0/inactive/dead/ named=0/inactive/dead/ agent=0/inactive/ jphase=absent killpid=1742,2068,
15:33:11.296952198 CHANGE ledger 6776df4cfc385db779cf20bfb3065bb41a854f8597eb42781da6be170b7e1183 -> 45065eaec6ec44501cb7d391d6a3a7520ee726fbb86e7a0d6db365e78b494da6
15:33:11.303917379 pdns=0/0/inactive/dead/ named=0/inactive/dead/ agent=0/inactive/ jphase=absent killpid=1742,2068,
15:33:11.654938048 pdns=0/0/inactive/dead/ named=0/inactive/dead/ agent=0/inactive/ jphase=absent killpid=1742,2068,
15:33:11.965283612 pdns=0/0/inactive/dead/ named=0/inactive/dead/ agent=0/inactive/ jphase=absent killpid=1742,2068,
15:33:12.241710886 pdns=0/0/inactive/dead/ named=0/inactive/dead/ agent=0/inactive/ jphase=absent killpid=1742,2068,
15:33:12.526563978 pdns=0/0/inactive/dead/ named=0/inactive/dead/ agent=0/inactive/ jphase=absent killpid=1742,2068,
15:33:12.813798847 pdns=0/0/inactive/dead/ named=0/inactive/dead/ agent=0/inactive/ jphase=absent killpid=1742,2068,
15:33:13.089617618 pdns=0/0/inactive/dead/ named=0/inactive/dead/ agent=0/inactive/ jphase=absent killpid=1742,2068,
15:33:13.375054985 pdns=0/0/inactive/dead/ named=0/inactive/dead/ agent=0/inactive/ jphase=absent killpid=1742,2068,
15:33:13.663916376 pdns=0/0/inactive/dead/ named=0/inactive/dead/ agent=0/inactive/ jphase=absent killpid=1742,2068,
15:33:13.951409190 pdns=0/0/inactive/dead/ named=0/inactive/dead/ agent=0/inactive/ jphase=absent killpid=1742,2068,
15:33:14.242619816 pdns=0/0/inactive/dead/ named=0/inactive/dead/ agent=0/inactive/ jphase=absent killpid=1742,2068,
15:33:14.523121581 pdns=0/0/inactive/dead/ named=0/inactive/dead/ agent=0/inactive/ jphase=absent killpid=1742,2068,
15:33:14.812811633 pdns=0/0/inactive/dead/ named=0/inactive/dead/ agent=0/inactive/ jphase=absent killpid=1742,2068,
15:33:15.089089666 pdns=0/0/inactive/dead/ named=0/inactive/dead/ agent=0/inactive/ jphase=absent killpid=1742,2068,
15:33:15.365928218 pdns=0/0/inactive/dead/ named=0/inactive/dead/ agent=0/inactive/ jphase=absent killpid=1742,2068,
15:33:15.664120268 pdns=0/0/inactive/dead/ named=0/inactive/dead/ agent=0/inactive/ jphase=absent killpid=1742,2068,
15:33:15.946650356 pdns=0/0/inactive/dead/ named=0/inactive/dead/ agent=0/inactive/ jphase=absent killpid=1742,2068,
15:33:16.235242674 CHANGE ledger 45065eaec6ec44501cb7d391d6a3a7520ee726fbb86e7a0d6db365e78b494da6 -> 5512e4dfd69135e825a91477694d8ff4f1ea09ec877ffe3c9c7e82c1c4fba334
15:33:16.239027656 pdns=0/0/inactive/dead/ named=0/inactive/dead/ agent=0/inactive/ jphase=absent killpid=1742,2068,
15:33:16.534268658 pdns=0/0/inactive/dead/ named=0/inactive/dead/ agent=0/inactive/ jphase=absent killpid=1742,2068,
15:33:16.839973344 pdns=0/0/inactive/dead/ named=0/inactive/dead/ agent=0/inactive/ jphase=absent killpid=1742,2068,
15:33:17.142380929 pdns=0/0/inactive/dead/ named=0/inactive/dead/ agent=0/inactive/ jphase=absent killpid=1742,2068,
15:33:17.445901237 CHANGE ledger 5512e4dfd69135e825a91477694d8ff4f1ea09ec877ffe3c9c7e82c1c4fba334 -> 6f9c757dcca2c25478850e2c91c8ec32c6c1ab2986e97b28840cf34c604cf872
15:33:17.449866344 pdns=0/0/inactive/dead/ named=0/inactive/dead/ agent=0/inactive/ jphase=absent killpid=1742,4947,
15:33:17.746355017 pdns=0/0/inactive/dead/ named=0/inactive/dead/ agent=0/inactive/ jphase=absent killpid=1742,4947,
15:33:18.038749737 pdns=0/0/inactive/dead/ named=0/inactive/dead/ agent=0/inactive/ jphase=absent killpid=1742,4947,
15:33:18.328286264 pdns=0/0/inactive/dead/ named=0/inactive/dead/ agent=0/inactive/ jphase=absent killpid=1742,4947,
15:33:18.627028235 pdns=0/0/inactive/dead/ named=0/inactive/dead/ agent=0/inactive/ jphase=absent killpid=1742,4947,
15:33:18.932750746 pdns=0/0/inactive/dead/ named=0/inactive/dead/ agent=0/inactive/ jphase=absent killpid=1742,4947,
15:33:19.246735682 pdns=0/0/inactive/dead/ named=0/inactive/dead/ agent=0/inactive/ jphase=absent killpid=1742,4947,
15:33:19.563495187 pdns=0/0/inactive/dead/ named=0/inactive/dead/ agent=0/inactive/ jphase=absent killpid=1742,4947,
15:33:19.863097140 pdns=0/0/inactive/dead/ named=0/inactive/dead/ agent=0/inactive/ jphase=absent killpid=1742,4947,
15:33:20.166148468 pdns=0/0/inactive/dead/ named=0/inactive/dead/ agent=0/inactive/ jphase=absent killpid=1742,4947,
15:33:20.463553309 pdns=0/0/inactive/dead/ named=0/inactive/dead/ agent=0/inactive/ jphase=absent killpid=1742,4947,
15:33:20.760504902 pdns=0/0/inactive/dead/ named=0/inactive/dead/ agent=0/inactive/ jphase=absent killpid=1742,4947,
15:33:21.094370454 pdns=0/0/inactive/dead/ named=0/inactive/dead/ agent=0/inactive/ jphase=absent killpid=1742,4947,
15:33:21.620999015 CHANGE ledger 6f9c757dcca2c25478850e2c91c8ec32c6c1ab2986e97b28840cf34c604cf872 -> bfc2c53f425c8834b412c65199f1ca5177fabe6c9874a8df354be2a1a94c9b09
15:33:21.625010733 pdns=0/0/inactive/dead/ named=0/inactive/dead/ agent=0/inactive/ jphase=absent killpid=1742,4947,
15:33:22.007047034 pdns=0/0/inactive/dead/ named=0/inactive/dead/ agent=0/inactive/ jphase=absent killpid=1742,4947,
15:33:22.433566038 pdns=0/0/inactive/dead/ named=0/inactive/dead/ agent=0/inactive/ jphase=absent killpid=1742,4947,
15:33:22.731899149 pdns=0/0/inactive/dead/ named=0/inactive/dead/ agent=0/inactive/ jphase=absent killpid=1742,4947,
15:33:23.025541372 pdns=0/0/inactive/dead/ named=0/inactive/dead/ agent=0/inactive/ jphase=absent killpid=1742,4947,
15:33:23.324678242 pdns=0/0/inactive/dead/ named=0/inactive/dead/ agent=0/inactive/ jphase=absent killpid=1742,4947,
15:33:23.618761217 pdns=0/0/inactive/dead/ named=0/inactive/dead/ agent=0/inactive/ jphase=absent killpid=1742,4947,
15:33:23.909604850 pdns=0/0/inactive/dead/ named=0/inactive/dead/ agent=0/inactive/ jphase=absent killpid=1742,4947,
15:33:24.277848678 pdns=0/0/inactive/dead/ named=0/inactive/dead/ agent=0/inactive/ jphase=absent killpid=1742,4947,
15:33:24.644200109 CHANGE ledger bfc2c53f425c8834b412c65199f1ca5177fabe6c9874a8df354be2a1a94c9b09 -> 6621f552b6c4f0d3d38d4d332566922ff32dd7a08014b0363ba9ad5c38463f90
15:33:24.651541635 pdns=0/0/inactive/dead/ named=0/inactive/dead/ agent=0/inactive/ jphase=absent killpid=1742,5918,
15:33:25.141262251 CHANGE ledger 6621f552b6c4f0d3d38d4d332566922ff32dd7a08014b0363ba9ad5c38463f90 -> 7bcd8fe4fdb0f59802aea61ed0e2e0ad9a4445bb316a077cbf790875c123a3b0
15:33:25.151097841 pdns=0/0/inactive/dead/ named=0/inactive/dead/ agent=0/inactive/ jphase=absent killpid=1742,6029,
15:33:25.657727058 CHANGE ledger 7bcd8fe4fdb0f59802aea61ed0e2e0ad9a4445bb316a077cbf790875c123a3b0 -> fa7676ef0121f779c06be5d470fc4c0fea720c1d18d9a3cf7b642027f7b7eea1
15:33:25.663572583 pdns=0/0/inactive/dead/ named=0/inactive/dead/ agent=0/inactive/ jphase=absent killpid=1742,
15:33:26.037216558 CHANGE ledger fa7676ef0121f779c06be5d470fc4c0fea720c1d18d9a3cf7b642027f7b7eea1 -> 58621290e830b8bbd4664a0c17ed405ae764a7539f072cd9f99d2cd72885c6b8
15:33:26.043053655 pdns=0/0/inactive/dead/ named=0/inactive/dead/ agent=0/inactive/ jphase=absent killpid=1742,
15:33:26.348655298 CHANGE ledger 58621290e830b8bbd4664a0c17ed405ae764a7539f072cd9f99d2cd72885c6b8 -> 1e4e0afda5ce0e9ea9648dd02918d83a7f2a2eb5d34d77298e362b466b707ee7
15:33:26.352840263 pdns=0/0/inactive/dead/ named=0/inactive/dead/ agent=0/inactive/ jphase=absent killpid=1742,6320,
15:33:27.666194781 CHANGE ledger 1e4e0afda5ce0e9ea9648dd02918d83a7f2a2eb5d34d77298e362b466b707ee7 -> eff3017659ed46312cbf8c5437af919ee7fe9a1ac2e1ff510b3714d8ecf0afd1
15:33:27.718972123 POINTER /var/cache/bind/celikpanel mtime=2026-09-29 15:33:27.612730190 +0000 ino=131551 /var/cache/bind/celikpanel/current absent 
15:33:27.730918810 pdns=0/0/inactive/dead/ named=0/inactive/dead/ agent=0/inactive/ jphase=absent killpid=1742,
15:33:28.142775334 CHANGE journal absent -> 38181e1e28ca5515d44a2c1f2d41b4fd04760e9dd6e6d7414915d8d0a6ad4309
15:33:28.151048758 CHANGE ledger eff3017659ed46312cbf8c5437af919ee7fe9a1ac2e1ff510b3714d8ecf0afd1 -> 9ad2b26a4a56cd6df2b5223fd07a36d33173fd7b39fbe2958121f66ac6fdcbe6
15:33:28.156769586 POINTER /var/cache/bind/celikpanel mtime=2026-09-29 15:33:28.052482541 +0000 ino=131551 /var/cache/bind/celikpanel/current mtime=2026-09-29 15:33:28.044486847 +0000 ino=131559 -> '/var/cache/bind/celikpanel/current' -> 'generations/74c26315936f7313d3130d7a80a331fa18a426779477e4b49f6569c15b8d0e77' 
15:33:28.158618355 pdns=0/0/inactive/dead/ named=0/inactive/dead/ agent=0/inactive/ jphase=target-staged killpid=1742,6465,
15:33:28.440636125 CHANGE journal 38181e1e28ca5515d44a2c1f2d41b4fd04760e9dd6e6d7414915d8d0a6ad4309 -> b568dd26c092df6a3f78a16b433b684e78c03dd091519d743a1cd423c15f192d
15:33:28.455070908 CHANGE ledger 9ad2b26a4a56cd6df2b5223fd07a36d33173fd7b39fbe2958121f66ac6fdcbe6 -> a9fee8c635392785c6115797bf326e24e2300a3d4f7b70d787c4605895e735ad
15:33:28.463146520 pdns=0/0/inactive/dead/ named=0/inactive/dead/ agent=0/inactive/ jphase=source-stopped killpid=1742,6574,
15:33:29.006008705 CHANGE ledger a9fee8c635392785c6115797bf326e24e2300a3d4f7b70d787c4605895e735ad -> 754aa329199b60219ed255e7b7ab00d53930e84a513cb12f7287ad2313100423
15:33:29.020548663 pdns=0/0/inactive/dead/ named=0/inactive/dead/ agent=0/inactive/ jphase=source-stopped killpid=1742,6750,
15:33:29.756951775 CHANGE ledger 754aa329199b60219ed255e7b7ab00d53930e84a513cb12f7287ad2313100423 -> 4afd526efaaadfb209040cc7c532641549c75c85f932a84086c6fa5ab92dab20
15:33:29.763391408 pdns=0/0/inactive/dead/ named=0/inactive/dead/ agent=0/inactive/ jphase=source-stopped killpid=1742,
15:33:30.061393101 CHANGE ledger 4afd526efaaadfb209040cc7c532641549c75c85f932a84086c6fa5ab92dab20 -> 7452cfc3b42beaff69202745bdd4769b48e7aaf40fb7c7cca25d1d28a857077d
15:33:30.067470179 pdns=0/0/inactive/dead/ named=0/inactive/dead/ agent=0/inactive/ jphase=source-stopped killpid=1742,6883,
15:33:30.731031660 CHANGE ledger 7452cfc3b42beaff69202745bdd4769b48e7aaf40fb7c7cca25d1d28a857077d -> d82de61a968a6124c868060f73991a762826ae355dcbf02ad7977c5c060be47e
15:33:30.741418339 pdns=0/0/inactive/dead/ named=0/inactive/dead/ agent=0/inactive/ jphase=source-stopped killpid=1742,7098,
15:33:31.155308313 CHANGE ledger d82de61a968a6124c868060f73991a762826ae355dcbf02ad7977c5c060be47e -> 8250a5224fefc275d5aa4ef03233df8e25125fc87879c4541a3ed910101ee4a2
15:33:31.163116793 pdns=0/0/inactive/dead/ named=0/inactive/dead/ agent=0/inactive/ jphase=source-stopped killpid=1742,7199,
15:33:31.457867760 CHANGE ledger 8250a5224fefc275d5aa4ef03233df8e25125fc87879c4541a3ed910101ee4a2 -> adec3a62bda86769691b1bedbc56c2aaa88dce118e2507b1305441c0a1778bc7
15:33:31.468545940 pdns=0/0/inactive/dead/ named=7258/activating/start/ agent=0/inactive/ jphase=source-stopped killpid=1742,
15:33:31.764177229 CHANGE ledger adec3a62bda86769691b1bedbc56c2aaa88dce118e2507b1305441c0a1778bc7 -> 7dd24a7dc8518fad4d0cb57ec8c353c506d8d0ea399087d05b7b9753fc010794
15:33:31.770989930 pdns=0/0/inactive/dead/ named=7258/active/running/ agent=0/inactive/ jphase=source-stopped killpid=1742,
15:33:32.070295048 CHANGE ledger 7dd24a7dc8518fad4d0cb57ec8c353c506d8d0ea399087d05b7b9753fc010794 -> ec73f24a48375f44088126e2c445668bcc5c1c5a0e6345e02085c154582f15b2
15:33:32.082040080 pdns=0/0/inactive/dead/ named=7258/active/running/ agent=0/inactive/ jphase=source-stopped killpid=1742,
15:33:32.394293184 CHANGE ledger ec73f24a48375f44088126e2c445668bcc5c1c5a0e6345e02085c154582f15b2 -> 012b687dc33fa16c716c9095c521244a3ea4f87cff5e4c61feeeddb4b1667ff8
15:33:32.401062818 pdns=0/0/inactive/dead/ named=7258/active/running/ agent=0/inactive/ jphase=source-stopped killpid=1742,7574,
15:33:32.699212930 CHANGE ledger 012b687dc33fa16c716c9095c521244a3ea4f87cff5e4c61feeeddb4b1667ff8 -> 625905dc8430f984ca729e73d3e76d1bb410b8d7b6752359aa907fe2663cda83
15:33:32.708587777 pdns=0/0/inactive/dead/ named=7258/active/running/ agent=0/inactive/ jphase=source-stopped killpid=1742,
15:33:32.987527010 CHANGE journal b568dd26c092df6a3f78a16b433b684e78c03dd091519d743a1cd423c15f192d -> c5e30a5622cee11e9a3e1a5a2f0cb495382f5212b63968aba546de79afb4ef99
15:33:32.999887133 CHANGE ledger 625905dc8430f984ca729e73d3e76d1bb410b8d7b6752359aa907fe2663cda83 -> e3543d4bac1aa77589f64ceb8f6097b8fdfa396bab4a3d5c0e2c77729e3650d7
15:33:33.006912032 pdns=0/0/inactive/dead/ named=7258/active/running/ agent=0/inactive/ jphase=target-started killpid=1742,7780,
15:33:33.289376906 CHANGE ledger e3543d4bac1aa77589f64ceb8f6097b8fdfa396bab4a3d5c0e2c77729e3650d7 -> 3b5c97e134cbe21bb835af4b37ef534957d3f03717953fc0157b834ae9110ba9
15:33:33.297208511 pdns=0/0/inactive/dead/ named=7258/active/running/ agent=0/inactive/ jphase=target-started killpid=1742,
15:33:33.579339046 CHANGE ledger 3b5c97e134cbe21bb835af4b37ef534957d3f03717953fc0157b834ae9110ba9 -> b0dec759a71da7c915204b318f6c1bfafdb93197368941838d09b24c3ffe45b0
15:33:33.585524839 pdns=0/0/inactive/dead/ named=7258/active/running/ agent=0/inactive/ jphase=target-started killpid=1742,
15:33:33.880441545 CHANGE ledger b0dec759a71da7c915204b318f6c1bfafdb93197368941838d09b24c3ffe45b0 -> 5dbf967b39577409327cbb6e2bcf9cd22ed153d09768361eaa9c146c0e740035
15:33:33.887019632 pdns=0/0/inactive/dead/ named=7258/active/running/ agent=0/inactive/ jphase=target-started killpid=1742,
15:33:34.165475505 CHANGE ledger 5dbf967b39577409327cbb6e2bcf9cd22ed153d09768361eaa9c146c0e740035 -> 689ed68cb510dcd52cdf02d626b6996b03aaebb56019bce0e82e4ba384af2fc5
15:33:34.170944016 pdns=0/0/inactive/dead/ named=7258/active/running/ agent=0/inactive/ jphase=target-started killpid=1742,
15:33:34.437638524 CHANGE journal c5e30a5622cee11e9a3e1a5a2f0cb495382f5212b63968aba546de79afb4ef99 -> d30ac9413b50a872623aa209fd308d5f3e24d9ff48a0a941c6e828ad62e472b3
15:33:34.452227999 CHANGE state absent -> eae4ab1ed1a027dc98071dbebb3e75a21dc5da0a24f7739d039099c7905b0618
15:33:34.458691627 pdns=0/0/inactive/dead/ named=7258/active/running/ agent=8155/active/ jphase=target-verified killpid=
15:33:34.832578943 pdns=0/0/inactive/dead/ named=7258/active/running/ agent=8155/active/ jphase=target-verified killpid=
15:33:35.127708928 pdns=0/0/inactive/dead/ named=7258/active/running/ agent=8155/active/ jphase=target-verified killpid=
15:33:35.418741445 CHANGE journal d30ac9413b50a872623aa209fd308d5f3e24d9ff48a0a941c6e828ad62e472b3 -> 5224674101f143e4c1052aea5351672a0938eff4c17e4e5bda1196ceeca6846d
15:33:35.457216817 pdns=0/0/inactive/dead/ named=7258/active/running/ agent=8155/active/ jphase=committed killpid=
15:33:35.980877392 pdns=0/0/inactive/dead/ named=7258/active/running/ agent=8155/active/ jphase=committed killpid=
15:33:36.700131542 pdns=0/0/inactive/dead/ named=7258/active/running/ agent=8155/active/ jphase=committed killpid=
15:33:36.986175079 pdns=0/0/inactive/dead/ named=7258/active/running/ agent=8155/active/ jphase=committed killpid=
15:33:37.250953582 CHANGE journal 5224674101f143e4c1052aea5351672a0938eff4c17e4e5bda1196ceeca6846d -> absent
15:33:37.263945547 CHANGE ledger 689ed68cb510dcd52cdf02d626b6996b03aaebb56019bce0e82e4ba384af2fc5 -> 1ec011dc796dfb99e778574f428f9e79d48d4bea18a03312266afd38d7a5e024
15:33:37.277164238 pdns=0/0/inactive/dead/ named=7258/active/running/ agent=8155/active/ jphase=absent killpid=
15:33:37.568962919 pdns=0/0/inactive/dead/ named=7258/active/running/ agent=8155/active/ jphase=absent killpid=
15:33:37.885413975 pdns=0/0/inactive/dead/ named=7258/active/running/ agent=8155/active/ jphase=absent killpid=
15:33:38.160555954 pdns=0/0/inactive/dead/ named=7258/active/running/ agent=8155/active/ jphase=absent killpid=
15:33:38.437090221 pdns=0/0/inactive/dead/ named=7258/active/running/ agent=8155/active/ jphase=absent killpid=
15:33:38.717747235 pdns=0/0/inactive/dead/ named=7258/active/running/ agent=8155/active/ jphase=absent killpid=
15:33:39.001898890 pdns=0/0/inactive/dead/ named=7258/active/running/ agent=8155/active/ jphase=absent killpid=
15:33:39.277832944 pdns=0/0/inactive/dead/ named=7258/active/running/ agent=8155/active/ jphase=absent killpid=
15:33:39.552838207 pdns=0/0/inactive/dead/ named=7258/active/running/ agent=8155/active/ jphase=absent killpid=
15:33:39.831525478 pdns=0/0/inactive/dead/ named=7258/active/running/ agent=8155/active/ jphase=absent killpid=
15:33:40.108608767 pdns=0/0/inactive/dead/ named=7258/active/running/ agent=8155/active/ jphase=absent killpid=
15:33:40.387494643 pdns=0/0/inactive/dead/ named=7258/active/running/ agent=8155/active/ jphase=absent killpid=
15:33:40.675736541 pdns=0/0/inactive/dead/ named=7258/active/running/ agent=8155/active/ jphase=absent killpid=
15:33:40.973860657 pdns=0/0/inactive/dead/ named=7258/active/running/ agent=8155/active/ jphase=absent killpid=
15:33:41.252273742 pdns=0/0/inactive/dead/ named=7258/active/running/ agent=8155/active/ jphase=absent killpid=
15:33:41.528289597 pdns=0/0/inactive/dead/ named=7258/active/running/ agent=8155/active/ jphase=absent killpid=
15:33:41.803615133 pdns=0/0/inactive/dead/ named=7258/active/running/ agent=8155/active/ jphase=absent killpid=
15:33:42.090052345 pdns=0/0/inactive/dead/ named=7258/active/running/ agent=8155/active/ jphase=absent killpid=
15:33:42.399937944 pdns=0/0/inactive/dead/ named=7258/active/running/ agent=8155/active/ jphase=absent killpid=
15:33:42.675172084 pdns=0/0/inactive/dead/ named=7258/active/running/ agent=8155/active/ jphase=absent killpid=
15:33:42.950166746 pdns=0/0/inactive/dead/ named=7258/active/running/ agent=8155/active/ jphase=absent killpid=
15:33:43.224134161 pdns=0/0/inactive/dead/ named=7258/active/running/ agent=8155/active/ jphase=absent killpid=
15:33:43.497932476 pdns=0/0/inactive/dead/ named=7258/active/running/ agent=8155/active/ jphase=absent killpid=
15:33:43.772815233 pdns=0/0/inactive/dead/ named=7258/active/running/ agent=8155/active/ jphase=absent killpid=
15:33:44.049542048 pdns=0/0/inactive/dead/ named=7258/active/running/ agent=8155/active/ jphase=absent killpid=
15:33:44.323643888 pdns=0/0/inactive/dead/ named=7258/active/running/ agent=8155/active/ jphase=absent killpid=
15:33:44.597128869 pdns=0/0/inactive/dead/ named=7258/active/running/ agent=8155/active/ jphase=absent killpid=
15:33:44.871259195 pdns=0/0/inactive/dead/ named=7258/active/running/ agent=8155/active/ jphase=absent killpid=
15:33:45.150542395 pdns=0/0/inactive/dead/ named=7258/active/running/ agent=8155/active/ jphase=absent killpid=
15:33:45.430705619 pdns=0/0/inactive/dead/ named=7258/active/running/ agent=8155/active/ jphase=absent killpid=
15:33:45.718267680 pdns=0/0/inactive/dead/ named=7258/active/running/ agent=8155/active/ jphase=absent killpid=
15:33:46.004710803 pdns=0/0/inactive/dead/ named=7258/active/running/ agent=8155/active/ jphase=absent killpid=
15:33:46.286161891 pdns=0/0/inactive/dead/ named=7258/active/running/ agent=8155/active/ jphase=absent killpid=
15:33:46.567771636 pdns=0/0/inactive/dead/ named=7258/active/running/ agent=8155/active/ jphase=absent killpid=
15:33:46.851991067 pdns=0/0/inactive/dead/ named=7258/active/running/ agent=8155/active/ jphase=absent killpid=
15:33:47.131457362 pdns=0/0/inactive/dead/ named=7258/active/running/ agent=8155/active/ jphase=absent killpid=
15:33:47.409894657 pdns=0/0/inactive/dead/ named=7258/active/running/ agent=8155/active/ jphase=absent killpid=
15:33:47.691593963 pdns=0/0/inactive/dead/ named=7258/active/running/ agent=8155/active/ jphase=absent killpid=
15:33:47.983041948 pdns=0/0/inactive/dead/ named=7258/active/running/ agent=8155/active/ jphase=absent killpid=
15:33:48.273543085 pdns=0/0/inactive/dead/ named=7258/active/running/ agent=8155/active/ jphase=absent killpid=
15:33:48.553848253 pdns=0/0/inactive/dead/ named=7258/active/running/ agent=8155/active/ jphase=absent killpid=
15:33:48.839117479 pdns=0/0/inactive/dead/ named=7258/active/running/ agent=8155/active/ jphase=absent killpid=
15:33:49.124962782 pdns=0/0/inactive/dead/ named=7258/active/running/ agent=8155/active/ jphase=absent killpid=
15:33:49.407285735 pdns=0/0/inactive/dead/ named=7258/active/running/ agent=8155/active/ jphase=absent killpid=
15:33:49.689210381 pdns=0/0/inactive/dead/ named=7258/active/running/ agent=8155/active/ jphase=absent killpid=
15:33:49.972913683 pdns=0/0/inactive/dead/ named=7258/active/running/ agent=8155/active/ jphase=absent killpid=
15:33:50.261624250 pdns=0/0/inactive/dead/ named=7258/active/running/ agent=8155/active/ jphase=absent killpid=
15:33:50.549287349 pdns=0/0/inactive/dead/ named=7258/active/running/ agent=8155/active/ jphase=absent killpid=
15:33:50.834708718 pdns=0/0/inactive/dead/ named=7258/active/running/ agent=8155/active/ jphase=absent killpid=
15:33:51.121002463 pdns=0/0/inactive/dead/ named=7258/active/running/ agent=8155/active/ jphase=absent killpid=
15:33:51.398018846 pdns=0/0/inactive/dead/ named=7258/active/running/ agent=8155/active/ jphase=absent killpid=
15:33:51.674162937 pdns=0/0/inactive/dead/ named=7258/active/running/ agent=8155/active/ jphase=absent killpid=
15:33:51.952388493 pdns=0/0/inactive/dead/ named=7258/active/running/ agent=8155/active/ jphase=absent killpid=
15:33:52.231226774 pdns=0/0/inactive/dead/ named=7258/active/running/ agent=8155/active/ jphase=absent killpid=
15:33:52.506612471 pdns=0/0/inactive/dead/ named=7258/active/running/ agent=8155/active/ jphase=absent killpid=
15:33:52.782088582 pdns=0/0/inactive/dead/ named=7258/active/running/ agent=8155/active/ jphase=absent killpid=
15:33:53.057856322 pdns=0/0/inactive/dead/ named=7258/active/running/ agent=8155/active/ jphase=absent killpid=
15:33:53.338625797 pdns=0/0/inactive/dead/ named=7258/active/running/ agent=8155/active/ jphase=absent killpid=
15:33:53.621447873 pdns=0/0/inactive/dead/ named=7258/active/running/ agent=8155/active/ jphase=absent killpid=
15:33:53.896829857 pdns=0/0/inactive/dead/ named=7258/active/running/ agent=8155/active/ jphase=absent killpid=
15:33:54.172895932 pdns=0/0/inactive/dead/ named=7258/active/running/ agent=8155/active/ jphase=absent killpid=
15:33:54.447777942 pdns=0/0/inactive/dead/ named=7258/active/running/ agent=8155/active/ jphase=absent killpid=
15:33:54.724655845 pdns=0/0/inactive/dead/ named=7258/active/running/ agent=8155/active/ jphase=absent killpid=
15:33:55.000497634 pdns=0/0/inactive/dead/ named=7258/active/running/ agent=8155/active/ jphase=absent killpid=
15:33:55.278802557 pdns=0/0/inactive/dead/ named=7258/active/running/ agent=8155/active/ jphase=absent killpid=
15:33:55.572802643 pdns=0/0/inactive/dead/ named=7258/active/running/ agent=8155/active/ jphase=absent killpid=
15:33:55.846619922 pdns=0/0/inactive/dead/ named=7258/active/running/ agent=8155/active/ jphase=absent killpid=
15:33:56.122712430 pdns=0/0/inactive/dead/ named=7258/active/running/ agent=8155/active/ jphase=absent killpid=
15:33:56.402060732 pdns=0/0/inactive/dead/ named=7258/active/running/ agent=8155/active/ jphase=absent killpid=
15:33:56.681504071 pdns=0/0/inactive/dead/ named=7258/active/running/ agent=8155/active/ jphase=absent killpid=
15:33:56.958440914 pdns=0/0/inactive/dead/ named=7258/active/running/ agent=8155/active/ jphase=absent killpid=
15:33:57.233804650 pdns=0/0/inactive/dead/ named=7258/active/running/ agent=8155/active/ jphase=absent killpid=
15:33:57.512958582 pdns=0/0/inactive/dead/ named=7258/active/running/ agent=8155/active/ jphase=absent killpid=
15:33:57.806793067 pdns=0/0/inactive/dead/ named=7258/active/running/ agent=8155/active/ jphase=absent killpid=
15:33:58.094820889 pdns=0/0/inactive/dead/ named=7258/active/running/ agent=8155/active/ jphase=absent killpid=
15:33:58.421467135 pdns=0/0/inactive/dead/ named=7258/active/running/ agent=8155/active/ jphase=absent killpid=
15:33:58.951030297 pdns=0/0/inactive/dead/ named=7258/active/running/ agent=8155/active/ jphase=absent killpid=
15:33:59.509555566 pdns=0/0/inactive/dead/ named=7258/active/running/ agent=8155/active/ jphase=absent killpid=
15:33:59.942322667 pdns=0/0/inactive/dead/ named=7258/active/running/ agent=8155/active/ jphase=absent killpid=
15:34:00.226365035 pdns=0/0/inactive/dead/ named=7258/active/running/ agent=8155/active/ jphase=absent killpid=
15:34:00.502317890 pdns=0/0/inactive/dead/ named=7258/active/running/ agent=8155/active/ jphase=absent killpid=
15:34:00.779538744 pdns=0/0/inactive/dead/ named=7258/active/running/ agent=8155/active/ jphase=absent killpid=
15:34:01.062622878 pdns=0/0/inactive/dead/ named=7258/active/running/ agent=8155/active/ jphase=absent killpid=
15:34:01.338877957 pdns=0/0/inactive/dead/ named=7258/active/running/ agent=8155/active/ jphase=absent killpid=
15:34:01.613581783 pdns=0/0/inactive/dead/ named=7258/active/running/ agent=8155/active/ jphase=absent killpid=
15:34:01.890571143 pdns=0/0/inactive/dead/ named=7258/active/running/ agent=8155/active/ jphase=absent killpid=
15:34:02.172648952 pdns=0/0/inactive/dead/ named=7258/active/running/ agent=8155/active/ jphase=absent killpid=
15:34:02.447353260 pdns=0/0/inactive/dead/ named=7258/active/running/ agent=8155/active/ jphase=absent killpid=
15:34:02.722653255 pdns=0/0/inactive/dead/ named=7258/active/running/ agent=8155/active/ jphase=absent killpid=
15:34:03.001255077 pdns=0/0/inactive/dead/ named=7258/active/running/ agent=8155/active/ jphase=absent killpid=
15:34:03.277831150 pdns=0/0/inactive/dead/ named=7258/active/running/ agent=8155/active/ jphase=absent killpid=
15:34:03.553068995 pdns=0/0/inactive/dead/ named=7258/active/running/ agent=8155/active/ jphase=absent killpid=
15:34:03.827407156 pdns=0/0/inactive/dead/ named=7258/active/running/ agent=8155/active/ jphase=absent killpid=
15:34:04.108401461 pdns=0/0/inactive/dead/ named=7258/active/running/ agent=8155/active/ jphase=absent killpid=
15:34:04.390311998 pdns=0/0/inactive/dead/ named=7258/active/running/ agent=8155/active/ jphase=absent killpid=
15:34:04.676162617 pdns=0/0/inactive/dead/ named=7258/active/running/ agent=8155/active/ jphase=absent killpid=
15:34:04.954352452 pdns=0/0/inactive/dead/ named=7258/active/running/ agent=8155/active/ jphase=absent killpid=
15:34:05.232511145 pdns=0/0/inactive/dead/ named=7258/active/running/ agent=8155/active/ jphase=absent killpid=
15:34:05.506902426 pdns=0/0/inactive/dead/ named=7258/active/running/ agent=8155/active/ jphase=absent killpid=
15:34:05.781691912 pdns=0/0/inactive/dead/ named=7258/active/running/ agent=8155/active/ jphase=absent killpid=
15:34:06.056268671 pdns=0/0/inactive/dead/ named=7258/active/running/ agent=8155/active/ jphase=absent killpid=
15:34:06.332508387 pdns=0/0/inactive/dead/ named=7258/active/running/ agent=8155/active/ jphase=absent killpid=
15:34:06.618891047 pdns=0/0/inactive/dead/ named=7258/active/running/ agent=8155/active/ jphase=absent killpid=
15:34:06.901864209 pdns=0/0/inactive/dead/ named=7258/active/running/ agent=8155/active/ jphase=absent killpid=
15:34:07.178392781 pdns=0/0/inactive/dead/ named=7258/active/running/ agent=8155/active/ jphase=absent killpid=
15:34:07.451470044 pdns=0/0/inactive/dead/ named=7258/active/running/ agent=8155/active/ jphase=absent killpid=
15:34:07.728187025 pdns=0/0/inactive/dead/ named=7258/active/running/ agent=8155/active/ jphase=absent killpid=
15:34:08.022593230 pdns=0/0/inactive/dead/ named=7258/active/running/ agent=0/inactive/ jphase=absent killpid=
15:34:08.511524624 pdns=0/0/inactive/dead/ named=7258/active/running/ agent=0/inactive/ jphase=absent killpid=
15:34:08.821937239 pdns=0/0/inactive/dead/ named=7258/active/running/ agent=0/inactive/ jphase=absent killpid=
15:34:09.102197241 pdns=0/0/inactive/dead/ named=7258/active/running/ agent=0/inactive/ jphase=absent killpid=
15:34:09.381487819 pdns=0/0/inactive/dead/ named=7258/active/running/ agent=0/inactive/ jphase=absent killpid=
15:34:09.657819098 pdns=0/0/inactive/dead/ named=7258/active/running/ agent=0/inactive/ jphase=absent killpid=
15:34:09.936575810 pdns=0/0/inactive/dead/ named=7258/active/running/ agent=0/inactive/ jphase=absent killpid=
15:34:10.215624609 pdns=0/0/inactive/dead/ named=7258/active/running/ agent=0/inactive/ jphase=absent killpid=
