15:06:38.101353772 CHANGE journal none -> absent
15:06:38.114696330 CHANGE ledger none -> d49a02f13a20b4b7aea513b97f800908d25487323f970c975a6047298a9c8b60
15:06:38.124275487 CHANGE state none -> 7e16cc4b9491dff57731e8b70cd5da25e4eb8c819053158a43af7bcbccbd2655
15:06:38.127721707 POINTER 
15:06:38.129186375 pdns=3074/0/active/running/ named=0/inactive/dead/ agent=0/inactive/ jphase=absent killpid=
15:06:38.400798836 pdns=3074/0/active/running/ named=0/inactive/dead/ agent=0/inactive/ jphase=absent killpid=
15:06:38.692164292 pdns=3074/0/active/running/ named=0/inactive/dead/ agent=0/inactive/ jphase=absent killpid=
15:06:38.972137994 pdns=3074/0/active/running/ named=0/inactive/dead/ agent=0/inactive/ jphase=absent killpid=
15:06:39.256725763 CHANGE ledger d49a02f13a20b4b7aea513b97f800908d25487323f970c975a6047298a9c8b60 -> c4adeffe9e5ccf7cae0bde219f54ef99922c6c082c6706cbcb02ce8bcd7b82c4
15:06:39.265258213 pdns=3074/0/active/running/ named=0/inactive/dead/ agent=0/inactive/ jphase=absent killpid=3976,
15:06:39.560141179 CHANGE ledger c4adeffe9e5ccf7cae0bde219f54ef99922c6c082c6706cbcb02ce8bcd7b82c4 -> c147f4d0bfb4a21293f0788d2b9aa02aa59271673814f11a0d7f6aeb48602158
15:06:39.569531998 pdns=3074/0/active/running/ named=0/inactive/dead/ agent=0/inactive/ jphase=absent killpid=3976,4180,
15:06:39.860538749 CHANGE ledger c147f4d0bfb4a21293f0788d2b9aa02aa59271673814f11a0d7f6aeb48602158 -> 36e281df7e5265c7a1657c05df07319ae0eb3d160b15f835f16ba9c76657d991
15:06:39.869452955 pdns=3074/0/active/running/ named=0/inactive/dead/ agent=0/inactive/ jphase=absent killpid=3976,4290,
15:06:40.158371753 CHANGE ledger 36e281df7e5265c7a1657c05df07319ae0eb3d160b15f835f16ba9c76657d991 -> 3bc60c86996e265c54c0a45d256f98f17b4b21f4840edd7a3d7cf7e097dcdc7d
15:06:40.166139100 pdns=3074/0/active/running/ named=0/inactive/dead/ agent=0/inactive/ jphase=absent killpid=3976,4400,
15:06:40.456691518 CHANGE ledger 3bc60c86996e265c54c0a45d256f98f17b4b21f4840edd7a3d7cf7e097dcdc7d -> 5c235f8da8d990df5c0bd7dd440c4c36c8ea7e8397c150909d4a38dd6d835ff6
15:06:40.467495068 pdns=3074/0/active/running/ named=0/inactive/dead/ agent=0/inactive/ jphase=absent killpid=3976,4477,
15:06:40.772435288 CHANGE ledger 5c235f8da8d990df5c0bd7dd440c4c36c8ea7e8397c150909d4a38dd6d835ff6 -> c4ed511ae7b10e7fe749f805fed8cced1accd4f489ec5e2ae493d7bf056a3b99
15:06:40.782860250 pdns=3074/0/active/running/ named=0/inactive/dead/ agent=0/inactive/ jphase=absent killpid=3976,4605,
15:06:41.351477820 CHANGE ledger c4ed511ae7b10e7fe749f805fed8cced1accd4f489ec5e2ae493d7bf056a3b99 -> aa37aa5c5204049f20a8fc2b0e2550f4803c24a8f53a2978c98a826df0ba818b
15:06:41.360466741 pdns=3074/0/active/running/ named=0/inactive/dead/ agent=0/inactive/ jphase=absent killpid=3976,4616,
15:06:41.657680578 pdns=3074/0/active/running/ named=0/inactive/dead/ agent=0/inactive/ jphase=absent killpid=3976,4616,
15:06:41.956519739 pdns=3074/0/active/running/ named=0/inactive/dead/ agent=0/inactive/ jphase=absent killpid=3976,4616,
15:06:42.240315563 pdns=3074/0/active/running/ named=0/inactive/dead/ agent=0/inactive/ jphase=absent killpid=3976,4616,
15:06:42.527909442 pdns=3074/0/active/running/ named=0/inactive/dead/ agent=0/inactive/ jphase=absent killpid=3976,4616,
15:06:42.812346905 pdns=3074/0/active/running/ named=0/inactive/dead/ agent=0/inactive/ jphase=absent killpid=3976,4616,
15:06:43.094275760 pdns=3074/0/active/running/ named=0/inactive/dead/ agent=0/inactive/ jphase=absent killpid=3976,4616,
15:06:43.379674067 pdns=3074/0/active/running/ named=0/inactive/dead/ agent=0/inactive/ jphase=absent killpid=3976,4616,
15:06:43.675203791 pdns=3074/0/active/running/ named=0/inactive/dead/ agent=0/inactive/ jphase=absent killpid=3976,4616,
15:06:43.956219485 pdns=3074/0/active/running/ named=0/inactive/dead/ agent=0/inactive/ jphase=absent killpid=3976,4616,
15:06:44.244051853 CHANGE ledger aa37aa5c5204049f20a8fc2b0e2550f4803c24a8f53a2978c98a826df0ba818b -> c7c8920a98d548cad336c1458cdf03913b33e0552fdc2b59ebc1e6a9c15b455b
15:06:44.259610970 pdns=3074/0/active/running/ named=0/inactive/dead/ agent=0/inactive/ jphase=absent killpid=3976,4616,
15:06:44.568297471 pdns=3074/0/active/running/ named=0/inactive/dead/ agent=0/inactive/ jphase=absent killpid=3976,4616,
15:06:44.971467742 pdns=3074/0/active/running/ named=0/inactive/dead/ agent=0/inactive/ jphase=absent killpid=3976,4616,
15:06:45.260824263 pdns=3074/0/active/running/ named=0/inactive/dead/ agent=0/inactive/ jphase=absent killpid=3976,4616,
15:06:45.557931803 pdns=3074/0/active/running/ named=0/inactive/dead/ agent=0/inactive/ jphase=absent killpid=3976,4616,
15:06:45.848712208 pdns=3074/0/active/running/ named=0/inactive/dead/ agent=0/inactive/ jphase=absent killpid=3976,5439,
15:06:46.144051255 CHANGE ledger c7c8920a98d548cad336c1458cdf03913b33e0552fdc2b59ebc1e6a9c15b455b -> a8d57555ccf92b24cf08baf57f2f264e42d8da02ab322f92406d4b63fc937594
15:06:46.159026219 pdns=3074/0/active/running/ named=0/inactive/dead/ agent=0/inactive/ jphase=absent killpid=3976,5555,
15:06:46.626697281 CHANGE ledger a8d57555ccf92b24cf08baf57f2f264e42d8da02ab322f92406d4b63fc937594 -> 50dc676bb6b82ff0294c95027d43eff9f396aa29d502915fae24c3788ea87625
15:06:46.634800402 pdns=3074/0/active/running/ named=0/inactive/dead/ agent=0/inactive/ jphase=absent killpid=3976,5677,
15:06:47.124970948 CHANGE ledger 50dc676bb6b82ff0294c95027d43eff9f396aa29d502915fae24c3788ea87625 -> 76fd1c7913ff4cb4c337eae88a13506c11e30907af2ef20e160c5dcbba3beb35
15:06:47.146276112 pdns=3074/0/active/running/ named=0/inactive/dead/ agent=0/inactive/ jphase=absent killpid=3976,
15:06:47.534559875 CHANGE ledger 76fd1c7913ff4cb4c337eae88a13506c11e30907af2ef20e160c5dcbba3beb35 -> 644bcfba56f453684ff7e16931a024cde0927079bd251779402292438315a61e
15:06:47.548119853 POINTER /var/cache/bind/celikpanel mtime=2026-09-29 15:06:47.473498676 +0000 ino=131681 /var/cache/bind/celikpanel/current absent 
15:06:47.550576648 pdns=3074/0/active/running/ named=0/inactive/dead/ agent=0/inactive/ jphase=absent killpid=3976,5884,
15:06:47.890241673 CHANGE ledger 644bcfba56f453684ff7e16931a024cde0927079bd251779402292438315a61e -> c49ffd8211873d658c1da83c45e10d652d4dced858f10188b63411c62dd34faf
15:06:47.908191256 POINTER /var/cache/bind/celikpanel mtime=2026-09-29 15:06:47.821566112 +0000 ino=131681 /var/cache/bind/celikpanel/current absent 
15:06:47.910035490 pdns=3074/0/active/running/ named=0/inactive/dead/ agent=0/inactive/ jphase=absent killpid=3976,5987,
15:06:48.216153071 CHANGE ledger c49ffd8211873d658c1da83c45e10d652d4dced858f10188b63411c62dd34faf -> a8f994928ba9781a5fbe18302dad3e6c3899341c6bfd90305a1806c7991c4d1e
15:06:48.231279765 pdns=3074/0/active/running/ named=0/inactive/dead/ agent=0/inactive/ jphase=absent killpid=3976,
15:06:48.553838311 CHANGE ledger a8f994928ba9781a5fbe18302dad3e6c3899341c6bfd90305a1806c7991c4d1e -> 4c2cc01ed0e220d218a20cc6e78d208872e20eefa4c463356ae06edb3035349e
15:06:48.564573718 pdns=3074/0/active/running/ named=0/inactive/dead/ agent=0/inactive/ jphase=absent killpid=3976,6209,
15:06:48.876066932 CHANGE ledger 4c2cc01ed0e220d218a20cc6e78d208872e20eefa4c463356ae06edb3035349e -> f4431f8fb7ae69e5fba720066c08b431eb564c35ab47e5d8556b3928a94a0d47
15:06:48.885570642 pdns=3074/0/active/running/ named=0/inactive/dead/ agent=0/inactive/ jphase=absent killpid=3976,
15:06:49.171678105 CHANGE ledger f4431f8fb7ae69e5fba720066c08b431eb564c35ab47e5d8556b3928a94a0d47 -> 59bf6decede41934fa1a314990161c4dc394cfe27a9a69d8c1f2183307e823db
15:06:49.182464789 pdns=3074/0/active/running/ named=0/inactive/dead/ agent=0/inactive/ jphase=absent killpid=3976,
15:06:49.536521543 CHANGE ledger 59bf6decede41934fa1a314990161c4dc394cfe27a9a69d8c1f2183307e823db -> a8729453d4b861902f9503447892bdb023fd2622794f4baf85120cf5949ecef2
15:06:49.548661759 pdns=3074/0/active/running/ named=0/inactive/dead/ agent=0/inactive/ jphase=absent killpid=3976,6540,
15:06:49.855119652 CHANGE ledger a8729453d4b861902f9503447892bdb023fd2622794f4baf85120cf5949ecef2 -> e53e2cae26e2762acca510816715b12100c0a1edf8902b1423a6f797715c405f
15:06:49.862992598 pdns=3074/0/active/running/ named=0/inactive/dead/ agent=0/inactive/ jphase=absent killpid=3976,
15:06:50.150185696 CHANGE journal absent -> 0e87a22747d5444686a66a65bcd5ba458b3bf8ec3b51412401f50ef3fee3d98f
15:06:50.163881546 CHANGE ledger e53e2cae26e2762acca510816715b12100c0a1edf8902b1423a6f797715c405f -> d48e00fe2ecc5d92204ef2761997912d57308dd9f828e5b8c85be9f14f8f7966
15:06:50.174945227 POINTER /var/cache/bind/celikpanel mtime=2026-09-29 15:06:50.146007179 +0000 ino=131681 /var/cache/bind/celikpanel/current mtime=2026-09-29 15:06:50.146007179 +0000 ino=131701 -> '/var/cache/bind/celikpanel/current' -> 'generations/e9161bc0fffb55a2f8cb77f3c17439f4e695b070e91e71230dc820c4ce32a39c' 
15:06:50.177243400 pdns=3074/0/active/running/ named=0/inactive/dead/ agent=0/inactive/ jphase=intent killpid=3976,6768,
15:06:50.459407721 CHANGE journal 0e87a22747d5444686a66a65bcd5ba458b3bf8ec3b51412401f50ef3fee3d98f -> 72a9cced0958077fd9160c36cbf71d4e7a56ebdecf624483dda5e113c9487d1d
15:06:50.470569096 CHANGE ledger d48e00fe2ecc5d92204ef2761997912d57308dd9f828e5b8c85be9f14f8f7966 -> 0ad9a1aa194ba7911affc227ef6a93f0f1dbb4811f72d4cebc1cd929407f49fe
15:06:50.483279082 pdns=3074/0/active/running/ named=0/inactive/dead/ agent=0/inactive/ jphase=source-stopped killpid=3976,6879,
15:06:50.847645330 CHANGE journal 72a9cced0958077fd9160c36cbf71d4e7a56ebdecf624483dda5e113c9487d1d -> 9f82cfad7820273b6d10f39bf39f93bb58fe432c454db2d991a26c8a9c2e4dc2
15:06:50.858282331 CHANGE ledger 0ad9a1aa194ba7911affc227ef6a93f0f1dbb4811f72d4cebc1cd929407f49fe -> 4e6c87f11a6df2c6f0e668f769d74270f039c3d56fc64388de61c8397e797dbf
15:06:50.873219480 pdns=0/0/inactive/dead/ named=0/inactive/dead/ agent=0/inactive/ jphase=source-stopped killpid=3976,7036,
15:06:51.556077076 CHANGE ledger 4e6c87f11a6df2c6f0e668f769d74270f039c3d56fc64388de61c8397e797dbf -> 1c56552654f3fce400c46b00f75ce97cf88b1a740f630ce1c7087c8533fa0584
15:06:51.580801313 pdns=0/0/inactive/dead/ named=0/inactive/dead/ agent=0/inactive/ jphase=source-stopped killpid=3976,
15:06:52.076865334 CHANGE ledger 1c56552654f3fce400c46b00f75ce97cf88b1a740f630ce1c7087c8533fa0584 -> 37f93ef9175c6cdb7bcce235667a364cccc251f36ab60eaa7b1cf338436808bc
15:06:52.095229430 pdns=0/0/inactive/dead/ named=0/inactive/dead/ agent=0/inactive/ jphase=source-stopped killpid=3976,7273,
15:06:52.412796268 CHANGE ledger 37f93ef9175c6cdb7bcce235667a364cccc251f36ab60eaa7b1cf338436808bc -> 4bdf158fd14c67db52335f11210bf38d65144aa82b49ff8f45657a4ab6b7a9ac
15:06:52.431893774 pdns=0/0/inactive/dead/ named=0/inactive/dead/ agent=0/inactive/ jphase=source-stopped killpid=3976,7307,
15:06:53.057577179 CHANGE ledger 4bdf158fd14c67db52335f11210bf38d65144aa82b49ff8f45657a4ab6b7a9ac -> 237d04487f6b926d1fd6106f5f87002e995100d18fb0ed79ff15a03726efbde7
15:06:53.066105047 pdns=0/0/inactive/dead/ named=0/inactive/dead/ agent=0/inactive/ jphase=source-stopped killpid=3976,
15:06:53.514181284 CHANGE ledger 237d04487f6b926d1fd6106f5f87002e995100d18fb0ed79ff15a03726efbde7 -> 83ad3d4d4897d420907c8f64f8bb2a9fd7091bb44efb84b5a6d76380ef290b8e
15:06:53.526436081 pdns=0/0/inactive/dead/ named=0/inactive/dead/ agent=0/inactive/ jphase=source-stopped killpid=3976,
15:06:53.827277170 CHANGE ledger 83ad3d4d4897d420907c8f64f8bb2a9fd7091bb44efb84b5a6d76380ef290b8e -> 0eae9fbff3d83b58130530464a7724eff0e47575cfaf8016a7b43e20254ffe08
15:06:53.839167153 pdns=0/0/inactive/dead/ named=7690/active/running/ agent=0/inactive/ jphase=source-stopped killpid=3976,7755,
15:06:54.141540695 CHANGE ledger 0eae9fbff3d83b58130530464a7724eff0e47575cfaf8016a7b43e20254ffe08 -> 69c36ba6e5df3b33002353be4f66c9e900ac36dde7f8e067d410a1d59c595332
15:06:54.152423760 pdns=0/0/inactive/dead/ named=7690/active/running/ agent=0/inactive/ jphase=source-stopped killpid=3976,
15:06:54.445448584 CHANGE ledger 69c36ba6e5df3b33002353be4f66c9e900ac36dde7f8e067d410a1d59c595332 -> 1b7d8b61fcd28cf26ebb17b975facea2dbebde9afe5676790e9e68c28a6b7979
15:06:54.460949842 pdns=0/0/inactive/dead/ named=7690/active/running/ agent=0/inactive/ jphase=source-stopped killpid=3976,7980,
15:06:54.748558452 CHANGE ledger 1b7d8b61fcd28cf26ebb17b975facea2dbebde9afe5676790e9e68c28a6b7979 -> 3c41d8c8e111e90ca48d0a43e83a266563ac130b742d384713f439597de179b7
15:06:54.762530801 pdns=0/0/inactive/dead/ named=7690/active/running/ agent=0/inactive/ jphase=source-stopped killpid=3976,8094,
15:06:55.047876690 CHANGE journal 9f82cfad7820273b6d10f39bf39f93bb58fe432c454db2d991a26c8a9c2e4dc2 -> cb6aaa637af1cb0e8cd55968f262d72067318b4b45018226ff93eeb6ad8872c0
15:06:55.061939662 CHANGE ledger 3c41d8c8e111e90ca48d0a43e83a266563ac130b742d384713f439597de179b7 -> 9442ec5763e099207db079f9e36820b57da09265abf900c6f6506be3c307dda8
15:06:55.076782863 pdns=0/0/inactive/dead/ named=7690/active/running/ agent=8116/active/ jphase=rolling-back killpid=
15:06:55.444737544 pdns=0/0/inactive/dead/ named=7690/active/running/ agent=8116/active/ jphase=rolling-back killpid=
15:06:55.721858434 pdns=0/0/inactive/dead/ named=7690/active/running/ agent=8116/active/ jphase=rolling-back killpid=
