15:28:57.511655966 CHANGE journal none -> absent
15:28:57.527049671 CHANGE ledger none -> c0b59c041e8839f50926be74fa887bafe412a8001247cbdd2207c20bc2da74b5
15:28:57.538093367 CHANGE state none -> fbdf1fbb016dbf9c42442e9ee82d4748631b6f0d32e258dce2288fa6e915653d
15:28:57.545133368 POINTER /var/cache/bind/celikpanel mtime=2026-09-29 15:28:07.435559044 +0000 ino=131583 /var/cache/bind/celikpanel/current mtime=2026-09-29 15:28:07.423558867 +0000 ino=131610 -> '/var/cache/bind/celikpanel/current' -> 'generations/895b81c7731b93aa00d5883bc78be70b2fbe0449895f9db8157f05592e01222f' 
15:28:57.547270468 pdns=0/0/inactive/dead/ named=650/active/running/ agent=638/active/ jphase=absent killpid=
15:28:57.914888979 pdns=0/0/inactive/dead/ named=650/active/running/ agent=638/active/ jphase=absent killpid=
15:28:58.202140779 pdns=0/0/inactive/dead/ named=650/active/running/ agent=638/active/ jphase=absent killpid=
15:28:58.479815139 pdns=0/0/inactive/dead/ named=650/active/running/ agent=638/active/ jphase=absent killpid=
15:28:58.754551371 pdns=0/0/inactive/dead/ named=650/active/running/ agent=638/active/ jphase=absent killpid=
15:28:59.033744568 pdns=0/0/inactive/dead/ named=650/active/running/ agent=638/active/ jphase=absent killpid=
15:28:59.316100715 pdns=0/0/inactive/dead/ named=650/active/running/ agent=638/active/ jphase=absent killpid=
15:28:59.595405049 pdns=0/0/inactive/dead/ named=650/active/running/ agent=638/active/ jphase=absent killpid=
15:28:59.896919074 pdns=0/0/inactive/dead/ named=650/active/running/ agent=638/active/ jphase=absent killpid=
15:29:00.174042526 pdns=0/0/inactive/dead/ named=650/active/running/ agent=638/active/ jphase=absent killpid=
15:29:00.451381448 pdns=0/0/inactive/dead/ named=650/active/running/ agent=638/active/ jphase=absent killpid=
15:29:00.733438250 pdns=0/0/inactive/dead/ named=650/active/running/ agent=638/active/ jphase=absent killpid=
15:29:01.037436550 pdns=0/0/inactive/dead/ named=650/active/running/ agent=638/active/ jphase=absent killpid=
15:29:01.325716276 pdns=0/0/inactive/dead/ named=650/active/running/ agent=638/active/ jphase=absent killpid=
15:29:01.608131150 pdns=0/0/inactive/dead/ named=650/active/running/ agent=638/active/ jphase=absent killpid=
15:29:01.882723944 pdns=0/0/inactive/dead/ named=650/active/running/ agent=638/active/ jphase=absent killpid=
15:29:02.155110395 pdns=0/0/inactive/dead/ named=650/active/running/ agent=638/active/ jphase=absent killpid=
15:29:02.427910879 pdns=0/0/inactive/dead/ named=650/active/running/ agent=638/active/ jphase=absent killpid=
15:29:02.702847825 pdns=0/0/inactive/dead/ named=650/active/running/ agent=638/active/ jphase=absent killpid=
15:29:02.977463949 pdns=0/0/inactive/dead/ named=650/active/running/ agent=638/active/ jphase=absent killpid=
15:29:03.256378110 pdns=0/0/inactive/dead/ named=650/active/running/ agent=638/active/ jphase=absent killpid=
15:29:03.531004449 pdns=0/0/inactive/dead/ named=650/active/running/ agent=638/active/ jphase=absent killpid=
15:29:03.806402263 pdns=0/0/inactive/dead/ named=650/active/running/ agent=638/active/ jphase=absent killpid=
15:29:04.091106865 pdns=0/0/inactive/dead/ named=650/active/running/ agent=638/active/ jphase=absent killpid=
15:29:04.365509063 pdns=0/0/inactive/dead/ named=650/active/running/ agent=638/active/ jphase=absent killpid=
15:29:04.658052847 pdns=0/0/inactive/dead/ named=650/active/running/ agent=638/active/ jphase=absent killpid=
15:29:04.940739369 pdns=0/0/inactive/dead/ named=650/active/running/ agent=638/active/ jphase=absent killpid=
15:29:05.221549222 pdns=0/0/inactive/dead/ named=650/active/running/ agent=638/active/ jphase=absent killpid=
15:29:05.499764446 pdns=0/0/inactive/dead/ named=650/active/running/ agent=638/active/ jphase=absent killpid=
15:29:05.776502060 pdns=0/0/inactive/dead/ named=650/active/running/ agent=638/active/ jphase=absent killpid=
15:29:06.055419634 pdns=0/0/inactive/dead/ named=650/active/running/ agent=638/active/ jphase=absent killpid=
15:29:06.329682844 pdns=0/0/inactive/dead/ named=650/active/running/ agent=638/active/ jphase=absent killpid=
15:29:06.602107688 pdns=0/0/inactive/dead/ named=650/active/running/ agent=638/active/ jphase=absent killpid=
15:29:06.877652888 pdns=0/0/inactive/dead/ named=650/active/running/ agent=638/active/ jphase=absent killpid=
15:29:07.154301393 pdns=0/0/inactive/dead/ named=650/active/running/ agent=638/active/ jphase=absent killpid=
15:29:07.426810562 pdns=0/0/inactive/dead/ named=650/active/running/ agent=638/active/ jphase=absent killpid=
15:29:07.698058293 pdns=0/0/inactive/dead/ named=650/active/running/ agent=638/active/ jphase=absent killpid=
15:29:07.970700562 pdns=0/0/inactive/dead/ named=650/active/running/ agent=638/active/ jphase=absent killpid=
15:29:08.247056259 pdns=0/0/inactive/dead/ named=650/active/running/ agent=638/active/ jphase=absent killpid=
15:29:08.525226553 pdns=0/0/inactive/dead/ named=650/active/running/ agent=638/active/ jphase=absent killpid=
15:29:08.804285483 pdns=0/0/inactive/dead/ named=650/active/running/ agent=638/active/ jphase=absent killpid=
15:29:09.083634062 pdns=0/0/inactive/dead/ named=650/active/running/ agent=638/active/ jphase=absent killpid=
15:29:09.358604030 pdns=0/0/inactive/dead/ named=650/active/running/ agent=638/active/ jphase=absent killpid=
15:29:09.635420919 pdns=0/0/inactive/dead/ named=650/active/running/ agent=638/active/ jphase=absent killpid=
15:29:09.913434009 pdns=0/0/inactive/dead/ named=650/active/running/ agent=638/active/ jphase=absent killpid=
15:29:10.193807147 pdns=0/0/inactive/dead/ named=650/active/running/ agent=638/active/ jphase=absent killpid=
15:29:10.473707399 pdns=0/0/inactive/dead/ named=650/active/running/ agent=638/active/ jphase=absent killpid=
15:29:10.756671453 pdns=0/0/inactive/dead/ named=650/active/running/ agent=638/active/ jphase=absent killpid=
15:29:11.047367507 pdns=0/0/inactive/dead/ named=650/active/running/ agent=638/active/ jphase=absent killpid=
15:29:11.328190649 pdns=0/0/inactive/dead/ named=650/active/running/ agent=638/active/ jphase=absent killpid=
15:29:11.609952325 pdns=0/0/inactive/dead/ named=650/active/running/ agent=638/active/ jphase=absent killpid=
15:29:11.893491571 pdns=0/0/inactive/dead/ named=650/active/running/ agent=638/active/ jphase=absent killpid=
15:29:12.174260220 pdns=0/0/inactive/dead/ named=650/active/running/ agent=638/active/ jphase=absent killpid=
15:29:12.457092723 pdns=0/0/inactive/dead/ named=650/active/running/ agent=638/active/ jphase=absent killpid=
15:29:12.740332332 pdns=0/0/inactive/dead/ named=650/active/running/ agent=638/active/ jphase=absent killpid=
15:29:13.020895097 pdns=0/0/inactive/dead/ named=650/active/running/ agent=638/active/ jphase=absent killpid=
15:29:13.301908439 pdns=0/0/inactive/dead/ named=650/active/running/ agent=638/active/ jphase=absent killpid=
15:29:13.589756579 pdns=0/0/inactive/dead/ named=650/active/running/ agent=638/active/ jphase=absent killpid=
15:29:13.882055668 pdns=0/0/inactive/dead/ named=650/active/running/ agent=638/active/ jphase=absent killpid=
15:29:14.159333457 pdns=0/0/inactive/dead/ named=650/active/running/ agent=638/active/ jphase=absent killpid=
15:29:14.432181730 pdns=0/0/inactive/dead/ named=650/active/running/ agent=638/active/ jphase=absent killpid=
15:29:14.706516904 pdns=0/0/inactive/dead/ named=650/active/running/ agent=638/active/ jphase=absent killpid=
15:29:14.983374088 pdns=0/0/inactive/dead/ named=650/active/running/ agent=638/active/ jphase=absent killpid=
15:29:15.258126448 pdns=0/0/inactive/dead/ named=650/active/running/ agent=638/active/ jphase=absent killpid=
15:29:15.534113782 pdns=0/0/inactive/dead/ named=650/active/running/ agent=638/active/ jphase=absent killpid=
15:29:15.809366817 pdns=0/0/inactive/dead/ named=650/active/running/ agent=638/active/ jphase=absent killpid=
15:29:16.086020916 pdns=0/0/inactive/dead/ named=650/active/running/ agent=638/active/ jphase=absent killpid=
15:29:16.360702716 pdns=0/0/inactive/dead/ named=650/active/running/ agent=638/active/ jphase=absent killpid=
15:29:16.637506239 pdns=0/0/inactive/dead/ named=650/active/running/ agent=638/active/ jphase=absent killpid=
15:29:16.922872185 pdns=0/0/inactive/dead/ named=650/active/running/ agent=638/active/ jphase=absent killpid=
15:29:17.199201393 pdns=0/0/inactive/dead/ named=650/active/running/ agent=638/active/ jphase=absent killpid=
15:29:17.477764569 pdns=0/0/inactive/dead/ named=650/active/running/ agent=638/active/ jphase=absent killpid=
15:29:17.757029994 pdns=0/0/inactive/dead/ named=650/active/running/ agent=638/active/ jphase=absent killpid=
15:29:18.041387629 pdns=0/0/inactive/dead/ named=650/active/running/ agent=638/active/ jphase=absent killpid=
15:29:18.325392113 pdns=0/0/inactive/dead/ named=650/active/running/ agent=638/active/ jphase=absent killpid=
15:29:18.604598838 pdns=0/0/inactive/dead/ named=650/active/running/ agent=638/active/ jphase=absent killpid=
15:29:18.891433211 pdns=0/0/inactive/dead/ named=650/active/running/ agent=638/active/ jphase=absent killpid=
15:29:19.196782646 pdns=0/0/inactive/dead/ named=650/active/running/ agent=638/active/ jphase=absent killpid=
15:29:19.496462409 pdns=0/0/inactive/dead/ named=650/active/running/ agent=638/active/ jphase=absent killpid=
15:29:19.786605379 pdns=0/0/inactive/dead/ named=650/active/running/ agent=638/active/ jphase=absent killpid=
15:29:20.094709044 pdns=0/0/inactive/dead/ named=650/active/running/ agent=638/active/ jphase=absent killpid=
15:29:20.397615506 pdns=0/0/inactive/dead/ named=650/active/running/ agent=638/active/ jphase=absent killpid=
15:29:20.688747125 pdns=0/0/inactive/dead/ named=650/active/running/ agent=638/active/ jphase=absent killpid=
15:29:20.982658870 pdns=0/0/inactive/dead/ named=650/active/running/ agent=638/active/ jphase=absent killpid=
15:29:21.273745987 pdns=0/0/inactive/dead/ named=650/active/running/ agent=638/active/ jphase=absent killpid=
15:29:21.556189685 pdns=0/0/inactive/dead/ named=650/active/running/ agent=638/active/ jphase=absent killpid=
15:29:21.849659286 pdns=0/0/inactive/dead/ named=650/active/running/ agent=638/active/ jphase=absent killpid=
15:29:22.138347313 pdns=0/0/inactive/dead/ named=650/active/running/ agent=638/active/ jphase=absent killpid=
15:29:22.427340128 pdns=0/0/inactive/dead/ named=650/active/running/ agent=638/active/ jphase=absent killpid=
15:29:22.732817630 pdns=0/0/inactive/dead/ named=650/active/running/ agent=638/active/ jphase=absent killpid=
15:29:23.027719439 pdns=0/0/inactive/dead/ named=650/active/running/ agent=638/active/ jphase=absent killpid=
15:29:23.310342708 pdns=0/0/inactive/dead/ named=650/active/running/ agent=638/active/ jphase=absent killpid=
15:29:23.616818754 pdns=0/0/inactive/dead/ named=650/active/running/ agent=638/active/ jphase=absent killpid=
15:29:23.908007892 pdns=0/0/inactive/dead/ named=650/active/running/ agent=638/active/ jphase=absent killpid=
15:29:24.206545969 pdns=0/0/inactive/dead/ named=650/active/running/ agent=638/active/ jphase=absent killpid=
15:29:24.492159115 pdns=0/0/inactive/dead/ named=650/active/running/ agent=638/active/ jphase=absent killpid=
15:29:24.767766631 pdns=0/0/inactive/dead/ named=650/active/running/ agent=638/active/ jphase=absent killpid=
15:29:25.042951789 pdns=0/0/inactive/dead/ named=650/active/running/ agent=638/active/ jphase=absent killpid=
15:29:25.318512275 pdns=0/0/inactive/dead/ named=650/active/running/ agent=638/active/ jphase=absent killpid=
15:29:25.595292128 pdns=0/0/inactive/dead/ named=650/active/running/ agent=638/active/ jphase=absent killpid=
15:29:25.871549395 pdns=0/0/inactive/dead/ named=650/active/running/ agent=638/active/ jphase=absent killpid=
15:29:26.146587469 pdns=0/0/inactive/dead/ named=650/active/running/ agent=638/active/ jphase=absent killpid=
15:29:26.421649528 pdns=0/0/inactive/dead/ named=650/active/running/ agent=638/active/ jphase=absent killpid=
15:29:26.701375961 pdns=0/0/inactive/dead/ named=650/active/running/ agent=638/active/ jphase=absent killpid=
15:29:26.980341152 pdns=0/0/inactive/dead/ named=650/active/running/ agent=638/active/ jphase=absent killpid=
15:29:27.258788733 pdns=0/0/inactive/dead/ named=650/active/running/ agent=638/active/ jphase=absent killpid=
15:29:27.984007311 pdns=0/0/inactive/dead/ named=650/active/running/ agent=638/active/ jphase=absent killpid=
15:29:28.256855504 pdns=0/0/inactive/dead/ named=650/active/running/ agent=638/active/ jphase=absent killpid=
15:29:28.534362320 pdns=0/0/inactive/dead/ named=650/active/running/ agent=638/active/ jphase=absent killpid=
15:29:28.814395740 pdns=0/0/inactive/dead/ named=650/active/running/ agent=638/active/ jphase=absent killpid=
15:29:29.091020948 pdns=0/0/inactive/dead/ named=650/active/running/ agent=638/active/ jphase=absent killpid=
15:29:29.365635197 pdns=0/0/inactive/dead/ named=650/active/running/ agent=638/active/ jphase=absent killpid=
15:29:29.640339438 pdns=0/0/inactive/dead/ named=650/active/running/ agent=638/active/ jphase=absent killpid=
15:29:29.914364164 pdns=0/0/inactive/dead/ named=650/active/running/ agent=638/active/ jphase=absent killpid=
15:29:30.194246975 pdns=0/0/inactive/dead/ named=650/active/running/ agent=638/active/ jphase=absent killpid=
15:29:30.479952541 pdns=0/0/inactive/dead/ named=650/active/running/ agent=638/active/ jphase=absent killpid=
15:29:30.757029932 pdns=0/0/inactive/dead/ named=650/active/running/ agent=638/active/ jphase=absent killpid=
15:29:31.035414033 pdns=0/0/inactive/dead/ named=650/active/running/ agent=638/active/ jphase=absent killpid=
15:29:31.319088129 pdns=0/0/inactive/dead/ named=650/active/running/ agent=638/active/ jphase=absent killpid=
15:29:31.597123390 pdns=0/0/inactive/dead/ named=650/active/running/ agent=638/active/ jphase=absent killpid=
15:29:31.878866552 pdns=0/0/inactive/dead/ named=650/active/running/ agent=638/active/ jphase=absent killpid=
15:29:32.176940261 pdns=0/0/inactive/dead/ named=650/active/running/ agent=638/active/ jphase=absent killpid=
done
