### collect 2026-09-30T05:36:07.552598446Z
last watcher dir: /var/tmp/cp-b11-watch
Traceback (most recent call last):
  File "<string>", line 1, in <module>
    import json;print(json.load(open("/var/lib/celikpanel-dns-kill-matrix/results/pdns-switch__target-started__after-write__paired-primary__peer-reachable/result.json"))["request_id"])
                                ~~~~^^^^^^^^^^^^^^^^^^^^^^^^^^^^^^^^^^^^^^^^^^^^^^^^^^^^^^^^^^^^^^^^^^^^^^^^^^^^^^^^^^^^^^^^^^^^^^^^^^^^^^^^^^^^^^^^^^^^^^^^^^^^^^^^^^^^
FileNotFoundError: [Errno 2] No such file or directory: '/var/lib/celikpanel-dns-kill-matrix/results/pdns-switch__target-started__after-write__paired-primary__peer-reachable/result.json'
request id: 
ownerpost rc=0
smstatus rc=2
probe rc=0
pdnsdb rc=0
notifycap rc=0
bindsec rc=0
peer journal rc=0
peerloop rc=0 lines=366
cell directory: /var/tmp/cp-b11-1001/r2/cells/e05b4787635364e83414f682
total 28
drwx------ 2 root root 4096 Sep 30 08:32 .
drwxr-xr-x 3 root root 4096 Sep 30 08:37 ..
-rw------- 1 root root 1433 Sep 30 08:25 peer-verdict.json
-rw------- 1 root root  896 Sep 30 08:25 zone-lifecycle-held.json
-rw------- 1 root root 7055 Sep 30 08:25 zone-lifecycle.json
-rw------- 1 root root 1595 Sep 30 08:32 zone-lifecycle-recover.json
05:25:29.471791093 CHANGE pdnsdb 3fb1cb2931a9cdc56597d831983295c70cc83cc430e3489f1da742d38724c509 -> 87f308cf1c1cdd915d3b06cbfc3dc590ff83679f14133a8086e4103449df215b pdns=5467/active/
05:26:10.381724303 CHANGE pdnsdb 87f308cf1c1cdd915d3b06cbfc3dc590ff83679f14133a8086e4103449df215b -> eb96053c4aee1b3777edd8ec1b8523da6120dc4baf9caf0f525e3e55ae08ac36 pdns=5467/active/
done
tar rc=0 size=5160960
/var/tmp/cp-b11-1001/evidence/z05-zero-started-zl-rb/agent-journal-all-boots.txt
/var/tmp/cp-b11-1001/evidence/z05-zero-started-zl-rb/agent-journal-hold-rollback-lines.txt
/var/tmp/cp-b11-1001/evidence/z05-zero-started-zl-rb/bind-secondary-state-post-collect.txt
/var/tmp/cp-b11-1001/evidence/z05-zero-started-zl-rb/bind-secondary-state-pre-run.txt
/var/tmp/cp-b11-1001/evidence/z05-zero-started-zl-rb/boot-monitor.log
/var/tmp/cp-b11-1001/evidence/z05-zero-started-zl-rb/catalog-lines-agent-journal.txt
/var/tmp/cp-b11-1001/evidence/z05-zero-started-zl-rb/catalog-serial-history.txt
/var/tmp/cp-b11-1001/evidence/z05-zero-started-zl-rb/collect.log
/var/tmp/cp-b11-1001/evidence/z05-zero-started-zl-rb/dns-after-pending-guest.txt
/var/tmp/cp-b11-1001/evidence/z05-zero-started-zl-rb/dns-after-pending-peer.txt
/var/tmp/cp-b11-1001/evidence/z05-zero-started-zl-rb/dns-post-collect-guest.txt
/var/tmp/cp-b11-1001/evidence/z05-zero-started-zl-rb/dns-post-collect-peer.txt
/var/tmp/cp-b11-1001/evidence/z05-zero-started-zl-rb/dns-pre-run-guest.txt
/var/tmp/cp-b11-1001/evidence/z05-zero-started-zl-rb/dns-pre-run-peer.txt
/var/tmp/cp-b11-1001/evidence/z05-zero-started-zl-rb/driver.log
/var/tmp/cp-b11-1001/evidence/z05-zero-started-zl-rb/enroll.log
/var/tmp/cp-b11-1001/evidence/z05-zero-started-zl-rb/enroll-recovery-runtime.log
/var/tmp/cp-b11-1001/evidence/z05-zero-started-zl-rb/extra-observe-after-pending.txt
/var/tmp/cp-b11-1001/evidence/z05-zero-started-zl-rb/fresh-primary-peer/peer-verdict.json
/var/tmp/cp-b11-1001/evidence/z05-zero-started-zl-rb/fresh-primary-peer/zone-lifecycle-held.json
/var/tmp/cp-b11-1001/evidence/z05-zero-started-zl-rb/fresh-primary-peer/zone-lifecycle.json
/var/tmp/cp-b11-1001/evidence/z05-zero-started-zl-rb/fresh-primary-peer/zone-lifecycle-recover.json
/var/tmp/cp-b11-1001/evidence/z05-zero-started-zl-rb/guest-identity.txt
/var/tmp/cp-b11-1001/evidence/z05-zero-started-zl-rb/guest-recovery-probe-post-collect.json
/var/tmp/cp-b11-1001/evidence/z05-zero-started-zl-rb/held-state-after-resume.txt
/var/tmp/cp-b11-1001/evidence/z05-zero-started-zl-rb/held-state-before-enroll.txt
/var/tmp/cp-b11-1001/evidence/z05-zero-started-zl-rb/held-state-before-resume.txt
/var/tmp/cp-b11-1001/evidence/z05-zero-started-zl-rb/install.log
/var/tmp/cp-b11-1001/evidence/z05-zero-started-zl-rb/ledwatch-timeline-snapshot.txt
/var/tmp/cp-b11-1001/evidence/z05-zero-started-zl-rb/owner-post-state.txt
/var/tmp/cp-b11-1001/evidence/z05-zero-started-zl-rb/pdns-db-post-collect.txt
/var/tmp/cp-b11-1001/evidence/z05-zero-started-zl-rb/pdns-db-pre-run.txt
/var/tmp/cp-b11-1001/evidence/z05-zero-started-zl-rb/pdns-db-timeline.txt
/var/tmp/cp-b11-1001/evidence/z05-zero-started-zl-rb/pdns-notify-journal-and-also-notify.txt
/var/tmp/cp-b11-1001/evidence/z05-zero-started-zl-rb/peer-daemon-journal.txt
/var/tmp/cp-b11-1001/evidence/z05-zero-started-zl-rb/peer-dns-sampler.log
/var/tmp/cp-b11-1001/evidence/z05-zero-started-zl-rb/peer-facts-post-collect.txt
/var/tmp/cp-b11-1001/evidence/z05-zero-started-zl-rb/peer-facts-pre-run.txt
/var/tmp/cp-b11-1001/evidence/z05-zero-started-zl-rb/peer-identity.txt
/var/tmp/cp-b11-1001/evidence/z05-zero-started-zl-rb/peer-prepare.log
/var/tmp/cp-b11-1001/evidence/z05-zero-started-zl-rb/post-state.txt
/var/tmp/cp-b11-1001/evidence/z05-zero-started-zl-rb/prepare.json
/var/tmp/cp-b11-1001/evidence/z05-zero-started-zl-rb/prepare-source.log
/var/tmp/cp-b11-1001/evidence/z05-zero-started-zl-rb/pre-run-units.txt
/var/tmp/cp-b11-1001/evidence/z05-zero-started-zl-rb/primary-state-post-collect.txt
/var/tmp/cp-b11-1001/evidence/z05-zero-started-zl-rb/primary-state-pre-run.txt
/var/tmp/cp-b11-1001/evidence/z05-zero-started-zl-rb/probe-argv.json
/var/tmp/cp-b11-1001/evidence/z05-zero-started-zl-rb/raw/fixture/controller-argv.json
/var/tmp/cp-b11-1001/evidence/z05-zero-started-zl-rb/raw/fixture/coordinator-stop-proof.json
/var/tmp/cp-b11-1001/evidence/z05-zero-started-zl-rb/raw/fixture/installed-binaries.sha256
/var/tmp/cp-b11-1001/evidence/z05-zero-started-zl-rb/raw/fixture/ls.txt
/var/tmp/cp-b11-1001/evidence/z05-zero-started-zl-rb/raw/fixture/measured/trigger-identity.json
/var/tmp/cp-b11-1001/evidence/z05-zero-started-zl-rb/raw/fixture/scenario.json
/var/tmp/cp-b11-1001/evidence/z05-zero-started-zl-rb/raw/fixture/source-proof.json
/var/tmp/cp-b11-1001/evidence/z05-zero-started-zl-rb/raw/journald/bind9.service.txt
/var/tmp/cp-b11-1001/evidence/z05-zero-started-zl-rb/raw/journald/celikpanel-agent.service.txt
/var/tmp/cp-b11-1001/evidence/z05-zero-started-zl-rb/raw/journald/celikpanel-panel.service.txt
/var/tmp/cp-b11-1001/evidence/z05-zero-started-zl-rb/raw/journald/list-boots.txt
/var/tmp/cp-b11-1001/evidence/z05-zero-started-zl-rb/raw/journald/named.service.txt
/var/tmp/cp-b11-1001/evidence/z05-zero-started-zl-rb/raw/journald/pdns.service.txt
/var/tmp/cp-b11-1001/evidence/z05-zero-started-zl-rb/raw/results/pdns-switch__target-started__after-write__paired-primary__peer-reachable/boundary-marker.json
/var/tmp/cp-b11-1001/evidence/z05-zero-started-zl-rb/raw/results/pdns-switch__target-started__after-write__paired-primary__peer-reachable/kill-proof.json
/var/tmp/cp-b11-1001/evidence/z05-zero-started-zl-rb/raw/results/pdns-switch__target-started__after-write__paired-primary__peer-reachable/reboot-checkpoint-1.json
/var/tmp/cp-b11-1001/evidence/z05-zero-started-zl-rb/raw/results/pdns-switch__target-started__after-write__paired-primary__peer-reachable/transcript.jsonl
/var/tmp/cp-b11-1001/evidence/z05-zero-started-zl-rb/raw/state/dns-engine-ownership-pdns.json
/var/tmp/cp-b11-1001/evidence/z05-zero-started-zl-rb/raw/state/dns-engine-state.json
/var/tmp/cp-b11-1001/evidence/z05-zero-started-zl-rb/raw/state/dns-engine-switch-v3-archive-c59b537aac13c590e71b4682a88ed7b1-dd30c405f76dc154bbc481c21f676485afa0d25ab06f730f0ce52117a5c55535.json
/var/tmp/cp-b11-1001/evidence/z05-zero-started-zl-rb/raw/state/ls.txt
/var/tmp/cp-b11-1001/evidence/z05-zero-started-zl-rb/raw/state/service-mutations.json
/var/tmp/cp-b11-1001/evidence/z05-zero-started-zl-rb/raw/watch/cp-b11-watch/copies/052350.031-ledger-177f61d12ed0.json
/var/tmp/cp-b11-1001/evidence/z05-zero-started-zl-rb/raw/watch/cp-b11-watch/copies/052353.771-ledger-669ab0750008.json
/var/tmp/cp-b11-1001/evidence/z05-zero-started-zl-rb/raw/watch/cp-b11-watch/copies/052354.087-ledger-e509df67baaf.json
/var/tmp/cp-b11-1001/evidence/z05-zero-started-zl-rb/raw/watch/cp-b11-watch/copies/052354.395-ledger-788761c4c264.json
/var/tmp/cp-b11-1001/evidence/z05-zero-started-zl-rb/raw/watch/cp-b11-watch/copies/052358.096-ledger-67c5cd1beb4b.json
/var/tmp/cp-b11-1001/evidence/z05-zero-started-zl-rb/raw/watch/cp-b11-watch/copies/052358.465-ledger-7978bd5ec5d8.json
/var/tmp/cp-b11-1001/evidence/z05-zero-started-zl-rb/raw/watch/cp-b11-watch/copies/052359.177-ledger-037c18890997.json
/var/tmp/cp-b11-1001/evidence/z05-zero-started-zl-rb/raw/watch/cp-b11-watch/copies/052359.520-ledger-551b79df4e26.json
/var/tmp/cp-b11-1001/evidence/z05-zero-started-zl-rb/raw/watch/cp-b11-watch/copies/052403.885-ledger-2218455072b7.json
/var/tmp/cp-b11-1001/evidence/z05-zero-started-zl-rb/raw/watch/cp-b11-watch/copies/052404.840-ledger-f9f9bf7827a6.json
/var/tmp/cp-b11-1001/evidence/z05-zero-started-zl-rb/raw/watch/cp-b11-watch/copies/052405.390-ledger-cdf4b8951ca7.json
/var/tmp/cp-b11-1001/evidence/z05-zero-started-zl-rb/raw/watch/cp-b11-watch/copies/052405.702-ledger-2571c9961827.json
/var/tmp/cp-b11-1001/evidence/z05-zero-started-zl-rb/raw/watch/cp-b11-watch/copies/052406.001-journal-d6a9ee2f774d.json
/var/tmp/cp-b11-1001/evidence/z05-zero-started-zl-rb/raw/watch/cp-b11-watch/copies/052406.010-ledger-ea8164fc4a87.json
/var/tmp/cp-b11-1001/evidence/z05-zero-started-zl-rb/raw/watch/cp-b11-watch/copies/052406.569-journal-2e04f20f2c1a.json
/var/tmp/cp-b11-1001/evidence/z05-zero-started-zl-rb/raw/watch/cp-b11-watch/copies/052406.589-ledger-11d062ef73f1.json
/var/tmp/cp-b11-1001/evidence/z05-zero-started-zl-rb/raw/watch/cp-b11-watch/copies/052406.920-journal-4f210d0e197c.json
/var/tmp/cp-b11-1001/evidence/z05-zero-started-zl-rb/raw/watch/cp-b11-watch/copies/052406.931-ledger-f4f85df8dcea.json
/var/tmp/cp-b11-1001/evidence/z05-zero-started-zl-rb/raw/watch/cp-b11-watch/copies/052406.960-35cdac176bec.sqlite3
/var/tmp/cp-b11-1001/evidence/z05-zero-started-zl-rb/raw/watch/cp-b11-watch/copies/052407.284-ledger-05f3718e8d33.json
/var/tmp/cp-b11-1001/evidence/z05-zero-started-zl-rb/raw/watch/cp-b11-watch/copies/052407.983-ledger-dd4aad0c589e.json
/var/tmp/cp-b11-1001/evidence/z05-zero-started-zl-rb/raw/watch/cp-b11-watch/copies/052408.385-ledger-8c08ff91d8b3.json
/var/tmp/cp-b11-1001/evidence/z05-zero-started-zl-rb/raw/watch/cp-b11-watch/copies/052408.691-ledger-e5b5176990a4.json
/var/tmp/cp-b11-1001/evidence/z05-zero-started-zl-rb/raw/watch/cp-b11-watch/copies/052409.094-ledger-bcc374aeba04.json
/var/tmp/cp-b11-1001/evidence/z05-zero-started-zl-rb/raw/watch/cp-b11-watch/copies/052409.422-ledger-830ccf88601b.json
/var/tmp/cp-b11-1001/evidence/z05-zero-started-zl-rb/raw/watch/cp-b11-watch/copies/052409.750-ledger-5c3c76dee412.json
/var/tmp/cp-b11-1001/evidence/z05-zero-started-zl-rb/raw/watch/cp-b11-watch/copies/052410.078-journal-bfdccbab8f25.json
/var/tmp/cp-b11-1001/evidence/z05-zero-started-zl-rb/raw/watch/cp-b11-watch/copies/052410.100-ledger-a97cb9dc9db9.json
/var/tmp/cp-b11-1001/evidence/z05-zero-started-zl-rb/raw/watch/cp-b11-watch/copies/052410.128-ced131c614c9.sqlite3
/var/tmp/cp-b11-1001/evidence/z05-zero-started-zl-rb/raw/watch/cp-b11-watch/copies/052410.128-ced131c614c9.sqlite3-wal
/var/tmp/cp-b11-1001/evidence/z05-zero-started-zl-rb/raw/watch/cp-b11-watch/copies/052412.324-journal-875ab9b8bbe0.json
/var/tmp/cp-b11-1001/evidence/z05-zero-started-zl-rb/raw/watch/cp-b11-watch/copies/052417.018-state-dd30c405f76d.json
/var/tmp/cp-b11-1001/evidence/z05-zero-started-zl-rb/raw/watch/cp-b11-watch/copies/052419.921-journal-32e66602e31d.json
/var/tmp/cp-b11-1001/evidence/z05-zero-started-zl-rb/raw/watch/cp-b11-watch/copies/052422.411-journal-aeb0d015115f.json
/var/tmp/cp-b11-1001/evidence/z05-zero-started-zl-rb/raw/watch/cp-b11-watch/copies/052426.901-ledger-e2d02be05b28.json
/var/tmp/cp-b11-1001/evidence/z05-zero-started-zl-rb/raw/watch/cp-b11-watch/copies/052501.564-ledger-5722af5c0d14.json
/var/tmp/cp-b11-1001/evidence/z05-zero-started-zl-rb/raw/watch/cp-b11-watch/copies/052502.041-ledger-ba8f38595d5a.json
/var/tmp/cp-b11-1001/evidence/z05-zero-started-zl-rb/raw/watch/cp-b11-watch/copies/052502.655-ledger-318b9601ceec.json
/var/tmp/cp-b11-1001/evidence/z05-zero-started-zl-rb/raw/watch/cp-b11-watch/copies/052503.329-ledger-0b69c0daeda4.json
/var/tmp/cp-b11-1001/evidence/z05-zero-started-zl-rb/raw/watch/cp-b11-watch/copies/052503.935-ledger-132d46d807ab.json
/var/tmp/cp-b11-1001/evidence/z05-zero-started-zl-rb/raw/watch/cp-b11-watch/copies/052504.376-ledger-69e028a33494.json
/var/tmp/cp-b11-1001/evidence/z05-zero-started-zl-rb/raw/watch/cp-b11-watch/copies/052504.771-ledger-af40645df2ae.json
/var/tmp/cp-b11-1001/evidence/z05-zero-started-zl-rb/raw/watch/cp-b11-watch/copies/052505.161-ledger-0706a06cb2bd.json
/var/tmp/cp-b11-1001/evidence/z05-zero-started-zl-rb/raw/watch/cp-b11-watch/copies/052505.545-ledger-f4cb3db4100b.json
/var/tmp/cp-b11-1001/evidence/z05-zero-started-zl-rb/raw/watch/cp-b11-watch/copies/052505.578-bd23f680f1bb.sqlite3
/var/tmp/cp-b11-1001/evidence/z05-zero-started-zl-rb/raw/watch/cp-b11-watch/copies/052505.578-bd23f680f1bb.sqlite3-wal
/var/tmp/cp-b11-1001/evidence/z05-zero-started-zl-rb/raw/watch/cp-b11-watch/copies/052505.953-ledger-e40bfa757feb.json
/var/tmp/cp-b11-1001/evidence/z05-zero-started-zl-rb/raw/watch/cp-b11-watch/copies/052506.330-ledger-bed8b9a2c4ee.json
/var/tmp/cp-b11-1001/evidence/z05-zero-started-zl-rb/raw/watch/cp-b11-watch/copies/052506.724-ledger-7b71ff8825fb.json
/var/tmp/cp-b11-1001/evidence/z05-zero-started-zl-rb/raw/watch/cp-b11-watch/copies/052507.273-ledger-3edc5819f270.json
/var/tmp/cp-b11-1001/evidence/z05-zero-started-zl-rb/raw/watch/cp-b11-watch/copies/052507.719-ledger-60329cf37438.json
/var/tmp/cp-b11-1001/evidence/z05-zero-started-zl-rb/raw/watch/cp-b11-watch/copies/052508.213-ledger-dc16b67f1859.json
/var/tmp/cp-b11-1001/evidence/z05-zero-started-zl-rb/raw/watch/cp-b11-watch/copies/052508.891-ledger-fcbb64dab2f1.json
/var/tmp/cp-b11-1001/evidence/z05-zero-started-zl-rb/raw/watch/cp-b11-watch/copies/052509.337-ledger-675adf702ad5.json
/var/tmp/cp-b11-1001/evidence/z05-zero-started-zl-rb/raw/watch/cp-b11-watch/copies/052510.237-59a2cefab581.sqlite3
/var/tmp/cp-b11-1001/evidence/z05-zero-started-zl-rb/raw/watch/cp-b11-watch/copies/052510.237-59a2cefab581.sqlite3-wal
/var/tmp/cp-b11-1001/evidence/z05-zero-started-zl-rb/raw/watch/cp-b11-watch/copies/052515.309-ledger-00c9971e1d9b.json
/var/tmp/cp-b11-1001/evidence/z05-zero-started-zl-rb/raw/watch/cp-b11-watch/copies/052515.682-ledger-a0636785412e.json
/var/tmp/cp-b11-1001/evidence/z05-zero-started-zl-rb/raw/watch/cp-b11-watch/copies/052516.056-ledger-cf2c206cff24.json
/var/tmp/cp-b11-1001/evidence/z05-zero-started-zl-rb/raw/watch/cp-b11-watch/copies/052516.408-ledger-4198fbe321ee.json
/var/tmp/cp-b11-1001/evidence/z05-zero-started-zl-rb/raw/watch/cp-b11-watch/copies/052516.806-ledger-85d1059f2f57.json
/var/tmp/cp-b11-1001/evidence/z05-zero-started-zl-rb/raw/watch/cp-b11-watch/copies/052517.274-ledger-ac8c5890fb1f.json
/var/tmp/cp-b11-1001/evidence/z05-zero-started-zl-rb/raw/watch/cp-b11-watch/copies/052517.669-ledger-d83cbb7ada46.json
/var/tmp/cp-b11-1001/evidence/z05-zero-started-zl-rb/raw/watch/cp-b11-watch/copies/052517.695-3fb1cb2931a9.sqlite3
/var/tmp/cp-b11-1001/evidence/z05-zero-started-zl-rb/raw/watch/cp-b11-watch/copies/052517.695-3fb1cb2931a9.sqlite3-wal
/var/tmp/cp-b11-1001/evidence/z05-zero-started-zl-rb/raw/watch/cp-b11-watch/copies/052518.011-ledger-0acc3360cd71.json
/var/tmp/cp-b11-1001/evidence/z05-zero-started-zl-rb/raw/watch/cp-b11-watch/copies/052518.361-ledger-3a26f3d543df.json
/var/tmp/cp-b11-1001/evidence/z05-zero-started-zl-rb/raw/watch/cp-b11-watch/copies/052518.724-ledger-407e81c49456.json
/var/tmp/cp-b11-1001/evidence/z05-zero-started-zl-rb/raw/watch/cp-b11-watch/copies/052519.140-ledger-7f1a8d1d7342.json
/var/tmp/cp-b11-1001/evidence/z05-zero-started-zl-rb/raw/watch/cp-b11-watch/copies/052519.506-ledger-2b18cbbe97cb.json
/var/tmp/cp-b11-1001/evidence/z05-zero-started-zl-rb/raw/watch/cp-b11-watch/copies/052519.950-ledger-9670037c79c4.json
/var/tmp/cp-b11-1001/evidence/z05-zero-started-zl-rb/raw/watch/cp-b11-watch/copies/052520.308-ledger-80bf64b9be77.json
/var/tmp/cp-b11-1001/evidence/z05-zero-started-zl-rb/raw/watch/cp-b11-watch/copies/052520.602-ledger-14f2bf82a502.json
/var/tmp/cp-b11-1001/evidence/z05-zero-started-zl-rb/raw/watch/cp-b11-watch/copies/052527.016-ledger-1f3b35260ecb.json
/var/tmp/cp-b11-1001/evidence/z05-zero-started-zl-rb/raw/watch/cp-b11-watch/copies/052527.393-ledger-bafea22041e2.json
/var/tmp/cp-b11-1001/evidence/z05-zero-started-zl-rb/raw/watch/cp-b11-watch/copies/052527.800-ledger-3b4d4ec8b081.json
/var/tmp/cp-b11-1001/evidence/z05-zero-started-zl-rb/raw/watch/cp-b11-watch/copies/052528.181-ledger-94f755fff522.json
/var/tmp/cp-b11-1001/evidence/z05-zero-started-zl-rb/raw/watch/cp-b11-watch/copies/052528.622-ledger-9849dfc6de42.json
/var/tmp/cp-b11-1001/evidence/z05-zero-started-zl-rb/raw/watch/cp-b11-watch/copies/052529.207-ledger-f66e9d39e7d4.json
/var/tmp/cp-b11-1001/evidence/z05-zero-started-zl-rb/raw/watch/cp-b11-watch/copies/052529.321-87f308cf1c1c.sqlite3
/var/tmp/cp-b11-1001/evidence/z05-zero-started-zl-rb/raw/watch/cp-b11-watch/copies/052529.321-87f308cf1c1c.sqlite3-wal
/var/tmp/cp-b11-1001/evidence/z05-zero-started-zl-rb/raw/watch/cp-b11-watch/copies/052530.001-ledger-b1c330edbcde.json
/var/tmp/cp-b11-1001/evidence/z05-zero-started-zl-rb/raw/watch/cp-b11-watch/copies/052530.584-ledger-2e1e85c9a122.json
/var/tmp/cp-b11-1001/evidence/z05-zero-started-zl-rb/raw/watch/cp-b11-watch/copies/052531.223-ledger-73221aed695c.json
/var/tmp/cp-b11-1001/evidence/z05-zero-started-zl-rb/raw/watch/cp-b11-watch/copies/052531.843-ledger-c68509fc1e5e.json
/var/tmp/cp-b11-1001/evidence/z05-zero-started-zl-rb/raw/watch/cp-b11-watch/copies/052532.541-ledger-72b8d10d7e9e.json
/var/tmp/cp-b11-1001/evidence/z05-zero-started-zl-rb/raw/watch/cp-b11-watch/copies/052532.988-ledger-1f3c8949f5a4.json
/var/tmp/cp-b11-1001/evidence/z05-zero-started-zl-rb/raw/watch/cp-b11-watch/copies/052533.400-ledger-59471642b8d9.json
/var/tmp/cp-b11-1001/evidence/z05-zero-started-zl-rb/raw/watch/cp-b11-watch/copies/052533.837-ledger-3de8de54be84.json
/var/tmp/cp-b11-1001/evidence/z05-zero-started-zl-rb/raw/watch/cp-b11-watch/copies/052534.191-ledger-50104f1d0340.json
/var/tmp/cp-b11-1001/evidence/z05-zero-started-zl-rb/raw/watch/cp-b11-watch/copies/052610.377-eb96053c4aee.sqlite3
/var/tmp/cp-b11-1001/evidence/z05-zero-started-zl-rb/raw/watch/cp-b11-watch/copies/052610.377-eb96053c4aee.sqlite3-wal
/var/tmp/cp-b11-1001/evidence/z05-zero-started-zl-rb/raw/watch/cp-b11-watch/copies/053146.294-ledger-c1acc927d4e2.json
/var/tmp/cp-b11-1001/evidence/z05-zero-started-zl-rb/raw/watch/cp-b11-watch/copies/053146.635-ledger-c5a98a223d46.json
/var/tmp/cp-b11-1001/evidence/z05-zero-started-zl-rb/raw/watch/cp-b11-watch/copies/053146.976-ledger-a4ef827bd0df.json
/var/tmp/cp-b11-1001/evidence/z05-zero-started-zl-rb/raw/watch/cp-b11-watch/copies/053147.316-ledger-1dc3a15e236a.json
/var/tmp/cp-b11-1001/evidence/z05-zero-started-zl-rb/raw/watch/cp-b11-watch/copies/053147.669-ledger-a15c05367c73.json
/var/tmp/cp-b11-1001/evidence/z05-zero-started-zl-rb/raw/watch/cp-b11-watch/copies/053148.407-ledger-805223409130.json
/var/tmp/cp-b11-1001/evidence/z05-zero-started-zl-rb/raw/watch/cp-b11-watch/copies/053149.296-ledger-bd8833d3ca97.json
/var/tmp/cp-b11-1001/evidence/z05-zero-started-zl-rb/raw/watch/cp-b11-watch/copies/053149.671-ledger-d39189cec249.json
/var/tmp/cp-b11-1001/evidence/z05-zero-started-zl-rb/raw/watch/cp-b11-watch/copies/053150.024-ledger-afb4efceaedf.json
/var/tmp/cp-b11-1001/evidence/z05-zero-started-zl-rb/raw/watch/cp-b11-watch/copies/053150.389-ledger-7bca7e52c598.json
/var/tmp/cp-b11-1001/evidence/z05-zero-started-zl-rb/raw/watch/cp-b11-watch/copies/053150.768-ledger-9a37a689e899.json
/var/tmp/cp-b11-1001/evidence/z05-zero-started-zl-rb/raw/watch/cp-b11-watch/copies/053151.247-ledger-dd0c38bc4618.json
/var/tmp/cp-b11-1001/evidence/z05-zero-started-zl-rb/raw/watch/cp-b11-watch/copies/053151.629-ledger-02b089a2e9e7.json
/var/tmp/cp-b11-1001/evidence/z05-zero-started-zl-rb/raw/watch/cp-b11-watch/copies/053151.996-ledger-0bca7eac782a.json
/var/tmp/cp-b11-1001/evidence/z05-zero-started-zl-rb/raw/watch/cp-b11-watch/copies/053152.356-ledger-9fa3e0d0ae2b.json
/var/tmp/cp-b11-1001/evidence/z05-zero-started-zl-rb/raw/watch/cp-b11-watch/copies/053152.718-ledger-d17587e63a40.json
/var/tmp/cp-b11-1001/evidence/z05-zero-started-zl-rb/raw/watch/cp-b11-watch/copies/053153.055-ledger-d7ec38f95e94.json
/var/tmp/cp-b11-1001/evidence/z05-zero-started-zl-rb/raw/watch/cp-b11-watch/copies/053153.461-ledger-975b7b0d4630.json
/var/tmp/cp-b11-1001/evidence/z05-zero-started-zl-rb/raw/watch/cp-b11-watch/copies/053153.828-ledger-f41e14df97f8.json
/var/tmp/cp-b11-1001/evidence/z05-zero-started-zl-rb/raw/watch/cp-b11-watch/copies/053154.192-ledger-585308a43edc.json
/var/tmp/cp-b11-1001/evidence/z05-zero-started-zl-rb/raw/watch/cp-b11-watch/copies/053154.550-ledger-65984044e7f1.json
/var/tmp/cp-b11-1001/evidence/z05-zero-started-zl-rb/raw/watch/cp-b11-watch/copies/053154.916-ledger-6288f81f448e.json
/var/tmp/cp-b11-1001/evidence/z05-zero-started-zl-rb/raw/watch/cp-b11-watch/copies/053155.260-ledger-6e4f55a59dd1.json
/var/tmp/cp-b11-1001/evidence/z05-zero-started-zl-rb/raw/watch/cp-b11-watch/copies/053155.616-ledger-1b0b194971b1.json
/var/tmp/cp-b11-1001/evidence/z05-zero-started-zl-rb/raw/watch/cp-b11-watch/copies/053155.988-ledger-50c7ee1ddf43.json
/var/tmp/cp-b11-1001/evidence/z05-zero-started-zl-rb/raw/watch/cp-b11-watch/copies/053156.467-ledger-1671dbe7de62.json
/var/tmp/cp-b11-1001/evidence/z05-zero-started-zl-rb/raw/watch/cp-b11-watch/copies/053157.042-ledger-e2869e592c3d.json
/var/tmp/cp-b11-1001/evidence/z05-zero-started-zl-rb/raw/watch/cp-b11-watch/copies/053158.195-ledger-e9970dbccbe3.json
/var/tmp/cp-b11-1001/evidence/z05-zero-started-zl-rb/raw/watch/cp-b11-watch/copies/053158.547-ledger-631b7df20a22.json
/var/tmp/cp-b11-1001/evidence/z05-zero-started-zl-rb/raw/watch/cp-b11-watch/copies/053158.906-ledger-30b89d21a056.json
/var/tmp/cp-b11-1001/evidence/z05-zero-started-zl-rb/raw/watch/cp-b11-watch/copies/053159.550-ledger-4a3df5576c98.json
/var/tmp/cp-b11-1001/evidence/z05-zero-started-zl-rb/raw/watch/cp-b11-watch/copies/053159.936-ledger-b05d53e0ae31.json
/var/tmp/cp-b11-1001/evidence/z05-zero-started-zl-rb/raw/watch/cp-b11-watch/copies/053200.395-ledger-2f22d11fc4c4.json
/var/tmp/cp-b11-1001/evidence/z05-zero-started-zl-rb/raw/watch/cp-b11-watch/copies/053200.745-ledger-e99f817549a1.json
/var/tmp/cp-b11-1001/evidence/z05-zero-started-zl-rb/raw/watch/cp-b11-watch/copies/053201.093-ledger-de091a31041f.json
/var/tmp/cp-b11-1001/evidence/z05-zero-started-zl-rb/raw/watch/cp-b11-watch/copies/053201.521-ledger-991a9a105f4c.json
/var/tmp/cp-b11-1001/evidence/z05-zero-started-zl-rb/raw/watch/cp-b11-watch/copies/053201.828-ledger-4cd34ebc5e3b.json
/var/tmp/cp-b11-1001/evidence/z05-zero-started-zl-rb/raw/watch/cp-b11-watch/copies/053202.191-ledger-08ca9d27a5cc.json
/var/tmp/cp-b11-1001/evidence/z05-zero-started-zl-rb/raw/watch/cp-b11-watch/copies/053202.535-ledger-f6428d2c56fb.json
/var/tmp/cp-b11-1001/evidence/z05-zero-started-zl-rb/raw/watch/cp-b11-watch/copies/053202.874-ledger-787069b26852.json
/var/tmp/cp-b11-1001/evidence/z05-zero-started-zl-rb/raw/watch/cp-b11-watch-db/copies/052407.297-35cdac176bec.sqlite3
/var/tmp/cp-b11-1001/evidence/z05-zero-started-zl-rb/raw/watch/cp-b11-watch-db/copies/052410.053-ced131c614c9.sqlite3
/var/tmp/cp-b11-1001/evidence/z05-zero-started-zl-rb/raw/watch/cp-b11-watch-db/copies/052410.053-ced131c614c9.sqlite3-wal
/var/tmp/cp-b11-1001/evidence/z05-zero-started-zl-rb/raw/watch/cp-b11-watch-db/copies/052505.608-bd23f680f1bb.sqlite3
/var/tmp/cp-b11-1001/evidence/z05-zero-started-zl-rb/raw/watch/cp-b11-watch-db/copies/052505.608-bd23f680f1bb.sqlite3-wal
/var/tmp/cp-b11-1001/evidence/z05-zero-started-zl-rb/raw/watch/cp-b11-watch-db/copies/052510.393-59a2cefab581.sqlite3
/var/tmp/cp-b11-1001/evidence/z05-zero-started-zl-rb/raw/watch/cp-b11-watch-db/copies/052510.393-59a2cefab581.sqlite3-wal
/var/tmp/cp-b11-1001/evidence/z05-zero-started-zl-rb/raw/watch/cp-b11-watch-db/copies/052517.807-3fb1cb2931a9.sqlite3
/var/tmp/cp-b11-1001/evidence/z05-zero-started-zl-rb/raw/watch/cp-b11-watch-db/copies/052517.807-3fb1cb2931a9.sqlite3-wal
/var/tmp/cp-b11-1001/evidence/z05-zero-started-zl-rb/raw/watch/cp-b11-watch-db/copies/052529.445-87f308cf1c1c.sqlite3
/var/tmp/cp-b11-1001/evidence/z05-zero-started-zl-rb/raw/watch/cp-b11-watch-db/copies/052529.445-87f308cf1c1c.sqlite3-wal
/var/tmp/cp-b11-1001/evidence/z05-zero-started-zl-rb/raw/watch/cp-b11-watch-db/copies/052610.353-eb96053c4aee.sqlite3
/var/tmp/cp-b11-1001/evidence/z05-zero-started-zl-rb/raw/watch/cp-b11-watch-db/copies/052610.353-eb96053c4aee.sqlite3-wal
/var/tmp/cp-b11-1001/evidence/z05-zero-started-zl-rb/raw/watch/cp-b11-watch-db/timeline.log
/var/tmp/cp-b11-1001/evidence/z05-zero-started-zl-rb/raw/watch/cp-b11-watch/journal-at-at-kill-proof.json
/var/tmp/cp-b11-1001/evidence/z05-zero-started-zl-rb/raw/watch/cp-b11-watch-led/copies/052351.047-ledger-177f61d12ed0.json
/var/tmp/cp-b11-1001/evidence/z05-zero-started-zl-rb/raw/watch/cp-b11-watch-led/copies/052353.706-ledger-02945aef8d3c.json
/var/tmp/cp-b11-1001/evidence/z05-zero-started-zl-rb/raw/watch/cp-b11-watch-led/copies/052353.873-ledger-b67a8b0502ec.json
/var/tmp/cp-b11-1001/evidence/z05-zero-started-zl-rb/raw/watch/cp-b11-watch-led/copies/052354.031-ledger-63d51bb46357.json
/var/tmp/cp-b11-1001/evidence/z05-zero-started-zl-rb/raw/watch/cp-b11-watch-led/copies/052354.185-ledger-788761c4c264.json
/var/tmp/cp-b11-1001/evidence/z05-zero-started-zl-rb/raw/watch/cp-b11-watch-led/copies/052358.176-ledger-f87b93f80afb.json
/var/tmp/cp-b11-1001/evidence/z05-zero-started-zl-rb/raw/watch/cp-b11-watch-led/copies/052358.363-ledger-e8da2dfb07d2.json
/var/tmp/cp-b11-1001/evidence/z05-zero-started-zl-rb/raw/watch/cp-b11-watch-led/copies/052358.547-ledger-ab3da54a5232.json
/var/tmp/cp-b11-1001/evidence/z05-zero-started-zl-rb/raw/watch/cp-b11-watch-led/copies/052358.991-ledger-b0aaa3e4d245.json
/var/tmp/cp-b11-1001/evidence/z05-zero-started-zl-rb/raw/watch/cp-b11-watch-led/copies/052359.143-ledger-6ae83a5f19fc.json
/var/tmp/cp-b11-1001/evidence/z05-zero-started-zl-rb/raw/watch/cp-b11-watch-led/copies/052359.329-ledger-551b79df4e26.json
/var/tmp/cp-b11-1001/evidence/z05-zero-started-zl-rb/raw/watch/cp-b11-watch-led/copies/052403.770-ledger-2218455072b7.json
/var/tmp/cp-b11-1001/evidence/z05-zero-started-zl-rb/raw/watch/cp-b11-watch-led/copies/052404.595-ledger-f9f9bf7827a6.json
/var/tmp/cp-b11-1001/evidence/z05-zero-started-zl-rb/raw/watch/cp-b11-watch-led/copies/052404.955-ledger-404d924a5208.json
/var/tmp/cp-b11-1001/evidence/z05-zero-started-zl-rb/raw/watch/cp-b11-watch-led/copies/052405.266-ledger-b7db8f396116.json
/var/tmp/cp-b11-1001/evidence/z05-zero-started-zl-rb/raw/watch/cp-b11-watch-led/copies/052405.419-ledger-2f3fd5a95d38.json
/var/tmp/cp-b11-1001/evidence/z05-zero-started-zl-rb/raw/watch/cp-b11-watch-led/copies/052405.584-ledger-c07b4d093234.json
/var/tmp/cp-b11-1001/evidence/z05-zero-started-zl-rb/raw/watch/cp-b11-watch-led/copies/052405.743-ledger-7858e2c074ff.json
/var/tmp/cp-b11-1001/evidence/z05-zero-started-zl-rb/raw/watch/cp-b11-watch-led/copies/052405.897-ledger-ea8164fc4a87.json
/var/tmp/cp-b11-1001/evidence/z05-zero-started-zl-rb/raw/watch/cp-b11-watch-led/copies/052406.599-ledger-c519dfa637c8.json
/var/tmp/cp-b11-1001/evidence/z05-zero-started-zl-rb/raw/watch/cp-b11-watch-led/copies/052406.789-ledger-3b53a033acd4.json
/var/tmp/cp-b11-1001/evidence/z05-zero-started-zl-rb/raw/watch/cp-b11-watch-led/copies/052406.947-ledger-f4f85df8dcea.json
/var/tmp/cp-b11-1001/evidence/z05-zero-started-zl-rb/raw/watch/cp-b11-watch-led/copies/052407.116-ledger-7b6817f42e73.json
/var/tmp/cp-b11-1001/evidence/z05-zero-started-zl-rb/raw/watch/cp-b11-watch-led/copies/052407.276-ledger-05f3718e8d33.json
/var/tmp/cp-b11-1001/evidence/z05-zero-started-zl-rb/raw/watch/cp-b11-watch-led/copies/052407.615-ledger-b0813e7da904.json
/var/tmp/cp-b11-1001/evidence/z05-zero-started-zl-rb/raw/watch/cp-b11-watch-led/copies/052407.848-ledger-dd4aad0c589e.json
/var/tmp/cp-b11-1001/evidence/z05-zero-started-zl-rb/raw/watch/cp-b11-watch-led/copies/052408.191-ledger-6b89afddeacd.json
/var/tmp/cp-b11-1001/evidence/z05-zero-started-zl-rb/raw/watch/cp-b11-watch-led/copies/052408.340-ledger-1dab19d86868.json
/var/tmp/cp-b11-1001/evidence/z05-zero-started-zl-rb/raw/watch/cp-b11-watch-led/copies/052408.499-ledger-11631a643adc.json
/var/tmp/cp-b11-1001/evidence/z05-zero-started-zl-rb/raw/watch/cp-b11-watch-led/copies/052408.659-ledger-d3d61ba73586.json
/var/tmp/cp-b11-1001/evidence/z05-zero-started-zl-rb/raw/watch/cp-b11-watch-led/copies/052408.918-ledger-3ecc79800bac.json
/var/tmp/cp-b11-1001/evidence/z05-zero-started-zl-rb/raw/watch/cp-b11-watch-led/copies/052409.203-ledger-c1b8fa77c4fc.json
/var/tmp/cp-b11-1001/evidence/z05-zero-started-zl-rb/raw/watch/cp-b11-watch-led/copies/052409.366-ledger-f3557a290c84.json
/var/tmp/cp-b11-1001/evidence/z05-zero-started-zl-rb/raw/watch/cp-b11-watch-led/copies/052409.527-ledger-59e2c3d45a4a.json
/var/tmp/cp-b11-1001/evidence/z05-zero-started-zl-rb/raw/watch/cp-b11-watch-led/copies/052409.683-ledger-5c3c76dee412.json
/var/tmp/cp-b11-1001/evidence/z05-zero-started-zl-rb/raw/watch/cp-b11-watch-led/copies/052409.873-ledger-a97cb9dc9db9.json
/var/tmp/cp-b11-1001/evidence/z05-zero-started-zl-rb/raw/watch/cp-b11-watch-led/copies/052426.856-ledger-e2d02be05b28.json
/var/tmp/cp-b11-1001/evidence/z05-zero-started-zl-rb/raw/watch/cp-b11-watch-led/copies/052501.195-ledger-5854705b7c5b.json
/var/tmp/cp-b11-1001/evidence/z05-zero-started-zl-rb/raw/watch/cp-b11-watch-led/copies/052501.436-ledger-8f1c41662840.json
/var/tmp/cp-b11-1001/evidence/z05-zero-started-zl-rb/raw/watch/cp-b11-watch-led/copies/052501.631-ledger-51c561a98800.json
/var/tmp/cp-b11-1001/evidence/z05-zero-started-zl-rb/raw/watch/cp-b11-watch-led/copies/052501.915-ledger-d2072a41e9f7.json
/var/tmp/cp-b11-1001/evidence/z05-zero-started-zl-rb/raw/watch/cp-b11-watch-led/copies/052502.177-ledger-f42d5834f276.json
/var/tmp/cp-b11-1001/evidence/z05-zero-started-zl-rb/raw/watch/cp-b11-watch-led/copies/052502.449-ledger-b1b2e2cc4c0f.json
/var/tmp/cp-b11-1001/evidence/z05-zero-started-zl-rb/raw/watch/cp-b11-watch-led/copies/052502.877-ledger-131364f77698.json
/var/tmp/cp-b11-1001/evidence/z05-zero-started-zl-rb/raw/watch/cp-b11-watch-led/copies/052503.184-ledger-26d166f88f56.json
/var/tmp/cp-b11-1001/evidence/z05-zero-started-zl-rb/raw/watch/cp-b11-watch-led/copies/052503.458-ledger-d3088c8e8270.json
/var/tmp/cp-b11-1001/evidence/z05-zero-started-zl-rb/raw/watch/cp-b11-watch-led/copies/052503.755-ledger-2132e8ba9f99.json
/var/tmp/cp-b11-1001/evidence/z05-zero-started-zl-rb/raw/watch/cp-b11-watch-led/copies/052504.030-ledger-f70e275b887f.json
/var/tmp/cp-b11-1001/evidence/z05-zero-started-zl-rb/raw/watch/cp-b11-watch-led/copies/052504.239-ledger-e055dc0ebcc9.json
/var/tmp/cp-b11-1001/evidence/z05-zero-started-zl-rb/raw/watch/cp-b11-watch-led/copies/052504.411-ledger-abbb4e79a408.json
/var/tmp/cp-b11-1001/evidence/z05-zero-started-zl-rb/raw/watch/cp-b11-watch-led/copies/052504.611-ledger-85948e423a87.json
/var/tmp/cp-b11-1001/evidence/z05-zero-started-zl-rb/raw/watch/cp-b11-watch-led/copies/052504.872-ledger-46bfdb485163.json
/var/tmp/cp-b11-1001/evidence/z05-zero-started-zl-rb/raw/watch/cp-b11-watch-led/copies/052505.080-ledger-bb5c8d6151a2.json
/var/tmp/cp-b11-1001/evidence/z05-zero-started-zl-rb/raw/watch/cp-b11-watch-led/copies/052505.256-ledger-dd0c1da434b9.json
/var/tmp/cp-b11-1001/evidence/z05-zero-started-zl-rb/raw/watch/cp-b11-watch-led/copies/052505.457-ledger-25fc7aaf48fa.json
/var/tmp/cp-b11-1001/evidence/z05-zero-started-zl-rb/raw/watch/cp-b11-watch-led/copies/052505.695-ledger-42047881b1b5.json
/var/tmp/cp-b11-1001/evidence/z05-zero-started-zl-rb/raw/watch/cp-b11-watch-led/copies/052505.885-ledger-69d1d82b892c.json
/var/tmp/cp-b11-1001/evidence/z05-zero-started-zl-rb/raw/watch/cp-b11-watch-led/copies/052506.067-ledger-f1ee1be2153e.json
/var/tmp/cp-b11-1001/evidence/z05-zero-started-zl-rb/raw/watch/cp-b11-watch-led/copies/052506.250-ledger-d28fb5f947b0.json
/var/tmp/cp-b11-1001/evidence/z05-zero-started-zl-rb/raw/watch/cp-b11-watch-led/copies/052506.419-ledger-e9e8c08657d0.json
/var/tmp/cp-b11-1001/evidence/z05-zero-started-zl-rb/raw/watch/cp-b11-watch-led/copies/052506.592-ledger-14ffdef4508e.json
/var/tmp/cp-b11-1001/evidence/z05-zero-started-zl-rb/raw/watch/cp-b11-watch-led/copies/052506.777-ledger-a964a3c001a9.json
/var/tmp/cp-b11-1001/evidence/z05-zero-started-zl-rb/raw/watch/cp-b11-watch-led/copies/052507.080-ledger-e93e52b5023d.json
/var/tmp/cp-b11-1001/evidence/z05-zero-started-zl-rb/raw/watch/cp-b11-watch-led/copies/052507.308-ledger-dc896006d248.json
/var/tmp/cp-b11-1001/evidence/z05-zero-started-zl-rb/raw/watch/cp-b11-watch-led/copies/052507.555-ledger-4c56d26b1daa.json
/var/tmp/cp-b11-1001/evidence/z05-zero-started-zl-rb/raw/watch/cp-b11-watch-led/copies/052507.771-ledger-60329cf37438.json
/var/tmp/cp-b11-1001/evidence/z05-zero-started-zl-rb/raw/watch/cp-b11-watch-led/copies/052508.008-ledger-ac35b7d629ed.json
/var/tmp/cp-b11-1001/evidence/z05-zero-started-zl-rb/raw/watch/cp-b11-watch-led/copies/052508.210-ledger-dc16b67f1859.json
/var/tmp/cp-b11-1001/evidence/z05-zero-started-zl-rb/raw/watch/cp-b11-watch-led/copies/052508.523-ledger-6fd9485ef38b.json
/var/tmp/cp-b11-1001/evidence/z05-zero-started-zl-rb/raw/watch/cp-b11-watch-led/copies/052508.813-ledger-fcbb64dab2f1.json
/var/tmp/cp-b11-1001/evidence/z05-zero-started-zl-rb/raw/watch/cp-b11-watch-led/copies/052509.291-ledger-675adf702ad5.json
/var/tmp/cp-b11-1001/evidence/z05-zero-started-zl-rb/raw/watch/cp-b11-watch-led/copies/052515.121-ledger-56ad0310442b.json
/var/tmp/cp-b11-1001/evidence/z05-zero-started-zl-rb/raw/watch/cp-b11-watch-led/copies/052515.306-ledger-00c9971e1d9b.json
/var/tmp/cp-b11-1001/evidence/z05-zero-started-zl-rb/raw/watch/cp-b11-watch-led/copies/052515.504-ledger-cd00940527e3.json
/var/tmp/cp-b11-1001/evidence/z05-zero-started-zl-rb/raw/watch/cp-b11-watch-led/copies/052515.727-ledger-14ad0483d840.json
/var/tmp/cp-b11-1001/evidence/z05-zero-started-zl-rb/raw/watch/cp-b11-watch-led/copies/052515.897-ledger-75c5a4c37514.json
/var/tmp/cp-b11-1001/evidence/z05-zero-started-zl-rb/raw/watch/cp-b11-watch-led/copies/052516.084-ledger-7f998c3bbc57.json
/var/tmp/cp-b11-1001/evidence/z05-zero-started-zl-rb/raw/watch/cp-b11-watch-led/copies/052516.253-ledger-6193c45e5174.json
/var/tmp/cp-b11-1001/evidence/z05-zero-started-zl-rb/raw/watch/cp-b11-watch-led/copies/052516.411-ledger-2cd4a165a1bb.json
/var/tmp/cp-b11-1001/evidence/z05-zero-started-zl-rb/raw/watch/cp-b11-watch-led/copies/052516.631-ledger-180fc94db559.json
/var/tmp/cp-b11-1001/evidence/z05-zero-started-zl-rb/raw/watch/cp-b11-watch-led/copies/052516.864-ledger-31038698b625.json
/var/tmp/cp-b11-1001/evidence/z05-zero-started-zl-rb/raw/watch/cp-b11-watch-led/copies/052517.097-ledger-811bbfa16ec8.json
/var/tmp/cp-b11-1001/evidence/z05-zero-started-zl-rb/raw/watch/cp-b11-watch-led/copies/052517.290-ledger-ac8c5890fb1f.json
/var/tmp/cp-b11-1001/evidence/z05-zero-started-zl-rb/raw/watch/cp-b11-watch-led/copies/052517.469-ledger-2a08de3eb1c8.json
/var/tmp/cp-b11-1001/evidence/z05-zero-started-zl-rb/raw/watch/cp-b11-watch-led/copies/052517.624-ledger-f2053c79613e.json
/var/tmp/cp-b11-1001/evidence/z05-zero-started-zl-rb/raw/watch/cp-b11-watch-led/copies/052517.799-ledger-b4d11b5c3579.json
/var/tmp/cp-b11-1001/evidence/z05-zero-started-zl-rb/raw/watch/cp-b11-watch-led/copies/052517.980-ledger-531e8645332f.json
/var/tmp/cp-b11-1001/evidence/z05-zero-started-zl-rb/raw/watch/cp-b11-watch-led/copies/052518.145-ledger-7e1904f67385.json
/var/tmp/cp-b11-1001/evidence/z05-zero-started-zl-rb/raw/watch/cp-b11-watch-led/copies/052518.315-ledger-d76275df0787.json
/var/tmp/cp-b11-1001/evidence/z05-zero-started-zl-rb/raw/watch/cp-b11-watch-led/copies/052518.521-ledger-114ed6aec5fe.json
/var/tmp/cp-b11-1001/evidence/z05-zero-started-zl-rb/raw/watch/cp-b11-watch-led/copies/052518.683-ledger-fba09bf55203.json
/var/tmp/cp-b11-1001/evidence/z05-zero-started-zl-rb/raw/watch/cp-b11-watch-led/copies/052518.917-ledger-49b9538aa5a9.json
/var/tmp/cp-b11-1001/evidence/z05-zero-started-zl-rb/raw/watch/cp-b11-watch-led/copies/052519.079-ledger-240340adadbd.json
/var/tmp/cp-b11-1001/evidence/z05-zero-started-zl-rb/raw/watch/cp-b11-watch-led/copies/052519.243-ledger-dace24143da4.json
/var/tmp/cp-b11-1001/evidence/z05-zero-started-zl-rb/raw/watch/cp-b11-watch-led/copies/052519.454-ledger-3cc94c4f6dfa.json
/var/tmp/cp-b11-1001/evidence/z05-zero-started-zl-rb/raw/watch/cp-b11-watch-led/copies/052519.700-ledger-7a5ece4a0df3.json
/var/tmp/cp-b11-1001/evidence/z05-zero-started-zl-rb/raw/watch/cp-b11-watch-led/copies/052519.871-ledger-fc7d1ceea834.json
/var/tmp/cp-b11-1001/evidence/z05-zero-started-zl-rb/raw/watch/cp-b11-watch-led/copies/052520.040-ledger-7b79ac7eb645.json
/var/tmp/cp-b11-1001/evidence/z05-zero-started-zl-rb/raw/watch/cp-b11-watch-led/copies/052520.208-ledger-80bf64b9be77.json
/var/tmp/cp-b11-1001/evidence/z05-zero-started-zl-rb/raw/watch/cp-b11-watch-led/copies/052520.460-ledger-14f2bf82a502.json
/var/tmp/cp-b11-1001/evidence/z05-zero-started-zl-rb/raw/watch/cp-b11-watch-led/copies/052526.635-ledger-6c804cd27854.json
/var/tmp/cp-b11-1001/evidence/z05-zero-started-zl-rb/raw/watch/cp-b11-watch-led/copies/052526.854-ledger-ca795dc1cebe.json
/var/tmp/cp-b11-1001/evidence/z05-zero-started-zl-rb/raw/watch/cp-b11-watch-led/copies/052527.040-ledger-1f3b35260ecb.json
/var/tmp/cp-b11-1001/evidence/z05-zero-started-zl-rb/raw/watch/cp-b11-watch-led/copies/052527.250-ledger-79af19f2b695.json
/var/tmp/cp-b11-1001/evidence/z05-zero-started-zl-rb/raw/watch/cp-b11-watch-led/copies/052527.425-ledger-ebbfa18489bb.json
/var/tmp/cp-b11-1001/evidence/z05-zero-started-zl-rb/raw/watch/cp-b11-watch-led/copies/052527.635-ledger-28960d987b10.json
/var/tmp/cp-b11-1001/evidence/z05-zero-started-zl-rb/raw/watch/cp-b11-watch-led/copies/052527.817-ledger-3b4d4ec8b081.json
/var/tmp/cp-b11-1001/evidence/z05-zero-started-zl-rb/raw/watch/cp-b11-watch-led/copies/052528.010-ledger-f03c66950709.json
/var/tmp/cp-b11-1001/evidence/z05-zero-started-zl-rb/raw/watch/cp-b11-watch-led/copies/052528.187-ledger-94f755fff522.json
/var/tmp/cp-b11-1001/evidence/z05-zero-started-zl-rb/raw/watch/cp-b11-watch-led/copies/052528.419-ledger-d8877766ab56.json
/var/tmp/cp-b11-1001/evidence/z05-zero-started-zl-rb/raw/watch/cp-b11-watch-led/copies/052528.699-ledger-8a419f870e6f.json
/var/tmp/cp-b11-1001/evidence/z05-zero-started-zl-rb/raw/watch/cp-b11-watch-led/copies/052528.993-ledger-542166a4c239.json
/var/tmp/cp-b11-1001/evidence/z05-zero-started-zl-rb/raw/watch/cp-b11-watch-led/copies/052529.236-ledger-a794e0e146ca.json
/var/tmp/cp-b11-1001/evidence/z05-zero-started-zl-rb/raw/watch/cp-b11-watch-led/copies/052529.573-ledger-95c866b0e30d.json
/var/tmp/cp-b11-1001/evidence/z05-zero-started-zl-rb/raw/watch/cp-b11-watch-led/copies/052529.948-ledger-f03e537a75fb.json
/var/tmp/cp-b11-1001/evidence/z05-zero-started-zl-rb/raw/watch/cp-b11-watch-led/copies/052530.264-ledger-ec970fd010b8.json
/var/tmp/cp-b11-1001/evidence/z05-zero-started-zl-rb/raw/watch/cp-b11-watch-led/copies/052530.480-ledger-af34da916765.json
/var/tmp/cp-b11-1001/evidence/z05-zero-started-zl-rb/raw/watch/cp-b11-watch-led/copies/052530.797-ledger-3291dc2433ea.json
/var/tmp/cp-b11-1001/evidence/z05-zero-started-zl-rb/raw/watch/cp-b11-watch-led/copies/052531.108-ledger-2b0ea6a501df.json
/var/tmp/cp-b11-1001/evidence/z05-zero-started-zl-rb/raw/watch/cp-b11-watch-led/copies/052531.470-ledger-e0ead0dcc6b5.json
/var/tmp/cp-b11-1001/evidence/z05-zero-started-zl-rb/raw/watch/cp-b11-watch-led/copies/052531.850-ledger-c68509fc1e5e.json
/var/tmp/cp-b11-1001/evidence/z05-zero-started-zl-rb/raw/watch/cp-b11-watch-led/copies/052532.296-ledger-c2885e685dac.json
/var/tmp/cp-b11-1001/evidence/z05-zero-started-zl-rb/raw/watch/cp-b11-watch-led/copies/052532.560-ledger-f7e00090e984.json
/var/tmp/cp-b11-1001/evidence/z05-zero-started-zl-rb/raw/watch/cp-b11-watch-led/copies/052532.816-ledger-34aeb29d87b7.json
/var/tmp/cp-b11-1001/evidence/z05-zero-started-zl-rb/raw/watch/cp-b11-watch-led/copies/052533.009-ledger-a84043a87661.json
/var/tmp/cp-b11-1001/evidence/z05-zero-started-zl-rb/raw/watch/cp-b11-watch-led/copies/052533.190-ledger-1929b225b5ed.json
/var/tmp/cp-b11-1001/evidence/z05-zero-started-zl-rb/raw/watch/cp-b11-watch-led/copies/052533.402-ledger-59471642b8d9.json
/var/tmp/cp-b11-1001/evidence/z05-zero-started-zl-rb/raw/watch/cp-b11-watch-led/copies/052533.666-ledger-3de8de54be84.json
/var/tmp/cp-b11-1001/evidence/z05-zero-started-zl-rb/raw/watch/cp-b11-watch-led/copies/052533.952-ledger-50104f1d0340.json
/var/tmp/cp-b11-1001/evidence/z05-zero-started-zl-rb/raw/watch/cp-b11-watch-led/copies/053146.020-ledger-e943385379a2.json
/var/tmp/cp-b11-1001/evidence/z05-zero-started-zl-rb/raw/watch/cp-b11-watch-led/copies/053146.199-ledger-548045b76c21.json
/var/tmp/cp-b11-1001/evidence/z05-zero-started-zl-rb/raw/watch/cp-b11-watch-led/copies/053146.365-ledger-37c19719d9ec.json
/var/tmp/cp-b11-1001/evidence/z05-zero-started-zl-rb/raw/watch/cp-b11-watch-led/copies/053146.549-ledger-75708fd8d913.json
/var/tmp/cp-b11-1001/evidence/z05-zero-started-zl-rb/raw/watch/cp-b11-watch-led/copies/053146.722-ledger-54595e1e5b10.json
/var/tmp/cp-b11-1001/evidence/z05-zero-started-zl-rb/raw/watch/cp-b11-watch-led/copies/053146.898-ledger-105b1b091b4d.json
/var/tmp/cp-b11-1001/evidence/z05-zero-started-zl-rb/raw/watch/cp-b11-watch-led/copies/053147.067-ledger-b2b15738d2cd.json
/var/tmp/cp-b11-1001/evidence/z05-zero-started-zl-rb/raw/watch/cp-b11-watch-led/copies/053147.249-ledger-d7498b301e40.json
/var/tmp/cp-b11-1001/evidence/z05-zero-started-zl-rb/raw/watch/cp-b11-watch-led/copies/053147.420-ledger-2751f1252f73.json
/var/tmp/cp-b11-1001/evidence/z05-zero-started-zl-rb/raw/watch/cp-b11-watch-led/copies/053147.588-ledger-c729f9e5afe7.json
/var/tmp/cp-b11-1001/evidence/z05-zero-started-zl-rb/raw/watch/cp-b11-watch-led/copies/053147.741-ledger-34f9c15cf494.json
/var/tmp/cp-b11-1001/evidence/z05-zero-started-zl-rb/raw/watch/cp-b11-watch-led/copies/053148.659-ledger-805223409130.json
/var/tmp/cp-b11-1001/evidence/z05-zero-started-zl-rb/raw/watch/cp-b11-watch-led/copies/053149.135-ledger-69358f3f1403.json
/var/tmp/cp-b11-1001/evidence/z05-zero-started-zl-rb/raw/watch/cp-b11-watch-led/copies/053149.324-ledger-bd8833d3ca97.json
/var/tmp/cp-b11-1001/evidence/z05-zero-started-zl-rb/raw/watch/cp-b11-watch-led/copies/053149.519-ledger-8e7889783583.json
/var/tmp/cp-b11-1001/evidence/z05-zero-started-zl-rb/raw/watch/cp-b11-watch-led/copies/053149.692-ledger-16e5e3892a4c.json
/var/tmp/cp-b11-1001/evidence/z05-zero-started-zl-rb/raw/watch/cp-b11-watch-led/copies/053149.877-ledger-8bb4d9501aa6.json
/var/tmp/cp-b11-1001/evidence/z05-zero-started-zl-rb/raw/watch/cp-b11-watch-led/copies/053150.039-ledger-ec628b83dc47.json
/var/tmp/cp-b11-1001/evidence/z05-zero-started-zl-rb/raw/watch/cp-b11-watch-led/copies/053150.209-ledger-4a52fbb98cb9.json
/var/tmp/cp-b11-1001/evidence/z05-zero-started-zl-rb/raw/watch/cp-b11-watch-led/copies/053150.369-ledger-152b14fc8eda.json
/var/tmp/cp-b11-1001/evidence/z05-zero-started-zl-rb/raw/watch/cp-b11-watch-led/copies/053150.544-ledger-32d9bc94367a.json
/var/tmp/cp-b11-1001/evidence/z05-zero-started-zl-rb/raw/watch/cp-b11-watch-led/copies/053150.719-ledger-987a0c1702de.json
/var/tmp/cp-b11-1001/evidence/z05-zero-started-zl-rb/raw/watch/cp-b11-watch-led/copies/053150.918-ledger-5982ba472c71.json
/var/tmp/cp-b11-1001/evidence/z05-zero-started-zl-rb/raw/watch/cp-b11-watch-led/copies/053151.157-ledger-406703d20b24.json
/var/tmp/cp-b11-1001/evidence/z05-zero-started-zl-rb/raw/watch/cp-b11-watch-led/copies/053151.335-ledger-e34bf37bed81.json
/var/tmp/cp-b11-1001/evidence/z05-zero-started-zl-rb/raw/watch/cp-b11-watch-led/copies/053151.511-ledger-ad88a0ea77f7.json
/var/tmp/cp-b11-1001/evidence/z05-zero-started-zl-rb/raw/watch/cp-b11-watch-led/copies/053151.687-ledger-603ab63f4eed.json
/var/tmp/cp-b11-1001/evidence/z05-zero-started-zl-rb/raw/watch/cp-b11-watch-led/copies/053151.872-ledger-afeadeedb54f.json
/var/tmp/cp-b11-1001/evidence/z05-zero-started-zl-rb/raw/watch/cp-b11-watch-led/copies/053152.043-ledger-ff3c0a68486f.json
/var/tmp/cp-b11-1001/evidence/z05-zero-started-zl-rb/raw/watch/cp-b11-watch-led/copies/053152.231-ledger-84fe83246461.json
/var/tmp/cp-b11-1001/evidence/z05-zero-started-zl-rb/raw/watch/cp-b11-watch-led/copies/053152.402-ledger-883cb0421b2f.json
/var/tmp/cp-b11-1001/evidence/z05-zero-started-zl-rb/raw/watch/cp-b11-watch-led/copies/053152.577-ledger-e66f486ad89c.json
/var/tmp/cp-b11-1001/evidence/z05-zero-started-zl-rb/raw/watch/cp-b11-watch-led/copies/053152.739-ledger-2ca52521f02d.json
/var/tmp/cp-b11-1001/evidence/z05-zero-started-zl-rb/raw/watch/cp-b11-watch-led/copies/053152.909-ledger-9d774442ff0a.json
/var/tmp/cp-b11-1001/evidence/z05-zero-started-zl-rb/raw/watch/cp-b11-watch-led/copies/053153.085-ledger-44a4a64a6bb4.json
/var/tmp/cp-b11-1001/evidence/z05-zero-started-zl-rb/raw/watch/cp-b11-watch-led/copies/053153.305-ledger-147c134453d2.json
/var/tmp/cp-b11-1001/evidence/z05-zero-started-zl-rb/raw/watch/cp-b11-watch-led/copies/053153.480-ledger-e503e2a57ff3.json
/var/tmp/cp-b11-1001/evidence/z05-zero-started-zl-rb/raw/watch/cp-b11-watch-led/copies/053153.676-ledger-a44b65bc7cce.json
/var/tmp/cp-b11-1001/evidence/z05-zero-started-zl-rb/raw/watch/cp-b11-watch-led/copies/053153.836-ledger-056eff674007.json
/var/tmp/cp-b11-1001/evidence/z05-zero-started-zl-rb/raw/watch/cp-b11-watch-led/copies/053154.030-ledger-736baa00df61.json
/var/tmp/cp-b11-1001/evidence/z05-zero-started-zl-rb/raw/watch/cp-b11-watch-led/copies/053154.199-ledger-585308a43edc.json
/var/tmp/cp-b11-1001/evidence/z05-zero-started-zl-rb/raw/watch/cp-b11-watch-led/copies/053154.394-ledger-6bc477eae694.json
/var/tmp/cp-b11-1001/evidence/z05-zero-started-zl-rb/raw/watch/cp-b11-watch-led/copies/053154.559-ledger-65984044e7f1.json
/var/tmp/cp-b11-1001/evidence/z05-zero-started-zl-rb/raw/watch/cp-b11-watch-led/copies/053154.728-ledger-d6cc5cf3c896.json
/var/tmp/cp-b11-1001/evidence/z05-zero-started-zl-rb/raw/watch/cp-b11-watch-led/copies/053154.882-ledger-c7b17be8be72.json
/var/tmp/cp-b11-1001/evidence/z05-zero-started-zl-rb/raw/watch/cp-b11-watch-led/copies/053155.052-ledger-7dd349fb9440.json
/var/tmp/cp-b11-1001/evidence/z05-zero-started-zl-rb/raw/watch/cp-b11-watch-led/copies/053155.207-ledger-3e0e04b67a29.json
/var/tmp/cp-b11-1001/evidence/z05-zero-started-zl-rb/raw/watch/cp-b11-watch-led/copies/053155.378-ledger-2d79c3c2b04a.json
/var/tmp/cp-b11-1001/evidence/z05-zero-started-zl-rb/raw/watch/cp-b11-watch-led/copies/053155.548-ledger-d5b1ab369d4f.json
/var/tmp/cp-b11-1001/evidence/z05-zero-started-zl-rb/raw/watch/cp-b11-watch-led/copies/053155.711-ledger-a554765162d2.json
/var/tmp/cp-b11-1001/evidence/z05-zero-started-zl-rb/raw/watch/cp-b11-watch-led/copies/053155.889-ledger-f1d1e75eee41.json
/var/tmp/cp-b11-1001/evidence/z05-zero-started-zl-rb/raw/watch/cp-b11-watch-led/copies/053156.124-ledger-74405b29e1ff.json
/var/tmp/cp-b11-1001/evidence/z05-zero-started-zl-rb/raw/watch/cp-b11-watch-led/copies/053156.363-ledger-4876fb914eaa.json
/var/tmp/cp-b11-1001/evidence/z05-zero-started-zl-rb/raw/watch/cp-b11-watch-led/copies/053156.540-ledger-1f0a2dc7f7f8.json
/var/tmp/cp-b11-1001/evidence/z05-zero-started-zl-rb/raw/watch/cp-b11-watch-led/copies/053156.775-ledger-7cb07072362f.json
/var/tmp/cp-b11-1001/evidence/z05-zero-started-zl-rb/raw/watch/cp-b11-watch-led/copies/053157.471-ledger-80292fbee0f0.json
/var/tmp/cp-b11-1001/evidence/z05-zero-started-zl-rb/raw/watch/cp-b11-watch-led/copies/053158.093-ledger-2f1d954a1f11.json
/var/tmp/cp-b11-1001/evidence/z05-zero-started-zl-rb/raw/watch/cp-b11-watch-led/copies/053158.257-ledger-df647b802158.json
/var/tmp/cp-b11-1001/evidence/z05-zero-started-zl-rb/raw/watch/cp-b11-watch-led/copies/053158.426-ledger-77d09feef0f8.json
/var/tmp/cp-b11-1001/evidence/z05-zero-started-zl-rb/raw/watch/cp-b11-watch-led/copies/053158.595-ledger-0f03bd5a0c97.json
/var/tmp/cp-b11-1001/evidence/z05-zero-started-zl-rb/raw/watch/cp-b11-watch-led/copies/053158.780-ledger-0eb15f012ef5.json
/var/tmp/cp-b11-1001/evidence/z05-zero-started-zl-rb/raw/watch/cp-b11-watch-led/copies/053158.943-ledger-30b89d21a056.json
/var/tmp/cp-b11-1001/evidence/z05-zero-started-zl-rb/raw/watch/cp-b11-watch-led/copies/053159.572-ledger-0ad5d0bc93cc.json
/var/tmp/cp-b11-1001/evidence/z05-zero-started-zl-rb/raw/watch/cp-b11-watch-led/copies/053159.795-ledger-94691fe5a751.json
/var/tmp/cp-b11-1001/evidence/z05-zero-started-zl-rb/raw/watch/cp-b11-watch-led/copies/053159.960-ledger-ab06f5ae0480.json
/var/tmp/cp-b11-1001/evidence/z05-zero-started-zl-rb/raw/watch/cp-b11-watch-led/copies/053200.171-ledger-6341b1544c9d.json
/var/tmp/cp-b11-1001/evidence/z05-zero-started-zl-rb/raw/watch/cp-b11-watch-led/copies/053200.343-ledger-f6d2789c54cc.json
/var/tmp/cp-b11-1001/evidence/z05-zero-started-zl-rb/raw/watch/cp-b11-watch-led/copies/053200.513-ledger-039f52ad6566.json
/var/tmp/cp-b11-1001/evidence/z05-zero-started-zl-rb/raw/watch/cp-b11-watch-led/copies/053200.676-ledger-b077a1834192.json
/var/tmp/cp-b11-1001/evidence/z05-zero-started-zl-rb/raw/watch/cp-b11-watch-led/copies/053200.836-ledger-56961eefd6c3.json
/var/tmp/cp-b11-1001/evidence/z05-zero-started-zl-rb/raw/watch/cp-b11-watch-led/copies/053201.011-ledger-848f3e92f2c5.json
/var/tmp/cp-b11-1001/evidence/z05-zero-started-zl-rb/raw/watch/cp-b11-watch-led/copies/053201.197-ledger-2b8394d63dd7.json
/var/tmp/cp-b11-1001/evidence/z05-zero-started-zl-rb/raw/watch/cp-b11-watch-led/copies/053201.393-ledger-991a9a105f4c.json
/var/tmp/cp-b11-1001/evidence/z05-zero-started-zl-rb/raw/watch/cp-b11-watch-led/copies/053201.886-ledger-20bd694020e0.json
/var/tmp/cp-b11-1001/evidence/z05-zero-started-zl-rb/raw/watch/cp-b11-watch-led/copies/053202.069-ledger-4bf1e43be78f.json
/var/tmp/cp-b11-1001/evidence/z05-zero-started-zl-rb/raw/watch/cp-b11-watch-led/copies/053202.236-ledger-88ed24a83ce0.json
/var/tmp/cp-b11-1001/evidence/z05-zero-started-zl-rb/raw/watch/cp-b11-watch-led/copies/053202.403-ledger-2b9503c6f281.json
/var/tmp/cp-b11-1001/evidence/z05-zero-started-zl-rb/raw/watch/cp-b11-watch-led/copies/053202.558-ledger-fd61753d93f0.json
/var/tmp/cp-b11-1001/evidence/z05-zero-started-zl-rb/raw/watch/cp-b11-watch-led/copies/053202.722-ledger-585816a8d438.json
/var/tmp/cp-b11-1001/evidence/z05-zero-started-zl-rb/raw/watch/cp-b11-watch-led/copies/053202.881-ledger-787069b26852.json
/var/tmp/cp-b11-1001/evidence/z05-zero-started-zl-rb/raw/watch/cp-b11-watch-led/timeline.log
/var/tmp/cp-b11-1001/evidence/z05-zero-started-zl-rb/raw/watch/cp-b11-watch/pdns-at-at-kill-proof.sqlite3
/var/tmp/cp-b11-1001/evidence/z05-zero-started-zl-rb/raw/watch/cp-b11-watch/pdns-at-at-kill-proof.sqlite3-wal
/var/tmp/cp-b11-1001/evidence/z05-zero-started-zl-rb/raw/watch/cp-b11-watch/snap-at-kill-proof.txt
/var/tmp/cp-b11-1001/evidence/z05-zero-started-zl-rb/raw/watch/cp-b11-watch/snap-start.txt
/var/tmp/cp-b11-1001/evidence/z05-zero-started-zl-rb/raw/watch/cp-b11-watch/timeline.log
/var/tmp/cp-b11-1001/evidence/z05-zero-started-zl-rb/resume-dryrun.log
/var/tmp/cp-b11-1001/evidence/z05-zero-started-zl-rb/resume.log
/var/tmp/cp-b11-1001/evidence/z05-zero-started-zl-rb/resume-pacing-gate.txt
/var/tmp/cp-b11-1001/evidence/z05-zero-started-zl-rb/run-prepared-dryrun-early.log
/var/tmp/cp-b11-1001/evidence/z05-zero-started-zl-rb/run-prepared-dryrun.log
/var/tmp/cp-b11-1001/evidence/z05-zero-started-zl-rb/run-prepared.log
/var/tmp/cp-b11-1001/evidence/z05-zero-started-zl-rb/run-prepared.rc
/var/tmp/cp-b11-1001/evidence/z05-zero-started-zl-rb/secondary-after-resume.txt
/var/tmp/cp-b11-1001/evidence/z05-zero-started-zl-rb/secondary-rndc-prerequisite-after-prepare.txt
/var/tmp/cp-b11-1001/evidence/z05-zero-started-zl-rb/secondary-rndc-prerequisite-after-resume.txt
/var/tmp/cp-b11-1001/evidence/z05-zero-started-zl-rb/secondary-rndc-prerequisite-before-enroll.txt
/var/tmp/cp-b11-1001/evidence/z05-zero-started-zl-rb/secondary-rndc-prerequisite-before-resume.txt
/var/tmp/cp-b11-1001/evidence/z05-zero-started-zl-rb/service-mutation-status-post-collect.json
/var/tmp/cp-b11-1001/evidence/z05-zero-started-zl-rb/smstatus.stderr
/var/tmp/cp-b11-1001/evidence/z05-zero-started-zl-rb/start.json
/var/tmp/cp-b11-1001/evidence/z05-zero-started-zl-rb/versions-post-collect-guest.txt
/var/tmp/cp-b11-1001/evidence/z05-zero-started-zl-rb/versions-post-collect-peer.txt
/var/tmp/cp-b11-1001/evidence/z05-zero-started-zl-rb/versions-pre-run-guest.txt
/var/tmp/cp-b11-1001/evidence/z05-zero-started-zl-rb/versions-pre-run-peer.txt
/var/tmp/cp-b11-1001/evidence/z05-zero-started-zl-rb/wait-ssh.json
/var/tmp/cp-b11-1001/evidence/z05-zero-started-zl-rb/work-root.txt
### collect done 2026-09-30T05:37:51.994809269Z
