08:40:50.001022802 start boot_id=308808b7-c63c-4dcf-bd8c-463ed3c870e3
08:40:50.040192658 CHANGE ledger none -> 177f61d12ed0 agent=0/inactive/ :: 
08:40:52.458417249 CHANGE ledger 177f61d12ed0 -> 56a2af0a180b agent=0/inactive/ :: 
08:40:52.598630280 CHANGE ledger 56a2af0a180b -> ff246833d7ed agent=0/inactive/ :: 
08:40:52.741543901 CHANGE ledger ff246833d7ed -> 8c16cd31d0a7 agent=0/inactive/ :: 
08:40:52.898432166 CHANGE ledger 8c16cd31d0a7 -> d493e2ea7ea2 agent=0/inactive/ :: 
08:40:53.037759975 CHANGE ledger d493e2ea7ea2 -> c5e62cdf67ad agent=0/inactive/ :: 
08:40:56.282405049 CHANGE ledger c5e62cdf67ad -> c8aa2fc2299b agent=0/inactive/ :: 
08:40:56.440532459 CHANGE ledger c8aa2fc2299b -> fb78931ffcab agent=0/inactive/ :: 
08:40:56.727097777 CHANGE ledger fb78931ffcab -> 749860d02ee7 agent=0/inactive/ :: 
08:40:56.875135817 CHANGE ledger 749860d02ee7 -> 0ac60ba03c19 agent=0/inactive/ :: 
08:40:57.015698010 CHANGE ledger 0ac60ba03c19 -> 1feabfde1094 agent=0/inactive/ :: 
08:40:57.491277761 CHANGE ledger 1feabfde1094 -> dde580b20eea agent=0/inactive/ :: 
08:41:01.736139891 CHANGE ledger dde580b20eea -> c183442931d9 agent=0/inactive/ :: 
08:41:02.022790576 CHANGE ledger c183442931d9 -> c81546fee410 agent=0/inactive/ :: 
08:41:02.294582289 CHANGE ledger c81546fee410 -> 97e826b61efe agent=0/inactive/ :: 
08:41:02.436358590 CHANGE ledger 97e826b61efe -> 52d62003359f agent=0/inactive/ :: 
08:41:02.583499335 CHANGE ledger 52d62003359f -> ebc2d024faa9 agent=0/inactive/ :: 
08:41:02.723902391 CHANGE ledger ebc2d024faa9 -> 28ef308e3973 agent=0/inactive/ :: 
08:41:02.862487263 CHANGE ledger 28ef308e3973 -> 124bf5ce1c36 agent=0/inactive/ :: 
08:41:03.000384321 CHANGE ledger 124bf5ce1c36 -> c34472c84a76 agent=0/inactive/ :: 
08:41:03.568089104 CHANGE ledger c34472c84a76 -> 7d81a3479aa9 agent=0/inactive/ :: 
08:41:03.712333984 CHANGE ledger 7d81a3479aa9 -> e8cdde3dd284 agent=0/inactive/ :: 
08:41:03.852607733 CHANGE ledger e8cdde3dd284 -> 286dcc519ff1 agent=0/inactive/ :: 
08:41:03.998284009 CHANGE ledger 286dcc519ff1 -> 932259273ed4 agent=0/inactive/ :: 
08:41:04.148815795 CHANGE ledger 932259273ed4 -> 702d727b8435 agent=0/inactive/ :: 
08:41:04.484219919 CHANGE ledger 702d727b8435 -> 5182313e95a8 agent=0/inactive/ :: 
08:41:04.755095544 CHANGE ledger 5182313e95a8 -> ccf164707730 agent=0/inactive/ :: 
08:41:05.070951214 CHANGE ledger ccf164707730 -> 0737e4a0a8d9 agent=0/inactive/ :: 
08:41:05.220289289 CHANGE ledger 0737e4a0a8d9 -> e41b300397e5 agent=0/inactive/ :: 
08:41:05.384990851 CHANGE ledger e41b300397e5 -> 0f5409652a77 agent=0/inactive/ :: 
08:41:05.530477540 CHANGE ledger 0f5409652a77 -> ada600c150e3 agent=0/inactive/ :: 
08:41:05.770105416 CHANGE ledger ada600c150e3 -> a721f3ab9643 agent=0/inactive/ :: 
08:41:06.003791545 CHANGE ledger a721f3ab9643 -> 05b487414d7e agent=0/inactive/ :: 
08:41:06.147287168 CHANGE ledger 05b487414d7e -> cd560696bd60 agent=0/inactive/ :: 
08:41:06.306190013 CHANGE ledger cd560696bd60 -> 059a5b3f8cb5 agent=0/inactive/ :: 
08:41:06.456784395 CHANGE ledger 059a5b3f8cb5 -> 496ac70b4f4b agent=0/inactive/ :: 
08:41:06.614249244 CHANGE ledger 496ac70b4f4b -> 253ac29a8bba agent=0/inactive/ :: 
08:41:06.769138501 CHANGE ledger 253ac29a8bba -> f25303075d1e agent=0/inactive/ :: 
08:41:06.947440500 CHANGE ledger f25303075d1e -> b71ee45402c2 agent=0/inactive/ :: 
08:41:07.091561163 CHANGE ledger b71ee45402c2 -> 94eee1fff693 agent=0/inactive/ :: 
08:41:07.249730016 CHANGE ledger 94eee1fff693 -> 8ce386e807e5 agent=0/inactive/ :: 
08:41:07.400127047 CHANGE ledger 8ce386e807e5 -> 41ba4083b964 agent=0/inactive/ :: 
08:41:07.555141452 CHANGE ledger 41ba4083b964 -> 1416688d734c agent=0/inactive/ :: 
08:41:07.707043823 CHANGE ledger 1416688d734c -> c1a63b224d12 agent=0/inactive/ :: 
08:41:07.855785688 CHANGE ledger c1a63b224d12 -> 52f327219a63 agent=0/inactive/ :: 
08:41:08.010268315 CHANGE ledger 52f327219a63 -> 6a5b83369dd9 agent=0/inactive/ :: 
08:41:08.171902696 CHANGE ledger 6a5b83369dd9 -> 179829e2234b agent=0/inactive/ :: 
08:41:08.351633409 CHANGE ledger 179829e2234b -> 247c5c50e3c9 agent=0/inactive/ :: 
08:41:08.522794512 CHANGE ledger 247c5c50e3c9 -> a9299861b3a4 agent=0/inactive/ :: 
08:41:11.948042495 CHANGE ledger a9299861b3a4 -> 3bf6d64e9b98 agent=6423/active/ :: 
08:41:44.944246840 CHANGE ledger 3bf6d64e9b98 -> 027c9a2e08bf agent=6423/active/ :: fa261f29 running leased att=1 lease=2026-09-30T08:42:04.90383405Z code= upd=2026-09-30T08:41:44.90383405Z
08:41:45.105548477 CHANGE ledger 027c9a2e08bf -> a52eb75f6f25 agent=6423/active/ :: fa261f29 running leased att=1 lease=2026-09-30T08:42:05.057864349Z code= upd=2026-09-30T08:41:45.057864349Z
08:41:45.257622685 CHANGE ledger a52eb75f6f25 -> fd6fc245a34c agent=6423/active/ :: fa261f29 running leased att=1 lease=2026-09-30T08:42:05.206561392Z code= upd=2026-09-30T08:41:45.206561392Z
08:41:45.401001924 CHANGE ledger fd6fc245a34c -> eb809090859c agent=6423/active/ :: fa261f29 running leased att=1 lease=2026-09-30T08:42:05.369399668Z code= upd=2026-09-30T08:41:45.369399668Z
08:41:45.543871742 CHANGE ledger eb809090859c -> 49aa70395912 agent=6423/active/ :: fa261f29 running leased att=1 lease=2026-09-30T08:42:05.504865789Z code= upd=2026-09-30T08:41:45.504865789Z
08:41:45.694499072 CHANGE ledger 49aa70395912 -> 51f2d809de3c agent=6423/active/ :: fa261f29 running leased att=1 lease=2026-09-30T08:42:05.648863622Z code= upd=2026-09-30T08:41:45.648863622Z
08:41:45.849840139 CHANGE ledger 51f2d809de3c -> c3005f805580 agent=6423/active/ :: fa261f29 running leased att=1 lease=2026-09-30T08:42:05.793309358Z code= upd=2026-09-30T08:41:45.793309358Z
08:41:46.003972831 CHANGE ledger c3005f805580 -> 82f2665545e0 agent=6423/active/ :: fa261f29 running leased att=1 lease=2026-09-30T08:42:05.95740908Z code= upd=2026-09-30T08:41:45.95740908Z
08:41:46.166734805 CHANGE ledger 82f2665545e0 -> 02eee14d77f8 agent=6423/active/ :: fa261f29 running leased att=1 lease=2026-09-30T08:42:06.104592452Z code= upd=2026-09-30T08:41:46.104592452Z
08:41:46.321409572 CHANGE ledger 02eee14d77f8 -> 8c66f63c3b24 agent=6423/active/ :: fa261f29 running leased att=1 lease=2026-09-30T08:42:06.268612321Z code= upd=2026-09-30T08:41:46.268612321Z
08:41:46.470118735 CHANGE ledger 8c66f63c3b24 -> 60c20aa2a02c agent=6423/active/ :: fa261f29 running leased att=1 lease=2026-09-30T08:42:06.417890656Z code= upd=2026-09-30T08:41:46.417890656Z
08:41:46.616975891 CHANGE ledger 60c20aa2a02c -> 167e135ccac2 agent=6423/active/ :: fa261f29 running leased att=1 lease=2026-09-30T08:42:06.557160606Z code= upd=2026-09-30T08:41:46.557160606Z
08:41:46.764890214 CHANGE ledger 167e135ccac2 -> 20ad71b15f24 agent=6423/active/ :: fa261f29 running applied att=1 lease=2026-09-30T08:42:06.728216224Z code= upd=2026-09-30T08:41:46.728216224Z
08:41:46.907976993 CHANGE ledger 20ad71b15f24 -> c18a3db9cb30 agent=6423/active/ :: fa261f29 running applied att=1 lease=2026-09-30T08:42:06.86110728Z code= upd=2026-09-30T08:41:46.86110728Z
08:41:47.049230290 CHANGE ledger c18a3db9cb30 -> 39773fd98d9e agent=6423/active/ :: fa261f29 running applied att=1 lease=2026-09-30T08:42:07.003790083Z code= upd=2026-09-30T08:41:47.003790083Z
08:41:47.201923312 CHANGE ledger 39773fd98d9e -> 5d6670d11d58 agent=6423/active/ :: fa261f29 running applied att=1 lease=2026-09-30T08:42:07.165944398Z code= upd=2026-09-30T08:41:47.165944398Z
08:41:47.360300990 CHANGE ledger 5d6670d11d58 -> 72dbd843f04c agent=6423/active/ :: fa261f29 running applied att=1 lease=2026-09-30T08:42:07.311020313Z code= upd=2026-09-30T08:41:47.311020313Z
08:41:47.517977476 CHANGE ledger 72dbd843f04c -> ab93043bdc82 agent=6423/active/ :: fa261f29 running applied att=1 lease=2026-09-30T08:42:07.470254484Z code= upd=2026-09-30T08:41:47.470254484Z
08:41:47.669631870 CHANGE ledger ab93043bdc82 -> 509475af9de9 agent=6423/active/ :: fa261f29 running applied att=1 lease=2026-09-30T08:42:07.62038942Z code= upd=2026-09-30T08:41:47.62038942Z
08:41:47.812776148 CHANGE ledger 509475af9de9 -> 0dfdb7c1f276 agent=6423/active/ :: fa261f29 running applied att=1 lease=2026-09-30T08:42:07.767656209Z code= upd=2026-09-30T08:41:47.767656209Z
08:41:47.954928192 CHANGE ledger 0dfdb7c1f276 -> 402c626f66b7 agent=6423/active/ :: fa261f29 running applied att=1 lease=2026-09-30T08:42:07.911897929Z code= upd=2026-09-30T08:41:47.911897929Z
08:41:48.098520991 CHANGE ledger 402c626f66b7 -> 95e2ad0a3066 agent=6423/active/ :: fa261f29 running applied att=1 lease=2026-09-30T08:42:08.062108418Z code= upd=2026-09-30T08:41:48.062108418Z
08:41:48.243377662 CHANGE ledger 95e2ad0a3066 -> 257d19509eef agent=6423/active/ :: fa261f29 running applied att=1 lease=2026-09-30T08:42:08.208893068Z code= upd=2026-09-30T08:41:48.208893068Z
08:41:48.387609056 CHANGE ledger 257d19509eef -> 84e834a62519 agent=6423/active/ :: fa261f29 running applied att=1 lease=2026-09-30T08:42:08.351098107Z code= upd=2026-09-30T08:41:48.351098107Z
08:41:48.528870414 CHANGE ledger 84e834a62519 -> d5f747c72300 agent=6423/active/ :: fa261f29 running applied att=1 lease=2026-09-30T08:42:08.454286312Z code= upd=2026-09-30T08:41:48.454286312Z
08:41:48.778710875 CHANGE ledger d5f747c72300 -> a9a199ed5ae8 agent=6423/active/ :: fa261f29 succeeded published att=1 lease=0001-01-01T00:00:00Z code= upd=2026-09-30T08:41:48.730583018Z
08:41:54.669520766 CHANGE ledger a9a199ed5ae8 -> 9843d1d0a80d agent=6423/active/ :: fa261f29 succeeded published att=1 lease=0001-01-01T00:00:00Z code= upd=2026-09-30T08:41:48.730583018Z | d8f6f5bc running leased att=1 lease=2026-09-30T08:42:14.629198349Z code= upd=2026-09-30T08:41:54.629198349Z
08:41:54.820245813 CHANGE ledger 9843d1d0a80d -> b2d82d39a572 agent=6423/active/ :: fa261f29 succeeded published att=1 lease=0001-01-01T00:00:00Z code= upd=2026-09-30T08:41:48.730583018Z | d8f6f5bc running leased att=1 lease=2026-09-30T08:42:14.774509565Z code= upd=2026-09-30T08:41:54.774509565Z
08:41:54.961811582 CHANGE ledger b2d82d39a572 -> c5719ab3d14f agent=6423/active/ :: fa261f29 succeeded published att=1 lease=0001-01-01T00:00:00Z code= upd=2026-09-30T08:41:48.730583018Z | d8f6f5bc running leased att=1 lease=2026-09-30T08:42:14.923719383Z code= upd=2026-09-30T08:41:54.923719383Z
08:41:55.106593862 CHANGE ledger c5719ab3d14f -> 09d2b0c77037 agent=6423/active/ :: fa261f29 succeeded published att=1 lease=0001-01-01T00:00:00Z code= upd=2026-09-30T08:41:48.730583018Z | d8f6f5bc running leased att=1 lease=2026-09-30T08:42:15.063787615Z code= upd=2026-09-30T08:41:55.063787615Z
08:41:55.249854088 CHANGE ledger 09d2b0c77037 -> 8f02e2284087 agent=6423/active/ :: fa261f29 succeeded published att=1 lease=0001-01-01T00:00:00Z code= upd=2026-09-30T08:41:48.730583018Z | d8f6f5bc running leased att=1 lease=2026-09-30T08:42:15.211477674Z code= upd=2026-09-30T08:41:55.211477674Z
08:41:55.388985745 CHANGE ledger 8f02e2284087 -> 1a790468d50d agent=6423/active/ :: fa261f29 succeeded published att=1 lease=0001-01-01T00:00:00Z code= upd=2026-09-30T08:41:48.730583018Z | d8f6f5bc running leased att=1 lease=2026-09-30T08:42:15.352066122Z code= upd=2026-09-30T08:41:55.352066122Z
08:41:55.530956212 CHANGE ledger 1a790468d50d -> 0123fe8f1b27 agent=6423/active/ :: fa261f29 succeeded published att=1 lease=0001-01-01T00:00:00Z code= upd=2026-09-30T08:41:48.730583018Z | d8f6f5bc running leased att=1 lease=2026-09-30T08:42:15.492331164Z code= upd=2026-09-30T08:41:55.492331164Z
08:41:55.676278182 CHANGE ledger 0123fe8f1b27 -> e553384a6348 agent=6423/active/ :: fa261f29 succeeded published att=1 lease=0001-01-01T00:00:00Z code= upd=2026-09-30T08:41:48.730583018Z | d8f6f5bc running leased att=1 lease=2026-09-30T08:42:15.638301835Z code= upd=2026-09-30T08:41:55.638301835Z
08:41:55.820015323 CHANGE ledger e553384a6348 -> 01c4c4bb7e28 agent=6423/active/ :: fa261f29 succeeded published att=1 lease=0001-01-01T00:00:00Z code= upd=2026-09-30T08:41:48.730583018Z | d8f6f5bc running leased att=1 lease=2026-09-30T08:42:15.774535096Z code= upd=2026-09-30T08:41:55.774535096Z
08:41:55.963758029 CHANGE ledger 01c4c4bb7e28 -> 0131e8fa21d7 agent=6423/active/ :: fa261f29 succeeded published att=1 lease=0001-01-01T00:00:00Z code= upd=2026-09-30T08:41:48.730583018Z | d8f6f5bc running leased att=1 lease=2026-09-30T08:42:15.919147673Z code= upd=2026-09-30T08:41:55.919147673Z
08:41:56.108142425 CHANGE ledger 0131e8fa21d7 -> 9d0f4d874b14 agent=6423/active/ :: fa261f29 succeeded published att=1 lease=0001-01-01T00:00:00Z code= upd=2026-09-30T08:41:48.730583018Z | d8f6f5bc running leased att=1 lease=2026-09-30T08:42:16.057965945Z code= upd=2026-09-30T08:41:56.057965945Z
08:41:56.247390344 CHANGE ledger 9d0f4d874b14 -> 3f0d03de1dbf agent=6423/active/ :: fa261f29 succeeded published att=1 lease=0001-01-01T00:00:00Z code= upd=2026-09-30T08:41:48.730583018Z | d8f6f5bc running leased att=1 lease=2026-09-30T08:42:16.194181826Z code= upd=2026-09-30T08:41:56.194181826Z
08:41:56.393905403 CHANGE ledger 3f0d03de1dbf -> d31e8f021e46 agent=6423/active/ :: fa261f29 succeeded published att=1 lease=0001-01-01T00:00:00Z code= upd=2026-09-30T08:41:48.730583018Z | d8f6f5bc running applied att=1 lease=2026-09-30T08:42:16.353152587Z code= upd=2026-09-30T08:41:56.353152587Z
08:41:56.539416786 CHANGE ledger d31e8f021e46 -> 306f02c5cf6d agent=6423/active/ :: fa261f29 succeeded published att=1 lease=0001-01-01T00:00:00Z code= upd=2026-09-30T08:41:48.730583018Z | d8f6f5bc running applied att=1 lease=2026-09-30T08:42:16.487393931Z code= upd=2026-09-30T08:41:56.487393931Z
08:41:56.681105692 CHANGE ledger 306f02c5cf6d -> 041fa3906cc2 agent=6423/active/ :: fa261f29 succeeded published att=1 lease=0001-01-01T00:00:00Z code= upd=2026-09-30T08:41:48.730583018Z | d8f6f5bc running applied att=1 lease=2026-09-30T08:42:16.633029973Z code= upd=2026-09-30T08:41:56.633029973Z
08:41:56.827393285 CHANGE ledger 041fa3906cc2 -> 4404e2dc5f39 agent=6423/active/ :: fa261f29 succeeded published att=1 lease=0001-01-01T00:00:00Z code= upd=2026-09-30T08:41:48.730583018Z | d8f6f5bc running applied att=1 lease=2026-09-30T08:42:16.781896148Z code= upd=2026-09-30T08:41:56.781896148Z
08:41:56.973940525 CHANGE ledger 4404e2dc5f39 -> fc397a8a2f8f agent=6423/active/ :: fa261f29 succeeded published att=1 lease=0001-01-01T00:00:00Z code= upd=2026-09-30T08:41:48.730583018Z | d8f6f5bc running applied att=1 lease=2026-09-30T08:42:16.927784463Z code= upd=2026-09-30T08:41:56.927784463Z
08:41:57.126641065 CHANGE ledger fc397a8a2f8f -> e72eeb955f75 agent=6423/active/ :: fa261f29 succeeded published att=1 lease=0001-01-01T00:00:00Z code= upd=2026-09-30T08:41:48.730583018Z | d8f6f5bc running applied att=1 lease=2026-09-30T08:42:17.092966148Z code= upd=2026-09-30T08:41:57.092966148Z
08:41:57.269614356 CHANGE ledger e72eeb955f75 -> 0b69180ed56a agent=6423/active/ :: fa261f29 succeeded published att=1 lease=0001-01-01T00:00:00Z code= upd=2026-09-30T08:41:48.730583018Z | d8f6f5bc running applied att=1 lease=2026-09-30T08:42:17.238665787Z code= upd=2026-09-30T08:41:57.238665787Z
08:41:57.410322904 CHANGE ledger 0b69180ed56a -> 19f08c8136c4 agent=6423/active/ :: fa261f29 succeeded published att=1 lease=0001-01-01T00:00:00Z code= upd=2026-09-30T08:41:48.730583018Z | d8f6f5bc running applied att=1 lease=2026-09-30T08:42:17.375295852Z code= upd=2026-09-30T08:41:57.375295852Z
08:41:57.559318125 CHANGE ledger 19f08c8136c4 -> bddeb5589aec agent=6423/active/ :: fa261f29 succeeded published att=1 lease=0001-01-01T00:00:00Z code= upd=2026-09-30T08:41:48.730583018Z | d8f6f5bc running applied att=1 lease=2026-09-30T08:42:17.515925907Z code= upd=2026-09-30T08:41:57.515925907Z
08:41:57.699675804 CHANGE ledger bddeb5589aec -> f1a1c2d55aa8 agent=6423/active/ :: fa261f29 succeeded published att=1 lease=0001-01-01T00:00:00Z code= upd=2026-09-30T08:41:48.730583018Z | d8f6f5bc running applied att=1 lease=2026-09-30T08:42:17.666057137Z code= upd=2026-09-30T08:41:57.666057137Z
08:41:57.840184827 CHANGE ledger f1a1c2d55aa8 -> f053a9d9bdbc agent=6423/active/ :: fa261f29 succeeded published att=1 lease=0001-01-01T00:00:00Z code= upd=2026-09-30T08:41:48.730583018Z | d8f6f5bc running applied att=1 lease=2026-09-30T08:42:17.679070762Z code= upd=2026-09-30T08:41:57.679070762Z
08:41:57.978882020 CHANGE ledger f053a9d9bdbc -> 9e8735293d95 agent=6423/active/ :: fa261f29 succeeded published att=1 lease=0001-01-01T00:00:00Z code= upd=2026-09-30T08:41:48.730583018Z | d8f6f5bc succeeded published att=1 lease=0001-01-01T00:00:00Z code= upd=2026-09-30T08:41:57.844831369Z
08:42:01.431959006 CHANGE ledger 9e8735293d95 -> 90a94dfae0a2 agent=6423/active/ :: fa261f29 succeeded published att=1 lease=0001-01-01T00:00:00Z code= upd=2026-09-30T08:41:48.730583018Z | d8f6f5bc succeeded published att=1 lease=0001-01-01T00:00:00Z code= upd=2026-09-30T08:41:57.844831369Z | 7fb6a0df running leased att=1 lease=2026-09-30T08:42:21.39050411Z code= upd=2026-09-30T08:42:01.39050411Z
08:42:01.578726874 CHANGE ledger 90a94dfae0a2 -> f7e67800924f agent=6423/active/ :: fa261f29 succeeded published att=1 lease=0001-01-01T00:00:00Z code= upd=2026-09-30T08:41:48.730583018Z | d8f6f5bc succeeded published att=1 lease=0001-01-01T00:00:00Z code= upd=2026-09-30T08:41:57.844831369Z | 7fb6a0df running leased att=1 lease=2026-09-30T08:42:21.547807946Z code= upd=2026-09-30T08:42:01.547807946Z
08:42:01.726389717 CHANGE ledger f7e67800924f -> ba78ae8f441a agent=6423/active/ :: fa261f29 succeeded published att=1 lease=0001-01-01T00:00:00Z code= upd=2026-09-30T08:41:48.730583018Z | d8f6f5bc succeeded published att=1 lease=0001-01-01T00:00:00Z code= upd=2026-09-30T08:41:57.844831369Z | 7fb6a0df running leased att=1 lease=2026-09-30T08:42:21.692546686Z code= upd=2026-09-30T08:42:01.692546686Z
08:42:01.870557917 CHANGE ledger ba78ae8f441a -> eca805b52d97 agent=6423/active/ :: fa261f29 succeeded published att=1 lease=0001-01-01T00:00:00Z code= upd=2026-09-30T08:41:48.730583018Z | d8f6f5bc succeeded published att=1 lease=0001-01-01T00:00:00Z code= upd=2026-09-30T08:41:57.844831369Z | 7fb6a0df running leased att=1 lease=2026-09-30T08:42:21.838522685Z code= upd=2026-09-30T08:42:01.838522685Z
08:42:02.011638089 CHANGE ledger eca805b52d97 -> d43f8d5f2079 agent=6423/active/ :: fa261f29 succeeded published att=1 lease=0001-01-01T00:00:00Z code= upd=2026-09-30T08:41:48.730583018Z | d8f6f5bc succeeded published att=1 lease=0001-01-01T00:00:00Z code= upd=2026-09-30T08:41:57.844831369Z | 7fb6a0df running leased att=1 lease=2026-09-30T08:42:21.971039098Z code= upd=2026-09-30T08:42:01.971039098Z
08:42:02.161395057 CHANGE ledger d43f8d5f2079 -> 24187a6be6a2 agent=6423/active/ :: fa261f29 succeeded published att=1 lease=0001-01-01T00:00:00Z code= upd=2026-09-30T08:41:48.730583018Z | d8f6f5bc succeeded published att=1 lease=0001-01-01T00:00:00Z code= upd=2026-09-30T08:41:57.844831369Z | 7fb6a0df running leased att=1 lease=2026-09-30T08:42:22.121608939Z code= upd=2026-09-30T08:42:02.121608939Z
08:42:02.316313996 CHANGE ledger 24187a6be6a2 -> 7efe44c29409 agent=6423/active/ :: fa261f29 succeeded published att=1 lease=0001-01-01T00:00:00Z code= upd=2026-09-30T08:41:48.730583018Z | d8f6f5bc succeeded published att=1 lease=0001-01-01T00:00:00Z code= upd=2026-09-30T08:41:57.844831369Z | 7fb6a0df running leased att=1 lease=2026-09-30T08:42:22.273298015Z code= upd=2026-09-30T08:42:02.273298015Z
08:42:02.471832987 CHANGE ledger 7efe44c29409 -> 96d09b24d12f agent=6423/active/ :: fa261f29 succeeded published att=1 lease=0001-01-01T00:00:00Z code= upd=2026-09-30T08:41:48.730583018Z | d8f6f5bc succeeded published att=1 lease=0001-01-01T00:00:00Z code= upd=2026-09-30T08:41:57.844831369Z | 7fb6a0df running leased att=1 lease=2026-09-30T08:42:22.422320913Z code= upd=2026-09-30T08:42:02.422320913Z
08:42:02.618698245 CHANGE ledger 96d09b24d12f -> 971dc53d9224 agent=6423/active/ :: fa261f29 succeeded published att=1 lease=0001-01-01T00:00:00Z code= upd=2026-09-30T08:41:48.730583018Z | d8f6f5bc succeeded published att=1 lease=0001-01-01T00:00:00Z code= upd=2026-09-30T08:41:57.844831369Z | 7fb6a0df running leased att=1 lease=2026-09-30T08:42:22.582495095Z code= upd=2026-09-30T08:42:02.582495095Z
08:42:02.767304875 CHANGE ledger 971dc53d9224 -> 68826949148d agent=6423/active/ :: fa261f29 succeeded published att=1 lease=0001-01-01T00:00:00Z code= upd=2026-09-30T08:41:48.730583018Z | d8f6f5bc succeeded published att=1 lease=0001-01-01T00:00:00Z code= upd=2026-09-30T08:41:57.844831369Z | 7fb6a0df running applied att=1 lease=2026-09-30T08:42:22.713464653Z code= upd=2026-09-30T08:42:02.713464653Z
08:42:02.908733674 CHANGE ledger 68826949148d -> 387fe1a546ae agent=6423/active/ :: fa261f29 succeeded published att=1 lease=0001-01-01T00:00:00Z code= upd=2026-09-30T08:41:48.730583018Z | d8f6f5bc succeeded published att=1 lease=0001-01-01T00:00:00Z code= upd=2026-09-30T08:41:57.844831369Z | 7fb6a0df running applied att=1 lease=2026-09-30T08:42:22.863393479Z code= upd=2026-09-30T08:42:02.863393479Z
08:42:03.055926990 CHANGE ledger 387fe1a546ae -> 3fcb8a058ed0 agent=6423/active/ :: fa261f29 succeeded published att=1 lease=0001-01-01T00:00:00Z code= upd=2026-09-30T08:41:48.730583018Z | d8f6f5bc succeeded published att=1 lease=0001-01-01T00:00:00Z code= upd=2026-09-30T08:41:57.844831369Z | 7fb6a0df running applied att=1 lease=2026-09-30T08:42:23.011821846Z code= upd=2026-09-30T08:42:03.011821846Z
08:42:03.201899196 CHANGE ledger 3fcb8a058ed0 -> 4c6838d5cc31 agent=6423/active/ :: fa261f29 succeeded published att=1 lease=0001-01-01T00:00:00Z code= upd=2026-09-30T08:41:48.730583018Z | d8f6f5bc succeeded published att=1 lease=0001-01-01T00:00:00Z code= upd=2026-09-30T08:41:57.844831369Z | 7fb6a0df running applied att=1 lease=2026-09-30T08:42:23.157019371Z code= upd=2026-09-30T08:42:03.157019371Z
08:42:03.347777087 CHANGE ledger 4c6838d5cc31 -> ebe5fa512e96 agent=6423/active/ :: fa261f29 succeeded published att=1 lease=0001-01-01T00:00:00Z code= upd=2026-09-30T08:41:48.730583018Z | d8f6f5bc succeeded published att=1 lease=0001-01-01T00:00:00Z code= upd=2026-09-30T08:41:57.844831369Z | 7fb6a0df running applied att=1 lease=2026-09-30T08:42:23.309902577Z code= upd=2026-09-30T08:42:03.309902577Z
08:42:03.514674595 CHANGE ledger ebe5fa512e96 -> 6b0c1433ac01 agent=6423/active/ :: fa261f29 succeeded published att=1 lease=0001-01-01T00:00:00Z code= upd=2026-09-30T08:41:48.730583018Z | d8f6f5bc succeeded published att=1 lease=0001-01-01T00:00:00Z code= upd=2026-09-30T08:41:57.844831369Z | 7fb6a0df running applied att=1 lease=2026-09-30T08:42:23.444963286Z code= upd=2026-09-30T08:42:03.444963286Z
08:42:03.662382749 CHANGE ledger 6b0c1433ac01 -> 3ff1ca8a82e5 agent=6423/active/ :: fa261f29 succeeded published att=1 lease=0001-01-01T00:00:00Z code= upd=2026-09-30T08:41:48.730583018Z | d8f6f5bc succeeded published att=1 lease=0001-01-01T00:00:00Z code= upd=2026-09-30T08:41:57.844831369Z | 7fb6a0df running applied att=1 lease=2026-09-30T08:42:23.619632605Z code= upd=2026-09-30T08:42:03.619632605Z
08:42:03.812644810 CHANGE ledger 3ff1ca8a82e5 -> edf6622fce4d agent=6423/active/ :: fa261f29 succeeded published att=1 lease=0001-01-01T00:00:00Z code= upd=2026-09-30T08:41:48.730583018Z | d8f6f5bc succeeded published att=1 lease=0001-01-01T00:00:00Z code= upd=2026-09-30T08:41:57.844831369Z | 7fb6a0df running applied att=1 lease=2026-09-30T08:42:23.769044635Z code= upd=2026-09-30T08:42:03.769044635Z
08:42:03.956386546 CHANGE ledger edf6622fce4d -> 3361b660b1bf agent=6423/active/ :: fa261f29 succeeded published att=1 lease=0001-01-01T00:00:00Z code= upd=2026-09-30T08:41:48.730583018Z | d8f6f5bc succeeded published att=1 lease=0001-01-01T00:00:00Z code= upd=2026-09-30T08:41:57.844831369Z | 7fb6a0df running applied att=1 lease=2026-09-30T08:42:23.91383853Z code= upd=2026-09-30T08:42:03.91383853Z
08:42:04.412294857 CHANGE ledger 3361b660b1bf -> 07987788993d agent=6423/active/ :: fa261f29 succeeded published att=1 lease=0001-01-01T00:00:00Z code= upd=2026-09-30T08:41:48.730583018Z | d8f6f5bc succeeded published att=1 lease=0001-01-01T00:00:00Z code= upd=2026-09-30T08:41:57.844831369Z | 7fb6a0df pending propagation-pending att=1 lease=0001-01-01T00:00:00Z code=dns_peer_enrollment_required upd=2026-09-30T08:42:04.338555808Z
08:42:37.867463844 CHANGE ledger 07987788993d -> a97068fa1a71 agent=6423/active/ :: fa261f29 succeeded published att=1 lease=0001-01-01T00:00:00Z code= upd=2026-09-30T08:41:48.730583018Z | d8f6f5bc succeeded published att=1 lease=0001-01-01T00:00:00Z code= upd=2026-09-30T08:41:57.844831369Z | 7fb6a0df running recovering att=2 lease=2026-09-30T08:42:57.819404317Z code=dns_peer_enrollment_required upd=2026-09-30T08:42:37.819404317Z
08:42:38.017503486 CHANGE ledger a97068fa1a71 -> 1ed54e6f56ac agent=6423/active/ :: fa261f29 succeeded published att=1 lease=0001-01-01T00:00:00Z code= upd=2026-09-30T08:41:48.730583018Z | d8f6f5bc succeeded published att=1 lease=0001-01-01T00:00:00Z code= upd=2026-09-30T08:41:57.844831369Z | 7fb6a0df running recovering att=2 lease=2026-09-30T08:42:57.967128457Z code=dns_peer_enrollment_required upd=2026-09-30T08:42:37.967128457Z
08:42:38.159894733 CHANGE ledger 1ed54e6f56ac -> 74e9abcd0751 agent=6423/active/ :: fa261f29 succeeded published att=1 lease=0001-01-01T00:00:00Z code= upd=2026-09-30T08:41:48.730583018Z | d8f6f5bc succeeded published att=1 lease=0001-01-01T00:00:00Z code= upd=2026-09-30T08:41:57.844831369Z | 7fb6a0df running recovering att=2 lease=2026-09-30T08:42:58.116515339Z code=dns_peer_enrollment_required upd=2026-09-30T08:42:38.116515339Z
08:42:38.303994943 CHANGE ledger 74e9abcd0751 -> 9d5ceae3e110 agent=6423/active/ :: fa261f29 succeeded published att=1 lease=0001-01-01T00:00:00Z code= upd=2026-09-30T08:41:48.730583018Z | d8f6f5bc succeeded published att=1 lease=0001-01-01T00:00:00Z code= upd=2026-09-30T08:41:57.844831369Z | 7fb6a0df running recovering att=2 lease=2026-09-30T08:42:58.267719106Z code=dns_peer_enrollment_required upd=2026-09-30T08:42:38.267719106Z
08:42:38.446334256 CHANGE ledger 9d5ceae3e110 -> ed835a0019d2 agent=6423/active/ :: fa261f29 succeeded published att=1 lease=0001-01-01T00:00:00Z code= upd=2026-09-30T08:41:48.730583018Z | d8f6f5bc succeeded published att=1 lease=0001-01-01T00:00:00Z code= upd=2026-09-30T08:41:57.844831369Z | 7fb6a0df running recovering att=2 lease=2026-09-30T08:42:58.407639926Z code=dns_peer_enrollment_required upd=2026-09-30T08:42:38.407639926Z
08:42:38.591164040 CHANGE ledger ed835a0019d2 -> bc536ccf21da agent=6423/active/ :: fa261f29 succeeded published att=1 lease=0001-01-01T00:00:00Z code= upd=2026-09-30T08:41:48.730583018Z | d8f6f5bc succeeded published att=1 lease=0001-01-01T00:00:00Z code= upd=2026-09-30T08:41:57.844831369Z | 7fb6a0df running recovering att=2 lease=2026-09-30T08:42:58.554715114Z code=dns_peer_enrollment_required upd=2026-09-30T08:42:38.554715114Z
08:42:38.742940598 CHANGE ledger bc536ccf21da -> a6da803fb50d agent=6423/active/ :: fa261f29 succeeded published att=1 lease=0001-01-01T00:00:00Z code= upd=2026-09-30T08:41:48.730583018Z | d8f6f5bc succeeded published att=1 lease=0001-01-01T00:00:00Z code= upd=2026-09-30T08:41:57.844831369Z | 7fb6a0df running recovering att=2 lease=2026-09-30T08:42:58.705242738Z code=dns_peer_enrollment_required upd=2026-09-30T08:42:38.705242738Z
08:42:38.900723238 CHANGE ledger a6da803fb50d -> a6d279870e15 agent=6423/active/ :: fa261f29 succeeded published att=1 lease=0001-01-01T00:00:00Z code= upd=2026-09-30T08:41:48.730583018Z | d8f6f5bc succeeded published att=1 lease=0001-01-01T00:00:00Z code= upd=2026-09-30T08:41:57.844831369Z | 7fb6a0df running recovering att=2 lease=2026-09-30T08:42:58.859323109Z code=dns_peer_enrollment_required upd=2026-09-30T08:42:38.859323109Z
08:42:39.053268107 CHANGE ledger a6d279870e15 -> 86857311d0ae agent=6423/active/ :: fa261f29 succeeded published att=1 lease=0001-01-01T00:00:00Z code= upd=2026-09-30T08:41:48.730583018Z | d8f6f5bc succeeded published att=1 lease=0001-01-01T00:00:00Z code= upd=2026-09-30T08:41:57.844831369Z | 7fb6a0df running recovering att=2 lease=2026-09-30T08:42:59.007815867Z code=dns_peer_enrollment_required upd=2026-09-30T08:42:39.007815867Z
08:42:39.195654679 CHANGE ledger 86857311d0ae -> 70979542703f agent=6423/active/ :: fa261f29 succeeded published att=1 lease=0001-01-01T00:00:00Z code= upd=2026-09-30T08:41:48.730583018Z | d8f6f5bc succeeded published att=1 lease=0001-01-01T00:00:00Z code= upd=2026-09-30T08:41:57.844831369Z | 7fb6a0df running recovering att=2 lease=2026-09-30T08:42:59.067676917Z code=dns_peer_enrollment_required upd=2026-09-30T08:42:39.067676917Z
08:42:39.557268249 CHANGE ledger 70979542703f -> 4a64cf3bea0a agent=6423/active/ :: fa261f29 succeeded published att=1 lease=0001-01-01T00:00:00Z code= upd=2026-09-30T08:41:48.730583018Z | d8f6f5bc succeeded published att=1 lease=0001-01-01T00:00:00Z code= upd=2026-09-30T08:41:57.844831369Z | 7fb6a0df running recovering att=2 lease=2026-09-30T08:42:59.512737644Z code=dns_peer_enrollment_required upd=2026-09-30T08:42:39.512737644Z
08:42:39.701782975 CHANGE ledger 4a64cf3bea0a -> 98c285f0cfcd agent=6423/active/ :: fa261f29 succeeded published att=1 lease=0001-01-01T00:00:00Z code= upd=2026-09-30T08:41:48.730583018Z | d8f6f5bc succeeded published att=1 lease=0001-01-01T00:00:00Z code= upd=2026-09-30T08:41:57.844831369Z | 7fb6a0df running recovering att=2 lease=2026-09-30T08:42:59.662835049Z code=dns_peer_enrollment_required upd=2026-09-30T08:42:39.662835049Z
08:42:39.842572071 CHANGE ledger 98c285f0cfcd -> ace9f90682e6 agent=6423/active/ :: fa261f29 succeeded published att=1 lease=0001-01-01T00:00:00Z code= upd=2026-09-30T08:41:48.730583018Z | d8f6f5bc succeeded published att=1 lease=0001-01-01T00:00:00Z code= upd=2026-09-30T08:41:57.844831369Z | 7fb6a0df running recovering att=2 lease=2026-09-30T08:42:59.807351229Z code=dns_peer_enrollment_required upd=2026-09-30T08:42:39.807351229Z
08:42:39.987291228 CHANGE ledger ace9f90682e6 -> bbfef9b31868 agent=6423/active/ :: fa261f29 succeeded published att=1 lease=0001-01-01T00:00:00Z code= upd=2026-09-30T08:41:48.730583018Z | d8f6f5bc succeeded published att=1 lease=0001-01-01T00:00:00Z code= upd=2026-09-30T08:41:57.844831369Z | 7fb6a0df running recovering att=2 lease=2026-09-30T08:42:59.953330124Z code=dns_peer_enrollment_required upd=2026-09-30T08:42:39.953330124Z
08:42:40.130583948 CHANGE ledger bbfef9b31868 -> fdb89ce8588f agent=6423/active/ :: fa261f29 succeeded published att=1 lease=0001-01-01T00:00:00Z code= upd=2026-09-30T08:41:48.730583018Z | d8f6f5bc succeeded published att=1 lease=0001-01-01T00:00:00Z code= upd=2026-09-30T08:41:57.844831369Z | 7fb6a0df running recovering att=2 lease=2026-09-30T08:43:00.094256955Z code=dns_peer_enrollment_required upd=2026-09-30T08:42:40.094256955Z
08:42:40.281638458 CHANGE ledger fdb89ce8588f -> 510b110d2242 agent=6423/active/ :: fa261f29 succeeded published att=1 lease=0001-01-01T00:00:00Z code= upd=2026-09-30T08:41:48.730583018Z | d8f6f5bc succeeded published att=1 lease=0001-01-01T00:00:00Z code= upd=2026-09-30T08:41:57.844831369Z | 7fb6a0df running recovering att=2 lease=2026-09-30T08:43:00.2351113Z code=dns_peer_enrollment_required upd=2026-09-30T08:42:40.2351113Z
08:42:40.425000698 CHANGE ledger 510b110d2242 -> ff6084c462eb agent=6423/active/ :: fa261f29 succeeded published att=1 lease=0001-01-01T00:00:00Z code= upd=2026-09-30T08:41:48.730583018Z | d8f6f5bc succeeded published att=1 lease=0001-01-01T00:00:00Z code= upd=2026-09-30T08:41:57.844831369Z | 7fb6a0df running recovering att=2 lease=2026-09-30T08:43:00.394151807Z code=dns_peer_enrollment_required upd=2026-09-30T08:42:40.394151807Z
08:42:41.082910175 CHANGE ledger ff6084c462eb -> 2293535902e5 agent=6423/active/ :: fa261f29 succeeded published att=1 lease=0001-01-01T00:00:00Z code= upd=2026-09-30T08:41:48.730583018Z | d8f6f5bc succeeded published att=1 lease=0001-01-01T00:00:00Z code= upd=2026-09-30T08:41:57.844831369Z | 7fb6a0df running recovering att=2 lease=2026-09-30T08:43:00.584632918Z code=dns_peer_enrollment_required upd=2026-09-30T08:42:40.584632918Z
08:42:41.533129433 CHANGE ledger 2293535902e5 -> 5487d2833092 agent=6423/active/ :: fa261f29 succeeded published att=1 lease=0001-01-01T00:00:00Z code= upd=2026-09-30T08:41:48.730583018Z | d8f6f5bc succeeded published att=1 lease=0001-01-01T00:00:00Z code= upd=2026-09-30T08:41:57.844831369Z | 7fb6a0df running recovering att=2 lease=2026-09-30T08:43:01.361846862Z code=dns_peer_enrollment_required upd=2026-09-30T08:42:41.361846862Z
08:42:41.674459959 CHANGE ledger 5487d2833092 -> 37c40adcc64f agent=6423/active/ :: fa261f29 succeeded published att=1 lease=0001-01-01T00:00:00Z code= upd=2026-09-30T08:41:48.730583018Z | d8f6f5bc succeeded published att=1 lease=0001-01-01T00:00:00Z code= upd=2026-09-30T08:41:57.844831369Z | 7fb6a0df running recovering att=2 lease=2026-09-30T08:43:01.637397638Z code=dns_peer_enrollment_required upd=2026-09-30T08:42:41.637397638Z
08:42:41.820136687 CHANGE ledger 37c40adcc64f -> 86df0597232e agent=6423/active/ :: fa261f29 succeeded published att=1 lease=0001-01-01T00:00:00Z code= upd=2026-09-30T08:41:48.730583018Z | d8f6f5bc succeeded published att=1 lease=0001-01-01T00:00:00Z code= upd=2026-09-30T08:41:57.844831369Z | 7fb6a0df running recovering att=2 lease=2026-09-30T08:43:01.777330191Z code=dns_peer_enrollment_required upd=2026-09-30T08:42:41.777330191Z
08:42:41.969534023 CHANGE ledger 86df0597232e -> b3411089e040 agent=6423/active/ :: fa261f29 succeeded published att=1 lease=0001-01-01T00:00:00Z code= upd=2026-09-30T08:41:48.730583018Z | d8f6f5bc succeeded published att=1 lease=0001-01-01T00:00:00Z code= upd=2026-09-30T08:41:57.844831369Z | 7fb6a0df running recovering att=2 lease=2026-09-30T08:43:01.930740182Z code=dns_peer_enrollment_required upd=2026-09-30T08:42:41.930740182Z
08:42:42.115321623 CHANGE ledger b3411089e040 -> a5d2d83d31fb agent=6423/active/ :: fa261f29 succeeded published att=1 lease=0001-01-01T00:00:00Z code= upd=2026-09-30T08:41:48.730583018Z | d8f6f5bc succeeded published att=1 lease=0001-01-01T00:00:00Z code= upd=2026-09-30T08:41:57.844831369Z | 7fb6a0df running recovering att=2 lease=2026-09-30T08:43:02.07472092Z code=dns_peer_enrollment_required upd=2026-09-30T08:42:42.07472092Z
08:42:42.263902209 CHANGE ledger a5d2d83d31fb -> 8901c092599b agent=6423/active/ :: fa261f29 succeeded published att=1 lease=0001-01-01T00:00:00Z code= upd=2026-09-30T08:41:48.730583018Z | d8f6f5bc succeeded published att=1 lease=0001-01-01T00:00:00Z code= upd=2026-09-30T08:41:57.844831369Z | 7fb6a0df running recovering att=2 lease=2026-09-30T08:43:02.224555908Z code=dns_peer_enrollment_required upd=2026-09-30T08:42:42.224555908Z
08:42:42.409230082 CHANGE ledger 8901c092599b -> 4f610d9b61d4 agent=6423/active/ :: fa261f29 succeeded published att=1 lease=0001-01-01T00:00:00Z code= upd=2026-09-30T08:41:48.730583018Z | d8f6f5bc succeeded published att=1 lease=0001-01-01T00:00:00Z code= upd=2026-09-30T08:41:57.844831369Z | 7fb6a0df running recovering att=2 lease=2026-09-30T08:43:02.370207358Z code=dns_peer_enrollment_required upd=2026-09-30T08:42:42.370207358Z
08:42:42.560663368 CHANGE ledger 4f610d9b61d4 -> c710a6b3d0b4 agent=6423/active/ :: fa261f29 succeeded published att=1 lease=0001-01-01T00:00:00Z code= upd=2026-09-30T08:41:48.730583018Z | d8f6f5bc succeeded published att=1 lease=0001-01-01T00:00:00Z code= upd=2026-09-30T08:41:57.844831369Z | 7fb6a0df running recovering att=2 lease=2026-09-30T08:43:02.521384775Z code=dns_peer_enrollment_required upd=2026-09-30T08:42:42.521384775Z
08:42:42.703394848 CHANGE ledger c710a6b3d0b4 -> 0a534863f9a9 agent=6423/active/ :: fa261f29 succeeded published att=1 lease=0001-01-01T00:00:00Z code= upd=2026-09-30T08:41:48.730583018Z | d8f6f5bc succeeded published att=1 lease=0001-01-01T00:00:00Z code= upd=2026-09-30T08:41:57.844831369Z | 7fb6a0df running recovering att=2 lease=2026-09-30T08:43:02.668417958Z code=dns_peer_enrollment_required upd=2026-09-30T08:42:42.668417958Z
08:42:42.851680809 CHANGE ledger 0a534863f9a9 -> 7fd65e3edcd4 agent=6423/active/ :: fa261f29 succeeded published att=1 lease=0001-01-01T00:00:00Z code= upd=2026-09-30T08:41:48.730583018Z | d8f6f5bc succeeded published att=1 lease=0001-01-01T00:00:00Z code= upd=2026-09-30T08:41:57.844831369Z | 7fb6a0df running recovering att=2 lease=2026-09-30T08:43:02.821039009Z code=dns_peer_enrollment_required upd=2026-09-30T08:42:42.821039009Z
08:42:43.009969619 CHANGE ledger 7fd65e3edcd4 -> 39c2192c4825 agent=6423/active/ :: fa261f29 succeeded published att=1 lease=0001-01-01T00:00:00Z code= upd=2026-09-30T08:41:48.730583018Z | d8f6f5bc succeeded published att=1 lease=0001-01-01T00:00:00Z code= upd=2026-09-30T08:41:57.844831369Z | 7fb6a0df running recovering att=2 lease=2026-09-30T08:43:02.963863218Z code=dns_peer_enrollment_required upd=2026-09-30T08:42:42.963863218Z
08:42:43.153523841 CHANGE ledger 39c2192c4825 -> 5c2bd2c56505 agent=6423/active/ :: fa261f29 succeeded published att=1 lease=0001-01-01T00:00:00Z code= upd=2026-09-30T08:41:48.730583018Z | d8f6f5bc succeeded published att=1 lease=0001-01-01T00:00:00Z code= upd=2026-09-30T08:41:57.844831369Z | 7fb6a0df running recovering att=2 lease=2026-09-30T08:43:03.113196155Z code=dns_peer_enrollment_required upd=2026-09-30T08:42:43.113196155Z
08:42:43.299072438 CHANGE ledger 5c2bd2c56505 -> f64caaf83bff agent=6423/active/ :: fa261f29 succeeded published att=1 lease=0001-01-01T00:00:00Z code= upd=2026-09-30T08:41:48.730583018Z | d8f6f5bc succeeded published att=1 lease=0001-01-01T00:00:00Z code= upd=2026-09-30T08:41:57.844831369Z | 7fb6a0df running recovering att=2 lease=2026-09-30T08:43:03.265197768Z code=dns_peer_enrollment_required upd=2026-09-30T08:42:43.265197768Z
08:42:43.445529975 CHANGE ledger f64caaf83bff -> cfc92644c3f2 agent=6423/active/ :: fa261f29 succeeded published att=1 lease=0001-01-01T00:00:00Z code= upd=2026-09-30T08:41:48.730583018Z | d8f6f5bc succeeded published att=1 lease=0001-01-01T00:00:00Z code= upd=2026-09-30T08:41:57.844831369Z | 7fb6a0df running recovering att=2 lease=2026-09-30T08:43:03.404619669Z code=dns_peer_enrollment_required upd=2026-09-30T08:42:43.404619669Z
08:42:43.590816147 CHANGE ledger cfc92644c3f2 -> b8263fac5094 agent=6423/active/ :: fa261f29 succeeded published att=1 lease=0001-01-01T00:00:00Z code= upd=2026-09-30T08:41:48.730583018Z | d8f6f5bc succeeded published att=1 lease=0001-01-01T00:00:00Z code= upd=2026-09-30T08:41:57.844831369Z | 7fb6a0df running recovering att=2 lease=2026-09-30T08:43:03.557237083Z code=dns_peer_enrollment_required upd=2026-09-30T08:42:43.557237083Z
08:42:43.734548825 CHANGE ledger b8263fac5094 -> b43be35ed011 agent=6423/active/ :: fa261f29 succeeded published att=1 lease=0001-01-01T00:00:00Z code= upd=2026-09-30T08:41:48.730583018Z | d8f6f5bc succeeded published att=1 lease=0001-01-01T00:00:00Z code= upd=2026-09-30T08:41:57.844831369Z | 7fb6a0df running recovering att=2 lease=2026-09-30T08:43:03.696886696Z code=dns_peer_enrollment_required upd=2026-09-30T08:42:43.696886696Z
08:42:43.883252850 CHANGE ledger b43be35ed011 -> 041e4a79d8a0 agent=6423/active/ :: fa261f29 succeeded published att=1 lease=0001-01-01T00:00:00Z code= upd=2026-09-30T08:41:48.730583018Z | d8f6f5bc succeeded published att=1 lease=0001-01-01T00:00:00Z code= upd=2026-09-30T08:41:57.844831369Z | 7fb6a0df running recovering att=2 lease=2026-09-30T08:43:03.848312343Z code=dns_peer_enrollment_required upd=2026-09-30T08:42:43.848312343Z
08:42:44.026474450 CHANGE ledger 041e4a79d8a0 -> 386ff790d98c agent=6423/active/ :: fa261f29 succeeded published att=1 lease=0001-01-01T00:00:00Z code= upd=2026-09-30T08:41:48.730583018Z | d8f6f5bc succeeded published att=1 lease=0001-01-01T00:00:00Z code= upd=2026-09-30T08:41:57.844831369Z | 7fb6a0df running recovering att=2 lease=2026-09-30T08:43:03.988677318Z code=dns_peer_enrollment_required upd=2026-09-30T08:42:43.988677318Z
08:42:44.169454923 CHANGE ledger 386ff790d98c -> 610ab11f3441 agent=6423/active/ :: fa261f29 succeeded published att=1 lease=0001-01-01T00:00:00Z code= upd=2026-09-30T08:41:48.730583018Z | d8f6f5bc succeeded published att=1 lease=0001-01-01T00:00:00Z code= upd=2026-09-30T08:41:57.844831369Z | 7fb6a0df running recovering att=2 lease=2026-09-30T08:43:04.115984828Z code=dns_peer_enrollment_required upd=2026-09-30T08:42:44.115984828Z
08:42:44.314071642 CHANGE ledger 610ab11f3441 -> b43aacbe2176 agent=6423/active/ :: fa261f29 succeeded published att=1 lease=0001-01-01T00:00:00Z code= upd=2026-09-30T08:41:48.730583018Z | d8f6f5bc succeeded published att=1 lease=0001-01-01T00:00:00Z code= upd=2026-09-30T08:41:57.844831369Z | 7fb6a0df running recovering att=2 lease=2026-09-30T08:43:04.268948196Z code=dns_peer_enrollment_required upd=2026-09-30T08:42:44.268948196Z
08:42:44.460148710 CHANGE ledger b43aacbe2176 -> 916af2b819d2 agent=6423/active/ :: fa261f29 succeeded published att=1 lease=0001-01-01T00:00:00Z code= upd=2026-09-30T08:41:48.730583018Z | d8f6f5bc succeeded published att=1 lease=0001-01-01T00:00:00Z code= upd=2026-09-30T08:41:57.844831369Z | 7fb6a0df running recovering att=2 lease=2026-09-30T08:43:04.413219968Z code=dns_peer_enrollment_required upd=2026-09-30T08:42:44.413219968Z
08:42:44.606687645 CHANGE ledger 916af2b819d2 -> d6a16aecf65e agent=6423/active/ :: fa261f29 succeeded published att=1 lease=0001-01-01T00:00:00Z code= upd=2026-09-30T08:41:48.730583018Z | d8f6f5bc succeeded published att=1 lease=0001-01-01T00:00:00Z code= upd=2026-09-30T08:41:57.844831369Z | 7fb6a0df running recovering att=2 lease=2026-09-30T08:43:04.562909986Z code=dns_peer_enrollment_required upd=2026-09-30T08:42:44.562909986Z
08:42:44.754252067 CHANGE ledger d6a16aecf65e -> bb0897eb4c00 agent=6423/active/ :: fa261f29 succeeded published att=1 lease=0001-01-01T00:00:00Z code= upd=2026-09-30T08:41:48.730583018Z | d8f6f5bc succeeded published att=1 lease=0001-01-01T00:00:00Z code= upd=2026-09-30T08:41:57.844831369Z | 7fb6a0df running recovering att=2 lease=2026-09-30T08:43:04.706802853Z code=dns_peer_enrollment_required upd=2026-09-30T08:42:44.706802853Z
08:42:44.904754504 CHANGE ledger bb0897eb4c00 -> a15b763126da agent=6423/active/ :: fa261f29 succeeded published att=1 lease=0001-01-01T00:00:00Z code= upd=2026-09-30T08:41:48.730583018Z | d8f6f5bc succeeded published att=1 lease=0001-01-01T00:00:00Z code= upd=2026-09-30T08:41:57.844831369Z | 7fb6a0df running recovering att=2 lease=2026-09-30T08:43:04.849722637Z code=dns_peer_enrollment_required upd=2026-09-30T08:42:44.849722637Z
08:42:45.053902574 CHANGE ledger a15b763126da -> 9703a76d3363 agent=6423/active/ :: fa261f29 succeeded published att=1 lease=0001-01-01T00:00:00Z code= upd=2026-09-30T08:41:48.730583018Z | d8f6f5bc succeeded published att=1 lease=0001-01-01T00:00:00Z code= upd=2026-09-30T08:41:57.844831369Z | 7fb6a0df running recovering att=2 lease=2026-09-30T08:43:05.010423009Z code=dns_peer_enrollment_required upd=2026-09-30T08:42:45.010423009Z
08:42:45.196043653 CHANGE ledger 9703a76d3363 -> e0f4046205b1 agent=6423/active/ :: fa261f29 succeeded published att=1 lease=0001-01-01T00:00:00Z code= upd=2026-09-30T08:41:48.730583018Z | d8f6f5bc succeeded published att=1 lease=0001-01-01T00:00:00Z code= upd=2026-09-30T08:41:57.844831369Z | 7fb6a0df running recovering att=2 lease=2026-09-30T08:43:05.157624873Z code=dns_peer_enrollment_required upd=2026-09-30T08:42:45.157624873Z
08:42:45.339448079 CHANGE ledger e0f4046205b1 -> d46a7cc0d855 agent=6423/active/ :: fa261f29 succeeded published att=1 lease=0001-01-01T00:00:00Z code= upd=2026-09-30T08:41:48.730583018Z | d8f6f5bc succeeded published att=1 lease=0001-01-01T00:00:00Z code= upd=2026-09-30T08:41:57.844831369Z | 7fb6a0df running recovering att=2 lease=2026-09-30T08:43:05.298634378Z code=dns_peer_enrollment_required upd=2026-09-30T08:42:45.298634378Z
08:42:45.479731610 CHANGE ledger d46a7cc0d855 -> 94fae6323e18 agent=6423/active/ :: fa261f29 succeeded published att=1 lease=0001-01-01T00:00:00Z code= upd=2026-09-30T08:41:48.730583018Z | d8f6f5bc succeeded published att=1 lease=0001-01-01T00:00:00Z code= upd=2026-09-30T08:41:57.844831369Z | 7fb6a0df running recovering att=2 lease=2026-09-30T08:43:05.44153983Z code=dns_peer_enrollment_required upd=2026-09-30T08:42:45.44153983Z
08:42:45.621980256 CHANGE ledger 94fae6323e18 -> bd2b5a04795f agent=6423/active/ :: fa261f29 succeeded published att=1 lease=0001-01-01T00:00:00Z code= upd=2026-09-30T08:41:48.730583018Z | d8f6f5bc succeeded published att=1 lease=0001-01-01T00:00:00Z code= upd=2026-09-30T08:41:57.844831369Z | 7fb6a0df running recovering att=2 lease=2026-09-30T08:43:05.579026579Z code=dns_peer_enrollment_required upd=2026-09-30T08:42:45.579026579Z
08:42:45.771382641 CHANGE ledger bd2b5a04795f -> 1a04d7f856f7 agent=6423/active/ :: fa261f29 succeeded published att=1 lease=0001-01-01T00:00:00Z code= upd=2026-09-30T08:41:48.730583018Z | d8f6f5bc succeeded published att=1 lease=0001-01-01T00:00:00Z code= upd=2026-09-30T08:41:57.844831369Z | 7fb6a0df running recovering att=2 lease=2026-09-30T08:43:05.740496846Z code=dns_peer_enrollment_required upd=2026-09-30T08:42:45.740496846Z
08:42:45.920258612 CHANGE ledger 1a04d7f856f7 -> db911ed1b2fa agent=6423/active/ :: fa261f29 succeeded published att=1 lease=0001-01-01T00:00:00Z code= upd=2026-09-30T08:41:48.730583018Z | d8f6f5bc succeeded published att=1 lease=0001-01-01T00:00:00Z code= upd=2026-09-30T08:41:57.844831369Z | 7fb6a0df running recovering att=2 lease=2026-09-30T08:43:05.887031324Z code=dns_peer_enrollment_required upd=2026-09-30T08:42:45.887031324Z
08:42:46.062243301 CHANGE ledger db911ed1b2fa -> 9d36a9cd7d73 agent=6423/active/ :: fa261f29 succeeded published att=1 lease=0001-01-01T00:00:00Z code= upd=2026-09-30T08:41:48.730583018Z | d8f6f5bc succeeded published att=1 lease=0001-01-01T00:00:00Z code= upd=2026-09-30T08:41:57.844831369Z | 7fb6a0df running recovering att=2 lease=2026-09-30T08:43:06.023964038Z code=dns_peer_enrollment_required upd=2026-09-30T08:42:46.023964038Z
08:42:46.210882036 CHANGE ledger 9d36a9cd7d73 -> 0e9cb62312e3 agent=6423/active/ :: fa261f29 succeeded published att=1 lease=0001-01-01T00:00:00Z code= upd=2026-09-30T08:41:48.730583018Z | d8f6f5bc succeeded published att=1 lease=0001-01-01T00:00:00Z code= upd=2026-09-30T08:41:57.844831369Z | 7fb6a0df running recovering att=2 lease=2026-09-30T08:43:06.176876295Z code=dns_peer_enrollment_required upd=2026-09-30T08:42:46.176876295Z
08:42:46.352178822 CHANGE ledger 0e9cb62312e3 -> e641dd97317b agent=6423/active/ :: fa261f29 succeeded published att=1 lease=0001-01-01T00:00:00Z code= upd=2026-09-30T08:41:48.730583018Z | d8f6f5bc succeeded published att=1 lease=0001-01-01T00:00:00Z code= upd=2026-09-30T08:41:57.844831369Z | 7fb6a0df running recovering att=2 lease=2026-09-30T08:43:06.304905788Z code=dns_peer_enrollment_required upd=2026-09-30T08:42:46.304905788Z
08:42:46.493526759 CHANGE ledger e641dd97317b -> 6d3da51a13e8 agent=6423/active/ :: fa261f29 succeeded published att=1 lease=0001-01-01T00:00:00Z code= upd=2026-09-30T08:41:48.730583018Z | d8f6f5bc succeeded published att=1 lease=0001-01-01T00:00:00Z code= upd=2026-09-30T08:41:57.844831369Z | 7fb6a0df running recovering att=2 lease=2026-09-30T08:43:06.449886831Z code=dns_peer_enrollment_required upd=2026-09-30T08:42:46.449886831Z
08:42:46.644047709 CHANGE ledger 6d3da51a13e8 -> 50bcc7f53b58 agent=6423/active/ :: fa261f29 succeeded published att=1 lease=0001-01-01T00:00:00Z code= upd=2026-09-30T08:41:48.730583018Z | d8f6f5bc succeeded published att=1 lease=0001-01-01T00:00:00Z code= upd=2026-09-30T08:41:57.844831369Z | 7fb6a0df running recovering att=2 lease=2026-09-30T08:43:06.60145719Z code=dns_peer_enrollment_required upd=2026-09-30T08:42:46.60145719Z
08:42:46.792105278 CHANGE ledger 50bcc7f53b58 -> c90cdb41f897 agent=6423/active/ :: fa261f29 succeeded published att=1 lease=0001-01-01T00:00:00Z code= upd=2026-09-30T08:41:48.730583018Z | d8f6f5bc succeeded published att=1 lease=0001-01-01T00:00:00Z code= upd=2026-09-30T08:41:57.844831369Z | 7fb6a0df running recovering att=2 lease=2026-09-30T08:43:06.759180904Z code=dns_peer_enrollment_required upd=2026-09-30T08:42:46.759180904Z
08:42:46.933389816 CHANGE ledger c90cdb41f897 -> 5d14c10dbfa8 agent=6423/active/ :: fa261f29 succeeded published att=1 lease=0001-01-01T00:00:00Z code= upd=2026-09-30T08:41:48.730583018Z | d8f6f5bc succeeded published att=1 lease=0001-01-01T00:00:00Z code= upd=2026-09-30T08:41:57.844831369Z | 7fb6a0df running recovering att=2 lease=2026-09-30T08:43:06.759180904Z code=dns_peer_enrollment_required upd=2026-09-30T08:42:46.759180904Z
08:42:47.391319123 CHANGE ledger 5d14c10dbfa8 -> 57f97221429b agent=6423/active/ :: fa261f29 succeeded published att=1 lease=0001-01-01T00:00:00Z code= upd=2026-09-30T08:41:48.730583018Z | d8f6f5bc succeeded published att=1 lease=0001-01-01T00:00:00Z code= upd=2026-09-30T08:41:57.844831369Z | 7fb6a0df running recovering att=2 lease=2026-09-30T08:43:07.347759177Z code=dns_peer_enrollment_required upd=2026-09-30T08:42:47.347759177Z
08:42:47.539871646 CHANGE ledger 57f97221429b -> 2be2f7df7621 agent=6423/active/ :: fa261f29 succeeded published att=1 lease=0001-01-01T00:00:00Z code= upd=2026-09-30T08:41:48.730583018Z | d8f6f5bc succeeded published att=1 lease=0001-01-01T00:00:00Z code= upd=2026-09-30T08:41:57.844831369Z | 7fb6a0df running recovering att=2 lease=2026-09-30T08:43:07.494066205Z code=dns_peer_enrollment_required upd=2026-09-30T08:42:47.494066205Z
08:42:47.682360365 CHANGE ledger 2be2f7df7621 -> 0ce3116feb66 agent=6423/active/ :: fa261f29 succeeded published att=1 lease=0001-01-01T00:00:00Z code= upd=2026-09-30T08:41:48.730583018Z | d8f6f5bc succeeded published att=1 lease=0001-01-01T00:00:00Z code= upd=2026-09-30T08:41:57.844831369Z | 7fb6a0df running recovering att=2 lease=2026-09-30T08:43:07.639655133Z code=dns_peer_enrollment_required upd=2026-09-30T08:42:47.639655133Z
08:42:47.828350888 CHANGE ledger 0ce3116feb66 -> 225a8a8eab31 agent=6423/active/ :: fa261f29 succeeded published att=1 lease=0001-01-01T00:00:00Z code= upd=2026-09-30T08:41:48.730583018Z | d8f6f5bc succeeded published att=1 lease=0001-01-01T00:00:00Z code= upd=2026-09-30T08:41:57.844831369Z | 7fb6a0df running recovering att=2 lease=2026-09-30T08:43:07.780640224Z code=dns_peer_enrollment_required upd=2026-09-30T08:42:47.780640224Z
08:42:47.978264780 CHANGE ledger 225a8a8eab31 -> 78ef9a6a0940 agent=6423/active/ :: fa261f29 succeeded published att=1 lease=0001-01-01T00:00:00Z code= upd=2026-09-30T08:41:48.730583018Z | d8f6f5bc succeeded published att=1 lease=0001-01-01T00:00:00Z code= upd=2026-09-30T08:41:57.844831369Z | 7fb6a0df running recovering att=2 lease=2026-09-30T08:43:07.939667134Z code=dns_peer_enrollment_required upd=2026-09-30T08:42:47.939667134Z
08:42:48.120960917 CHANGE ledger 78ef9a6a0940 -> 9f667f8f1016 agent=6423/active/ :: fa261f29 succeeded published att=1 lease=0001-01-01T00:00:00Z code= upd=2026-09-30T08:41:48.730583018Z | d8f6f5bc succeeded published att=1 lease=0001-01-01T00:00:00Z code= upd=2026-09-30T08:41:57.844831369Z | 7fb6a0df running recovering att=2 lease=2026-09-30T08:43:08.075162969Z code=dns_peer_enrollment_required upd=2026-09-30T08:42:48.075162969Z
08:42:48.264075275 CHANGE ledger 9f667f8f1016 -> 82b05084b73c agent=6423/active/ :: fa261f29 succeeded published att=1 lease=0001-01-01T00:00:00Z code= upd=2026-09-30T08:41:48.730583018Z | d8f6f5bc succeeded published att=1 lease=0001-01-01T00:00:00Z code= upd=2026-09-30T08:41:57.844831369Z | 7fb6a0df running recovering att=2 lease=2026-09-30T08:43:08.221688924Z code=dns_peer_enrollment_required upd=2026-09-30T08:42:48.221688924Z
08:42:48.408824203 CHANGE ledger 82b05084b73c -> 9d2b9531360e agent=6423/active/ :: fa261f29 succeeded published att=1 lease=0001-01-01T00:00:00Z code= upd=2026-09-30T08:41:48.730583018Z | d8f6f5bc succeeded published att=1 lease=0001-01-01T00:00:00Z code= upd=2026-09-30T08:41:57.844831369Z | 7fb6a0df running recovering att=2 lease=2026-09-30T08:43:08.363559158Z code=dns_peer_enrollment_required upd=2026-09-30T08:42:48.363559158Z
08:42:48.549541496 CHANGE ledger 9d2b9531360e -> c2dea0d4b4c6 agent=6423/active/ :: fa261f29 succeeded published att=1 lease=0001-01-01T00:00:00Z code= upd=2026-09-30T08:41:48.730583018Z | d8f6f5bc succeeded published att=1 lease=0001-01-01T00:00:00Z code= upd=2026-09-30T08:41:57.844831369Z | 7fb6a0df running recovering att=2 lease=2026-09-30T08:43:08.514726463Z code=dns_peer_enrollment_required upd=2026-09-30T08:42:48.514726463Z
08:42:48.687406195 CHANGE ledger c2dea0d4b4c6 -> 89ff149205ec agent=6423/active/ :: fa261f29 succeeded published att=1 lease=0001-01-01T00:00:00Z code= upd=2026-09-30T08:41:48.730583018Z | d8f6f5bc succeeded published att=1 lease=0001-01-01T00:00:00Z code= upd=2026-09-30T08:41:57.844831369Z | 7fb6a0df running recovering att=2 lease=2026-09-30T08:43:08.614262783Z code=dns_peer_enrollment_required upd=2026-09-30T08:42:48.614262783Z
08:42:49.143566704 CHANGE ledger 89ff149205ec -> 08f26382d96c agent=6423/active/ :: fa261f29 succeeded published att=1 lease=0001-01-01T00:00:00Z code= upd=2026-09-30T08:41:48.730583018Z | d8f6f5bc succeeded published att=1 lease=0001-01-01T00:00:00Z code= upd=2026-09-30T08:41:57.844831369Z | 7fb6a0df running recovering att=2 lease=2026-09-30T08:43:09.113596885Z code=dns_peer_enrollment_required upd=2026-09-30T08:42:49.113596885Z
08:42:49.288139763 CHANGE ledger 08f26382d96c -> 6c6aa4aff45c agent=6423/active/ :: fa261f29 succeeded published att=1 lease=0001-01-01T00:00:00Z code= upd=2026-09-30T08:41:48.730583018Z | d8f6f5bc succeeded published att=1 lease=0001-01-01T00:00:00Z code= upd=2026-09-30T08:41:57.844831369Z | 7fb6a0df running recovering att=2 lease=2026-09-30T08:43:09.2434662Z code=dns_peer_enrollment_required upd=2026-09-30T08:42:49.2434662Z
08:42:49.435151499 CHANGE ledger 6c6aa4aff45c -> 06da10c2d4ae agent=6423/active/ :: fa261f29 succeeded published att=1 lease=0001-01-01T00:00:00Z code= upd=2026-09-30T08:41:48.730583018Z | d8f6f5bc succeeded published att=1 lease=0001-01-01T00:00:00Z code= upd=2026-09-30T08:41:57.844831369Z | 7fb6a0df running recovering att=2 lease=2026-09-30T08:43:09.3931271Z code=dns_peer_enrollment_required upd=2026-09-30T08:42:49.3931271Z
08:42:49.576773943 CHANGE ledger 06da10c2d4ae -> 6a6dfd87daee agent=6423/active/ :: fa261f29 succeeded published att=1 lease=0001-01-01T00:00:00Z code= upd=2026-09-30T08:41:48.730583018Z | d8f6f5bc succeeded published att=1 lease=0001-01-01T00:00:00Z code= upd=2026-09-30T08:41:57.844831369Z | 7fb6a0df running recovering att=2 lease=2026-09-30T08:43:09.534894884Z code=dns_peer_enrollment_required upd=2026-09-30T08:42:49.534894884Z
08:42:49.720193836 CHANGE ledger 6a6dfd87daee -> 31d6d15fb6af agent=6423/active/ :: fa261f29 succeeded published att=1 lease=0001-01-01T00:00:00Z code= upd=2026-09-30T08:41:48.730583018Z | d8f6f5bc succeeded published att=1 lease=0001-01-01T00:00:00Z code= upd=2026-09-30T08:41:57.844831369Z | 7fb6a0df running recovering att=2 lease=2026-09-30T08:43:09.682362783Z code=dns_peer_enrollment_required upd=2026-09-30T08:42:49.682362783Z
08:42:49.859412745 CHANGE ledger 31d6d15fb6af -> 2d7664f846f2 agent=6423/active/ :: fa261f29 succeeded published att=1 lease=0001-01-01T00:00:00Z code= upd=2026-09-30T08:41:48.730583018Z | d8f6f5bc succeeded published att=1 lease=0001-01-01T00:00:00Z code= upd=2026-09-30T08:41:57.844831369Z | 7fb6a0df running recovering att=2 lease=2026-09-30T08:43:09.815635986Z code=dns_peer_enrollment_required upd=2026-09-30T08:42:49.815635986Z
08:42:50.004133212 CHANGE ledger 2d7664f846f2 -> f11460d56438 agent=6423/active/ :: fa261f29 succeeded published att=1 lease=0001-01-01T00:00:00Z code= upd=2026-09-30T08:41:48.730583018Z | d8f6f5bc succeeded published att=1 lease=0001-01-01T00:00:00Z code= upd=2026-09-30T08:41:57.844831369Z | 7fb6a0df running recovering att=2 lease=2026-09-30T08:43:09.96448851Z code=dns_peer_enrollment_required upd=2026-09-30T08:42:49.96448851Z
08:42:50.143961642 CHANGE ledger f11460d56438 -> 4a9fc31b07de agent=6423/active/ :: fa261f29 succeeded published att=1 lease=0001-01-01T00:00:00Z code= upd=2026-09-30T08:41:48.730583018Z | d8f6f5bc succeeded published att=1 lease=0001-01-01T00:00:00Z code= upd=2026-09-30T08:41:57.844831369Z | 7fb6a0df running recovering att=2 lease=2026-09-30T08:43:10.096548344Z code=dns_peer_enrollment_required upd=2026-09-30T08:42:50.096548344Z
08:42:50.294979929 CHANGE ledger 4a9fc31b07de -> a6159ae07d23 agent=6423/active/ :: fa261f29 succeeded published att=1 lease=0001-01-01T00:00:00Z code= upd=2026-09-30T08:41:48.730583018Z | d8f6f5bc succeeded published att=1 lease=0001-01-01T00:00:00Z code= upd=2026-09-30T08:41:57.844831369Z | 7fb6a0df running recovering att=2 lease=2026-09-30T08:43:10.262727514Z code=dns_peer_enrollment_required upd=2026-09-30T08:42:50.262727514Z
08:42:50.437370415 CHANGE ledger a6159ae07d23 -> 8ca91643dc91 agent=6423/active/ :: fa261f29 succeeded published att=1 lease=0001-01-01T00:00:00Z code= upd=2026-09-30T08:41:48.730583018Z | d8f6f5bc succeeded published att=1 lease=0001-01-01T00:00:00Z code= upd=2026-09-30T08:41:57.844831369Z | 7fb6a0df running recovering att=2 lease=2026-09-30T08:43:10.393348742Z code=dns_peer_enrollment_required upd=2026-09-30T08:42:50.393348742Z
08:42:50.586452265 CHANGE ledger 8ca91643dc91 -> aca06a4e37da agent=6423/active/ :: fa261f29 succeeded published att=1 lease=0001-01-01T00:00:00Z code= upd=2026-09-30T08:41:48.730583018Z | d8f6f5bc succeeded published att=1 lease=0001-01-01T00:00:00Z code= upd=2026-09-30T08:41:57.844831369Z | 7fb6a0df running recovering att=2 lease=2026-09-30T08:43:10.536677784Z code=dns_peer_enrollment_required upd=2026-09-30T08:42:50.536677784Z
08:42:50.739892151 CHANGE ledger aca06a4e37da -> 809be42ac788 agent=6423/active/ :: fa261f29 succeeded published att=1 lease=0001-01-01T00:00:00Z code= upd=2026-09-30T08:41:48.730583018Z | d8f6f5bc succeeded published att=1 lease=0001-01-01T00:00:00Z code= upd=2026-09-30T08:41:57.844831369Z | 7fb6a0df running recovering att=2 lease=2026-09-30T08:43:10.695667668Z code=dns_peer_enrollment_required upd=2026-09-30T08:42:50.695667668Z
08:42:50.886842187 CHANGE ledger 809be42ac788 -> 9ef4d19c986e agent=6423/active/ :: fa261f29 succeeded published att=1 lease=0001-01-01T00:00:00Z code= upd=2026-09-30T08:41:48.730583018Z | d8f6f5bc succeeded published att=1 lease=0001-01-01T00:00:00Z code= upd=2026-09-30T08:41:57.844831369Z | 7fb6a0df running recovering att=2 lease=2026-09-30T08:43:10.856039119Z code=dns_peer_enrollment_required upd=2026-09-30T08:42:50.856039119Z
08:42:51.025490284 CHANGE ledger 9ef4d19c986e -> 43d60a14f948 agent=6423/active/ :: fa261f29 succeeded published att=1 lease=0001-01-01T00:00:00Z code= upd=2026-09-30T08:41:48.730583018Z | d8f6f5bc succeeded published att=1 lease=0001-01-01T00:00:00Z code= upd=2026-09-30T08:41:57.844831369Z | 7fb6a0df running recovering att=2 lease=2026-09-30T08:43:10.997518171Z code=dns_peer_enrollment_required upd=2026-09-30T08:42:50.997518171Z
08:42:51.168363444 CHANGE ledger 43d60a14f948 -> ddb8349e7b6b agent=6423/active/ :: fa261f29 succeeded published att=1 lease=0001-01-01T00:00:00Z code= upd=2026-09-30T08:41:48.730583018Z | d8f6f5bc succeeded published att=1 lease=0001-01-01T00:00:00Z code= upd=2026-09-30T08:41:57.844831369Z | 7fb6a0df running recovering att=2 lease=2026-09-30T08:43:11.127539763Z code=dns_peer_enrollment_required upd=2026-09-30T08:42:51.127539763Z
08:42:51.320967352 CHANGE ledger ddb8349e7b6b -> dc197f6d5a52 agent=6423/active/ :: fa261f29 succeeded published att=1 lease=0001-01-01T00:00:00Z code= upd=2026-09-30T08:41:48.730583018Z | d8f6f5bc succeeded published att=1 lease=0001-01-01T00:00:00Z code= upd=2026-09-30T08:41:57.844831369Z | 7fb6a0df running recovering att=2 lease=2026-09-30T08:43:11.276940445Z code=dns_peer_enrollment_required upd=2026-09-30T08:42:51.276940445Z
08:42:51.466554207 CHANGE ledger dc197f6d5a52 -> b3c598ca2886 agent=6423/active/ :: fa261f29 succeeded published att=1 lease=0001-01-01T00:00:00Z code= upd=2026-09-30T08:41:48.730583018Z | d8f6f5bc succeeded published att=1 lease=0001-01-01T00:00:00Z code= upd=2026-09-30T08:41:57.844831369Z | 7fb6a0df running recovering att=2 lease=2026-09-30T08:43:11.425180235Z code=dns_peer_enrollment_required upd=2026-09-30T08:42:51.425180235Z
08:42:51.610369940 CHANGE ledger b3c598ca2886 -> 927d5e11cc60 agent=6423/active/ :: fa261f29 succeeded published att=1 lease=0001-01-01T00:00:00Z code= upd=2026-09-30T08:41:48.730583018Z | d8f6f5bc succeeded published att=1 lease=0001-01-01T00:00:00Z code= upd=2026-09-30T08:41:57.844831369Z | 7fb6a0df running recovering att=2 lease=2026-09-30T08:43:11.569411023Z code=dns_peer_enrollment_required upd=2026-09-30T08:42:51.569411023Z
08:42:51.756162477 CHANGE ledger 927d5e11cc60 -> 4caf5cefb2ce agent=6423/active/ :: fa261f29 succeeded published att=1 lease=0001-01-01T00:00:00Z code= upd=2026-09-30T08:41:48.730583018Z | d8f6f5bc succeeded published att=1 lease=0001-01-01T00:00:00Z code= upd=2026-09-30T08:41:57.844831369Z | 7fb6a0df running recovering att=2 lease=2026-09-30T08:43:11.709955519Z code=dns_peer_enrollment_required upd=2026-09-30T08:42:51.709955519Z
08:42:51.904289985 CHANGE ledger 4caf5cefb2ce -> 10a92bfcd8e1 agent=6423/active/ :: fa261f29 succeeded published att=1 lease=0001-01-01T00:00:00Z code= upd=2026-09-30T08:41:48.730583018Z | d8f6f5bc succeeded published att=1 lease=0001-01-01T00:00:00Z code= upd=2026-09-30T08:41:57.844831369Z | 7fb6a0df running recovering att=2 lease=2026-09-30T08:43:11.869914813Z code=dns_peer_enrollment_required upd=2026-09-30T08:42:51.869914813Z
08:42:52.048383610 CHANGE ledger 10a92bfcd8e1 -> 41a4ba47730e agent=6423/active/ :: fa261f29 succeeded published att=1 lease=0001-01-01T00:00:00Z code= upd=2026-09-30T08:41:48.730583018Z | d8f6f5bc succeeded published att=1 lease=0001-01-01T00:00:00Z code= upd=2026-09-30T08:41:57.844831369Z | 7fb6a0df running recovering att=2 lease=2026-09-30T08:43:12.00651048Z code=dns_peer_enrollment_required upd=2026-09-30T08:42:52.00651048Z
08:42:52.189004950 CHANGE ledger 41a4ba47730e -> 95a430fcff86 agent=6423/active/ :: fa261f29 succeeded published att=1 lease=0001-01-01T00:00:00Z code= upd=2026-09-30T08:41:48.730583018Z | d8f6f5bc succeeded published att=1 lease=0001-01-01T00:00:00Z code= upd=2026-09-30T08:41:57.844831369Z | 7fb6a0df running recovering att=2 lease=2026-09-30T08:43:12.146987898Z code=dns_peer_enrollment_required upd=2026-09-30T08:42:52.146987898Z
08:42:52.332369209 CHANGE ledger 95a430fcff86 -> 302b508bbceb agent=6423/active/ :: fa261f29 succeeded published att=1 lease=0001-01-01T00:00:00Z code= upd=2026-09-30T08:41:48.730583018Z | d8f6f5bc succeeded published att=1 lease=0001-01-01T00:00:00Z code= upd=2026-09-30T08:41:57.844831369Z | 7fb6a0df running recovering att=2 lease=2026-09-30T08:43:12.292220242Z code=dns_peer_enrollment_required upd=2026-09-30T08:42:52.292220242Z
08:42:52.479260252 CHANGE ledger 302b508bbceb -> 4fcfbc375b65 agent=6423/active/ :: fa261f29 succeeded published att=1 lease=0001-01-01T00:00:00Z code= upd=2026-09-30T08:41:48.730583018Z | d8f6f5bc succeeded published att=1 lease=0001-01-01T00:00:00Z code= upd=2026-09-30T08:41:57.844831369Z | 7fb6a0df running recovering att=2 lease=2026-09-30T08:43:12.433816315Z code=dns_peer_enrollment_required upd=2026-09-30T08:42:52.433816315Z
08:42:52.621068985 CHANGE ledger 4fcfbc375b65 -> 2cb6fd66962c agent=6423/active/ :: fa261f29 succeeded published att=1 lease=0001-01-01T00:00:00Z code= upd=2026-09-30T08:41:48.730583018Z | d8f6f5bc succeeded published att=1 lease=0001-01-01T00:00:00Z code= upd=2026-09-30T08:41:57.844831369Z | 7fb6a0df running recovering att=2 lease=2026-09-30T08:43:12.57795986Z code=dns_peer_enrollment_required upd=2026-09-30T08:42:52.57795986Z
08:42:52.773449813 CHANGE ledger 2cb6fd66962c -> c75f4a48dc4a agent=6423/active/ :: fa261f29 succeeded published att=1 lease=0001-01-01T00:00:00Z code= upd=2026-09-30T08:41:48.730583018Z | d8f6f5bc succeeded published att=1 lease=0001-01-01T00:00:00Z code= upd=2026-09-30T08:41:57.844831369Z | 7fb6a0df running recovering att=2 lease=2026-09-30T08:43:12.727534872Z code=dns_peer_enrollment_required upd=2026-09-30T08:42:52.727534872Z
08:42:52.928015433 CHANGE ledger c75f4a48dc4a -> 862945d4c1c6 agent=6423/active/ :: fa261f29 succeeded published att=1 lease=0001-01-01T00:00:00Z code= upd=2026-09-30T08:41:48.730583018Z | d8f6f5bc succeeded published att=1 lease=0001-01-01T00:00:00Z code= upd=2026-09-30T08:41:57.844831369Z | 7fb6a0df running recovering att=2 lease=2026-09-30T08:43:12.885431035Z code=dns_peer_enrollment_required upd=2026-09-30T08:42:52.885431035Z
08:42:53.074288715 CHANGE ledger 862945d4c1c6 -> 943ca31d6a1b agent=6423/active/ :: fa261f29 succeeded published att=1 lease=0001-01-01T00:00:00Z code= upd=2026-09-30T08:41:48.730583018Z | d8f6f5bc succeeded published att=1 lease=0001-01-01T00:00:00Z code= upd=2026-09-30T08:41:57.844831369Z | 7fb6a0df running recovering att=2 lease=2026-09-30T08:43:13.033371096Z code=dns_peer_enrollment_required upd=2026-09-30T08:42:53.033371096Z
08:42:53.221900654 CHANGE ledger 943ca31d6a1b -> c943325768fb agent=6423/active/ :: fa261f29 succeeded published att=1 lease=0001-01-01T00:00:00Z code= upd=2026-09-30T08:41:48.730583018Z | d8f6f5bc succeeded published att=1 lease=0001-01-01T00:00:00Z code= upd=2026-09-30T08:41:57.844831369Z | 7fb6a0df running recovering att=2 lease=2026-09-30T08:43:13.170395112Z code=dns_peer_enrollment_required upd=2026-09-30T08:42:53.170395112Z
08:42:53.371418839 CHANGE ledger c943325768fb -> 1119edc113aa agent=6423/active/ :: fa261f29 succeeded published att=1 lease=0001-01-01T00:00:00Z code= upd=2026-09-30T08:41:48.730583018Z | d8f6f5bc succeeded published att=1 lease=0001-01-01T00:00:00Z code= upd=2026-09-30T08:41:57.844831369Z | 7fb6a0df running recovering att=2 lease=2026-09-30T08:43:13.331072586Z code=dns_peer_enrollment_required upd=2026-09-30T08:42:53.331072586Z
08:42:53.520023995 CHANGE ledger 1119edc113aa -> 201ee5693dd9 agent=6423/active/ :: fa261f29 succeeded published att=1 lease=0001-01-01T00:00:00Z code= upd=2026-09-30T08:41:48.730583018Z | d8f6f5bc succeeded published att=1 lease=0001-01-01T00:00:00Z code= upd=2026-09-30T08:41:57.844831369Z | 7fb6a0df running recovering att=2 lease=2026-09-30T08:43:13.473953767Z code=dns_peer_enrollment_required upd=2026-09-30T08:42:53.473953767Z
08:42:53.671608797 CHANGE ledger 201ee5693dd9 -> f72635f6d72c agent=6423/active/ :: fa261f29 succeeded published att=1 lease=0001-01-01T00:00:00Z code= upd=2026-09-30T08:41:48.730583018Z | d8f6f5bc succeeded published att=1 lease=0001-01-01T00:00:00Z code= upd=2026-09-30T08:41:57.844831369Z | 7fb6a0df running recovering att=2 lease=2026-09-30T08:43:13.639174585Z code=dns_peer_enrollment_required upd=2026-09-30T08:42:53.639174585Z
08:42:53.823579595 CHANGE ledger f72635f6d72c -> cd25283987b4 agent=6423/active/ :: fa261f29 succeeded published att=1 lease=0001-01-01T00:00:00Z code= upd=2026-09-30T08:41:48.730583018Z | d8f6f5bc succeeded published att=1 lease=0001-01-01T00:00:00Z code= upd=2026-09-30T08:41:57.844831369Z | 7fb6a0df running recovering att=2 lease=2026-09-30T08:43:13.779982156Z code=dns_peer_enrollment_required upd=2026-09-30T08:42:53.779982156Z
08:42:53.970688108 CHANGE ledger cd25283987b4 -> d4407748a1cf agent=6423/active/ :: fa261f29 succeeded published att=1 lease=0001-01-01T00:00:00Z code= upd=2026-09-30T08:41:48.730583018Z | d8f6f5bc succeeded published att=1 lease=0001-01-01T00:00:00Z code= upd=2026-09-30T08:41:57.844831369Z | 7fb6a0df running recovering att=2 lease=2026-09-30T08:43:13.93670394Z code=dns_peer_enrollment_required upd=2026-09-30T08:42:53.93670394Z
08:42:54.114333267 CHANGE ledger d4407748a1cf -> 0f22169abf3d agent=6423/active/ :: fa261f29 succeeded published att=1 lease=0001-01-01T00:00:00Z code= upd=2026-09-30T08:41:48.730583018Z | d8f6f5bc succeeded published att=1 lease=0001-01-01T00:00:00Z code= upd=2026-09-30T08:41:57.844831369Z | 7fb6a0df running recovering att=2 lease=2026-09-30T08:43:14.075641596Z code=dns_peer_enrollment_required upd=2026-09-30T08:42:54.075641596Z
08:42:54.263405508 CHANGE ledger 0f22169abf3d -> 6a05a00bf550 agent=6423/active/ :: fa261f29 succeeded published att=1 lease=0001-01-01T00:00:00Z code= upd=2026-09-30T08:41:48.730583018Z | d8f6f5bc succeeded published att=1 lease=0001-01-01T00:00:00Z code= upd=2026-09-30T08:41:57.844831369Z | 7fb6a0df running recovering att=2 lease=2026-09-30T08:43:14.227508708Z code=dns_peer_enrollment_required upd=2026-09-30T08:42:54.227508708Z
08:42:54.425887143 CHANGE ledger 6a05a00bf550 -> 4208e8b262ed agent=6423/active/ :: fa261f29 succeeded published att=1 lease=0001-01-01T00:00:00Z code= upd=2026-09-30T08:41:48.730583018Z | d8f6f5bc succeeded published att=1 lease=0001-01-01T00:00:00Z code= upd=2026-09-30T08:41:57.844831369Z | 7fb6a0df running recovering att=2 lease=2026-09-30T08:43:14.371975955Z code=dns_peer_enrollment_required upd=2026-09-30T08:42:54.371975955Z
08:42:54.576896282 CHANGE ledger 4208e8b262ed -> a57aecb2ad8f agent=6423/active/ :: fa261f29 succeeded published att=1 lease=0001-01-01T00:00:00Z code= upd=2026-09-30T08:41:48.730583018Z | d8f6f5bc succeeded published att=1 lease=0001-01-01T00:00:00Z code= upd=2026-09-30T08:41:57.844831369Z | 7fb6a0df running recovering att=2 lease=2026-09-30T08:43:14.537703172Z code=dns_peer_enrollment_required upd=2026-09-30T08:42:54.537703172Z
08:42:54.720029048 CHANGE ledger a57aecb2ad8f -> 605cfc0c7bbb agent=6423/active/ :: fa261f29 succeeded published att=1 lease=0001-01-01T00:00:00Z code= upd=2026-09-30T08:41:48.730583018Z | d8f6f5bc succeeded published att=1 lease=0001-01-01T00:00:00Z code= upd=2026-09-30T08:41:57.844831369Z | 7fb6a0df running recovering att=2 lease=2026-09-30T08:43:14.687962192Z code=dns_peer_enrollment_required upd=2026-09-30T08:42:54.687962192Z
08:42:54.867127083 CHANGE ledger 605cfc0c7bbb -> 5e9efbef25f5 agent=6423/active/ :: fa261f29 succeeded published att=1 lease=0001-01-01T00:00:00Z code= upd=2026-09-30T08:41:48.730583018Z | d8f6f5bc succeeded published att=1 lease=0001-01-01T00:00:00Z code= upd=2026-09-30T08:41:57.844831369Z | 7fb6a0df running recovering att=2 lease=2026-09-30T08:43:14.832824152Z code=dns_peer_enrollment_required upd=2026-09-30T08:42:54.832824152Z
08:42:55.013573279 CHANGE ledger 5e9efbef25f5 -> 3313791d5f80 agent=6423/active/ :: fa261f29 succeeded published att=1 lease=0001-01-01T00:00:00Z code= upd=2026-09-30T08:41:48.730583018Z | d8f6f5bc succeeded published att=1 lease=0001-01-01T00:00:00Z code= upd=2026-09-30T08:41:57.844831369Z | 7fb6a0df running recovering att=2 lease=2026-09-30T08:43:14.964306355Z code=dns_peer_enrollment_required upd=2026-09-30T08:42:54.964306355Z
08:42:55.167423892 CHANGE ledger 3313791d5f80 -> 9ef7ae31a3f2 agent=6423/active/ :: fa261f29 succeeded published att=1 lease=0001-01-01T00:00:00Z code= upd=2026-09-30T08:41:48.730583018Z | d8f6f5bc succeeded published att=1 lease=0001-01-01T00:00:00Z code= upd=2026-09-30T08:41:57.844831369Z | 7fb6a0df running recovering att=2 lease=2026-09-30T08:43:15.13583618Z code=dns_peer_enrollment_required upd=2026-09-30T08:42:55.13583618Z
08:42:55.317413809 CHANGE ledger 9ef7ae31a3f2 -> 867dc17d01b7 agent=6423/active/ :: fa261f29 succeeded published att=1 lease=0001-01-01T00:00:00Z code= upd=2026-09-30T08:41:48.730583018Z | d8f6f5bc succeeded published att=1 lease=0001-01-01T00:00:00Z code= upd=2026-09-30T08:41:57.844831369Z | 7fb6a0df running recovering att=2 lease=2026-09-30T08:43:15.278503132Z code=dns_peer_enrollment_required upd=2026-09-30T08:42:55.278503132Z
08:42:55.476526307 CHANGE ledger 867dc17d01b7 -> 74964beb8046 agent=6423/active/ :: fa261f29 succeeded published att=1 lease=0001-01-01T00:00:00Z code= upd=2026-09-30T08:41:48.730583018Z | d8f6f5bc succeeded published att=1 lease=0001-01-01T00:00:00Z code= upd=2026-09-30T08:41:57.844831369Z | 7fb6a0df running recovering att=2 lease=2026-09-30T08:43:15.410565139Z code=dns_peer_enrollment_required upd=2026-09-30T08:42:55.410565139Z
08:42:55.624655226 CHANGE ledger 74964beb8046 -> ce2696cea5de agent=6423/active/ :: fa261f29 succeeded published att=1 lease=0001-01-01T00:00:00Z code= upd=2026-09-30T08:41:48.730583018Z | d8f6f5bc succeeded published att=1 lease=0001-01-01T00:00:00Z code= upd=2026-09-30T08:41:57.844831369Z | 7fb6a0df running recovering att=2 lease=2026-09-30T08:43:15.582102163Z code=dns_peer_enrollment_required upd=2026-09-30T08:42:55.582102163Z
08:42:55.766248389 CHANGE ledger ce2696cea5de -> 5aab2b57d6f2 agent=6423/active/ :: fa261f29 succeeded published att=1 lease=0001-01-01T00:00:00Z code= upd=2026-09-30T08:41:48.730583018Z | d8f6f5bc succeeded published att=1 lease=0001-01-01T00:00:00Z code= upd=2026-09-30T08:41:57.844831369Z | 7fb6a0df running recovering att=2 lease=2026-09-30T08:43:15.7308924Z code=dns_peer_enrollment_required upd=2026-09-30T08:42:55.7308924Z
08:42:55.909187012 CHANGE ledger 5aab2b57d6f2 -> 108fb115a902 agent=6423/active/ :: fa261f29 succeeded published att=1 lease=0001-01-01T00:00:00Z code= upd=2026-09-30T08:41:48.730583018Z | d8f6f5bc succeeded published att=1 lease=0001-01-01T00:00:00Z code= upd=2026-09-30T08:41:57.844831369Z | 7fb6a0df running recovering att=2 lease=2026-09-30T08:43:15.865987283Z code=dns_peer_enrollment_required upd=2026-09-30T08:42:55.865987283Z
08:42:56.055016323 CHANGE ledger 108fb115a902 -> dfa27309e786 agent=6423/active/ :: fa261f29 succeeded published att=1 lease=0001-01-01T00:00:00Z code= upd=2026-09-30T08:41:48.730583018Z | d8f6f5bc succeeded published att=1 lease=0001-01-01T00:00:00Z code= upd=2026-09-30T08:41:57.844831369Z | 7fb6a0df running recovering att=2 lease=2026-09-30T08:43:16.025386046Z code=dns_peer_enrollment_required upd=2026-09-30T08:42:56.025386046Z
08:42:56.204028539 CHANGE ledger dfa27309e786 -> 1b19f88f84aa agent=6423/active/ :: fa261f29 succeeded published att=1 lease=0001-01-01T00:00:00Z code= upd=2026-09-30T08:41:48.730583018Z | d8f6f5bc succeeded published att=1 lease=0001-01-01T00:00:00Z code= upd=2026-09-30T08:41:57.844831369Z | 7fb6a0df running recovering att=2 lease=2026-09-30T08:43:16.167794384Z code=dns_peer_enrollment_required upd=2026-09-30T08:42:56.167794384Z
08:42:56.352067936 CHANGE ledger 1b19f88f84aa -> deb256bf6c12 agent=6423/active/ :: fa261f29 succeeded published att=1 lease=0001-01-01T00:00:00Z code= upd=2026-09-30T08:41:48.730583018Z | d8f6f5bc succeeded published att=1 lease=0001-01-01T00:00:00Z code= upd=2026-09-30T08:41:57.844831369Z | 7fb6a0df running recovering att=2 lease=2026-09-30T08:43:16.312167746Z code=dns_peer_enrollment_required upd=2026-09-30T08:42:56.312167746Z
08:42:56.497475312 CHANGE ledger deb256bf6c12 -> 6db39f876c93 agent=6423/active/ :: fa261f29 succeeded published att=1 lease=0001-01-01T00:00:00Z code= upd=2026-09-30T08:41:48.730583018Z | d8f6f5bc succeeded published att=1 lease=0001-01-01T00:00:00Z code= upd=2026-09-30T08:41:57.844831369Z | 7fb6a0df running recovering att=2 lease=2026-09-30T08:43:16.454164791Z code=dns_peer_enrollment_required upd=2026-09-30T08:42:56.454164791Z
08:42:56.642822045 CHANGE ledger 6db39f876c93 -> 0719c905a0d6 agent=6423/active/ :: fa261f29 succeeded published att=1 lease=0001-01-01T00:00:00Z code= upd=2026-09-30T08:41:48.730583018Z | d8f6f5bc succeeded published att=1 lease=0001-01-01T00:00:00Z code= upd=2026-09-30T08:41:57.844831369Z | 7fb6a0df running recovering att=2 lease=2026-09-30T08:43:16.608418853Z code=dns_peer_enrollment_required upd=2026-09-30T08:42:56.608418853Z
08:42:56.781536718 CHANGE ledger 0719c905a0d6 -> 59f0764f3515 agent=6423/active/ :: fa261f29 succeeded published att=1 lease=0001-01-01T00:00:00Z code= upd=2026-09-30T08:41:48.730583018Z | d8f6f5bc succeeded published att=1 lease=0001-01-01T00:00:00Z code= upd=2026-09-30T08:41:57.844831369Z | 7fb6a0df succeeded published att=2 lease=0001-01-01T00:00:00Z code= upd=2026-09-30T08:42:56.749055729Z
08:42:58.849902140 CHANGE ledger 59f0764f3515 -> 694733988a00 agent=6423/active/ :: fa261f29 succeeded published att=1 lease=0001-01-01T00:00:00Z code= upd=2026-09-30T08:41:48.730583018Z | d8f6f5bc succeeded published att=1 lease=0001-01-01T00:00:00Z code= upd=2026-09-30T08:41:57.844831369Z | 7fb6a0df succeeded published att=2 lease=0001-01-01T00:00:00Z code= upd=2026-09-30T08:42:56.749055729Z | f689f311 running leased att=1 lease=2026-09-30T08:43:18.800574496Z code= upd=2026-09-30T08:42:58.800574496Z
08:42:59.003661614 CHANGE ledger 694733988a00 -> be974bad050d agent=6423/active/ :: fa261f29 succeeded published att=1 lease=0001-01-01T00:00:00Z code= upd=2026-09-30T08:41:48.730583018Z | d8f6f5bc succeeded published att=1 lease=0001-01-01T00:00:00Z code= upd=2026-09-30T08:41:57.844831369Z | 7fb6a0df succeeded published att=2 lease=0001-01-01T00:00:00Z code= upd=2026-09-30T08:42:56.749055729Z | f689f311 running leased att=1 lease=2026-09-30T08:43:18.96011578Z code= upd=2026-09-30T08:42:58.96011578Z
08:42:59.154743917 CHANGE ledger be974bad050d -> 0912dd279d18 agent=6423/active/ :: fa261f29 succeeded published att=1 lease=0001-01-01T00:00:00Z code= upd=2026-09-30T08:41:48.730583018Z | d8f6f5bc succeeded published att=1 lease=0001-01-01T00:00:00Z code= upd=2026-09-30T08:41:57.844831369Z | 7fb6a0df succeeded published att=2 lease=0001-01-01T00:00:00Z code= upd=2026-09-30T08:42:56.749055729Z | f689f311 running leased att=1 lease=2026-09-30T08:43:19.121021947Z code= upd=2026-09-30T08:42:59.121021947Z
08:42:59.303033458 CHANGE ledger 0912dd279d18 -> 3aa3c485ab42 agent=6423/active/ :: fa261f29 succeeded published att=1 lease=0001-01-01T00:00:00Z code= upd=2026-09-30T08:41:48.730583018Z | d8f6f5bc succeeded published att=1 lease=0001-01-01T00:00:00Z code= upd=2026-09-30T08:41:57.844831369Z | 7fb6a0df succeeded published att=2 lease=0001-01-01T00:00:00Z code= upd=2026-09-30T08:42:56.749055729Z | f689f311 running leased att=1 lease=2026-09-30T08:43:19.259164278Z code= upd=2026-09-30T08:42:59.259164278Z
08:42:59.441427526 CHANGE ledger 3aa3c485ab42 -> d62f33e60f72 agent=6423/active/ :: fa261f29 succeeded published att=1 lease=0001-01-01T00:00:00Z code= upd=2026-09-30T08:41:48.730583018Z | d8f6f5bc succeeded published att=1 lease=0001-01-01T00:00:00Z code= upd=2026-09-30T08:41:57.844831369Z | 7fb6a0df succeeded published att=2 lease=0001-01-01T00:00:00Z code= upd=2026-09-30T08:42:56.749055729Z | f689f311 running leased att=1 lease=2026-09-30T08:43:19.410550833Z code= upd=2026-09-30T08:42:59.410550833Z
08:42:59.583845819 CHANGE ledger d62f33e60f72 -> bd1f5e65be5b agent=6423/active/ :: fa261f29 succeeded published att=1 lease=0001-01-01T00:00:00Z code= upd=2026-09-30T08:41:48.730583018Z | d8f6f5bc succeeded published att=1 lease=0001-01-01T00:00:00Z code= upd=2026-09-30T08:41:57.844831369Z | 7fb6a0df succeeded published att=2 lease=0001-01-01T00:00:00Z code= upd=2026-09-30T08:42:56.749055729Z | f689f311 running leased att=1 lease=2026-09-30T08:43:19.547688441Z code= upd=2026-09-30T08:42:59.547688441Z
08:42:59.733614142 CHANGE ledger bd1f5e65be5b -> 1bae6ed56713 agent=6423/active/ :: fa261f29 succeeded published att=1 lease=0001-01-01T00:00:00Z code= upd=2026-09-30T08:41:48.730583018Z | d8f6f5bc succeeded published att=1 lease=0001-01-01T00:00:00Z code= upd=2026-09-30T08:41:57.844831369Z | 7fb6a0df succeeded published att=2 lease=0001-01-01T00:00:00Z code= upd=2026-09-30T08:42:56.749055729Z | f689f311 running leased att=1 lease=2026-09-30T08:43:19.688414865Z code= upd=2026-09-30T08:42:59.688414865Z
08:42:59.874799308 CHANGE ledger 1bae6ed56713 -> 634f7ef8f801 agent=6423/active/ :: fa261f29 succeeded published att=1 lease=0001-01-01T00:00:00Z code= upd=2026-09-30T08:41:48.730583018Z | d8f6f5bc succeeded published att=1 lease=0001-01-01T00:00:00Z code= upd=2026-09-30T08:41:57.844831369Z | 7fb6a0df succeeded published att=2 lease=0001-01-01T00:00:00Z code= upd=2026-09-30T08:42:56.749055729Z | f689f311 running leased att=1 lease=2026-09-30T08:43:19.841203747Z code= upd=2026-09-30T08:42:59.841203747Z
08:43:00.020750069 CHANGE ledger 634f7ef8f801 -> 8cb21e27804a agent=6423/active/ :: fa261f29 succeeded published att=1 lease=0001-01-01T00:00:00Z code= upd=2026-09-30T08:41:48.730583018Z | d8f6f5bc succeeded published att=1 lease=0001-01-01T00:00:00Z code= upd=2026-09-30T08:41:57.844831369Z | 7fb6a0df succeeded published att=2 lease=0001-01-01T00:00:00Z code= upd=2026-09-30T08:42:56.749055729Z | f689f311 running leased att=1 lease=2026-09-30T08:43:19.981446109Z code= upd=2026-09-30T08:42:59.981446109Z
08:43:00.181742223 CHANGE ledger 8cb21e27804a -> e8f0b4bc57d0 agent=6423/active/ :: fa261f29 succeeded published att=1 lease=0001-01-01T00:00:00Z code= upd=2026-09-30T08:41:48.730583018Z | d8f6f5bc succeeded published att=1 lease=0001-01-01T00:00:00Z code= upd=2026-09-30T08:41:57.844831369Z | 7fb6a0df succeeded published att=2 lease=0001-01-01T00:00:00Z code= upd=2026-09-30T08:42:56.749055729Z | f689f311 running applied att=1 lease=2026-09-30T08:43:20.127357936Z code= upd=2026-09-30T08:43:00.127357936Z
08:43:00.322559963 CHANGE ledger e8f0b4bc57d0 -> 56db026bda81 agent=6423/active/ :: fa261f29 succeeded published att=1 lease=0001-01-01T00:00:00Z code= upd=2026-09-30T08:41:48.730583018Z | d8f6f5bc succeeded published att=1 lease=0001-01-01T00:00:00Z code= upd=2026-09-30T08:41:57.844831369Z | 7fb6a0df succeeded published att=2 lease=0001-01-01T00:00:00Z code= upd=2026-09-30T08:42:56.749055729Z | f689f311 running applied att=1 lease=2026-09-30T08:43:20.275187957Z code= upd=2026-09-30T08:43:00.275187957Z
08:43:00.472176473 CHANGE ledger 56db026bda81 -> 8da2187e7159 agent=6423/active/ :: fa261f29 succeeded published att=1 lease=0001-01-01T00:00:00Z code= upd=2026-09-30T08:41:48.730583018Z | d8f6f5bc succeeded published att=1 lease=0001-01-01T00:00:00Z code= upd=2026-09-30T08:41:57.844831369Z | 7fb6a0df succeeded published att=2 lease=0001-01-01T00:00:00Z code= upd=2026-09-30T08:42:56.749055729Z | f689f311 running applied att=1 lease=2026-09-30T08:43:20.433446822Z code= upd=2026-09-30T08:43:00.433446822Z
08:43:00.623256283 CHANGE ledger 8da2187e7159 -> d38245b2418f agent=6423/active/ :: fa261f29 succeeded published att=1 lease=0001-01-01T00:00:00Z code= upd=2026-09-30T08:41:48.730583018Z | d8f6f5bc succeeded published att=1 lease=0001-01-01T00:00:00Z code= upd=2026-09-30T08:41:57.844831369Z | 7fb6a0df succeeded published att=2 lease=0001-01-01T00:00:00Z code= upd=2026-09-30T08:42:56.749055729Z | f689f311 running applied att=1 lease=2026-09-30T08:43:20.581426975Z code= upd=2026-09-30T08:43:00.581426975Z
08:43:00.768148817 CHANGE ledger d38245b2418f -> 6a61b59e9c69 agent=6423/active/ :: fa261f29 succeeded published att=1 lease=0001-01-01T00:00:00Z code= upd=2026-09-30T08:41:48.730583018Z | d8f6f5bc succeeded published att=1 lease=0001-01-01T00:00:00Z code= upd=2026-09-30T08:41:57.844831369Z | 7fb6a0df succeeded published att=2 lease=0001-01-01T00:00:00Z code= upd=2026-09-30T08:42:56.749055729Z | f689f311 running applied att=1 lease=2026-09-30T08:43:20.739619437Z code= upd=2026-09-30T08:43:00.739619437Z
08:43:00.929103661 CHANGE ledger 6a61b59e9c69 -> f761312d2abc agent=6423/active/ :: fa261f29 succeeded published att=1 lease=0001-01-01T00:00:00Z code= upd=2026-09-30T08:41:48.730583018Z | d8f6f5bc succeeded published att=1 lease=0001-01-01T00:00:00Z code= upd=2026-09-30T08:41:57.844831369Z | 7fb6a0df succeeded published att=2 lease=0001-01-01T00:00:00Z code= upd=2026-09-30T08:42:56.749055729Z | f689f311 running applied att=1 lease=2026-09-30T08:43:20.882215777Z code= upd=2026-09-30T08:43:00.882215777Z
08:43:01.072786802 CHANGE ledger f761312d2abc -> c6cce68c588f agent=6423/active/ :: fa261f29 succeeded published att=1 lease=0001-01-01T00:00:00Z code= upd=2026-09-30T08:41:48.730583018Z | d8f6f5bc succeeded published att=1 lease=0001-01-01T00:00:00Z code= upd=2026-09-30T08:41:57.844831369Z | 7fb6a0df succeeded published att=2 lease=0001-01-01T00:00:00Z code= upd=2026-09-30T08:42:56.749055729Z | f689f311 running applied att=1 lease=2026-09-30T08:43:21.038609963Z code= upd=2026-09-30T08:43:01.038609963Z
08:43:01.224910704 CHANGE ledger c6cce68c588f -> 65591528dc9e agent=6423/active/ :: fa261f29 succeeded published att=1 lease=0001-01-01T00:00:00Z code= upd=2026-09-30T08:41:48.730583018Z | d8f6f5bc succeeded published att=1 lease=0001-01-01T00:00:00Z code= upd=2026-09-30T08:41:57.844831369Z | 7fb6a0df succeeded published att=2 lease=0001-01-01T00:00:00Z code= upd=2026-09-30T08:42:56.749055729Z | f689f311 running applied att=1 lease=2026-09-30T08:43:21.185993408Z code= upd=2026-09-30T08:43:01.185993408Z
08:43:01.364775705 CHANGE ledger 65591528dc9e -> aaac583b9f2f agent=6423/active/ :: fa261f29 succeeded published att=1 lease=0001-01-01T00:00:00Z code= upd=2026-09-30T08:41:48.730583018Z | d8f6f5bc succeeded published att=1 lease=0001-01-01T00:00:00Z code= upd=2026-09-30T08:41:57.844831369Z | 7fb6a0df succeeded published att=2 lease=0001-01-01T00:00:00Z code= upd=2026-09-30T08:42:56.749055729Z | f689f311 running applied att=1 lease=2026-09-30T08:43:21.330953676Z code= upd=2026-09-30T08:43:01.330953676Z
08:43:01.717627483 CHANGE ledger aaac583b9f2f -> 64b473a40142 agent=6423/active/ :: fa261f29 succeeded published att=1 lease=0001-01-01T00:00:00Z code= upd=2026-09-30T08:41:48.730583018Z | d8f6f5bc succeeded published att=1 lease=0001-01-01T00:00:00Z code= upd=2026-09-30T08:41:57.844831369Z | 7fb6a0df succeeded published att=2 lease=0001-01-01T00:00:00Z code= upd=2026-09-30T08:42:56.749055729Z | f689f311 succeeded published att=1 lease=0001-01-01T00:00:00Z code= upd=2026-09-30T08:43:01.659143423Z
done
