22:54:47.217194396 CHANGE journal none -> absent
22:54:47.253029813 CHANGE ledger none -> 177f61d12ed0bb85e6ea535b807b376e26bbe0871405a13867c0b3cb6ea4b211
22:54:47.263848014 CHANGE state none -> absent
22:54:47.271321624 CHANGE pdnsdb none -> absent
22:54:47.285848545 POINTER 
22:54:47.288987724 pdns=0/0/inactive/dead/ named=0/inactive/dead/ agent=0/inactive/ jphase=absent killpid=
22:54:47.694662846 pdns=0/0/inactive/dead/ named=0/inactive/dead/ agent=0/inactive/ jphase=absent killpid=
22:54:47.981267232 pdns=0/0/inactive/dead/ named=0/inactive/dead/ agent=0/inactive/ jphase=absent killpid=
22:54:48.286732636 pdns=0/0/inactive/dead/ named=0/inactive/dead/ agent=0/inactive/ jphase=absent killpid=
22:54:48.575008596 pdns=0/0/inactive/dead/ named=0/inactive/dead/ agent=0/inactive/ jphase=absent killpid=
22:54:48.867314966 pdns=0/0/inactive/dead/ named=0/inactive/dead/ agent=0/inactive/ jphase=absent killpid=
22:54:49.202932912 pdns=0/0/inactive/dead/ named=0/inactive/dead/ agent=0/inactive/ jphase=absent killpid=
22:54:49.513661871 pdns=0/0/inactive/dead/ named=0/inactive/dead/ agent=0/inactive/ jphase=absent killpid=1927,
22:54:49.848569760 pdns=0/0/inactive/dead/ named=0/inactive/dead/ agent=0/inactive/ jphase=absent killpid=1927,
22:54:50.137344770 pdns=0/0/inactive/dead/ named=0/inactive/dead/ agent=0/inactive/ jphase=absent killpid=1927,
22:54:50.434404040 CHANGE ledger 177f61d12ed0bb85e6ea535b807b376e26bbe0871405a13867c0b3cb6ea4b211 -> 3ebf549c154deb1e1817115e781be903cab9a4f36abbdb90b1bf356da58ed800
22:54:50.439942377 pdns=0/0/inactive/dead/ named=0/inactive/dead/ agent=0/inactive/ jphase=absent killpid=1927,
22:54:50.765992518 CHANGE ledger 3ebf549c154deb1e1817115e781be903cab9a4f36abbdb90b1bf356da58ed800 -> e71162ae84ad34e36679bfda846d51a67d254d2ded161a1f1545bdcc9428f4ac
22:54:50.772043829 pdns=0/0/inactive/dead/ named=0/inactive/dead/ agent=0/inactive/ jphase=absent killpid=1927,2121,
22:54:51.084672313 pdns=0/0/inactive/dead/ named=0/inactive/dead/ agent=0/inactive/ jphase=absent killpid=1927,2121,
22:54:51.418432027 pdns=0/0/inactive/dead/ named=0/inactive/dead/ agent=0/inactive/ jphase=absent killpid=1927,2121,
22:54:51.881140418 pdns=0/0/inactive/dead/ named=0/inactive/dead/ agent=0/inactive/ jphase=absent killpid=1927,2121,
22:54:52.232221647 pdns=0/0/inactive/dead/ named=0/inactive/dead/ agent=0/inactive/ jphase=absent killpid=1927,2121,
22:54:52.630264967 pdns=0/0/inactive/dead/ named=0/inactive/dead/ agent=0/inactive/ jphase=absent killpid=1927,2121,
22:54:53.087024242 pdns=0/0/inactive/dead/ named=0/inactive/dead/ agent=0/inactive/ jphase=absent killpid=1927,2121,
22:54:53.466065425 pdns=0/0/inactive/dead/ named=0/inactive/dead/ agent=0/inactive/ jphase=absent killpid=1927,2121,
22:54:53.945462527 pdns=0/0/inactive/dead/ named=0/inactive/dead/ agent=0/inactive/ jphase=absent killpid=1927,2121,
22:54:54.353138370 pdns=0/0/inactive/dead/ named=0/inactive/dead/ agent=0/inactive/ jphase=absent killpid=1927,2121,
22:54:54.703463096 pdns=0/0/inactive/dead/ named=0/inactive/dead/ agent=0/inactive/ jphase=absent killpid=1927,2121,
22:54:55.001840659 pdns=0/0/inactive/dead/ named=0/inactive/dead/ agent=0/inactive/ jphase=absent killpid=1927,2121,
22:54:55.307615178 pdns=0/0/inactive/dead/ named=0/inactive/dead/ agent=0/inactive/ jphase=absent killpid=1927,2121,
22:54:55.630713302 CHANGE ledger e71162ae84ad34e36679bfda846d51a67d254d2ded161a1f1545bdcc9428f4ac -> 44805dfc61b3fd03905a1d3bdee66c82dcdba7386aef21086297e44939e29fc5
22:54:55.636725593 pdns=0/0/inactive/dead/ named=0/inactive/dead/ agent=0/inactive/ jphase=absent killpid=1927,2121,
22:54:55.936605529 pdns=0/0/inactive/dead/ named=0/inactive/dead/ agent=0/inactive/ jphase=absent killpid=1927,2121,
22:54:56.274522259 CHANGE ledger 44805dfc61b3fd03905a1d3bdee66c82dcdba7386aef21086297e44939e29fc5 -> 8bda9b59e2c7732f04ee2ea3c0d335d77828b76d340e4ff2e9436768509ec72a
22:54:56.285383824 pdns=0/0/inactive/dead/ named=0/inactive/dead/ agent=0/inactive/ jphase=absent killpid=1927,2593,
22:54:56.704586611 CHANGE ledger 8bda9b59e2c7732f04ee2ea3c0d335d77828b76d340e4ff2e9436768509ec72a -> 356512741e4132213d153f97e5fe22704299c1aa7383ed0177f9cec5e84d5b5a
22:54:56.711874426 pdns=0/0/inactive/dead/ named=0/inactive/dead/ agent=0/inactive/ jphase=absent killpid=1927,
22:54:57.277216042 CHANGE ledger 356512741e4132213d153f97e5fe22704299c1aa7383ed0177f9cec5e84d5b5a -> b149891eff692bfcd809aaf2b1d06856f4cd18b126ccc37b33917b8d469d1893
22:54:57.284742304 pdns=0/0/inactive/dead/ named=0/inactive/dead/ agent=0/inactive/ jphase=absent killpid=1927,2724,
22:54:57.641810070 pdns=0/0/inactive/dead/ named=0/inactive/dead/ agent=0/inactive/ jphase=absent killpid=1927,2724,
22:54:58.020956184 pdns=0/0/inactive/dead/ named=0/inactive/dead/ agent=0/inactive/ jphase=absent killpid=1927,2724,
22:54:58.314285338 pdns=0/0/inactive/dead/ named=0/inactive/dead/ agent=0/inactive/ jphase=absent killpid=1927,2724,
22:54:58.594836794 pdns=0/0/inactive/dead/ named=0/inactive/dead/ agent=0/inactive/ jphase=absent killpid=1927,2724,
22:54:58.914955021 pdns=0/0/inactive/dead/ named=0/inactive/dead/ agent=0/inactive/ jphase=absent killpid=1927,2724,
22:54:59.283520332 pdns=0/0/inactive/dead/ named=0/inactive/dead/ agent=0/inactive/ jphase=absent killpid=1927,2724,
22:54:59.572255551 pdns=0/0/inactive/dead/ named=0/inactive/dead/ agent=0/inactive/ jphase=absent killpid=1927,2724,
22:54:59.874812951 pdns=0/0/inactive/dead/ named=0/inactive/dead/ agent=0/inactive/ jphase=absent killpid=1927,2724,
22:55:00.180389509 pdns=0/0/inactive/dead/ named=0/inactive/dead/ agent=0/inactive/ jphase=absent killpid=1927,2724,
22:55:00.486797248 CHANGE ledger b149891eff692bfcd809aaf2b1d06856f4cd18b126ccc37b33917b8d469d1893 -> fdbc47b6ea9e1760c6120ca8b311f425554c967c234bfb9ecf3d921705a8e7f2
22:55:00.491369600 pdns=0/0/inactive/dead/ named=0/inactive/dead/ agent=0/inactive/ jphase=absent killpid=1927,2724,
22:55:00.801558264 pdns=0/0/inactive/dead/ named=0/inactive/dead/ agent=0/inactive/ jphase=absent killpid=1927,2724,
22:55:01.162931207 pdns=0/0/inactive/dead/ named=0/inactive/dead/ agent=0/inactive/ jphase=absent killpid=1927,2724,
22:55:01.459289138 pdns=0/0/inactive/dead/ named=0/inactive/dead/ agent=0/inactive/ jphase=absent killpid=1927,2724,
22:55:01.753689502 pdns=0/0/inactive/dead/ named=0/inactive/dead/ agent=0/inactive/ jphase=absent killpid=1927,2724,
22:55:02.064721397 pdns=0/0/inactive/dead/ named=0/inactive/dead/ agent=0/inactive/ jphase=absent killpid=1927,2724,
22:55:02.425010288 CHANGE ledger fdbc47b6ea9e1760c6120ca8b311f425554c967c234bfb9ecf3d921705a8e7f2 -> 704d15ea698b8cfe0967ddcad4409fb92f6d418386f4077238918170e9e94f5d
22:55:02.429199134 pdns=0/0/inactive/dead/ named=0/inactive/dead/ agent=0/inactive/ jphase=absent killpid=1927,3323,
22:55:02.853683384 CHANGE ledger 704d15ea698b8cfe0967ddcad4409fb92f6d418386f4077238918170e9e94f5d -> 774c2ce2e72d52854fce9cd5593b17f2a74a97aa55161d7809bc518ec91c17cd
22:55:02.859576152 pdns=0/0/inactive/dead/ named=0/inactive/dead/ agent=0/inactive/ jphase=absent killpid=1927,
22:55:03.233888722 CHANGE ledger 774c2ce2e72d52854fce9cd5593b17f2a74a97aa55161d7809bc518ec91c17cd -> 43ce30c709c2b92a90b74a40f58ade065c958f9b92361134ed1de12e361ad600
22:55:03.238929600 pdns=0/0/inactive/dead/ named=0/inactive/dead/ agent=0/inactive/ jphase=intent killpid=
22:55:03.654195954 CHANGE journal absent -> f4c97eb087443ec9b1e726ede3d6ec73b7b99339a652aab46715a2db9d863c6d
22:55:03.673289724 CHANGE ledger 43ce30c709c2b92a90b74a40f58ade065c958f9b92361134ed1de12e361ad600 -> 8ea1e05c0d25df19ceef40a8c5a2837f5b7bbf1a0b4bfc83678d5ee7c021f1d0
22:55:03.683658792 pdns=0/0/inactive/dead/ named=0/inactive/dead/ agent=3544/active/ jphase=rolling-back killpid=
22:55:04.026574951 CHANGE journal f4c97eb087443ec9b1e726ede3d6ec73b7b99339a652aab46715a2db9d863c6d -> eb57e692fe7dbd61cbde65f2730ea798e98da2c039a09eee0b96edfb96eb6ff2
22:55:04.036864135 pdns=0/0/inactive/dead/ named=0/inactive/dead/ agent=3544/active/ jphase=rolling-back killpid=
22:55:04.323120856 CHANGE journal eb57e692fe7dbd61cbde65f2730ea798e98da2c039a09eee0b96edfb96eb6ff2 -> absent
22:55:04.334109403 CHANGE ledger 8ea1e05c0d25df19ceef40a8c5a2837f5b7bbf1a0b4bfc83678d5ee7c021f1d0 -> e3e7e878fe7d9f46c98137e6c768406edbdceb56d05b67e3c377ce207cf6bf7b
22:55:04.338642213 pdns=0/0/inactive/dead/ named=0/inactive/dead/ agent=3544/active/ jphase=absent killpid=
22:55:04.667230792 CHANGE ledger e3e7e878fe7d9f46c98137e6c768406edbdceb56d05b67e3c377ce207cf6bf7b -> bb3a424969a422bf1636961a245b26bebdb8ab4459f58e0e17c421f6b8c759fa
22:55:04.676893219 pdns=0/0/inactive/dead/ named=0/inactive/dead/ agent=3544/active/ jphase=absent killpid=
22:55:05.040050651 CHANGE ledger bb3a424969a422bf1636961a245b26bebdb8ab4459f58e0e17c421f6b8c759fa -> ae379f6e47745ee5ea533bd12bc4a6acae6d1c37b4b54a1b1e9cbfc48ce26ab4
22:55:05.048861698 pdns=0/0/inactive/dead/ named=0/inactive/dead/ agent=3544/active/ jphase=absent killpid=
22:55:05.347938577 CHANGE journal absent -> f4c97eb087443ec9b1e726ede3d6ec73b7b99339a652aab46715a2db9d863c6d
22:55:05.360080285 CHANGE ledger ae379f6e47745ee5ea533bd12bc4a6acae6d1c37b4b54a1b1e9cbfc48ce26ab4 -> eaffa1d53c9ac66918b4ba508c1ad769cf9c7ffd70be240605bd9679c09b2d0d
22:55:05.364997250 pdns=0/0/inactive/dead/ named=0/inactive/dead/ agent=3544/active/ jphase=intent killpid=
22:55:05.660051766 pdns=0/0/inactive/dead/ named=0/inactive/dead/ agent=3544/active/ jphase=target-staged killpid=
22:55:06.028722024 CHANGE journal f4c97eb087443ec9b1e726ede3d6ec73b7b99339a652aab46715a2db9d863c6d -> 72c2e7148f1bff757f548acd3ed232be787b2aca1880065299fc58755a16d2a2
22:55:06.040669740 CHANGE ledger eaffa1d53c9ac66918b4ba508c1ad769cf9c7ffd70be240605bd9679c09b2d0d -> 20813bc5d677244cc467c4aa6cdea5c557e1f3501c838b9465b737ced22731b5
22:55:06.057325088 CHANGE pdnsdb absent -> a28311a7c218335cfbb6c1bda54a42aa2757b0872955fb1617acc0e99acd96ef
22:55:06.062081860 pdns=0/0/inactive/dead/ named=0/inactive/dead/ agent=3544/active/ jphase=target-enable-intent killpid=
22:55:06.352812713 CHANGE ledger 20813bc5d677244cc467c4aa6cdea5c557e1f3501c838b9465b737ced22731b5 -> 74840392717221eea370a5383e790103cea733b31323d42f8c611b4a145a610b
22:55:06.362466125 pdns=0/0/inactive/dead/ named=0/inactive/dead/ agent=3544/active/ jphase=target-enable-intent killpid=
22:55:06.956614572 CHANGE ledger 74840392717221eea370a5383e790103cea733b31323d42f8c611b4a145a610b -> a508b3bde4482450477cd7fcb8821084e0763906d149e9a169bacb797b7bde0d
22:55:06.967663229 pdns=0/0/inactive/dead/ named=0/inactive/dead/ agent=3544/active/ jphase=target-enable-intent killpid=
22:55:07.316619238 CHANGE ledger a508b3bde4482450477cd7fcb8821084e0763906d149e9a169bacb797b7bde0d -> 251f91b6612869a0a57cf1d3442e44be6dd577a944b5a4a4baad2992441e84ad
22:55:07.330473265 pdns=0/0/inactive/dead/ named=0/inactive/dead/ agent=3544/active/ jphase=target-enable-intent killpid=
22:55:07.680066044 CHANGE ledger 251f91b6612869a0a57cf1d3442e44be6dd577a944b5a4a4baad2992441e84ad -> bff1f7bba84686161a21f49323282d30f507d879adfc6950eb3d3dad9063bf7a
22:55:07.709480629 pdns=0/0/inactive/dead/ named=0/inactive/dead/ agent=3544/active/ jphase=target-enable-intent killpid=
22:55:08.390238133 CHANGE ledger bff1f7bba84686161a21f49323282d30f507d879adfc6950eb3d3dad9063bf7a -> 9c4d4663b2a67dc9b3d02ed7211bc5d4008a798e392a19d32d30081fb62caf15
22:55:08.413089685 pdns=0/0/inactive/dead/ named=0/inactive/dead/ agent=3544/active/ jphase=target-enable-intent killpid=
22:55:08.795360513 CHANGE ledger 9c4d4663b2a67dc9b3d02ed7211bc5d4008a798e392a19d32d30081fb62caf15 -> 3ac8a2f443a835e98f114d5c4697f5a9419cda5d25c6b2e32f37ee1aae49dcba
22:55:08.810702621 CHANGE pdnsdb a28311a7c218335cfbb6c1bda54a42aa2757b0872955fb1617acc0e99acd96ef -> 58bcb246481060c5d5ce404dc56296bdb33716eeb457ef1507a72694f65f3bf7
22:55:08.814915406 pdns=4707/0/active/running/ named=0/inactive/dead/ agent=3544/active/ jphase=target-started killpid=
22:55:09.110224568 CHANGE journal 72c2e7148f1bff757f548acd3ed232be787b2aca1880065299fc58755a16d2a2 -> b0e70716a27d8d2868fb3c6cd5b7c5504f80b8bbe773068eef342b0b93bb7e24
22:55:09.132460927 CHANGE ledger 3ac8a2f443a835e98f114d5c4697f5a9419cda5d25c6b2e32f37ee1aae49dcba -> 9ab3ecbb7f8feff2d7830064655b3c2ed8cbb24e731189121e271469d44706f2
22:55:09.150884080 CHANGE pdnsdb 58bcb246481060c5d5ce404dc56296bdb33716eeb457ef1507a72694f65f3bf7 -> 56f98f872480f8890ffc7f35222a7d52c0e71483faab37f8a6ab55a0b673fd76
22:55:09.162056070 pdns=4707/0/active/running/ named=0/inactive/dead/ agent=3544/active/ jphase=target-started killpid=
22:55:09.488879365 CHANGE ledger 9ab3ecbb7f8feff2d7830064655b3c2ed8cbb24e731189121e271469d44706f2 -> b7556acaece30a402c6a3b565edc09c9c6ac5e025bcaef4ecbaba51d48753256
22:55:09.505173269 pdns=4707/0/active/running/ named=0/inactive/dead/ agent=3544/active/ jphase=target-started killpid=
22:55:09.826337213 CHANGE ledger b7556acaece30a402c6a3b565edc09c9c6ac5e025bcaef4ecbaba51d48753256 -> 792c0593789d03334c9345b44ef6651a0c4d636e752c2051d70dbb11a701566e
22:55:09.843487713 pdns=4707/0/active/running/ named=0/inactive/dead/ agent=3544/active/ jphase=target-started killpid=
22:55:10.154923172 CHANGE ledger 792c0593789d03334c9345b44ef6651a0c4d636e752c2051d70dbb11a701566e -> 851d6c29d0c1e568282163c5640a1d4d971931a3abf52bd7b9afdd4d95366d66
22:55:10.168068991 pdns=4707/0/active/running/ named=0/inactive/dead/ agent=3544/active/ jphase=target-started killpid=
22:55:10.519956923 CHANGE journal b0e70716a27d8d2868fb3c6cd5b7c5504f80b8bbe773068eef342b0b93bb7e24 -> 381933c3e8f86ff7d0166c58e175f5c7f7a0465e2c083154095f3cd7d4847adc
22:55:10.533125929 CHANGE ledger 851d6c29d0c1e568282163c5640a1d4d971931a3abf52bd7b9afdd4d95366d66 -> 365f012176b0ad3a97616b3d03b8d95bf273ed9bc0694eafe4e63ba25d06c557
22:55:10.545389800 CHANGE state absent -> 33f79c28637d6a18fb2161ad0e865e6730a753c05d03e1b118cd1872d27d4399
22:55:10.563108113 pdns=4707/0/active/running/ named=0/inactive/dead/ agent=3544/active/ jphase=committed killpid=
22:55:10.884431857 pdns=4707/0/active/running/ named=0/inactive/dead/ agent=3544/active/ jphase=committed killpid=
22:55:11.205037941 CHANGE journal 381933c3e8f86ff7d0166c58e175f5c7f7a0465e2c083154095f3cd7d4847adc -> absent
22:55:11.235993545 pdns=4707/0/active/running/ named=0/inactive/dead/ agent=3544/active/ jphase=absent killpid=
22:55:11.548855863 pdns=4707/0/active/running/ named=0/inactive/dead/ agent=3544/active/ jphase=absent killpid=
22:55:11.869812762 CHANGE ledger 365f012176b0ad3a97616b3d03b8d95bf273ed9bc0694eafe4e63ba25d06c557 -> 6de1188428e0a9d34c5a925d2671579f307c3bed8ef49d35b20c5ec493275f2f
22:55:11.884653745 pdns=4707/0/active/running/ named=0/inactive/dead/ agent=3544/active/ jphase=absent killpid=
22:55:12.196026235 pdns=4707/0/active/running/ named=0/inactive/dead/ agent=3544/active/ jphase=absent killpid=
22:55:12.547664569 pdns=4707/0/active/running/ named=0/inactive/dead/ agent=3544/active/ jphase=absent killpid=
22:55:12.833858552 pdns=4707/0/active/running/ named=0/inactive/dead/ agent=3544/active/ jphase=absent killpid=
22:55:13.132879843 pdns=4707/0/active/running/ named=0/inactive/dead/ agent=3544/active/ jphase=absent killpid=
22:55:13.434800401 pdns=4707/0/active/running/ named=0/inactive/dead/ agent=3544/active/ jphase=absent killpid=
22:55:13.779994691 pdns=4707/0/active/running/ named=0/inactive/dead/ agent=3544/active/ jphase=absent killpid=
22:55:14.082410451 pdns=4707/0/active/running/ named=0/inactive/dead/ agent=3544/active/ jphase=absent killpid=
22:55:14.378948559 pdns=4707/0/active/running/ named=0/inactive/dead/ agent=3544/active/ jphase=absent killpid=
22:55:14.677446808 pdns=4707/0/active/running/ named=0/inactive/dead/ agent=3544/active/ jphase=absent killpid=
22:55:14.980938162 pdns=4707/0/active/running/ named=0/inactive/dead/ agent=3544/active/ jphase=absent killpid=
22:55:15.282738772 pdns=4707/0/active/running/ named=0/inactive/dead/ agent=3544/active/ jphase=absent killpid=
22:55:15.605730019 pdns=4707/0/active/running/ named=0/inactive/dead/ agent=3544/active/ jphase=absent killpid=
22:55:15.892368535 pdns=4707/0/active/running/ named=0/inactive/dead/ agent=3544/active/ jphase=absent killpid=
22:55:16.177338989 pdns=4707/0/active/running/ named=0/inactive/dead/ agent=3544/active/ jphase=absent killpid=
22:55:16.480389832 pdns=4707/0/active/running/ named=0/inactive/dead/ agent=3544/active/ jphase=absent killpid=
22:55:16.760511797 pdns=4707/0/active/running/ named=0/inactive/dead/ agent=3544/active/ jphase=absent killpid=
22:55:17.040542078 pdns=4707/0/active/running/ named=0/inactive/dead/ agent=3544/active/ jphase=absent killpid=
22:55:17.321640092 pdns=4707/0/active/running/ named=0/inactive/dead/ agent=3544/active/ jphase=absent killpid=
22:55:17.617914583 pdns=4707/0/active/running/ named=0/inactive/dead/ agent=3544/active/ jphase=absent killpid=
22:55:17.927636125 pdns=4707/0/active/running/ named=0/inactive/dead/ agent=3544/active/ jphase=absent killpid=
22:55:18.230908595 pdns=4707/0/active/running/ named=0/inactive/dead/ agent=3544/active/ jphase=absent killpid=
22:55:18.533719338 pdns=4707/0/active/running/ named=0/inactive/dead/ agent=3544/active/ jphase=absent killpid=
22:55:18.850859691 pdns=4707/0/active/running/ named=0/inactive/dead/ agent=3544/active/ jphase=absent killpid=
22:55:19.204967853 pdns=4707/0/active/running/ named=0/inactive/dead/ agent=3544/active/ jphase=absent killpid=
22:55:19.492042283 pdns=4707/0/active/running/ named=0/inactive/dead/ agent=3544/active/ jphase=absent killpid=
22:55:19.775036227 pdns=4707/0/active/running/ named=0/inactive/dead/ agent=3544/active/ jphase=absent killpid=
22:55:20.074635475 pdns=4707/0/active/running/ named=0/inactive/dead/ agent=3544/active/ jphase=absent killpid=
22:55:20.393254083 pdns=4707/0/active/running/ named=0/inactive/dead/ agent=3544/active/ jphase=absent killpid=
22:55:20.675899524 pdns=4707/0/active/running/ named=0/inactive/dead/ agent=3544/active/ jphase=absent killpid=
22:55:20.959708112 pdns=4707/0/active/running/ named=0/inactive/dead/ agent=3544/active/ jphase=absent killpid=
22:55:21.239995296 pdns=4707/0/active/running/ named=0/inactive/dead/ agent=3544/active/ jphase=absent killpid=
22:55:21.520450508 pdns=4707/0/active/running/ named=0/inactive/dead/ agent=3544/active/ jphase=absent killpid=
22:55:21.803523965 pdns=4707/0/active/running/ named=0/inactive/dead/ agent=3544/active/ jphase=absent killpid=
22:55:22.085663054 pdns=4707/0/active/running/ named=0/inactive/dead/ agent=3544/active/ jphase=absent killpid=
22:55:22.367655660 pdns=4707/0/active/running/ named=0/inactive/dead/ agent=3544/active/ jphase=absent killpid=
22:55:22.652566145 pdns=4707/0/active/running/ named=0/inactive/dead/ agent=3544/active/ jphase=absent killpid=
22:55:22.940061189 pdns=4707/0/active/running/ named=0/inactive/dead/ agent=3544/active/ jphase=absent killpid=
22:55:23.226985410 pdns=4707/0/active/running/ named=0/inactive/dead/ agent=3544/active/ jphase=absent killpid=
22:55:23.508575490 pdns=4707/0/active/running/ named=0/inactive/dead/ agent=3544/active/ jphase=absent killpid=
22:55:23.792977636 pdns=4707/0/active/running/ named=0/inactive/dead/ agent=3544/active/ jphase=absent killpid=
22:55:24.086696332 pdns=4707/0/active/running/ named=0/inactive/dead/ agent=3544/active/ jphase=absent killpid=
22:55:24.391487079 pdns=4707/0/active/running/ named=0/inactive/dead/ agent=3544/active/ jphase=absent killpid=
22:55:24.768129605 pdns=4707/0/active/running/ named=0/inactive/dead/ agent=3544/active/ jphase=absent killpid=
22:55:25.079379056 pdns=4707/0/active/running/ named=0/inactive/dead/ agent=3544/active/ jphase=absent killpid=
22:55:25.420226226 pdns=4707/0/active/running/ named=0/inactive/dead/ agent=3544/active/ jphase=absent killpid=
22:55:25.698448673 pdns=4707/0/active/running/ named=0/inactive/dead/ agent=3544/active/ jphase=absent killpid=
22:55:25.977805163 pdns=4707/0/active/running/ named=0/inactive/dead/ agent=3544/active/ jphase=absent killpid=
22:55:26.265702747 pdns=4707/0/active/running/ named=0/inactive/dead/ agent=3544/active/ jphase=absent killpid=
22:55:26.549460582 pdns=4707/0/active/running/ named=0/inactive/dead/ agent=3544/active/ jphase=absent killpid=
22:55:26.830671619 pdns=4707/0/active/running/ named=0/inactive/dead/ agent=3544/active/ jphase=absent killpid=
22:55:27.121933962 pdns=4707/0/active/running/ named=0/inactive/dead/ agent=3544/active/ jphase=absent killpid=
22:55:27.419032229 pdns=4707/0/active/running/ named=0/inactive/dead/ agent=3544/active/ jphase=absent killpid=
22:55:27.701614815 pdns=4707/0/active/running/ named=0/inactive/dead/ agent=3544/active/ jphase=absent killpid=
22:55:27.989663476 pdns=4707/0/active/running/ named=0/inactive/dead/ agent=3544/active/ jphase=absent killpid=
22:55:28.302764385 pdns=4707/0/active/running/ named=0/inactive/dead/ agent=3544/active/ jphase=absent killpid=
22:55:28.642767119 pdns=4707/0/active/running/ named=0/inactive/dead/ agent=3544/active/ jphase=absent killpid=
22:55:28.994241907 pdns=4707/0/active/running/ named=0/inactive/dead/ agent=3544/active/ jphase=absent killpid=
22:55:29.289702587 pdns=4707/0/active/running/ named=0/inactive/dead/ agent=3544/active/ jphase=absent killpid=
22:55:29.576342444 pdns=4707/0/active/running/ named=0/inactive/dead/ agent=3544/active/ jphase=absent killpid=
22:55:29.860133769 pdns=4707/0/active/running/ named=0/inactive/dead/ agent=3544/active/ jphase=absent killpid=
22:55:30.145506181 pdns=4707/0/active/running/ named=0/inactive/dead/ agent=3544/active/ jphase=absent killpid=
22:55:30.425992979 pdns=4707/0/active/running/ named=0/inactive/dead/ agent=3544/active/ jphase=absent killpid=
22:55:30.706743464 pdns=4707/0/active/running/ named=0/inactive/dead/ agent=3544/active/ jphase=absent killpid=
22:55:30.992135130 pdns=4707/0/active/running/ named=0/inactive/dead/ agent=3544/active/ jphase=absent killpid=
22:55:31.275781745 pdns=4707/0/active/running/ named=0/inactive/dead/ agent=3544/active/ jphase=absent killpid=
22:55:31.557773857 pdns=4707/0/active/running/ named=0/inactive/dead/ agent=3544/active/ jphase=absent killpid=
22:55:31.840590174 pdns=4707/0/active/running/ named=0/inactive/dead/ agent=3544/active/ jphase=absent killpid=
22:55:32.123020244 pdns=4707/0/active/running/ named=0/inactive/dead/ agent=3544/active/ jphase=absent killpid=
22:55:32.401751841 pdns=4707/0/active/running/ named=0/inactive/dead/ agent=3544/active/ jphase=absent killpid=
22:55:32.699660539 pdns=4707/0/active/running/ named=0/inactive/dead/ agent=3544/active/ jphase=absent killpid=
22:55:32.981358063 pdns=4707/0/active/running/ named=0/inactive/dead/ agent=3544/active/ jphase=absent killpid=
22:55:33.266542049 pdns=4707/0/active/running/ named=0/inactive/dead/ agent=3544/active/ jphase=absent killpid=
22:55:33.559369181 pdns=4707/0/active/running/ named=0/inactive/dead/ agent=3544/active/ jphase=absent killpid=
22:55:33.876763557 pdns=4707/0/active/running/ named=0/inactive/dead/ agent=3544/active/ jphase=absent killpid=
22:55:34.241789618 pdns=4707/0/active/running/ named=0/inactive/dead/ agent=3544/active/ jphase=absent killpid=
22:55:34.541290704 pdns=4707/0/active/running/ named=0/inactive/dead/ agent=3544/active/ jphase=absent killpid=
22:55:34.881643811 pdns=4707/0/active/running/ named=0/inactive/dead/ agent=3544/active/ jphase=absent killpid=
22:55:35.164508279 pdns=4707/0/active/running/ named=0/inactive/dead/ agent=3544/active/ jphase=absent killpid=
22:55:35.453312387 pdns=4707/0/active/running/ named=0/inactive/dead/ agent=3544/active/ jphase=absent killpid=
22:55:35.734732560 pdns=4707/0/active/running/ named=0/inactive/dead/ agent=3544/active/ jphase=absent killpid=
22:55:36.017384650 pdns=4707/0/active/running/ named=0/inactive/dead/ agent=3544/active/ jphase=absent killpid=
22:55:36.313041893 pdns=4707/0/active/running/ named=0/inactive/dead/ agent=3544/active/ jphase=absent killpid=
22:55:36.643452348 pdns=4707/0/active/running/ named=0/inactive/dead/ agent=3544/active/ jphase=absent killpid=
22:55:36.998065186 pdns=4707/0/active/running/ named=0/inactive/dead/ agent=3544/active/ jphase=absent killpid=
22:55:37.304714554 pdns=4707/0/active/running/ named=0/inactive/dead/ agent=3544/active/ jphase=absent killpid=
22:55:37.602889721 pdns=4707/0/active/running/ named=0/inactive/dead/ agent=3544/active/ jphase=absent killpid=
22:55:37.959758022 pdns=4707/0/active/running/ named=0/inactive/dead/ agent=3544/active/ jphase=absent killpid=
22:55:38.258857996 pdns=4707/0/active/running/ named=0/inactive/dead/ agent=3544/active/ jphase=absent killpid=
22:55:38.569895463 pdns=4707/0/active/running/ named=0/inactive/dead/ agent=3544/active/ jphase=absent killpid=
22:55:38.857405400 pdns=4707/0/active/running/ named=0/inactive/dead/ agent=3544/active/ jphase=absent killpid=
22:55:39.156433658 pdns=4707/0/active/running/ named=0/inactive/dead/ agent=3544/active/ jphase=absent killpid=
22:55:39.547584382 pdns=4707/0/active/running/ named=0/inactive/dead/ agent=3544/active/ jphase=absent killpid=
22:55:39.893798655 pdns=4707/0/active/running/ named=0/inactive/dead/ agent=3544/active/ jphase=absent killpid=
22:55:40.202634412 pdns=4707/0/active/running/ named=0/inactive/dead/ agent=3544/active/ jphase=absent killpid=
22:55:40.530702739 pdns=4707/0/active/running/ named=0/inactive/dead/ agent=3544/active/ jphase=absent killpid=
22:55:40.889945296 pdns=4707/0/active/running/ named=0/inactive/dead/ agent=3544/active/ jphase=absent killpid=
22:55:41.188766345 pdns=4707/0/active/running/ named=0/inactive/dead/ agent=3544/active/ jphase=absent killpid=
22:55:41.474247921 pdns=4707/0/active/running/ named=0/inactive/dead/ agent=3544/active/ jphase=absent killpid=
22:55:41.762210180 pdns=4707/0/active/running/ named=0/inactive/dead/ agent=3544/active/ jphase=absent killpid=
22:55:42.054765095 pdns=4707/0/active/running/ named=0/inactive/dead/ agent=3544/active/ jphase=absent killpid=
22:55:42.361737531 pdns=4707/0/active/running/ named=0/inactive/dead/ agent=3544/active/ jphase=absent killpid=
22:55:42.743267436 pdns=4707/0/active/running/ named=0/inactive/dead/ agent=3544/active/ jphase=absent killpid=
22:55:43.077978072 pdns=4707/0/active/running/ named=0/inactive/dead/ agent=0/inactive/ jphase=absent killpid=
22:55:43.436189679 pdns=4707/0/active/running/ named=0/inactive/dead/ agent=0/inactive/ jphase=absent killpid=
22:55:43.799762027 pdns=4707/0/active/running/ named=0/inactive/dead/ agent=0/inactive/ jphase=absent killpid=
22:55:44.159431193 pdns=4707/0/active/running/ named=0/inactive/dead/ agent=0/inactive/ jphase=absent killpid=
22:55:44.522544945 pdns=4707/0/active/running/ named=0/inactive/dead/ agent=0/inactive/ jphase=absent killpid=
22:55:44.929787930 pdns=4707/0/active/running/ named=0/inactive/dead/ agent=0/inactive/ jphase=absent killpid=
22:55:45.307641455 pdns=4707/0/active/running/ named=0/inactive/dead/ agent=0/inactive/ jphase=absent killpid=
22:55:45.640619288 pdns=4707/0/active/running/ named=0/inactive/dead/ agent=0/inactive/ jphase=absent killpid=
22:55:45.941835191 pdns=4707/0/active/running/ named=0/inactive/dead/ agent=0/inactive/ jphase=absent killpid=
22:55:46.244431484 pdns=4707/0/active/running/ named=0/inactive/dead/ agent=0/inactive/ jphase=absent killpid=
22:55:46.538084966 pdns=4707/0/active/running/ named=0/inactive/dead/ agent=0/inactive/ jphase=absent killpid=
22:55:46.827874197 pdns=4707/0/active/running/ named=0/inactive/dead/ agent=0/inactive/ jphase=absent killpid=
22:55:47.136401697 pdns=4707/0/active/running/ named=0/inactive/dead/ agent=0/inactive/ jphase=absent killpid=
22:55:47.443908118 pdns=4707/0/active/running/ named=0/inactive/dead/ agent=0/inactive/ jphase=absent killpid=
22:55:47.782585990 pdns=4707/0/active/running/ named=0/inactive/dead/ agent=0/inactive/ jphase=absent killpid=
22:55:48.199011393 pdns=4707/0/active/running/ named=0/inactive/dead/ agent=0/inactive/ jphase=absent killpid=
22:55:48.544223384 pdns=4707/0/active/running/ named=0/inactive/dead/ agent=0/inactive/ jphase=absent killpid=
22:55:48.943960627 pdns=4707/0/active/running/ named=0/inactive/dead/ agent=0/inactive/ jphase=absent killpid=
22:55:49.385538247 pdns=4707/0/active/running/ named=0/inactive/dead/ agent=0/inactive/ jphase=absent killpid=
22:55:49.759476625 pdns=4707/0/active/running/ named=0/inactive/dead/ agent=0/inactive/ jphase=absent killpid=
22:55:50.248498528 pdns=4707/0/active/running/ named=0/inactive/dead/ agent=0/inactive/ jphase=absent killpid=
22:55:50.658656499 pdns=4707/0/active/running/ named=0/inactive/dead/ agent=0/inactive/ jphase=absent killpid=
22:55:50.962807335 pdns=4707/0/active/running/ named=0/inactive/dead/ agent=0/inactive/ jphase=absent killpid=
22:55:51.267698675 pdns=4707/0/active/running/ named=0/inactive/dead/ agent=0/inactive/ jphase=absent killpid=
22:55:51.557986990 pdns=4707/0/active/running/ named=0/inactive/dead/ agent=0/inactive/ jphase=absent killpid=
22:55:51.845489121 pdns=4707/0/active/running/ named=0/inactive/dead/ agent=0/inactive/ jphase=absent killpid=
22:55:52.129591699 pdns=4707/0/active/running/ named=0/inactive/dead/ agent=0/inactive/ jphase=absent killpid=
22:55:52.416685641 pdns=4707/0/active/running/ named=0/inactive/dead/ agent=0/inactive/ jphase=absent killpid=
22:55:52.743922353 pdns=4707/0/active/running/ named=0/inactive/dead/ agent=0/inactive/ jphase=absent killpid=
22:55:53.093660530 pdns=4707/0/active/running/ named=0/inactive/dead/ agent=0/inactive/ jphase=absent killpid=
22:55:53.395114662 pdns=4707/0/active/running/ named=0/inactive/dead/ agent=0/inactive/ jphase=absent killpid=
22:55:53.689488292 pdns=4707/0/active/running/ named=0/inactive/dead/ agent=0/inactive/ jphase=absent killpid=
22:55:53.988139952 pdns=4707/0/active/running/ named=0/inactive/dead/ agent=0/inactive/ jphase=absent killpid=
22:55:54.298594219 pdns=4707/0/active/running/ named=0/inactive/dead/ agent=0/inactive/ jphase=absent killpid=
22:55:54.657296245 pdns=4707/0/active/running/ named=0/inactive/dead/ agent=0/inactive/ jphase=absent killpid=
22:55:54.958882661 pdns=4707/0/active/running/ named=0/inactive/dead/ agent=0/inactive/ jphase=absent killpid=
22:55:55.263375792 pdns=4707/0/active/running/ named=0/inactive/dead/ agent=0/inactive/ jphase=absent killpid=
22:55:55.569492411 pdns=4707/0/active/running/ named=0/inactive/dead/ agent=0/inactive/ jphase=absent killpid=
22:55:55.867286607 pdns=4707/0/active/running/ named=0/inactive/dead/ agent=0/inactive/ jphase=absent killpid=
22:55:56.170336183 pdns=4707/0/active/running/ named=0/inactive/dead/ agent=0/inactive/ jphase=absent killpid=
22:55:56.473755016 pdns=4707/0/active/running/ named=0/inactive/dead/ agent=0/inactive/ jphase=absent killpid=
22:55:56.798291509 pdns=4707/0/active/running/ named=0/inactive/dead/ agent=0/inactive/ jphase=absent killpid=
22:55:57.120897434 pdns=4707/0/active/running/ named=0/inactive/dead/ agent=0/inactive/ jphase=absent killpid=
22:55:57.449947951 pdns=4707/0/active/running/ named=0/inactive/dead/ agent=0/inactive/ jphase=absent killpid=
22:55:57.820787764 pdns=4707/0/active/running/ named=0/inactive/dead/ agent=0/inactive/ jphase=absent killpid=
22:55:58.116762595 pdns=4707/0/active/running/ named=0/inactive/dead/ agent=0/inactive/ jphase=absent killpid=
22:55:58.410309490 pdns=4707/0/active/running/ named=0/inactive/dead/ agent=0/inactive/ jphase=absent killpid=
22:55:58.706878850 pdns=4707/0/active/running/ named=0/inactive/dead/ agent=0/inactive/ jphase=absent killpid=
22:55:59.037476253 pdns=4707/0/active/running/ named=0/inactive/dead/ agent=0/inactive/ jphase=absent killpid=
22:55:59.369974211 pdns=4707/0/active/running/ named=0/inactive/dead/ agent=0/inactive/ jphase=absent killpid=
22:55:59.686714225 pdns=4707/0/active/running/ named=0/inactive/dead/ agent=0/inactive/ jphase=absent killpid=
22:56:00.005458937 pdns=4707/0/active/running/ named=0/inactive/dead/ agent=0/inactive/ jphase=absent killpid=
22:56:00.345325774 pdns=4707/0/active/running/ named=0/inactive/dead/ agent=0/inactive/ jphase=absent killpid=
22:56:00.693171299 pdns=4707/0/active/running/ named=0/inactive/dead/ agent=0/inactive/ jphase=absent killpid=
22:56:01.006488839 pdns=4707/0/active/running/ named=0/inactive/dead/ agent=0/inactive/ jphase=absent killpid=
22:56:01.326301794 pdns=4707/0/active/running/ named=0/inactive/dead/ agent=0/inactive/ jphase=absent killpid=
22:56:01.638690730 pdns=4707/0/active/running/ named=0/inactive/dead/ agent=0/inactive/ jphase=absent killpid=
22:56:01.937929017 pdns=4707/0/active/running/ named=0/inactive/dead/ agent=0/inactive/ jphase=absent killpid=
22:56:02.240962677 pdns=4707/0/active/running/ named=0/inactive/dead/ agent=0/inactive/ jphase=absent killpid=
22:56:02.549421745 pdns=4707/0/active/running/ named=0/inactive/dead/ agent=0/inactive/ jphase=absent killpid=
22:56:02.867943659 pdns=4707/0/active/running/ named=0/inactive/dead/ agent=0/inactive/ jphase=absent killpid=
22:56:03.248725957 pdns=4707/0/active/running/ named=0/inactive/dead/ agent=0/inactive/ jphase=absent killpid=
22:56:03.558067355 pdns=4707/0/active/running/ named=0/inactive/dead/ agent=0/inactive/ jphase=absent killpid=
22:56:03.848883056 pdns=4707/0/active/running/ named=0/inactive/dead/ agent=0/inactive/ jphase=absent killpid=
22:56:04.164857222 pdns=4707/0/active/running/ named=0/inactive/dead/ agent=0/inactive/ jphase=absent killpid=
22:56:04.522333574 pdns=4707/0/active/running/ named=0/inactive/dead/ agent=0/inactive/ jphase=absent killpid=
22:56:04.830895983 pdns=4707/0/active/running/ named=0/inactive/dead/ agent=0/inactive/ jphase=absent killpid=
22:56:05.127496946 pdns=4707/0/active/running/ named=0/inactive/dead/ agent=0/inactive/ jphase=absent killpid=
22:56:05.433338870 pdns=4707/0/active/running/ named=0/inactive/dead/ agent=0/inactive/ jphase=absent killpid=
22:56:05.725984276 pdns=4707/0/active/running/ named=0/inactive/dead/ agent=0/inactive/ jphase=absent killpid=
22:56:06.035763761 pdns=4707/0/active/running/ named=0/inactive/dead/ agent=0/inactive/ jphase=absent killpid=
22:56:06.339336696 pdns=4707/0/active/running/ named=0/inactive/dead/ agent=0/inactive/ jphase=absent killpid=
22:56:06.625545945 pdns=4707/0/active/running/ named=0/inactive/dead/ agent=0/inactive/ jphase=absent killpid=
22:56:06.914019498 pdns=4707/0/active/running/ named=0/inactive/dead/ agent=0/inactive/ jphase=absent killpid=
22:56:07.212398040 pdns=4707/0/active/running/ named=0/inactive/dead/ agent=0/inactive/ jphase=absent killpid=
22:56:07.526011056 pdns=4707/0/active/running/ named=0/inactive/dead/ agent=0/inactive/ jphase=absent killpid=
22:56:07.829550311 pdns=4707/0/active/running/ named=0/inactive/dead/ agent=0/inactive/ jphase=absent killpid=
22:56:08.186902268 pdns=4707/0/active/running/ named=0/inactive/dead/ agent=0/inactive/ jphase=absent killpid=
22:56:08.479517450 pdns=4707/0/active/running/ named=0/inactive/dead/ agent=0/inactive/ jphase=absent killpid=
22:56:08.769655319 pdns=4707/0/active/running/ named=0/inactive/dead/ agent=0/inactive/ jphase=absent killpid=
22:56:09.060576019 pdns=4707/0/active/running/ named=0/inactive/dead/ agent=0/inactive/ jphase=absent killpid=
22:56:09.354300632 pdns=4707/0/active/running/ named=0/inactive/dead/ agent=0/inactive/ jphase=absent killpid=
22:56:09.653715455 pdns=4707/0/active/running/ named=0/inactive/dead/ agent=0/inactive/ jphase=absent killpid=
22:56:09.975857022 pdns=4707/0/active/running/ named=0/inactive/dead/ agent=0/inactive/ jphase=absent killpid=
22:56:10.294349903 pdns=4707/0/active/running/ named=0/inactive/dead/ agent=0/inactive/ jphase=absent killpid=
22:56:10.626709541 pdns=4707/0/active/running/ named=0/inactive/dead/ agent=0/inactive/ jphase=absent killpid=
22:56:10.967470063 pdns=4707/0/active/running/ named=0/inactive/dead/ agent=0/inactive/ jphase=absent killpid=
22:56:11.277827192 pdns=4707/0/active/running/ named=0/inactive/dead/ agent=0/inactive/ jphase=absent killpid=
22:56:11.583361185 pdns=4707/0/active/running/ named=0/inactive/dead/ agent=0/inactive/ jphase=absent killpid=
22:56:11.902483937 pdns=4707/0/active/running/ named=0/inactive/dead/ agent=0/inactive/ jphase=absent killpid=
22:56:12.213968771 pdns=4707/0/active/running/ named=0/inactive/dead/ agent=0/inactive/ jphase=absent killpid=
22:56:12.501605529 pdns=4707/0/active/running/ named=0/inactive/dead/ agent=0/inactive/ jphase=absent killpid=
22:56:12.793593383 pdns=4707/0/active/running/ named=0/inactive/dead/ agent=0/inactive/ jphase=absent killpid=
22:56:13.086700665 pdns=4707/0/active/running/ named=0/inactive/dead/ agent=0/inactive/ jphase=absent killpid=
22:56:13.384815976 pdns=4707/0/active/running/ named=0/inactive/dead/ agent=0/inactive/ jphase=absent killpid=
22:56:13.676673946 pdns=4707/0/active/running/ named=0/inactive/dead/ agent=0/inactive/ jphase=absent killpid=
22:56:13.965229653 pdns=4707/0/active/running/ named=0/inactive/dead/ agent=0/inactive/ jphase=absent killpid=
22:56:14.251651782 pdns=4707/0/active/running/ named=0/inactive/dead/ agent=0/inactive/ jphase=absent killpid=
22:56:14.538315894 pdns=4707/0/active/running/ named=0/inactive/dead/ agent=0/inactive/ jphase=absent killpid=
22:56:14.848958105 pdns=4707/0/active/running/ named=0/inactive/dead/ agent=0/inactive/ jphase=absent killpid=
22:56:15.247897595 pdns=4707/0/active/running/ named=0/inactive/dead/ agent=0/inactive/ jphase=absent killpid=
22:56:15.570861123 pdns=4707/0/active/running/ named=0/inactive/dead/ agent=0/inactive/ jphase=absent killpid=
22:56:15.878909678 pdns=4707/0/active/running/ named=0/inactive/dead/ agent=0/inactive/ jphase=absent killpid=
22:56:16.186258217 pdns=4707/0/active/running/ named=0/inactive/dead/ agent=0/inactive/ jphase=absent killpid=
22:56:16.507938950 pdns=4707/0/active/running/ named=0/inactive/dead/ agent=0/inactive/ jphase=absent killpid=
22:56:16.914673913 pdns=4707/0/active/running/ named=0/inactive/dead/ agent=0/inactive/ jphase=absent killpid=
22:56:17.234336136 pdns=4707/0/active/running/ named=0/inactive/dead/ agent=0/inactive/ jphase=absent killpid=
22:56:17.548733951 pdns=4707/0/active/running/ named=0/inactive/dead/ agent=0/inactive/ jphase=absent killpid=
22:56:17.836114962 pdns=4707/0/active/running/ named=0/inactive/dead/ agent=0/inactive/ jphase=absent killpid=
22:56:18.125392713 pdns=4707/0/active/running/ named=0/inactive/dead/ agent=0/inactive/ jphase=absent killpid=
22:56:18.414708965 pdns=4707/0/active/running/ named=0/inactive/dead/ agent=0/inactive/ jphase=absent killpid=
22:56:18.703586843 pdns=4707/0/active/running/ named=0/inactive/dead/ agent=0/inactive/ jphase=absent killpid=
22:56:18.993203718 pdns=4707/0/active/running/ named=0/inactive/dead/ agent=0/inactive/ jphase=absent killpid=
22:56:19.281998405 pdns=4707/0/active/running/ named=0/inactive/dead/ agent=0/inactive/ jphase=absent killpid=
22:56:19.575796915 pdns=4707/0/active/running/ named=0/inactive/dead/ agent=0/inactive/ jphase=absent killpid=
22:56:19.902426632 pdns=4707/0/active/running/ named=0/inactive/dead/ agent=0/inactive/ jphase=absent killpid=
22:56:20.276044106 pdns=4707/0/active/running/ named=0/inactive/dead/ agent=0/inactive/ jphase=absent killpid=
22:56:20.566927209 pdns=4707/0/active/running/ named=0/inactive/dead/ agent=0/inactive/ jphase=absent killpid=
22:56:20.873132873 pdns=4707/0/active/running/ named=0/inactive/dead/ agent=0/inactive/ jphase=absent killpid=
22:56:21.160149051 pdns=4707/0/active/running/ named=0/inactive/dead/ agent=0/inactive/ jphase=absent killpid=
22:56:21.444707370 pdns=4707/0/active/running/ named=0/inactive/dead/ agent=0/inactive/ jphase=absent killpid=
22:56:21.731681503 pdns=4707/0/active/running/ named=0/inactive/dead/ agent=0/inactive/ jphase=absent killpid=
22:56:22.021212499 pdns=4707/0/active/running/ named=0/inactive/dead/ agent=0/inactive/ jphase=absent killpid=
22:56:22.378932721 pdns=4707/0/active/running/ named=0/inactive/dead/ agent=0/inactive/ jphase=absent killpid=
22:56:22.716924013 pdns=4707/0/active/running/ named=0/inactive/dead/ agent=0/inactive/ jphase=absent killpid=
22:56:23.010095791 pdns=4707/0/active/running/ named=0/inactive/dead/ agent=0/inactive/ jphase=absent killpid=
22:56:23.303164832 pdns=4707/0/active/running/ named=0/inactive/dead/ agent=0/inactive/ jphase=absent killpid=
22:56:23.600754577 pdns=4707/0/active/running/ named=0/inactive/dead/ agent=0/inactive/ jphase=absent killpid=
22:56:23.892932864 pdns=4707/0/active/running/ named=0/inactive/dead/ agent=0/inactive/ jphase=absent killpid=
22:56:24.193885509 pdns=4707/0/active/running/ named=0/inactive/dead/ agent=0/inactive/ jphase=absent killpid=
22:56:24.496872900 pdns=4707/0/active/running/ named=0/inactive/dead/ agent=0/inactive/ jphase=absent killpid=
22:56:24.781459889 pdns=4707/0/active/running/ named=0/inactive/dead/ agent=0/inactive/ jphase=absent killpid=
22:56:25.068054230 pdns=4707/0/active/running/ named=0/inactive/dead/ agent=0/inactive/ jphase=absent killpid=
22:56:25.389266997 pdns=4707/0/active/running/ named=0/inactive/dead/ agent=0/inactive/ jphase=absent killpid=
22:56:25.673983753 pdns=4707/0/active/running/ named=0/inactive/dead/ agent=0/inactive/ jphase=absent killpid=
22:56:25.959430792 pdns=4707/0/active/running/ named=0/inactive/dead/ agent=0/inactive/ jphase=absent killpid=
22:56:26.244736259 pdns=4707/0/active/running/ named=0/inactive/dead/ agent=0/inactive/ jphase=absent killpid=
22:56:26.529683905 pdns=4707/0/active/running/ named=0/inactive/dead/ agent=0/inactive/ jphase=absent killpid=
22:56:26.822619463 pdns=4707/0/active/running/ named=0/inactive/dead/ agent=0/inactive/ jphase=absent killpid=
22:56:27.132739527 pdns=4707/0/active/running/ named=0/inactive/dead/ agent=0/inactive/ jphase=absent killpid=
22:56:27.429355112 pdns=4707/0/active/running/ named=0/inactive/dead/ agent=0/inactive/ jphase=absent killpid=
22:56:27.714650997 pdns=4707/0/active/running/ named=0/inactive/dead/ agent=0/inactive/ jphase=absent killpid=
22:56:28.003285640 pdns=4707/0/active/running/ named=0/inactive/dead/ agent=0/inactive/ jphase=absent killpid=
22:56:28.292452934 pdns=4707/0/active/running/ named=0/inactive/dead/ agent=0/inactive/ jphase=absent killpid=
22:56:28.581652536 pdns=4707/0/active/running/ named=0/inactive/dead/ agent=0/inactive/ jphase=absent killpid=
22:56:28.883913608 pdns=4707/0/active/running/ named=0/inactive/dead/ agent=0/inactive/ jphase=absent killpid=
22:56:29.172937383 pdns=4707/0/active/running/ named=0/inactive/dead/ agent=0/inactive/ jphase=absent killpid=
22:56:29.463288818 pdns=4707/0/active/running/ named=0/inactive/dead/ agent=0/inactive/ jphase=absent killpid=
22:56:29.753026154 pdns=4707/0/active/running/ named=0/inactive/dead/ agent=0/inactive/ jphase=absent killpid=
22:56:30.065518026 pdns=4707/0/active/running/ named=0/inactive/dead/ agent=0/inactive/ jphase=absent killpid=
22:56:30.444774569 pdns=4707/0/active/running/ named=0/inactive/dead/ agent=0/inactive/ jphase=absent killpid=
22:56:30.737811024 pdns=4707/0/active/running/ named=0/inactive/dead/ agent=0/inactive/ jphase=absent killpid=
22:56:31.037260027 pdns=4707/0/active/running/ named=0/inactive/dead/ agent=0/inactive/ jphase=absent killpid=
22:56:31.354114081 pdns=4707/0/active/running/ named=0/inactive/dead/ agent=0/inactive/ jphase=absent killpid=
22:56:31.686207478 pdns=4707/0/active/running/ named=0/inactive/dead/ agent=0/inactive/ jphase=absent killpid=
22:56:31.972118641 pdns=4707/0/active/running/ named=0/inactive/dead/ agent=0/inactive/ jphase=absent killpid=
22:56:32.255791025 pdns=4707/0/active/running/ named=0/inactive/dead/ agent=0/inactive/ jphase=absent killpid=
22:56:32.549842485 pdns=4707/0/active/running/ named=0/inactive/dead/ agent=0/inactive/ jphase=absent killpid=
22:56:32.853931644 pdns=4707/0/active/running/ named=0/inactive/dead/ agent=0/inactive/ jphase=absent killpid=
22:56:33.154607455 pdns=4707/0/active/running/ named=0/inactive/dead/ agent=0/inactive/ jphase=absent killpid=
22:56:33.479184972 pdns=4707/0/active/running/ named=0/inactive/dead/ agent=0/inactive/ jphase=absent killpid=
22:56:33.824139830 pdns=4707/0/active/running/ named=0/inactive/dead/ agent=0/inactive/ jphase=absent killpid=
22:56:34.138781021 pdns=4707/0/active/running/ named=0/inactive/dead/ agent=0/inactive/ jphase=absent killpid=
22:56:34.435951635 pdns=4707/0/active/running/ named=0/inactive/dead/ agent=0/inactive/ jphase=absent killpid=
22:56:34.735691444 pdns=4707/0/active/running/ named=0/inactive/dead/ agent=0/inactive/ jphase=absent killpid=
22:56:35.069799115 pdns=4707/0/active/running/ named=0/inactive/dead/ agent=0/inactive/ jphase=absent killpid=
22:56:35.353537906 pdns=4707/0/active/running/ named=0/inactive/dead/ agent=0/inactive/ jphase=absent killpid=
22:56:35.639323783 pdns=4707/0/active/running/ named=0/inactive/dead/ agent=0/inactive/ jphase=absent killpid=
22:56:35.926902180 pdns=4707/0/active/running/ named=0/inactive/dead/ agent=0/inactive/ jphase=absent killpid=
22:56:36.212167487 pdns=4707/0/active/running/ named=0/inactive/dead/ agent=0/inactive/ jphase=absent killpid=
22:56:36.513249871 pdns=4707/0/active/running/ named=0/inactive/dead/ agent=0/inactive/ jphase=absent killpid=
22:56:36.832233982 pdns=4707/0/active/running/ named=0/inactive/dead/ agent=0/inactive/ jphase=absent killpid=
22:56:37.155967063 pdns=4707/0/active/running/ named=0/inactive/dead/ agent=0/inactive/ jphase=absent killpid=
22:56:37.465578071 pdns=4707/0/active/running/ named=0/inactive/dead/ agent=0/inactive/ jphase=absent killpid=
22:56:37.758321297 pdns=4707/0/active/running/ named=0/inactive/dead/ agent=0/inactive/ jphase=absent killpid=
22:56:38.053266533 pdns=4707/0/active/running/ named=0/inactive/dead/ agent=0/inactive/ jphase=absent killpid=
22:56:38.376440567 pdns=4707/0/active/running/ named=0/inactive/dead/ agent=0/inactive/ jphase=absent killpid=
22:56:38.685500417 pdns=4707/0/active/running/ named=0/inactive/dead/ agent=0/inactive/ jphase=absent killpid=
22:56:38.980332277 pdns=4707/0/active/running/ named=0/inactive/dead/ agent=0/inactive/ jphase=absent killpid=
22:56:39.277139391 pdns=4707/0/active/running/ named=0/inactive/dead/ agent=0/inactive/ jphase=absent killpid=
22:56:39.656160575 pdns=4707/0/active/running/ named=0/inactive/dead/ agent=0/inactive/ jphase=absent killpid=
22:56:39.986497358 pdns=4707/0/active/running/ named=0/inactive/dead/ agent=0/inactive/ jphase=absent killpid=
22:56:40.310183492 pdns=4707/0/active/running/ named=0/inactive/dead/ agent=0/inactive/ jphase=absent killpid=
22:56:40.641438908 pdns=4707/0/active/running/ named=0/inactive/dead/ agent=0/inactive/ jphase=absent killpid=
22:56:40.963673033 pdns=4707/0/active/running/ named=0/inactive/dead/ agent=0/inactive/ jphase=absent killpid=
22:56:41.266360180 pdns=4707/0/active/running/ named=0/inactive/dead/ agent=0/inactive/ jphase=absent killpid=
22:56:41.561861291 pdns=4707/0/active/running/ named=0/inactive/dead/ agent=0/inactive/ jphase=absent killpid=
22:56:41.848348859 pdns=4707/0/active/running/ named=0/inactive/dead/ agent=0/inactive/ jphase=absent killpid=
22:56:42.134874493 pdns=4707/0/active/running/ named=0/inactive/dead/ agent=0/inactive/ jphase=absent killpid=
22:56:42.444079669 pdns=4707/0/active/running/ named=0/inactive/dead/ agent=0/inactive/ jphase=absent killpid=
22:56:42.733516121 pdns=4707/0/active/running/ named=0/inactive/dead/ agent=0/inactive/ jphase=absent killpid=
22:56:43.020141701 pdns=4707/0/active/running/ named=0/inactive/dead/ agent=0/inactive/ jphase=absent killpid=
22:56:43.309925135 pdns=4707/0/active/running/ named=0/inactive/dead/ agent=0/inactive/ jphase=absent killpid=
22:56:43.621933736 pdns=4707/0/active/running/ named=0/inactive/dead/ agent=0/inactive/ jphase=absent killpid=
22:56:43.942906329 pdns=4707/0/active/running/ named=0/inactive/dead/ agent=0/inactive/ jphase=absent killpid=
22:56:44.411522182 pdns=4707/0/active/running/ named=0/inactive/dead/ agent=0/inactive/ jphase=absent killpid=
22:56:44.777121482 pdns=4707/0/active/running/ named=0/inactive/dead/ agent=0/inactive/ jphase=absent killpid=
22:56:45.136118490 pdns=4707/0/active/running/ named=0/inactive/dead/ agent=0/inactive/ jphase=absent killpid=
22:56:45.469902070 pdns=4707/0/active/running/ named=0/inactive/dead/ agent=0/inactive/ jphase=absent killpid=
22:56:45.801847397 pdns=4707/0/active/running/ named=0/inactive/dead/ agent=0/inactive/ jphase=absent killpid=
22:56:46.089216641 pdns=4707/0/active/running/ named=0/inactive/dead/ agent=0/inactive/ jphase=absent killpid=
22:56:46.377307583 pdns=4707/0/active/running/ named=0/inactive/dead/ agent=0/inactive/ jphase=absent killpid=
22:56:46.665094131 pdns=4707/0/active/running/ named=0/inactive/dead/ agent=0/inactive/ jphase=absent killpid=
22:56:46.949260248 pdns=4707/0/active/running/ named=0/inactive/dead/ agent=0/inactive/ jphase=absent killpid=
22:56:47.236520315 pdns=4707/0/active/running/ named=0/inactive/dead/ agent=0/inactive/ jphase=absent killpid=
22:56:47.568510207 pdns=4707/0/active/running/ named=0/inactive/dead/ agent=0/inactive/ jphase=absent killpid=
22:56:47.906525449 pdns=4707/0/active/running/ named=0/inactive/dead/ agent=0/inactive/ jphase=absent killpid=
22:56:48.201814399 pdns=4707/0/active/running/ named=0/inactive/dead/ agent=0/inactive/ jphase=absent killpid=
22:56:48.490890845 pdns=4707/0/active/running/ named=0/inactive/dead/ agent=0/inactive/ jphase=absent killpid=
22:56:48.779357119 pdns=4707/0/active/running/ named=0/inactive/dead/ agent=0/inactive/ jphase=absent killpid=
22:56:49.064122945 pdns=4707/0/active/running/ named=0/inactive/dead/ agent=0/inactive/ jphase=absent killpid=
22:56:49.348436071 pdns=4707/0/active/running/ named=0/inactive/dead/ agent=0/inactive/ jphase=absent killpid=
22:56:49.633511813 pdns=4707/0/active/running/ named=0/inactive/dead/ agent=0/inactive/ jphase=absent killpid=
22:56:49.918146064 pdns=4707/0/active/running/ named=0/inactive/dead/ agent=0/inactive/ jphase=absent killpid=
22:56:50.210047049 pdns=4707/0/active/running/ named=0/inactive/dead/ agent=0/inactive/ jphase=absent killpid=
22:56:50.496098060 pdns=4707/0/active/running/ named=0/inactive/dead/ agent=0/inactive/ jphase=absent killpid=
22:56:50.781612933 pdns=4707/0/active/running/ named=0/inactive/dead/ agent=0/inactive/ jphase=absent killpid=
22:56:51.072604232 pdns=4707/0/active/running/ named=0/inactive/dead/ agent=0/inactive/ jphase=absent killpid=
22:56:51.373126353 pdns=4707/0/active/running/ named=0/inactive/dead/ agent=0/inactive/ jphase=absent killpid=
22:56:51.712483632 pdns=4707/0/active/running/ named=0/inactive/dead/ agent=0/inactive/ jphase=absent killpid=
22:56:52.001424615 pdns=4707/0/active/running/ named=0/inactive/dead/ agent=0/inactive/ jphase=absent killpid=
22:56:52.290344662 pdns=4707/0/active/running/ named=0/inactive/dead/ agent=0/inactive/ jphase=absent killpid=
22:56:52.581496572 pdns=4707/0/active/running/ named=0/inactive/dead/ agent=0/inactive/ jphase=absent killpid=
22:56:52.873245309 pdns=4707/0/active/running/ named=0/inactive/dead/ agent=0/inactive/ jphase=absent killpid=
22:56:53.167805383 pdns=4707/0/active/running/ named=0/inactive/dead/ agent=0/inactive/ jphase=absent killpid=
22:56:53.484965331 pdns=4707/0/active/running/ named=0/inactive/dead/ agent=0/inactive/ jphase=absent killpid=
22:56:53.813772006 pdns=4707/0/active/running/ named=0/inactive/dead/ agent=0/inactive/ jphase=absent killpid=
22:56:54.110191810 pdns=4707/0/active/running/ named=0/inactive/dead/ agent=0/inactive/ jphase=absent killpid=
22:56:54.403548716 pdns=4707/0/active/running/ named=0/inactive/dead/ agent=0/inactive/ jphase=absent killpid=
22:56:54.698254058 pdns=4707/0/active/running/ named=0/inactive/dead/ agent=0/inactive/ jphase=absent killpid=
22:56:54.993873038 pdns=4707/0/active/running/ named=0/inactive/dead/ agent=0/inactive/ jphase=absent killpid=
22:56:55.281563594 pdns=4707/0/active/running/ named=0/inactive/dead/ agent=0/inactive/ jphase=absent killpid=
22:56:55.575993139 pdns=4707/0/active/running/ named=0/inactive/dead/ agent=0/inactive/ jphase=absent killpid=
22:56:55.876909318 pdns=4707/0/active/running/ named=0/inactive/dead/ agent=0/inactive/ jphase=absent killpid=
22:56:56.164888987 pdns=4707/0/active/running/ named=0/inactive/dead/ agent=0/inactive/ jphase=absent killpid=
22:56:56.452380552 pdns=4707/0/active/running/ named=0/inactive/dead/ agent=0/inactive/ jphase=absent killpid=
22:56:56.742671378 pdns=4707/0/active/running/ named=0/inactive/dead/ agent=0/inactive/ jphase=absent killpid=
22:56:57.046635763 pdns=4707/0/active/running/ named=0/inactive/dead/ agent=0/inactive/ jphase=absent killpid=
22:56:57.338459658 pdns=4707/0/active/running/ named=0/inactive/dead/ agent=0/inactive/ jphase=absent killpid=
22:56:57.632029592 pdns=4707/0/active/running/ named=0/inactive/dead/ agent=0/inactive/ jphase=absent killpid=
22:56:57.929446769 pdns=4707/0/active/running/ named=0/inactive/dead/ agent=0/inactive/ jphase=absent killpid=
22:56:58.285713691 pdns=4707/0/active/running/ named=0/inactive/dead/ agent=0/inactive/ jphase=absent killpid=
22:56:58.571879515 pdns=4707/0/active/running/ named=0/inactive/dead/ agent=0/inactive/ jphase=absent killpid=
22:56:58.870262013 pdns=4707/0/active/running/ named=0/inactive/dead/ agent=0/inactive/ jphase=absent killpid=
22:56:59.173345193 pdns=4707/0/active/running/ named=0/inactive/dead/ agent=0/inactive/ jphase=absent killpid=
22:56:59.467607478 pdns=4707/0/active/running/ named=0/inactive/dead/ agent=0/inactive/ jphase=absent killpid=
22:56:59.818889902 pdns=4707/0/active/running/ named=0/inactive/dead/ agent=0/inactive/ jphase=absent killpid=
22:57:00.123901616 pdns=4707/0/active/running/ named=0/inactive/dead/ agent=0/inactive/ jphase=absent killpid=
22:57:00.485594017 pdns=4707/0/active/running/ named=0/inactive/dead/ agent=0/inactive/ jphase=absent killpid=
22:57:00.787669416 pdns=4707/0/active/running/ named=0/inactive/dead/ agent=0/inactive/ jphase=absent killpid=
22:57:01.074087707 pdns=4707/0/active/running/ named=0/inactive/dead/ agent=0/inactive/ jphase=absent killpid=
22:57:01.366311580 pdns=4707/0/active/running/ named=0/inactive/dead/ agent=0/inactive/ jphase=absent killpid=
22:57:01.673264934 pdns=4707/0/active/running/ named=0/inactive/dead/ agent=0/inactive/ jphase=absent killpid=
22:57:02.025747040 pdns=4707/0/active/running/ named=0/inactive/dead/ agent=0/inactive/ jphase=absent killpid=
22:57:02.313541800 pdns=4707/0/active/running/ named=0/inactive/dead/ agent=0/inactive/ jphase=absent killpid=
22:57:02.610004753 pdns=4707/0/active/running/ named=0/inactive/dead/ agent=0/inactive/ jphase=absent killpid=
22:57:02.907633552 pdns=4707/0/active/running/ named=0/inactive/dead/ agent=0/inactive/ jphase=absent killpid=
22:57:03.254589284 pdns=4707/0/active/running/ named=0/inactive/dead/ agent=0/inactive/ jphase=absent killpid=
22:57:03.537800456 pdns=4707/0/active/running/ named=0/inactive/dead/ agent=0/inactive/ jphase=absent killpid=
22:57:03.823773723 pdns=4707/0/active/running/ named=0/inactive/dead/ agent=0/inactive/ jphase=absent killpid=
22:57:04.108590912 pdns=4707/0/active/running/ named=0/inactive/dead/ agent=0/inactive/ jphase=absent killpid=
22:57:04.404227114 pdns=4707/0/active/running/ named=0/inactive/dead/ agent=0/inactive/ jphase=absent killpid=
22:57:04.706704271 pdns=4707/0/active/running/ named=0/inactive/dead/ agent=0/inactive/ jphase=absent killpid=
22:57:05.004793850 pdns=4707/0/active/running/ named=0/inactive/dead/ agent=0/inactive/ jphase=absent killpid=
22:57:05.295953572 pdns=4707/0/active/running/ named=0/inactive/dead/ agent=0/inactive/ jphase=absent killpid=
22:57:05.591243421 pdns=4707/0/active/running/ named=0/inactive/dead/ agent=0/inactive/ jphase=absent killpid=
22:57:05.893384834 pdns=4707/0/active/running/ named=0/inactive/dead/ agent=0/inactive/ jphase=absent killpid=
22:57:06.184526560 pdns=4707/0/active/running/ named=0/inactive/dead/ agent=0/inactive/ jphase=absent killpid=
22:57:06.469654391 pdns=4707/0/active/running/ named=0/inactive/dead/ agent=0/inactive/ jphase=absent killpid=
22:57:06.796023568 pdns=4707/0/active/running/ named=0/inactive/dead/ agent=0/inactive/ jphase=absent killpid=
22:57:07.152078581 pdns=4707/0/active/running/ named=0/inactive/dead/ agent=0/inactive/ jphase=absent killpid=
22:57:07.435749699 pdns=4707/0/active/running/ named=0/inactive/dead/ agent=0/inactive/ jphase=absent killpid=
22:57:07.720476859 pdns=4707/0/active/running/ named=0/inactive/dead/ agent=0/inactive/ jphase=absent killpid=
22:57:08.005352963 pdns=4707/0/active/running/ named=0/inactive/dead/ agent=0/inactive/ jphase=absent killpid=
22:57:08.306365812 pdns=4707/0/active/running/ named=0/inactive/dead/ agent=0/inactive/ jphase=absent killpid=
22:57:08.623835361 pdns=4707/0/active/running/ named=0/inactive/dead/ agent=0/inactive/ jphase=absent killpid=
22:57:08.930755076 pdns=4707/0/active/running/ named=0/inactive/dead/ agent=0/inactive/ jphase=absent killpid=
22:57:09.243229790 pdns=4707/0/active/running/ named=0/inactive/dead/ agent=0/inactive/ jphase=absent killpid=
22:57:09.578032067 pdns=4707/0/active/running/ named=0/inactive/dead/ agent=0/inactive/ jphase=absent killpid=
22:57:09.925359516 pdns=4707/0/active/running/ named=0/inactive/dead/ agent=0/inactive/ jphase=absent killpid=
22:57:10.206548363 pdns=4707/0/active/running/ named=0/inactive/dead/ agent=0/inactive/ jphase=absent killpid=
22:57:10.492777294 pdns=4707/0/active/running/ named=0/inactive/dead/ agent=0/inactive/ jphase=absent killpid=
22:57:10.783395041 pdns=4707/0/active/running/ named=0/inactive/dead/ agent=0/inactive/ jphase=absent killpid=
22:57:11.066383588 pdns=4707/0/active/running/ named=0/inactive/dead/ agent=0/inactive/ jphase=absent killpid=
22:57:11.356900094 pdns=4707/0/active/running/ named=0/inactive/dead/ agent=0/inactive/ jphase=absent killpid=
22:57:11.664803792 pdns=4707/0/active/running/ named=0/inactive/dead/ agent=0/inactive/ jphase=absent killpid=
22:57:11.963594640 pdns=4707/0/active/running/ named=0/inactive/dead/ agent=0/inactive/ jphase=absent killpid=
22:57:12.255283964 pdns=4707/0/active/running/ named=0/inactive/dead/ agent=0/inactive/ jphase=absent killpid=
22:57:12.537535078 pdns=4707/0/active/running/ named=0/inactive/dead/ agent=0/inactive/ jphase=absent killpid=
22:57:12.822594105 pdns=4707/0/active/running/ named=0/inactive/dead/ agent=0/inactive/ jphase=absent killpid=
22:57:13.115542777 pdns=4707/0/active/running/ named=0/inactive/dead/ agent=0/inactive/ jphase=absent killpid=
22:57:13.413018618 pdns=4707/0/active/running/ named=0/inactive/dead/ agent=0/inactive/ jphase=absent killpid=
22:57:13.767108788 pdns=4707/0/active/running/ named=0/inactive/dead/ agent=0/inactive/ jphase=absent killpid=
22:57:14.068846523 pdns=4707/0/active/running/ named=0/inactive/dead/ agent=0/inactive/ jphase=absent killpid=
22:57:14.360602504 pdns=4707/0/active/running/ named=0/inactive/dead/ agent=0/inactive/ jphase=absent killpid=
22:57:14.650676707 pdns=4707/0/active/running/ named=0/inactive/dead/ agent=0/inactive/ jphase=absent killpid=
22:57:14.955405683 pdns=4707/0/active/running/ named=0/inactive/dead/ agent=0/inactive/ jphase=absent killpid=
22:57:15.282010454 pdns=4707/0/active/running/ named=0/inactive/dead/ agent=0/inactive/ jphase=absent killpid=
22:57:15.594799383 pdns=4707/0/active/running/ named=0/inactive/dead/ agent=0/inactive/ jphase=absent killpid=
22:57:15.896533719 pdns=4707/0/active/running/ named=0/inactive/dead/ agent=0/inactive/ jphase=absent killpid=
22:57:16.190596898 pdns=4707/0/active/running/ named=0/inactive/dead/ agent=0/inactive/ jphase=absent killpid=
22:57:16.495529313 pdns=4707/0/active/running/ named=0/inactive/dead/ agent=0/inactive/ jphase=absent killpid=
22:57:16.833905202 pdns=4707/0/active/running/ named=0/inactive/dead/ agent=0/inactive/ jphase=absent killpid=
22:57:17.249253282 pdns=4707/0/active/running/ named=0/inactive/dead/ agent=0/inactive/ jphase=absent killpid=
22:57:17.601903977 pdns=4707/0/active/running/ named=0/inactive/dead/ agent=0/inactive/ jphase=absent killpid=
22:57:18.009092051 pdns=4707/0/active/running/ named=0/inactive/dead/ agent=0/inactive/ jphase=absent killpid=
22:57:18.308152263 pdns=4707/0/active/running/ named=0/inactive/dead/ agent=0/inactive/ jphase=absent killpid=
22:57:18.611741789 pdns=4707/0/active/running/ named=0/inactive/dead/ agent=0/inactive/ jphase=absent killpid=
22:57:18.909770389 pdns=4707/0/active/running/ named=0/inactive/dead/ agent=0/inactive/ jphase=absent killpid=
22:57:19.210916429 pdns=4707/0/active/running/ named=0/inactive/dead/ agent=0/inactive/ jphase=absent killpid=
22:57:19.518350492 pdns=4707/0/active/running/ named=0/inactive/dead/ agent=0/inactive/ jphase=absent killpid=
22:57:19.819886919 pdns=4707/0/active/running/ named=0/inactive/dead/ agent=0/inactive/ jphase=absent killpid=
22:57:20.129713650 pdns=4707/0/active/running/ named=0/inactive/dead/ agent=0/inactive/ jphase=absent killpid=
22:57:20.424586619 pdns=4707/0/active/running/ named=0/inactive/dead/ agent=0/inactive/ jphase=absent killpid=
22:57:20.714669849 pdns=4707/0/active/running/ named=0/inactive/dead/ agent=0/inactive/ jphase=absent killpid=
22:57:21.026288496 pdns=4707/0/active/running/ named=0/inactive/dead/ agent=0/inactive/ jphase=absent killpid=
22:57:21.340230078 pdns=4707/0/active/running/ named=0/inactive/dead/ agent=0/inactive/ jphase=absent killpid=
22:57:21.651649653 pdns=4707/0/active/running/ named=0/inactive/dead/ agent=0/inactive/ jphase=absent killpid=
