19:24:14.795834500 CHANGE journal none -> absent
19:24:14.808820656 CHANGE ledger none -> df546b668a2005a421d2cf158ecd1f0632ff37872ecfd17035c69600b4869248
19:24:14.816955649 CHANGE state none -> 54d3207796846557b9a90f0a6ddb8bff8164ef29188987f6d7d514be7318652b
19:24:14.820004712 CHANGE pdnsdb none -> absent
19:24:14.824796214 POINTER /var/cache/bind/celikpanel mtime=2026-09-29 19:23:18.501945455 +0000 ino=131590 /var/cache/bind/celikpanel/current mtime=2026-09-29 19:23:18.485945990 +0000 ino=131623 -> '/var/cache/bind/celikpanel/current' -> 'generations/92ed21af8ae16bcfbbff49f445f635db15ce01b47004b48bca86c0a7cc0a0dc2' 
19:24:14.826164693 pdns=0/0/inactive/dead/ named=652/active/running/ agent=640/active/ jphase=absent killpid=
19:24:15.166922374 pdns=0/0/inactive/dead/ named=652/active/running/ agent=640/active/ jphase=absent killpid=
19:24:15.436041017 pdns=0/0/inactive/dead/ named=652/active/running/ agent=640/active/ jphase=absent killpid=
19:24:15.705606618 pdns=0/0/inactive/dead/ named=652/active/running/ agent=640/active/ jphase=absent killpid=
19:24:15.974550475 pdns=0/0/inactive/dead/ named=652/active/running/ agent=640/active/ jphase=absent killpid=
19:24:16.244202689 pdns=0/0/inactive/dead/ named=652/active/running/ agent=640/active/ jphase=absent killpid=
19:24:16.516958201 pdns=0/0/inactive/dead/ named=652/active/running/ agent=640/active/ jphase=absent killpid=
19:24:16.787097985 pdns=0/0/inactive/dead/ named=652/active/running/ agent=640/active/ jphase=absent killpid=
19:24:17.057943905 pdns=0/0/inactive/dead/ named=652/active/running/ agent=640/active/ jphase=absent killpid=
19:24:17.331409167 pdns=0/0/inactive/dead/ named=652/active/running/ agent=640/active/ jphase=absent killpid=
19:24:17.599106168 pdns=0/0/inactive/dead/ named=652/active/running/ agent=640/active/ jphase=absent killpid=
19:24:17.878526210 pdns=0/0/inactive/dead/ named=652/active/running/ agent=640/active/ jphase=absent killpid=
19:24:18.177052984 pdns=0/0/inactive/dead/ named=652/active/running/ agent=640/active/ jphase=absent killpid=
19:24:18.456901356 pdns=0/0/inactive/dead/ named=652/active/running/ agent=640/active/ jphase=absent killpid=
19:24:18.727789365 pdns=0/0/inactive/dead/ named=652/active/running/ agent=640/active/ jphase=absent killpid=
19:24:19.001483234 pdns=0/0/inactive/dead/ named=652/active/running/ agent=640/active/ jphase=absent killpid=
19:24:19.271521396 pdns=0/0/inactive/dead/ named=652/active/running/ agent=640/active/ jphase=absent killpid=
19:24:19.543583941 pdns=0/0/inactive/dead/ named=652/active/running/ agent=640/active/ jphase=absent killpid=
19:24:19.812208426 pdns=0/0/inactive/dead/ named=652/active/running/ agent=640/active/ jphase=absent killpid=
19:24:20.079299547 pdns=0/0/inactive/dead/ named=652/active/running/ agent=640/active/ jphase=absent killpid=
19:24:20.346084253 pdns=0/0/inactive/dead/ named=652/active/running/ agent=640/active/ jphase=absent killpid=
19:24:20.612313498 pdns=0/0/inactive/dead/ named=652/active/running/ agent=640/active/ jphase=absent killpid=
19:24:20.880845450 pdns=0/0/inactive/dead/ named=652/active/running/ agent=640/active/ jphase=absent killpid=
19:24:21.154114417 pdns=0/0/inactive/dead/ named=652/active/running/ agent=640/active/ jphase=absent killpid=
19:24:21.426829737 pdns=0/0/inactive/dead/ named=652/active/running/ agent=640/active/ jphase=absent killpid=
19:24:21.694045195 pdns=0/0/inactive/dead/ named=652/active/running/ agent=640/active/ jphase=absent killpid=
19:24:21.962290938 pdns=0/0/inactive/dead/ named=652/active/running/ agent=640/active/ jphase=absent killpid=
19:24:22.232959278 pdns=0/0/inactive/dead/ named=652/active/running/ agent=640/active/ jphase=absent killpid=
19:24:22.501893816 pdns=0/0/inactive/dead/ named=652/active/running/ agent=640/active/ jphase=absent killpid=
19:24:22.771458498 pdns=0/0/inactive/dead/ named=652/active/running/ agent=640/active/ jphase=absent killpid=
19:24:23.038837575 pdns=0/0/inactive/dead/ named=652/active/running/ agent=640/active/ jphase=absent killpid=
19:24:23.308271219 pdns=0/0/inactive/dead/ named=652/active/running/ agent=640/active/ jphase=absent killpid=
19:24:23.576089166 pdns=0/0/inactive/dead/ named=652/active/running/ agent=640/active/ jphase=absent killpid=
19:24:23.844149158 pdns=0/0/inactive/dead/ named=652/active/running/ agent=640/active/ jphase=absent killpid=
19:24:24.111776013 pdns=0/0/inactive/dead/ named=652/active/running/ agent=640/active/ jphase=absent killpid=
19:24:24.382729008 pdns=0/0/inactive/dead/ named=652/active/running/ agent=640/active/ jphase=absent killpid=
19:24:24.650311010 pdns=0/0/inactive/dead/ named=652/active/running/ agent=640/active/ jphase=absent killpid=
19:24:24.921933292 pdns=0/0/inactive/dead/ named=652/active/running/ agent=640/active/ jphase=absent killpid=
19:24:25.192213568 pdns=0/0/inactive/dead/ named=652/active/running/ agent=640/active/ jphase=absent killpid=
19:24:25.463338323 pdns=0/0/inactive/dead/ named=652/active/running/ agent=640/active/ jphase=absent killpid=
19:24:25.730217835 pdns=0/0/inactive/dead/ named=652/active/running/ agent=640/active/ jphase=absent killpid=
19:24:26.001881497 pdns=0/0/inactive/dead/ named=652/active/running/ agent=640/active/ jphase=absent killpid=
19:24:26.275660758 pdns=0/0/inactive/dead/ named=652/active/running/ agent=640/active/ jphase=absent killpid=
19:24:26.548227265 pdns=0/0/inactive/dead/ named=652/active/running/ agent=640/active/ jphase=absent killpid=
19:24:26.815146025 pdns=0/0/inactive/dead/ named=652/active/running/ agent=640/active/ jphase=absent killpid=
19:24:27.084087646 pdns=0/0/inactive/dead/ named=652/active/running/ agent=640/active/ jphase=absent killpid=
19:24:27.354728624 pdns=0/0/inactive/dead/ named=652/active/running/ agent=640/active/ jphase=absent killpid=
19:24:27.648355136 pdns=0/0/inactive/dead/ named=652/active/running/ agent=640/active/ jphase=absent killpid=
19:24:27.948477100 pdns=0/0/inactive/dead/ named=652/active/running/ agent=640/active/ jphase=absent killpid=
19:24:28.215549833 pdns=0/0/inactive/dead/ named=652/active/running/ agent=640/active/ jphase=absent killpid=
19:24:28.483462400 pdns=0/0/inactive/dead/ named=652/active/running/ agent=640/active/ jphase=absent killpid=
19:24:28.751659779 pdns=0/0/inactive/dead/ named=652/active/running/ agent=640/active/ jphase=absent killpid=
19:24:29.026009991 pdns=0/0/inactive/dead/ named=652/active/running/ agent=640/active/ jphase=absent killpid=
19:24:29.300408563 pdns=0/0/inactive/dead/ named=652/active/running/ agent=640/active/ jphase=absent killpid=
19:24:29.573327078 pdns=0/0/inactive/dead/ named=652/active/running/ agent=640/active/ jphase=absent killpid=
19:24:29.845122768 pdns=0/0/inactive/dead/ named=652/active/running/ agent=640/active/ jphase=absent killpid=
19:24:30.111460535 pdns=0/0/inactive/dead/ named=652/active/running/ agent=640/active/ jphase=absent killpid=
19:24:30.381260766 pdns=0/0/inactive/dead/ named=652/active/running/ agent=640/active/ jphase=absent killpid=
19:24:30.651587178 pdns=0/0/inactive/dead/ named=652/active/running/ agent=640/active/ jphase=absent killpid=
19:24:30.923419848 pdns=0/0/inactive/dead/ named=652/active/running/ agent=640/active/ jphase=absent killpid=
19:24:31.192730847 pdns=0/0/inactive/dead/ named=652/active/running/ agent=640/active/ jphase=absent killpid=
19:24:31.460126957 pdns=0/0/inactive/dead/ named=652/active/running/ agent=640/active/ jphase=absent killpid=
19:24:31.730293106 pdns=0/0/inactive/dead/ named=652/active/running/ agent=640/active/ jphase=absent killpid=
19:24:32.002089552 pdns=0/0/inactive/dead/ named=652/active/running/ agent=640/active/ jphase=absent killpid=
19:24:32.268793402 pdns=0/0/inactive/dead/ named=652/active/running/ agent=640/active/ jphase=absent killpid=
19:24:32.543856522 pdns=0/0/inactive/dead/ named=652/active/running/ agent=640/active/ jphase=absent killpid=
19:24:32.818545411 pdns=0/0/inactive/dead/ named=652/active/running/ agent=640/active/ jphase=absent killpid=
19:24:33.090634219 pdns=0/0/inactive/dead/ named=652/active/running/ agent=640/active/ jphase=absent killpid=
19:24:33.363244633 pdns=0/0/inactive/dead/ named=652/active/running/ agent=640/active/ jphase=absent killpid=
19:24:33.633911038 pdns=0/0/inactive/dead/ named=652/active/running/ agent=640/active/ jphase=absent killpid=
19:24:33.907846823 pdns=0/0/inactive/dead/ named=652/active/running/ agent=640/active/ jphase=absent killpid=
19:24:34.179022934 pdns=0/0/inactive/dead/ named=652/active/running/ agent=640/active/ jphase=absent killpid=
19:24:34.449420268 pdns=0/0/inactive/dead/ named=652/active/running/ agent=640/active/ jphase=absent killpid=
19:24:34.720763751 pdns=0/0/inactive/dead/ named=652/active/running/ agent=640/active/ jphase=absent killpid=
19:24:34.993378162 pdns=0/0/inactive/dead/ named=652/active/running/ agent=640/active/ jphase=absent killpid=
19:24:35.260095547 pdns=0/0/inactive/dead/ named=652/active/running/ agent=640/active/ jphase=absent killpid=
19:24:35.537427602 pdns=0/0/inactive/dead/ named=652/active/running/ agent=640/active/ jphase=absent killpid=
19:24:35.811521722 pdns=0/0/inactive/dead/ named=652/active/running/ agent=640/active/ jphase=absent killpid=
19:24:36.083379233 pdns=0/0/inactive/dead/ named=652/active/running/ agent=640/active/ jphase=absent killpid=
19:24:36.350711649 pdns=0/0/inactive/dead/ named=652/active/running/ agent=640/active/ jphase=absent killpid=
19:24:36.618501644 pdns=0/0/inactive/dead/ named=652/active/running/ agent=640/active/ jphase=absent killpid=
19:24:36.885702214 pdns=0/0/inactive/dead/ named=652/active/running/ agent=640/active/ jphase=absent killpid=
19:24:37.155544013 pdns=0/0/inactive/dead/ named=652/active/running/ agent=640/active/ jphase=absent killpid=
19:24:37.430251606 pdns=0/0/inactive/dead/ named=652/active/running/ agent=640/active/ jphase=absent killpid=
19:24:37.708531202 pdns=0/0/inactive/dead/ named=652/active/running/ agent=640/active/ jphase=absent killpid=
19:24:37.978414238 pdns=0/0/inactive/dead/ named=652/active/running/ agent=640/active/ jphase=absent killpid=
19:24:38.245343142 pdns=0/0/inactive/dead/ named=652/active/running/ agent=640/active/ jphase=absent killpid=
19:24:38.520028970 pdns=0/0/inactive/dead/ named=652/active/running/ agent=640/active/ jphase=absent killpid=
19:24:38.787851775 pdns=0/0/inactive/dead/ named=652/active/running/ agent=640/active/ jphase=absent killpid=
19:24:39.057035823 pdns=0/0/inactive/dead/ named=652/active/running/ agent=640/active/ jphase=absent killpid=
19:24:39.323781346 pdns=0/0/inactive/dead/ named=652/active/running/ agent=640/active/ jphase=absent killpid=
19:24:39.594446093 pdns=0/0/inactive/dead/ named=652/active/running/ agent=640/active/ jphase=absent killpid=
19:24:39.864092968 pdns=0/0/inactive/dead/ named=652/active/running/ agent=640/active/ jphase=absent killpid=
19:24:40.136608071 pdns=0/0/inactive/dead/ named=652/active/running/ agent=640/active/ jphase=absent killpid=
19:24:40.408723712 pdns=0/0/inactive/dead/ named=652/active/running/ agent=640/active/ jphase=absent killpid=
19:24:40.701804131 pdns=0/0/inactive/dead/ named=652/active/running/ agent=640/active/ jphase=absent killpid=
19:24:40.974838011 pdns=0/0/inactive/dead/ named=652/active/running/ agent=640/active/ jphase=absent killpid=
19:24:41.246292925 pdns=0/0/inactive/dead/ named=652/active/running/ agent=640/active/ jphase=absent killpid=
19:24:41.517348496 pdns=0/0/inactive/dead/ named=652/active/running/ agent=640/active/ jphase=absent killpid=
19:24:41.784981799 pdns=0/0/inactive/dead/ named=652/active/running/ agent=640/active/ jphase=absent killpid=
19:24:42.063104602 pdns=0/0/inactive/dead/ named=652/active/running/ agent=640/active/ jphase=absent killpid=
19:24:42.333304178 pdns=0/0/inactive/dead/ named=652/active/running/ agent=640/active/ jphase=absent killpid=
19:24:42.603182595 pdns=0/0/inactive/dead/ named=652/active/running/ agent=640/active/ jphase=absent killpid=
19:24:42.870868875 pdns=0/0/inactive/dead/ named=652/active/running/ agent=640/active/ jphase=absent killpid=
19:24:43.138023120 pdns=0/0/inactive/dead/ named=652/active/running/ agent=640/active/ jphase=absent killpid=
19:24:43.405954388 pdns=0/0/inactive/dead/ named=652/active/running/ agent=640/active/ jphase=absent killpid=
19:24:43.675025941 pdns=0/0/inactive/dead/ named=652/active/running/ agent=640/active/ jphase=absent killpid=
19:24:43.943634200 pdns=0/0/inactive/dead/ named=652/active/running/ agent=640/active/ jphase=absent killpid=
19:24:44.212497154 pdns=0/0/inactive/dead/ named=652/active/running/ agent=640/active/ jphase=absent killpid=
19:24:44.482814535 pdns=0/0/inactive/dead/ named=652/active/running/ agent=640/active/ jphase=absent killpid=
19:24:44.752181418 pdns=0/0/inactive/dead/ named=652/active/running/ agent=640/active/ jphase=absent killpid=
19:24:45.019080610 pdns=0/0/inactive/dead/ named=652/active/running/ agent=640/active/ jphase=absent killpid=
19:24:45.291926645 pdns=0/0/inactive/dead/ named=652/active/running/ agent=640/active/ jphase=absent killpid=
19:24:45.565596771 pdns=0/0/inactive/dead/ named=652/active/running/ agent=640/active/ jphase=absent killpid=
19:24:45.837430414 pdns=0/0/inactive/dead/ named=652/active/running/ agent=640/active/ jphase=absent killpid=
19:24:46.114293510 pdns=0/0/inactive/dead/ named=652/active/running/ agent=640/active/ jphase=absent killpid=
19:24:46.412353486 pdns=0/0/inactive/dead/ named=652/active/running/ agent=640/active/ jphase=absent killpid=
19:24:46.709005520 pdns=0/0/inactive/dead/ named=652/active/running/ agent=640/active/ jphase=absent killpid=
19:24:46.981921081 pdns=0/0/inactive/dead/ named=652/active/running/ agent=640/active/ jphase=absent killpid=
19:24:47.253886939 pdns=0/0/inactive/dead/ named=652/active/running/ agent=640/active/ jphase=absent killpid=
19:24:47.523065892 pdns=0/0/inactive/dead/ named=652/active/running/ agent=640/active/ jphase=absent killpid=
19:24:47.791835416 pdns=0/0/inactive/dead/ named=652/active/running/ agent=640/active/ jphase=absent killpid=
19:24:48.064042497 pdns=0/0/inactive/dead/ named=652/active/running/ agent=640/active/ jphase=absent killpid=
19:24:48.332532129 pdns=0/0/inactive/dead/ named=652/active/running/ agent=640/active/ jphase=absent killpid=
19:24:48.600537618 pdns=0/0/inactive/dead/ named=652/active/running/ agent=640/active/ jphase=absent killpid=
done
