21:03:35.857487559 CHANGE journal none -> absent
21:03:35.868560994 CHANGE ledger none -> 177f61d12ed0bb85e6ea535b807b376e26bbe0871405a13867c0b3cb6ea4b211
21:03:35.872651903 CHANGE state none -> absent
21:03:35.876661454 CHANGE pdnsdb none -> absent
21:03:35.880789368 POINTER 
21:03:35.882110148 pdns=0/0/inactive/dead/ named=0/inactive/dead/ agent=0/inactive/ jphase=absent killpid=
21:03:36.153991879 pdns=0/0/inactive/dead/ named=0/inactive/dead/ agent=0/inactive/ jphase=absent killpid=
21:03:36.426845316 pdns=0/0/inactive/dead/ named=0/inactive/dead/ agent=0/inactive/ jphase=absent killpid=
21:03:36.709927636 pdns=0/0/inactive/dead/ named=0/inactive/dead/ agent=0/inactive/ jphase=absent killpid=
21:03:36.997455834 CHANGE ledger 177f61d12ed0bb85e6ea535b807b376e26bbe0871405a13867c0b3cb6ea4b211 -> 799c0ead023f405769ac5a7fb4c7075c30e223f0f8df43ff5cfb5a1ea4c33a02
21:03:37.001401718 pdns=0/0/inactive/dead/ named=0/inactive/dead/ agent=0/inactive/ jphase=absent killpid=1804,
21:03:37.295983439 CHANGE ledger 799c0ead023f405769ac5a7fb4c7075c30e223f0f8df43ff5cfb5a1ea4c33a02 -> e135b1e654e41c18d6e00c1a14d7da9e07879217c7552df77b51a329b4d96575
21:03:37.299702424 pdns=0/0/inactive/dead/ named=0/inactive/dead/ agent=0/inactive/ jphase=absent killpid=1804,1913,
21:03:37.580573477 pdns=0/0/inactive/dead/ named=0/inactive/dead/ agent=0/inactive/ jphase=absent killpid=1804,1913,
21:03:37.863162985 pdns=0/0/inactive/dead/ named=0/inactive/dead/ agent=0/inactive/ jphase=absent killpid=1804,1913,
21:03:38.138782451 pdns=0/0/inactive/dead/ named=0/inactive/dead/ agent=0/inactive/ jphase=absent killpid=1804,1913,
21:03:38.422436209 pdns=0/0/inactive/dead/ named=0/inactive/dead/ agent=0/inactive/ jphase=absent killpid=1804,1913,
21:03:38.693728159 pdns=0/0/inactive/dead/ named=0/inactive/dead/ agent=0/inactive/ jphase=absent killpid=1804,1913,
21:03:38.971971838 pdns=0/0/inactive/dead/ named=0/inactive/dead/ agent=0/inactive/ jphase=absent killpid=1804,1913,
21:03:39.247798265 pdns=0/0/inactive/dead/ named=0/inactive/dead/ agent=0/inactive/ jphase=absent killpid=1804,1913,
21:03:39.533305872 pdns=0/0/inactive/dead/ named=0/inactive/dead/ agent=0/inactive/ jphase=absent killpid=1804,1913,
21:03:39.824246243 pdns=0/0/inactive/dead/ named=0/inactive/dead/ agent=0/inactive/ jphase=absent killpid=1804,1913,
21:03:40.099772651 pdns=0/0/inactive/dead/ named=0/inactive/dead/ agent=0/inactive/ jphase=absent killpid=1804,1913,
21:03:40.389845948 pdns=0/0/inactive/dead/ named=0/inactive/dead/ agent=0/inactive/ jphase=absent killpid=1804,1913,
21:03:40.686092304 pdns=0/0/inactive/dead/ named=0/inactive/dead/ agent=0/inactive/ jphase=absent killpid=1804,1913,
21:03:40.966147320 pdns=0/0/inactive/dead/ named=0/inactive/dead/ agent=0/inactive/ jphase=absent killpid=1804,1913,
21:03:41.263590964 pdns=0/0/inactive/dead/ named=0/inactive/dead/ agent=0/inactive/ jphase=absent killpid=1804,1913,
21:03:41.549016695 pdns=0/0/inactive/dead/ named=0/inactive/dead/ agent=0/inactive/ jphase=absent killpid=1804,1913,
21:03:41.837860498 pdns=0/0/inactive/dead/ named=0/inactive/dead/ agent=0/inactive/ jphase=absent killpid=1804,1913,
21:03:42.134041820 CHANGE ledger e135b1e654e41c18d6e00c1a14d7da9e07879217c7552df77b51a329b4d96575 -> 60c1817af8356bbe367cc13bec8a711648fe660ce8974b1751f8241df49748e0
21:03:42.137888817 pdns=0/0/inactive/dead/ named=0/inactive/dead/ agent=0/inactive/ jphase=absent killpid=1804,
21:03:42.607223432 CHANGE ledger 60c1817af8356bbe367cc13bec8a711648fe660ce8974b1751f8241df49748e0 -> 1beb09f838864413c135a208cf202a436d6f7bc8b0ec3e277b40bbccff23181b
21:03:42.610731272 pdns=0/0/inactive/dead/ named=0/inactive/dead/ agent=0/inactive/ jphase=absent killpid=1804,2492,
21:03:42.896137436 pdns=0/0/inactive/dead/ named=0/inactive/dead/ agent=0/inactive/ jphase=absent killpid=1804,2492,
21:03:43.188937029 pdns=0/0/inactive/dead/ named=0/inactive/dead/ agent=0/inactive/ jphase=absent killpid=1804,2492,
21:03:43.467042284 pdns=0/0/inactive/dead/ named=0/inactive/dead/ agent=0/inactive/ jphase=absent killpid=1804,2492,
21:03:43.772515095 pdns=0/0/inactive/dead/ named=0/inactive/dead/ agent=0/inactive/ jphase=absent killpid=1804,2492,
21:03:44.076084560 pdns=0/0/inactive/dead/ named=0/inactive/dead/ agent=0/inactive/ jphase=absent killpid=1804,2492,
21:03:44.357153891 pdns=0/0/inactive/dead/ named=0/inactive/dead/ agent=0/inactive/ jphase=absent killpid=1804,2492,
21:03:44.640183006 pdns=0/0/inactive/dead/ named=0/inactive/dead/ agent=0/inactive/ jphase=absent killpid=1804,2492,
21:03:44.923703550 pdns=0/0/inactive/dead/ named=0/inactive/dead/ agent=0/inactive/ jphase=absent killpid=1804,2492,
21:03:45.214413872 pdns=0/0/inactive/dead/ named=0/inactive/dead/ agent=0/inactive/ jphase=absent killpid=1804,2492,
21:03:45.498473940 pdns=0/0/inactive/dead/ named=0/inactive/dead/ agent=0/inactive/ jphase=absent killpid=1804,2492,
21:03:45.775991827 pdns=0/0/inactive/dead/ named=0/inactive/dead/ agent=0/inactive/ jphase=absent killpid=1804,2492,
21:03:46.054116385 pdns=0/0/inactive/dead/ named=0/inactive/dead/ agent=0/inactive/ jphase=absent killpid=1804,2492,
21:03:46.334872465 pdns=0/0/inactive/dead/ named=0/inactive/dead/ agent=0/inactive/ jphase=absent killpid=1804,2492,
21:03:46.620730349 CHANGE ledger 1beb09f838864413c135a208cf202a436d6f7bc8b0ec3e277b40bbccff23181b -> 4e144d2e8e071ecef38e245047b6d8942a40bf867986513eff27b8c092576a6c
21:03:46.624325917 pdns=0/0/inactive/dead/ named=0/inactive/dead/ agent=0/inactive/ jphase=absent killpid=1804,3020,
21:03:46.976084251 CHANGE ledger 4e144d2e8e071ecef38e245047b6d8942a40bf867986513eff27b8c092576a6c -> 266bbb0e2ee7fa6368bbab73dcb2ed3a4b64b8059a196a288c6690f2237b1f7c
21:03:46.980747341 pdns=0/0/inactive/dead/ named=0/inactive/dead/ agent=0/inactive/ jphase=absent killpid=1804,
21:03:47.296195235 CHANGE ledger 266bbb0e2ee7fa6368bbab73dcb2ed3a4b64b8059a196a288c6690f2237b1f7c -> 0ba1df2847cda6803fd19cb38a68dd85c2f3e66d9dfa0eef239d4b32e4afac69
21:03:47.300314727 pdns=0/0/inactive/dead/ named=0/inactive/dead/ agent=0/inactive/ jphase=intent killpid=1804,
21:03:47.594324971 CHANGE journal absent -> 4c280993fa4db5387fb93aac8bf7c087083751094950429a2eb7757a2dd286ea
21:03:47.604636346 CHANGE ledger 0ba1df2847cda6803fd19cb38a68dd85c2f3e66d9dfa0eef239d4b32e4afac69 -> 483c42b968c2db9c969ecbc0e1e10da1221388db79c75f50eb05d00fe9ca10fb
21:03:47.608374692 pdns=0/0/inactive/dead/ named=0/inactive/dead/ agent=0/inactive/ jphase=intent killpid=1804,
21:03:47.890163040 CHANGE journal 4c280993fa4db5387fb93aac8bf7c087083751094950429a2eb7757a2dd286ea -> 3aa5587b1c63da31f6cfd3c241833d642e62f7657a278a2d1a5476ef6939ba98
21:03:47.902895135 CHANGE ledger 483c42b968c2db9c969ecbc0e1e10da1221388db79c75f50eb05d00fe9ca10fb -> 040224818a3d2d3f37cb24e82aee2e29cd6538f03e7c2771e8721bd6aa56a699
21:03:47.922227944 CHANGE pdnsdb absent -> b839d8635e5c7e37093fe785884cf681484ebf9e0f19b8cb1a4c9bbfd00374d1
21:03:47.926245144 pdns=0/0/inactive/dead/ named=0/inactive/dead/ agent=0/inactive/ jphase=target-enable-intent killpid=1804,
21:03:48.217292990 CHANGE ledger 040224818a3d2d3f37cb24e82aee2e29cd6538f03e7c2771e8721bd6aa56a699 -> 6df8bf95c041b9d03a5458fc131b86c76de65a5b09c555fc46363349783c88fb
21:03:48.226212461 pdns=0/0/inactive/dead/ named=0/inactive/dead/ agent=0/inactive/ jphase=target-enable-intent killpid=1804,
21:03:48.763054846 CHANGE ledger 6df8bf95c041b9d03a5458fc131b86c76de65a5b09c555fc46363349783c88fb -> 8539245051fed51bf07ab65c725ab59464dc49347c14d69d85ad95039252778e
21:03:48.774257056 pdns=0/0/inactive/dead/ named=0/inactive/dead/ agent=0/inactive/ jphase=target-enable-intent killpid=1804,3592,
21:03:49.096010506 CHANGE ledger 8539245051fed51bf07ab65c725ab59464dc49347c14d69d85ad95039252778e -> 2dd1ff455b75fdd699d312d362d058bb5f53c0be159fa713dd59127b55d41d1c
21:03:49.104735337 pdns=0/0/inactive/dead/ named=0/inactive/dead/ agent=0/inactive/ jphase=target-enable-intent killpid=1804,3706,
21:03:49.575502465 CHANGE ledger 2dd1ff455b75fdd699d312d362d058bb5f53c0be159fa713dd59127b55d41d1c -> 8d342092c493c8ccb0c54ae4d3ab61cf7bfe63de03a952074252e8114efb2676
21:03:49.585419195 pdns=0/0/inactive/dead/ named=0/inactive/dead/ agent=0/inactive/ jphase=target-enable-intent killpid=1804,3799,
21:03:49.877255781 CHANGE ledger 8d342092c493c8ccb0c54ae4d3ab61cf7bfe63de03a952074252e8114efb2676 -> 106f46851a925b4b25749d2fe1dcdd8341e2a80936b6dded6146abdcaf5e0e42
21:03:49.887696875 pdns=3852/0/activating/start/ named=0/inactive/dead/ agent=0/inactive/ jphase=target-enable-intent killpid=1804,3846,
21:03:50.166478451 CHANGE journal 3aa5587b1c63da31f6cfd3c241833d642e62f7657a278a2d1a5476ef6939ba98 -> 0e2e64e9ef7bbb3bc6087e67623539f240327f0ffae66fcc57095eeb90f235ba
21:03:50.180621257 CHANGE ledger 106f46851a925b4b25749d2fe1dcdd8341e2a80936b6dded6146abdcaf5e0e42 -> cf833f2a7dd204d131cc0863c1646f4c76676c82256d52f5d329e34ea7dde3a6
21:03:50.214100419 CHANGE pdnsdb b839d8635e5c7e37093fe785884cf681484ebf9e0f19b8cb1a4c9bbfd00374d1 -> 5bc625972d4ffbbbffba8ee826e265655713bb96582a601bfbc6b4a8f314f318
21:03:50.219939277 pdns=3852/0/active/running/ named=0/inactive/dead/ agent=3902/active/ jphase=target-started killpid=
21:03:50.606255042 pdns=3852/0/active/running/ named=0/inactive/dead/ agent=3902/active/ jphase=target-started killpid=
21:03:50.904878719 CHANGE ledger cf833f2a7dd204d131cc0863c1646f4c76676c82256d52f5d329e34ea7dde3a6 -> 9a132864f7ca6639446c7ff9cf12c699987a77b04e84c5c1d59bdd9964f1f5c8
21:03:50.915223331 pdns=3852/0/active/running/ named=0/inactive/dead/ agent=3902/active/ jphase=target-started killpid=
21:03:51.202344359 CHANGE ledger 9a132864f7ca6639446c7ff9cf12c699987a77b04e84c5c1d59bdd9964f1f5c8 -> 654b15b31f17960992cb0ad2d0b389266c5dbbf24356cfb68ff3ffb55bc17baa
21:03:51.211917259 pdns=3852/0/active/running/ named=0/inactive/dead/ agent=3902/active/ jphase=target-started killpid=
21:03:51.494752680 pdns=3852/0/active/running/ named=0/inactive/dead/ agent=3902/active/ jphase=target-started killpid=
21:03:51.772689682 pdns=3852/0/active/running/ named=0/inactive/dead/ agent=3902/active/ jphase=target-started killpid=
21:03:52.050438269 pdns=3852/0/active/running/ named=0/inactive/dead/ agent=3902/active/ jphase=target-started killpid=
21:03:52.340010256 pdns=3852/0/active/running/ named=0/inactive/dead/ agent=3902/active/ jphase=target-started killpid=
21:03:52.618265779 pdns=3852/0/active/running/ named=0/inactive/dead/ agent=3902/active/ jphase=target-started killpid=
21:03:52.893327062 pdns=3852/0/active/running/ named=0/inactive/dead/ agent=3902/active/ jphase=target-started killpid=
21:03:53.167822370 pdns=3852/0/active/running/ named=0/inactive/dead/ agent=3902/active/ jphase=target-started killpid=
21:03:53.445194163 pdns=3852/0/active/running/ named=0/inactive/dead/ agent=3902/active/ jphase=target-started killpid=
21:03:53.719513208 pdns=3852/0/active/running/ named=0/inactive/dead/ agent=3902/active/ jphase=target-started killpid=
21:03:53.994696248 pdns=3852/0/active/running/ named=0/inactive/dead/ agent=3902/active/ jphase=target-started killpid=
21:03:54.270039720 pdns=3852/0/active/running/ named=0/inactive/dead/ agent=3902/active/ jphase=target-started killpid=
21:03:54.547304313 pdns=3852/0/active/running/ named=0/inactive/dead/ agent=3902/active/ jphase=target-started killpid=
21:03:54.819836927 pdns=3852/0/active/running/ named=0/inactive/dead/ agent=3902/active/ jphase=target-started killpid=
21:03:55.093940019 pdns=3852/0/active/running/ named=0/inactive/dead/ agent=3902/active/ jphase=target-started killpid=
21:03:55.371646776 pdns=3852/0/active/running/ named=0/inactive/dead/ agent=3902/active/ jphase=target-started killpid=
21:03:55.646422314 pdns=3852/0/active/running/ named=0/inactive/dead/ agent=3902/active/ jphase=target-started killpid=
21:03:55.929769991 pdns=3852/0/active/running/ named=0/inactive/dead/ agent=3902/active/ jphase=target-started killpid=
21:03:56.212948142 pdns=3852/0/active/running/ named=0/inactive/dead/ agent=3902/active/ jphase=target-started killpid=
21:03:56.487520699 pdns=3852/0/active/running/ named=0/inactive/dead/ agent=3902/active/ jphase=target-started killpid=
21:03:56.761976089 pdns=3852/0/active/running/ named=0/inactive/dead/ agent=3902/active/ jphase=target-started killpid=
21:03:57.035838080 pdns=3852/0/active/running/ named=0/inactive/dead/ agent=3902/active/ jphase=target-started killpid=
21:03:57.308246546 pdns=3852/0/active/running/ named=0/inactive/dead/ agent=3902/active/ jphase=target-started killpid=
21:03:57.583794478 pdns=3852/0/active/running/ named=0/inactive/dead/ agent=3902/active/ jphase=target-started killpid=
21:03:57.864428123 pdns=3852/0/active/running/ named=0/inactive/dead/ agent=3902/active/ jphase=target-started killpid=
21:03:58.140993294 pdns=3852/0/active/running/ named=0/inactive/dead/ agent=3902/active/ jphase=target-started killpid=
21:03:58.415393439 pdns=3852/0/active/running/ named=0/inactive/dead/ agent=3902/active/ jphase=target-started killpid=
21:03:58.687616458 pdns=3852/0/active/running/ named=0/inactive/dead/ agent=3902/active/ jphase=target-started killpid=
21:03:58.959593943 pdns=3852/0/active/running/ named=0/inactive/dead/ agent=3902/active/ jphase=target-started killpid=
21:03:59.234998967 pdns=3852/0/active/running/ named=0/inactive/dead/ agent=3902/active/ jphase=target-started killpid=
21:03:59.507707303 pdns=3852/0/active/running/ named=0/inactive/dead/ agent=3902/active/ jphase=target-started killpid=
21:03:59.783048982 pdns=3852/0/active/running/ named=0/inactive/dead/ agent=3902/active/ jphase=target-started killpid=
21:04:00.061691359 pdns=3852/0/active/running/ named=0/inactive/dead/ agent=3902/active/ jphase=target-started killpid=
21:04:00.334824983 pdns=3852/0/active/running/ named=0/inactive/dead/ agent=3902/active/ jphase=target-started killpid=
21:04:00.607871320 pdns=3852/0/active/running/ named=0/inactive/dead/ agent=3902/active/ jphase=target-started killpid=
21:04:00.880983841 pdns=3852/0/active/running/ named=0/inactive/dead/ agent=3902/active/ jphase=target-started killpid=
21:04:01.163888917 pdns=3852/0/active/running/ named=0/inactive/dead/ agent=3902/active/ jphase=target-started killpid=
21:04:01.444082302 pdns=3852/0/active/running/ named=0/inactive/dead/ agent=3902/active/ jphase=target-started killpid=
21:04:01.717754568 pdns=3852/0/active/running/ named=0/inactive/dead/ agent=3902/active/ jphase=target-started killpid=
21:04:01.997793207 pdns=3852/0/active/running/ named=0/inactive/dead/ agent=3902/active/ jphase=target-started killpid=
21:04:02.286489110 pdns=3852/0/active/running/ named=0/inactive/dead/ agent=3902/active/ jphase=target-started killpid=
21:04:02.563661902 pdns=3852/0/active/running/ named=0/inactive/dead/ agent=3902/active/ jphase=target-started killpid=
21:04:02.839270448 pdns=3852/0/active/running/ named=0/inactive/dead/ agent=3902/active/ jphase=target-started killpid=
21:04:03.116848518 pdns=3852/0/active/running/ named=0/inactive/dead/ agent=3902/active/ jphase=target-started killpid=
21:04:03.394016721 pdns=3852/0/active/running/ named=0/inactive/dead/ agent=3902/active/ jphase=target-started killpid=
21:04:03.668958619 pdns=3852/0/active/running/ named=0/inactive/dead/ agent=3902/active/ jphase=target-started killpid=
21:04:03.945484770 pdns=3852/0/active/running/ named=0/inactive/dead/ agent=3902/active/ jphase=target-started killpid=
21:04:04.220139880 pdns=3852/0/active/running/ named=0/inactive/dead/ agent=3902/active/ jphase=target-started killpid=
21:04:04.498665610 pdns=3852/0/active/running/ named=0/inactive/dead/ agent=3902/active/ jphase=target-started killpid=
21:04:04.773044472 pdns=3852/0/active/running/ named=0/inactive/dead/ agent=3902/active/ jphase=target-started killpid=
21:04:05.057411452 pdns=3852/0/active/running/ named=0/inactive/dead/ agent=3902/active/ jphase=target-started killpid=
21:04:05.336239589 pdns=3852/0/active/running/ named=0/inactive/dead/ agent=3902/active/ jphase=target-started killpid=
21:04:05.609908561 pdns=3852/0/active/running/ named=0/inactive/dead/ agent=3902/active/ jphase=target-started killpid=
21:04:05.883181285 pdns=3852/0/active/running/ named=0/inactive/dead/ agent=3902/active/ jphase=target-started killpid=
21:04:06.155546910 pdns=3852/0/active/running/ named=0/inactive/dead/ agent=3902/active/ jphase=target-started killpid=
21:04:06.428248357 pdns=3852/0/active/running/ named=0/inactive/dead/ agent=3902/active/ jphase=target-started killpid=
21:04:06.707608063 pdns=3852/0/active/running/ named=0/inactive/dead/ agent=3902/active/ jphase=target-started killpid=
21:04:06.979988313 pdns=3852/0/active/running/ named=0/inactive/dead/ agent=3902/active/ jphase=target-started killpid=
21:04:07.255084685 pdns=3852/0/active/running/ named=0/inactive/dead/ agent=3902/active/ jphase=target-started killpid=
21:04:07.528219155 pdns=3852/0/active/running/ named=0/inactive/dead/ agent=3902/active/ jphase=target-started killpid=
21:04:07.804540350 pdns=3852/0/active/running/ named=0/inactive/dead/ agent=3902/active/ jphase=target-started killpid=
21:04:08.079460859 pdns=3852/0/active/running/ named=0/inactive/dead/ agent=3902/active/ jphase=target-started killpid=
21:04:08.354504641 pdns=3852/0/active/running/ named=0/inactive/dead/ agent=3902/active/ jphase=target-started killpid=
21:04:08.635436788 pdns=3852/0/active/running/ named=0/inactive/dead/ agent=3902/active/ jphase=target-started killpid=
21:04:08.914826317 pdns=3852/0/active/running/ named=0/inactive/dead/ agent=3902/active/ jphase=target-started killpid=
21:04:09.187509705 pdns=3852/0/active/running/ named=0/inactive/dead/ agent=3902/active/ jphase=target-started killpid=
21:04:09.462908713 pdns=3852/0/active/running/ named=0/inactive/dead/ agent=3902/active/ jphase=target-started killpid=
21:04:09.735855333 pdns=3852/0/active/running/ named=0/inactive/dead/ agent=3902/active/ jphase=target-started killpid=
21:04:10.007147344 pdns=3852/0/active/running/ named=0/inactive/dead/ agent=3902/active/ jphase=target-started killpid=
21:04:10.281932966 pdns=3852/0/active/running/ named=0/inactive/dead/ agent=3902/active/ jphase=target-started killpid=
21:04:10.558465901 pdns=3852/0/active/running/ named=0/inactive/dead/ agent=3902/active/ jphase=target-started killpid=
21:04:10.836434428 pdns=3852/0/active/running/ named=0/inactive/dead/ agent=3902/active/ jphase=target-started killpid=
21:04:11.114085698 pdns=3852/0/active/running/ named=0/inactive/dead/ agent=3902/active/ jphase=target-started killpid=
21:04:11.391234969 pdns=3852/0/active/running/ named=0/inactive/dead/ agent=3902/active/ jphase=target-started killpid=
21:04:11.667826566 pdns=3852/0/active/running/ named=0/inactive/dead/ agent=3902/active/ jphase=target-started killpid=
21:04:11.947027447 pdns=3852/0/active/running/ named=0/inactive/dead/ agent=3902/active/ jphase=target-started killpid=
21:04:12.226840188 pdns=3852/0/active/running/ named=0/inactive/dead/ agent=3902/active/ jphase=target-started killpid=
21:04:12.503468235 pdns=3852/0/active/running/ named=0/inactive/dead/ agent=3902/active/ jphase=target-started killpid=
21:04:12.785166037 pdns=3852/0/active/running/ named=0/inactive/dead/ agent=3902/active/ jphase=target-started killpid=
21:04:13.065286127 pdns=3852/0/active/running/ named=0/inactive/dead/ agent=3902/active/ jphase=target-started killpid=
21:04:13.339652725 pdns=3852/0/active/running/ named=0/inactive/dead/ agent=3902/active/ jphase=target-started killpid=
21:04:13.619860112 pdns=3852/0/active/running/ named=0/inactive/dead/ agent=3902/active/ jphase=target-started killpid=
21:04:13.904310826 pdns=3852/0/active/running/ named=0/inactive/dead/ agent=3902/active/ jphase=target-started killpid=
21:04:14.185587724 pdns=3852/0/active/running/ named=0/inactive/dead/ agent=3902/active/ jphase=target-started killpid=
21:04:14.467171592 pdns=3852/0/active/running/ named=0/inactive/dead/ agent=3902/active/ jphase=target-started killpid=
21:04:14.743891383 pdns=3852/0/active/running/ named=0/inactive/dead/ agent=3902/active/ jphase=target-started killpid=
21:04:15.023156920 pdns=3852/0/active/running/ named=0/inactive/dead/ agent=3902/active/ jphase=target-started killpid=
21:04:15.308122367 pdns=3852/0/active/running/ named=0/inactive/dead/ agent=3902/active/ jphase=target-started killpid=
21:04:15.590872506 pdns=3852/0/active/running/ named=0/inactive/dead/ agent=3902/active/ jphase=target-started killpid=
21:04:15.867595720 pdns=3852/0/active/running/ named=0/inactive/dead/ agent=3902/active/ jphase=target-started killpid=
21:04:16.146345558 pdns=3852/0/active/running/ named=0/inactive/dead/ agent=3902/active/ jphase=target-started killpid=
21:04:16.425774362 pdns=3852/0/active/running/ named=0/inactive/dead/ agent=3902/active/ jphase=target-started killpid=
21:04:16.702384749 pdns=3852/0/active/running/ named=0/inactive/dead/ agent=3902/active/ jphase=target-started killpid=
21:04:16.978269813 pdns=3852/0/active/running/ named=0/inactive/dead/ agent=3902/active/ jphase=target-started killpid=
21:04:17.255507760 pdns=3852/0/active/running/ named=0/inactive/dead/ agent=3902/active/ jphase=target-started killpid=
21:04:17.533056990 pdns=3852/0/active/running/ named=0/inactive/dead/ agent=3902/active/ jphase=target-started killpid=
21:04:17.813800534 pdns=3852/0/active/running/ named=0/inactive/dead/ agent=3902/active/ jphase=target-started killpid=
21:04:18.091368915 pdns=3852/0/active/running/ named=0/inactive/dead/ agent=3902/active/ jphase=target-started killpid=
21:04:18.370294228 pdns=3852/0/active/running/ named=0/inactive/dead/ agent=3902/active/ jphase=target-started killpid=
21:04:18.648452149 pdns=3852/0/active/running/ named=0/inactive/dead/ agent=3902/active/ jphase=target-started killpid=
21:04:18.931265695 pdns=3852/0/active/running/ named=0/inactive/dead/ agent=3902/active/ jphase=target-started killpid=
21:04:19.215097637 pdns=3852/0/active/running/ named=0/inactive/dead/ agent=3902/active/ jphase=target-started killpid=
21:04:19.495377142 pdns=3852/0/active/running/ named=0/inactive/dead/ agent=3902/active/ jphase=target-started killpid=
21:04:19.773784344 pdns=3852/0/active/running/ named=0/inactive/dead/ agent=3902/active/ jphase=target-started killpid=
21:04:20.050423430 pdns=3852/0/active/running/ named=0/inactive/dead/ agent=3902/active/ jphase=target-started killpid=
21:04:20.341439247 pdns=3852/0/active/running/ named=0/inactive/dead/ agent=3902/active/ jphase=target-started killpid=
21:04:20.620534719 pdns=3852/0/active/running/ named=0/inactive/dead/ agent=3902/active/ jphase=target-started killpid=
21:04:20.897718377 pdns=3852/0/active/running/ named=0/inactive/dead/ agent=3902/active/ jphase=target-started killpid=
21:04:21.178087165 pdns=3852/0/active/running/ named=0/inactive/dead/ agent=3902/active/ jphase=target-started killpid=
21:04:21.458181705 pdns=3852/0/active/running/ named=0/inactive/dead/ agent=3902/active/ jphase=target-started killpid=
done
