16:30:35.595303870 CHANGE journal none -> absent
16:30:35.608901181 CHANGE ledger none -> 177f61d12ed0bb85e6ea535b807b376e26bbe0871405a13867c0b3cb6ea4b211
16:30:35.613448156 CHANGE state none -> absent
16:30:35.617255994 CHANGE pdnsdb none -> absent
16:30:35.621367861 POINTER 
16:30:35.622889470 pdns=0/0/inactive/dead/ named=0/inactive/dead/ agent=0/inactive/ jphase=absent killpid=
16:30:35.895214173 pdns=0/0/inactive/dead/ named=0/inactive/dead/ agent=0/inactive/ jphase=absent killpid=
16:30:36.166091779 pdns=0/0/inactive/dead/ named=0/inactive/dead/ agent=0/inactive/ jphase=absent killpid=
16:30:36.442340414 pdns=0/0/inactive/dead/ named=0/inactive/dead/ agent=0/inactive/ jphase=absent killpid=
16:30:36.726273485 pdns=0/0/inactive/dead/ named=0/inactive/dead/ agent=0/inactive/ jphase=absent killpid=
16:30:37.028841299 pdns=0/0/inactive/dead/ named=0/inactive/dead/ agent=0/inactive/ jphase=absent killpid=
16:30:37.324400882 CHANGE ledger 177f61d12ed0bb85e6ea535b807b376e26bbe0871405a13867c0b3cb6ea4b211 -> 69f090acd6458ca07ca2d8f0e2791d2682e52a0a10179f15e2f461cd6d6b78e0
16:30:37.332620297 pdns=0/0/inactive/dead/ named=0/inactive/dead/ agent=0/inactive/ jphase=absent killpid=1776,1830,
16:30:37.648454219 CHANGE ledger 69f090acd6458ca07ca2d8f0e2791d2682e52a0a10179f15e2f461cd6d6b78e0 -> 2db728f86a6f7ea5849aab9d98802af4c70e85138d21484c57043d0b2bf7f31d
16:30:37.653725382 pdns=0/0/inactive/dead/ named=0/inactive/dead/ agent=0/inactive/ jphase=absent killpid=1776,1883,
16:30:38.098227589 CHANGE ledger 2db728f86a6f7ea5849aab9d98802af4c70e85138d21484c57043d0b2bf7f31d -> 5e3fcdad3d50fbe234582158480c7e2f11d2c26b34c211a74826ac429157c97a
16:30:38.129749511 pdns=0/0/inactive/dead/ named=0/inactive/dead/ agent=0/inactive/ jphase=absent killpid=1776,1978,
16:30:39.656541760 CHANGE ledger 5e3fcdad3d50fbe234582158480c7e2f11d2c26b34c211a74826ac429157c97a -> 59c45b1aa9e184f226a977842588af0191eb03b9c69b2bf603757ac619a92a52
16:30:39.677925333 pdns=0/0/inactive/dead/ named=0/inactive/dead/ agent=0/inactive/ jphase=absent killpid=1776,1995,
16:30:39.984017348 pdns=0/0/inactive/dead/ named=0/inactive/dead/ agent=0/inactive/ jphase=absent killpid=1776,1995,
16:30:40.286103925 pdns=0/0/inactive/dead/ named=0/inactive/dead/ agent=0/inactive/ jphase=absent killpid=1776,1995,
16:30:40.572015281 pdns=0/0/inactive/dead/ named=0/inactive/dead/ agent=0/inactive/ jphase=absent killpid=1776,1995,
16:30:40.895536955 pdns=0/0/inactive/dead/ named=0/inactive/dead/ agent=0/inactive/ jphase=absent killpid=1776,1995,
16:30:41.211589304 pdns=0/0/inactive/dead/ named=0/inactive/dead/ agent=0/inactive/ jphase=absent killpid=1776,1995,
16:30:41.513386141 pdns=0/0/inactive/dead/ named=0/inactive/dead/ agent=0/inactive/ jphase=absent killpid=1776,1995,
16:30:41.837084841 pdns=0/0/inactive/dead/ named=0/inactive/dead/ agent=0/inactive/ jphase=absent killpid=1776,1995,
16:30:42.125681294 pdns=0/0/inactive/dead/ named=0/inactive/dead/ agent=0/inactive/ jphase=absent killpid=1776,1995,
16:30:42.409418130 CHANGE ledger 59c45b1aa9e184f226a977842588af0191eb03b9c69b2bf603757ac619a92a52 -> 2f5b3bb69d254ba34947291e9ee7cdc9a341543ec76a8fac0e09c42fab620fce
16:30:42.412927529 pdns=0/0/inactive/dead/ named=0/inactive/dead/ agent=0/inactive/ jphase=absent killpid=1776,1995,
16:30:42.701285970 pdns=0/0/inactive/dead/ named=0/inactive/dead/ agent=0/inactive/ jphase=absent killpid=1776,1995,
16:30:43.123651494 pdns=0/0/inactive/dead/ named=0/inactive/dead/ agent=0/inactive/ jphase=absent killpid=1776,2303,
16:30:44.479339611 CHANGE ledger 2f5b3bb69d254ba34947291e9ee7cdc9a341543ec76a8fac0e09c42fab620fce -> f381d67391ba6727074dfe467cda74099e3cb8e692474864ac85e94031c1d7fe
16:30:44.483178489 pdns=0/0/inactive/dead/ named=0/inactive/dead/ agent=0/inactive/ jphase=absent killpid=1776,2303,
16:30:44.767549420 pdns=0/0/inactive/dead/ named=0/inactive/dead/ agent=0/inactive/ jphase=absent killpid=1776,2303,
16:30:45.033866556 pdns=0/0/inactive/dead/ named=0/inactive/dead/ agent=0/inactive/ jphase=absent killpid=1776,2303,
16:30:45.311907504 pdns=0/0/inactive/dead/ named=0/inactive/dead/ agent=0/inactive/ jphase=absent killpid=1776,2303,
16:30:45.600194341 pdns=0/0/inactive/dead/ named=0/inactive/dead/ agent=0/inactive/ jphase=absent killpid=1776,2303,
16:30:45.874199807 pdns=0/0/inactive/dead/ named=0/inactive/dead/ agent=0/inactive/ jphase=absent killpid=1776,2303,
16:30:46.161666084 pdns=0/0/inactive/dead/ named=0/inactive/dead/ agent=0/inactive/ jphase=absent killpid=1776,2303,
16:30:46.433546747 pdns=0/0/inactive/dead/ named=0/inactive/dead/ agent=0/inactive/ jphase=absent killpid=1776,2303,
16:30:46.730980123 pdns=0/0/inactive/dead/ named=0/inactive/dead/ agent=0/inactive/ jphase=absent killpid=1776,2303,
16:30:47.006708947 pdns=0/0/inactive/dead/ named=0/inactive/dead/ agent=0/inactive/ jphase=absent killpid=1776,2303,
16:30:47.278352853 pdns=0/0/inactive/dead/ named=0/inactive/dead/ agent=0/inactive/ jphase=absent killpid=1776,2303,
16:30:47.552606096 CHANGE ledger f381d67391ba6727074dfe467cda74099e3cb8e692474864ac85e94031c1d7fe -> 8d3927eb500db13ecbb94a4d79d321a293e6a624e25fdb1c478c5cc206976ddb
16:30:47.556365250 pdns=0/0/inactive/dead/ named=0/inactive/dead/ agent=0/inactive/ jphase=absent killpid=1776,2303,
16:30:47.834538245 pdns=0/0/inactive/dead/ named=0/inactive/dead/ agent=0/inactive/ jphase=absent killpid=1776,2303,
16:30:48.109719611 pdns=0/0/inactive/dead/ named=0/inactive/dead/ agent=0/inactive/ jphase=absent killpid=1776,2303,
16:30:48.387976008 pdns=0/0/inactive/dead/ named=0/inactive/dead/ agent=0/inactive/ jphase=absent killpid=1776,2303,
16:30:48.662411514 pdns=0/0/inactive/dead/ named=0/inactive/dead/ agent=0/inactive/ jphase=absent killpid=1776,2303,
16:30:48.956517490 pdns=0/0/inactive/dead/ named=0/inactive/dead/ agent=0/inactive/ jphase=absent killpid=1776,2303,
16:30:49.297334162 CHANGE ledger 8d3927eb500db13ecbb94a4d79d321a293e6a624e25fdb1c478c5cc206976ddb -> 0eb9a457250e22a6ded665b083faed13840273c0ad56d96b609b0082e76236b0
16:30:49.303984380 pdns=0/0/inactive/dead/ named=0/inactive/dead/ agent=0/inactive/ jphase=absent killpid=1776,2930,
16:30:49.932283494 CHANGE ledger 0eb9a457250e22a6ded665b083faed13840273c0ad56d96b609b0082e76236b0 -> dbdfa9aafb142f4cd65386095517df0c694eeb6ff1c6548db512a21c5710afdc
16:30:49.939101593 pdns=0/0/inactive/dead/ named=0/inactive/dead/ agent=0/inactive/ jphase=absent killpid=1776,3004,
16:30:50.316929289 CHANGE ledger dbdfa9aafb142f4cd65386095517df0c694eeb6ff1c6548db512a21c5710afdc -> 5575b983d5ff770758e2218536ae0f5a55e21638cbf7a9006ca8f57edef53891
16:30:50.322023801 pdns=0/0/inactive/dead/ named=0/inactive/dead/ agent=0/inactive/ jphase=absent killpid=1776,
16:30:50.622512627 CHANGE journal absent -> d22bfee1ec9046eda5b9e387fb4d462843bb62b6192802dea4412e71f76d84c7
16:30:50.631597390 CHANGE ledger 5575b983d5ff770758e2218536ae0f5a55e21638cbf7a9006ca8f57edef53891 -> 51fc7718935a1ee1a579d61733caee54b42fc1be4910fbe1e684446e7dcb70ed
16:30:50.636201813 pdns=0/0/inactive/dead/ named=0/inactive/dead/ agent=0/inactive/ jphase=intent killpid=1776,
16:30:50.918740135 CHANGE ledger 51fc7718935a1ee1a579d61733caee54b42fc1be4910fbe1e684446e7dcb70ed -> 8ca09e3529fc51372ab11aa4d20545c0afbc397ab657d82ad6b6c43c437b0997
16:30:50.922805091 pdns=0/0/inactive/dead/ named=0/inactive/dead/ agent=0/inactive/ jphase=intent killpid=1776,
16:30:51.201496986 pdns=0/0/inactive/dead/ named=0/inactive/dead/ agent=0/inactive/ jphase=intent killpid=1776,
16:30:51.475764019 pdns=0/0/inactive/dead/ named=0/inactive/dead/ agent=0/inactive/ jphase=intent killpid=1776,
16:30:51.748542476 pdns=0/0/inactive/dead/ named=0/inactive/dead/ agent=0/inactive/ jphase=intent killpid=1776,
16:30:52.024440098 CHANGE journal d22bfee1ec9046eda5b9e387fb4d462843bb62b6192802dea4412e71f76d84c7 -> d4c5757c5fcd6ce9cf1e50b6e93b5a36c64f7a2dadbf52919395ff53fa25c0d0
16:30:52.040590560 CHANGE ledger 8ca09e3529fc51372ab11aa4d20545c0afbc397ab657d82ad6b6c43c437b0997 -> 09e88fa6565075e090832593616b106ae82274d4cb83dcd0543c664c25af4935
16:30:52.060226487 CHANGE pdnsdb absent -> 2fd22dc9af1df2de096e05fe50b3a105e8d9b9b577376122f7b2efeea3c724df
16:30:52.066598074 pdns=0/0/inactive/dead/ named=0/inactive/dead/ agent=0/inactive/ jphase=source-stopped killpid=1776,3336,
16:30:52.384219126 CHANGE ledger 09e88fa6565075e090832593616b106ae82274d4cb83dcd0543c664c25af4935 -> f0031f50edfe8ce35305f951e118c8af09df4a56586ff9b5c022b7a8445390fb
16:30:52.397347575 pdns=0/0/inactive/dead/ named=0/inactive/dead/ agent=0/inactive/ jphase=source-stopped killpid=1776,3405,
16:30:52.701884658 CHANGE ledger f0031f50edfe8ce35305f951e118c8af09df4a56586ff9b5c022b7a8445390fb -> 27a9b78828e2e1f23b09de51b67b62675974746ff470e5f72a409a594f0440cc
16:30:52.712182840 pdns=0/0/inactive/dead/ named=0/inactive/dead/ agent=0/inactive/ jphase=source-stopped killpid=1776,3478,
16:30:53.047996879 CHANGE ledger 27a9b78828e2e1f23b09de51b67b62675974746ff470e5f72a409a594f0440cc -> b38b81534cb88912a900183c338fe05e9d8e1100de72a90f2d7540c64facfc49
16:30:53.056168734 pdns=0/0/inactive/dead/ named=0/inactive/dead/ agent=0/inactive/ jphase=source-stopped killpid=1776,3606,
16:30:53.529003827 CHANGE ledger b38b81534cb88912a900183c338fe05e9d8e1100de72a90f2d7540c64facfc49 -> 024240aacf8ecfc5b13727b393bb125edde575162bfe70d250f1aad6ab5d6142
16:30:53.537608283 pdns=0/0/inactive/dead/ named=0/inactive/dead/ agent=0/inactive/ jphase=source-stopped killpid=1776,3685,
16:30:53.834929676 CHANGE ledger 024240aacf8ecfc5b13727b393bb125edde575162bfe70d250f1aad6ab5d6142 -> 00c1654a47b30d90d7ac88b4c2f717370934c7bbb75b0758eda531db958dd7f4
16:30:53.846063726 pdns=0/0/inactive/dead/ named=0/inactive/dead/ agent=0/inactive/ jphase=source-stopped killpid=1776,3777,
16:30:54.219752378 CHANGE ledger 00c1654a47b30d90d7ac88b4c2f717370934c7bbb75b0758eda531db958dd7f4 -> e1ed24f7235fac2029585b546092b8a8ba3b7deab240430c93aa2a62f5faba05
16:30:54.227888367 pdns=0/0/inactive/dead/ named=0/inactive/dead/ agent=0/inactive/ jphase=source-stopped killpid=1776,3856,
16:30:54.509412146 CHANGE ledger e1ed24f7235fac2029585b546092b8a8ba3b7deab240430c93aa2a62f5faba05 -> 117fbf87c2db7b18cca3fbcc3a47e31196722b6e51cd959e26583796455939c1
16:30:54.522013780 pdns=0/0/inactive/dead/ named=0/inactive/dead/ agent=0/inactive/ jphase=source-stopped killpid=1776,
16:30:54.806567822 CHANGE ledger 117fbf87c2db7b18cca3fbcc3a47e31196722b6e51cd959e26583796455939c1 -> 967ef60b01c7ac0c9e9f032a5b7a10444accbeab179114257483b8eb428df79f
16:30:54.819405085 CHANGE pdnsdb 2fd22dc9af1df2de096e05fe50b3a105e8d9b9b577376122f7b2efeea3c724df -> da3811af3dc643d9578d89d02e5061c939ca5250ed2ebb592cf974dd2018ee4b
16:30:54.823767142 pdns=3956/0/active/running/ named=0/inactive/dead/ agent=0/inactive/ jphase=source-stopped killpid=1776,
16:30:55.101480403 CHANGE ledger 967ef60b01c7ac0c9e9f032a5b7a10444accbeab179114257483b8eb428df79f -> 157c19b765de4103eeb6c32b39f0ecc0e076ec54bcd146fa03ac1831e899e33a
16:30:55.126403391 CHANGE pdnsdb da3811af3dc643d9578d89d02e5061c939ca5250ed2ebb592cf974dd2018ee4b -> 00372edf1731c42bbd03afc918bf9ed170cb1c373bb5e53c8715704eb159d767
16:30:55.131821258 pdns=3956/0/active/running/ named=0/inactive/dead/ agent=0/inactive/ jphase=target-started killpid=1776,
16:30:55.426183036 CHANGE journal d4c5757c5fcd6ce9cf1e50b6e93b5a36c64f7a2dadbf52919395ff53fa25c0d0 -> 7828412ef1fbe17f9708c70e7deddb4b39911da84cc3e17c05763ece25b51144
16:30:55.454072284 CHANGE ledger 157c19b765de4103eeb6c32b39f0ecc0e076ec54bcd146fa03ac1831e899e33a -> bd2d0769816bc37e492bd5127581dde8d7dd6e3a5e29f3c71a49fb7c44a0bc13
16:30:55.469602445 pdns=3956/0/active/running/ named=0/inactive/dead/ agent=0/inactive/ jphase=target-started killpid=1776,
16:30:55.784127984 CHANGE ledger bd2d0769816bc37e492bd5127581dde8d7dd6e3a5e29f3c71a49fb7c44a0bc13 -> c02685a8b89c6dfbb050ea5911dfbd9aadcbbb3ddf0fa3fb9fcb8948f8601be6
16:30:55.797166821 pdns=3956/0/active/running/ named=0/inactive/dead/ agent=0/inactive/ jphase=target-started killpid=1776,4211,
16:30:56.113836887 CHANGE ledger c02685a8b89c6dfbb050ea5911dfbd9aadcbbb3ddf0fa3fb9fcb8948f8601be6 -> 6653d02bd5b883ce4121f17d8b86c3d95e990c5f3e65ff0785cfd66fafdff300
16:30:56.127440365 pdns=3956/0/active/running/ named=0/inactive/dead/ agent=0/inactive/ jphase=target-started killpid=1776,4293,
16:30:56.437577077 CHANGE ledger 6653d02bd5b883ce4121f17d8b86c3d95e990c5f3e65ff0785cfd66fafdff300 -> a1a1b425f35afcc97e8dfc860b53003a3d8e7fd1e553e403dcc48a314c130928
16:30:56.446669158 pdns=3956/0/active/running/ named=0/inactive/dead/ agent=0/inactive/ jphase=target-started killpid=1776,
16:30:56.932016021 CHANGE ledger a1a1b425f35afcc97e8dfc860b53003a3d8e7fd1e553e403dcc48a314c130928 -> e5498b798e82009c6c614dfaa51fdc6c464c2398e9e64cda7e0f133a34fd8b36
16:30:57.040865430 pdns=3956/0/active/running/ named=0/inactive/dead/ agent=0/inactive/ jphase=target-started killpid=1776,4473,
16:30:58.526087342 CHANGE ledger e5498b798e82009c6c614dfaa51fdc6c464c2398e9e64cda7e0f133a34fd8b36 -> b70c393b4062eb39cb019982cba20c34b6ce597402917b5f11ca72b8b6f699a6
16:30:58.628086561 pdns=3956/0/active/running/ named=0/inactive/dead/ agent=0/inactive/ jphase=target-started killpid=1776,
16:30:59.181929591 CHANGE ledger b70c393b4062eb39cb019982cba20c34b6ce597402917b5f11ca72b8b6f699a6 -> c43d1096f93f2dbc8f022c2b4bdf55987209d7c47ff00d31a65025216efc01a8
16:30:59.191166627 pdns=3956/0/active/running/ named=0/inactive/dead/ agent=0/inactive/ jphase=target-started killpid=1776,
16:30:59.466247051 CHANGE state absent -> 8e868108dc35cf264435f4e714f50abf351fc694f0ec0a5cff75b6d6764c2f67
16:30:59.474757140 pdns=3956/0/active/running/ named=0/inactive/dead/ agent=4596/active/ jphase=target-started killpid=
16:30:59.837058307 pdns=3956/0/active/running/ named=0/inactive/dead/ agent=4596/active/ jphase=target-started killpid=
16:31:00.153329125 pdns=3956/0/active/running/ named=0/inactive/dead/ agent=4596/active/ jphase=target-started killpid=
16:31:00.419427235 CHANGE journal 7828412ef1fbe17f9708c70e7deddb4b39911da84cc3e17c05763ece25b51144 -> a26143d38e117b3b4e13370438cbc0fc8674196c8d95d31e0b46d3a873912492
16:31:00.433458942 pdns=3956/0/active/running/ named=0/inactive/dead/ agent=4596/active/ jphase=committed killpid=
16:31:00.715158168 pdns=3956/0/active/running/ named=0/inactive/dead/ agent=4596/active/ jphase=committed killpid=
16:31:01.005801797 pdns=3956/0/active/running/ named=0/inactive/dead/ agent=4596/active/ jphase=committed killpid=
16:31:01.271666162 CHANGE journal a26143d38e117b3b4e13370438cbc0fc8674196c8d95d31e0b46d3a873912492 -> absent
16:31:01.282857810 CHANGE ledger c43d1096f93f2dbc8f022c2b4bdf55987209d7c47ff00d31a65025216efc01a8 -> c7f42648e02a3846e9b15814fd604c40a331e1157295dfd07ca283cdd54f2df0
16:31:01.296377996 pdns=3956/0/active/running/ named=0/inactive/dead/ agent=4596/active/ jphase=absent killpid=
16:31:01.585244165 pdns=3956/0/active/running/ named=0/inactive/dead/ agent=4596/active/ jphase=absent killpid=
16:31:01.882331677 pdns=3956/0/active/running/ named=0/inactive/dead/ agent=4596/active/ jphase=absent killpid=
16:31:02.169037305 pdns=3956/0/active/running/ named=0/inactive/dead/ agent=4596/active/ jphase=absent killpid=
16:31:02.453388991 pdns=3956/0/active/running/ named=0/inactive/dead/ agent=4596/active/ jphase=absent killpid=
16:31:02.731728507 pdns=3956/0/active/running/ named=0/inactive/dead/ agent=4596/active/ jphase=absent killpid=
16:31:03.015830903 pdns=3956/0/active/running/ named=0/inactive/dead/ agent=4596/active/ jphase=absent killpid=
16:31:03.299365113 pdns=3956/0/active/running/ named=0/inactive/dead/ agent=4596/active/ jphase=absent killpid=
16:31:03.581417759 pdns=3956/0/active/running/ named=0/inactive/dead/ agent=4596/active/ jphase=absent killpid=
16:31:03.858083930 pdns=3956/0/active/running/ named=0/inactive/dead/ agent=4596/active/ jphase=absent killpid=
16:31:04.139012887 pdns=3956/0/active/running/ named=0/inactive/dead/ agent=4596/active/ jphase=absent killpid=
16:31:04.421009470 pdns=3956/0/active/running/ named=0/inactive/dead/ agent=4596/active/ jphase=absent killpid=
16:31:04.701555111 pdns=3956/0/active/running/ named=0/inactive/dead/ agent=4596/active/ jphase=absent killpid=
16:31:04.982998093 pdns=3956/0/active/running/ named=0/inactive/dead/ agent=4596/active/ jphase=absent killpid=
16:31:05.297010463 pdns=3956/0/active/running/ named=0/inactive/dead/ agent=4596/active/ jphase=absent killpid=
16:31:05.579258168 pdns=3956/0/active/running/ named=0/inactive/dead/ agent=4596/active/ jphase=absent killpid=
16:31:05.887646686 pdns=3956/0/active/running/ named=0/inactive/dead/ agent=4596/active/ jphase=absent killpid=
16:31:06.167904007 pdns=3956/0/active/running/ named=0/inactive/dead/ agent=4596/active/ jphase=absent killpid=
16:31:06.638760693 pdns=3956/0/active/running/ named=0/inactive/dead/ agent=4596/active/ jphase=absent killpid=
16:31:07.848919361 pdns=3956/0/active/running/ named=0/inactive/dead/ agent=4596/active/ jphase=absent killpid=
16:31:08.146641377 pdns=3956/0/active/running/ named=0/inactive/dead/ agent=4596/active/ jphase=absent killpid=
16:31:08.438701068 pdns=3956/0/active/running/ named=0/inactive/dead/ agent=4596/active/ jphase=absent killpid=
16:31:08.718340992 pdns=3956/0/active/running/ named=0/inactive/dead/ agent=4596/active/ jphase=absent killpid=
16:31:08.998494369 pdns=3956/0/active/running/ named=0/inactive/dead/ agent=4596/active/ jphase=absent killpid=
16:31:09.279907268 pdns=3956/0/active/running/ named=0/inactive/dead/ agent=4596/active/ jphase=absent killpid=
16:31:09.559334893 pdns=3956/0/active/running/ named=0/inactive/dead/ agent=4596/active/ jphase=absent killpid=
16:31:09.837326444 pdns=3956/0/active/running/ named=0/inactive/dead/ agent=4596/active/ jphase=absent killpid=
16:31:10.125742344 pdns=3956/0/active/running/ named=0/inactive/dead/ agent=4596/active/ jphase=absent killpid=
16:31:10.405893842 pdns=3956/0/active/running/ named=0/inactive/dead/ agent=4596/active/ jphase=absent killpid=
16:31:10.685918880 pdns=3956/0/active/running/ named=0/inactive/dead/ agent=4596/active/ jphase=absent killpid=
16:31:10.963773166 pdns=3956/0/active/running/ named=0/inactive/dead/ agent=4596/active/ jphase=absent killpid=
16:31:11.243829025 pdns=3956/0/active/running/ named=0/inactive/dead/ agent=4596/active/ jphase=absent killpid=
16:31:11.526776119 pdns=3956/0/active/running/ named=0/inactive/dead/ agent=4596/active/ jphase=absent killpid=
16:31:11.809302157 pdns=3956/0/active/running/ named=0/inactive/dead/ agent=4596/active/ jphase=absent killpid=
16:31:12.096360586 pdns=3956/0/active/running/ named=0/inactive/dead/ agent=4596/active/ jphase=absent killpid=
16:31:12.377791226 pdns=3956/0/active/running/ named=0/inactive/dead/ agent=4596/active/ jphase=absent killpid=
16:31:12.657846540 pdns=3956/0/active/running/ named=0/inactive/dead/ agent=4596/active/ jphase=absent killpid=
16:31:12.935495048 pdns=3956/0/active/running/ named=0/inactive/dead/ agent=4596/active/ jphase=absent killpid=
16:31:13.217928269 pdns=3956/0/active/running/ named=0/inactive/dead/ agent=4596/active/ jphase=absent killpid=
16:31:13.496948703 pdns=3956/0/active/running/ named=0/inactive/dead/ agent=4596/active/ jphase=absent killpid=
16:31:13.776846204 pdns=3956/0/active/running/ named=0/inactive/dead/ agent=4596/active/ jphase=absent killpid=
16:31:14.059290029 pdns=3956/0/active/running/ named=0/inactive/dead/ agent=4596/active/ jphase=absent killpid=
16:31:14.369178094 pdns=3956/0/active/running/ named=0/inactive/dead/ agent=4596/active/ jphase=absent killpid=
16:31:14.685944218 pdns=3956/0/active/running/ named=0/inactive/dead/ agent=4596/active/ jphase=absent killpid=
16:31:14.960290490 pdns=3956/0/active/running/ named=0/inactive/dead/ agent=4596/active/ jphase=absent killpid=
16:31:15.237353648 pdns=3956/0/active/running/ named=0/inactive/dead/ agent=4596/active/ jphase=absent killpid=
16:31:15.514049059 pdns=3956/0/active/running/ named=0/inactive/dead/ agent=4596/active/ jphase=absent killpid=
16:31:15.814691077 pdns=3956/0/active/running/ named=0/inactive/dead/ agent=4596/active/ jphase=absent killpid=
16:31:16.091645260 pdns=3956/0/active/running/ named=0/inactive/dead/ agent=4596/active/ jphase=absent killpid=
16:31:16.366571220 pdns=3956/0/active/running/ named=0/inactive/dead/ agent=4596/active/ jphase=absent killpid=
16:31:16.668868444 pdns=3956/0/active/running/ named=0/inactive/dead/ agent=4596/active/ jphase=absent killpid=
16:31:16.953281303 pdns=3956/0/active/running/ named=0/inactive/dead/ agent=4596/active/ jphase=absent killpid=
16:31:17.229732941 pdns=3956/0/active/running/ named=0/inactive/dead/ agent=4596/active/ jphase=absent killpid=
16:31:17.506985383 pdns=3956/0/active/running/ named=0/inactive/dead/ agent=4596/active/ jphase=absent killpid=
16:31:17.782519257 pdns=3956/0/active/running/ named=0/inactive/dead/ agent=4596/active/ jphase=absent killpid=
16:31:18.057150703 pdns=3956/0/active/running/ named=0/inactive/dead/ agent=4596/active/ jphase=absent killpid=
16:31:18.331927286 pdns=3956/0/active/running/ named=0/inactive/dead/ agent=4596/active/ jphase=absent killpid=
16:31:18.609698298 pdns=3956/0/active/running/ named=0/inactive/dead/ agent=4596/active/ jphase=absent killpid=
16:31:18.893395795 pdns=3956/0/active/running/ named=0/inactive/dead/ agent=4596/active/ jphase=absent killpid=
16:31:19.172405248 pdns=3956/0/active/running/ named=0/inactive/dead/ agent=4596/active/ jphase=absent killpid=
16:31:19.451861136 pdns=3956/0/active/running/ named=0/inactive/dead/ agent=4596/active/ jphase=absent killpid=
16:31:19.732605394 pdns=3956/0/active/running/ named=0/inactive/dead/ agent=4596/active/ jphase=absent killpid=
16:31:20.015147796 pdns=3956/0/active/running/ named=0/inactive/dead/ agent=4596/active/ jphase=absent killpid=
16:31:20.314666710 pdns=3956/0/active/running/ named=0/inactive/dead/ agent=4596/active/ jphase=absent killpid=
16:31:20.602628340 pdns=3956/0/active/running/ named=0/inactive/dead/ agent=4596/active/ jphase=absent killpid=
16:31:20.894147774 pdns=3956/0/active/running/ named=0/inactive/dead/ agent=4596/active/ jphase=absent killpid=
16:31:21.194360187 pdns=3956/0/active/running/ named=0/inactive/dead/ agent=4596/active/ jphase=absent killpid=
16:31:21.517861121 pdns=3956/0/active/running/ named=0/inactive/dead/ agent=4596/active/ jphase=absent killpid=
16:31:21.804451429 pdns=3956/0/active/running/ named=0/inactive/dead/ agent=4596/active/ jphase=absent killpid=
16:31:22.088501515 pdns=3956/0/active/running/ named=0/inactive/dead/ agent=4596/active/ jphase=absent killpid=
16:31:22.376893773 pdns=3956/0/active/running/ named=0/inactive/dead/ agent=4596/active/ jphase=absent killpid=
16:31:22.659182149 pdns=3956/0/active/running/ named=0/inactive/dead/ agent=4596/active/ jphase=absent killpid=
16:31:22.935813812 pdns=3956/0/active/running/ named=0/inactive/dead/ agent=4596/active/ jphase=absent killpid=
16:31:23.213144283 pdns=3956/0/active/running/ named=0/inactive/dead/ agent=4596/active/ jphase=absent killpid=
16:31:23.489767608 pdns=3956/0/active/running/ named=0/inactive/dead/ agent=4596/active/ jphase=absent killpid=
16:31:23.766762559 pdns=3956/0/active/running/ named=0/inactive/dead/ agent=4596/active/ jphase=absent killpid=
16:31:24.043807824 pdns=3956/0/active/running/ named=0/inactive/dead/ agent=4596/active/ jphase=absent killpid=
16:31:24.321148684 pdns=3956/0/active/running/ named=0/inactive/dead/ agent=4596/active/ jphase=absent killpid=
16:31:24.597019002 pdns=3956/0/active/running/ named=0/inactive/dead/ agent=4596/active/ jphase=absent killpid=
16:31:24.877083043 pdns=3956/0/active/running/ named=0/inactive/dead/ agent=4596/active/ jphase=absent killpid=
16:31:25.161597721 pdns=3956/0/active/running/ named=0/inactive/dead/ agent=4596/active/ jphase=absent killpid=
16:31:25.457873895 pdns=3956/0/active/running/ named=0/inactive/dead/ agent=4596/active/ jphase=absent killpid=
16:31:25.742610434 pdns=3956/0/active/running/ named=0/inactive/dead/ agent=4596/active/ jphase=absent killpid=
16:31:26.026463668 pdns=3956/0/active/running/ named=0/inactive/dead/ agent=4596/active/ jphase=absent killpid=
16:31:26.341965933 pdns=3956/0/active/running/ named=0/inactive/dead/ agent=4596/active/ jphase=absent killpid=
16:31:26.625430861 pdns=3956/0/active/running/ named=0/inactive/dead/ agent=4596/active/ jphase=absent killpid=
16:31:26.901352126 pdns=3956/0/active/running/ named=0/inactive/dead/ agent=4596/active/ jphase=absent killpid=
16:31:27.187685359 pdns=3956/0/active/running/ named=0/inactive/dead/ agent=4596/active/ jphase=absent killpid=
16:31:27.472564639 pdns=3956/0/active/running/ named=0/inactive/dead/ agent=4596/active/ jphase=absent killpid=
16:31:27.752817838 pdns=3956/0/active/running/ named=0/inactive/dead/ agent=4596/active/ jphase=absent killpid=
16:31:28.033720330 pdns=3956/0/active/running/ named=0/inactive/dead/ agent=4596/active/ jphase=absent killpid=
16:31:28.369185273 pdns=3956/0/active/running/ named=0/inactive/dead/ agent=4596/active/ jphase=absent killpid=
16:31:28.999913422 pdns=3956/0/active/running/ named=0/inactive/dead/ agent=4596/active/ jphase=absent killpid=
16:31:29.972281332 pdns=3956/0/active/running/ named=0/inactive/dead/ agent=4596/active/ jphase=absent killpid=
16:31:30.278349031 pdns=3956/0/active/running/ named=0/inactive/dead/ agent=4596/active/ jphase=absent killpid=
16:31:30.561233416 pdns=3956/0/active/running/ named=0/inactive/dead/ agent=4596/active/ jphase=absent killpid=
16:31:30.841568918 pdns=3956/0/active/running/ named=0/inactive/dead/ agent=4596/active/ jphase=absent killpid=
16:31:31.128133646 pdns=3956/0/active/running/ named=0/inactive/dead/ agent=4596/active/ jphase=absent killpid=
16:31:31.422773946 pdns=3956/0/active/running/ named=0/inactive/dead/ agent=4596/active/ jphase=absent killpid=
16:31:31.704334277 pdns=3956/0/active/running/ named=0/inactive/dead/ agent=4596/active/ jphase=absent killpid=
16:31:31.980304179 pdns=3956/0/active/running/ named=0/inactive/dead/ agent=4596/active/ jphase=absent killpid=
16:31:32.255975026 pdns=3956/0/active/running/ named=0/inactive/dead/ agent=4596/active/ jphase=absent killpid=
done
