04:15:46.839963820 pdns=0/0/inactive/dead/ named=0/inactive/dead/ agent=1191/inactive/ jphase=absent killpid=
04:15:47.115320829 pdns=0/0/inactive/dead/ named=0/inactive/dead/ agent=1191/inactive/ jphase=absent killpid=
04:15:47.403449603 pdns=0/0/inactive/dead/ named=0/inactive/dead/ agent=1191/inactive/ jphase=absent killpid=1497,
04:15:47.708324441 pdns=0/0/inactive/dead/ named=0/inactive/dead/ agent=1191/inactive/ jphase=absent killpid=1497,
04:15:48.133960942 pdns=0/0/inactive/dead/ named=0/inactive/dead/ agent=1191/inactive/ jphase=absent killpid=1497,1654,
04:15:48.405090761 pdns=0/0/inactive/dead/ named=0/inactive/dead/ agent=1191/inactive/ jphase=absent killpid=1497,1654,
04:15:48.688044921 pdns=0/0/inactive/dead/ named=0/inactive/dead/ agent=1191/inactive/ jphase=absent killpid=1497,1654,
04:15:48.973878287 pdns=0/0/inactive/dead/ named=0/inactive/dead/ agent=1191/inactive/ jphase=absent killpid=1497,1654,
04:15:49.251553797 pdns=0/0/inactive/dead/ named=0/inactive/dead/ agent=1191/inactive/ jphase=absent killpid=1497,1654,
04:15:49.528153222 pdns=0/0/inactive/dead/ named=0/inactive/dead/ agent=1191/inactive/ jphase=absent killpid=1497,1654,
04:15:49.819161974 pdns=0/0/inactive/dead/ named=0/inactive/dead/ agent=1191/inactive/ jphase=absent killpid=1497,1654,
04:15:50.096897987 pdns=0/0/inactive/dead/ named=0/inactive/dead/ agent=1191/inactive/ jphase=absent killpid=1497,1654,
04:15:50.372292215 pdns=0/0/inactive/dead/ named=0/inactive/dead/ agent=1191/inactive/ jphase=absent killpid=1497,1654,
04:15:50.657189802 pdns=0/0/inactive/dead/ named=0/inactive/dead/ agent=1191/inactive/ jphase=absent killpid=1497,1654,
04:15:50.928947387 pdns=0/0/inactive/dead/ named=0/inactive/dead/ agent=1191/inactive/ jphase=absent killpid=1497,1654,
04:15:51.211550812 pdns=0/0/inactive/dead/ named=0/inactive/dead/ agent=1191/inactive/ jphase=absent killpid=1497,1654,
04:15:51.501389859 pdns=0/0/inactive/dead/ named=0/inactive/dead/ agent=1191/inactive/ jphase=absent killpid=1497,1654,
04:15:51.844515349 pdns=0/0/inactive/dead/ named=0/inactive/dead/ agent=1191/inactive/ jphase=absent killpid=1497,1654,
04:15:52.615315839 pdns=0/0/inactive/dead/ named=0/inactive/dead/ agent=1191/inactive/ jphase=absent killpid=1497,1654,
04:15:53.187305308 pdns=0/0/inactive/dead/ named=0/inactive/dead/ agent=1191/inactive/ jphase=absent killpid=1497,1654,
04:15:53.498097436 pdns=0/0/inactive/dead/ named=0/inactive/dead/ agent=1191/inactive/ jphase=absent killpid=1497,1654,
04:15:53.797237209 pdns=0/0/inactive/dead/ named=0/inactive/dead/ agent=1191/inactive/ jphase=absent killpid=1497,1654,
04:15:54.081191137 pdns=0/0/inactive/dead/ named=0/inactive/dead/ agent=1191/inactive/ jphase=absent killpid=1497,1654,
04:15:54.360720082 pdns=0/0/inactive/dead/ named=0/inactive/dead/ agent=1191/inactive/ jphase=absent killpid=1497,1654,
04:15:54.666675624 pdns=0/0/inactive/dead/ named=0/inactive/dead/ agent=1191/inactive/ jphase=absent killpid=1497,1654,
04:15:54.953438097 pdns=0/0/inactive/dead/ named=0/inactive/dead/ agent=1191/inactive/ jphase=absent killpid=1497,1654,
04:15:55.231386508 pdns=0/0/inactive/dead/ named=0/inactive/dead/ agent=1191/inactive/ jphase=absent killpid=1497,1654,
04:15:55.511936466 pdns=0/0/inactive/dead/ named=0/inactive/dead/ agent=1191/inactive/ jphase=absent killpid=1497,2068,
04:15:55.801997271 pdns=0/0/inactive/dead/ named=0/inactive/dead/ agent=1191/inactive/ jphase=absent killpid=1497,2068,
04:15:56.085731010 pdns=0/0/inactive/dead/ named=0/inactive/dead/ agent=1191/inactive/ jphase=absent killpid=1497,2068,
04:15:56.365332121 pdns=0/0/inactive/dead/ named=0/inactive/dead/ agent=1191/inactive/ jphase=absent killpid=1497,2068,
04:15:56.642244150 pdns=0/0/inactive/dead/ named=0/inactive/dead/ agent=1191/inactive/ jphase=absent killpid=1497,2068,
04:15:56.915113772 pdns=0/0/inactive/dead/ named=0/inactive/dead/ agent=1191/inactive/ jphase=absent killpid=1497,2068,
04:15:57.195141944 pdns=0/0/inactive/dead/ named=0/inactive/dead/ agent=1191/inactive/ jphase=absent killpid=1497,2068,
04:15:57.476768334 pdns=0/0/inactive/dead/ named=0/inactive/dead/ agent=1191/inactive/ jphase=absent killpid=1497,2068,
04:15:57.794444548 pdns=0/0/inactive/dead/ named=0/inactive/dead/ agent=1191/inactive/ jphase=absent killpid=1497,2068,
04:15:58.079557454 pdns=0/0/inactive/dead/ named=0/inactive/dead/ agent=1191/inactive/ jphase=absent killpid=1497,2068,
04:15:58.359723518 pdns=0/0/inactive/dead/ named=0/inactive/dead/ agent=1191/inactive/ jphase=absent killpid=1497,2068,
04:15:58.644426552 pdns=0/0/inactive/dead/ named=0/inactive/dead/ agent=1191/inactive/ jphase=absent killpid=1497,2068,
04:15:58.929560870 pdns=0/0/inactive/dead/ named=0/inactive/dead/ agent=1191/inactive/ jphase=absent killpid=1497,2068,
04:15:59.209801053 pdns=0/0/inactive/dead/ named=0/inactive/dead/ agent=1191/inactive/ jphase=absent killpid=1497,2068,
04:15:59.487018816 pdns=0/0/inactive/dead/ named=0/inactive/dead/ agent=1191/inactive/ jphase=absent killpid=1497,2068,
04:15:59.769696203 pdns=0/0/inactive/dead/ named=0/inactive/dead/ agent=1191/inactive/ jphase=absent killpid=1497,2068,
04:16:00.047644897 pdns=0/0/inactive/dead/ named=0/inactive/dead/ agent=1191/inactive/ jphase=absent killpid=1497,2068,
04:16:00.324055569 pdns=0/0/inactive/dead/ named=0/inactive/dead/ agent=1191/inactive/ jphase=absent killpid=1497,2541,
04:16:00.837481400 pdns=0/0/inactive/dead/ named=0/inactive/dead/ agent=1191/inactive/ jphase=absent killpid=1497,
04:16:01.150317836 pdns=0/0/inactive/dead/ named=0/inactive/dead/ agent=1191/inactive/ jphase=intent killpid=
04:16:01.529749975 pdns=0/0/inactive/dead/ named=0/inactive/dead/ agent=2686/active/ jphase=rolling-back killpid=
04:16:02.175778802 pdns=0/0/inactive/dead/ named=0/inactive/dead/ agent=2686/active/ jphase=absent killpid=
04:16:02.470545897 pdns=0/0/inactive/dead/ named=0/inactive/dead/ agent=2686/active/ jphase=absent killpid=
04:16:02.754088852 pdns=0/0/inactive/dead/ named=0/inactive/dead/ agent=2686/active/ jphase=intent killpid=
04:16:03.019537336 pdns=0/0/inactive/dead/ named=0/inactive/dead/ agent=2686/active/ jphase=source-stopped killpid=
04:16:03.294589839 pdns=0/0/inactive/dead/ named=0/inactive/dead/ agent=2686/active/ jphase=source-stopped killpid=
04:16:03.812827784 pdns=0/0/inactive/dead/ named=0/inactive/dead/ agent=2686/active/ jphase=source-stopped killpid=
04:16:04.108120617 pdns=0/0/inactive/dead/ named=0/inactive/dead/ agent=2686/active/ jphase=source-stopped killpid=
04:16:04.409249409 pdns=0/0/inactive/dead/ named=0/inactive/dead/ agent=2686/active/ jphase=source-stopped killpid=
04:16:04.924845481 pdns=0/0/inactive/dead/ named=0/inactive/dead/ agent=2686/active/ jphase=source-stopped killpid=
04:16:05.207300564 pdns=0/0/inactive/dead/ named=0/inactive/dead/ agent=2686/active/ jphase=source-stopped killpid=
04:16:05.508528911 pdns=0/3523/active/running/ named=0/inactive/dead/ agent=2686/active/ jphase=target-started killpid=
04:16:05.786284772 pdns=0/3523/active/running/ named=0/inactive/dead/ agent=2686/active/ jphase=target-started killpid=
04:16:06.079663599 pdns=0/3523/active/running/ named=0/inactive/dead/ agent=2686/active/ jphase=target-started killpid=
04:16:06.364315755 pdns=0/3523/active/running/ named=0/inactive/dead/ agent=2686/active/ jphase=target-started killpid=
04:16:06.663432798 pdns=0/3523/active/running/ named=0/inactive/dead/ agent=2686/active/ jphase=committed killpid=
04:16:06.962109786 pdns=0/3523/active/running/ named=0/inactive/dead/ agent=2686/active/ jphase=committed killpid=
04:16:07.266239041 pdns=0/3523/active/running/ named=0/inactive/dead/ agent=2686/active/ jphase=absent killpid=
04:16:07.553385264 pdns=0/3523/active/running/ named=0/inactive/dead/ agent=2686/active/ jphase=absent killpid=
04:16:07.835409228 pdns=0/3523/active/running/ named=0/inactive/dead/ agent=2686/active/ jphase=absent killpid=
04:16:08.105148211 pdns=0/3523/active/running/ named=0/inactive/dead/ agent=2686/active/ jphase=absent killpid=
04:16:08.374343188 pdns=0/3523/active/running/ named=0/inactive/dead/ agent=2686/active/ jphase=absent killpid=
04:16:08.647075525 pdns=0/3523/active/running/ named=0/inactive/dead/ agent=2686/active/ jphase=absent killpid=
04:16:08.930889223 pdns=0/3523/active/running/ named=0/inactive/dead/ agent=2686/active/ jphase=absent killpid=
04:16:09.208349489 pdns=0/3523/active/running/ named=0/inactive/dead/ agent=2686/active/ jphase=absent killpid=
04:16:09.480914440 pdns=0/3523/active/running/ named=0/inactive/dead/ agent=2686/active/ jphase=absent killpid=
04:16:09.757603387 pdns=0/3523/active/running/ named=0/inactive/dead/ agent=2686/active/ jphase=absent killpid=
04:16:10.028201303 pdns=0/3523/active/running/ named=0/inactive/dead/ agent=2686/active/ jphase=absent killpid=
04:16:10.297485491 pdns=0/3523/active/running/ named=0/inactive/dead/ agent=2686/active/ jphase=absent killpid=
04:16:10.571634301 pdns=0/3523/active/running/ named=0/inactive/dead/ agent=2686/active/ jphase=absent killpid=
04:16:10.845768943 pdns=0/3523/active/running/ named=0/inactive/dead/ agent=2686/active/ jphase=absent killpid=
04:16:11.114262246 pdns=0/3523/active/running/ named=0/inactive/dead/ agent=2686/active/ jphase=absent killpid=
04:16:11.384517937 pdns=0/3523/active/running/ named=0/inactive/dead/ agent=2686/active/ jphase=absent killpid=
04:16:11.681519011 pdns=0/3523/active/running/ named=0/inactive/dead/ agent=2686/active/ jphase=absent killpid=
04:16:11.957759806 pdns=0/3523/active/running/ named=0/inactive/dead/ agent=2686/active/ jphase=absent killpid=
04:16:13.762224043 pdns=0/3523/active/running/ named=0/inactive/dead/ agent=2686/active/ jphase=absent killpid=
04:16:14.044805781 pdns=0/3523/active/running/ named=0/inactive/dead/ agent=2686/active/ jphase=absent killpid=
04:16:14.315760222 pdns=0/3523/active/running/ named=0/inactive/dead/ agent=2686/active/ jphase=absent killpid=
04:16:14.591452628 pdns=0/3523/active/running/ named=0/inactive/dead/ agent=2686/active/ jphase=absent killpid=
04:16:14.869450019 pdns=0/3523/active/running/ named=0/inactive/dead/ agent=2686/active/ jphase=absent killpid=
04:16:15.142074271 pdns=0/3523/active/running/ named=0/inactive/dead/ agent=2686/active/ jphase=absent killpid=
04:16:15.410830267 pdns=0/3523/active/running/ named=0/inactive/dead/ agent=2686/active/ jphase=absent killpid=
04:16:15.686171736 pdns=0/3523/active/running/ named=0/inactive/dead/ agent=2686/active/ jphase=absent killpid=
04:16:15.961646471 pdns=0/3523/active/running/ named=0/inactive/dead/ agent=2686/active/ jphase=absent killpid=
04:16:16.233488142 pdns=0/3523/active/running/ named=0/inactive/dead/ agent=2686/active/ jphase=absent killpid=
04:16:16.509412498 pdns=0/3523/active/running/ named=0/inactive/dead/ agent=2686/active/ jphase=absent killpid=
04:16:16.814502266 pdns=0/3523/active/running/ named=0/inactive/dead/ agent=2686/active/ jphase=absent killpid=
04:16:17.094286781 pdns=0/3523/active/running/ named=0/inactive/dead/ agent=2686/active/ jphase=absent killpid=
04:16:17.366128514 pdns=0/3523/active/running/ named=0/inactive/dead/ agent=2686/active/ jphase=absent killpid=
04:16:17.645114134 pdns=0/3523/active/running/ named=0/inactive/dead/ agent=2686/active/ jphase=absent killpid=
04:16:17.920417750 pdns=0/3523/active/running/ named=0/inactive/dead/ agent=2686/active/ jphase=absent killpid=
04:16:18.199370660 pdns=0/3523/active/running/ named=0/inactive/dead/ agent=2686/active/ jphase=absent killpid=
04:16:18.472206324 pdns=0/3523/active/running/ named=0/inactive/dead/ agent=2686/active/ jphase=absent killpid=
04:16:18.747720375 pdns=0/3523/active/running/ named=0/inactive/dead/ agent=2686/active/ jphase=absent killpid=
04:16:19.019367058 pdns=0/3523/active/running/ named=0/inactive/dead/ agent=2686/active/ jphase=absent killpid=
04:16:19.289238934 pdns=0/3523/active/running/ named=0/inactive/dead/ agent=2686/active/ jphase=absent killpid=
04:16:19.562402524 pdns=0/3523/active/running/ named=0/inactive/dead/ agent=2686/active/ jphase=absent killpid=
04:16:19.841541571 pdns=0/3523/active/running/ named=0/inactive/dead/ agent=2686/active/ jphase=absent killpid=
04:16:20.118734477 pdns=0/3523/active/running/ named=0/inactive/dead/ agent=2686/active/ jphase=absent killpid=
04:16:20.388474350 pdns=0/3523/active/running/ named=0/inactive/dead/ agent=2686/active/ jphase=absent killpid=
04:16:20.660784799 pdns=0/3523/active/running/ named=0/inactive/dead/ agent=2686/active/ jphase=absent killpid=
04:16:20.945106425 pdns=0/3523/active/running/ named=0/inactive/dead/ agent=2686/active/ jphase=absent killpid=
04:16:21.217335613 pdns=0/3523/active/running/ named=0/inactive/dead/ agent=2686/active/ jphase=absent killpid=
04:16:21.485943915 pdns=0/3523/active/running/ named=0/inactive/dead/ agent=2686/active/ jphase=absent killpid=
04:16:21.760795662 pdns=0/3523/active/running/ named=0/inactive/dead/ agent=2686/active/ jphase=absent killpid=
04:16:22.031859020 pdns=0/3523/active/running/ named=0/inactive/dead/ agent=2686/active/ jphase=absent killpid=
04:16:22.320612749 pdns=0/3523/active/running/ named=0/inactive/dead/ agent=2686/active/ jphase=absent killpid=
04:16:22.593269156 pdns=0/3523/active/running/ named=0/inactive/dead/ agent=2686/active/ jphase=absent killpid=
04:16:22.866839576 pdns=0/3523/active/running/ named=0/inactive/dead/ agent=2686/active/ jphase=absent killpid=
04:16:23.136270543 pdns=0/3523/active/running/ named=0/inactive/dead/ agent=2686/active/ jphase=absent killpid=
04:16:23.404875358 pdns=0/3523/active/running/ named=0/inactive/dead/ agent=2686/active/ jphase=absent killpid=
04:16:23.679497810 pdns=0/3523/active/running/ named=0/inactive/dead/ agent=2686/active/ jphase=absent killpid=
04:16:23.957269707 pdns=0/3523/active/running/ named=0/inactive/dead/ agent=2686/active/ jphase=absent killpid=
04:16:24.234596194 pdns=0/3523/active/running/ named=0/inactive/dead/ agent=2686/active/ jphase=absent killpid=
04:16:24.501888712 pdns=0/3523/active/running/ named=0/inactive/dead/ agent=2686/active/ jphase=absent killpid=
04:16:24.782551276 pdns=0/3523/active/running/ named=0/inactive/dead/ agent=2686/active/ jphase=absent killpid=
04:16:25.055239355 pdns=0/3523/active/running/ named=0/inactive/dead/ agent=2686/active/ jphase=absent killpid=
04:16:25.325368742 pdns=0/3523/active/running/ named=0/inactive/dead/ agent=2686/active/ jphase=absent killpid=
04:16:25.595269752 pdns=0/3523/active/running/ named=0/inactive/dead/ agent=2686/active/ jphase=absent killpid=
04:16:25.865953202 pdns=0/3523/active/running/ named=0/inactive/dead/ agent=2686/active/ jphase=absent killpid=
04:16:26.139817297 pdns=0/3523/active/running/ named=0/inactive/dead/ agent=2686/active/ jphase=absent killpid=
04:16:26.409368517 pdns=0/3523/active/running/ named=0/inactive/dead/ agent=2686/active/ jphase=absent killpid=
04:16:26.760549893 pdns=0/3523/active/running/ named=0/inactive/dead/ agent=2686/active/ jphase=absent killpid=
04:16:27.272111081 pdns=0/3523/active/running/ named=0/inactive/dead/ agent=2686/active/ jphase=absent killpid=
04:16:27.824183515 pdns=0/3523/active/running/ named=0/inactive/dead/ agent=2686/active/ jphase=absent killpid=
04:16:28.202259271 pdns=0/3523/active/running/ named=0/inactive/dead/ agent=2686/active/ jphase=absent killpid=
04:16:28.475699820 pdns=0/3523/active/running/ named=0/inactive/dead/ agent=2686/active/ jphase=absent killpid=
04:16:28.757176967 pdns=0/3523/active/running/ named=0/inactive/dead/ agent=2686/active/ jphase=absent killpid=
04:16:29.031302279 pdns=0/3523/active/running/ named=0/inactive/dead/ agent=2686/active/ jphase=absent killpid=
04:16:29.303398147 pdns=0/3523/active/running/ named=0/inactive/dead/ agent=2686/active/ jphase=absent killpid=
04:16:29.577269131 pdns=0/3523/active/running/ named=0/inactive/dead/ agent=2686/active/ jphase=absent killpid=
04:16:29.854775435 pdns=0/3523/active/running/ named=0/inactive/dead/ agent=2686/active/ jphase=absent killpid=
04:16:30.131468622 pdns=0/3523/active/running/ named=0/inactive/dead/ agent=2686/active/ jphase=absent killpid=
04:16:30.412471268 pdns=0/3523/active/running/ named=0/inactive/dead/ agent=2686/active/ jphase=absent killpid=
04:16:30.684495960 pdns=0/3523/active/running/ named=0/inactive/dead/ agent=2686/active/ jphase=absent killpid=
04:16:30.956799081 pdns=0/3523/active/running/ named=0/inactive/dead/ agent=2686/active/ jphase=absent killpid=
04:16:31.227510054 pdns=0/3523/active/running/ named=0/inactive/dead/ agent=2686/active/ jphase=absent killpid=
04:16:31.497053022 pdns=0/3523/active/running/ named=0/inactive/dead/ agent=2686/active/ jphase=absent killpid=
04:16:31.771642321 pdns=0/3523/active/running/ named=0/inactive/dead/ agent=2686/active/ jphase=absent killpid=
04:16:32.042910879 pdns=0/3523/active/running/ named=0/inactive/dead/ agent=2686/active/ jphase=absent killpid=
04:16:32.311659873 pdns=0/3523/active/running/ named=0/inactive/dead/ agent=2686/active/ jphase=absent killpid=
04:16:32.589799246 pdns=0/3523/active/running/ named=0/inactive/dead/ agent=2686/active/ jphase=absent killpid=
04:16:32.892487743 pdns=0/3523/active/running/ named=0/inactive/dead/ agent=2686/active/ jphase=absent killpid=
04:16:33.162979880 pdns=0/3523/active/running/ named=0/inactive/dead/ agent=2686/active/ jphase=absent killpid=
04:16:33.434576796 pdns=0/3523/active/running/ named=0/inactive/dead/ agent=2686/active/ jphase=absent killpid=
04:16:33.708874617 pdns=0/3523/active/running/ named=0/inactive/dead/ agent=2686/active/ jphase=absent killpid=
04:16:33.980816691 pdns=0/3523/active/running/ named=0/inactive/dead/ agent=2686/active/ jphase=absent killpid=
04:16:34.252187639 pdns=0/3523/active/running/ named=0/inactive/dead/ agent=2686/active/ jphase=absent killpid=
04:16:34.520032956 pdns=0/3523/active/running/ named=0/inactive/dead/ agent=2686/active/ jphase=absent killpid=
04:16:34.796110357 pdns=0/3523/active/running/ named=0/inactive/dead/ agent=2686/active/ jphase=absent killpid=
04:16:35.079165680 pdns=0/3523/active/running/ named=0/inactive/dead/ agent=2686/active/ jphase=absent killpid=
04:16:35.351255931 pdns=0/3523/active/running/ named=0/inactive/dead/ agent=2686/active/ jphase=absent killpid=
04:16:35.625693912 pdns=0/3523/active/running/ named=0/inactive/dead/ agent=2686/active/ jphase=absent killpid=
04:16:36.051794966 pdns=0/3523/active/running/ named=0/inactive/dead/ agent=2686/active/ jphase=absent killpid=
04:16:36.552506143 pdns=0/3523/active/running/ named=0/inactive/dead/ agent=2686/active/ jphase=absent killpid=
04:16:36.924993659 pdns=0/3523/active/running/ named=0/inactive/dead/ agent=2686/active/ jphase=absent killpid=
04:16:37.201331357 pdns=0/3523/active/running/ named=0/inactive/dead/ agent=2686/active/ jphase=absent killpid=
04:16:37.478259038 pdns=0/3523/active/running/ named=0/inactive/dead/ agent=2686/active/ jphase=absent killpid=
04:16:37.756924819 pdns=0/3523/active/running/ named=0/inactive/dead/ agent=2686/active/ jphase=absent killpid=
done
