16:20:48.683617754 CHANGE journal none -> absent
16:20:48.695126515 CHANGE ledger none -> 14f1c442eace0c6804748e08f7927471f26e7811a6483277dd4401de644b8837
16:20:48.704113125 CHANGE state none -> 217b657f813a226fff8fd95bdb64656ffc507d457b91f4c08ec4b791df17771d
16:20:48.714315934 CHANGE pdnsdb none -> 53b7466a602fb256c670ca2532947a69271407b9a4ec7103e8089327c5450665
16:20:48.717415069 POINTER 
16:20:48.718928750 pdns=646/0/active/running/ named=0/inactive/dead/ agent=0/inactive/ jphase=absent killpid=
16:20:49.102655725 pdns=646/0/active/running/ named=0/inactive/dead/ agent=0/inactive/ jphase=absent killpid=
16:20:49.412712472 pdns=646/0/active/running/ named=0/inactive/dead/ agent=0/inactive/ jphase=absent killpid=
16:20:49.709985662 pdns=646/0/active/running/ named=0/inactive/dead/ agent=0/inactive/ jphase=absent killpid=
16:20:50.018125996 pdns=646/0/active/running/ named=0/inactive/dead/ agent=0/inactive/ jphase=absent killpid=
16:20:50.337687169 pdns=646/0/active/running/ named=0/inactive/dead/ agent=0/inactive/ jphase=absent killpid=
16:20:50.688570885 pdns=646/0/active/running/ named=0/inactive/dead/ agent=0/inactive/ jphase=absent killpid=
16:20:50.992637569 pdns=646/0/active/running/ named=0/inactive/dead/ agent=0/inactive/ jphase=absent killpid=
16:20:51.297504826 pdns=646/0/active/running/ named=0/inactive/dead/ agent=0/inactive/ jphase=absent killpid=
16:20:51.598639327 pdns=646/0/active/running/ named=0/inactive/dead/ agent=0/inactive/ jphase=absent killpid=
16:20:51.889352479 pdns=646/0/active/running/ named=0/inactive/dead/ agent=0/inactive/ jphase=absent killpid=
16:20:52.175024885 pdns=646/0/active/running/ named=0/inactive/dead/ agent=0/inactive/ jphase=absent killpid=
16:20:52.462056671 pdns=646/0/active/running/ named=0/inactive/dead/ agent=0/inactive/ jphase=absent killpid=
16:20:52.745967835 pdns=646/0/active/running/ named=0/inactive/dead/ agent=0/inactive/ jphase=absent killpid=
16:20:53.035159984 pdns=646/0/active/running/ named=0/inactive/dead/ agent=0/inactive/ jphase=absent killpid=
16:20:53.315853490 pdns=646/0/active/running/ named=0/inactive/dead/ agent=0/inactive/ jphase=absent killpid=
16:20:53.597037530 pdns=646/0/active/running/ named=0/inactive/dead/ agent=0/inactive/ jphase=absent killpid=
16:20:53.879151132 pdns=646/0/active/running/ named=0/inactive/dead/ agent=0/inactive/ jphase=absent killpid=
16:20:54.158351533 pdns=646/0/active/running/ named=0/inactive/dead/ agent=0/inactive/ jphase=absent killpid=
16:20:54.441714663 pdns=646/0/active/running/ named=0/inactive/dead/ agent=0/inactive/ jphase=absent killpid=
16:20:54.731417815 pdns=646/0/active/running/ named=0/inactive/dead/ agent=0/inactive/ jphase=absent killpid=
16:20:55.025269362 pdns=646/0/active/running/ named=0/inactive/dead/ agent=0/inactive/ jphase=absent killpid=
16:20:55.311560446 pdns=646/0/active/running/ named=0/inactive/dead/ agent=0/inactive/ jphase=absent killpid=
16:20:55.597871009 pdns=646/0/active/running/ named=0/inactive/dead/ agent=0/inactive/ jphase=absent killpid=
16:20:55.883340446 pdns=646/0/active/running/ named=0/inactive/dead/ agent=0/inactive/ jphase=absent killpid=
16:20:56.166619721 pdns=646/0/active/running/ named=0/inactive/dead/ agent=0/inactive/ jphase=absent killpid=
16:20:56.458232117 pdns=646/0/active/running/ named=0/inactive/dead/ agent=0/inactive/ jphase=absent killpid=
16:20:56.770190514 pdns=646/0/active/running/ named=0/inactive/dead/ agent=0/inactive/ jphase=absent killpid=
16:20:57.091564886 pdns=646/0/active/running/ named=0/inactive/dead/ agent=0/inactive/ jphase=absent killpid=
16:20:57.378627073 pdns=646/0/active/running/ named=0/inactive/dead/ agent=0/inactive/ jphase=absent killpid=
16:20:57.676836431 pdns=646/0/active/running/ named=0/inactive/dead/ agent=0/inactive/ jphase=absent killpid=
16:20:57.974818818 pdns=646/0/active/running/ named=0/inactive/dead/ agent=0/inactive/ jphase=absent killpid=
16:20:58.272329187 pdns=646/0/active/running/ named=0/inactive/dead/ agent=0/inactive/ jphase=absent killpid=
16:20:58.577837718 pdns=646/0/active/running/ named=0/inactive/dead/ agent=0/inactive/ jphase=absent killpid=
16:20:58.881902405 pdns=646/0/active/running/ named=0/inactive/dead/ agent=0/inactive/ jphase=absent killpid=
16:20:59.169352816 pdns=646/0/active/running/ named=0/inactive/dead/ agent=0/inactive/ jphase=absent killpid=
16:20:59.453307671 pdns=646/0/active/running/ named=0/inactive/dead/ agent=0/inactive/ jphase=absent killpid=
16:20:59.737579434 pdns=646/0/active/running/ named=0/inactive/dead/ agent=0/inactive/ jphase=absent killpid=
16:21:00.033223259 pdns=646/0/active/running/ named=0/inactive/dead/ agent=0/inactive/ jphase=absent killpid=
16:21:00.333248084 pdns=646/0/active/running/ named=0/inactive/dead/ agent=0/inactive/ jphase=absent killpid=
16:21:00.619282175 pdns=646/0/active/running/ named=0/inactive/dead/ agent=0/inactive/ jphase=absent killpid=
16:21:00.903779923 pdns=646/0/active/running/ named=0/inactive/dead/ agent=0/inactive/ jphase=absent killpid=
16:21:01.190528725 pdns=646/0/active/running/ named=0/inactive/dead/ agent=0/inactive/ jphase=absent killpid=
16:21:01.543059867 pdns=646/0/active/running/ named=0/inactive/dead/ agent=0/inactive/ jphase=absent killpid=
16:21:01.845868447 pdns=646/0/active/running/ named=0/inactive/dead/ agent=0/inactive/ jphase=absent killpid=
16:21:02.136163389 pdns=646/0/active/running/ named=0/inactive/dead/ agent=0/inactive/ jphase=absent killpid=
16:21:02.419877916 pdns=646/0/active/running/ named=0/inactive/dead/ agent=0/inactive/ jphase=absent killpid=
16:21:02.705830533 pdns=646/0/active/running/ named=0/inactive/dead/ agent=0/inactive/ jphase=absent killpid=
16:21:02.993841026 pdns=646/0/active/running/ named=0/inactive/dead/ agent=0/inactive/ jphase=absent killpid=
16:21:03.279122036 pdns=646/0/active/running/ named=0/inactive/dead/ agent=0/inactive/ jphase=absent killpid=
16:21:03.561380980 pdns=646/0/active/running/ named=0/inactive/dead/ agent=0/inactive/ jphase=absent killpid=
16:21:03.846262198 pdns=646/0/active/running/ named=0/inactive/dead/ agent=0/inactive/ jphase=absent killpid=
16:21:04.133395037 pdns=646/0/active/running/ named=0/inactive/dead/ agent=0/inactive/ jphase=absent killpid=
16:21:04.425267332 pdns=646/0/active/running/ named=0/inactive/dead/ agent=0/inactive/ jphase=absent killpid=
16:21:04.710867469 pdns=646/0/active/running/ named=0/inactive/dead/ agent=0/inactive/ jphase=absent killpid=
16:21:05.010918237 pdns=646/0/active/running/ named=0/inactive/dead/ agent=0/inactive/ jphase=absent killpid=
16:21:05.294905404 pdns=646/0/active/running/ named=0/inactive/dead/ agent=0/inactive/ jphase=absent killpid=
16:21:05.580496486 pdns=646/0/active/running/ named=0/inactive/dead/ agent=0/inactive/ jphase=absent killpid=
16:21:05.867748145 pdns=646/0/active/running/ named=0/inactive/dead/ agent=0/inactive/ jphase=absent killpid=
16:21:06.149559505 pdns=646/0/active/running/ named=0/inactive/dead/ agent=0/inactive/ jphase=absent killpid=
16:21:06.433532114 pdns=646/0/active/running/ named=0/inactive/dead/ agent=0/inactive/ jphase=absent killpid=
16:21:06.718480410 pdns=646/0/active/running/ named=0/inactive/dead/ agent=0/inactive/ jphase=absent killpid=
16:21:07.013253116 pdns=646/0/active/running/ named=0/inactive/dead/ agent=0/inactive/ jphase=absent killpid=
16:21:07.311712850 pdns=646/0/active/running/ named=0/inactive/dead/ agent=0/inactive/ jphase=absent killpid=
16:21:07.610605815 pdns=646/0/active/running/ named=0/inactive/dead/ agent=0/inactive/ jphase=absent killpid=
16:21:07.918192582 pdns=646/0/active/running/ named=0/inactive/dead/ agent=0/inactive/ jphase=absent killpid=
16:21:08.242155328 pdns=646/0/active/running/ named=0/inactive/dead/ agent=0/inactive/ jphase=absent killpid=
16:21:08.531847784 pdns=646/0/active/running/ named=0/inactive/dead/ agent=0/inactive/ jphase=absent killpid=
16:21:08.836386816 pdns=646/0/active/running/ named=0/inactive/dead/ agent=0/inactive/ jphase=absent killpid=
16:21:09.121496815 pdns=646/0/active/running/ named=0/inactive/dead/ agent=0/inactive/ jphase=absent killpid=
16:21:09.404207493 pdns=646/0/active/running/ named=0/inactive/dead/ agent=0/inactive/ jphase=absent killpid=
16:21:09.690912041 pdns=646/0/active/running/ named=0/inactive/dead/ agent=0/inactive/ jphase=absent killpid=
16:21:09.987805544 pdns=646/0/active/running/ named=0/inactive/dead/ agent=0/inactive/ jphase=absent killpid=
16:21:10.274493663 pdns=646/0/active/running/ named=0/inactive/dead/ agent=0/inactive/ jphase=absent killpid=
16:21:10.568899817 pdns=646/0/active/running/ named=0/inactive/dead/ agent=0/inactive/ jphase=absent killpid=
16:21:10.861539890 pdns=646/0/active/running/ named=0/inactive/dead/ agent=0/inactive/ jphase=absent killpid=
16:21:11.145549098 pdns=646/0/active/running/ named=0/inactive/dead/ agent=0/inactive/ jphase=absent killpid=
16:21:11.440049799 pdns=646/0/active/running/ named=0/inactive/dead/ agent=0/inactive/ jphase=absent killpid=
16:21:11.729158901 pdns=646/0/active/running/ named=0/inactive/dead/ agent=0/inactive/ jphase=absent killpid=
16:21:12.028830057 pdns=646/0/active/running/ named=0/inactive/dead/ agent=0/inactive/ jphase=absent killpid=
16:21:12.322025493 pdns=646/0/active/running/ named=0/inactive/dead/ agent=0/inactive/ jphase=absent killpid=
16:21:12.607106852 pdns=646/0/active/running/ named=0/inactive/dead/ agent=0/inactive/ jphase=absent killpid=
16:21:12.891764462 pdns=646/0/active/running/ named=0/inactive/dead/ agent=0/inactive/ jphase=absent killpid=
16:21:13.175045024 pdns=646/0/active/running/ named=0/inactive/dead/ agent=0/inactive/ jphase=absent killpid=
16:21:13.459638419 pdns=646/0/active/running/ named=0/inactive/dead/ agent=0/inactive/ jphase=absent killpid=
16:21:13.745791250 pdns=646/0/active/running/ named=0/inactive/dead/ agent=0/inactive/ jphase=absent killpid=
16:21:14.045421573 pdns=646/0/active/running/ named=0/inactive/dead/ agent=0/inactive/ jphase=absent killpid=
16:21:14.337810627 pdns=646/0/active/running/ named=0/inactive/dead/ agent=0/inactive/ jphase=absent killpid=
16:21:14.631098157 pdns=646/0/active/running/ named=0/inactive/dead/ agent=0/inactive/ jphase=absent killpid=
16:21:14.945224800 pdns=646/0/active/running/ named=0/inactive/dead/ agent=0/inactive/ jphase=absent killpid=
16:21:15.229240079 pdns=646/0/active/running/ named=0/inactive/dead/ agent=0/inactive/ jphase=absent killpid=
16:21:15.518240638 pdns=646/0/active/running/ named=0/inactive/dead/ agent=0/inactive/ jphase=absent killpid=
16:21:15.813256510 pdns=646/0/active/running/ named=0/inactive/dead/ agent=0/inactive/ jphase=absent killpid=
16:21:16.110694947 pdns=646/0/active/running/ named=0/inactive/dead/ agent=0/inactive/ jphase=absent killpid=
16:21:16.932409680 pdns=646/0/active/running/ named=0/inactive/dead/ agent=0/inactive/ jphase=absent killpid=
16:21:17.220395778 pdns=646/0/active/running/ named=0/inactive/dead/ agent=0/inactive/ jphase=absent killpid=
16:21:17.533693275 pdns=646/0/active/running/ named=0/inactive/dead/ agent=0/inactive/ jphase=absent killpid=
16:21:17.818015182 pdns=646/0/active/running/ named=0/inactive/dead/ agent=0/inactive/ jphase=absent killpid=
16:21:18.101939952 pdns=646/0/active/running/ named=0/inactive/dead/ agent=0/inactive/ jphase=absent killpid=
16:21:18.392055402 pdns=646/0/active/running/ named=0/inactive/dead/ agent=0/inactive/ jphase=absent killpid=
16:21:18.714259498 pdns=646/0/active/running/ named=0/inactive/dead/ agent=0/inactive/ jphase=absent killpid=
16:21:19.041081074 pdns=646/0/active/running/ named=0/inactive/dead/ agent=0/inactive/ jphase=absent killpid=
16:21:19.339277009 pdns=646/0/active/running/ named=0/inactive/dead/ agent=0/inactive/ jphase=absent killpid=
16:21:19.630122871 pdns=646/0/active/running/ named=0/inactive/dead/ agent=0/inactive/ jphase=absent killpid=
16:21:19.914946625 pdns=646/0/active/running/ named=0/inactive/dead/ agent=0/inactive/ jphase=absent killpid=
16:21:20.196071016 pdns=646/0/active/running/ named=0/inactive/dead/ agent=0/inactive/ jphase=absent killpid=
16:21:20.480307337 pdns=646/0/active/running/ named=0/inactive/dead/ agent=0/inactive/ jphase=absent killpid=
16:21:20.763869838 pdns=646/0/active/running/ named=0/inactive/dead/ agent=0/inactive/ jphase=absent killpid=
16:21:21.053211784 pdns=646/0/active/running/ named=0/inactive/dead/ agent=0/inactive/ jphase=absent killpid=
16:21:21.341690997 pdns=646/0/active/running/ named=0/inactive/dead/ agent=0/inactive/ jphase=absent killpid=
done
