:: Synchronizing package databases...
 core downloading...
 extra downloading...
:: Starting full system upgrade...
resolving dependencies...
looking for conflicting packages...

Packages (52) archlinux-keyring-20260909-1  bash-5.3.20-1  ca-certificates-mozilla-3.130-1  coreutils-9.12-2  cryptsetup-2.8.8-1  curl-8.22.0-1  dnssec-anchors-20250524-1  expat-2.8.5-1  glibc-2.44+r50+g1848099f063e-1  gnutls-3.8.13-3  gpgme-2.2.0-1  grub-2:2.16-1  gzip-1.15-1  hwdata-0.411-1  iana-etc-20260617-1  iproute2-7.2.0-1  jansson-2.15.1-1  jemalloc-1:5.4.0-1  leancrypto-1.9.0-1  libcap-ng-0.9.6-1  libelf-0.196-1  libgcrypt-1.12.4-1  libksba-1.8.1-1  libldap-2.7.1-1  libmaxminddb-1.14.1-1  libnftnl-1.3.2-1  libpcap-1.11.0-1  libsecret-0.21.8.2-1  libtirpc-1.3.8-1  liburcu-0.15.7-1  libuv-1.52.1-2  libxml2-2.15.4-1  linux-7.2.7.arch1-1  linux-api-headers-7.2-1  mkinitcpio-42.1-1  nftables-1:1.1.7-3  openssl-3.6.4-1  pcre2-10.49-1  python-charset-normalizer-3.5.1-1  python-idna-3.20-1  qemu-guest-agent-11.1.1-4  readline-8.3.6-1  run-parts-5.24-1  systemd-262-1  systemd-libs-262-1  systemd-sysvcompat-262-1  tar-1.35-5  tzdata-2026d-1  util-linux-2.42.4-1  util-linux-libs-2.42.4-1  xz-5.8.4-1  bind-9.20.29-1

Total Download Size:   232.46 MiB
Total Installed Size:  450.95 MiB
Net Upgrade Size:       27.08 MiB

:: Proceed with installation? [Y/n] 
:: Retrieving packages...
 linux-7.2.7.arch1-1-x86_64 downloading...
 systemd-262-1-x86_64 downloading...
 glibc-2.44+r50+g1848099f063e-1-x86_64 downloading...
 grub-2:2.16-1-x86_64 downloading...
 util-linux-2.42.4-1-x86_64 downloading...
 openssl-3.6.4-1-x86_64 downloading...
 coreutils-9.12-2-x86_64 downloading...
 bind-9.20.29-1-x86_64 downloading...
 bash-5.3.20-1-x86_64 downloading...
 gnutls-3.8.13-3-x86_64 downloading...
 hwdata-0.411-1-any downloading...
 pcre2-10.49-1-x86_64 downloading...
 linux-api-headers-7.2-1-x86_64 downloading...
 systemd-libs-262-1-x86_64 downloading...
 leancrypto-1.9.0-1-x86_64 downloading...
 curl-8.22.0-1-x86_64 downloading...
 archlinux-keyring-20260909-1-any downloading...
 iproute2-7.2.0-1-x86_64 downloading...
 cryptsetup-2.8.8-1-x86_64 downloading...
 xz-5.8.4-1-x86_64 downloading...
 libxml2-2.15.4-1-x86_64 downloading...
 tar-1.35-5-x86_64 downloading...
 libgcrypt-1.12.4-1-x86_64 downloading...
 libelf-0.196-1-x86_64 downloading...
 util-linux-libs-2.42.4-1-x86_64 downloading...
 nftables-1:1.1.7-3-x86_64 downloading...
 readline-8.3.6-1-x86_64 downloading...
 iana-etc-20260617-1-any downloading...
 ca-certificates-mozilla-3.130-1-x86_64 downloading...
 qemu-guest-agent-11.1.1-4-x86_64 downloading...
 gpgme-2.2.0-1-x86_64 downloading...
 libpcap-1.11.0-1-x86_64 downloading...
 tzdata-2026d-1-x86_64 downloading...
 jemalloc-1:5.4.0-1-x86_64 downloading...
 libldap-2.7.1-1-x86_64 downloading...
 libuv-1.52.1-2-x86_64 downloading...
 libtirpc-1.3.8-1-x86_64 downloading...
 libsecret-0.21.8.2-1-x86_64 downloading...
 libksba-1.8.1-1-x86_64 downloading...
 liburcu-0.15.7-1-x86_64 downloading...
 expat-2.8.5-1-x86_64 downloading...
 python-charset-normalizer-3.5.1-1-any downloading...
 gzip-1.15-1-x86_64 downloading...
 python-idna-3.20-1-any downloading...
 jansson-2.15.1-1-x86_64 downloading...
 libnftnl-1.3.2-1-x86_64 downloading...
 libcap-ng-0.9.6-1-x86_64 downloading...
 mkinitcpio-42.1-1-any downloading...
 run-parts-5.24-1-x86_64 downloading...
 libmaxminddb-1.14.1-1-x86_64 downloading...
 systemd-sysvcompat-262-1-x86_64 downloading...
 dnssec-anchors-20250524-1-any downloading...
checking keyring...
checking package integrity...
loading package files...
checking for file conflicts...
checking available disk space...
:: Running pre-transaction hooks...
(1/1) Removing linux initcpios...
:: Processing package changes...
upgrading linux-api-headers...
upgrading tzdata...
upgrading iana-etc...
upgrading glibc...
upgrading readline...
upgrading bash...
installing dnssec-anchors...
installing libmaxminddb...
Optional dependencies for libmaxminddb
    geoip2-database: IP geolocation databases
upgrading xz...
upgrading openssl...
upgrading libldap...
upgrading util-linux-libs...
upgrading libtirpc...
installing libuv...
upgrading libxml2...
installing jemalloc...
Optional dependencies for jemalloc
    perl: for jeprof
installing liburcu...
upgrading libgcrypt...
upgrading systemd-libs...
upgrading libcap-ng...
installing bind...
upgrading coreutils...
upgrading ca-certificates-mozilla...
upgrading leancrypto...
upgrading gnutls...
upgrading curl...
upgrading libksba...
upgrading pcre2...
upgrading libsecret...
upgrading gpgme...
upgrading cryptsetup...
upgrading hwdata...
upgrading libelf...
upgrading util-linux...
upgrading expat...
upgrading gzip...
New optional dependencies for gzip
    grep: zegrep/zfgrep/zforce/zgrep support [installed]
upgrading systemd...
Creating group 'named' with GID 40.
Creating user 'named' (BIND DNS Server) with UID 40 and GID 40.
:: This is a systemd feature update. You may want to have a look at
   NEWS for what changed, or if you observe unexpected behavior:
     /usr/share/doc/systemd/NEWS
upgrading jansson...
upgrading archlinux-keyring...
==> Appending keys from archlinux.gpg...
==> Updating trust database...
gpg: next trustdb check due at 2026-10-26
upgrading grub...
:: To use the new features provided in this GRUB update, it is recommended
   to install it to the MBR or UEFI. Due to potential configuration
   incompatibilities, it is advised to run both, installation and generation
   of configuration:
     # grub-install ...
     # grub-mkconfig -o /boot/grub/grub.cfg
upgrading libnftnl...
upgrading libpcap...
upgrading nftables...
upgrading iproute2...
upgrading mkinitcpio...
upgrading linux...
upgrading python-charset-normalizer...
upgrading python-idna...
upgrading qemu-guest-agent...
upgrading run-parts...
upgrading systemd-sysvcompat...
upgrading tar...
==> NOTICE: tar backup/restore scripts have been moved
==>
==>   The 'tar' package no longer ships the helper scripts
==>   /usr/bin/backup and /usr/bin/restore.
==>
==>   If you rely on these tools, install them separately with:
==>
==>       $ pacman -S tar-scripts
==>
==>   The core 'tar' archiving utility itself is unaffected.
:: Running post-transaction hooks...
( 1/17) Generating the configured locale...
Generating locales...
  en_US.UTF-8... done
Generation complete.
( 2/17) Configuring dynamic linker run-time bindings...
( 3/17) Creating iconv module configuration cache...
( 4/17) Creating system user accounts...
( 5/17) Creating temporary files...
( 6/17) Updating journal message catalog...
( 7/17) Updating udev hardware database...
( 8/17) Applying kernel sysctl settings...
( 9/17) Reloading system manager configuration...
(10/17) Reloading user manager configuration...
(11/17) Enqueuing marked services...
(12/17) Reloading device manager configuration...
(13/17) Arming ConditionNeedsUpdate...
(14/17) Rebuilding certificate stores...
(15/17) Updating module dependencies...
(16/17) Updating linux initcpios...
==> Building image from preset: /etc/mkinitcpio.d/linux.preset: 'default'
==> Using default configuration file: '/etc/mkinitcpio.conf'
  -> -k /boot/vmlinuz-linux -g /boot/initramfs-linux.img
==> Starting build: '7.2.7-arch1-1'
  -> Running build hook: [base]
  -> Running build hook: [systemd]
  -> Running build hook: [autodetect]
  -> Running build hook: [microcode]
  -> Running build hook: [modconf]
  -> Running build hook: [kms]
  -> Running build hook: [keyboard]
  -> Running build hook: [sd-vconsole]
  -> Running build hook: [block]
  -> Running build hook: [filesystems]
  -> Running build hook: [fsck]
==> Generating module dependencies
==> Creating zstd-compressed initcpio image: '/boot/initramfs-linux.img'
  -> Early uncompressed CPIO image generation successful
==> Initcpio image generation successful
(17/17) Reloading system bus configuration...
Created symlink '/etc/systemd/system/multi-user.target.wants/named.service' → '/usr/lib/systemd/system/named.service'.
{"action": "prepare-native-pdns-bind-peer", "catalog": "catalog-c000020a.celikpanel.invalid", "cell_id": "pdns-switch__target-staged__after-write__paired-primary__peer-reachable", "execute": true, "management_installed_on_secondary": false, "primary_ip": "192.0.2.10", "secondary_ip": "192.0.2.11"}
