23:12:05.536574797 CHANGE journal none -> absent
23:12:05.552625047 CHANGE ledger none -> 177f61d12ed0bb85e6ea535b807b376e26bbe0871405a13867c0b3cb6ea4b211
23:12:05.558025360 CHANGE state none -> absent
23:12:05.562784065 CHANGE pdnsdb none -> absent
23:12:05.567998622 POINTER 
23:12:05.570094918 pdns=0/0/inactive/dead/ named=0/inactive/dead/ agent=0/inactive/ jphase=absent killpid=
23:12:05.883894515 pdns=0/0/inactive/dead/ named=0/inactive/dead/ agent=0/inactive/ jphase=absent killpid=
23:12:06.196013940 pdns=0/0/inactive/dead/ named=0/inactive/dead/ agent=0/inactive/ jphase=absent killpid=
23:12:06.504874115 pdns=0/0/inactive/dead/ named=0/inactive/dead/ agent=0/inactive/ jphase=absent killpid=
23:12:06.819801556 pdns=0/0/inactive/dead/ named=0/inactive/dead/ agent=0/inactive/ jphase=absent killpid=
23:12:07.128836430 pdns=0/0/inactive/dead/ named=0/inactive/dead/ agent=0/inactive/ jphase=absent killpid=
23:12:07.443967516 pdns=0/0/inactive/dead/ named=0/inactive/dead/ agent=0/inactive/ jphase=absent killpid=1911,
23:12:07.773824002 pdns=0/0/inactive/dead/ named=0/inactive/dead/ agent=0/inactive/ jphase=absent killpid=1911,
23:12:08.091850420 pdns=0/0/inactive/dead/ named=0/inactive/dead/ agent=0/inactive/ jphase=absent killpid=1911,
23:12:08.431735939 pdns=0/0/inactive/dead/ named=0/inactive/dead/ agent=0/inactive/ jphase=absent killpid=1911,
23:12:08.735365469 CHANGE ledger 177f61d12ed0bb85e6ea535b807b376e26bbe0871405a13867c0b3cb6ea4b211 -> a4d3356f99df17b0921a5849f37e96aae4c2be4d52dc1c81f864f8de4a7af360
23:12:08.740129611 pdns=0/0/inactive/dead/ named=0/inactive/dead/ agent=0/inactive/ jphase=absent killpid=1911,2093,
23:12:09.037883869 CHANGE ledger a4d3356f99df17b0921a5849f37e96aae4c2be4d52dc1c81f864f8de4a7af360 -> d5b15d3c116d972bd0a928b2f03affbdc76aae2d617a21f26fd9406d38fa12fa
23:12:09.041662046 pdns=0/0/inactive/dead/ named=0/inactive/dead/ agent=0/inactive/ jphase=absent killpid=1911,2109,
23:12:09.316797668 pdns=0/0/inactive/dead/ named=0/inactive/dead/ agent=0/inactive/ jphase=absent killpid=1911,2109,
23:12:09.601277564 pdns=0/0/inactive/dead/ named=0/inactive/dead/ agent=0/inactive/ jphase=absent killpid=1911,2109,
23:12:09.907770315 pdns=0/0/inactive/dead/ named=0/inactive/dead/ agent=0/inactive/ jphase=absent killpid=1911,2109,
23:12:10.225777636 pdns=0/0/inactive/dead/ named=0/inactive/dead/ agent=0/inactive/ jphase=absent killpid=1911,2109,
23:12:10.540308214 pdns=0/0/inactive/dead/ named=0/inactive/dead/ agent=0/inactive/ jphase=absent killpid=1911,2109,
23:12:10.823493778 pdns=0/0/inactive/dead/ named=0/inactive/dead/ agent=0/inactive/ jphase=absent killpid=1911,2109,
23:12:11.136269185 pdns=0/0/inactive/dead/ named=0/inactive/dead/ agent=0/inactive/ jphase=absent killpid=1911,2109,
23:12:11.445080380 pdns=0/0/inactive/dead/ named=0/inactive/dead/ agent=0/inactive/ jphase=absent killpid=1911,2109,
23:12:11.745326153 pdns=0/0/inactive/dead/ named=0/inactive/dead/ agent=0/inactive/ jphase=absent killpid=1911,2109,
23:12:12.052509067 pdns=0/0/inactive/dead/ named=0/inactive/dead/ agent=0/inactive/ jphase=absent killpid=1911,2109,
23:12:12.341898436 pdns=0/0/inactive/dead/ named=0/inactive/dead/ agent=0/inactive/ jphase=absent killpid=1911,2109,
23:12:12.630040364 pdns=0/0/inactive/dead/ named=0/inactive/dead/ agent=0/inactive/ jphase=absent killpid=1911,2109,
23:12:12.928853952 pdns=0/0/inactive/dead/ named=0/inactive/dead/ agent=0/inactive/ jphase=absent killpid=1911,2109,
23:12:13.213953831 pdns=0/0/inactive/dead/ named=0/inactive/dead/ agent=0/inactive/ jphase=absent killpid=1911,2510,
23:12:13.510455828 CHANGE ledger d5b15d3c116d972bd0a928b2f03affbdc76aae2d617a21f26fd9406d38fa12fa -> 2adf717f73ea6d968f278f633ffbbc08c0811ff9ca8927149652e09dfabf7492
23:12:13.516184194 pdns=0/0/inactive/dead/ named=0/inactive/dead/ agent=0/inactive/ jphase=absent killpid=1911,
23:12:14.002279311 CHANGE ledger 2adf717f73ea6d968f278f633ffbbc08c0811ff9ca8927149652e09dfabf7492 -> 7a71efa286185a5dc906bb0334dee6150a3f358b20bcea3c2c1ddec7434fb19f
23:12:14.006242421 pdns=0/0/inactive/dead/ named=0/inactive/dead/ agent=0/inactive/ jphase=absent killpid=1911,2661,
23:12:14.311854596 pdns=0/0/inactive/dead/ named=0/inactive/dead/ agent=0/inactive/ jphase=absent killpid=1911,2661,
23:12:14.602910219 pdns=0/0/inactive/dead/ named=0/inactive/dead/ agent=0/inactive/ jphase=absent killpid=1911,2661,
23:12:14.884308896 pdns=0/0/inactive/dead/ named=0/inactive/dead/ agent=0/inactive/ jphase=absent killpid=1911,2661,
23:12:15.174278494 pdns=0/0/inactive/dead/ named=0/inactive/dead/ agent=0/inactive/ jphase=absent killpid=1911,2661,
23:12:15.474548296 pdns=0/0/inactive/dead/ named=0/inactive/dead/ agent=0/inactive/ jphase=absent killpid=1911,2661,
23:12:15.775869252 pdns=0/0/inactive/dead/ named=0/inactive/dead/ agent=0/inactive/ jphase=absent killpid=1911,2661,
23:12:16.084128663 pdns=0/0/inactive/dead/ named=0/inactive/dead/ agent=0/inactive/ jphase=absent killpid=1911,2661,
23:12:16.366944576 pdns=0/0/inactive/dead/ named=0/inactive/dead/ agent=0/inactive/ jphase=absent killpid=1911,2661,
23:12:16.657970437 pdns=0/0/inactive/dead/ named=0/inactive/dead/ agent=0/inactive/ jphase=absent killpid=1911,2661,
23:12:16.944215017 pdns=0/0/inactive/dead/ named=0/inactive/dead/ agent=0/inactive/ jphase=absent killpid=1911,2661,
23:12:17.238606999 pdns=0/0/inactive/dead/ named=0/inactive/dead/ agent=0/inactive/ jphase=absent killpid=1911,2661,
23:12:17.526856293 pdns=0/0/inactive/dead/ named=0/inactive/dead/ agent=0/inactive/ jphase=absent killpid=1911,2661,
23:12:17.825448862 pdns=0/0/inactive/dead/ named=0/inactive/dead/ agent=0/inactive/ jphase=absent killpid=1911,2661,
23:12:18.121492706 pdns=0/0/inactive/dead/ named=0/inactive/dead/ agent=0/inactive/ jphase=absent killpid=1911,2661,
23:12:18.415306611 CHANGE ledger 7a71efa286185a5dc906bb0334dee6150a3f358b20bcea3c2c1ddec7434fb19f -> 9851e9ffe49ecdc427705c67b78ae06d7e845a1b63db291d2607bbeac7946543
23:12:18.419199287 pdns=0/0/inactive/dead/ named=0/inactive/dead/ agent=0/inactive/ jphase=absent killpid=1911,3242,
23:12:18.884586610 CHANGE ledger 9851e9ffe49ecdc427705c67b78ae06d7e845a1b63db291d2607bbeac7946543 -> b93d57430a38f13be666624e4c7364cdd5e1ebb27ff5b90229cc1fff5ae9307a
23:12:18.889682283 pdns=0/0/inactive/dead/ named=0/inactive/dead/ agent=0/inactive/ jphase=absent killpid=1911,
23:12:19.199682089 CHANGE ledger b93d57430a38f13be666624e4c7364cdd5e1ebb27ff5b90229cc1fff5ae9307a -> 3f7059233d65f99a71fc7286f6bde4c463ce99b81ea4179924e7dd7e039ea012
23:12:19.204166705 pdns=0/0/inactive/dead/ named=0/inactive/dead/ agent=0/inactive/ jphase=intent killpid=1911,
23:12:19.488279157 CHANGE journal absent -> 4c280993fa4db5387fb93aac8bf7c087083751094950429a2eb7757a2dd286ea
23:12:19.498374373 CHANGE ledger 3f7059233d65f99a71fc7286f6bde4c463ce99b81ea4179924e7dd7e039ea012 -> f7406e60ac3a1c40bd7adca9e588df88a1e0ded9b3ae4959357f1ea87c7f6da4
23:12:19.502580266 pdns=0/0/inactive/dead/ named=0/inactive/dead/ agent=0/inactive/ jphase=target-staged killpid=1911,3481,
23:12:19.793534739 CHANGE journal 4c280993fa4db5387fb93aac8bf7c087083751094950429a2eb7757a2dd286ea -> b7c7f3d74353964f6e6d8261715f03225cf420af194b89f2b26301dd3d651130
23:12:19.812246797 CHANGE ledger f7406e60ac3a1c40bd7adca9e588df88a1e0ded9b3ae4959357f1ea87c7f6da4 -> bb810b0e5e8edcb03e0e4ba2ce3b653ed5271c81378d16ad34bbf7c0b0abbccd
23:12:19.828835440 CHANGE pdnsdb absent -> b839d8635e5c7e37093fe785884cf681484ebf9e0f19b8cb1a4c9bbfd00374d1
23:12:19.833131613 pdns=0/0/inactive/dead/ named=0/inactive/dead/ agent=0/inactive/ jphase=target-enable-intent killpid=1911,3607,
23:12:20.118160425 CHANGE ledger bb810b0e5e8edcb03e0e4ba2ce3b653ed5271c81378d16ad34bbf7c0b0abbccd -> f8f7827de4de3898442ae999ec74c8871d1beb289175ed4fa67ca7e95bdf7526
23:12:20.135927476 pdns=0/0/inactive/dead/ named=0/inactive/dead/ agent=0/inactive/ jphase=target-enable-intent killpid=1911,
23:12:20.671406793 CHANGE ledger f8f7827de4de3898442ae999ec74c8871d1beb289175ed4fa67ca7e95bdf7526 -> 77a76ec5dc1c5b2b9450774d83ddef3e5a778a66cf9fa5945b5b843f70f85b65
23:12:20.684154846 pdns=0/0/inactive/dead/ named=0/inactive/dead/ agent=0/inactive/ jphase=target-enable-intent killpid=1911,3832,
23:12:21.027574884 CHANGE ledger 77a76ec5dc1c5b2b9450774d83ddef3e5a778a66cf9fa5945b5b843f70f85b65 -> 55109182e5fe2fc791c18f1641f312e88f374f37c2e2985db101a73107b138ab
23:12:21.051538093 pdns=0/0/inactive/dead/ named=0/inactive/dead/ agent=0/inactive/ jphase=target-enable-intent killpid=1911,3957,
23:12:21.648422798 CHANGE ledger 55109182e5fe2fc791c18f1641f312e88f374f37c2e2985db101a73107b138ab -> 2c26c1f2158bcc637c68427de2e3774d9cb9e9928ce4977932be615b67e63018
23:12:21.658026240 pdns=0/0/inactive/dead/ named=0/inactive/dead/ agent=0/inactive/ jphase=target-enable-intent killpid=1911,4067,
23:12:21.966772425 CHANGE ledger 2c26c1f2158bcc637c68427de2e3774d9cb9e9928ce4977932be615b67e63018 -> 65535a4493f7dab2d6b2ddaad71c2ed62c88921cebb05b856869de209e8d74fc
23:12:21.979550874 pdns=4125/0/activating/start/ named=0/inactive/dead/ agent=0/inactive/ jphase=target-enable-intent killpid=1911,4119,
23:12:22.268245338 CHANGE journal b7c7f3d74353964f6e6d8261715f03225cf420af194b89f2b26301dd3d651130 -> 2f8045f337bfe25084af85a4beb19efea4365b5e466e86950312944d3828b0bf
23:12:22.280671326 CHANGE ledger 65535a4493f7dab2d6b2ddaad71c2ed62c88921cebb05b856869de209e8d74fc -> da18538ffb289a5d8711c659ddef58c5088f3f664ad43306dbe7eb3c92f1050b
23:12:22.295985844 CHANGE pdnsdb b839d8635e5c7e37093fe785884cf681484ebf9e0f19b8cb1a4c9bbfd00374d1 -> 2dfa474683b8ca32e8d47beae3019937f6ec8f7a1f8cb483f94333972cc0330a
23:12:22.299790043 pdns=4125/0/active/running/ named=0/inactive/dead/ agent=4184/active/ jphase=target-started killpid=
23:12:22.716221577 pdns=4125/0/active/running/ named=0/inactive/dead/ agent=4184/active/ jphase=target-started killpid=
23:12:23.004484789 pdns=4125/0/active/running/ named=0/inactive/dead/ agent=4184/active/ jphase=target-started killpid=
23:12:23.290550367 pdns=4125/0/active/running/ named=0/inactive/dead/ agent=4184/active/ jphase=target-started killpid=
23:12:23.593422683 pdns=4125/0/active/running/ named=0/inactive/dead/ agent=4184/active/ jphase=target-started killpid=
23:12:23.882169306 CHANGE journal 2f8045f337bfe25084af85a4beb19efea4365b5e466e86950312944d3828b0bf -> cf6f1292038fd05f6768dd621d06380cba59cf7700428a13c27f06d297c1fce2
23:12:23.897999901 pdns=4125/0/active/running/ named=0/inactive/dead/ agent=4184/active/ jphase=target-started killpid=
23:12:24.206079498 pdns=4125/0/active/running/ named=0/inactive/dead/ agent=4184/active/ jphase=target-started killpid=
23:12:24.497175714 pdns=4125/0/active/running/ named=0/inactive/dead/ agent=4184/active/ jphase=target-started killpid=
23:12:24.803323100 pdns=4125/0/active/running/ named=0/inactive/dead/ agent=4184/active/ jphase=target-started killpid=
23:12:25.147716849 pdns=4125/0/active/running/ named=0/inactive/dead/ agent=4184/active/ jphase=target-started killpid=
23:12:25.448844136 pdns=4125/0/active/running/ named=0/inactive/dead/ agent=4184/active/ jphase=target-started killpid=
23:12:25.747076462 pdns=4125/0/active/running/ named=0/inactive/dead/ agent=4184/active/ jphase=target-started killpid=
23:12:26.050667429 pdns=4125/0/active/running/ named=0/inactive/dead/ agent=4184/active/ jphase=target-started killpid=
23:12:26.354869831 pdns=4125/0/active/running/ named=0/inactive/dead/ agent=4184/active/ jphase=target-started killpid=
23:12:26.653020583 CHANGE state absent -> bf4a9548f6d346538181b444d4b05a2001214111dd60d97caa72926ff3887215
23:12:26.663102449 pdns=4125/0/active/running/ named=0/inactive/dead/ agent=4184/active/ jphase=target-started killpid=
23:12:26.967661826 pdns=4125/0/active/running/ named=0/inactive/dead/ agent=4184/active/ jphase=target-started killpid=
23:12:27.283273638 pdns=4125/0/active/running/ named=0/inactive/dead/ agent=4184/active/ jphase=target-started killpid=
23:12:27.590374425 pdns=4125/0/active/running/ named=0/inactive/dead/ agent=4184/active/ jphase=target-started killpid=
23:12:27.905701393 pdns=4125/0/active/running/ named=0/inactive/dead/ agent=4184/active/ jphase=target-started killpid=
23:12:28.212845575 pdns=4125/0/active/running/ named=0/inactive/dead/ agent=4184/active/ jphase=target-started killpid=
23:12:28.526583503 pdns=4125/0/active/running/ named=0/inactive/dead/ agent=4184/active/ jphase=target-started killpid=
23:12:28.867544333 pdns=4125/0/active/running/ named=0/inactive/dead/ agent=4184/active/ jphase=target-started killpid=
23:12:29.196791431 pdns=4125/0/active/running/ named=0/inactive/dead/ agent=4184/active/ jphase=target-started killpid=
23:12:29.503304017 CHANGE journal cf6f1292038fd05f6768dd621d06380cba59cf7700428a13c27f06d297c1fce2 -> 46bfb794fb585e697602946f979ec9531c55cced5b3dde92a1b70342d897b474
23:12:29.533925545 pdns=4125/0/active/running/ named=0/inactive/dead/ agent=4184/active/ jphase=target-verified killpid=
23:12:29.859434460 pdns=4125/0/active/running/ named=0/inactive/dead/ agent=4184/active/ jphase=target-verified killpid=
23:12:30.163707782 pdns=4125/0/active/running/ named=0/inactive/dead/ agent=4184/active/ jphase=target-verified killpid=
23:12:30.536010192 pdns=4125/0/active/running/ named=0/inactive/dead/ agent=4184/active/ jphase=target-verified killpid=
23:12:31.026370349 pdns=4125/0/active/running/ named=0/inactive/dead/ agent=4184/active/ jphase=target-verified killpid=
23:12:31.552371561 pdns=4125/0/active/running/ named=0/inactive/dead/ agent=4184/active/ jphase=target-verified killpid=
23:12:32.067858294 pdns=4125/0/active/running/ named=0/inactive/dead/ agent=4184/active/ jphase=target-verified killpid=
23:12:32.522365945 pdns=4125/0/active/running/ named=0/inactive/dead/ agent=4184/active/ jphase=target-verified killpid=
23:12:32.927473624 pdns=4125/0/active/running/ named=0/inactive/dead/ agent=4184/active/ jphase=target-verified killpid=
23:12:33.244778512 pdns=4125/0/active/running/ named=0/inactive/dead/ agent=4184/active/ jphase=target-verified killpid=
23:12:33.563483897 CHANGE journal 46bfb794fb585e697602946f979ec9531c55cced5b3dde92a1b70342d897b474 -> 650acfa197aeba3ece0922fdbe23506de6d963a89e4ab9dba41143ad74cb1f8e
23:12:33.589396293 pdns=4125/0/active/running/ named=0/inactive/dead/ agent=4184/active/ jphase=committed killpid=
23:12:33.923983443 pdns=4125/0/active/running/ named=0/inactive/dead/ agent=4184/active/ jphase=committed killpid=
23:12:34.243919448 pdns=4125/0/active/running/ named=0/inactive/dead/ agent=4184/active/ jphase=committed killpid=
23:12:34.567475954 pdns=4125/0/active/running/ named=0/inactive/dead/ agent=4184/active/ jphase=committed killpid=
23:12:34.905719306 pdns=4125/0/active/running/ named=0/inactive/dead/ agent=4184/active/ jphase=committed killpid=
23:12:35.234440177 pdns=4125/0/active/running/ named=0/inactive/dead/ agent=4184/active/ jphase=committed killpid=
23:12:35.562045360 pdns=4125/0/active/running/ named=0/inactive/dead/ agent=4184/active/ jphase=committed killpid=
23:12:35.857394634 pdns=4125/0/active/running/ named=0/inactive/dead/ agent=4184/active/ jphase=committed killpid=
23:12:36.210297780 pdns=4125/0/active/running/ named=0/inactive/dead/ agent=4184/active/ jphase=committed killpid=
23:12:36.580046685 pdns=4125/0/active/running/ named=0/inactive/dead/ agent=4184/active/ jphase=committed killpid=
23:12:36.902764377 pdns=4125/0/active/running/ named=0/inactive/dead/ agent=4184/active/ jphase=committed killpid=
23:12:37.218879100 pdns=4125/0/active/running/ named=0/inactive/dead/ agent=4184/active/ jphase=committed killpid=
23:12:37.518688701 pdns=4125/0/active/running/ named=0/inactive/dead/ agent=4184/active/ jphase=committed killpid=
23:12:37.803928082 CHANGE journal 650acfa197aeba3ece0922fdbe23506de6d963a89e4ab9dba41143ad74cb1f8e -> absent
23:12:37.823250122 pdns=4125/0/active/running/ named=0/inactive/dead/ agent=4184/active/ jphase=absent killpid=
23:12:38.149496259 pdns=4125/0/active/running/ named=0/inactive/dead/ agent=4184/active/ jphase=absent killpid=
23:12:38.450000585 CHANGE ledger da18538ffb289a5d8711c659ddef58c5088f3f664ad43306dbe7eb3c92f1050b -> b7477428d38508fae905e6c375d50f0897dcd14d8574a0b96aa01b51f6bdbe02
23:12:38.464713638 pdns=4125/0/active/running/ named=0/inactive/dead/ agent=4184/active/ jphase=absent killpid=
23:12:38.760828052 pdns=4125/0/active/running/ named=0/inactive/dead/ agent=4184/active/ jphase=absent killpid=
23:12:39.058340962 pdns=4125/0/active/running/ named=0/inactive/dead/ agent=4184/active/ jphase=absent killpid=
23:12:39.346842299 pdns=4125/0/active/running/ named=0/inactive/dead/ agent=4184/active/ jphase=absent killpid=
23:12:39.628561255 pdns=4125/0/active/running/ named=0/inactive/dead/ agent=4184/active/ jphase=absent killpid=
23:12:39.927451992 pdns=4125/0/active/running/ named=0/inactive/dead/ agent=4184/active/ jphase=absent killpid=
23:12:40.226439398 pdns=4125/0/active/running/ named=0/inactive/dead/ agent=4184/active/ jphase=absent killpid=
23:12:40.512769144 pdns=4125/0/active/running/ named=0/inactive/dead/ agent=4184/active/ jphase=absent killpid=
23:12:40.797217399 pdns=4125/0/active/running/ named=0/inactive/dead/ agent=4184/active/ jphase=absent killpid=
23:12:41.081830934 pdns=4125/0/active/running/ named=0/inactive/dead/ agent=4184/active/ jphase=absent killpid=
23:12:41.363684964 pdns=4125/0/active/running/ named=0/inactive/dead/ agent=4184/active/ jphase=absent killpid=
23:12:41.648677171 pdns=4125/0/active/running/ named=0/inactive/dead/ agent=4184/active/ jphase=absent killpid=
23:12:41.931344045 pdns=4125/0/active/running/ named=0/inactive/dead/ agent=4184/active/ jphase=absent killpid=
23:12:42.212677090 pdns=4125/0/active/running/ named=0/inactive/dead/ agent=4184/active/ jphase=absent killpid=
23:12:42.496117026 pdns=4125/0/active/running/ named=0/inactive/dead/ agent=4184/active/ jphase=absent killpid=
23:12:42.783788856 pdns=4125/0/active/running/ named=0/inactive/dead/ agent=4184/active/ jphase=absent killpid=
23:12:43.085842440 pdns=4125/0/active/running/ named=0/inactive/dead/ agent=4184/active/ jphase=absent killpid=
23:12:43.411116960 pdns=4125/0/active/running/ named=0/inactive/dead/ agent=4184/active/ jphase=absent killpid=
23:12:43.699320218 pdns=4125/0/active/running/ named=0/inactive/dead/ agent=4184/active/ jphase=absent killpid=
23:12:43.984186685 pdns=4125/0/active/running/ named=0/inactive/dead/ agent=4184/active/ jphase=absent killpid=
23:12:44.273354477 pdns=4125/0/active/running/ named=0/inactive/dead/ agent=4184/active/ jphase=absent killpid=
23:12:44.562805120 pdns=4125/0/active/running/ named=0/inactive/dead/ agent=4184/active/ jphase=absent killpid=
23:12:44.847167449 pdns=4125/0/active/running/ named=0/inactive/dead/ agent=4184/active/ jphase=absent killpid=
23:12:45.134728389 pdns=4125/0/active/running/ named=0/inactive/dead/ agent=4184/active/ jphase=absent killpid=
23:12:45.424592316 pdns=4125/0/active/running/ named=0/inactive/dead/ agent=4184/active/ jphase=absent killpid=
23:12:45.706350897 pdns=4125/0/active/running/ named=0/inactive/dead/ agent=4184/active/ jphase=absent killpid=
23:12:46.002586432 pdns=4125/0/active/running/ named=0/inactive/dead/ agent=4184/active/ jphase=absent killpid=
23:12:46.290085408 pdns=4125/0/active/running/ named=0/inactive/dead/ agent=4184/active/ jphase=absent killpid=
23:12:46.576092461 pdns=4125/0/active/running/ named=0/inactive/dead/ agent=4184/active/ jphase=absent killpid=
23:12:46.867453444 pdns=4125/0/active/running/ named=0/inactive/dead/ agent=4184/active/ jphase=absent killpid=
23:12:47.162750285 pdns=4125/0/active/running/ named=0/inactive/dead/ agent=4184/active/ jphase=absent killpid=
23:12:47.456500190 pdns=4125/0/active/running/ named=0/inactive/dead/ agent=4184/active/ jphase=absent killpid=
23:12:47.746838857 pdns=4125/0/active/running/ named=0/inactive/dead/ agent=4184/active/ jphase=absent killpid=
23:12:48.051747766 pdns=4125/0/active/running/ named=0/inactive/dead/ agent=4184/active/ jphase=absent killpid=
23:12:48.337865749 pdns=4125/0/active/running/ named=0/inactive/dead/ agent=4184/active/ jphase=absent killpid=
23:12:48.621576091 pdns=4125/0/active/running/ named=0/inactive/dead/ agent=4184/active/ jphase=absent killpid=
23:12:48.906063484 pdns=4125/0/active/running/ named=0/inactive/dead/ agent=4184/active/ jphase=absent killpid=
23:12:49.188337855 pdns=4125/0/active/running/ named=0/inactive/dead/ agent=4184/active/ jphase=absent killpid=
23:12:49.471441828 pdns=4125/0/active/running/ named=0/inactive/dead/ agent=4184/active/ jphase=absent killpid=
23:12:49.754460826 pdns=4125/0/active/running/ named=0/inactive/dead/ agent=4184/active/ jphase=absent killpid=
23:12:50.035648623 pdns=4125/0/active/running/ named=0/inactive/dead/ agent=4184/active/ jphase=absent killpid=
23:12:50.328220641 pdns=4125/0/active/running/ named=0/inactive/dead/ agent=4184/active/ jphase=absent killpid=
23:12:50.622315005 pdns=4125/0/active/running/ named=0/inactive/dead/ agent=4184/active/ jphase=absent killpid=
23:12:50.912522408 pdns=4125/0/active/running/ named=0/inactive/dead/ agent=4184/active/ jphase=absent killpid=
23:12:51.202824472 pdns=4125/0/active/running/ named=0/inactive/dead/ agent=4184/active/ jphase=absent killpid=
23:12:51.493715281 pdns=4125/0/active/running/ named=0/inactive/dead/ agent=4184/active/ jphase=absent killpid=
23:12:51.779163218 pdns=4125/0/active/running/ named=0/inactive/dead/ agent=4184/active/ jphase=absent killpid=
23:12:52.064208624 pdns=4125/0/active/running/ named=0/inactive/dead/ agent=4184/active/ jphase=absent killpid=
23:12:52.346869473 pdns=4125/0/active/running/ named=0/inactive/dead/ agent=4184/active/ jphase=absent killpid=
23:12:52.630679480 pdns=4125/0/active/running/ named=0/inactive/dead/ agent=4184/active/ jphase=absent killpid=
23:12:52.924860063 pdns=4125/0/active/running/ named=0/inactive/dead/ agent=4184/active/ jphase=absent killpid=
23:12:53.207196107 pdns=4125/0/active/running/ named=0/inactive/dead/ agent=4184/active/ jphase=absent killpid=
23:12:53.490339656 pdns=4125/0/active/running/ named=0/inactive/dead/ agent=4184/active/ jphase=absent killpid=
23:12:53.771472367 pdns=4125/0/active/running/ named=0/inactive/dead/ agent=4184/active/ jphase=absent killpid=
23:12:54.065293970 pdns=4125/0/active/running/ named=0/inactive/dead/ agent=4184/active/ jphase=absent killpid=
23:12:54.356505516 pdns=4125/0/active/running/ named=0/inactive/dead/ agent=4184/active/ jphase=absent killpid=
23:12:54.639672868 pdns=4125/0/active/running/ named=0/inactive/dead/ agent=4184/active/ jphase=absent killpid=
23:12:54.938023285 pdns=4125/0/active/running/ named=0/inactive/dead/ agent=4184/active/ jphase=absent killpid=
23:12:55.218332070 pdns=4125/0/active/running/ named=0/inactive/dead/ agent=4184/active/ jphase=absent killpid=
23:12:55.503592487 pdns=4125/0/active/running/ named=0/inactive/dead/ agent=4184/active/ jphase=absent killpid=
23:12:55.786551795 pdns=4125/0/active/running/ named=0/inactive/dead/ agent=4184/active/ jphase=absent killpid=
23:12:56.088719421 pdns=4125/0/active/running/ named=0/inactive/dead/ agent=4184/active/ jphase=absent killpid=
23:12:56.389817587 pdns=4125/0/active/running/ named=0/inactive/dead/ agent=4184/active/ jphase=absent killpid=
23:12:56.829621456 pdns=4125/0/active/running/ named=0/inactive/dead/ agent=4184/active/ jphase=absent killpid=
23:12:57.275560110 pdns=4125/0/active/running/ named=0/inactive/dead/ agent=4184/active/ jphase=absent killpid=
23:12:57.667816248 pdns=4125/0/active/running/ named=0/inactive/dead/ agent=4184/active/ jphase=absent killpid=
23:12:58.044047824 pdns=4125/0/active/running/ named=0/inactive/dead/ agent=4184/active/ jphase=absent killpid=
23:12:58.370435081 pdns=4125/0/active/running/ named=0/inactive/dead/ agent=4184/active/ jphase=absent killpid=
23:12:58.668846886 pdns=4125/0/active/running/ named=0/inactive/dead/ agent=4184/active/ jphase=absent killpid=
23:12:58.959460433 pdns=4125/0/active/running/ named=0/inactive/dead/ agent=4184/active/ jphase=absent killpid=
23:12:59.255597295 pdns=4125/0/active/running/ named=0/inactive/dead/ agent=4184/active/ jphase=absent killpid=
23:12:59.544136549 pdns=4125/0/active/running/ named=0/inactive/dead/ agent=4184/active/ jphase=absent killpid=
23:12:59.836262539 pdns=4125/0/active/running/ named=0/inactive/dead/ agent=4184/active/ jphase=absent killpid=
23:13:00.150590115 pdns=4125/0/active/running/ named=0/inactive/dead/ agent=4184/active/ jphase=absent killpid=
23:13:00.470011968 pdns=4125/0/active/running/ named=0/inactive/dead/ agent=4184/active/ jphase=absent killpid=
23:13:00.806583238 pdns=4125/0/active/running/ named=0/inactive/dead/ agent=4184/active/ jphase=absent killpid=
23:13:01.122140039 pdns=4125/0/active/running/ named=0/inactive/dead/ agent=4184/active/ jphase=absent killpid=
23:13:01.465343601 pdns=4125/0/active/running/ named=0/inactive/dead/ agent=4184/active/ jphase=absent killpid=
23:13:01.756869973 pdns=4125/0/active/running/ named=0/inactive/dead/ agent=4184/active/ jphase=absent killpid=
23:13:02.097362821 pdns=4125/0/active/running/ named=0/inactive/dead/ agent=4184/active/ jphase=absent killpid=
23:13:02.404133658 pdns=4125/0/active/running/ named=0/inactive/dead/ agent=4184/active/ jphase=absent killpid=
23:13:02.706962178 pdns=4125/0/active/running/ named=0/inactive/dead/ agent=4184/active/ jphase=absent killpid=
23:13:02.988000281 pdns=4125/0/active/running/ named=0/inactive/dead/ agent=4184/active/ jphase=absent killpid=
23:13:03.277175972 pdns=4125/0/active/running/ named=0/inactive/dead/ agent=4184/active/ jphase=absent killpid=
23:13:03.557979761 pdns=4125/0/active/running/ named=0/inactive/dead/ agent=4184/active/ jphase=absent killpid=
23:13:03.845610073 pdns=4125/0/active/running/ named=0/inactive/dead/ agent=4184/active/ jphase=absent killpid=
23:13:04.126867620 pdns=4125/0/active/running/ named=0/inactive/dead/ agent=4184/active/ jphase=absent killpid=
23:13:04.406709593 pdns=4125/0/active/running/ named=0/inactive/dead/ agent=4184/active/ jphase=absent killpid=
23:13:04.689573672 pdns=4125/0/active/running/ named=0/inactive/dead/ agent=4184/active/ jphase=absent killpid=
23:13:04.971993173 pdns=4125/0/active/running/ named=0/inactive/dead/ agent=4184/active/ jphase=absent killpid=
23:13:05.262248066 pdns=4125/0/active/running/ named=0/inactive/dead/ agent=4184/active/ jphase=absent killpid=
23:13:05.546319158 pdns=4125/0/active/running/ named=0/inactive/dead/ agent=4184/active/ jphase=absent killpid=
23:13:05.826066765 pdns=4125/0/active/running/ named=0/inactive/dead/ agent=4184/active/ jphase=absent killpid=
23:13:06.108978940 pdns=4125/0/active/running/ named=0/inactive/dead/ agent=4184/active/ jphase=absent killpid=
23:13:06.388244051 pdns=4125/0/active/running/ named=0/inactive/dead/ agent=4184/active/ jphase=absent killpid=
23:13:06.667303934 pdns=4125/0/active/running/ named=0/inactive/dead/ agent=4184/active/ jphase=absent killpid=
23:13:06.944976635 pdns=4125/0/active/running/ named=0/inactive/dead/ agent=4184/active/ jphase=absent killpid=
23:13:07.226622489 pdns=4125/0/active/running/ named=0/inactive/dead/ agent=4184/active/ jphase=absent killpid=
23:13:07.509648673 pdns=4125/0/active/running/ named=0/inactive/dead/ agent=4184/active/ jphase=absent killpid=
23:13:07.798749092 pdns=4125/0/active/running/ named=0/inactive/dead/ agent=4184/active/ jphase=absent killpid=
23:13:08.082422236 pdns=4125/0/active/running/ named=0/inactive/dead/ agent=4184/active/ jphase=absent killpid=
23:13:08.373804896 pdns=4125/0/active/running/ named=0/inactive/dead/ agent=4184/active/ jphase=absent killpid=
23:13:08.664241968 pdns=4125/0/active/running/ named=0/inactive/dead/ agent=4184/active/ jphase=absent killpid=
23:13:08.946069738 pdns=4125/0/active/running/ named=0/inactive/dead/ agent=4184/active/ jphase=absent killpid=
23:13:09.231484342 pdns=4125/0/active/running/ named=0/inactive/dead/ agent=4184/active/ jphase=absent killpid=
23:13:09.513213258 pdns=4125/0/active/running/ named=0/inactive/dead/ agent=4184/active/ jphase=absent killpid=
23:13:09.798722702 pdns=4125/0/active/running/ named=0/inactive/dead/ agent=4184/active/ jphase=absent killpid=
23:13:10.080502815 pdns=4125/0/active/running/ named=0/inactive/dead/ agent=4184/active/ jphase=absent killpid=
23:13:10.362494920 pdns=4125/0/active/running/ named=0/inactive/dead/ agent=4184/active/ jphase=absent killpid=
23:13:10.648649659 pdns=4125/0/active/running/ named=0/inactive/dead/ agent=4184/active/ jphase=absent killpid=
23:13:10.930582091 pdns=4125/0/active/running/ named=0/inactive/dead/ agent=4184/active/ jphase=absent killpid=
23:13:11.211952584 pdns=4125/0/active/running/ named=0/inactive/dead/ agent=4184/active/ jphase=absent killpid=
23:13:11.500246110 pdns=4125/0/active/running/ named=0/inactive/dead/ agent=4184/active/ jphase=absent killpid=
23:13:11.786219829 pdns=4125/0/active/running/ named=0/inactive/dead/ agent=4184/active/ jphase=absent killpid=
23:13:12.074660530 CHANGE ledger b7477428d38508fae905e6c375d50f0897dcd14d8574a0b96aa01b51f6bdbe02 -> b93a05b6340dce6b8b61cc5a26b55c34a70ff2ed9bfe3a71bb888a1363f8b3b2
23:13:12.092984770 pdns=4125/0/active/running/ named=0/inactive/dead/ agent=4184/active/ jphase=absent killpid=
23:13:12.408572316 CHANGE ledger b93a05b6340dce6b8b61cc5a26b55c34a70ff2ed9bfe3a71bb888a1363f8b3b2 -> 67d1a4554d85f6f4813812a22569ab59e1a84536826d845668155313bfc0282d
23:13:12.424271074 pdns=4125/0/active/running/ named=0/inactive/dead/ agent=4184/active/ jphase=absent killpid=
23:13:12.722303906 CHANGE ledger 67d1a4554d85f6f4813812a22569ab59e1a84536826d845668155313bfc0282d -> e320e1433c80b7ebbca1c59668e58ebd05c22f80da53cc1bc5ff99aad1a2f78a
23:13:12.735782762 pdns=4125/0/active/running/ named=0/inactive/dead/ agent=4184/active/ jphase=absent killpid=
23:13:13.055180783 CHANGE ledger e320e1433c80b7ebbca1c59668e58ebd05c22f80da53cc1bc5ff99aad1a2f78a -> b7458f2ba75bfd857a5bc07d39a536f5c2fcf28cad44e971e30415c1906b23ec
23:13:13.090277620 pdns=4125/0/active/running/ named=0/inactive/dead/ agent=4184/active/ jphase=absent killpid=
23:13:13.427707503 CHANGE ledger b7458f2ba75bfd857a5bc07d39a536f5c2fcf28cad44e971e30415c1906b23ec -> c043d3cbf4765389020e59e093e504d9437c38f7bd4cfeb9b651206a88d5da55
23:13:13.453624677 CHANGE pdnsdb 2dfa474683b8ca32e8d47beae3019937f6ec8f7a1f8cb483f94333972cc0330a -> 30a24301bc396fca86bb62fbe507ca6e0918fb41da458849ef6b669bc783471d
23:13:13.458575812 pdns=4125/0/active/running/ named=0/inactive/dead/ agent=4184/active/ jphase=absent killpid=
23:13:13.783450868 CHANGE ledger c043d3cbf4765389020e59e093e504d9437c38f7bd4cfeb9b651206a88d5da55 -> 2be71c7617612f57fbf1d04d5984d4570af04df6c962c2b4fb09e1321fcfac42
23:13:13.802762779 pdns=4125/0/active/running/ named=0/inactive/dead/ agent=4184/active/ jphase=absent killpid=
23:13:14.108286135 CHANGE ledger 2be71c7617612f57fbf1d04d5984d4570af04df6c962c2b4fb09e1321fcfac42 -> 040981e690761ed3e243469106e7096d4a64a182dc452c58ac39e89f4bbbcb58
23:13:14.124488208 pdns=4125/0/active/running/ named=0/inactive/dead/ agent=4184/active/ jphase=absent killpid=
23:13:14.425049837 CHANGE ledger 040981e690761ed3e243469106e7096d4a64a182dc452c58ac39e89f4bbbcb58 -> 211b8ba575d4e5e1710ada5c75429d8698c3bbe1278d2aa643533e1a7188db9f
23:13:14.436049969 pdns=4125/0/active/running/ named=0/inactive/dead/ agent=4184/active/ jphase=absent killpid=
23:13:14.715564996 pdns=4125/0/active/running/ named=0/inactive/dead/ agent=4184/active/ jphase=absent killpid=
23:13:14.987904580 CHANGE ledger 211b8ba575d4e5e1710ada5c75429d8698c3bbe1278d2aa643533e1a7188db9f -> c7c5eeaf9b70f897c0d0d868de2dc9b087d63932b68244fe099eed968ce24703
23:13:15.000033300 pdns=4125/0/active/running/ named=0/inactive/dead/ agent=4184/active/ jphase=absent killpid=
23:13:15.283933372 pdns=4125/0/active/running/ named=0/inactive/dead/ agent=4184/active/ jphase=absent killpid=
23:13:15.569290413 pdns=4125/0/active/running/ named=0/inactive/dead/ agent=4184/active/ jphase=absent killpid=
23:13:15.852434204 pdns=4125/0/active/running/ named=0/inactive/dead/ agent=4184/active/ jphase=absent killpid=
23:13:16.147672789 pdns=4125/0/active/running/ named=0/inactive/dead/ agent=4184/active/ jphase=absent killpid=
23:13:16.430611136 pdns=4125/0/active/running/ named=0/inactive/dead/ agent=4184/active/ jphase=absent killpid=
23:13:16.714250514 pdns=4125/0/active/running/ named=0/inactive/dead/ agent=4184/active/ jphase=absent killpid=
23:13:16.995812141 pdns=4125/0/active/running/ named=0/inactive/dead/ agent=4184/active/ jphase=absent killpid=
23:13:17.277877166 pdns=4125/0/active/running/ named=0/inactive/dead/ agent=4184/active/ jphase=absent killpid=
23:13:17.578290336 pdns=4125/0/active/running/ named=0/inactive/dead/ agent=4184/active/ jphase=absent killpid=
23:13:17.867350666 pdns=4125/0/active/running/ named=0/inactive/dead/ agent=4184/active/ jphase=absent killpid=
23:13:18.165047366 pdns=4125/0/active/running/ named=0/inactive/dead/ agent=4184/active/ jphase=absent killpid=
23:13:18.456543213 CHANGE ledger c7c5eeaf9b70f897c0d0d868de2dc9b087d63932b68244fe099eed968ce24703 -> 29f0e8e1d2671a7bd7abca4817f2ce4516e6b12878de7e6889f908fd4872e074
23:13:18.469032715 pdns=4125/0/active/running/ named=0/inactive/dead/ agent=4184/active/ jphase=absent killpid=
23:13:18.769156836 CHANGE ledger 29f0e8e1d2671a7bd7abca4817f2ce4516e6b12878de7e6889f908fd4872e074 -> e0362d3946e60b66c0e36939d2ebe1814bc3e28f0ce04c0ba15ea2f397cbcace
23:13:18.783671608 pdns=4125/0/active/running/ named=0/inactive/dead/ agent=4184/active/ jphase=absent killpid=
23:13:19.092072440 CHANGE ledger e0362d3946e60b66c0e36939d2ebe1814bc3e28f0ce04c0ba15ea2f397cbcace -> ec08626683f3f5dd1a11ea4768f209a4c79c3bb8ed21bdb9266210c4f35c9927
23:13:19.109866271 pdns=4125/0/active/running/ named=0/inactive/dead/ agent=4184/active/ jphase=absent killpid=
23:13:19.429157609 CHANGE ledger ec08626683f3f5dd1a11ea4768f209a4c79c3bb8ed21bdb9266210c4f35c9927 -> 07c0bd229db12bc2d1c8b97b7e487a65b8afe26d183e35d193cd8cc39e7521ce
23:13:19.449499632 CHANGE pdnsdb 30a24301bc396fca86bb62fbe507ca6e0918fb41da458849ef6b669bc783471d -> 4f240044f623004864feef222240f95a6b11678a4ef503b86853bf0d9fcdaaf3
23:13:19.453305351 pdns=4125/0/active/running/ named=0/inactive/dead/ agent=4184/active/ jphase=absent killpid=
23:13:19.775115709 CHANGE ledger 07c0bd229db12bc2d1c8b97b7e487a65b8afe26d183e35d193cd8cc39e7521ce -> dc31bb49259b691a71216b5dd9f1c561a5bda943a51bd9a8868c682e23c9ebc9
23:13:19.794248254 pdns=4125/0/active/running/ named=0/inactive/dead/ agent=4184/active/ jphase=absent killpid=
23:13:20.097750586 CHANGE ledger dc31bb49259b691a71216b5dd9f1c561a5bda943a51bd9a8868c682e23c9ebc9 -> d29426975714ac096ebfee7ead71bd4c6bda668fa898234047726d9d878a115f
23:13:20.118110679 pdns=4125/0/active/running/ named=0/inactive/dead/ agent=4184/active/ jphase=absent killpid=
23:13:20.419400302 CHANGE ledger d29426975714ac096ebfee7ead71bd4c6bda668fa898234047726d9d878a115f -> b1307ac23efd60456690c3c5192f38702f2b672f39b67c68e01de151bd62e9bf
23:13:20.448566283 pdns=4125/0/active/running/ named=0/inactive/dead/ agent=4184/active/ jphase=absent killpid=
23:13:20.749276300 CHANGE ledger b1307ac23efd60456690c3c5192f38702f2b672f39b67c68e01de151bd62e9bf -> 57238cec2537eb8d6419fc8197883fca5fda6b8565dd041f892596c17c5e246a
23:13:20.760469320 pdns=4125/0/active/running/ named=0/inactive/dead/ agent=4184/active/ jphase=absent killpid=
23:13:21.033331205 CHANGE ledger 57238cec2537eb8d6419fc8197883fca5fda6b8565dd041f892596c17c5e246a -> 8c59d83be9c93e97b6c8d0993b466e9dd8338ff79477c812cdf32869e5d76e82
23:13:21.043975487 pdns=4125/0/active/running/ named=0/inactive/dead/ agent=4184/active/ jphase=absent killpid=
23:13:21.327623856 pdns=4125/0/active/running/ named=0/inactive/dead/ agent=4184/active/ jphase=absent killpid=
23:13:21.608106803 pdns=4125/0/active/running/ named=0/inactive/dead/ agent=4184/active/ jphase=absent killpid=
23:13:21.891236963 pdns=4125/0/active/running/ named=0/inactive/dead/ agent=4184/active/ jphase=absent killpid=
23:13:22.181850446 pdns=4125/0/active/running/ named=0/inactive/dead/ agent=4184/active/ jphase=absent killpid=
23:13:22.494247250 CHANGE pdnsdb 4f240044f623004864feef222240f95a6b11678a4ef503b86853bf0d9fcdaaf3 -> 3fd1307066c7e559b2210b9739cfe1d9eda1b42ba069654fb1a48d4474864bfb
23:13:22.497889462 pdns=4125/0/active/running/ named=0/inactive/dead/ agent=4184/active/ jphase=absent killpid=
23:13:22.788598831 pdns=4125/0/active/running/ named=0/inactive/dead/ agent=4184/active/ jphase=absent killpid=
23:13:23.068372863 pdns=4125/0/active/running/ named=0/inactive/dead/ agent=4184/active/ jphase=absent killpid=
23:13:23.350621480 pdns=4125/0/active/running/ named=0/inactive/dead/ agent=4184/active/ jphase=absent killpid=
23:13:23.633749680 pdns=4125/0/active/running/ named=0/inactive/dead/ agent=4184/active/ jphase=absent killpid=
23:13:23.914996430 pdns=4125/0/active/running/ named=0/inactive/dead/ agent=4184/active/ jphase=absent killpid=
23:13:24.206313488 pdns=4125/0/active/running/ named=0/inactive/dead/ agent=4184/active/ jphase=absent killpid=
23:13:24.500882288 CHANGE ledger 8c59d83be9c93e97b6c8d0993b466e9dd8338ff79477c812cdf32869e5d76e82 -> 7100f7d561f7bbb250a92c950766b601d3dc61ac74595ee35b8cae7b98937e44
23:13:24.517529357 pdns=4125/0/active/running/ named=0/inactive/dead/ agent=4184/active/ jphase=absent killpid=
23:13:24.807325362 CHANGE ledger 7100f7d561f7bbb250a92c950766b601d3dc61ac74595ee35b8cae7b98937e44 -> 5e36922fa04ddc7c3b6f0adedb9b5a66950bd5a8bbe356f98c2470285e3ce47c
23:13:24.825554276 pdns=4125/0/active/running/ named=0/inactive/dead/ agent=4184/active/ jphase=absent killpid=
23:13:25.119260879 CHANGE ledger 5e36922fa04ddc7c3b6f0adedb9b5a66950bd5a8bbe356f98c2470285e3ce47c -> 0ebdcdab7dec336a25f8b52cda32e592ecaba25c6932d720924a649f31a74cf6
23:13:25.138425807 CHANGE pdnsdb 3fd1307066c7e559b2210b9739cfe1d9eda1b42ba069654fb1a48d4474864bfb -> c3f71d036eca62ee8227bbfb305a5dda6557f8441f8c2306fd9b711492caf3b2
23:13:25.143774739 pdns=4125/0/active/running/ named=0/inactive/dead/ agent=4184/active/ jphase=absent killpid=
23:13:25.458675227 CHANGE ledger 0ebdcdab7dec336a25f8b52cda32e592ecaba25c6932d720924a649f31a74cf6 -> 054eb36d2f3e77dbbca53695dbf488fb26424c32b86896b1b87cbceda6c78b2d
23:13:25.481256084 pdns=4125/0/active/running/ named=0/inactive/dead/ agent=4184/active/ jphase=absent killpid=
23:13:25.778123209 CHANGE ledger 054eb36d2f3e77dbbca53695dbf488fb26424c32b86896b1b87cbceda6c78b2d -> 8aeeeba46749ac933fbfdf9f9b300533c3353b2635b58d1c98a7fa44c622e853
23:13:25.792155101 pdns=4125/0/active/running/ named=0/inactive/dead/ agent=4184/active/ jphase=absent killpid=
23:13:26.091856538 CHANGE ledger 8aeeeba46749ac933fbfdf9f9b300533c3353b2635b58d1c98a7fa44c622e853 -> 7ceb4efe1a10831cac54ad5993285783b163daf1c0fd3874eacec021ce9bcda1
23:13:26.107485824 pdns=4125/0/active/running/ named=0/inactive/dead/ agent=4184/active/ jphase=absent killpid=
23:13:26.415424080 CHANGE ledger 7ceb4efe1a10831cac54ad5993285783b163daf1c0fd3874eacec021ce9bcda1 -> 36504e1e42dd61e9e7b7eacfb5758508ca2f5d413f5be213fb39f4a0d7bb6a04
23:13:26.426957964 pdns=4125/0/active/running/ named=0/inactive/dead/ agent=4184/active/ jphase=absent killpid=
23:13:26.706185668 pdns=4125/0/active/running/ named=0/inactive/dead/ agent=4184/active/ jphase=absent killpid=
23:13:26.985576791 pdns=4125/0/active/running/ named=0/inactive/dead/ agent=4184/active/ jphase=absent killpid=
23:13:27.280357832 pdns=4125/0/active/running/ named=0/inactive/dead/ agent=4184/active/ jphase=absent killpid=
23:13:27.591627678 pdns=4125/0/active/running/ named=0/inactive/dead/ agent=4184/active/ jphase=absent killpid=
23:13:27.875577575 pdns=4125/0/active/running/ named=0/inactive/dead/ agent=4184/active/ jphase=absent killpid=
23:13:28.168319381 pdns=4125/0/active/running/ named=0/inactive/dead/ agent=4184/active/ jphase=absent killpid=
23:13:28.449747715 pdns=4125/0/active/running/ named=0/inactive/dead/ agent=4184/active/ jphase=absent killpid=
23:13:29.685172022 CHANGE ledger 36504e1e42dd61e9e7b7eacfb5758508ca2f5d413f5be213fb39f4a0d7bb6a04 -> f0db4a4a5ae1b1f6f6bb36cf6d722795c983c1453b241e4c3777f803aa71c148
23:13:29.882640616 pdns=4125/0/active/running/ named=0/inactive/dead/ agent=4184/active/ jphase=absent killpid=
23:13:30.221388068 pdns=4125/0/active/running/ named=0/inactive/dead/ agent=4184/active/ jphase=absent killpid=
23:13:30.523824258 pdns=4125/0/active/running/ named=0/inactive/dead/ agent=4184/active/ jphase=absent killpid=
23:13:30.834390145 pdns=4125/0/active/running/ named=0/inactive/dead/ agent=4184/active/ jphase=absent killpid=
23:13:31.121451267 pdns=4125/0/active/running/ named=0/inactive/dead/ agent=4184/active/ jphase=absent killpid=
23:13:31.403692771 pdns=4125/0/active/running/ named=0/inactive/dead/ agent=4184/active/ jphase=absent killpid=
23:13:31.705830377 CHANGE ledger f0db4a4a5ae1b1f6f6bb36cf6d722795c983c1453b241e4c3777f803aa71c148 -> f54b20f575051caaae4e4e412def3a68f7c216424c672b1db9f8bf7a24223542
23:13:31.743372775 pdns=4125/0/active/running/ named=0/inactive/dead/ agent=4184/active/ jphase=absent killpid=
23:13:32.095118140 CHANGE ledger f54b20f575051caaae4e4e412def3a68f7c216424c672b1db9f8bf7a24223542 -> b6a709ca8273a23db92db6bdac7cd1dd2daa7a624c56b7c11891930e0715cefe
23:13:32.111867485 pdns=4125/0/active/running/ named=0/inactive/dead/ agent=4184/active/ jphase=absent killpid=
23:13:32.405487004 CHANGE ledger b6a709ca8273a23db92db6bdac7cd1dd2daa7a624c56b7c11891930e0715cefe -> 3de26cc3a6c9bf3dba3241951107d605cfbcde402551e1f80fee3d6b89a2124a
23:13:32.420988538 pdns=4125/0/active/running/ named=0/inactive/dead/ agent=4184/active/ jphase=absent killpid=
23:13:32.708925806 CHANGE ledger 3de26cc3a6c9bf3dba3241951107d605cfbcde402551e1f80fee3d6b89a2124a -> 65ecc67718fad95ab4c0f57554e4b2d4017199297755c27ce548b3a72e3047aa
23:13:32.732068946 CHANGE pdnsdb c3f71d036eca62ee8227bbfb305a5dda6557f8441f8c2306fd9b711492caf3b2 -> 3f2b0c3d51a425ad8c55c7c6d7ce892cac57682de4b4e24a6d46554901f078b1
23:13:32.736207995 pdns=4125/0/active/running/ named=0/inactive/dead/ agent=4184/active/ jphase=absent killpid=
23:13:33.037704829 CHANGE ledger 65ecc67718fad95ab4c0f57554e4b2d4017199297755c27ce548b3a72e3047aa -> 7cf79d396b8fbe541cdb10ab870c2284b9d1bd06382aabf355b9734aa8082e55
23:13:33.060083491 pdns=4125/0/active/running/ named=0/inactive/dead/ agent=4184/active/ jphase=absent killpid=
23:13:33.366667362 CHANGE ledger 7cf79d396b8fbe541cdb10ab870c2284b9d1bd06382aabf355b9734aa8082e55 -> bb881128a9f08559b60d8c803e1474189595cd246d12b9deb684c137772aa223
23:13:33.382748835 pdns=4125/0/active/running/ named=0/inactive/dead/ agent=4184/active/ jphase=absent killpid=
23:13:33.683817800 CHANGE ledger bb881128a9f08559b60d8c803e1474189595cd246d12b9deb684c137772aa223 -> be3320ae4aec914bf2cdaa1b187f87b29123ec68aa9935228ade5d137f7ee19e
23:13:33.699470159 pdns=4125/0/active/running/ named=0/inactive/dead/ agent=4184/active/ jphase=absent killpid=
23:13:33.989717630 CHANGE ledger be3320ae4aec914bf2cdaa1b187f87b29123ec68aa9935228ade5d137f7ee19e -> 6e768cc0464a1d935c22d10afe799ca023f9a084db63cb19e21c32b8b74c37ef
23:13:34.003592888 pdns=4125/0/active/running/ named=0/inactive/dead/ agent=4184/active/ jphase=absent killpid=
23:13:34.277981856 CHANGE ledger 6e768cc0464a1d935c22d10afe799ca023f9a084db63cb19e21c32b8b74c37ef -> 69b6f988296a58760e3545e4848cbc0397ccc9ffc775984d3904f16223297c7a
23:13:34.289533774 pdns=4125/0/active/running/ named=0/inactive/dead/ agent=4184/active/ jphase=absent killpid=
23:13:34.571807397 pdns=4125/0/active/running/ named=0/inactive/dead/ agent=4184/active/ jphase=absent killpid=
23:13:34.853526435 pdns=4125/0/active/running/ named=0/inactive/dead/ agent=4184/active/ jphase=absent killpid=
23:13:35.137070223 pdns=4125/0/active/running/ named=0/inactive/dead/ agent=4184/active/ jphase=absent killpid=
23:13:35.417849685 pdns=4125/0/active/running/ named=0/inactive/dead/ agent=4184/active/ jphase=absent killpid=
23:13:35.699941834 pdns=4125/0/active/running/ named=0/inactive/dead/ agent=4184/active/ jphase=absent killpid=
23:13:35.983786733 pdns=4125/0/active/running/ named=0/inactive/dead/ agent=4184/active/ jphase=absent killpid=
23:13:36.264515271 pdns=4125/0/active/running/ named=0/inactive/dead/ agent=4184/active/ jphase=absent killpid=
23:13:36.543464284 pdns=4125/0/active/running/ named=0/inactive/dead/ agent=4184/active/ jphase=absent killpid=
23:13:36.826293179 pdns=4125/0/active/running/ named=0/inactive/dead/ agent=4184/active/ jphase=absent killpid=
23:13:37.112110883 pdns=4125/0/active/running/ named=0/inactive/dead/ agent=4184/active/ jphase=absent killpid=
23:13:37.403817230 pdns=4125/0/active/running/ named=0/inactive/dead/ agent=4184/active/ jphase=absent killpid=
23:13:37.695693304 pdns=4125/0/active/running/ named=0/inactive/dead/ agent=4184/active/ jphase=absent killpid=
23:13:37.996674341 pdns=4125/0/active/running/ named=0/inactive/dead/ agent=0/inactive/ jphase=absent killpid=
23:13:38.441610301 pdns=4125/0/active/running/ named=0/inactive/dead/ agent=0/inactive/ jphase=absent killpid=
23:13:38.728142137 pdns=4125/0/active/running/ named=0/inactive/dead/ agent=0/inactive/ jphase=absent killpid=
23:13:39.012395278 pdns=4125/0/active/running/ named=0/inactive/dead/ agent=0/inactive/ jphase=absent killpid=
23:13:39.295831197 pdns=4125/0/active/running/ named=0/inactive/dead/ agent=0/inactive/ jphase=absent killpid=
23:13:39.580499299 pdns=4125/0/active/running/ named=0/inactive/dead/ agent=0/inactive/ jphase=absent killpid=
23:13:39.865068509 pdns=4125/0/active/running/ named=0/inactive/dead/ agent=0/inactive/ jphase=absent killpid=
23:13:40.160318797 pdns=4125/0/active/running/ named=0/inactive/dead/ agent=0/inactive/ jphase=absent killpid=
23:13:40.475966799 pdns=4125/0/active/running/ named=0/inactive/dead/ agent=0/inactive/ jphase=absent killpid=
23:13:40.769567235 pdns=4125/0/active/running/ named=0/inactive/dead/ agent=0/inactive/ jphase=absent killpid=
23:13:41.061202347 pdns=4125/0/active/running/ named=0/inactive/dead/ agent=0/inactive/ jphase=absent killpid=
23:13:41.356836533 pdns=4125/0/active/running/ named=0/inactive/dead/ agent=0/inactive/ jphase=absent killpid=
23:13:41.640379305 pdns=4125/0/active/running/ named=0/inactive/dead/ agent=0/inactive/ jphase=absent killpid=
23:13:41.924251325 pdns=4125/0/active/running/ named=0/inactive/dead/ agent=0/inactive/ jphase=absent killpid=
23:13:42.209082923 pdns=4125/0/active/running/ named=0/inactive/dead/ agent=0/inactive/ jphase=absent killpid=
23:13:42.492107924 pdns=4125/0/active/running/ named=0/inactive/dead/ agent=0/inactive/ jphase=absent killpid=
23:13:42.777965446 pdns=4125/0/active/running/ named=0/inactive/dead/ agent=0/inactive/ jphase=absent killpid=
23:13:43.060804595 pdns=4125/0/active/running/ named=0/inactive/dead/ agent=0/inactive/ jphase=absent killpid=
23:13:43.346532799 pdns=4125/0/active/running/ named=0/inactive/dead/ agent=0/inactive/ jphase=absent killpid=
23:13:43.631829288 pdns=4125/0/active/running/ named=0/inactive/dead/ agent=0/inactive/ jphase=absent killpid=
23:13:43.917401779 pdns=4125/0/active/running/ named=0/inactive/dead/ agent=0/inactive/ jphase=absent killpid=
23:13:44.223117709 pdns=4125/0/active/running/ named=0/inactive/dead/ agent=0/inactive/ jphase=absent killpid=
23:13:44.516136102 pdns=4125/0/active/running/ named=0/inactive/dead/ agent=0/inactive/ jphase=absent killpid=
23:13:44.801123422 pdns=4125/0/active/running/ named=0/inactive/dead/ agent=0/inactive/ jphase=absent killpid=
23:13:45.089764315 pdns=4125/0/active/running/ named=0/inactive/dead/ agent=0/inactive/ jphase=absent killpid=
23:13:45.373601502 pdns=4125/0/active/running/ named=0/inactive/dead/ agent=0/inactive/ jphase=absent killpid=
23:13:45.726164734 pdns=4125/0/active/running/ named=0/inactive/dead/ agent=0/inactive/ jphase=absent killpid=
23:13:46.530022546 pdns=4125/0/active/running/ named=0/inactive/dead/ agent=0/inactive/ jphase=absent killpid=
23:13:48.388724787 pdns=4125/0/active/running/ named=0/inactive/dead/ agent=0/inactive/ jphase=absent killpid=
23:13:48.683223579 pdns=4125/0/active/running/ named=0/inactive/dead/ agent=0/inactive/ jphase=absent killpid=
23:13:48.970559412 pdns=4125/0/active/running/ named=0/inactive/dead/ agent=0/inactive/ jphase=absent killpid=
23:13:49.255513399 pdns=4125/0/active/running/ named=0/inactive/dead/ agent=0/inactive/ jphase=absent killpid=
23:13:49.536971074 pdns=4125/0/active/running/ named=0/inactive/dead/ agent=0/inactive/ jphase=absent killpid=
23:13:49.822225460 pdns=4125/0/active/running/ named=0/inactive/dead/ agent=0/inactive/ jphase=absent killpid=
23:13:50.109995380 pdns=4125/0/active/running/ named=0/inactive/dead/ agent=0/inactive/ jphase=absent killpid=
23:13:50.404975490 pdns=4125/0/active/running/ named=0/inactive/dead/ agent=0/inactive/ jphase=absent killpid=
23:13:50.691163266 pdns=4125/0/active/running/ named=0/inactive/dead/ agent=0/inactive/ jphase=absent killpid=
23:13:50.974911426 pdns=4125/0/active/running/ named=0/inactive/dead/ agent=0/inactive/ jphase=absent killpid=
23:13:51.263400929 pdns=4125/0/active/running/ named=0/inactive/dead/ agent=0/inactive/ jphase=absent killpid=
23:13:51.573044788 pdns=4125/0/active/running/ named=0/inactive/dead/ agent=0/inactive/ jphase=absent killpid=
23:13:51.867285663 pdns=4125/0/active/running/ named=0/inactive/dead/ agent=0/inactive/ jphase=absent killpid=
23:13:52.156433662 pdns=4125/0/active/running/ named=0/inactive/dead/ agent=0/inactive/ jphase=absent killpid=
23:13:52.445668592 pdns=4125/0/active/running/ named=0/inactive/dead/ agent=0/inactive/ jphase=absent killpid=
23:13:52.732813394 pdns=4125/0/active/running/ named=0/inactive/dead/ agent=0/inactive/ jphase=absent killpid=
23:13:53.024564535 pdns=4125/0/active/running/ named=0/inactive/dead/ agent=0/inactive/ jphase=absent killpid=
23:13:53.312514240 pdns=4125/0/active/running/ named=0/inactive/dead/ agent=0/inactive/ jphase=absent killpid=
23:13:53.597416870 pdns=4125/0/active/running/ named=0/inactive/dead/ agent=0/inactive/ jphase=absent killpid=
23:13:53.906021979 pdns=4125/0/active/running/ named=0/inactive/dead/ agent=0/inactive/ jphase=absent killpid=
23:13:54.194075911 pdns=4125/0/active/running/ named=0/inactive/dead/ agent=0/inactive/ jphase=absent killpid=
23:13:54.478932362 pdns=4125/0/active/running/ named=0/inactive/dead/ agent=0/inactive/ jphase=absent killpid=
23:13:54.760646342 pdns=4125/0/active/running/ named=0/inactive/dead/ agent=0/inactive/ jphase=absent killpid=
23:13:55.052334225 pdns=4125/0/active/running/ named=0/inactive/dead/ agent=0/inactive/ jphase=absent killpid=
23:13:55.336353054 pdns=4125/0/active/running/ named=0/inactive/dead/ agent=0/inactive/ jphase=absent killpid=
23:13:55.628487447 pdns=4125/0/active/running/ named=0/inactive/dead/ agent=0/inactive/ jphase=absent killpid=
23:13:55.921841275 pdns=4125/0/active/running/ named=0/inactive/dead/ agent=0/inactive/ jphase=absent killpid=
23:13:56.212362980 pdns=4125/0/active/running/ named=0/inactive/dead/ agent=0/inactive/ jphase=absent killpid=
23:13:56.499573816 pdns=4125/0/active/running/ named=0/inactive/dead/ agent=0/inactive/ jphase=absent killpid=
23:13:56.796670191 pdns=4125/0/active/running/ named=0/inactive/dead/ agent=0/inactive/ jphase=absent killpid=
23:13:57.086276399 pdns=4125/0/active/running/ named=0/inactive/dead/ agent=0/inactive/ jphase=absent killpid=
23:13:57.378908775 pdns=4125/0/active/running/ named=0/inactive/dead/ agent=0/inactive/ jphase=absent killpid=
23:13:57.668480225 pdns=4125/0/active/running/ named=0/inactive/dead/ agent=0/inactive/ jphase=absent killpid=
23:13:57.955751701 pdns=4125/0/active/running/ named=0/inactive/dead/ agent=0/inactive/ jphase=absent killpid=
23:13:58.244205050 pdns=4125/0/active/running/ named=0/inactive/dead/ agent=0/inactive/ jphase=absent killpid=
23:13:58.524155772 pdns=4125/0/active/running/ named=0/inactive/dead/ agent=0/inactive/ jphase=absent killpid=
23:13:58.806573593 pdns=4125/0/active/running/ named=0/inactive/dead/ agent=0/inactive/ jphase=absent killpid=
23:13:59.088207660 pdns=4125/0/active/running/ named=0/inactive/dead/ agent=0/inactive/ jphase=absent killpid=
23:13:59.379918728 pdns=4125/0/active/running/ named=0/inactive/dead/ agent=0/inactive/ jphase=absent killpid=
23:13:59.664199832 pdns=4125/0/active/running/ named=0/inactive/dead/ agent=0/inactive/ jphase=absent killpid=
23:13:59.945725465 pdns=4125/0/active/running/ named=0/inactive/dead/ agent=0/inactive/ jphase=absent killpid=
23:14:00.230986377 pdns=4125/0/active/running/ named=0/inactive/dead/ agent=0/inactive/ jphase=absent killpid=
23:14:00.511583883 pdns=4125/0/active/running/ named=0/inactive/dead/ agent=0/inactive/ jphase=absent killpid=
23:14:00.800135800 pdns=4125/0/active/running/ named=0/inactive/dead/ agent=0/inactive/ jphase=absent killpid=
23:14:01.084746589 pdns=4125/0/active/running/ named=0/inactive/dead/ agent=0/inactive/ jphase=absent killpid=
23:14:01.372352417 pdns=4125/0/active/running/ named=0/inactive/dead/ agent=0/inactive/ jphase=absent killpid=
23:14:01.656321378 pdns=4125/0/active/running/ named=0/inactive/dead/ agent=0/inactive/ jphase=absent killpid=
23:14:01.937749787 pdns=4125/0/active/running/ named=0/inactive/dead/ agent=0/inactive/ jphase=absent killpid=
23:14:02.227218663 pdns=4125/0/active/running/ named=0/inactive/dead/ agent=0/inactive/ jphase=absent killpid=
23:14:02.517569478 pdns=4125/0/active/running/ named=0/inactive/dead/ agent=0/inactive/ jphase=absent killpid=
23:14:02.837038552 pdns=4125/0/active/running/ named=0/inactive/dead/ agent=0/inactive/ jphase=absent killpid=
23:14:03.164738039 pdns=4125/0/active/running/ named=0/inactive/dead/ agent=0/inactive/ jphase=absent killpid=
23:14:03.542311337 pdns=4125/0/active/running/ named=0/inactive/dead/ agent=0/inactive/ jphase=absent killpid=
23:14:03.863608289 pdns=4125/0/active/running/ named=0/inactive/dead/ agent=0/inactive/ jphase=absent killpid=
23:14:04.236449100 pdns=4125/0/active/running/ named=0/inactive/dead/ agent=0/inactive/ jphase=absent killpid=
23:14:04.552330446 pdns=4125/0/active/running/ named=0/inactive/dead/ agent=0/inactive/ jphase=absent killpid=
23:14:04.842678036 pdns=4125/0/active/running/ named=0/inactive/dead/ agent=0/inactive/ jphase=absent killpid=
23:14:05.128258969 pdns=4125/0/active/running/ named=0/inactive/dead/ agent=0/inactive/ jphase=absent killpid=
23:14:05.417963481 pdns=4125/0/active/running/ named=0/inactive/dead/ agent=0/inactive/ jphase=absent killpid=
23:14:05.710641349 pdns=4125/0/active/running/ named=0/inactive/dead/ agent=0/inactive/ jphase=absent killpid=
23:14:06.001739830 pdns=4125/0/active/running/ named=0/inactive/dead/ agent=0/inactive/ jphase=absent killpid=
23:14:06.295422205 pdns=4125/0/active/running/ named=0/inactive/dead/ agent=0/inactive/ jphase=absent killpid=
23:14:06.592478666 pdns=4125/0/active/running/ named=0/inactive/dead/ agent=0/inactive/ jphase=absent killpid=
23:14:06.887518390 pdns=4125/0/active/running/ named=0/inactive/dead/ agent=0/inactive/ jphase=absent killpid=
23:14:07.176005843 pdns=4125/0/active/running/ named=0/inactive/dead/ agent=0/inactive/ jphase=absent killpid=
23:14:07.475891957 pdns=4125/0/active/running/ named=0/inactive/dead/ agent=0/inactive/ jphase=absent killpid=
23:14:07.774539911 pdns=4125/0/active/running/ named=0/inactive/dead/ agent=0/inactive/ jphase=absent killpid=
23:14:08.080184495 pdns=4125/0/active/running/ named=0/inactive/dead/ agent=0/inactive/ jphase=absent killpid=
23:14:08.388198141 pdns=4125/0/active/running/ named=0/inactive/dead/ agent=0/inactive/ jphase=absent killpid=
23:14:08.740055802 pdns=4125/0/active/running/ named=0/inactive/dead/ agent=0/inactive/ jphase=absent killpid=
23:14:09.032747047 pdns=4125/0/active/running/ named=0/inactive/dead/ agent=0/inactive/ jphase=absent killpid=
23:14:09.323552028 pdns=4125/0/active/running/ named=0/inactive/dead/ agent=0/inactive/ jphase=absent killpid=
23:14:09.630621823 pdns=4125/0/active/running/ named=0/inactive/dead/ agent=0/inactive/ jphase=absent killpid=
23:14:09.922659211 pdns=4125/0/active/running/ named=0/inactive/dead/ agent=0/inactive/ jphase=absent killpid=
23:14:10.215714604 pdns=4125/0/active/running/ named=0/inactive/dead/ agent=0/inactive/ jphase=absent killpid=
23:14:10.558056033 pdns=4125/0/active/running/ named=0/inactive/dead/ agent=0/inactive/ jphase=absent killpid=
23:14:11.250514528 pdns=4125/0/active/running/ named=0/inactive/dead/ agent=0/inactive/ jphase=absent killpid=
23:14:12.997249375 pdns=4125/0/active/running/ named=0/inactive/dead/ agent=0/inactive/ jphase=absent killpid=
23:14:14.858621155 pdns=4125/0/active/running/ named=0/inactive/dead/ agent=0/inactive/ jphase=absent killpid=
23:14:15.168893521 pdns=4125/0/active/running/ named=0/inactive/dead/ agent=0/inactive/ jphase=absent killpid=
23:14:15.466290119 pdns=4125/0/active/running/ named=0/inactive/dead/ agent=0/inactive/ jphase=absent killpid=
23:14:15.761808664 pdns=4125/0/active/running/ named=0/inactive/dead/ agent=0/inactive/ jphase=absent killpid=
23:14:16.048870043 pdns=4125/0/active/running/ named=0/inactive/dead/ agent=0/inactive/ jphase=absent killpid=
23:14:16.372672455 pdns=4125/0/active/running/ named=0/inactive/dead/ agent=0/inactive/ jphase=absent killpid=
23:14:16.664182056 pdns=4125/0/active/running/ named=0/inactive/dead/ agent=0/inactive/ jphase=absent killpid=
23:14:16.974889870 pdns=4125/0/active/running/ named=0/inactive/dead/ agent=0/inactive/ jphase=absent killpid=
23:14:17.273141016 pdns=4125/0/active/running/ named=0/inactive/dead/ agent=0/inactive/ jphase=absent killpid=
23:14:17.566768073 pdns=4125/0/active/running/ named=0/inactive/dead/ agent=0/inactive/ jphase=absent killpid=
23:14:17.860938161 pdns=4125/0/active/running/ named=0/inactive/dead/ agent=0/inactive/ jphase=absent killpid=
23:14:18.158996120 pdns=4125/0/active/running/ named=0/inactive/dead/ agent=0/inactive/ jphase=absent killpid=
23:14:18.496032722 pdns=4125/0/active/running/ named=0/inactive/dead/ agent=0/inactive/ jphase=absent killpid=
23:14:18.851717143 pdns=4125/0/active/running/ named=0/inactive/dead/ agent=0/inactive/ jphase=absent killpid=
23:14:19.311671942 pdns=4125/0/active/running/ named=0/inactive/dead/ agent=0/inactive/ jphase=absent killpid=
23:14:19.799952843 pdns=4125/0/active/running/ named=0/inactive/dead/ agent=0/inactive/ jphase=absent killpid=
23:14:20.441610473 pdns=4125/0/active/running/ named=0/inactive/dead/ agent=0/inactive/ jphase=absent killpid=
23:14:20.969896605 pdns=4125/0/active/running/ named=0/inactive/dead/ agent=0/inactive/ jphase=absent killpid=
23:14:21.409879206 pdns=4125/0/active/running/ named=0/inactive/dead/ agent=0/inactive/ jphase=absent killpid=
23:14:21.743907275 pdns=4125/0/active/running/ named=0/inactive/dead/ agent=0/inactive/ jphase=absent killpid=
23:14:22.038763418 pdns=4125/0/active/running/ named=0/inactive/dead/ agent=0/inactive/ jphase=absent killpid=
23:14:22.332912043 pdns=4125/0/active/running/ named=0/inactive/dead/ agent=0/inactive/ jphase=absent killpid=
23:14:22.644102868 CHANGE pdnsdb 3f2b0c3d51a425ad8c55c7c6d7ce892cac57682de4b4e24a6d46554901f078b1 -> 25c19807cbe1a29770861cef3fb5c3d7359aade788be06a231604c1e887b56d4
23:14:22.648838599 pdns=4125/0/active/running/ named=0/inactive/dead/ agent=0/inactive/ jphase=absent killpid=
23:14:22.954000337 pdns=4125/0/active/running/ named=0/inactive/dead/ agent=0/inactive/ jphase=absent killpid=
23:14:23.255782117 pdns=4125/0/active/running/ named=0/inactive/dead/ agent=0/inactive/ jphase=absent killpid=
23:14:23.565524721 pdns=4125/0/active/running/ named=0/inactive/dead/ agent=0/inactive/ jphase=absent killpid=
23:14:23.867501261 pdns=4125/0/active/running/ named=0/inactive/dead/ agent=0/inactive/ jphase=absent killpid=
23:14:24.162938614 pdns=4125/0/active/running/ named=0/inactive/dead/ agent=0/inactive/ jphase=absent killpid=
23:14:24.468554265 pdns=4125/0/active/running/ named=0/inactive/dead/ agent=0/inactive/ jphase=absent killpid=
23:14:24.757698322 pdns=4125/0/active/running/ named=0/inactive/dead/ agent=0/inactive/ jphase=absent killpid=
23:14:25.048683438 pdns=4125/0/active/running/ named=0/inactive/dead/ agent=0/inactive/ jphase=absent killpid=
23:14:25.344792326 pdns=4125/0/active/running/ named=0/inactive/dead/ agent=0/inactive/ jphase=absent killpid=
23:14:25.669415708 pdns=4125/0/active/running/ named=0/inactive/dead/ agent=0/inactive/ jphase=absent killpid=
23:14:25.957242335 pdns=4125/0/active/running/ named=0/inactive/dead/ agent=0/inactive/ jphase=absent killpid=
23:14:26.248751904 pdns=4125/0/active/running/ named=0/inactive/dead/ agent=0/inactive/ jphase=absent killpid=
23:14:26.534298155 pdns=4125/0/active/running/ named=0/inactive/dead/ agent=0/inactive/ jphase=absent killpid=
23:14:26.821685661 pdns=4125/0/active/running/ named=0/inactive/dead/ agent=0/inactive/ jphase=absent killpid=
23:14:27.106950847 pdns=4125/0/active/running/ named=0/inactive/dead/ agent=0/inactive/ jphase=absent killpid=
23:14:27.397491960 pdns=4125/0/active/running/ named=0/inactive/dead/ agent=0/inactive/ jphase=absent killpid=
23:14:27.724092045 pdns=4125/0/active/running/ named=0/inactive/dead/ agent=0/inactive/ jphase=absent killpid=
23:14:28.013524708 pdns=4125/0/active/running/ named=0/inactive/dead/ agent=0/inactive/ jphase=absent killpid=
23:14:28.305625667 pdns=4125/0/active/running/ named=0/inactive/dead/ agent=0/inactive/ jphase=absent killpid=
23:14:28.613092212 pdns=4125/0/active/running/ named=0/inactive/dead/ agent=0/inactive/ jphase=absent killpid=
23:14:28.898925176 pdns=4125/0/active/running/ named=0/inactive/dead/ agent=0/inactive/ jphase=absent killpid=
23:14:29.184287606 pdns=4125/0/active/running/ named=0/inactive/dead/ agent=0/inactive/ jphase=absent killpid=
23:14:29.480113156 pdns=4125/0/active/running/ named=0/inactive/dead/ agent=0/inactive/ jphase=absent killpid=
23:14:29.780430776 pdns=4125/0/active/running/ named=0/inactive/dead/ agent=0/inactive/ jphase=absent killpid=
23:14:30.067879779 pdns=4125/0/active/running/ named=0/inactive/dead/ agent=0/inactive/ jphase=absent killpid=
23:14:30.354060331 pdns=4125/0/active/running/ named=0/inactive/dead/ agent=0/inactive/ jphase=absent killpid=
23:14:30.658927123 pdns=4125/0/active/running/ named=0/inactive/dead/ agent=0/inactive/ jphase=absent killpid=
23:14:30.956735699 pdns=4125/0/active/running/ named=0/inactive/dead/ agent=0/inactive/ jphase=absent killpid=
23:14:34.022073452 pdns=4125/0/active/running/ named=0/inactive/dead/ agent=0/inactive/ jphase=absent killpid=
23:14:35.569485601 pdns=4125/0/active/running/ named=0/inactive/dead/ agent=0/inactive/ jphase=absent killpid=
23:14:35.873148027 pdns=4125/0/active/running/ named=0/inactive/dead/ agent=0/inactive/ jphase=absent killpid=
23:14:36.177928497 pdns=4125/0/active/running/ named=0/inactive/dead/ agent=0/inactive/ jphase=absent killpid=
23:14:36.477135089 pdns=4125/0/active/running/ named=0/inactive/dead/ agent=0/inactive/ jphase=absent killpid=
23:14:36.795716025 pdns=4125/0/active/running/ named=0/inactive/dead/ agent=0/inactive/ jphase=absent killpid=
23:14:37.084798161 pdns=4125/0/active/running/ named=0/inactive/dead/ agent=0/inactive/ jphase=absent killpid=
23:14:37.371253038 pdns=4125/0/active/running/ named=0/inactive/dead/ agent=0/inactive/ jphase=absent killpid=
