23:41:34.537308981 CHANGE journal none -> absent
23:41:34.548914188 CHANGE ledger none -> 177f61d12ed0bb85e6ea535b807b376e26bbe0871405a13867c0b3cb6ea4b211
23:41:34.552880728 CHANGE state none -> absent
23:41:34.557326073 CHANGE pdnsdb none -> absent
23:41:34.561460822 POINTER 
23:41:34.563136974 pdns=0/0/inactive/dead/ named=0/inactive/dead/ agent=0/inactive/ jphase=absent killpid=
23:41:34.840287661 pdns=0/0/inactive/dead/ named=0/inactive/dead/ agent=0/inactive/ jphase=absent killpid=
23:41:35.118879759 pdns=0/0/inactive/dead/ named=0/inactive/dead/ agent=0/inactive/ jphase=absent killpid=
23:41:35.396134705 pdns=0/0/inactive/dead/ named=0/inactive/dead/ agent=0/inactive/ jphase=absent killpid=
23:41:35.669728238 pdns=0/0/inactive/dead/ named=0/inactive/dead/ agent=0/inactive/ jphase=absent killpid=
23:41:35.966030540 pdns=0/0/inactive/dead/ named=0/inactive/dead/ agent=0/inactive/ jphase=absent killpid=
23:41:36.253864198 pdns=0/0/inactive/dead/ named=0/inactive/dead/ agent=0/inactive/ jphase=absent killpid=1891,
23:41:36.525534382 pdns=0/0/inactive/dead/ named=0/inactive/dead/ agent=0/inactive/ jphase=absent killpid=1891,
23:41:36.799657791 pdns=0/0/inactive/dead/ named=0/inactive/dead/ agent=0/inactive/ jphase=absent killpid=1891,
23:41:37.068979695 pdns=0/0/inactive/dead/ named=0/inactive/dead/ agent=0/inactive/ jphase=absent killpid=1891,
23:41:37.345387090 CHANGE ledger 177f61d12ed0bb85e6ea535b807b376e26bbe0871405a13867c0b3cb6ea4b211 -> 74e0bb51ac47f161782a5ee3803bf758b1cd27eaab2b18514a7c0dc088b5e713
23:41:37.351193477 pdns=0/0/inactive/dead/ named=0/inactive/dead/ agent=0/inactive/ jphase=absent killpid=1891,2097,
23:41:37.676354024 CHANGE ledger 74e0bb51ac47f161782a5ee3803bf758b1cd27eaab2b18514a7c0dc088b5e713 -> 6353076a9dfdb95ff334cbbd14315088bec39a716b07aabd22314a37713edd74
23:41:37.680289769 pdns=0/0/inactive/dead/ named=0/inactive/dead/ agent=0/inactive/ jphase=absent killpid=1891,2104,
23:41:37.959182175 pdns=0/0/inactive/dead/ named=0/inactive/dead/ agent=0/inactive/ jphase=absent killpid=1891,2104,
23:41:38.232585287 pdns=0/0/inactive/dead/ named=0/inactive/dead/ agent=0/inactive/ jphase=absent killpid=1891,2104,
23:41:38.510859595 pdns=0/0/inactive/dead/ named=0/inactive/dead/ agent=0/inactive/ jphase=absent killpid=1891,2104,
23:41:38.794371475 pdns=0/0/inactive/dead/ named=0/inactive/dead/ agent=0/inactive/ jphase=absent killpid=1891,2104,
23:41:39.069664303 pdns=0/0/inactive/dead/ named=0/inactive/dead/ agent=0/inactive/ jphase=absent killpid=1891,2104,
23:41:39.351096807 pdns=0/0/inactive/dead/ named=0/inactive/dead/ agent=0/inactive/ jphase=absent killpid=1891,2104,
23:41:39.631832249 pdns=0/0/inactive/dead/ named=0/inactive/dead/ agent=0/inactive/ jphase=absent killpid=1891,2104,
23:41:39.910505509 pdns=0/0/inactive/dead/ named=0/inactive/dead/ agent=0/inactive/ jphase=absent killpid=1891,2104,
23:41:40.191256492 pdns=0/0/inactive/dead/ named=0/inactive/dead/ agent=0/inactive/ jphase=absent killpid=1891,2104,
23:41:40.471772361 pdns=0/0/inactive/dead/ named=0/inactive/dead/ agent=0/inactive/ jphase=absent killpid=1891,2104,
23:41:40.757564268 pdns=0/0/inactive/dead/ named=0/inactive/dead/ agent=0/inactive/ jphase=absent killpid=1891,2104,
23:41:41.051069859 pdns=0/0/inactive/dead/ named=0/inactive/dead/ agent=0/inactive/ jphase=absent killpid=1891,2104,
23:41:41.331861283 pdns=0/0/inactive/dead/ named=0/inactive/dead/ agent=0/inactive/ jphase=absent killpid=1891,2104,
23:41:41.605822036 pdns=0/0/inactive/dead/ named=0/inactive/dead/ agent=0/inactive/ jphase=absent killpid=1891,2104,
23:41:41.885604822 pdns=0/0/inactive/dead/ named=0/inactive/dead/ agent=0/inactive/ jphase=absent killpid=1891,2104,
23:41:42.170135037 pdns=0/0/inactive/dead/ named=0/inactive/dead/ agent=0/inactive/ jphase=absent killpid=1891,2104,
23:41:42.452878989 CHANGE ledger 6353076a9dfdb95ff334cbbd14315088bec39a716b07aabd22314a37713edd74 -> 1371aca9fa6215359042137b3ba1e3b3a6cfb252e09e3665283c2e092033805f
23:41:42.456515704 pdns=0/0/inactive/dead/ named=0/inactive/dead/ agent=0/inactive/ jphase=absent killpid=1891,2104,
23:41:42.749015645 pdns=0/0/inactive/dead/ named=0/inactive/dead/ agent=0/inactive/ jphase=absent killpid=1891,2104,
23:41:43.051996396 pdns=0/0/inactive/dead/ named=0/inactive/dead/ agent=0/inactive/ jphase=absent killpid=1891,2104,
23:41:43.348774278 pdns=0/0/inactive/dead/ named=0/inactive/dead/ agent=0/inactive/ jphase=absent killpid=1891,2104,
23:41:43.624762375 pdns=0/0/inactive/dead/ named=0/inactive/dead/ agent=0/inactive/ jphase=absent killpid=1891,2104,
23:41:43.909928431 pdns=0/0/inactive/dead/ named=0/inactive/dead/ agent=0/inactive/ jphase=absent killpid=1891,2104,
23:41:44.206039985 pdns=0/0/inactive/dead/ named=0/inactive/dead/ agent=0/inactive/ jphase=absent killpid=1891,2104,
23:41:44.486137279 pdns=0/0/inactive/dead/ named=0/inactive/dead/ agent=0/inactive/ jphase=absent killpid=1891,2104,
23:41:44.765720890 pdns=0/0/inactive/dead/ named=0/inactive/dead/ agent=0/inactive/ jphase=absent killpid=1891,2783,
23:41:45.065929523 CHANGE ledger 1371aca9fa6215359042137b3ba1e3b3a6cfb252e09e3665283c2e092033805f -> b53857eeb5abe12e6e68675256a019c1aac8dfd7701cd339b555d7713d8cef60
23:41:45.069502097 pdns=0/0/inactive/dead/ named=0/inactive/dead/ agent=0/inactive/ jphase=absent killpid=1891,
23:41:45.523825147 CHANGE ledger b53857eeb5abe12e6e68675256a019c1aac8dfd7701cd339b555d7713d8cef60 -> f949c6904d6cbcdec5a5d7c151cf266588c2de5c7eda0e59c35dfcc2da8721d5
23:41:45.527405877 pdns=0/0/inactive/dead/ named=0/inactive/dead/ agent=0/inactive/ jphase=absent killpid=1891,2940,
23:41:45.815776709 pdns=0/0/inactive/dead/ named=0/inactive/dead/ agent=0/inactive/ jphase=absent killpid=1891,2940,
23:41:46.104675349 pdns=0/0/inactive/dead/ named=0/inactive/dead/ agent=0/inactive/ jphase=absent killpid=1891,2940,
23:41:46.386714658 pdns=0/0/inactive/dead/ named=0/inactive/dead/ agent=0/inactive/ jphase=absent killpid=1891,2940,
23:41:46.674424658 pdns=0/0/inactive/dead/ named=0/inactive/dead/ agent=0/inactive/ jphase=absent killpid=1891,2940,
23:41:46.958270948 pdns=0/0/inactive/dead/ named=0/inactive/dead/ agent=0/inactive/ jphase=absent killpid=1891,2940,
23:41:47.237897915 CHANGE ledger f949c6904d6cbcdec5a5d7c151cf266588c2de5c7eda0e59c35dfcc2da8721d5 -> 3791112e7431c4fdbd271581162cd2531427c621224d123fb3f27954329499ce
23:41:47.241898846 pdns=0/0/inactive/dead/ named=0/inactive/dead/ agent=0/inactive/ jphase=absent killpid=1891,2940,
23:41:47.524944748 pdns=0/0/inactive/dead/ named=0/inactive/dead/ agent=0/inactive/ jphase=absent killpid=1891,2940,
23:41:47.805726977 pdns=0/0/inactive/dead/ named=0/inactive/dead/ agent=0/inactive/ jphase=absent killpid=1891,2940,
23:41:48.098376724 pdns=0/0/inactive/dead/ named=0/inactive/dead/ agent=0/inactive/ jphase=absent killpid=1891,2940,
23:41:48.381192556 pdns=0/0/inactive/dead/ named=0/inactive/dead/ agent=0/inactive/ jphase=absent killpid=1891,2940,
23:41:48.661802523 pdns=0/0/inactive/dead/ named=0/inactive/dead/ agent=0/inactive/ jphase=absent killpid=1891,2940,
23:41:48.942497093 pdns=0/0/inactive/dead/ named=0/inactive/dead/ agent=0/inactive/ jphase=absent killpid=1891,2940,
23:41:49.218451794 pdns=0/0/inactive/dead/ named=0/inactive/dead/ agent=0/inactive/ jphase=absent killpid=1891,3422,
23:41:49.505807024 CHANGE ledger 3791112e7431c4fdbd271581162cd2531427c621224d123fb3f27954329499ce -> 3a911b6becaeb333a85527c4c9a12ea897d8d3cc0ef05b63aa469dcf9a8acdc4
23:41:49.511821259 pdns=0/0/inactive/dead/ named=0/inactive/dead/ agent=0/inactive/ jphase=absent killpid=1891,
23:41:50.038785136 CHANGE ledger 3a911b6becaeb333a85527c4c9a12ea897d8d3cc0ef05b63aa469dcf9a8acdc4 -> 86557d23219e0ad21722c92faff98663a4b5d5c86082231dfbe9f80af0023b3c
23:41:50.042717896 pdns=0/0/inactive/dead/ named=0/inactive/dead/ agent=0/inactive/ jphase=absent killpid=1891,
23:41:50.350184183 CHANGE journal absent -> 4c280993fa4db5387fb93aac8bf7c087083751094950429a2eb7757a2dd286ea
23:41:50.359571064 CHANGE ledger 86557d23219e0ad21722c92faff98663a4b5d5c86082231dfbe9f80af0023b3c -> 12e2f9ac63b45d949eda126077ea6f835275bfccd892702caf9b6875ed814006
23:41:50.363807403 pdns=0/0/inactive/dead/ named=0/inactive/dead/ agent=0/inactive/ jphase=intent killpid=1891,
23:41:50.646615478 CHANGE journal 4c280993fa4db5387fb93aac8bf7c087083751094950429a2eb7757a2dd286ea -> bf6d41bf612590c56fe4f13b9ddc57d4405776d30d3ebdf7aabedd146cc282d3
23:41:50.665097163 CHANGE ledger 12e2f9ac63b45d949eda126077ea6f835275bfccd892702caf9b6875ed814006 -> e558ad74084c62670971f5187c07f96a1c2ab5443cb00d30c7711318c2d4e2f3
23:41:50.678505224 CHANGE pdnsdb absent -> b839d8635e5c7e37093fe785884cf681484ebf9e0f19b8cb1a4c9bbfd00374d1
23:41:50.681845157 pdns=0/0/inactive/dead/ named=0/inactive/dead/ agent=0/inactive/ jphase=target-enable-intent killpid=1891,
23:41:50.966070579 CHANGE ledger e558ad74084c62670971f5187c07f96a1c2ab5443cb00d30c7711318c2d4e2f3 -> 80eac055064708f6c058ce65821ea4c5cb1c6c42e176747bdd3a394a3a2bf2e3
23:41:50.977317424 pdns=0/0/inactive/dead/ named=0/inactive/dead/ agent=0/inactive/ jphase=target-enable-intent killpid=1891,3911,
23:41:51.393126648 CHANGE ledger 80eac055064708f6c058ce65821ea4c5cb1c6c42e176747bdd3a394a3a2bf2e3 -> 459bb11b0d906c01fa014097ed636b85379cbb91bab3e6cb6362c36c5b331d20
23:41:51.401347033 pdns=0/0/inactive/dead/ named=0/inactive/dead/ agent=0/inactive/ jphase=target-enable-intent killpid=1891,4053,
23:41:51.894330837 CHANGE ledger 459bb11b0d906c01fa014097ed636b85379cbb91bab3e6cb6362c36c5b331d20 -> 2b2a642b74db743e1aa90b04c953b721dff89b8d6345ea54150d7810afb2cc14
23:41:51.904147116 pdns=0/0/inactive/dead/ named=0/inactive/dead/ agent=0/inactive/ jphase=target-enable-intent killpid=1891,4181,
23:41:52.395981786 CHANGE ledger 2b2a642b74db743e1aa90b04c953b721dff89b8d6345ea54150d7810afb2cc14 -> 5c7e6f81d215713b22899d997d2a064591a3469c198a17e6b42c7450958f36c3
23:41:52.409742665 pdns=0/0/inactive/dead/ named=0/inactive/dead/ agent=0/inactive/ jphase=target-enable-intent killpid=1891,4281,
23:41:52.699599080 CHANGE ledger 5c7e6f81d215713b22899d997d2a064591a3469c198a17e6b42c7450958f36c3 -> 23df9a90d559cba70b0f8a1dec5d188a7d119d7ace93385ee5c1ea43714837b8
23:41:52.715573204 pdns=4334/0/activating/start/ named=0/inactive/dead/ agent=0/inactive/ jphase=target-enable-intent killpid=1891,4328,
23:41:52.999443621 CHANGE journal bf6d41bf612590c56fe4f13b9ddc57d4405776d30d3ebdf7aabedd146cc282d3 -> 290bacb309fc80749a9c96f0c18fe00e9a26b8af667fcfce1f928ea0b93ed1c0
23:41:53.011759723 CHANGE ledger 23df9a90d559cba70b0f8a1dec5d188a7d119d7ace93385ee5c1ea43714837b8 -> 72f03d7de971ac55e60bd4367ec27617545e5b5b8c59f87e899db33ffafdf116
23:41:53.024524060 CHANGE pdnsdb b839d8635e5c7e37093fe785884cf681484ebf9e0f19b8cb1a4c9bbfd00374d1 -> aec5059429e277119dc48de1e5e9ff0f45716a6588cd83318581f1f19d0f13d4
23:41:53.027986987 pdns=4334/0/active/running/ named=0/inactive/dead/ agent=4391/active/ jphase=target-started killpid=
23:41:53.419556428 pdns=4334/0/active/running/ named=0/inactive/dead/ agent=4391/active/ jphase=target-started killpid=
23:41:53.736605466 CHANGE ledger 72f03d7de971ac55e60bd4367ec27617545e5b5b8c59f87e899db33ffafdf116 -> c4e7cae8fb0712e465b76259481d6a9608e99b6a0333339e47899bb25817f2dd
23:41:53.754465288 pdns=4334/0/active/running/ named=0/inactive/dead/ agent=4391/active/ jphase=target-started killpid=
23:41:54.077319616 pdns=4334/0/active/running/ named=0/inactive/dead/ agent=4391/active/ jphase=target-started killpid=
23:41:54.352244283 pdns=4334/0/active/running/ named=0/inactive/dead/ agent=4391/active/ jphase=target-started killpid=
23:41:54.628015605 pdns=4334/0/active/running/ named=0/inactive/dead/ agent=4391/active/ jphase=target-started killpid=
23:41:54.904636373 pdns=4334/0/active/running/ named=0/inactive/dead/ agent=4391/active/ jphase=target-started killpid=
23:41:55.181554735 pdns=4334/0/active/running/ named=0/inactive/dead/ agent=4391/active/ jphase=target-started killpid=
23:41:55.457498622 pdns=4334/0/active/running/ named=0/inactive/dead/ agent=4391/active/ jphase=target-started killpid=
23:41:55.729250291 pdns=4334/0/active/running/ named=0/inactive/dead/ agent=4391/active/ jphase=target-started killpid=
23:41:56.007475020 pdns=4334/0/active/running/ named=0/inactive/dead/ agent=4391/active/ jphase=target-started killpid=
23:41:56.283768091 pdns=4334/0/active/running/ named=0/inactive/dead/ agent=4391/active/ jphase=target-started killpid=
23:41:56.558682399 pdns=4334/0/active/running/ named=0/inactive/dead/ agent=4391/active/ jphase=target-started killpid=
23:41:56.841768205 pdns=4334/0/active/running/ named=0/inactive/dead/ agent=4391/active/ jphase=target-started killpid=
23:41:57.121393428 pdns=4334/0/active/running/ named=0/inactive/dead/ agent=4391/active/ jphase=target-started killpid=
23:41:57.396775264 pdns=4334/0/active/running/ named=0/inactive/dead/ agent=4391/active/ jphase=target-started killpid=
23:41:57.669427972 pdns=4334/0/active/running/ named=0/inactive/dead/ agent=4391/active/ jphase=target-started killpid=
23:41:57.944863769 pdns=4334/0/active/running/ named=0/inactive/dead/ agent=4391/active/ jphase=target-started killpid=
23:41:58.227087847 pdns=4334/0/active/running/ named=0/inactive/dead/ agent=4391/active/ jphase=target-started killpid=
23:41:58.501905555 pdns=4334/0/active/running/ named=0/inactive/dead/ agent=4391/active/ jphase=target-started killpid=
23:41:58.784301300 pdns=4334/0/active/running/ named=0/inactive/dead/ agent=4391/active/ jphase=target-started killpid=
23:41:59.061875203 pdns=4334/0/active/running/ named=0/inactive/dead/ agent=4391/active/ jphase=target-started killpid=
23:41:59.334586519 pdns=4334/0/active/running/ named=0/inactive/dead/ agent=4391/active/ jphase=target-started killpid=
23:41:59.612350289 pdns=4334/0/active/running/ named=0/inactive/dead/ agent=4391/active/ jphase=target-started killpid=
23:41:59.888492550 pdns=4334/0/active/running/ named=0/inactive/dead/ agent=4391/active/ jphase=target-started killpid=
23:42:00.171882089 pdns=4334/0/active/running/ named=0/inactive/dead/ agent=4391/active/ jphase=target-started killpid=
23:42:00.451391792 pdns=4334/0/active/running/ named=0/inactive/dead/ agent=4391/active/ jphase=target-started killpid=
23:42:00.727555930 pdns=4334/0/active/running/ named=0/inactive/dead/ agent=4391/active/ jphase=target-started killpid=
23:42:01.001289105 pdns=4334/0/active/running/ named=0/inactive/dead/ agent=4391/active/ jphase=target-started killpid=
23:42:01.273309672 pdns=4334/0/active/running/ named=0/inactive/dead/ agent=4391/active/ jphase=target-started killpid=
23:42:01.545903284 pdns=4334/0/active/running/ named=0/inactive/dead/ agent=4391/active/ jphase=target-started killpid=
23:42:01.819052257 pdns=4334/0/active/running/ named=0/inactive/dead/ agent=4391/active/ jphase=target-started killpid=
23:42:02.092053491 pdns=4334/0/active/running/ named=0/inactive/dead/ agent=4391/active/ jphase=target-started killpid=
23:42:02.368579470 pdns=4334/0/active/running/ named=0/inactive/dead/ agent=4391/active/ jphase=target-started killpid=
23:42:02.645100256 pdns=4334/0/active/running/ named=0/inactive/dead/ agent=4391/active/ jphase=target-started killpid=
23:42:02.921153618 pdns=4334/0/active/running/ named=0/inactive/dead/ agent=4391/active/ jphase=target-started killpid=
23:42:03.197370017 pdns=4334/0/active/running/ named=0/inactive/dead/ agent=4391/active/ jphase=target-started killpid=
23:42:03.471063570 pdns=4334/0/active/running/ named=0/inactive/dead/ agent=4391/active/ jphase=target-started killpid=
23:42:03.745333962 pdns=4334/0/active/running/ named=0/inactive/dead/ agent=4391/active/ jphase=target-started killpid=
23:42:04.022358671 pdns=4334/0/active/running/ named=0/inactive/dead/ agent=4391/active/ jphase=target-started killpid=
23:42:04.299475393 pdns=4334/0/active/running/ named=0/inactive/dead/ agent=4391/active/ jphase=target-started killpid=
23:42:04.578242422 pdns=4334/0/active/running/ named=0/inactive/dead/ agent=4391/active/ jphase=target-started killpid=
23:42:04.860027639 pdns=4334/0/active/running/ named=0/inactive/dead/ agent=4391/active/ jphase=target-started killpid=
23:42:05.134886861 pdns=4334/0/active/running/ named=0/inactive/dead/ agent=4391/active/ jphase=target-started killpid=
23:42:05.411323052 pdns=4334/0/active/running/ named=0/inactive/dead/ agent=4391/active/ jphase=target-started killpid=
23:42:05.685313936 pdns=4334/0/active/running/ named=0/inactive/dead/ agent=4391/active/ jphase=target-started killpid=
23:42:05.958235431 pdns=4334/0/active/running/ named=0/inactive/dead/ agent=4391/active/ jphase=target-started killpid=
23:42:06.253852580 pdns=4334/0/active/running/ named=0/inactive/dead/ agent=4391/active/ jphase=target-started killpid=
23:42:06.526891986 pdns=4334/0/active/running/ named=0/inactive/dead/ agent=4391/active/ jphase=target-started killpid=
23:42:06.800862599 pdns=4334/0/active/running/ named=0/inactive/dead/ agent=4391/active/ jphase=target-started killpid=
23:42:07.073410356 pdns=4334/0/active/running/ named=0/inactive/dead/ agent=4391/active/ jphase=target-started killpid=
23:42:07.351550169 pdns=4334/0/active/running/ named=0/inactive/dead/ agent=4391/active/ jphase=target-started killpid=
23:42:07.633361288 pdns=4334/0/active/running/ named=0/inactive/dead/ agent=4391/active/ jphase=target-started killpid=
23:42:07.906961865 pdns=4334/0/active/running/ named=0/inactive/dead/ agent=4391/active/ jphase=target-started killpid=
23:42:08.182050862 pdns=4334/0/active/running/ named=0/inactive/dead/ agent=4391/active/ jphase=target-started killpid=
23:42:08.457153869 pdns=4334/0/active/running/ named=0/inactive/dead/ agent=4391/active/ jphase=target-started killpid=
23:42:08.732036027 pdns=4334/0/active/running/ named=0/inactive/dead/ agent=4391/active/ jphase=target-started killpid=
23:42:09.005042502 pdns=4334/0/active/running/ named=0/inactive/dead/ agent=4391/active/ jphase=target-started killpid=
23:42:09.281562042 pdns=4334/0/active/running/ named=0/inactive/dead/ agent=4391/active/ jphase=target-started killpid=
23:42:09.557348259 pdns=4334/0/active/running/ named=0/inactive/dead/ agent=4391/active/ jphase=target-started killpid=
23:42:09.833635101 pdns=4334/0/active/running/ named=0/inactive/dead/ agent=4391/active/ jphase=target-started killpid=
23:42:10.109690014 pdns=4334/0/active/running/ named=0/inactive/dead/ agent=4391/active/ jphase=target-started killpid=
23:42:10.392767706 pdns=4334/0/active/running/ named=0/inactive/dead/ agent=4391/active/ jphase=target-started killpid=
23:42:10.669182986 pdns=4334/0/active/running/ named=0/inactive/dead/ agent=4391/active/ jphase=target-started killpid=
23:42:10.949201727 pdns=4334/0/active/running/ named=0/inactive/dead/ agent=4391/active/ jphase=target-started killpid=
23:42:11.236905595 pdns=4334/0/active/running/ named=0/inactive/dead/ agent=4391/active/ jphase=target-started killpid=
23:42:11.512105494 pdns=4334/0/active/running/ named=0/inactive/dead/ agent=4391/active/ jphase=target-started killpid=
23:42:11.785107326 pdns=4334/0/active/running/ named=0/inactive/dead/ agent=4391/active/ jphase=target-started killpid=
23:42:12.057421671 pdns=4334/0/active/running/ named=0/inactive/dead/ agent=4391/active/ jphase=target-started killpid=
23:42:12.333213748 pdns=4334/0/active/running/ named=0/inactive/dead/ agent=4391/active/ jphase=target-started killpid=
23:42:12.607412801 pdns=4334/0/active/running/ named=0/inactive/dead/ agent=4391/active/ jphase=target-started killpid=
23:42:12.887360483 pdns=4334/0/active/running/ named=0/inactive/dead/ agent=4391/active/ jphase=target-started killpid=
23:42:13.162062455 pdns=4334/0/active/running/ named=0/inactive/dead/ agent=4391/active/ jphase=target-started killpid=
23:42:13.435378098 pdns=4334/0/active/running/ named=0/inactive/dead/ agent=4391/active/ jphase=target-started killpid=
23:42:13.708716653 pdns=4334/0/active/running/ named=0/inactive/dead/ agent=4391/active/ jphase=target-started killpid=
23:42:13.984629903 pdns=4334/0/active/running/ named=0/inactive/dead/ agent=4391/active/ jphase=target-started killpid=
23:42:14.265261706 pdns=4334/0/active/running/ named=0/inactive/dead/ agent=4391/active/ jphase=target-started killpid=
23:42:14.541656260 pdns=4334/0/active/running/ named=0/inactive/dead/ agent=4391/active/ jphase=target-started killpid=
23:42:14.817576814 pdns=4334/0/active/running/ named=0/inactive/dead/ agent=4391/active/ jphase=target-started killpid=
23:42:15.089792879 pdns=4334/0/active/running/ named=0/inactive/dead/ agent=4391/active/ jphase=target-started killpid=
23:42:15.376618174 pdns=4334/0/active/running/ named=0/inactive/dead/ agent=4391/active/ jphase=target-started killpid=
23:42:15.649102278 pdns=4334/0/active/running/ named=0/inactive/dead/ agent=4391/active/ jphase=target-started killpid=
23:42:15.924778025 pdns=4334/0/active/running/ named=0/inactive/dead/ agent=4391/active/ jphase=target-started killpid=
23:42:16.197923345 pdns=4334/0/active/running/ named=0/inactive/dead/ agent=4391/active/ jphase=target-started killpid=
23:42:16.472842458 pdns=4334/0/active/running/ named=0/inactive/dead/ agent=4391/active/ jphase=target-started killpid=
23:42:16.794659549 pdns=4334/0/active/running/ named=0/inactive/dead/ agent=4391/active/ jphase=target-started killpid=
23:42:17.091769467 pdns=4334/0/active/running/ named=0/inactive/dead/ agent=4391/active/ jphase=target-started killpid=
23:42:17.367253685 pdns=4334/0/active/running/ named=0/inactive/dead/ agent=4391/active/ jphase=target-started killpid=
23:42:17.640813331 pdns=4334/0/active/running/ named=0/inactive/dead/ agent=4391/active/ jphase=target-started killpid=
23:42:17.920997705 pdns=4334/0/active/running/ named=0/inactive/dead/ agent=4391/active/ jphase=target-started killpid=
23:42:18.225071667 pdns=4334/0/active/running/ named=0/inactive/dead/ agent=4391/active/ jphase=target-started killpid=
23:42:18.499423565 pdns=4334/0/active/running/ named=0/inactive/dead/ agent=4391/active/ jphase=target-started killpid=
23:42:18.775499774 pdns=4334/0/active/running/ named=0/inactive/dead/ agent=4391/active/ jphase=target-started killpid=
23:42:19.050695278 pdns=4334/0/active/running/ named=0/inactive/dead/ agent=4391/active/ jphase=target-started killpid=
23:42:19.325709604 pdns=4334/0/active/running/ named=0/inactive/dead/ agent=4391/active/ jphase=target-started killpid=
23:42:19.601505480 pdns=4334/0/active/running/ named=0/inactive/dead/ agent=4391/active/ jphase=target-started killpid=
23:42:19.888271619 pdns=4334/0/active/running/ named=0/inactive/dead/ agent=4391/active/ jphase=target-started killpid=
23:42:20.194268458 pdns=4334/0/active/running/ named=0/inactive/dead/ agent=4391/active/ jphase=target-started killpid=
23:42:20.480608032 pdns=4334/0/active/running/ named=0/inactive/dead/ agent=4391/active/ jphase=target-started killpid=
23:42:20.753702535 pdns=4334/0/active/running/ named=0/inactive/dead/ agent=4391/active/ jphase=target-started killpid=
23:42:21.027235026 pdns=4334/0/active/running/ named=0/inactive/dead/ agent=4391/active/ jphase=target-started killpid=
23:42:21.302101166 pdns=4334/0/active/running/ named=0/inactive/dead/ agent=4391/active/ jphase=target-started killpid=
23:42:21.579255406 pdns=4334/0/active/running/ named=0/inactive/dead/ agent=4391/active/ jphase=target-started killpid=
23:42:21.869948127 pdns=4334/0/active/running/ named=0/inactive/dead/ agent=4391/active/ jphase=target-started killpid=
23:42:22.145902176 pdns=4334/0/active/running/ named=0/inactive/dead/ agent=4391/active/ jphase=target-started killpid=
23:42:22.419285455 pdns=4334/0/active/running/ named=0/inactive/dead/ agent=4391/active/ jphase=target-started killpid=
23:42:22.693917062 pdns=4334/0/active/running/ named=0/inactive/dead/ agent=4391/active/ jphase=target-started killpid=
23:42:22.969022861 pdns=4334/0/active/running/ named=0/inactive/dead/ agent=4391/active/ jphase=target-started killpid=
23:42:23.244028646 pdns=4334/0/active/running/ named=0/inactive/dead/ agent=4391/active/ jphase=target-started killpid=
23:42:23.519121404 pdns=4334/0/active/running/ named=0/inactive/dead/ agent=4391/active/ jphase=target-started killpid=
23:42:23.794291893 pdns=4334/0/active/running/ named=0/inactive/dead/ agent=4391/active/ jphase=target-started killpid=
23:42:24.065603264 pdns=4334/0/active/running/ named=0/inactive/dead/ agent=4391/active/ jphase=target-started killpid=
done
