13:16:20.477539801 CHANGE journal none -> cb6aaa637af1cb0e8cd55968f262d72067318b4b45018226ff93eeb6ad8872c0
13:16:20.487412443 CHANGE ledger none -> e4baedb32deaf0b89247d4eef483c635fbdbd26a7919c4b446343e7909f66d00
13:16:20.498734383 CHANGE state none -> 7e16cc4b9491dff57731e8b70cd5da25e4eb8c819053158a43af7bcbccbd2655
13:16:20.500601864 pdns=0/0/inactive/dead/ named=654/active/running/ agent=642/active/ jphase=rolling-back killpid=
13:16:20.882514075 pdns=0/0/inactive/dead/ named=654/active/running/ agent=642/active/ jphase=rolling-back killpid=
13:16:21.190486974 pdns=0/0/inactive/dead/ named=654/active/running/ agent=642/active/ jphase=rolling-back killpid=
13:16:21.476013954 pdns=0/0/inactive/dead/ named=654/active/running/ agent=642/active/ jphase=rolling-back killpid=
13:16:21.757211830 pdns=0/0/inactive/dead/ named=654/active/running/ agent=642/active/ jphase=rolling-back killpid=
13:16:22.036953832 pdns=0/0/inactive/dead/ named=654/active/running/ agent=642/active/ jphase=rolling-back killpid=
13:16:22.308480366 pdns=0/0/inactive/dead/ named=654/active/running/ agent=642/active/ jphase=rolling-back killpid=
13:16:22.583224053 pdns=0/0/inactive/dead/ named=654/active/running/ agent=642/active/ jphase=rolling-back killpid=
13:16:22.859603759 pdns=0/0/inactive/dead/ named=654/active/running/ agent=642/active/ jphase=rolling-back killpid=
13:16:23.135125374 pdns=0/0/inactive/dead/ named=654/active/running/ agent=642/active/ jphase=rolling-back killpid=
13:16:23.415098851 pdns=0/0/inactive/dead/ named=654/active/running/ agent=642/active/ jphase=rolling-back killpid=
13:16:23.690467840 pdns=0/0/inactive/dead/ named=654/active/running/ agent=642/active/ jphase=rolling-back killpid=
13:16:23.964485131 pdns=0/0/inactive/dead/ named=654/active/running/ agent=642/active/ jphase=rolling-back killpid=
13:16:24.237184168 pdns=0/0/inactive/dead/ named=654/active/running/ agent=642/active/ jphase=rolling-back killpid=
13:16:24.510428408 pdns=0/0/inactive/dead/ named=654/active/running/ agent=642/active/ jphase=rolling-back killpid=
13:16:24.785296005 pdns=0/0/inactive/dead/ named=654/active/running/ agent=642/active/ jphase=rolling-back killpid=
13:16:25.060642344 pdns=0/0/inactive/dead/ named=654/active/running/ agent=642/active/ jphase=rolling-back killpid=
13:16:25.334406642 pdns=0/0/inactive/dead/ named=654/active/running/ agent=642/active/ jphase=rolling-back killpid=
13:16:25.609542317 pdns=0/0/inactive/dead/ named=654/active/running/ agent=642/active/ jphase=rolling-back killpid=
13:16:25.883342776 pdns=0/0/inactive/dead/ named=654/active/running/ agent=642/active/ jphase=rolling-back killpid=
13:16:26.157229807 pdns=0/0/inactive/dead/ named=654/active/running/ agent=642/active/ jphase=rolling-back killpid=
13:16:26.433260530 pdns=0/0/inactive/dead/ named=654/active/running/ agent=642/active/ jphase=rolling-back killpid=
13:16:26.723968253 pdns=0/0/inactive/dead/ named=654/active/running/ agent=642/active/ jphase=rolling-back killpid=
13:16:27.014055668 pdns=0/0/inactive/dead/ named=654/active/running/ agent=642/active/ jphase=rolling-back killpid=
13:16:27.288467133 pdns=0/0/inactive/dead/ named=654/active/running/ agent=642/active/ jphase=rolling-back killpid=
13:16:27.603637622 pdns=0/0/inactive/dead/ named=654/active/running/ agent=642/active/ jphase=rolling-back killpid=
13:16:27.879156553 pdns=0/0/inactive/dead/ named=654/active/running/ agent=642/active/ jphase=rolling-back killpid=
13:16:28.158297835 pdns=0/0/inactive/dead/ named=654/active/running/ agent=642/active/ jphase=rolling-back killpid=
13:16:28.440636088 pdns=0/0/inactive/dead/ named=654/active/running/ agent=642/active/ jphase=rolling-back killpid=
13:16:28.716462151 pdns=0/0/inactive/dead/ named=654/active/running/ agent=642/active/ jphase=rolling-back killpid=
13:16:28.990087004 pdns=0/0/inactive/dead/ named=654/active/running/ agent=642/active/ jphase=rolling-back killpid=
13:16:29.261922192 pdns=0/0/inactive/dead/ named=654/active/running/ agent=642/active/ jphase=rolling-back killpid=
13:16:29.534880930 pdns=0/0/inactive/dead/ named=654/active/running/ agent=642/active/ jphase=rolling-back killpid=
13:16:29.810037848 pdns=0/0/inactive/dead/ named=654/active/running/ agent=642/active/ jphase=rolling-back killpid=
13:16:30.098204444 pdns=0/0/inactive/dead/ named=654/active/running/ agent=642/active/ jphase=rolling-back killpid=
13:16:30.381395011 pdns=0/0/inactive/dead/ named=654/active/running/ agent=642/active/ jphase=rolling-back killpid=
13:16:30.740973624 pdns=0/0/inactive/dead/ named=654/active/running/ agent=642/active/ jphase=rolling-back killpid=
13:16:31.136727075 pdns=0/0/inactive/dead/ named=654/active/running/ agent=642/active/ jphase=rolling-back killpid=
13:16:31.469962615 pdns=0/0/inactive/dead/ named=654/active/running/ agent=642/active/ jphase=rolling-back killpid=
13:16:31.888658539 pdns=0/0/inactive/dead/ named=654/active/running/ agent=642/active/ jphase=rolling-back killpid=
13:16:32.279036827 pdns=0/0/inactive/dead/ named=654/active/running/ agent=642/active/ jphase=rolling-back killpid=
13:16:32.673614861 pdns=0/0/inactive/dead/ named=654/active/running/ agent=642/active/ jphase=rolling-back killpid=
13:16:33.055600158 pdns=0/0/inactive/dead/ named=654/active/running/ agent=642/active/ jphase=rolling-back killpid=
13:16:33.480960312 pdns=0/0/inactive/dead/ named=654/active/running/ agent=642/active/ jphase=rolling-back killpid=
13:16:33.964062686 pdns=0/0/inactive/dead/ named=654/active/running/ agent=642/active/ jphase=rolling-back killpid=
13:16:34.659394263 pdns=0/0/inactive/dead/ named=654/active/running/ agent=642/active/ jphase=rolling-back killpid=
13:16:35.428145028 pdns=0/0/inactive/dead/ named=654/active/running/ agent=642/active/ jphase=rolling-back killpid=
13:16:36.276527020 pdns=0/0/inactive/dead/ named=654/active/running/ agent=642/active/ jphase=rolling-back killpid=
13:16:36.562995648 pdns=0/0/inactive/dead/ named=654/active/running/ agent=642/active/ jphase=rolling-back killpid=
13:16:36.854070497 pdns=0/0/inactive/dead/ named=654/active/running/ agent=642/active/ jphase=rolling-back killpid=
13:16:37.155299328 pdns=0/0/inactive/dead/ named=654/active/running/ agent=642/active/ jphase=rolling-back killpid=
13:16:37.481224343 pdns=0/0/inactive/dead/ named=654/active/running/ agent=642/active/ jphase=rolling-back killpid=
13:16:37.758125028 pdns=0/0/inactive/dead/ named=654/active/running/ agent=642/active/ jphase=rolling-back killpid=
13:16:38.028466944 pdns=0/0/inactive/dead/ named=654/active/running/ agent=642/active/ jphase=rolling-back killpid=
13:16:38.301068192 pdns=0/0/inactive/dead/ named=654/active/running/ agent=642/active/ jphase=rolling-back killpid=
13:16:38.570250691 pdns=0/0/inactive/dead/ named=654/active/running/ agent=642/active/ jphase=rolling-back killpid=
13:16:38.840843750 pdns=0/0/inactive/dead/ named=654/active/running/ agent=642/active/ jphase=rolling-back killpid=
13:16:39.112129249 pdns=0/0/inactive/dead/ named=654/active/running/ agent=642/active/ jphase=rolling-back killpid=
13:16:39.382879291 pdns=0/0/inactive/dead/ named=654/active/running/ agent=642/active/ jphase=rolling-back killpid=
13:16:39.653327180 pdns=0/0/inactive/dead/ named=654/active/running/ agent=642/active/ jphase=rolling-back killpid=
13:16:39.927607532 pdns=0/0/inactive/dead/ named=654/active/running/ agent=642/active/ jphase=rolling-back killpid=
13:16:40.236513793 pdns=0/0/inactive/dead/ named=654/active/running/ agent=642/active/ jphase=rolling-back killpid=
13:16:40.524913834 pdns=0/0/inactive/dead/ named=654/active/running/ agent=642/active/ jphase=rolling-back killpid=
13:16:40.795784090 pdns=0/0/inactive/dead/ named=654/active/running/ agent=642/active/ jphase=rolling-back killpid=
13:16:41.064782767 pdns=0/0/inactive/dead/ named=654/active/running/ agent=642/active/ jphase=rolling-back killpid=
13:16:41.332346790 pdns=0/0/inactive/dead/ named=654/active/running/ agent=642/active/ jphase=rolling-back killpid=
13:16:41.597750923 pdns=0/0/inactive/dead/ named=654/active/running/ agent=642/active/ jphase=rolling-back killpid=
13:16:41.864599567 pdns=0/0/inactive/dead/ named=654/active/running/ agent=642/active/ jphase=rolling-back killpid=
13:16:42.129196394 pdns=0/0/inactive/dead/ named=654/active/running/ agent=642/active/ jphase=rolling-back killpid=
13:16:42.398994232 pdns=0/0/inactive/dead/ named=654/active/running/ agent=642/active/ jphase=rolling-back killpid=
13:16:42.671486395 pdns=0/0/inactive/dead/ named=654/active/running/ agent=642/active/ jphase=rolling-back killpid=
13:16:42.940055722 pdns=0/0/inactive/dead/ named=654/active/running/ agent=642/active/ jphase=rolling-back killpid=
13:16:43.206280859 pdns=0/0/inactive/dead/ named=654/active/running/ agent=642/active/ jphase=rolling-back killpid=
13:16:43.472930970 pdns=0/0/inactive/dead/ named=654/active/running/ agent=642/active/ jphase=rolling-back killpid=
13:16:43.742513915 pdns=0/0/inactive/dead/ named=654/active/running/ agent=642/active/ jphase=rolling-back killpid=
13:16:44.008699168 pdns=0/0/inactive/dead/ named=654/active/running/ agent=642/active/ jphase=rolling-back killpid=
13:16:44.280844506 pdns=0/0/inactive/dead/ named=654/active/running/ agent=642/active/ jphase=rolling-back killpid=
13:16:44.552890657 pdns=0/0/inactive/dead/ named=654/active/running/ agent=642/active/ jphase=rolling-back killpid=
13:16:44.847705365 pdns=0/0/inactive/dead/ named=654/active/running/ agent=642/active/ jphase=rolling-back killpid=
13:16:45.119196871 pdns=0/0/inactive/dead/ named=654/active/running/ agent=642/active/ jphase=rolling-back killpid=
13:16:45.390682607 pdns=0/0/inactive/dead/ named=654/active/running/ agent=642/active/ jphase=rolling-back killpid=
13:16:45.665787897 pdns=0/0/inactive/dead/ named=654/active/running/ agent=642/active/ jphase=rolling-back killpid=
13:16:45.949114342 pdns=0/0/inactive/dead/ named=654/active/running/ agent=642/active/ jphase=rolling-back killpid=
13:16:46.222599669 pdns=0/0/inactive/dead/ named=654/active/running/ agent=642/active/ jphase=rolling-back killpid=
13:16:46.493327929 pdns=0/0/inactive/dead/ named=654/active/running/ agent=642/active/ jphase=rolling-back killpid=
13:16:46.764255385 pdns=0/0/inactive/dead/ named=654/active/running/ agent=642/active/ jphase=rolling-back killpid=
13:16:47.036869819 pdns=0/0/inactive/dead/ named=654/active/running/ agent=642/active/ jphase=rolling-back killpid=
13:16:47.306743092 pdns=0/0/inactive/dead/ named=654/active/running/ agent=642/active/ jphase=rolling-back killpid=
13:16:47.575739900 pdns=0/0/inactive/dead/ named=654/active/running/ agent=642/active/ jphase=rolling-back killpid=
13:16:47.844369826 pdns=0/0/inactive/dead/ named=654/active/running/ agent=642/active/ jphase=rolling-back killpid=
13:16:48.114155422 pdns=0/0/inactive/dead/ named=654/active/running/ agent=642/active/ jphase=rolling-back killpid=
13:16:48.383883940 pdns=0/0/inactive/dead/ named=654/active/running/ agent=642/active/ jphase=rolling-back killpid=
13:16:48.653745673 pdns=0/0/inactive/dead/ named=654/active/running/ agent=642/active/ jphase=rolling-back killpid=
13:16:48.921786948 pdns=0/0/inactive/dead/ named=654/active/running/ agent=642/active/ jphase=rolling-back killpid=
13:16:49.193070800 pdns=0/0/inactive/dead/ named=654/active/running/ agent=642/active/ jphase=rolling-back killpid=
13:16:49.461843539 pdns=0/0/inactive/dead/ named=654/active/running/ agent=642/active/ jphase=rolling-back killpid=
13:16:49.730304460 pdns=0/0/inactive/dead/ named=654/active/running/ agent=642/active/ jphase=rolling-back killpid=
13:16:50.004775024 pdns=0/0/inactive/dead/ named=654/active/running/ agent=642/active/ jphase=rolling-back killpid=
13:16:50.274268079 pdns=0/0/inactive/dead/ named=654/active/running/ agent=642/active/ jphase=rolling-back killpid=
13:16:50.545290256 pdns=0/0/inactive/dead/ named=654/active/running/ agent=642/active/ jphase=rolling-back killpid=
13:16:50.814652779 pdns=0/0/inactive/dead/ named=654/active/running/ agent=642/active/ jphase=rolling-back killpid=
13:16:51.087700540 pdns=0/0/inactive/dead/ named=654/active/running/ agent=642/active/ jphase=rolling-back killpid=
13:16:51.359562387 pdns=0/0/inactive/dead/ named=654/active/running/ agent=642/active/ jphase=rolling-back killpid=
13:16:51.629726210 pdns=0/0/inactive/dead/ named=654/active/running/ agent=642/active/ jphase=rolling-back killpid=
13:16:51.900392676 pdns=0/0/inactive/dead/ named=654/active/running/ agent=642/active/ jphase=rolling-back killpid=
13:16:52.171156028 pdns=0/0/inactive/dead/ named=654/active/running/ agent=642/active/ jphase=rolling-back killpid=
13:16:52.444292929 pdns=0/0/inactive/dead/ named=654/active/running/ agent=642/active/ jphase=rolling-back killpid=
13:16:52.712102661 pdns=0/0/inactive/dead/ named=654/active/running/ agent=642/active/ jphase=rolling-back killpid=
13:16:52.980109445 pdns=0/0/inactive/dead/ named=654/active/running/ agent=642/active/ jphase=rolling-back killpid=
13:16:53.249180173 pdns=0/0/inactive/dead/ named=654/active/running/ agent=642/active/ jphase=rolling-back killpid=
13:16:53.516915036 pdns=0/0/inactive/dead/ named=654/active/running/ agent=642/active/ jphase=rolling-back killpid=
13:16:53.785610736 pdns=0/0/inactive/dead/ named=654/active/running/ agent=642/active/ jphase=rolling-back killpid=
13:16:54.053942650 pdns=0/0/inactive/dead/ named=654/active/running/ agent=642/active/ jphase=rolling-back killpid=
13:16:54.327527970 pdns=0/0/inactive/dead/ named=654/active/running/ agent=642/active/ jphase=rolling-back killpid=
13:16:54.601360272 pdns=0/0/inactive/dead/ named=654/active/running/ agent=642/active/ jphase=rolling-back killpid=
13:16:54.889453428 pdns=0/0/inactive/dead/ named=654/active/running/ agent=642/active/ jphase=rolling-back killpid=
13:16:55.163278267 pdns=0/0/inactive/dead/ named=654/active/running/ agent=642/active/ jphase=rolling-back killpid=
13:16:55.445043516 pdns=0/0/inactive/dead/ named=654/active/running/ agent=642/active/ jphase=rolling-back killpid=
13:16:55.714576270 pdns=0/0/inactive/dead/ named=654/active/running/ agent=642/active/ jphase=rolling-back killpid=
13:16:55.982567695 pdns=0/0/inactive/dead/ named=654/active/running/ agent=642/active/ jphase=rolling-back killpid=
13:16:56.251801148 pdns=0/0/inactive/dead/ named=654/active/running/ agent=642/active/ jphase=rolling-back killpid=
13:16:56.521152831 pdns=0/0/inactive/dead/ named=654/active/running/ agent=642/active/ jphase=rolling-back killpid=
13:16:56.790002167 pdns=0/0/inactive/dead/ named=654/active/running/ agent=642/active/ jphase=rolling-back killpid=
13:16:57.056502656 pdns=0/0/inactive/dead/ named=654/active/running/ agent=642/active/ jphase=rolling-back killpid=
13:16:57.326673747 pdns=0/0/inactive/dead/ named=654/active/running/ agent=642/active/ jphase=rolling-back killpid=
13:16:57.594368514 pdns=0/0/inactive/dead/ named=654/active/running/ agent=642/active/ jphase=rolling-back killpid=
13:16:57.861971206 pdns=0/0/inactive/dead/ named=654/active/running/ agent=642/active/ jphase=rolling-back killpid=
13:16:58.131102321 pdns=0/0/inactive/dead/ named=654/active/running/ agent=642/active/ jphase=rolling-back killpid=
13:16:58.400936803 pdns=0/0/inactive/dead/ named=654/active/running/ agent=642/active/ jphase=rolling-back killpid=
13:16:58.669005968 pdns=0/0/inactive/dead/ named=654/active/running/ agent=642/active/ jphase=rolling-back killpid=
13:16:58.938461267 pdns=0/0/inactive/dead/ named=654/active/running/ agent=642/active/ jphase=rolling-back killpid=
13:16:59.206292859 pdns=0/0/inactive/dead/ named=654/active/running/ agent=642/active/ jphase=rolling-back killpid=
13:16:59.475118032 pdns=0/0/inactive/dead/ named=654/active/running/ agent=642/active/ jphase=rolling-back killpid=
13:16:59.747198108 pdns=0/0/inactive/dead/ named=654/active/running/ agent=642/active/ jphase=rolling-back killpid=
13:17:00.018042280 pdns=0/0/inactive/dead/ named=654/active/running/ agent=642/active/ jphase=rolling-back killpid=
13:17:00.294631780 pdns=0/0/inactive/dead/ named=654/active/running/ agent=642/active/ jphase=rolling-back killpid=
13:17:00.567252973 pdns=0/0/inactive/dead/ named=654/active/running/ agent=642/active/ jphase=rolling-back killpid=
13:17:00.853935824 pdns=0/0/inactive/dead/ named=654/active/running/ agent=642/active/ jphase=rolling-back killpid=
13:17:01.132681985 pdns=0/0/inactive/dead/ named=654/active/running/ agent=642/active/ jphase=rolling-back killpid=
13:17:01.400111031 pdns=0/0/inactive/dead/ named=654/active/running/ agent=642/active/ jphase=rolling-back killpid=
13:17:01.670876889 pdns=0/0/inactive/dead/ named=654/active/running/ agent=642/active/ jphase=rolling-back killpid=
13:17:01.938847784 pdns=0/0/inactive/dead/ named=654/active/running/ agent=642/active/ jphase=rolling-back killpid=
13:17:02.214265157 pdns=0/0/inactive/dead/ named=654/active/running/ agent=642/active/ jphase=rolling-back killpid=
13:17:02.485485528 pdns=0/0/inactive/dead/ named=654/active/running/ agent=642/active/ jphase=rolling-back killpid=
13:17:02.753618275 pdns=0/0/inactive/dead/ named=654/active/running/ agent=642/active/ jphase=rolling-back killpid=
13:17:03.022874421 pdns=0/0/inactive/dead/ named=654/active/running/ agent=642/active/ jphase=rolling-back killpid=
13:17:03.290367418 pdns=0/0/inactive/dead/ named=654/active/running/ agent=642/active/ jphase=rolling-back killpid=
13:17:03.557920112 pdns=0/0/inactive/dead/ named=654/active/running/ agent=642/active/ jphase=rolling-back killpid=
13:17:03.826378702 pdns=0/0/inactive/dead/ named=654/active/running/ agent=642/active/ jphase=rolling-back killpid=
13:17:04.092852570 pdns=0/0/inactive/dead/ named=654/active/running/ agent=642/active/ jphase=rolling-back killpid=
13:17:04.387059369 pdns=0/0/inactive/dead/ named=654/active/running/ agent=642/active/ jphase=rolling-back killpid=
13:17:04.659782210 pdns=0/0/inactive/dead/ named=654/active/running/ agent=642/active/ jphase=rolling-back killpid=
13:17:04.927989309 pdns=0/0/inactive/dead/ named=654/active/running/ agent=642/active/ jphase=rolling-back killpid=
13:17:05.196028494 pdns=0/0/inactive/dead/ named=654/active/running/ agent=642/active/ jphase=rolling-back killpid=
13:17:05.467307541 pdns=0/0/inactive/dead/ named=654/active/running/ agent=642/active/ jphase=rolling-back killpid=
13:17:05.738830814 pdns=0/0/inactive/dead/ named=654/active/running/ agent=642/active/ jphase=rolling-back killpid=
13:17:06.011377418 pdns=0/0/inactive/dead/ named=654/active/running/ agent=642/active/ jphase=rolling-back killpid=
13:17:06.284882903 pdns=0/0/inactive/dead/ named=654/active/running/ agent=642/active/ jphase=rolling-back killpid=
13:17:06.560956030 pdns=0/0/inactive/dead/ named=654/active/running/ agent=642/active/ jphase=rolling-back killpid=
13:17:06.828211638 pdns=0/0/inactive/dead/ named=654/active/running/ agent=642/active/ jphase=rolling-back killpid=
13:17:07.096352900 pdns=0/0/inactive/dead/ named=654/active/running/ agent=642/active/ jphase=rolling-back killpid=
13:17:07.366141995 pdns=0/0/inactive/dead/ named=654/active/running/ agent=642/active/ jphase=rolling-back killpid=
13:17:07.635181962 pdns=0/0/inactive/dead/ named=654/active/running/ agent=642/active/ jphase=rolling-back killpid=
13:17:07.902407494 pdns=0/0/inactive/dead/ named=654/active/running/ agent=642/active/ jphase=rolling-back killpid=
13:17:08.171504074 pdns=0/0/inactive/dead/ named=654/active/running/ agent=642/active/ jphase=rolling-back killpid=
13:17:08.460267761 pdns=0/0/inactive/dead/ named=654/active/running/ agent=642/active/ jphase=rolling-back killpid=
13:17:08.734467660 pdns=0/0/inactive/dead/ named=654/active/running/ agent=642/active/ jphase=rolling-back killpid=
13:17:09.005871578 pdns=0/0/inactive/dead/ named=654/active/running/ agent=642/active/ jphase=rolling-back killpid=
13:17:09.275407462 pdns=0/0/inactive/dead/ named=654/active/running/ agent=642/active/ jphase=rolling-back killpid=
13:17:09.545991012 pdns=0/0/inactive/dead/ named=654/active/running/ agent=642/active/ jphase=rolling-back killpid=
13:17:09.817232773 pdns=0/0/inactive/dead/ named=654/active/running/ agent=642/active/ jphase=rolling-back killpid=
13:17:10.096982390 pdns=0/0/inactive/dead/ named=654/active/running/ agent=642/active/ jphase=rolling-back killpid=
13:17:10.368142760 pdns=0/0/inactive/dead/ named=654/active/running/ agent=642/active/ jphase=rolling-back killpid=
13:17:10.635834101 pdns=0/0/inactive/dead/ named=654/active/running/ agent=642/active/ jphase=rolling-back killpid=
13:17:10.902909698 pdns=0/0/inactive/dead/ named=654/active/running/ agent=642/active/ jphase=rolling-back killpid=
13:17:11.171140671 pdns=0/0/inactive/dead/ named=654/active/running/ agent=642/active/ jphase=rolling-back killpid=
13:17:11.441090809 pdns=0/0/inactive/dead/ named=654/active/running/ agent=642/active/ jphase=rolling-back killpid=
13:17:11.710659218 pdns=0/0/inactive/dead/ named=654/active/running/ agent=642/active/ jphase=rolling-back killpid=
13:17:11.982853885 pdns=0/0/inactive/dead/ named=654/active/running/ agent=642/active/ jphase=rolling-back killpid=
13:17:12.259524099 pdns=0/0/inactive/dead/ named=654/active/running/ agent=642/active/ jphase=rolling-back killpid=
13:17:12.529406178 pdns=0/0/inactive/dead/ named=654/active/running/ agent=642/active/ jphase=rolling-back killpid=
13:17:12.798292034 pdns=0/0/inactive/dead/ named=654/active/running/ agent=642/active/ jphase=rolling-back killpid=
13:17:13.064094359 pdns=0/0/inactive/dead/ named=654/active/running/ agent=642/active/ jphase=rolling-back killpid=
13:17:13.331606888 pdns=0/0/inactive/dead/ named=654/active/running/ agent=642/active/ jphase=rolling-back killpid=
13:17:13.597621120 pdns=0/0/inactive/dead/ named=654/active/running/ agent=642/active/ jphase=rolling-back killpid=
13:17:13.863264288 pdns=0/0/inactive/dead/ named=654/active/running/ agent=642/active/ jphase=rolling-back killpid=
13:17:14.128673711 pdns=0/0/inactive/dead/ named=654/active/running/ agent=642/active/ jphase=rolling-back killpid=
13:17:14.397209399 pdns=0/0/inactive/dead/ named=654/active/running/ agent=642/active/ jphase=rolling-back killpid=
13:17:14.663859939 pdns=0/0/inactive/dead/ named=654/active/running/ agent=642/active/ jphase=rolling-back killpid=
13:17:14.930080777 pdns=0/0/inactive/dead/ named=654/active/running/ agent=642/active/ jphase=rolling-back killpid=
13:17:15.195565666 pdns=0/0/inactive/dead/ named=654/active/running/ agent=642/active/ jphase=rolling-back killpid=
13:17:15.463526781 pdns=0/0/inactive/dead/ named=654/active/running/ agent=642/active/ jphase=rolling-back killpid=
13:17:15.732261083 pdns=0/0/inactive/dead/ named=654/active/running/ agent=642/active/ jphase=rolling-back killpid=
13:17:16.001368965 pdns=0/0/inactive/dead/ named=654/active/running/ agent=642/active/ jphase=rolling-back killpid=
13:17:16.286623853 pdns=0/0/inactive/dead/ named=654/active/running/ agent=642/active/ jphase=rolling-back killpid=
13:17:16.563914094 pdns=0/0/inactive/dead/ named=654/active/running/ agent=642/active/ jphase=rolling-back killpid=
13:17:16.834574211 pdns=0/0/inactive/dead/ named=654/active/running/ agent=642/active/ jphase=rolling-back killpid=
13:17:17.102035197 pdns=0/0/inactive/dead/ named=654/active/running/ agent=642/active/ jphase=rolling-back killpid=
13:17:17.368509564 pdns=0/0/inactive/dead/ named=654/active/running/ agent=642/active/ jphase=rolling-back killpid=
13:17:17.635335205 pdns=0/0/inactive/dead/ named=654/active/running/ agent=642/active/ jphase=rolling-back killpid=
13:17:17.908977669 pdns=0/0/inactive/dead/ named=654/active/running/ agent=642/active/ jphase=rolling-back killpid=
13:17:18.190085990 pdns=0/0/inactive/dead/ named=654/active/running/ agent=642/active/ jphase=rolling-back killpid=
13:17:18.457343346 pdns=0/0/inactive/dead/ named=654/active/running/ agent=642/active/ jphase=rolling-back killpid=
13:17:18.724577464 pdns=0/0/inactive/dead/ named=654/active/running/ agent=642/active/ jphase=rolling-back killpid=
13:17:18.999246080 pdns=0/0/inactive/dead/ named=654/active/running/ agent=642/active/ jphase=rolling-back killpid=
13:17:19.273159962 pdns=0/0/inactive/dead/ named=654/active/running/ agent=642/active/ jphase=rolling-back killpid=
13:17:19.540439365 pdns=0/0/inactive/dead/ named=654/active/running/ agent=642/active/ jphase=rolling-back killpid=
13:17:19.808289143 pdns=0/0/inactive/dead/ named=654/active/running/ agent=642/active/ jphase=rolling-back killpid=
13:17:20.076048919 pdns=0/0/inactive/dead/ named=654/active/running/ agent=642/active/ jphase=rolling-back killpid=
13:17:20.343266574 pdns=0/0/inactive/dead/ named=654/active/running/ agent=642/active/ jphase=rolling-back killpid=
13:17:20.611815317 pdns=0/0/inactive/dead/ named=654/active/running/ agent=642/active/ jphase=rolling-back killpid=
13:17:20.879017797 pdns=0/0/inactive/dead/ named=654/active/running/ agent=642/active/ jphase=rolling-back killpid=
13:17:21.151131466 pdns=0/0/inactive/dead/ named=654/active/running/ agent=642/active/ jphase=rolling-back killpid=
13:17:21.438556609 pdns=0/0/inactive/dead/ named=654/active/running/ agent=642/active/ jphase=rolling-back killpid=
13:17:21.724122647 pdns=0/0/inactive/dead/ named=654/active/running/ agent=642/active/ jphase=rolling-back killpid=
13:17:21.999634993 pdns=0/0/inactive/dead/ named=654/active/running/ agent=642/active/ jphase=rolling-back killpid=
13:17:22.280053403 pdns=0/0/inactive/dead/ named=654/active/running/ agent=642/active/ jphase=rolling-back killpid=
13:17:22.575565327 pdns=0/0/inactive/dead/ named=654/active/running/ agent=642/active/ jphase=rolling-back killpid=
13:17:22.878130032 pdns=0/0/inactive/dead/ named=654/active/running/ agent=642/active/ jphase=rolling-back killpid=
13:17:23.166260413 pdns=0/0/inactive/dead/ named=654/active/running/ agent=642/active/ jphase=rolling-back killpid=
13:17:23.451602053 pdns=0/0/inactive/dead/ named=0/inactive/dead/ agent=642/active/ jphase=rolling-back killpid=
13:17:23.981829824 pdns=0/0/inactive/dead/ named=0/inactive/dead/ agent=642/active/ jphase=rolling-back killpid=
13:17:24.431772831 pdns=0/0/inactive/dead/ named=0/inactive/dead/ agent=642/active/ jphase=rolling-back killpid=
13:17:25.110791058 pdns=0/0/inactive/dead/ named=0/inactive/dead/ agent=642/active/ jphase=rolling-back killpid=
13:17:25.404097415 pdns=0/0/inactive/dead/ named=0/inactive/dead/ agent=642/active/ jphase=rolling-back killpid=
13:17:25.716311235 pdns=0/0/inactive/dead/ named=0/inactive/dead/ agent=642/active/ jphase=rolling-back killpid=
13:17:26.398485400 pdns=7578/0/active/running/ named=0/inactive/dead/ agent=642/active/ jphase=rolling-back killpid=
13:17:26.681866745 pdns=7578/0/active/running/ named=0/inactive/dead/ agent=642/active/ jphase=rolling-back killpid=
13:17:26.991943865 pdns=7578/0/active/running/ named=0/inactive/dead/ agent=642/active/ jphase=rolling-back killpid=
13:17:27.290927745 pdns=7578/0/active/running/ named=0/inactive/dead/ agent=642/active/ jphase=rolling-back killpid=
13:17:27.595031827 pdns=7578/0/active/running/ named=0/inactive/dead/ agent=642/active/ jphase=rolling-back killpid=
13:17:27.907356278 pdns=7578/0/active/running/ named=0/inactive/dead/ agent=642/active/ jphase=rolling-back killpid=
13:17:28.193242561 pdns=7578/0/active/running/ named=0/inactive/dead/ agent=642/active/ jphase=rolled-back killpid=
13:17:28.471817575 CHANGE journal cb6aaa637af1cb0e8cd55968f262d72067318b4b45018226ff93eeb6ad8872c0 -> 6c7abb5a330b67e677651beb52973a753edf84049134234aedcb8f6bb596b41b
13:17:28.481916244 pdns=7578/0/active/running/ named=0/inactive/dead/ agent=642/active/ jphase=rolled-back killpid=
13:17:28.779619805 pdns=7578/0/active/running/ named=0/inactive/dead/ agent=642/active/ jphase=rolled-back killpid=
13:17:29.073987279 pdns=7578/0/active/running/ named=0/inactive/dead/ agent=642/active/ jphase=absent killpid=
13:17:29.352634374 CHANGE journal 6c7abb5a330b67e677651beb52973a753edf84049134234aedcb8f6bb596b41b -> absent
13:17:29.365144078 pdns=7578/0/active/running/ named=0/inactive/dead/ agent=642/active/ jphase=absent killpid=
13:17:29.647301430 pdns=7578/0/active/running/ named=0/inactive/dead/ agent=642/active/ jphase=absent killpid=
13:17:29.942655594 pdns=7578/0/active/running/ named=0/inactive/dead/ agent=642/active/ jphase=absent killpid=
13:17:30.241398769 pdns=7578/0/active/running/ named=0/inactive/dead/ agent=642/active/ jphase=absent killpid=
13:17:30.513567975 pdns=7578/0/active/running/ named=0/inactive/dead/ agent=642/active/ jphase=absent killpid=
13:17:30.784246339 pdns=7578/0/active/running/ named=0/inactive/dead/ agent=642/active/ jphase=absent killpid=
13:17:31.053266857 pdns=7578/0/active/running/ named=0/inactive/dead/ agent=642/active/ jphase=absent killpid=
13:17:31.325468900 pdns=7578/0/active/running/ named=0/inactive/dead/ agent=642/active/ jphase=absent killpid=
13:17:31.596999368 pdns=7578/0/active/running/ named=0/inactive/dead/ agent=642/active/ jphase=absent killpid=
13:17:31.875745864 pdns=7578/0/active/running/ named=0/inactive/dead/ agent=642/active/ jphase=absent killpid=
13:17:32.168696169 pdns=7578/0/active/running/ named=0/inactive/dead/ agent=642/active/ jphase=absent killpid=
13:17:32.450118652 pdns=7578/0/active/running/ named=0/inactive/dead/ agent=642/active/ jphase=absent killpid=
13:17:32.730036194 pdns=7578/0/active/running/ named=0/inactive/dead/ agent=642/active/ jphase=absent killpid=
13:17:33.003194155 pdns=7578/0/active/running/ named=0/inactive/dead/ agent=642/active/ jphase=absent killpid=
13:17:33.280764749 pdns=7578/0/active/running/ named=0/inactive/dead/ agent=642/active/ jphase=absent killpid=
13:17:33.564753046 pdns=7578/0/active/running/ named=0/inactive/dead/ agent=642/active/ jphase=absent killpid=
13:17:33.839940105 pdns=7578/0/active/running/ named=0/inactive/dead/ agent=642/active/ jphase=absent killpid=
13:17:34.113574706 pdns=7578/0/active/running/ named=0/inactive/dead/ agent=642/active/ jphase=absent killpid=
13:17:34.388777350 pdns=7578/0/active/running/ named=0/inactive/dead/ agent=642/active/ jphase=absent killpid=
13:17:34.664340666 pdns=7578/0/active/running/ named=0/inactive/dead/ agent=642/active/ jphase=absent killpid=
13:17:34.942591129 pdns=7578/0/active/running/ named=0/inactive/dead/ agent=642/active/ jphase=absent killpid=
13:17:35.214860599 pdns=7578/0/active/running/ named=0/inactive/dead/ agent=642/active/ jphase=absent killpid=
13:17:35.493791615 pdns=7578/0/active/running/ named=0/inactive/dead/ agent=642/active/ jphase=absent killpid=
13:17:35.779988043 pdns=7578/0/active/running/ named=0/inactive/dead/ agent=642/active/ jphase=absent killpid=
13:17:36.058608876 pdns=7578/0/active/running/ named=0/inactive/dead/ agent=642/active/ jphase=absent killpid=
13:17:36.337940348 pdns=7578/0/active/running/ named=0/inactive/dead/ agent=642/active/ jphase=absent killpid=
13:17:36.611179403 pdns=7578/0/active/running/ named=0/inactive/dead/ agent=642/active/ jphase=absent killpid=
13:17:36.881728677 pdns=7578/0/active/running/ named=0/inactive/dead/ agent=642/active/ jphase=absent killpid=
13:17:37.153060678 pdns=7578/0/active/running/ named=0/inactive/dead/ agent=642/active/ jphase=absent killpid=
13:17:37.426338993 pdns=7578/0/active/running/ named=0/inactive/dead/ agent=642/active/ jphase=absent killpid=
13:17:37.703830038 pdns=7578/0/active/running/ named=0/inactive/dead/ agent=642/active/ jphase=absent killpid=
13:17:37.981942018 pdns=7578/0/active/running/ named=0/inactive/dead/ agent=642/active/ jphase=absent killpid=
13:17:38.254060581 pdns=7578/0/active/running/ named=0/inactive/dead/ agent=642/active/ jphase=absent killpid=
13:17:38.530460711 pdns=7578/0/active/running/ named=0/inactive/dead/ agent=642/active/ jphase=absent killpid=
13:17:38.800185360 pdns=7578/0/active/running/ named=0/inactive/dead/ agent=642/active/ jphase=absent killpid=
13:17:39.070040686 pdns=7578/0/active/running/ named=0/inactive/dead/ agent=642/active/ jphase=absent killpid=
13:17:39.339771249 pdns=7578/0/active/running/ named=0/inactive/dead/ agent=642/active/ jphase=absent killpid=
13:17:39.610405077 pdns=7578/0/active/running/ named=0/inactive/dead/ agent=642/active/ jphase=absent killpid=
13:17:39.879126276 pdns=7578/0/active/running/ named=0/inactive/dead/ agent=642/active/ jphase=absent killpid=
13:17:40.149626786 pdns=7578/0/active/running/ named=0/inactive/dead/ agent=642/active/ jphase=absent killpid=
13:17:40.421803829 pdns=7578/0/active/running/ named=0/inactive/dead/ agent=642/active/ jphase=absent killpid=
13:17:40.693276871 pdns=7578/0/active/running/ named=0/inactive/dead/ agent=642/active/ jphase=absent killpid=
13:17:40.963362355 pdns=7578/0/active/running/ named=0/inactive/dead/ agent=642/active/ jphase=absent killpid=
13:17:41.233415459 pdns=7578/0/active/running/ named=0/inactive/dead/ agent=642/active/ jphase=absent killpid=
13:17:41.505565792 pdns=7578/0/active/running/ named=0/inactive/dead/ agent=642/active/ jphase=absent killpid=
13:17:41.777416552 pdns=7578/0/active/running/ named=0/inactive/dead/ agent=642/active/ jphase=absent killpid=
13:17:42.047504351 pdns=7578/0/active/running/ named=0/inactive/dead/ agent=642/active/ jphase=absent killpid=
13:17:42.318060966 pdns=7578/0/active/running/ named=0/inactive/dead/ agent=642/active/ jphase=absent killpid=
13:17:42.589530779 pdns=7578/0/active/running/ named=0/inactive/dead/ agent=642/active/ jphase=absent killpid=
13:17:42.861477401 pdns=7578/0/active/running/ named=0/inactive/dead/ agent=642/active/ jphase=absent killpid=
13:17:43.134065102 pdns=7578/0/active/running/ named=0/inactive/dead/ agent=642/active/ jphase=absent killpid=
13:17:43.405709551 pdns=7578/0/active/running/ named=0/inactive/dead/ agent=642/active/ jphase=absent killpid=
13:17:43.678039676 pdns=7578/0/active/running/ named=0/inactive/dead/ agent=642/active/ jphase=absent killpid=
13:17:43.959470998 pdns=7578/0/active/running/ named=0/inactive/dead/ agent=642/active/ jphase=absent killpid=
13:17:44.261869940 pdns=7578/0/active/running/ named=0/inactive/dead/ agent=642/active/ jphase=absent killpid=
13:17:44.571778259 pdns=7578/0/active/running/ named=0/inactive/dead/ agent=642/active/ jphase=absent killpid=
13:17:44.928330549 pdns=7578/0/active/running/ named=0/inactive/dead/ agent=642/active/ jphase=absent killpid=
13:17:45.232489348 pdns=7578/0/active/running/ named=0/inactive/dead/ agent=642/active/ jphase=absent killpid=
13:17:45.515334730 pdns=7578/0/active/running/ named=0/inactive/dead/ agent=642/active/ jphase=absent killpid=
13:17:45.788340450 pdns=7578/0/active/running/ named=0/inactive/dead/ agent=642/active/ jphase=absent killpid=
13:17:46.061709477 pdns=7578/0/active/running/ named=0/inactive/dead/ agent=642/active/ jphase=absent killpid=
13:17:46.336258733 pdns=7578/0/active/running/ named=0/inactive/dead/ agent=642/active/ jphase=absent killpid=
13:17:46.611748456 pdns=7578/0/active/running/ named=0/inactive/dead/ agent=642/active/ jphase=absent killpid=
13:17:46.885144208 pdns=7578/0/active/running/ named=0/inactive/dead/ agent=642/active/ jphase=absent killpid=
13:17:47.159154525 pdns=7578/0/active/running/ named=0/inactive/dead/ agent=642/active/ jphase=absent killpid=
13:17:47.432068323 pdns=7578/0/active/running/ named=0/inactive/dead/ agent=642/active/ jphase=absent killpid=
13:17:47.704576827 pdns=7578/0/active/running/ named=0/inactive/dead/ agent=642/active/ jphase=absent killpid=
13:17:47.980488785 pdns=7578/0/active/running/ named=0/inactive/dead/ agent=642/active/ jphase=absent killpid=
13:17:48.261809343 pdns=7578/0/active/running/ named=0/inactive/dead/ agent=642/active/ jphase=absent killpid=
13:17:48.538370826 pdns=7578/0/active/running/ named=0/inactive/dead/ agent=642/active/ jphase=absent killpid=
13:17:48.812961172 pdns=7578/0/active/running/ named=0/inactive/dead/ agent=642/active/ jphase=absent killpid=
13:17:49.086801218 pdns=7578/0/active/running/ named=0/inactive/dead/ agent=642/active/ jphase=absent killpid=
13:17:49.359610436 pdns=7578/0/active/running/ named=0/inactive/dead/ agent=642/active/ jphase=absent killpid=
13:17:49.639956721 pdns=7578/0/active/running/ named=0/inactive/dead/ agent=642/active/ jphase=absent killpid=
13:17:49.911704449 pdns=7578/0/active/running/ named=0/inactive/dead/ agent=642/active/ jphase=absent killpid=
13:17:50.188407858 pdns=7578/0/active/running/ named=0/inactive/dead/ agent=642/active/ jphase=absent killpid=
13:17:50.463598383 pdns=7578/0/active/running/ named=0/inactive/dead/ agent=642/active/ jphase=absent killpid=
13:17:50.734920500 pdns=7578/0/active/running/ named=0/inactive/dead/ agent=642/active/ jphase=absent killpid=
13:17:51.008718393 pdns=7578/0/active/running/ named=0/inactive/dead/ agent=642/active/ jphase=absent killpid=
13:17:51.282980967 pdns=7578/0/active/running/ named=0/inactive/dead/ agent=642/active/ jphase=absent killpid=
13:17:51.567399118 pdns=7578/0/active/running/ named=0/inactive/dead/ agent=642/active/ jphase=absent killpid=
13:17:51.844905308 pdns=7578/0/active/running/ named=0/inactive/dead/ agent=642/active/ jphase=absent killpid=
13:17:52.114667201 pdns=7578/0/active/running/ named=0/inactive/dead/ agent=642/active/ jphase=absent killpid=
13:17:52.385321395 pdns=7578/0/active/running/ named=0/inactive/dead/ agent=642/active/ jphase=absent killpid=
13:17:52.658074015 pdns=7578/0/active/running/ named=0/inactive/dead/ agent=642/active/ jphase=absent killpid=
13:17:52.930512883 pdns=7578/0/active/running/ named=0/inactive/dead/ agent=642/active/ jphase=absent killpid=
13:17:53.199910940 pdns=7578/0/active/running/ named=0/inactive/dead/ agent=642/active/ jphase=absent killpid=
13:17:53.469341743 pdns=7578/0/active/running/ named=0/inactive/dead/ agent=642/active/ jphase=absent killpid=
13:17:53.739383656 pdns=7578/0/active/running/ named=0/inactive/dead/ agent=642/active/ jphase=absent killpid=
13:17:54.011440208 pdns=7578/0/active/running/ named=0/inactive/dead/ agent=642/active/ jphase=absent killpid=
13:17:54.282456293 pdns=7578/0/active/running/ named=0/inactive/dead/ agent=642/active/ jphase=absent killpid=
13:17:54.553349962 pdns=7578/0/active/running/ named=0/inactive/dead/ agent=642/active/ jphase=absent killpid=
13:17:54.824754212 pdns=7578/0/active/running/ named=0/inactive/dead/ agent=642/active/ jphase=absent killpid=
13:17:55.095035250 pdns=7578/0/active/running/ named=0/inactive/dead/ agent=642/active/ jphase=absent killpid=
13:17:55.364632661 pdns=7578/0/active/running/ named=0/inactive/dead/ agent=642/active/ jphase=absent killpid=
13:17:55.636449765 pdns=7578/0/active/running/ named=0/inactive/dead/ agent=642/active/ jphase=absent killpid=
13:17:55.907689992 pdns=7578/0/active/running/ named=0/inactive/dead/ agent=642/active/ jphase=absent killpid=
13:17:56.178082233 pdns=7578/0/active/running/ named=0/inactive/dead/ agent=642/active/ jphase=absent killpid=
13:17:56.446356826 pdns=7578/0/active/running/ named=0/inactive/dead/ agent=642/active/ jphase=absent killpid=
13:17:56.719316005 pdns=7578/0/active/running/ named=0/inactive/dead/ agent=642/active/ jphase=absent killpid=
13:17:56.991038247 pdns=7578/0/active/running/ named=0/inactive/dead/ agent=642/active/ jphase=absent killpid=
13:17:57.259920079 pdns=7578/0/active/running/ named=0/inactive/dead/ agent=642/active/ jphase=absent killpid=
13:17:57.529226398 pdns=7578/0/active/running/ named=0/inactive/dead/ agent=642/active/ jphase=absent killpid=
13:17:57.798732361 pdns=7578/0/active/running/ named=0/inactive/dead/ agent=642/active/ jphase=absent killpid=
13:17:58.071856412 pdns=7578/0/active/running/ named=0/inactive/dead/ agent=642/active/ jphase=absent killpid=
13:17:58.342896380 pdns=7578/0/active/running/ named=0/inactive/dead/ agent=642/active/ jphase=absent killpid=
13:17:58.616356770 pdns=7578/0/active/running/ named=0/inactive/dead/ agent=642/active/ jphase=absent killpid=
13:17:58.890861203 pdns=7578/0/active/running/ named=0/inactive/dead/ agent=642/active/ jphase=absent killpid=
13:17:59.164345892 pdns=7578/0/active/running/ named=0/inactive/dead/ agent=642/active/ jphase=absent killpid=
13:17:59.436311876 pdns=7578/0/active/running/ named=0/inactive/dead/ agent=642/active/ jphase=absent killpid=
13:17:59.707241836 pdns=7578/0/active/running/ named=0/inactive/dead/ agent=642/active/ jphase=absent killpid=
13:17:59.975987968 pdns=7578/0/active/running/ named=0/inactive/dead/ agent=642/active/ jphase=absent killpid=
13:18:00.247067310 pdns=7578/0/active/running/ named=0/inactive/dead/ agent=642/active/ jphase=absent killpid=
13:18:00.519254592 pdns=7578/0/active/running/ named=0/inactive/dead/ agent=642/active/ jphase=absent killpid=
13:18:00.787322718 pdns=7578/0/active/running/ named=0/inactive/dead/ agent=642/active/ jphase=absent killpid=
13:18:01.057311358 pdns=7578/0/active/running/ named=0/inactive/dead/ agent=642/active/ jphase=absent killpid=
13:18:01.354875420 pdns=7578/0/active/running/ named=0/inactive/dead/ agent=642/active/ jphase=absent killpid=
13:18:01.626060824 pdns=7578/0/active/running/ named=0/inactive/dead/ agent=642/active/ jphase=absent killpid=
