15:07:10.131798937 CHANGE journal none -> cb6aaa637af1cb0e8cd55968f262d72067318b4b45018226ff93eeb6ad8872c0
15:07:10.139343930 CHANGE ledger none -> 9442ec5763e099207db079f9e36820b57da09265abf900c6f6506be3c307dda8
15:07:10.147773785 CHANGE state none -> 7e16cc4b9491dff57731e8b70cd5da25e4eb8c819053158a43af7bcbccbd2655
15:07:10.152977913 POINTER /var/cache/bind/celikpanel mtime=2026-09-29 15:06:50.146007179 +0000 ino=131681 /var/cache/bind/celikpanel/current mtime=2026-09-29 15:06:50.146007179 +0000 ino=131701 -> '/var/cache/bind/celikpanel/current' -> 'generations/e9161bc0fffb55a2f8cb77f3c17439f4e695b070e91e71230dc820c4ce32a39c' 
15:07:10.154489400 pdns=0/0/inactive/dead/ named=652/active/running/ agent=640/active/ jphase=rolling-back killpid=
15:07:10.524933444 pdns=0/0/inactive/dead/ named=652/active/running/ agent=640/active/ jphase=rolling-back killpid=
15:07:10.820269975 pdns=0/0/inactive/dead/ named=652/active/running/ agent=640/active/ jphase=rolling-back killpid=
15:07:11.094747493 pdns=0/0/inactive/dead/ named=652/active/running/ agent=640/active/ jphase=rolling-back killpid=
15:07:11.369254579 pdns=0/0/inactive/dead/ named=652/active/running/ agent=640/active/ jphase=rolling-back killpid=
15:07:11.642172822 pdns=0/0/inactive/dead/ named=652/active/running/ agent=640/active/ jphase=rolling-back killpid=
15:07:11.932705687 pdns=0/0/inactive/dead/ named=652/active/running/ agent=640/active/ jphase=rolling-back killpid=
15:07:12.218888595 pdns=0/0/inactive/dead/ named=652/active/running/ agent=640/active/ jphase=rolling-back killpid=
15:07:12.507382999 pdns=0/0/inactive/dead/ named=652/active/running/ agent=640/active/ jphase=rolling-back killpid=
15:07:12.783979059 pdns=0/0/inactive/dead/ named=652/active/running/ agent=640/active/ jphase=rolling-back killpid=
15:07:13.066977849 pdns=0/0/inactive/dead/ named=652/active/running/ agent=640/active/ jphase=rolling-back killpid=
15:07:13.368406475 pdns=0/0/inactive/dead/ named=652/active/running/ agent=640/active/ jphase=rolling-back killpid=
15:07:13.675409837 pdns=0/0/inactive/dead/ named=652/active/running/ agent=640/active/ jphase=rolling-back killpid=
15:07:13.946788300 pdns=0/0/inactive/dead/ named=652/active/running/ agent=640/active/ jphase=rolling-back killpid=
15:07:14.216241596 pdns=0/0/inactive/dead/ named=652/active/running/ agent=640/active/ jphase=rolling-back killpid=
15:07:14.491828527 pdns=0/0/inactive/dead/ named=652/active/running/ agent=640/active/ jphase=rolling-back killpid=
15:07:14.766603559 pdns=0/0/inactive/dead/ named=652/active/running/ agent=640/active/ jphase=rolling-back killpid=
15:07:15.036393590 pdns=0/0/inactive/dead/ named=652/active/running/ agent=640/active/ jphase=rolling-back killpid=
15:07:15.307613169 pdns=0/0/inactive/dead/ named=652/active/running/ agent=640/active/ jphase=rolling-back killpid=
15:07:15.581458932 pdns=0/0/inactive/dead/ named=652/active/running/ agent=640/active/ jphase=rolling-back killpid=
15:07:15.853182977 pdns=0/0/inactive/dead/ named=652/active/running/ agent=640/active/ jphase=rolling-back killpid=
15:07:16.125308128 pdns=0/0/inactive/dead/ named=652/active/running/ agent=640/active/ jphase=rolling-back killpid=
15:07:16.405044184 pdns=0/0/inactive/dead/ named=652/active/running/ agent=640/active/ jphase=rolling-back killpid=
15:07:16.684908880 pdns=0/0/inactive/dead/ named=652/active/running/ agent=640/active/ jphase=rolling-back killpid=
15:07:16.963927950 pdns=0/0/inactive/dead/ named=652/active/running/ agent=640/active/ jphase=rolling-back killpid=
15:07:17.236551043 pdns=0/0/inactive/dead/ named=652/active/running/ agent=640/active/ jphase=rolling-back killpid=
15:07:17.513565607 pdns=0/0/inactive/dead/ named=652/active/running/ agent=640/active/ jphase=rolling-back killpid=
15:07:17.798215691 pdns=0/0/inactive/dead/ named=652/active/running/ agent=640/active/ jphase=rolling-back killpid=
15:07:18.104024786 pdns=0/0/inactive/dead/ named=652/active/running/ agent=640/active/ jphase=rolling-back killpid=
15:07:18.394609119 pdns=0/0/inactive/dead/ named=652/active/running/ agent=640/active/ jphase=rolling-back killpid=
15:07:18.726972476 pdns=0/0/inactive/dead/ named=652/active/running/ agent=640/active/ jphase=rolling-back killpid=
15:07:19.009840003 pdns=0/0/inactive/dead/ named=652/active/running/ agent=640/active/ jphase=rolling-back killpid=
15:07:19.287424355 pdns=0/0/inactive/dead/ named=652/active/running/ agent=640/active/ jphase=rolling-back killpid=
15:07:19.560050441 pdns=0/0/inactive/dead/ named=652/active/running/ agent=640/active/ jphase=rolling-back killpid=
15:07:19.832729890 pdns=0/0/inactive/dead/ named=652/active/running/ agent=640/active/ jphase=rolling-back killpid=
15:07:20.109205013 pdns=0/0/inactive/dead/ named=652/active/running/ agent=640/active/ jphase=rolling-back killpid=
15:07:20.382942522 pdns=0/0/inactive/dead/ named=652/active/running/ agent=640/active/ jphase=rolling-back killpid=
15:07:20.668584150 pdns=0/0/inactive/dead/ named=652/active/running/ agent=640/active/ jphase=rolling-back killpid=
15:07:20.947760386 pdns=0/0/inactive/dead/ named=652/active/running/ agent=640/active/ jphase=rolling-back killpid=
15:07:21.221223537 pdns=0/0/inactive/dead/ named=652/active/running/ agent=640/active/ jphase=rolling-back killpid=
15:07:21.912066859 pdns=0/0/inactive/dead/ named=652/active/running/ agent=640/active/ jphase=rolling-back killpid=
15:07:22.858087013 pdns=0/0/inactive/dead/ named=652/active/running/ agent=640/active/ jphase=rolling-back killpid=
15:07:23.151359886 pdns=0/0/inactive/dead/ named=652/active/running/ agent=640/active/ jphase=rolling-back killpid=
15:07:23.430479894 pdns=0/0/inactive/dead/ named=652/active/running/ agent=640/active/ jphase=rolling-back killpid=
15:07:23.704433772 pdns=0/0/inactive/dead/ named=652/active/running/ agent=640/active/ jphase=rolling-back killpid=
15:07:23.977409533 pdns=0/0/inactive/dead/ named=652/active/running/ agent=640/active/ jphase=rolling-back killpid=
15:07:24.252882081 pdns=0/0/inactive/dead/ named=652/active/running/ agent=640/active/ jphase=rolling-back killpid=
15:07:24.526041429 pdns=0/0/inactive/dead/ named=652/active/running/ agent=640/active/ jphase=rolling-back killpid=
15:07:24.798455302 pdns=0/0/inactive/dead/ named=652/active/running/ agent=640/active/ jphase=rolling-back killpid=
15:07:25.082080439 pdns=0/0/inactive/dead/ named=652/active/running/ agent=640/active/ jphase=rolling-back killpid=
15:07:25.374152006 pdns=0/0/inactive/dead/ named=652/active/running/ agent=640/active/ jphase=rolling-back killpid=
15:07:25.654041412 pdns=0/0/inactive/dead/ named=652/active/running/ agent=640/active/ jphase=rolling-back killpid=
15:07:25.926703132 pdns=0/0/inactive/dead/ named=652/active/running/ agent=640/active/ jphase=rolling-back killpid=
15:07:26.198569134 pdns=0/0/inactive/dead/ named=652/active/running/ agent=640/active/ jphase=rolling-back killpid=
15:07:26.471192212 pdns=0/0/inactive/dead/ named=652/active/running/ agent=640/active/ jphase=rolling-back killpid=
15:07:26.742979471 pdns=0/0/inactive/dead/ named=652/active/running/ agent=640/active/ jphase=rolling-back killpid=
15:07:27.025951979 pdns=0/0/inactive/dead/ named=652/active/running/ agent=640/active/ jphase=rolling-back killpid=
15:07:27.321974413 pdns=0/0/inactive/dead/ named=652/active/running/ agent=640/active/ jphase=rolling-back killpid=
15:07:27.650998379 pdns=0/0/inactive/dead/ named=652/active/running/ agent=640/active/ jphase=rolling-back killpid=
15:07:27.933183584 pdns=0/0/inactive/dead/ named=652/active/running/ agent=640/active/ jphase=rolling-back killpid=
15:07:28.207104103 pdns=0/0/inactive/dead/ named=652/active/running/ agent=640/active/ jphase=rolling-back killpid=
15:07:28.485480631 pdns=0/0/inactive/dead/ named=652/active/running/ agent=640/active/ jphase=rolling-back killpid=
15:07:28.767078333 pdns=0/0/inactive/dead/ named=652/active/running/ agent=640/active/ jphase=rolling-back killpid=
15:07:29.041497110 pdns=0/0/inactive/dead/ named=652/active/running/ agent=640/active/ jphase=rolling-back killpid=
15:07:29.315497669 pdns=0/0/inactive/dead/ named=652/active/running/ agent=640/active/ jphase=rolling-back killpid=
15:07:29.591658341 pdns=0/0/inactive/dead/ named=652/active/running/ agent=640/active/ jphase=rolling-back killpid=
15:07:29.870078517 pdns=0/0/inactive/dead/ named=652/active/running/ agent=640/active/ jphase=rolling-back killpid=
15:07:30.142584173 pdns=0/0/inactive/dead/ named=652/active/running/ agent=640/active/ jphase=rolling-back killpid=
15:07:30.412323870 pdns=0/0/inactive/dead/ named=652/active/running/ agent=640/active/ jphase=rolling-back killpid=
15:07:30.682545528 pdns=0/0/inactive/dead/ named=652/active/running/ agent=640/active/ jphase=rolling-back killpid=
15:07:30.954998088 pdns=0/0/inactive/dead/ named=652/active/running/ agent=640/active/ jphase=rolling-back killpid=
15:07:31.224443573 pdns=0/0/inactive/dead/ named=652/active/running/ agent=640/active/ jphase=rolling-back killpid=
15:07:31.495861384 pdns=0/0/inactive/dead/ named=652/active/running/ agent=640/active/ jphase=rolling-back killpid=
15:07:31.766582043 pdns=0/0/inactive/dead/ named=652/active/running/ agent=640/active/ jphase=rolling-back killpid=
15:07:32.041034988 pdns=0/0/inactive/dead/ named=652/active/running/ agent=640/active/ jphase=rolling-back killpid=
15:07:32.322800203 pdns=0/0/inactive/dead/ named=652/active/running/ agent=640/active/ jphase=rolling-back killpid=
15:07:32.600794097 pdns=0/0/inactive/dead/ named=652/active/running/ agent=640/active/ jphase=rolling-back killpid=
15:07:32.893275483 pdns=0/0/inactive/dead/ named=652/active/running/ agent=640/active/ jphase=rolling-back killpid=
15:07:33.196497832 pdns=0/0/inactive/dead/ named=652/active/running/ agent=640/active/ jphase=rolling-back killpid=
15:07:33.469003835 pdns=0/0/inactive/dead/ named=652/active/running/ agent=640/active/ jphase=rolling-back killpid=
15:07:33.746662676 pdns=0/0/inactive/dead/ named=652/active/running/ agent=640/active/ jphase=rolling-back killpid=
15:07:34.061626720 pdns=0/0/inactive/dead/ named=652/active/running/ agent=640/active/ jphase=rolling-back killpid=
15:07:34.342627646 pdns=0/0/inactive/dead/ named=652/active/running/ agent=640/active/ jphase=rolling-back killpid=
15:07:34.612199739 pdns=0/0/inactive/dead/ named=652/active/running/ agent=640/active/ jphase=rolling-back killpid=
15:07:34.879760392 pdns=0/0/inactive/dead/ named=652/active/running/ agent=640/active/ jphase=rolling-back killpid=
15:07:35.154075302 pdns=0/0/inactive/dead/ named=652/active/running/ agent=640/active/ jphase=rolling-back killpid=
15:07:35.441897290 pdns=0/0/inactive/dead/ named=652/active/running/ agent=640/active/ jphase=rolling-back killpid=
15:07:35.716351235 pdns=0/0/inactive/dead/ named=652/active/running/ agent=640/active/ jphase=rolling-back killpid=
15:07:35.999277192 pdns=0/0/inactive/dead/ named=652/active/running/ agent=640/active/ jphase=rolling-back killpid=
15:07:36.271802608 pdns=0/0/inactive/dead/ named=652/active/running/ agent=640/active/ jphase=rolling-back killpid=
15:07:36.544300683 pdns=0/0/inactive/dead/ named=652/active/running/ agent=640/active/ jphase=rolling-back killpid=
15:07:36.815388775 pdns=0/0/inactive/dead/ named=652/active/running/ agent=640/active/ jphase=rolling-back killpid=
15:07:37.092114044 pdns=0/0/inactive/dead/ named=652/active/running/ agent=640/active/ jphase=rolling-back killpid=
15:07:37.362059856 pdns=0/0/inactive/dead/ named=652/active/running/ agent=640/active/ jphase=rolling-back killpid=
15:07:37.636114949 pdns=0/0/inactive/dead/ named=652/active/running/ agent=640/active/ jphase=rolling-back killpid=
15:07:37.918928124 pdns=0/0/inactive/dead/ named=652/active/running/ agent=640/active/ jphase=rolling-back killpid=
15:07:38.200927425 pdns=0/0/inactive/dead/ named=652/active/running/ agent=640/active/ jphase=rolling-back killpid=
15:07:38.472558084 pdns=0/0/inactive/dead/ named=652/active/running/ agent=640/active/ jphase=rolling-back killpid=
15:07:38.746718485 pdns=0/0/inactive/dead/ named=652/active/running/ agent=640/active/ jphase=rolling-back killpid=
15:07:39.045598944 pdns=0/0/inactive/dead/ named=652/active/running/ agent=640/active/ jphase=rolling-back killpid=
15:07:39.347305885 pdns=0/0/inactive/dead/ named=652/active/running/ agent=640/active/ jphase=rolling-back killpid=
15:07:39.638115637 pdns=0/0/inactive/dead/ named=652/active/running/ agent=640/active/ jphase=rolling-back killpid=
15:07:39.920327741 pdns=0/0/inactive/dead/ named=652/active/running/ agent=640/active/ jphase=rolling-back killpid=
15:07:40.197653710 pdns=0/0/inactive/dead/ named=652/active/running/ agent=640/active/ jphase=rolling-back killpid=
15:07:40.486237379 pdns=0/0/inactive/dead/ named=652/active/running/ agent=640/active/ jphase=rolling-back killpid=
15:07:40.779383696 pdns=0/0/inactive/dead/ named=652/active/running/ agent=640/active/ jphase=rolling-back killpid=
15:07:41.058325519 pdns=0/0/inactive/dead/ named=652/active/running/ agent=640/active/ jphase=rolling-back killpid=
15:07:41.335439809 pdns=0/0/inactive/dead/ named=652/active/running/ agent=640/active/ jphase=rolling-back killpid=
15:07:41.607720235 pdns=0/0/inactive/dead/ named=652/active/running/ agent=640/active/ jphase=rolling-back killpid=
15:07:41.878598990 pdns=0/0/inactive/dead/ named=652/active/running/ agent=640/active/ jphase=rolling-back killpid=
15:07:42.161559621 pdns=0/0/inactive/dead/ named=652/active/running/ agent=640/active/ jphase=rolling-back killpid=
15:07:42.477290944 pdns=0/0/inactive/dead/ named=652/active/running/ agent=640/active/ jphase=rolling-back killpid=
15:07:42.789161762 pdns=0/0/inactive/dead/ named=652/active/running/ agent=640/active/ jphase=rolling-back killpid=
15:07:43.079850762 pdns=0/0/inactive/dead/ named=652/active/running/ agent=640/active/ jphase=rolling-back killpid=
15:07:43.469565594 pdns=0/0/inactive/dead/ named=652/active/running/ agent=640/active/ jphase=rolling-back killpid=
15:07:43.790078883 pdns=0/0/inactive/dead/ named=652/active/running/ agent=640/active/ jphase=rolling-back killpid=
15:07:44.217189763 pdns=0/0/inactive/dead/ named=652/active/running/ agent=640/active/ jphase=rolling-back killpid=
15:07:44.603665085 pdns=0/0/inactive/dead/ named=652/active/running/ agent=640/active/ jphase=rolling-back killpid=
15:07:44.912718039 pdns=0/0/inactive/dead/ named=652/active/running/ agent=640/active/ jphase=rolling-back killpid=
15:07:45.203827865 pdns=0/0/inactive/dead/ named=652/active/running/ agent=640/active/ jphase=rolling-back killpid=
15:07:45.512785714 pdns=0/0/inactive/dead/ named=652/active/running/ agent=640/active/ jphase=rolling-back killpid=
15:07:45.793078588 pdns=0/0/inactive/dead/ named=652/active/running/ agent=640/active/ jphase=rolling-back killpid=
15:07:46.132684961 pdns=0/0/inactive/dead/ named=652/active/running/ agent=640/active/ jphase=rolling-back killpid=
15:07:46.407013345 pdns=0/0/inactive/dead/ named=652/active/running/ agent=640/active/ jphase=rolling-back killpid=
15:07:46.681798106 pdns=0/0/inactive/dead/ named=652/active/running/ agent=640/active/ jphase=rolling-back killpid=
15:07:46.953694189 pdns=0/0/inactive/dead/ named=652/active/running/ agent=640/active/ jphase=rolling-back killpid=
15:07:47.237923104 pdns=0/0/inactive/dead/ named=652/active/running/ agent=640/active/ jphase=rolling-back killpid=
15:07:47.544346228 pdns=0/0/inactive/dead/ named=652/active/running/ agent=640/active/ jphase=rolling-back killpid=
15:07:47.816779680 pdns=0/0/inactive/dead/ named=652/active/running/ agent=640/active/ jphase=rolling-back killpid=
15:07:48.087857240 pdns=0/0/inactive/dead/ named=652/active/running/ agent=640/active/ jphase=rolling-back killpid=
15:07:48.359970563 pdns=0/0/inactive/dead/ named=652/active/running/ agent=640/active/ jphase=rolling-back killpid=
15:07:48.635470780 pdns=0/0/inactive/dead/ named=652/active/running/ agent=640/active/ jphase=rolling-back killpid=
15:07:48.912311069 pdns=0/0/inactive/dead/ named=652/active/running/ agent=640/active/ jphase=rolling-back killpid=
15:07:49.214373280 pdns=0/0/inactive/dead/ named=652/active/running/ agent=640/active/ jphase=rolling-back killpid=
15:07:49.486531202 pdns=0/0/inactive/dead/ named=652/active/running/ agent=640/active/ jphase=rolling-back killpid=
15:07:49.771358054 pdns=0/0/inactive/dead/ named=652/active/running/ agent=640/active/ jphase=rolling-back killpid=
15:07:50.053162437 pdns=0/0/inactive/dead/ named=652/active/running/ agent=640/active/ jphase=rolling-back killpid=
15:07:50.326795136 pdns=0/0/inactive/dead/ named=652/active/running/ agent=640/active/ jphase=rolling-back killpid=
15:07:50.603528474 pdns=0/0/inactive/dead/ named=652/active/running/ agent=640/active/ jphase=rolling-back killpid=
15:07:50.879243721 pdns=0/0/inactive/dead/ named=652/active/running/ agent=640/active/ jphase=rolling-back killpid=
15:07:51.159381193 pdns=0/0/inactive/dead/ named=652/active/running/ agent=640/active/ jphase=rolling-back killpid=
15:07:51.432981125 pdns=0/0/inactive/dead/ named=652/active/running/ agent=640/active/ jphase=rolling-back killpid=
15:07:51.711549365 pdns=0/0/inactive/dead/ named=652/active/running/ agent=640/active/ jphase=rolling-back killpid=
15:07:52.021747802 pdns=0/0/inactive/dead/ named=652/active/running/ agent=640/active/ jphase=rolling-back killpid=
15:07:52.320352823 pdns=0/0/inactive/dead/ named=652/active/running/ agent=640/active/ jphase=rolling-back killpid=
15:07:52.661096980 pdns=0/0/inactive/dead/ named=652/active/running/ agent=640/active/ jphase=rolling-back killpid=
15:07:52.935126722 pdns=0/0/inactive/dead/ named=652/active/running/ agent=640/active/ jphase=rolling-back killpid=
15:07:53.208659973 pdns=0/0/inactive/dead/ named=652/active/running/ agent=640/active/ jphase=rolling-back killpid=
15:07:53.483480415 pdns=0/0/inactive/dead/ named=652/active/running/ agent=640/active/ jphase=rolling-back killpid=
15:07:53.769536203 pdns=0/0/inactive/dead/ named=652/active/running/ agent=640/active/ jphase=rolling-back killpid=
15:07:54.094496707 pdns=0/0/inactive/dead/ named=652/active/running/ agent=640/active/ jphase=rolling-back killpid=
15:07:54.368507651 pdns=0/0/inactive/dead/ named=652/active/running/ agent=640/active/ jphase=rolling-back killpid=
15:07:54.640469693 pdns=0/0/inactive/dead/ named=652/active/running/ agent=640/active/ jphase=rolling-back killpid=
15:07:54.913117004 pdns=0/0/inactive/dead/ named=652/active/running/ agent=640/active/ jphase=rolling-back killpid=
15:07:55.191715781 pdns=0/0/inactive/dead/ named=652/active/running/ agent=640/active/ jphase=rolling-back killpid=
15:07:55.467052746 pdns=0/0/inactive/dead/ named=652/active/running/ agent=640/active/ jphase=rolling-back killpid=
15:07:55.755127856 pdns=0/0/inactive/dead/ named=652/active/running/ agent=640/active/ jphase=rolling-back killpid=
15:07:56.031555472 pdns=0/0/inactive/dead/ named=652/active/running/ agent=640/active/ jphase=rolling-back killpid=
15:07:56.306494332 pdns=0/0/inactive/dead/ named=652/active/running/ agent=640/active/ jphase=rolling-back killpid=
15:07:56.579854595 pdns=0/0/inactive/dead/ named=652/active/running/ agent=640/active/ jphase=rolling-back killpid=
15:07:56.855652012 pdns=0/0/inactive/dead/ named=652/active/running/ agent=640/active/ jphase=rolling-back killpid=
15:07:57.139175244 pdns=0/0/inactive/dead/ named=652/active/running/ agent=640/active/ jphase=rolling-back killpid=
15:07:57.412373900 pdns=0/0/inactive/dead/ named=652/active/running/ agent=640/active/ jphase=rolling-back killpid=
15:07:57.703219584 pdns=0/0/inactive/dead/ named=652/active/running/ agent=640/active/ jphase=rolling-back killpid=
15:07:57.985401647 pdns=0/0/inactive/dead/ named=652/active/running/ agent=640/active/ jphase=rolling-back killpid=
15:07:58.259868182 pdns=0/0/inactive/dead/ named=652/active/running/ agent=640/active/ jphase=rolling-back killpid=
15:07:58.535927918 pdns=0/0/inactive/dead/ named=652/active/running/ agent=640/active/ jphase=rolling-back killpid=
15:07:58.820562144 pdns=0/0/inactive/dead/ named=652/active/running/ agent=640/active/ jphase=rolling-back killpid=
15:07:59.107489862 pdns=0/0/inactive/dead/ named=652/active/running/ agent=640/active/ jphase=rolling-back killpid=
15:07:59.380638020 pdns=0/0/inactive/dead/ named=652/active/running/ agent=640/active/ jphase=rolling-back killpid=
15:07:59.656529212 pdns=0/0/inactive/dead/ named=652/active/running/ agent=640/active/ jphase=rolling-back killpid=
15:07:59.930381589 pdns=0/0/inactive/dead/ named=652/active/running/ agent=640/active/ jphase=rolling-back killpid=
15:08:00.205242639 pdns=0/0/inactive/dead/ named=652/active/running/ agent=640/active/ jphase=rolling-back killpid=
15:08:00.503839633 pdns=0/0/inactive/dead/ named=652/active/running/ agent=640/active/ jphase=rolling-back killpid=
15:08:00.831361712 pdns=0/0/inactive/dead/ named=652/active/running/ agent=640/active/ jphase=rolling-back killpid=
15:08:01.122188530 pdns=0/0/inactive/dead/ named=652/active/running/ agent=640/active/ jphase=rolling-back killpid=
15:08:01.403051035 pdns=0/0/inactive/dead/ named=652/active/running/ agent=640/active/ jphase=rolling-back killpid=
15:08:01.681821743 pdns=0/0/inactive/dead/ named=652/active/running/ agent=640/active/ jphase=rolling-back killpid=
15:08:01.966866484 pdns=0/0/inactive/dead/ named=652/active/running/ agent=640/active/ jphase=rolling-back killpid=
15:08:02.247854929 pdns=0/0/inactive/dead/ named=652/active/running/ agent=640/active/ jphase=rolling-back killpid=
15:08:02.546632128 pdns=0/0/inactive/dead/ named=652/active/running/ agent=640/active/ jphase=rolling-back killpid=
15:08:02.843307308 pdns=0/0/inactive/dead/ named=652/active/running/ agent=640/active/ jphase=rolling-back killpid=
15:08:03.142616116 pdns=0/0/inactive/dead/ named=652/active/running/ agent=640/active/ jphase=rolling-back killpid=
15:08:03.423490461 pdns=0/0/inactive/dead/ named=652/active/running/ agent=640/active/ jphase=rolling-back killpid=
15:08:03.698545279 pdns=0/0/inactive/dead/ named=652/active/running/ agent=640/active/ jphase=rolling-back killpid=
15:08:03.981780426 pdns=0/0/inactive/dead/ named=652/active/running/ agent=640/active/ jphase=rolling-back killpid=
15:08:04.269344197 pdns=0/0/inactive/dead/ named=652/active/running/ agent=640/active/ jphase=rolling-back killpid=
15:08:04.576201302 pdns=0/0/inactive/dead/ named=652/active/running/ agent=640/active/ jphase=rolling-back killpid=
15:08:04.879522977 pdns=0/0/inactive/dead/ named=652/active/running/ agent=640/active/ jphase=rolling-back killpid=
15:08:05.197302833 pdns=0/0/inactive/dead/ named=652/active/running/ agent=640/active/ jphase=rolling-back killpid=
15:08:05.505362290 pdns=0/0/inactive/dead/ named=652/active/running/ agent=640/active/ jphase=rolling-back killpid=
15:08:05.800828847 pdns=0/0/inactive/dead/ named=652/active/running/ agent=640/active/ jphase=rolling-back killpid=
15:08:06.095037029 pdns=0/0/inactive/dead/ named=652/active/running/ agent=640/active/ jphase=rolling-back killpid=
15:08:06.396015522 pdns=0/0/inactive/dead/ named=652/active/running/ agent=640/active/ jphase=rolling-back killpid=
15:08:06.671278394 pdns=0/0/inactive/dead/ named=652/active/running/ agent=640/active/ jphase=rolling-back killpid=
15:08:06.945211725 pdns=0/0/inactive/dead/ named=652/active/running/ agent=640/active/ jphase=rolling-back killpid=
15:08:07.217723154 pdns=0/0/inactive/dead/ named=652/active/running/ agent=640/active/ jphase=rolling-back killpid=
15:08:07.490550521 pdns=0/0/inactive/dead/ named=652/active/running/ agent=640/active/ jphase=rolling-back killpid=
15:08:07.762441038 pdns=0/0/inactive/dead/ named=652/active/running/ agent=640/active/ jphase=rolling-back killpid=
15:08:08.035346962 pdns=0/0/inactive/dead/ named=652/active/running/ agent=640/active/ jphase=rolling-back killpid=
15:08:08.310180744 pdns=0/0/inactive/dead/ named=652/active/running/ agent=640/active/ jphase=rolling-back killpid=
15:08:08.586883515 pdns=0/0/inactive/dead/ named=652/active/running/ agent=640/active/ jphase=rolling-back killpid=
15:08:08.873170352 pdns=0/0/inactive/dead/ named=652/active/running/ agent=640/active/ jphase=rolling-back killpid=
15:08:09.163898283 pdns=0/0/inactive/dead/ named=652/active/running/ agent=640/active/ jphase=rolling-back killpid=
15:08:09.452316357 pdns=0/0/inactive/dead/ named=652/active/running/ agent=640/active/ jphase=rolling-back killpid=
15:08:09.725892518 pdns=0/0/inactive/dead/ named=652/active/running/ agent=640/active/ jphase=rolling-back killpid=
15:08:10.000086557 pdns=0/0/inactive/dead/ named=652/active/running/ agent=640/active/ jphase=rolling-back killpid=
15:08:10.274222930 pdns=0/0/inactive/dead/ named=652/active/running/ agent=640/active/ jphase=rolling-back killpid=
15:08:10.548598159 pdns=0/0/inactive/dead/ named=652/active/running/ agent=640/active/ jphase=rolling-back killpid=
15:08:10.838071965 pdns=0/0/inactive/dead/ named=652/active/running/ agent=640/active/ jphase=rolling-back killpid=
15:08:11.147317065 pdns=0/0/inactive/dead/ named=652/active/running/ agent=640/active/ jphase=rolling-back killpid=
15:08:11.435404185 pdns=0/0/inactive/dead/ named=652/active/running/ agent=640/active/ jphase=rolling-back killpid=
15:08:11.748244796 pdns=0/0/inactive/dead/ named=652/active/running/ agent=640/active/ jphase=rolling-back killpid=
15:08:12.025025157 pdns=0/0/inactive/dead/ named=652/active/running/ agent=640/active/ jphase=rolling-back killpid=
15:08:12.305293438 pdns=0/0/inactive/dead/ named=652/active/running/ agent=640/active/ jphase=rolling-back killpid=
15:08:12.579348665 pdns=0/0/inactive/dead/ named=652/active/running/ agent=640/active/ jphase=rolling-back killpid=
15:08:12.857483399 pdns=0/0/inactive/dead/ named=652/active/running/ agent=640/active/ jphase=rolling-back killpid=
15:08:13.154954777 pdns=0/0/inactive/dead/ named=652/active/running/ agent=640/active/ jphase=rolling-back killpid=
15:08:13.433039538 pdns=0/0/inactive/dead/ named=652/active/running/ agent=640/active/ jphase=rolling-back killpid=
15:08:13.713378000 pdns=0/0/inactive/dead/ named=652/active/running/ agent=640/active/ jphase=rolling-back killpid=
15:08:14.004113959 pdns=0/0/inactive/dead/ named=652/active/running/ agent=640/active/ jphase=rolling-back killpid=
15:08:14.292065772 pdns=0/0/inactive/dead/ named=652/active/running/ agent=640/active/ jphase=rolling-back killpid=
15:08:14.582229342 pdns=0/0/inactive/dead/ named=652/active/running/ agent=640/active/ jphase=rolling-back killpid=
15:08:14.896025722 pdns=0/0/inactive/dead/ named=652/active/running/ agent=640/active/ jphase=rolling-back killpid=
15:08:15.270116601 pdns=0/0/inactive/dead/ named=652/active/running/ agent=640/active/ jphase=rolling-back killpid=
15:08:15.565101961 pdns=0/0/inactive/dead/ named=0/inactive/dead/ agent=640/active/ jphase=rolling-back killpid=
15:08:16.219318741 pdns=0/0/inactive/dead/ named=0/inactive/dead/ agent=640/active/ jphase=rolling-back killpid=
15:08:16.719764750 pdns=0/0/inactive/dead/ named=0/inactive/dead/ agent=640/active/ jphase=rolling-back killpid=
15:08:17.517440641 pdns=0/0/inactive/dead/ named=0/inactive/dead/ agent=640/active/ jphase=rolling-back killpid=
15:08:18.117299087 pdns=0/0/inactive/dead/ named=0/inactive/dead/ agent=640/active/ jphase=rolling-back killpid=
15:08:18.595884278 pdns=0/0/inactive/dead/ named=0/inactive/dead/ agent=640/active/ jphase=rolling-back killpid=
15:08:18.904547932 pdns=0/0/inactive/dead/ named=0/inactive/dead/ agent=640/active/ jphase=rolling-back killpid=
15:08:19.217602035 POINTER /var/cache/bind/celikpanel mtime=2026-09-29 15:08:19.002452523 +0000 ino=131681 /var/cache/bind/celikpanel/current absent 
15:08:19.219930983 pdns=0/0/inactive/dead/ named=0/inactive/dead/ agent=640/active/ jphase=rolling-back killpid=
15:08:19.922707573 pdns=9117/0/activating/start/ named=0/inactive/dead/ agent=640/active/ jphase=rolling-back killpid=
15:08:20.233550323 POINTER /var/cache/bind/celikpanel mtime=2026-09-29 15:08:20.206511872 +0000 ino=131681 /var/cache/bind/celikpanel/current absent 
15:08:20.235769875 pdns=9117/0/active/running/ named=0/inactive/dead/ agent=640/active/ jphase=rolling-back killpid=
15:08:20.595015532 pdns=9117/0/active/running/ named=0/inactive/dead/ agent=640/active/ jphase=rolling-back killpid=
15:08:20.928527841 pdns=9117/0/active/running/ named=0/inactive/dead/ agent=640/active/ jphase=rolling-back killpid=
15:08:21.321409050 pdns=9117/0/active/running/ named=0/inactive/dead/ agent=640/active/ jphase=rolling-back killpid=
15:08:21.694201547 pdns=9117/0/active/running/ named=0/inactive/dead/ agent=640/active/ jphase=rolling-back killpid=
15:08:22.225596824 pdns=9117/0/active/running/ named=0/inactive/dead/ agent=640/active/ jphase=rolling-back killpid=
15:08:22.759531565 pdns=9117/0/active/running/ named=0/inactive/dead/ agent=640/active/ jphase=rolling-back killpid=
15:08:23.166935572 pdns=9117/0/active/running/ named=0/inactive/dead/ agent=640/active/ jphase=rolling-back killpid=
15:08:23.498669773 pdns=9117/0/active/running/ named=0/inactive/dead/ agent=640/active/ jphase=rolling-back killpid=
15:08:23.790773650 pdns=9117/0/active/running/ named=0/inactive/dead/ agent=640/active/ jphase=rolling-back killpid=
15:08:24.084484822 pdns=9117/0/active/running/ named=0/inactive/dead/ agent=640/active/ jphase=rolling-back killpid=
15:08:24.380510483 pdns=9117/0/active/running/ named=0/inactive/dead/ agent=640/active/ jphase=rolling-back killpid=
15:08:24.672598584 pdns=9117/0/active/running/ named=0/inactive/dead/ agent=640/active/ jphase=rolling-back killpid=
15:08:24.961268021 CHANGE journal cb6aaa637af1cb0e8cd55968f262d72067318b4b45018226ff93eeb6ad8872c0 -> 6c7abb5a330b67e677651beb52973a753edf84049134234aedcb8f6bb596b41b
15:08:24.973406190 pdns=9117/0/active/running/ named=0/inactive/dead/ agent=640/active/ jphase=rolled-back killpid=
15:08:25.297478648 pdns=9117/0/active/running/ named=0/inactive/dead/ agent=640/active/ jphase=rolled-back killpid=
15:08:25.607473622 pdns=9117/0/active/running/ named=0/inactive/dead/ agent=640/active/ jphase=rolled-back killpid=
15:08:25.919754082 pdns=9117/0/active/running/ named=0/inactive/dead/ agent=640/active/ jphase=rolled-back killpid=
15:08:26.229485890 pdns=9117/0/active/running/ named=0/inactive/dead/ agent=640/active/ jphase=rolled-back killpid=
15:08:26.544888661 pdns=9117/0/active/running/ named=0/inactive/dead/ agent=640/active/ jphase=rolled-back killpid=
15:08:26.856822828 CHANGE journal 6c7abb5a330b67e677651beb52973a753edf84049134234aedcb8f6bb596b41b -> absent
15:08:26.870631724 pdns=9117/0/active/running/ named=0/inactive/dead/ agent=640/active/ jphase=absent killpid=
15:08:27.157461205 pdns=9117/0/active/running/ named=0/inactive/dead/ agent=640/active/ jphase=absent killpid=
15:08:27.470163128 pdns=9117/0/active/running/ named=0/inactive/dead/ agent=640/active/ jphase=absent killpid=
15:08:27.886523074 pdns=9117/0/active/running/ named=0/inactive/dead/ agent=640/active/ jphase=absent killpid=
15:08:28.198536046 pdns=9117/0/active/running/ named=0/inactive/dead/ agent=640/active/ jphase=absent killpid=
15:08:28.475468050 pdns=9117/0/active/running/ named=0/inactive/dead/ agent=640/active/ jphase=absent killpid=
15:08:28.749295189 pdns=9117/0/active/running/ named=0/inactive/dead/ agent=640/active/ jphase=absent killpid=
15:08:29.039973975 pdns=9117/0/active/running/ named=0/inactive/dead/ agent=640/active/ jphase=absent killpid=
15:08:29.342684473 pdns=9117/0/active/running/ named=0/inactive/dead/ agent=640/active/ jphase=absent killpid=
15:08:29.615866610 pdns=9117/0/active/running/ named=0/inactive/dead/ agent=640/active/ jphase=absent killpid=
15:08:29.892587006 pdns=9117/0/active/running/ named=0/inactive/dead/ agent=640/active/ jphase=absent killpid=
15:08:30.180698326 pdns=9117/0/active/running/ named=0/inactive/dead/ agent=640/active/ jphase=absent killpid=
15:08:30.453607737 pdns=9117/0/active/running/ named=0/inactive/dead/ agent=640/active/ jphase=absent killpid=
15:08:30.728681127 pdns=9117/0/active/running/ named=0/inactive/dead/ agent=640/active/ jphase=absent killpid=
15:08:31.005143833 pdns=9117/0/active/running/ named=0/inactive/dead/ agent=640/active/ jphase=absent killpid=
15:08:31.281751609 pdns=9117/0/active/running/ named=0/inactive/dead/ agent=640/active/ jphase=absent killpid=
15:08:31.610123287 pdns=9117/0/active/running/ named=0/inactive/dead/ agent=640/active/ jphase=absent killpid=
15:08:31.896731512 pdns=9117/0/active/running/ named=0/inactive/dead/ agent=640/active/ jphase=absent killpid=
15:08:32.202871873 pdns=9117/0/active/running/ named=0/inactive/dead/ agent=640/active/ jphase=absent killpid=
15:08:32.491140094 pdns=9117/0/active/running/ named=0/inactive/dead/ agent=640/active/ jphase=absent killpid=
15:08:32.780597100 pdns=9117/0/active/running/ named=0/inactive/dead/ agent=640/active/ jphase=absent killpid=
15:08:33.058600674 pdns=9117/0/active/running/ named=0/inactive/dead/ agent=640/active/ jphase=absent killpid=
15:08:33.336051597 pdns=9117/0/active/running/ named=0/inactive/dead/ agent=640/active/ jphase=absent killpid=
15:08:33.627193817 pdns=9117/0/active/running/ named=0/inactive/dead/ agent=640/active/ jphase=absent killpid=
15:08:33.931886781 pdns=9117/0/active/running/ named=0/inactive/dead/ agent=640/active/ jphase=absent killpid=
15:08:34.228362888 pdns=9117/0/active/running/ named=0/inactive/dead/ agent=640/active/ jphase=absent killpid=
15:08:34.512135700 pdns=9117/0/active/running/ named=0/inactive/dead/ agent=640/active/ jphase=absent killpid=
15:08:34.806124540 pdns=9117/0/active/running/ named=0/inactive/dead/ agent=640/active/ jphase=absent killpid=
15:08:35.105770623 pdns=9117/0/active/running/ named=0/inactive/dead/ agent=640/active/ jphase=absent killpid=
15:08:35.407367141 pdns=9117/0/active/running/ named=0/inactive/dead/ agent=640/active/ jphase=absent killpid=
15:08:35.688251868 pdns=9117/0/active/running/ named=0/inactive/dead/ agent=640/active/ jphase=absent killpid=
15:08:35.971293380 pdns=9117/0/active/running/ named=0/inactive/dead/ agent=640/active/ jphase=absent killpid=
15:08:36.257794061 pdns=9117/0/active/running/ named=0/inactive/dead/ agent=640/active/ jphase=absent killpid=
15:08:36.542681955 pdns=9117/0/active/running/ named=0/inactive/dead/ agent=640/active/ jphase=absent killpid=
15:08:36.823576260 pdns=9117/0/active/running/ named=0/inactive/dead/ agent=640/active/ jphase=absent killpid=
15:08:37.113042102 pdns=9117/0/active/running/ named=0/inactive/dead/ agent=640/active/ jphase=absent killpid=
15:08:37.391993019 pdns=9117/0/active/running/ named=0/inactive/dead/ agent=640/active/ jphase=absent killpid=
15:08:37.671413289 pdns=9117/0/active/running/ named=0/inactive/dead/ agent=640/active/ jphase=absent killpid=
15:08:37.953189569 pdns=9117/0/active/running/ named=0/inactive/dead/ agent=640/active/ jphase=absent killpid=
15:08:38.237262037 pdns=9117/0/active/running/ named=0/inactive/dead/ agent=640/active/ jphase=absent killpid=
15:08:38.518744519 pdns=9117/0/active/running/ named=0/inactive/dead/ agent=640/active/ jphase=absent killpid=
15:08:38.802665828 pdns=9117/0/active/running/ named=0/inactive/dead/ agent=640/active/ jphase=absent killpid=
15:08:39.093273805 pdns=9117/0/active/running/ named=0/inactive/dead/ agent=640/active/ jphase=absent killpid=
15:08:39.389249835 pdns=9117/0/active/running/ named=0/inactive/dead/ agent=640/active/ jphase=absent killpid=
15:08:39.667180211 pdns=9117/0/active/running/ named=0/inactive/dead/ agent=640/active/ jphase=absent killpid=
15:08:39.953761463 pdns=9117/0/active/running/ named=0/inactive/dead/ agent=640/active/ jphase=absent killpid=
15:08:40.237607727 pdns=9117/0/active/running/ named=0/inactive/dead/ agent=640/active/ jphase=absent killpid=
15:08:40.533006436 pdns=9117/0/active/running/ named=0/inactive/dead/ agent=640/active/ jphase=absent killpid=
15:08:40.817276611 pdns=9117/0/active/running/ named=0/inactive/dead/ agent=640/active/ jphase=absent killpid=
15:08:41.102907669 pdns=9117/0/active/running/ named=0/inactive/dead/ agent=640/active/ jphase=absent killpid=
15:08:41.383721758 pdns=9117/0/active/running/ named=0/inactive/dead/ agent=640/active/ jphase=absent killpid=
15:08:41.670080957 pdns=9117/0/active/running/ named=0/inactive/dead/ agent=640/active/ jphase=absent killpid=
15:08:41.949093434 pdns=9117/0/active/running/ named=0/inactive/dead/ agent=640/active/ jphase=absent killpid=
15:08:42.233298057 pdns=9117/0/active/running/ named=0/inactive/dead/ agent=640/active/ jphase=absent killpid=
15:08:42.527973660 pdns=9117/0/active/running/ named=0/inactive/dead/ agent=640/active/ jphase=absent killpid=
15:08:42.806183329 pdns=9117/0/active/running/ named=0/inactive/dead/ agent=640/active/ jphase=absent killpid=
15:08:43.107450873 pdns=9117/0/active/running/ named=0/inactive/dead/ agent=640/active/ jphase=absent killpid=
15:08:43.426813793 pdns=9117/0/active/running/ named=0/inactive/dead/ agent=640/active/ jphase=absent killpid=
15:08:43.721100216 pdns=9117/0/active/running/ named=0/inactive/dead/ agent=640/active/ jphase=absent killpid=
15:08:44.009021958 pdns=9117/0/active/running/ named=0/inactive/dead/ agent=640/active/ jphase=absent killpid=
15:08:44.289096735 pdns=9117/0/active/running/ named=0/inactive/dead/ agent=640/active/ jphase=absent killpid=
15:08:44.572613899 pdns=9117/0/active/running/ named=0/inactive/dead/ agent=640/active/ jphase=absent killpid=
15:08:44.859249258 pdns=9117/0/active/running/ named=0/inactive/dead/ agent=640/active/ jphase=absent killpid=
15:08:45.140412819 pdns=9117/0/active/running/ named=0/inactive/dead/ agent=640/active/ jphase=absent killpid=
15:08:45.499544915 pdns=9117/0/active/running/ named=0/inactive/dead/ agent=640/active/ jphase=absent killpid=
15:08:45.931072504 pdns=9117/0/active/running/ named=0/inactive/dead/ agent=640/active/ jphase=absent killpid=
15:08:46.225228663 pdns=9117/0/active/running/ named=0/inactive/dead/ agent=640/active/ jphase=absent killpid=
15:08:46.539183938 pdns=9117/0/active/running/ named=0/inactive/dead/ agent=640/active/ jphase=absent killpid=
15:08:46.902780277 pdns=9117/0/active/running/ named=0/inactive/dead/ agent=640/active/ jphase=absent killpid=
15:08:47.193391579 pdns=9117/0/active/running/ named=0/inactive/dead/ agent=640/active/ jphase=absent killpid=
15:08:47.483760291 pdns=9117/0/active/running/ named=0/inactive/dead/ agent=640/active/ jphase=absent killpid=
15:08:47.768836582 pdns=9117/0/active/running/ named=0/inactive/dead/ agent=640/active/ jphase=absent killpid=
15:08:48.055495006 pdns=9117/0/active/running/ named=0/inactive/dead/ agent=640/active/ jphase=absent killpid=
15:08:48.442467074 pdns=9117/0/active/running/ named=0/inactive/dead/ agent=640/active/ jphase=absent killpid=
15:08:49.165059028 pdns=9117/0/active/running/ named=0/inactive/dead/ agent=640/active/ jphase=absent killpid=
15:08:49.477756735 pdns=9117/0/active/running/ named=0/inactive/dead/ agent=640/active/ jphase=absent killpid=
15:08:49.763859834 pdns=9117/0/active/running/ named=0/inactive/dead/ agent=640/active/ jphase=absent killpid=
15:08:50.051105868 pdns=9117/0/active/running/ named=0/inactive/dead/ agent=640/active/ jphase=absent killpid=
15:08:50.342995284 pdns=9117/0/active/running/ named=0/inactive/dead/ agent=640/active/ jphase=absent killpid=
15:08:50.626682145 pdns=9117/0/active/running/ named=0/inactive/dead/ agent=640/active/ jphase=absent killpid=
15:08:50.910694619 pdns=9117/0/active/running/ named=0/inactive/dead/ agent=640/active/ jphase=absent killpid=
15:08:51.209211523 pdns=9117/0/active/running/ named=0/inactive/dead/ agent=640/active/ jphase=absent killpid=
15:08:51.534232811 pdns=9117/0/active/running/ named=0/inactive/dead/ agent=640/active/ jphase=absent killpid=
15:08:51.817022769 pdns=9117/0/active/running/ named=0/inactive/dead/ agent=640/active/ jphase=absent killpid=
15:08:52.094305434 pdns=9117/0/active/running/ named=0/inactive/dead/ agent=640/active/ jphase=absent killpid=
15:08:52.384219144 pdns=9117/0/active/running/ named=0/inactive/dead/ agent=640/active/ jphase=absent killpid=
15:08:52.697633639 pdns=9117/0/active/running/ named=0/inactive/dead/ agent=640/active/ jphase=absent killpid=
15:08:52.973276629 pdns=9117/0/active/running/ named=0/inactive/dead/ agent=640/active/ jphase=absent killpid=
15:08:53.249478147 pdns=9117/0/active/running/ named=0/inactive/dead/ agent=640/active/ jphase=absent killpid=
15:08:53.533170953 pdns=9117/0/active/running/ named=0/inactive/dead/ agent=640/active/ jphase=absent killpid=
15:08:53.814635750 pdns=9117/0/active/running/ named=0/inactive/dead/ agent=640/active/ jphase=absent killpid=
15:08:54.110733135 pdns=9117/0/active/running/ named=0/inactive/dead/ agent=640/active/ jphase=absent killpid=
15:08:54.397138500 pdns=9117/0/active/running/ named=0/inactive/dead/ agent=640/active/ jphase=absent killpid=
15:08:54.716597190 pdns=9117/0/active/running/ named=0/inactive/dead/ agent=640/active/ jphase=absent killpid=
15:08:55.017507539 pdns=9117/0/active/running/ named=0/inactive/dead/ agent=640/active/ jphase=absent killpid=
15:08:55.303048759 pdns=9117/0/active/running/ named=0/inactive/dead/ agent=640/active/ jphase=absent killpid=
15:08:55.594988341 pdns=9117/0/active/running/ named=0/inactive/dead/ agent=640/active/ jphase=absent killpid=
15:08:55.899524667 pdns=9117/0/active/running/ named=0/inactive/dead/ agent=640/active/ jphase=absent killpid=
15:08:56.198691354 pdns=9117/0/active/running/ named=0/inactive/dead/ agent=640/active/ jphase=absent killpid=
15:08:56.483680584 pdns=9117/0/active/running/ named=0/inactive/dead/ agent=640/active/ jphase=absent killpid=
15:08:56.772307525 pdns=9117/0/active/running/ named=0/inactive/dead/ agent=640/active/ jphase=absent killpid=
15:08:57.064555003 pdns=9117/0/active/running/ named=0/inactive/dead/ agent=640/active/ jphase=absent killpid=
15:08:57.364993348 pdns=9117/0/active/running/ named=0/inactive/dead/ agent=640/active/ jphase=absent killpid=
15:08:57.657620014 pdns=9117/0/active/running/ named=0/inactive/dead/ agent=640/active/ jphase=absent killpid=
15:08:57.960002200 pdns=9117/0/active/running/ named=0/inactive/dead/ agent=640/active/ jphase=absent killpid=
15:08:58.311883825 pdns=9117/0/active/running/ named=0/inactive/dead/ agent=640/active/ jphase=absent killpid=
