19:50:04.537710433 CHANGE journal none -> absent
19:50:04.550059060 CHANGE ledger none -> 0c7f78352c4c1e436165f6dfea5ef5a30a347532e850b85823964a8ac00d4278
19:50:04.560285902 CHANGE state none -> 3b248c4c97e52c3248833ccddbcaf3c1104aefa7e4ad8b16c1a2bd60dfa73ce7
19:50:04.572455385 CHANGE pdnsdb none -> 470d7dc2ed89894715a154949ce42c6faef8f3960ce52efb649c133743c7541d
19:50:04.576729850 POINTER 
19:50:04.578173142 pdns=646/0/active/running/ named=0/inactive/dead/ agent=0/inactive/ jphase=absent killpid=
19:50:04.952825101 pdns=646/0/active/running/ named=0/inactive/dead/ agent=0/inactive/ jphase=absent killpid=
19:50:05.232650368 pdns=646/0/active/running/ named=0/inactive/dead/ agent=0/inactive/ jphase=absent killpid=
19:50:05.510061024 pdns=646/0/active/running/ named=0/inactive/dead/ agent=0/inactive/ jphase=absent killpid=
19:50:05.787805533 pdns=646/0/active/running/ named=0/inactive/dead/ agent=0/inactive/ jphase=absent killpid=
19:50:06.064719915 pdns=646/0/active/running/ named=0/inactive/dead/ agent=0/inactive/ jphase=absent killpid=
19:50:06.340187639 pdns=646/0/active/running/ named=0/inactive/dead/ agent=0/inactive/ jphase=absent killpid=
19:50:06.615045318 pdns=646/0/active/running/ named=0/inactive/dead/ agent=0/inactive/ jphase=absent killpid=
19:50:06.892242607 pdns=646/0/active/running/ named=0/inactive/dead/ agent=0/inactive/ jphase=absent killpid=
19:50:07.167816900 pdns=646/0/active/running/ named=0/inactive/dead/ agent=0/inactive/ jphase=absent killpid=
19:50:07.448596885 pdns=646/0/active/running/ named=0/inactive/dead/ agent=0/inactive/ jphase=absent killpid=
19:50:07.736982341 pdns=646/0/active/running/ named=0/inactive/dead/ agent=0/inactive/ jphase=absent killpid=
19:50:08.018042758 pdns=646/0/active/running/ named=0/inactive/dead/ agent=0/inactive/ jphase=absent killpid=
19:50:08.297004076 pdns=646/0/active/running/ named=0/inactive/dead/ agent=0/inactive/ jphase=absent killpid=
19:50:08.575889292 pdns=646/0/active/running/ named=0/inactive/dead/ agent=0/inactive/ jphase=absent killpid=
19:50:08.857286376 pdns=646/0/active/running/ named=0/inactive/dead/ agent=0/inactive/ jphase=absent killpid=
19:50:09.135548783 pdns=646/0/active/running/ named=0/inactive/dead/ agent=0/inactive/ jphase=absent killpid=
19:50:09.427765657 pdns=646/0/active/running/ named=0/inactive/dead/ agent=0/inactive/ jphase=absent killpid=
19:50:09.724742694 pdns=646/0/active/running/ named=0/inactive/dead/ agent=0/inactive/ jphase=absent killpid=
19:50:10.027705509 pdns=646/0/active/running/ named=0/inactive/dead/ agent=0/inactive/ jphase=absent killpid=
19:50:10.316431016 pdns=646/0/active/running/ named=0/inactive/dead/ agent=0/inactive/ jphase=absent killpid=
19:50:10.615036616 pdns=646/0/active/running/ named=0/inactive/dead/ agent=0/inactive/ jphase=absent killpid=
19:50:10.908545608 pdns=646/0/active/running/ named=0/inactive/dead/ agent=0/inactive/ jphase=absent killpid=
19:50:11.198096095 pdns=646/0/active/running/ named=0/inactive/dead/ agent=0/inactive/ jphase=absent killpid=
19:50:11.506175677 pdns=646/0/active/running/ named=0/inactive/dead/ agent=0/inactive/ jphase=absent killpid=
19:50:11.798173283 pdns=646/0/active/running/ named=0/inactive/dead/ agent=0/inactive/ jphase=absent killpid=
19:50:12.090385499 pdns=646/0/active/running/ named=0/inactive/dead/ agent=0/inactive/ jphase=absent killpid=
19:50:12.380510511 pdns=646/0/active/running/ named=0/inactive/dead/ agent=0/inactive/ jphase=absent killpid=
19:50:12.664295873 pdns=646/0/active/running/ named=0/inactive/dead/ agent=0/inactive/ jphase=absent killpid=
19:50:12.948353218 pdns=646/0/active/running/ named=0/inactive/dead/ agent=0/inactive/ jphase=absent killpid=
19:50:13.235539717 pdns=646/0/active/running/ named=0/inactive/dead/ agent=0/inactive/ jphase=absent killpid=
19:50:13.531671906 pdns=646/0/active/running/ named=0/inactive/dead/ agent=0/inactive/ jphase=absent killpid=
19:50:13.821400213 pdns=646/0/active/running/ named=0/inactive/dead/ agent=0/inactive/ jphase=absent killpid=
19:50:14.111017743 pdns=646/0/active/running/ named=0/inactive/dead/ agent=0/inactive/ jphase=absent killpid=
19:50:14.394910731 pdns=646/0/active/running/ named=0/inactive/dead/ agent=0/inactive/ jphase=absent killpid=
19:50:14.679107288 pdns=646/0/active/running/ named=0/inactive/dead/ agent=0/inactive/ jphase=absent killpid=
19:50:14.961786574 pdns=646/0/active/running/ named=0/inactive/dead/ agent=0/inactive/ jphase=absent killpid=
19:50:15.243834634 pdns=646/0/active/running/ named=0/inactive/dead/ agent=0/inactive/ jphase=absent killpid=
19:50:15.531098196 pdns=646/0/active/running/ named=0/inactive/dead/ agent=0/inactive/ jphase=absent killpid=
19:50:15.811214015 pdns=646/0/active/running/ named=0/inactive/dead/ agent=0/inactive/ jphase=absent killpid=
19:50:16.101388695 pdns=646/0/active/running/ named=0/inactive/dead/ agent=0/inactive/ jphase=absent killpid=
19:50:16.395399720 pdns=646/0/active/running/ named=0/inactive/dead/ agent=0/inactive/ jphase=absent killpid=
19:50:16.677251167 pdns=646/0/active/running/ named=0/inactive/dead/ agent=0/inactive/ jphase=absent killpid=
19:50:16.970070804 pdns=646/0/active/running/ named=0/inactive/dead/ agent=0/inactive/ jphase=absent killpid=
19:50:17.254106270 pdns=646/0/active/running/ named=0/inactive/dead/ agent=0/inactive/ jphase=absent killpid=
19:50:17.551860222 pdns=646/0/active/running/ named=0/inactive/dead/ agent=0/inactive/ jphase=absent killpid=
19:50:17.835994042 pdns=646/0/active/running/ named=0/inactive/dead/ agent=0/inactive/ jphase=absent killpid=
19:50:18.119188317 pdns=646/0/active/running/ named=0/inactive/dead/ agent=0/inactive/ jphase=absent killpid=
19:50:18.403804895 pdns=646/0/active/running/ named=0/inactive/dead/ agent=0/inactive/ jphase=absent killpid=
19:50:18.684197392 pdns=646/0/active/running/ named=0/inactive/dead/ agent=0/inactive/ jphase=absent killpid=
19:50:18.967636024 pdns=646/0/active/running/ named=0/inactive/dead/ agent=0/inactive/ jphase=absent killpid=
19:50:19.254325345 pdns=646/0/active/running/ named=0/inactive/dead/ agent=0/inactive/ jphase=absent killpid=
19:50:19.539591603 pdns=646/0/active/running/ named=0/inactive/dead/ agent=0/inactive/ jphase=absent killpid=
19:50:19.818983433 pdns=646/0/active/running/ named=0/inactive/dead/ agent=0/inactive/ jphase=absent killpid=
19:50:20.103959661 pdns=646/0/active/running/ named=0/inactive/dead/ agent=0/inactive/ jphase=absent killpid=
19:50:20.394421294 pdns=646/0/active/running/ named=0/inactive/dead/ agent=0/inactive/ jphase=absent killpid=
19:50:20.690209186 pdns=646/0/active/running/ named=0/inactive/dead/ agent=0/inactive/ jphase=absent killpid=
19:50:20.974510113 pdns=646/0/active/running/ named=0/inactive/dead/ agent=0/inactive/ jphase=absent killpid=
19:50:21.270110347 pdns=646/0/active/running/ named=0/inactive/dead/ agent=0/inactive/ jphase=absent killpid=
19:50:21.619769080 pdns=646/0/active/running/ named=0/inactive/dead/ agent=0/inactive/ jphase=absent killpid=
19:50:22.045731117 pdns=646/0/active/running/ named=0/inactive/dead/ agent=0/inactive/ jphase=absent killpid=
19:50:22.396435699 pdns=646/0/active/running/ named=0/inactive/dead/ agent=0/inactive/ jphase=absent killpid=
19:50:22.756796570 pdns=646/0/active/running/ named=0/inactive/dead/ agent=0/inactive/ jphase=absent killpid=
19:50:23.141668548 pdns=646/0/active/running/ named=0/inactive/dead/ agent=0/inactive/ jphase=absent killpid=
19:50:23.524349389 pdns=646/0/active/running/ named=0/inactive/dead/ agent=0/inactive/ jphase=absent killpid=
19:50:23.923265547 pdns=646/0/active/running/ named=0/inactive/dead/ agent=0/inactive/ jphase=absent killpid=
19:50:24.399269670 pdns=646/0/active/running/ named=0/inactive/dead/ agent=0/inactive/ jphase=absent killpid=
19:50:25.633883311 pdns=646/0/active/running/ named=0/inactive/dead/ agent=0/inactive/ jphase=absent killpid=
19:50:26.766411428 pdns=646/0/active/running/ named=0/inactive/dead/ agent=0/inactive/ jphase=absent killpid=
19:50:27.844446229 pdns=646/0/active/running/ named=0/inactive/dead/ agent=0/inactive/ jphase=absent killpid=
19:50:28.142149140 pdns=646/0/active/running/ named=0/inactive/dead/ agent=0/inactive/ jphase=absent killpid=
19:50:28.457076044 pdns=646/0/active/running/ named=0/inactive/dead/ agent=0/inactive/ jphase=absent killpid=
19:50:28.735338475 pdns=646/0/active/running/ named=0/inactive/dead/ agent=0/inactive/ jphase=absent killpid=
19:50:29.015287872 pdns=646/0/active/running/ named=0/inactive/dead/ agent=0/inactive/ jphase=absent killpid=
19:50:29.292742525 pdns=646/0/active/running/ named=0/inactive/dead/ agent=0/inactive/ jphase=absent killpid=
19:50:29.569234790 pdns=646/0/active/running/ named=0/inactive/dead/ agent=0/inactive/ jphase=absent killpid=
19:50:29.846612472 pdns=646/0/active/running/ named=0/inactive/dead/ agent=0/inactive/ jphase=absent killpid=
19:50:30.130348873 pdns=646/0/active/running/ named=0/inactive/dead/ agent=0/inactive/ jphase=absent killpid=
19:50:30.410511478 pdns=646/0/active/running/ named=0/inactive/dead/ agent=0/inactive/ jphase=absent killpid=
19:50:30.696175981 pdns=646/0/active/running/ named=0/inactive/dead/ agent=0/inactive/ jphase=absent killpid=
19:50:30.987467989 pdns=646/0/active/running/ named=0/inactive/dead/ agent=0/inactive/ jphase=absent killpid=
19:50:31.269594987 pdns=646/0/active/running/ named=0/inactive/dead/ agent=0/inactive/ jphase=absent killpid=
19:50:31.548480060 pdns=646/0/active/running/ named=0/inactive/dead/ agent=0/inactive/ jphase=absent killpid=
19:50:31.825331374 pdns=646/0/active/running/ named=0/inactive/dead/ agent=0/inactive/ jphase=absent killpid=
19:50:32.108461984 pdns=646/0/active/running/ named=0/inactive/dead/ agent=0/inactive/ jphase=absent killpid=
19:50:32.404673395 pdns=646/0/active/running/ named=0/inactive/dead/ agent=0/inactive/ jphase=absent killpid=
19:50:31.763860393 pdns=646/0/active/running/ named=0/inactive/dead/ agent=0/inactive/ jphase=absent killpid=
19:50:32.045700964 pdns=646/0/active/running/ named=0/inactive/dead/ agent=0/inactive/ jphase=absent killpid=
19:50:32.335567700 pdns=646/0/active/running/ named=0/inactive/dead/ agent=0/inactive/ jphase=absent killpid=
19:50:32.616647517 pdns=646/0/active/running/ named=0/inactive/dead/ agent=0/inactive/ jphase=absent killpid=
19:50:32.901900280 pdns=646/0/active/running/ named=0/inactive/dead/ agent=0/inactive/ jphase=absent killpid=
19:50:33.185028985 pdns=646/0/active/running/ named=0/inactive/dead/ agent=0/inactive/ jphase=absent killpid=
19:50:33.470377317 pdns=646/0/active/running/ named=0/inactive/dead/ agent=0/inactive/ jphase=absent killpid=
19:50:33.754343423 pdns=646/0/active/running/ named=0/inactive/dead/ agent=0/inactive/ jphase=absent killpid=
19:50:34.053719722 pdns=646/0/active/running/ named=0/inactive/dead/ agent=0/inactive/ jphase=absent killpid=
19:50:34.341730226 pdns=646/0/active/running/ named=0/inactive/dead/ agent=0/inactive/ jphase=absent killpid=
done
