19:18:56.409546162 CHANGE journal none -> absent
19:18:56.423117907 CHANGE ledger none -> 50c872f0c71a216da248174b9e77a8d68ee0977b340be17c6e7abfa1b155918f
19:18:56.433027539 CHANGE state none -> fbdf1fbb016dbf9c42442e9ee82d4748631b6f0d32e258dce2288fa6e915653d
19:18:56.436270194 CHANGE pdnsdb none -> absent
19:18:56.441311254 POINTER /var/cache/bind/celikpanel mtime=2026-09-29 19:18:02.214555746 +0000 ino=131583 /var/cache/bind/celikpanel/current mtime=2026-09-29 19:18:02.206555672 +0000 ino=131627 -> '/var/cache/bind/celikpanel/current' -> 'generations/895b81c7731b93aa00d5883bc78be70b2fbe0449895f9db8157f05592e01222f' 
19:18:56.442908597 pdns=0/0/inactive/dead/ named=653/active/running/ agent=641/active/ jphase=absent killpid=
19:18:56.782358421 pdns=0/0/inactive/dead/ named=653/active/running/ agent=641/active/ jphase=absent killpid=
19:18:57.049859606 pdns=0/0/inactive/dead/ named=653/active/running/ agent=641/active/ jphase=absent killpid=
19:18:57.320486078 pdns=0/0/inactive/dead/ named=653/active/running/ agent=641/active/ jphase=absent killpid=
19:18:57.593759458 pdns=0/0/inactive/dead/ named=653/active/running/ agent=641/active/ jphase=absent killpid=
19:18:57.867389487 pdns=0/0/inactive/dead/ named=653/active/running/ agent=641/active/ jphase=absent killpid=
19:18:58.151289053 pdns=0/0/inactive/dead/ named=653/active/running/ agent=641/active/ jphase=absent killpid=
19:18:58.440152132 pdns=0/0/inactive/dead/ named=653/active/running/ agent=641/active/ jphase=absent killpid=
19:18:58.725022829 pdns=0/0/inactive/dead/ named=653/active/running/ agent=641/active/ jphase=absent killpid=
19:18:58.994857720 pdns=0/0/inactive/dead/ named=653/active/running/ agent=641/active/ jphase=absent killpid=
19:18:59.267963607 pdns=0/0/inactive/dead/ named=653/active/running/ agent=641/active/ jphase=absent killpid=
19:18:59.540365598 pdns=0/0/inactive/dead/ named=653/active/running/ agent=641/active/ jphase=absent killpid=
19:18:59.809337109 pdns=0/0/inactive/dead/ named=653/active/running/ agent=641/active/ jphase=absent killpid=
19:19:00.078754497 pdns=0/0/inactive/dead/ named=653/active/running/ agent=641/active/ jphase=absent killpid=
19:19:00.351036629 pdns=0/0/inactive/dead/ named=653/active/running/ agent=641/active/ jphase=absent killpid=
19:19:00.626587970 pdns=0/0/inactive/dead/ named=653/active/running/ agent=641/active/ jphase=absent killpid=
19:19:00.898136438 pdns=0/0/inactive/dead/ named=653/active/running/ agent=641/active/ jphase=absent killpid=
19:19:01.168771788 pdns=0/0/inactive/dead/ named=653/active/running/ agent=641/active/ jphase=absent killpid=
19:19:01.439312209 pdns=0/0/inactive/dead/ named=653/active/running/ agent=641/active/ jphase=absent killpid=
19:19:01.711317561 pdns=0/0/inactive/dead/ named=653/active/running/ agent=641/active/ jphase=absent killpid=
19:19:01.982053556 pdns=0/0/inactive/dead/ named=653/active/running/ agent=641/active/ jphase=absent killpid=
19:19:02.254164442 pdns=0/0/inactive/dead/ named=653/active/running/ agent=641/active/ jphase=absent killpid=
19:19:02.529360351 pdns=0/0/inactive/dead/ named=653/active/running/ agent=641/active/ jphase=absent killpid=
19:19:02.803997119 pdns=0/0/inactive/dead/ named=653/active/running/ agent=641/active/ jphase=absent killpid=
19:19:03.075980720 pdns=0/0/inactive/dead/ named=653/active/running/ agent=641/active/ jphase=absent killpid=
19:19:03.350432751 pdns=0/0/inactive/dead/ named=653/active/running/ agent=641/active/ jphase=absent killpid=
19:19:03.623854490 pdns=0/0/inactive/dead/ named=653/active/running/ agent=641/active/ jphase=absent killpid=
19:19:03.894515183 pdns=0/0/inactive/dead/ named=653/active/running/ agent=641/active/ jphase=absent killpid=
19:19:04.164952978 pdns=0/0/inactive/dead/ named=653/active/running/ agent=641/active/ jphase=absent killpid=
19:19:04.439579504 pdns=0/0/inactive/dead/ named=653/active/running/ agent=641/active/ jphase=absent killpid=
19:19:04.717538531 pdns=0/0/inactive/dead/ named=653/active/running/ agent=641/active/ jphase=absent killpid=
19:19:04.990952990 pdns=0/0/inactive/dead/ named=653/active/running/ agent=641/active/ jphase=absent killpid=
19:19:05.266926328 pdns=0/0/inactive/dead/ named=653/active/running/ agent=641/active/ jphase=absent killpid=
19:19:05.536740927 pdns=0/0/inactive/dead/ named=653/active/running/ agent=641/active/ jphase=absent killpid=
19:19:05.807725543 pdns=0/0/inactive/dead/ named=653/active/running/ agent=641/active/ jphase=absent killpid=
19:19:06.086326688 pdns=0/0/inactive/dead/ named=653/active/running/ agent=641/active/ jphase=absent killpid=
19:19:06.359603412 pdns=0/0/inactive/dead/ named=653/active/running/ agent=641/active/ jphase=absent killpid=
19:19:06.630260211 pdns=0/0/inactive/dead/ named=653/active/running/ agent=641/active/ jphase=absent killpid=
19:19:06.900847735 pdns=0/0/inactive/dead/ named=653/active/running/ agent=641/active/ jphase=absent killpid=
19:19:07.172682460 pdns=0/0/inactive/dead/ named=653/active/running/ agent=641/active/ jphase=absent killpid=
19:19:07.446316787 pdns=0/0/inactive/dead/ named=653/active/running/ agent=641/active/ jphase=absent killpid=
19:19:07.717786543 pdns=0/0/inactive/dead/ named=653/active/running/ agent=641/active/ jphase=absent killpid=
19:19:07.987679225 pdns=0/0/inactive/dead/ named=653/active/running/ agent=641/active/ jphase=absent killpid=
19:19:08.259172112 pdns=0/0/inactive/dead/ named=653/active/running/ agent=641/active/ jphase=absent killpid=
19:19:08.528129728 pdns=0/0/inactive/dead/ named=653/active/running/ agent=641/active/ jphase=absent killpid=
19:19:08.799651112 pdns=0/0/inactive/dead/ named=653/active/running/ agent=641/active/ jphase=absent killpid=
19:19:09.070588460 pdns=0/0/inactive/dead/ named=653/active/running/ agent=641/active/ jphase=absent killpid=
19:19:09.339563556 pdns=0/0/inactive/dead/ named=653/active/running/ agent=641/active/ jphase=absent killpid=
19:19:09.612310029 pdns=0/0/inactive/dead/ named=653/active/running/ agent=641/active/ jphase=absent killpid=
19:19:09.882375785 pdns=0/0/inactive/dead/ named=653/active/running/ agent=641/active/ jphase=absent killpid=
19:19:10.163037522 pdns=0/0/inactive/dead/ named=653/active/running/ agent=641/active/ jphase=absent killpid=
19:19:10.436829674 pdns=0/0/inactive/dead/ named=653/active/running/ agent=641/active/ jphase=absent killpid=
19:19:10.708136308 pdns=0/0/inactive/dead/ named=653/active/running/ agent=641/active/ jphase=absent killpid=
19:19:10.979039407 pdns=0/0/inactive/dead/ named=653/active/running/ agent=641/active/ jphase=absent killpid=
19:19:11.249236048 pdns=0/0/inactive/dead/ named=653/active/running/ agent=641/active/ jphase=absent killpid=
19:19:11.520524164 pdns=0/0/inactive/dead/ named=653/active/running/ agent=641/active/ jphase=absent killpid=
19:19:11.791445145 pdns=0/0/inactive/dead/ named=653/active/running/ agent=641/active/ jphase=absent killpid=
19:19:12.061099013 pdns=0/0/inactive/dead/ named=653/active/running/ agent=641/active/ jphase=absent killpid=
19:19:12.331638118 pdns=0/0/inactive/dead/ named=653/active/running/ agent=641/active/ jphase=absent killpid=
19:19:12.626258995 pdns=0/0/inactive/dead/ named=653/active/running/ agent=641/active/ jphase=absent killpid=
19:19:12.899344882 pdns=0/0/inactive/dead/ named=653/active/running/ agent=641/active/ jphase=absent killpid=
19:19:13.173864006 pdns=0/0/inactive/dead/ named=653/active/running/ agent=641/active/ jphase=absent killpid=
19:19:13.449366504 pdns=0/0/inactive/dead/ named=653/active/running/ agent=641/active/ jphase=absent killpid=
19:19:13.720552744 pdns=0/0/inactive/dead/ named=653/active/running/ agent=641/active/ jphase=absent killpid=
19:19:13.990309779 pdns=0/0/inactive/dead/ named=653/active/running/ agent=641/active/ jphase=absent killpid=
19:19:14.271427398 pdns=0/0/inactive/dead/ named=653/active/running/ agent=641/active/ jphase=absent killpid=
19:19:14.542147223 pdns=0/0/inactive/dead/ named=653/active/running/ agent=641/active/ jphase=absent killpid=
19:19:14.810518914 pdns=0/0/inactive/dead/ named=653/active/running/ agent=641/active/ jphase=absent killpid=
19:19:15.081043075 pdns=0/0/inactive/dead/ named=653/active/running/ agent=641/active/ jphase=absent killpid=
19:19:15.351432784 pdns=0/0/inactive/dead/ named=653/active/running/ agent=641/active/ jphase=absent killpid=
19:19:15.625996584 pdns=0/0/inactive/dead/ named=653/active/running/ agent=641/active/ jphase=absent killpid=
19:19:15.900556419 pdns=0/0/inactive/dead/ named=653/active/running/ agent=641/active/ jphase=absent killpid=
19:19:16.172488872 pdns=0/0/inactive/dead/ named=653/active/running/ agent=641/active/ jphase=absent killpid=
19:19:16.442971335 pdns=0/0/inactive/dead/ named=653/active/running/ agent=641/active/ jphase=absent killpid=
19:19:16.711977848 pdns=0/0/inactive/dead/ named=653/active/running/ agent=641/active/ jphase=absent killpid=
19:19:16.983824280 pdns=0/0/inactive/dead/ named=653/active/running/ agent=641/active/ jphase=absent killpid=
19:19:17.255668945 pdns=0/0/inactive/dead/ named=653/active/running/ agent=641/active/ jphase=absent killpid=
19:19:17.524512603 pdns=0/0/inactive/dead/ named=653/active/running/ agent=641/active/ jphase=absent killpid=
19:19:17.793695883 pdns=0/0/inactive/dead/ named=653/active/running/ agent=641/active/ jphase=absent killpid=
19:19:18.063551185 pdns=0/0/inactive/dead/ named=653/active/running/ agent=641/active/ jphase=absent killpid=
19:19:18.335948298 pdns=0/0/inactive/dead/ named=653/active/running/ agent=641/active/ jphase=absent killpid=
19:19:18.606933068 pdns=0/0/inactive/dead/ named=653/active/running/ agent=641/active/ jphase=absent killpid=
19:19:18.878144120 pdns=0/0/inactive/dead/ named=653/active/running/ agent=641/active/ jphase=absent killpid=
19:19:19.147980429 pdns=0/0/inactive/dead/ named=653/active/running/ agent=641/active/ jphase=absent killpid=
19:19:19.416265687 pdns=0/0/inactive/dead/ named=653/active/running/ agent=641/active/ jphase=absent killpid=
19:19:19.688540579 pdns=0/0/inactive/dead/ named=653/active/running/ agent=641/active/ jphase=absent killpid=
19:19:19.959657425 pdns=0/0/inactive/dead/ named=653/active/running/ agent=641/active/ jphase=absent killpid=
19:19:20.228932789 pdns=0/0/inactive/dead/ named=653/active/running/ agent=641/active/ jphase=absent killpid=
19:19:20.498273553 pdns=0/0/inactive/dead/ named=653/active/running/ agent=641/active/ jphase=absent killpid=
19:19:20.767083739 pdns=0/0/inactive/dead/ named=653/active/running/ agent=641/active/ jphase=absent killpid=
19:19:21.036764747 pdns=0/0/inactive/dead/ named=653/active/running/ agent=641/active/ jphase=absent killpid=
19:19:21.308463285 pdns=0/0/inactive/dead/ named=653/active/running/ agent=641/active/ jphase=absent killpid=
19:19:21.577930386 pdns=0/0/inactive/dead/ named=653/active/running/ agent=641/active/ jphase=absent killpid=
19:19:21.847848828 pdns=0/0/inactive/dead/ named=653/active/running/ agent=641/active/ jphase=absent killpid=
19:19:22.122574010 pdns=0/0/inactive/dead/ named=653/active/running/ agent=641/active/ jphase=absent killpid=
19:19:22.394788231 pdns=0/0/inactive/dead/ named=653/active/running/ agent=641/active/ jphase=absent killpid=
19:19:22.664324510 pdns=0/0/inactive/dead/ named=653/active/running/ agent=641/active/ jphase=absent killpid=
19:19:22.932509746 pdns=0/0/inactive/dead/ named=653/active/running/ agent=641/active/ jphase=absent killpid=
19:19:23.203955407 pdns=0/0/inactive/dead/ named=653/active/running/ agent=641/active/ jphase=absent killpid=
19:19:23.479673267 pdns=0/0/inactive/dead/ named=653/active/running/ agent=641/active/ jphase=absent killpid=
19:19:23.752460930 pdns=0/0/inactive/dead/ named=653/active/running/ agent=641/active/ jphase=absent killpid=
19:19:24.032734921 pdns=0/0/inactive/dead/ named=653/active/running/ agent=641/active/ jphase=absent killpid=
19:19:24.317052344 pdns=0/0/inactive/dead/ named=653/active/running/ agent=641/active/ jphase=absent killpid=
19:19:24.595633339 pdns=0/0/inactive/dead/ named=653/active/running/ agent=641/active/ jphase=absent killpid=
19:19:24.869255638 pdns=0/0/inactive/dead/ named=653/active/running/ agent=641/active/ jphase=absent killpid=
19:19:25.167906919 pdns=0/0/inactive/dead/ named=653/active/running/ agent=641/active/ jphase=absent killpid=
19:19:25.490756317 pdns=0/0/inactive/dead/ named=653/active/running/ agent=641/active/ jphase=absent killpid=
19:19:25.779071939 pdns=0/0/inactive/dead/ named=653/active/running/ agent=641/active/ jphase=absent killpid=
19:19:26.058898408 pdns=0/0/inactive/dead/ named=653/active/running/ agent=641/active/ jphase=absent killpid=
19:19:26.344007365 pdns=0/0/inactive/dead/ named=653/active/running/ agent=641/active/ jphase=absent killpid=
19:19:26.626861079 pdns=0/0/inactive/dead/ named=653/active/running/ agent=641/active/ jphase=absent killpid=
19:19:26.906412092 pdns=0/0/inactive/dead/ named=653/active/running/ agent=641/active/ jphase=absent killpid=
19:19:27.186547213 pdns=0/0/inactive/dead/ named=653/active/running/ agent=641/active/ jphase=absent killpid=
19:19:27.470151797 pdns=0/0/inactive/dead/ named=653/active/running/ agent=641/active/ jphase=absent killpid=
19:19:27.767840265 pdns=0/0/inactive/dead/ named=653/active/running/ agent=641/active/ jphase=absent killpid=
19:19:28.049476504 pdns=0/0/inactive/dead/ named=653/active/running/ agent=641/active/ jphase=absent killpid=
19:19:28.328491133 pdns=0/0/inactive/dead/ named=653/active/running/ agent=641/active/ jphase=absent killpid=
19:19:28.610598325 pdns=0/0/inactive/dead/ named=653/active/running/ agent=641/active/ jphase=absent killpid=
19:19:28.903583583 pdns=0/0/inactive/dead/ named=653/active/running/ agent=641/active/ jphase=absent killpid=
done
