08:54:52.222856433 CHANGE journal none -> absent
08:54:52.232424126 CHANGE ledger none -> 462c0058fb461e8430c0b605cb687084ac451b7b4e80f86fd2a04a67b670e4f1
08:54:52.241959600 CHANGE state none -> b9d83ffe8a6d99833b591ffb92c0e04da9f79c0e954cbfcb9c995bf4abb9fca8
08:54:52.251485566 CHANGE pdnsdb none -> 96e00dbe62d14048b60c371e7a3c39feceed2e6f8f2df7407f3718feba81f5b6
08:54:52.254498402 POINTER 
08:54:52.255685544 pdns=642/0/active/running/ named=0/inactive/dead/ agent=0/inactive/ jphase=absent killpid=
08:54:52.628428826 pdns=642/0/active/running/ named=0/inactive/dead/ agent=0/inactive/ jphase=absent killpid=
08:54:52.905349518 pdns=642/0/active/running/ named=0/inactive/dead/ agent=0/inactive/ jphase=absent killpid=
08:54:53.183001516 pdns=642/0/active/running/ named=0/inactive/dead/ agent=0/inactive/ jphase=absent killpid=
08:54:53.467732765 pdns=642/0/active/running/ named=0/inactive/dead/ agent=0/inactive/ jphase=absent killpid=
08:54:53.747218691 pdns=642/0/active/running/ named=0/inactive/dead/ agent=0/inactive/ jphase=absent killpid=
08:54:54.028455971 pdns=642/0/active/running/ named=0/inactive/dead/ agent=0/inactive/ jphase=absent killpid=
08:54:54.326688137 pdns=642/0/active/running/ named=0/inactive/dead/ agent=0/inactive/ jphase=absent killpid=
08:54:54.630193823 pdns=642/0/active/running/ named=0/inactive/dead/ agent=0/inactive/ jphase=absent killpid=
08:54:54.924206165 pdns=642/0/active/running/ named=0/inactive/dead/ agent=0/inactive/ jphase=absent killpid=
08:54:55.200244062 pdns=642/0/active/running/ named=0/inactive/dead/ agent=0/inactive/ jphase=absent killpid=
08:54:55.476737869 pdns=642/0/active/running/ named=0/inactive/dead/ agent=0/inactive/ jphase=absent killpid=
08:54:55.751734447 pdns=642/0/active/running/ named=0/inactive/dead/ agent=0/inactive/ jphase=absent killpid=
08:54:56.032327275 pdns=642/0/active/running/ named=0/inactive/dead/ agent=0/inactive/ jphase=absent killpid=
08:54:56.316652942 pdns=642/0/active/running/ named=0/inactive/dead/ agent=0/inactive/ jphase=absent killpid=
08:54:56.592273961 pdns=642/0/active/running/ named=0/inactive/dead/ agent=0/inactive/ jphase=absent killpid=
08:54:56.864820962 pdns=642/0/active/running/ named=0/inactive/dead/ agent=0/inactive/ jphase=absent killpid=
08:54:57.139136941 pdns=642/0/active/running/ named=0/inactive/dead/ agent=0/inactive/ jphase=absent killpid=
08:54:57.412849755 pdns=642/0/active/running/ named=0/inactive/dead/ agent=0/inactive/ jphase=absent killpid=
08:54:57.692353271 pdns=642/0/active/running/ named=0/inactive/dead/ agent=0/inactive/ jphase=absent killpid=
08:54:57.969165531 pdns=642/0/active/running/ named=0/inactive/dead/ agent=0/inactive/ jphase=absent killpid=
08:54:58.244314885 pdns=642/0/active/running/ named=0/inactive/dead/ agent=0/inactive/ jphase=absent killpid=
08:54:58.522699838 pdns=642/0/active/running/ named=0/inactive/dead/ agent=0/inactive/ jphase=absent killpid=
08:54:58.804309117 pdns=642/0/active/running/ named=0/inactive/dead/ agent=0/inactive/ jphase=absent killpid=
08:54:59.082097952 pdns=642/0/active/running/ named=0/inactive/dead/ agent=0/inactive/ jphase=absent killpid=
08:54:59.358750484 pdns=642/0/active/running/ named=0/inactive/dead/ agent=0/inactive/ jphase=absent killpid=
08:54:59.636883749 pdns=642/0/active/running/ named=0/inactive/dead/ agent=0/inactive/ jphase=absent killpid=
08:54:59.913564776 pdns=642/0/active/running/ named=0/inactive/dead/ agent=0/inactive/ jphase=absent killpid=
08:55:00.195032082 pdns=642/0/active/running/ named=0/inactive/dead/ agent=0/inactive/ jphase=absent killpid=
08:55:00.470525847 pdns=642/0/active/running/ named=0/inactive/dead/ agent=0/inactive/ jphase=absent killpid=
08:55:00.747077362 pdns=642/0/active/running/ named=0/inactive/dead/ agent=0/inactive/ jphase=absent killpid=
08:55:01.024134359 pdns=642/0/active/running/ named=0/inactive/dead/ agent=0/inactive/ jphase=absent killpid=
08:55:01.303322629 pdns=642/0/active/running/ named=0/inactive/dead/ agent=0/inactive/ jphase=absent killpid=
08:55:01.586057538 pdns=642/0/active/running/ named=0/inactive/dead/ agent=0/inactive/ jphase=absent killpid=
08:55:01.858932582 pdns=642/0/active/running/ named=0/inactive/dead/ agent=0/inactive/ jphase=absent killpid=
08:55:02.135951620 pdns=642/0/active/running/ named=0/inactive/dead/ agent=0/inactive/ jphase=absent killpid=
08:55:02.422030463 pdns=642/0/active/running/ named=0/inactive/dead/ agent=0/inactive/ jphase=absent killpid=
08:55:02.701189116 pdns=642/0/active/running/ named=0/inactive/dead/ agent=0/inactive/ jphase=absent killpid=
08:55:02.981030335 pdns=642/0/active/running/ named=0/inactive/dead/ agent=0/inactive/ jphase=absent killpid=
08:55:03.284348419 pdns=642/0/active/running/ named=0/inactive/dead/ agent=0/inactive/ jphase=absent killpid=
08:55:03.570219647 pdns=642/0/active/running/ named=0/inactive/dead/ agent=0/inactive/ jphase=absent killpid=
08:55:03.852823524 pdns=642/0/active/running/ named=0/inactive/dead/ agent=0/inactive/ jphase=absent killpid=
08:55:04.131883515 pdns=642/0/active/running/ named=0/inactive/dead/ agent=0/inactive/ jphase=absent killpid=
08:55:04.416285504 pdns=642/0/active/running/ named=0/inactive/dead/ agent=0/inactive/ jphase=absent killpid=
08:55:04.702379795 pdns=642/0/active/running/ named=0/inactive/dead/ agent=0/inactive/ jphase=absent killpid=
08:55:04.979593834 pdns=642/0/active/running/ named=0/inactive/dead/ agent=0/inactive/ jphase=absent killpid=
08:55:05.257493261 pdns=642/0/active/running/ named=0/inactive/dead/ agent=0/inactive/ jphase=absent killpid=
08:55:05.536903006 pdns=642/0/active/running/ named=0/inactive/dead/ agent=0/inactive/ jphase=absent killpid=
08:55:05.817042439 pdns=642/0/active/running/ named=0/inactive/dead/ agent=0/inactive/ jphase=absent killpid=
08:55:06.093228249 pdns=642/0/active/running/ named=0/inactive/dead/ agent=0/inactive/ jphase=absent killpid=
08:55:06.368428378 pdns=642/0/active/running/ named=0/inactive/dead/ agent=0/inactive/ jphase=absent killpid=
08:55:06.654581870 pdns=642/0/active/running/ named=0/inactive/dead/ agent=0/inactive/ jphase=absent killpid=
08:55:06.930715616 pdns=642/0/active/running/ named=0/inactive/dead/ agent=0/inactive/ jphase=absent killpid=
08:55:07.205168327 pdns=642/0/active/running/ named=0/inactive/dead/ agent=0/inactive/ jphase=absent killpid=
08:55:07.480408572 pdns=642/0/active/running/ named=0/inactive/dead/ agent=0/inactive/ jphase=absent killpid=
08:55:07.753270600 pdns=642/0/active/running/ named=0/inactive/dead/ agent=0/inactive/ jphase=absent killpid=
08:55:08.027726526 pdns=642/0/active/running/ named=0/inactive/dead/ agent=0/inactive/ jphase=absent killpid=
08:55:08.302523914 pdns=642/0/active/running/ named=0/inactive/dead/ agent=0/inactive/ jphase=absent killpid=
08:55:08.577586393 pdns=642/0/active/running/ named=0/inactive/dead/ agent=0/inactive/ jphase=absent killpid=
08:55:08.853021929 pdns=642/0/active/running/ named=0/inactive/dead/ agent=0/inactive/ jphase=absent killpid=
08:55:09.128484804 pdns=642/0/active/running/ named=0/inactive/dead/ agent=0/inactive/ jphase=absent killpid=
08:55:09.403760079 pdns=642/0/active/running/ named=0/inactive/dead/ agent=0/inactive/ jphase=absent killpid=
08:55:09.679812447 pdns=642/0/active/running/ named=0/inactive/dead/ agent=0/inactive/ jphase=absent killpid=
08:55:09.957336565 pdns=642/0/active/running/ named=0/inactive/dead/ agent=0/inactive/ jphase=absent killpid=
08:55:10.232980567 pdns=642/0/active/running/ named=0/inactive/dead/ agent=0/inactive/ jphase=absent killpid=
08:55:10.509999082 pdns=642/0/active/running/ named=0/inactive/dead/ agent=0/inactive/ jphase=absent killpid=
08:55:10.784456957 pdns=642/0/active/running/ named=0/inactive/dead/ agent=0/inactive/ jphase=absent killpid=
08:55:11.058326602 pdns=642/0/active/running/ named=0/inactive/dead/ agent=0/inactive/ jphase=absent killpid=
08:55:11.333558438 pdns=642/0/active/running/ named=0/inactive/dead/ agent=0/inactive/ jphase=absent killpid=
08:55:11.608111898 pdns=642/0/active/running/ named=0/inactive/dead/ agent=0/inactive/ jphase=absent killpid=
08:55:11.884083983 pdns=642/0/active/running/ named=0/inactive/dead/ agent=0/inactive/ jphase=absent killpid=
08:55:12.157253414 pdns=642/0/active/running/ named=0/inactive/dead/ agent=0/inactive/ jphase=absent killpid=
08:55:12.433193700 pdns=642/0/active/running/ named=0/inactive/dead/ agent=0/inactive/ jphase=absent killpid=
08:55:12.708724013 pdns=642/0/active/running/ named=0/inactive/dead/ agent=0/inactive/ jphase=absent killpid=
08:55:12.983712664 pdns=642/0/active/running/ named=0/inactive/dead/ agent=0/inactive/ jphase=absent killpid=
08:55:13.256865705 pdns=642/0/active/running/ named=0/inactive/dead/ agent=0/inactive/ jphase=absent killpid=
08:55:13.531470862 pdns=642/0/active/running/ named=0/inactive/dead/ agent=0/inactive/ jphase=absent killpid=
08:55:13.816936723 pdns=642/0/active/running/ named=0/inactive/dead/ agent=0/inactive/ jphase=absent killpid=
08:55:14.092845839 pdns=642/0/active/running/ named=0/inactive/dead/ agent=0/inactive/ jphase=absent killpid=
08:55:14.373011013 pdns=642/0/active/running/ named=0/inactive/dead/ agent=0/inactive/ jphase=absent killpid=
08:55:14.650886216 pdns=642/0/active/running/ named=0/inactive/dead/ agent=0/inactive/ jphase=absent killpid=
08:55:14.930942394 pdns=642/0/active/running/ named=0/inactive/dead/ agent=0/inactive/ jphase=absent killpid=
08:55:15.206631160 pdns=642/0/active/running/ named=0/inactive/dead/ agent=0/inactive/ jphase=absent killpid=
08:55:15.479939430 pdns=642/0/active/running/ named=0/inactive/dead/ agent=0/inactive/ jphase=absent killpid=
08:55:15.754606121 pdns=642/0/active/running/ named=0/inactive/dead/ agent=0/inactive/ jphase=absent killpid=
08:55:16.029017639 pdns=642/0/active/running/ named=0/inactive/dead/ agent=0/inactive/ jphase=absent killpid=
08:55:16.306788846 pdns=642/0/active/running/ named=0/inactive/dead/ agent=0/inactive/ jphase=absent killpid=
08:55:16.582981372 pdns=642/0/active/running/ named=0/inactive/dead/ agent=0/inactive/ jphase=absent killpid=
08:55:16.861375421 pdns=642/0/active/running/ named=0/inactive/dead/ agent=0/inactive/ jphase=absent killpid=
08:55:17.143889351 pdns=642/0/active/running/ named=0/inactive/dead/ agent=0/inactive/ jphase=absent killpid=
08:55:17.418685333 pdns=642/0/active/running/ named=0/inactive/dead/ agent=0/inactive/ jphase=absent killpid=
08:55:17.693404954 pdns=642/0/active/running/ named=0/inactive/dead/ agent=0/inactive/ jphase=absent killpid=
08:55:17.968691093 pdns=642/0/active/running/ named=0/inactive/dead/ agent=0/inactive/ jphase=absent killpid=
08:55:18.249726475 pdns=642/0/active/running/ named=0/inactive/dead/ agent=0/inactive/ jphase=absent killpid=
08:55:18.523593886 pdns=642/0/active/running/ named=0/inactive/dead/ agent=0/inactive/ jphase=absent killpid=
08:55:18.796847726 pdns=642/0/active/running/ named=0/inactive/dead/ agent=0/inactive/ jphase=absent killpid=
08:55:19.073027709 pdns=642/0/active/running/ named=0/inactive/dead/ agent=0/inactive/ jphase=absent killpid=
08:55:19.350914681 pdns=642/0/active/running/ named=0/inactive/dead/ agent=0/inactive/ jphase=absent killpid=
08:55:19.628408473 pdns=642/0/active/running/ named=0/inactive/dead/ agent=0/inactive/ jphase=absent killpid=
08:55:19.901064528 pdns=642/0/active/running/ named=0/inactive/dead/ agent=0/inactive/ jphase=absent killpid=
08:55:20.176817813 pdns=642/0/active/running/ named=0/inactive/dead/ agent=0/inactive/ jphase=absent killpid=
08:55:20.461177787 pdns=642/0/active/running/ named=0/inactive/dead/ agent=0/inactive/ jphase=absent killpid=
08:55:20.743054515 pdns=642/0/active/running/ named=0/inactive/dead/ agent=0/inactive/ jphase=absent killpid=
08:55:21.024985888 pdns=642/0/active/running/ named=0/inactive/dead/ agent=0/inactive/ jphase=absent killpid=
08:55:21.302988927 pdns=642/0/active/running/ named=0/inactive/dead/ agent=0/inactive/ jphase=absent killpid=
08:55:21.583183062 pdns=642/0/active/running/ named=0/inactive/dead/ agent=0/inactive/ jphase=absent killpid=
08:55:21.863237337 pdns=642/0/active/running/ named=0/inactive/dead/ agent=0/inactive/ jphase=absent killpid=
08:55:22.143289835 pdns=642/0/active/running/ named=0/inactive/dead/ agent=0/inactive/ jphase=absent killpid=
08:55:22.419261424 pdns=642/0/active/running/ named=0/inactive/dead/ agent=0/inactive/ jphase=absent killpid=
08:55:22.695441278 pdns=642/0/active/running/ named=0/inactive/dead/ agent=0/inactive/ jphase=absent killpid=
08:55:22.971919817 pdns=642/0/active/running/ named=0/inactive/dead/ agent=0/inactive/ jphase=absent killpid=
08:55:23.249230475 pdns=642/0/active/running/ named=0/inactive/dead/ agent=0/inactive/ jphase=absent killpid=
08:55:23.528949041 pdns=642/0/active/running/ named=0/inactive/dead/ agent=0/inactive/ jphase=absent killpid=
08:55:23.803935981 pdns=642/0/active/running/ named=0/inactive/dead/ agent=0/inactive/ jphase=absent killpid=
08:55:24.083612360 pdns=642/0/active/running/ named=0/inactive/dead/ agent=0/inactive/ jphase=absent killpid=
08:55:24.364729981 pdns=642/0/active/running/ named=0/inactive/dead/ agent=0/inactive/ jphase=absent killpid=
08:55:24.647245059 pdns=642/0/active/running/ named=0/inactive/dead/ agent=0/inactive/ jphase=absent killpid=
08:55:24.925252826 pdns=642/0/active/running/ named=0/inactive/dead/ agent=0/inactive/ jphase=absent killpid=
08:55:25.204230385 pdns=642/0/active/running/ named=0/inactive/dead/ agent=0/inactive/ jphase=absent killpid=
08:55:25.487078706 pdns=642/0/active/running/ named=0/inactive/dead/ agent=0/inactive/ jphase=absent killpid=
done
