14:58:22.281324539 CHANGE journal none -> absent
14:58:22.293530328 CHANGE ledger none -> 5694f432822e4021603acabbb9b16f6014432dd1711c84275b12721d5bc4e97e
14:58:22.301176431 CHANGE state none -> 44123b1175908f23676aa5c7375e429ee8f45d1a981ab3d7a0a704575c6df324
14:58:22.304313627 POINTER 
14:58:22.305531487 pdns=658/0/active/running/ named=0/inactive/dead/ agent=643/active/ jphase=absent killpid=
14:58:22.640238572 pdns=658/0/active/running/ named=0/inactive/dead/ agent=643/active/ jphase=absent killpid=
14:58:22.908352640 pdns=658/0/active/running/ named=0/inactive/dead/ agent=643/active/ jphase=absent killpid=
14:58:23.187555403 pdns=658/0/active/running/ named=0/inactive/dead/ agent=643/active/ jphase=absent killpid=
14:58:23.472965605 pdns=658/0/active/running/ named=0/inactive/dead/ agent=643/active/ jphase=absent killpid=
14:58:23.762838888 pdns=658/0/active/running/ named=0/inactive/dead/ agent=643/active/ jphase=absent killpid=
14:58:24.054719028 pdns=658/0/active/running/ named=0/inactive/dead/ agent=643/active/ jphase=absent killpid=
14:58:24.348899893 pdns=658/0/active/running/ named=0/inactive/dead/ agent=643/active/ jphase=absent killpid=
14:58:24.633520519 pdns=658/0/active/running/ named=0/inactive/dead/ agent=643/active/ jphase=absent killpid=
14:58:24.910967893 pdns=658/0/active/running/ named=0/inactive/dead/ agent=643/active/ jphase=absent killpid=
14:58:25.197012318 pdns=658/0/active/running/ named=0/inactive/dead/ agent=643/active/ jphase=absent killpid=
14:58:25.475774239 pdns=658/0/active/running/ named=0/inactive/dead/ agent=643/active/ jphase=absent killpid=
14:58:25.752785285 pdns=658/0/active/running/ named=0/inactive/dead/ agent=643/active/ jphase=absent killpid=
14:58:26.028538929 pdns=658/0/active/running/ named=0/inactive/dead/ agent=643/active/ jphase=absent killpid=
14:58:26.307880188 pdns=658/0/active/running/ named=0/inactive/dead/ agent=643/active/ jphase=absent killpid=
14:58:26.581623965 pdns=658/0/active/running/ named=0/inactive/dead/ agent=643/active/ jphase=absent killpid=
14:58:26.857667233 pdns=658/0/active/running/ named=0/inactive/dead/ agent=643/active/ jphase=absent killpid=
14:58:27.134220632 pdns=658/0/active/running/ named=0/inactive/dead/ agent=643/active/ jphase=absent killpid=
14:58:27.415067293 pdns=658/0/active/running/ named=0/inactive/dead/ agent=643/active/ jphase=absent killpid=
14:58:27.700839125 pdns=658/0/active/running/ named=0/inactive/dead/ agent=643/active/ jphase=absent killpid=
14:58:27.983294534 pdns=658/0/active/running/ named=0/inactive/dead/ agent=643/active/ jphase=absent killpid=
14:58:28.256712428 pdns=658/0/active/running/ named=0/inactive/dead/ agent=643/active/ jphase=absent killpid=
14:58:28.528339815 pdns=658/0/active/running/ named=0/inactive/dead/ agent=643/active/ jphase=absent killpid=
14:58:28.805983566 pdns=658/0/active/running/ named=0/inactive/dead/ agent=643/active/ jphase=absent killpid=
14:58:29.077917213 pdns=658/0/active/running/ named=0/inactive/dead/ agent=643/active/ jphase=absent killpid=
14:58:29.356914442 pdns=658/0/active/running/ named=0/inactive/dead/ agent=643/active/ jphase=absent killpid=
14:58:29.647000661 pdns=658/0/active/running/ named=0/inactive/dead/ agent=643/active/ jphase=absent killpid=
14:58:29.921325165 pdns=658/0/active/running/ named=0/inactive/dead/ agent=643/active/ jphase=absent killpid=
14:58:30.215086479 pdns=658/0/active/running/ named=0/inactive/dead/ agent=643/active/ jphase=absent killpid=
14:58:30.499904842 pdns=658/0/active/running/ named=0/inactive/dead/ agent=643/active/ jphase=absent killpid=
14:58:30.788815464 pdns=658/0/active/running/ named=0/inactive/dead/ agent=643/active/ jphase=absent killpid=
14:58:31.086559911 pdns=658/0/active/running/ named=0/inactive/dead/ agent=643/active/ jphase=absent killpid=
14:58:31.397070068 pdns=658/0/active/running/ named=0/inactive/dead/ agent=643/active/ jphase=absent killpid=
14:58:31.669612631 pdns=658/0/active/running/ named=0/inactive/dead/ agent=643/active/ jphase=absent killpid=
14:58:31.941848267 pdns=658/0/active/running/ named=0/inactive/dead/ agent=643/active/ jphase=absent killpid=
14:58:32.208812091 pdns=658/0/active/running/ named=0/inactive/dead/ agent=643/active/ jphase=absent killpid=
14:58:32.481376309 pdns=658/0/active/running/ named=0/inactive/dead/ agent=643/active/ jphase=absent killpid=
14:58:32.752501073 pdns=658/0/active/running/ named=0/inactive/dead/ agent=643/active/ jphase=absent killpid=
14:58:33.024802748 pdns=658/0/active/running/ named=0/inactive/dead/ agent=643/active/ jphase=absent killpid=
14:58:33.293900905 pdns=658/0/active/running/ named=0/inactive/dead/ agent=643/active/ jphase=absent killpid=
14:58:33.562018365 pdns=658/0/active/running/ named=0/inactive/dead/ agent=643/active/ jphase=absent killpid=
14:58:33.855858035 pdns=658/0/active/running/ named=0/inactive/dead/ agent=643/active/ jphase=absent killpid=
14:58:34.219195844 pdns=658/0/active/running/ named=0/inactive/dead/ agent=643/active/ jphase=absent killpid=
14:58:34.494141837 pdns=658/0/active/running/ named=0/inactive/dead/ agent=643/active/ jphase=absent killpid=
14:58:34.774311746 pdns=658/0/active/running/ named=0/inactive/dead/ agent=643/active/ jphase=absent killpid=
14:58:35.047828046 pdns=658/0/active/running/ named=0/inactive/dead/ agent=643/active/ jphase=absent killpid=
14:58:35.350059275 pdns=658/0/active/running/ named=0/inactive/dead/ agent=643/active/ jphase=absent killpid=
14:58:35.636330629 pdns=658/0/active/running/ named=0/inactive/dead/ agent=643/active/ jphase=absent killpid=
14:58:35.916239282 pdns=658/0/active/running/ named=0/inactive/dead/ agent=643/active/ jphase=absent killpid=
14:58:36.199284148 pdns=658/0/active/running/ named=0/inactive/dead/ agent=643/active/ jphase=absent killpid=
14:58:36.472627484 pdns=658/0/active/running/ named=0/inactive/dead/ agent=643/active/ jphase=absent killpid=
14:58:36.764757306 pdns=658/0/active/running/ named=0/inactive/dead/ agent=643/active/ jphase=absent killpid=
14:58:37.046496490 pdns=658/0/active/running/ named=0/inactive/dead/ agent=643/active/ jphase=absent killpid=
14:58:37.318912597 pdns=658/0/active/running/ named=0/inactive/dead/ agent=643/active/ jphase=absent killpid=
14:58:37.604528729 pdns=658/0/active/running/ named=0/inactive/dead/ agent=643/active/ jphase=absent killpid=
14:58:37.882306970 pdns=658/0/active/running/ named=0/inactive/dead/ agent=643/active/ jphase=absent killpid=
14:58:38.159844043 pdns=658/0/active/running/ named=0/inactive/dead/ agent=643/active/ jphase=absent killpid=
14:58:38.444964910 pdns=658/0/active/running/ named=0/inactive/dead/ agent=643/active/ jphase=absent killpid=
14:58:38.736709084 pdns=658/0/active/running/ named=0/inactive/dead/ agent=643/active/ jphase=absent killpid=
14:58:39.007910838 pdns=658/0/active/running/ named=0/inactive/dead/ agent=643/active/ jphase=absent killpid=
14:58:39.285622475 pdns=658/0/active/running/ named=0/inactive/dead/ agent=643/active/ jphase=absent killpid=
14:58:39.571568396 pdns=658/0/active/running/ named=0/inactive/dead/ agent=643/active/ jphase=absent killpid=
14:58:39.844226659 pdns=658/0/active/running/ named=0/inactive/dead/ agent=643/active/ jphase=absent killpid=
14:58:40.115467726 pdns=658/0/active/running/ named=0/inactive/dead/ agent=643/active/ jphase=absent killpid=
14:58:40.385590739 pdns=658/0/active/running/ named=0/inactive/dead/ agent=643/active/ jphase=absent killpid=
14:58:40.657906538 pdns=658/0/active/running/ named=0/inactive/dead/ agent=643/active/ jphase=absent killpid=
14:58:40.927546301 pdns=658/0/active/running/ named=0/inactive/dead/ agent=643/active/ jphase=absent killpid=
14:58:41.199884052 pdns=658/0/active/running/ named=0/inactive/dead/ agent=643/active/ jphase=absent killpid=
14:58:41.469824870 pdns=658/0/active/running/ named=0/inactive/dead/ agent=643/active/ jphase=absent killpid=
14:58:41.739781317 pdns=658/0/active/running/ named=0/inactive/dead/ agent=643/active/ jphase=absent killpid=
14:58:42.011023943 pdns=658/0/active/running/ named=0/inactive/dead/ agent=643/active/ jphase=absent killpid=
14:58:42.286459242 pdns=658/0/active/running/ named=0/inactive/dead/ agent=643/active/ jphase=absent killpid=
14:58:42.572626701 pdns=658/0/active/running/ named=0/inactive/dead/ agent=643/active/ jphase=absent killpid=
14:58:42.872938445 pdns=658/0/active/running/ named=0/inactive/dead/ agent=643/active/ jphase=absent killpid=
14:58:43.195159624 pdns=658/0/active/running/ named=0/inactive/dead/ agent=643/active/ jphase=absent killpid=
14:58:43.505000449 pdns=658/0/active/running/ named=0/inactive/dead/ agent=643/active/ jphase=absent killpid=
14:58:43.791492032 pdns=658/0/active/running/ named=0/inactive/dead/ agent=643/active/ jphase=absent killpid=
14:58:44.060991993 pdns=658/0/active/running/ named=0/inactive/dead/ agent=643/active/ jphase=absent killpid=
14:58:44.329813830 pdns=658/0/active/running/ named=0/inactive/dead/ agent=643/active/ jphase=absent killpid=
14:58:44.599964637 pdns=658/0/active/running/ named=0/inactive/dead/ agent=643/active/ jphase=absent killpid=
14:58:44.872291276 pdns=658/0/active/running/ named=0/inactive/dead/ agent=643/active/ jphase=absent killpid=
14:58:45.146341779 pdns=658/0/active/running/ named=0/inactive/dead/ agent=643/active/ jphase=absent killpid=
14:58:45.428405920 pdns=658/0/active/running/ named=0/inactive/dead/ agent=643/active/ jphase=absent killpid=
14:58:45.703856403 pdns=658/0/active/running/ named=0/inactive/dead/ agent=643/active/ jphase=absent killpid=
14:58:45.976781579 pdns=658/0/active/running/ named=0/inactive/dead/ agent=643/active/ jphase=absent killpid=
14:58:46.247706671 pdns=658/0/active/running/ named=0/inactive/dead/ agent=643/active/ jphase=absent killpid=
14:58:46.519949751 pdns=658/0/active/running/ named=0/inactive/dead/ agent=643/active/ jphase=absent killpid=
14:58:46.793772119 pdns=658/0/active/running/ named=0/inactive/dead/ agent=643/active/ jphase=absent killpid=
14:58:47.068718793 pdns=658/0/active/running/ named=0/inactive/dead/ agent=643/active/ jphase=absent killpid=
14:58:47.338024433 pdns=658/0/active/running/ named=0/inactive/dead/ agent=643/active/ jphase=absent killpid=
14:58:47.608892063 pdns=658/0/active/running/ named=0/inactive/dead/ agent=643/active/ jphase=absent killpid=
14:58:47.881161702 pdns=658/0/active/running/ named=0/inactive/dead/ agent=643/active/ jphase=absent killpid=
14:58:48.155525805 pdns=658/0/active/running/ named=0/inactive/dead/ agent=643/active/ jphase=absent killpid=
14:58:48.459666134 pdns=658/0/active/running/ named=0/inactive/dead/ agent=643/active/ jphase=absent killpid=
14:58:48.754715778 pdns=658/0/active/running/ named=0/inactive/dead/ agent=643/active/ jphase=absent killpid=
14:58:49.023388934 pdns=658/0/active/running/ named=0/inactive/dead/ agent=643/active/ jphase=absent killpid=
14:58:49.298020405 pdns=658/0/active/running/ named=0/inactive/dead/ agent=643/active/ jphase=absent killpid=
14:58:49.572918739 pdns=658/0/active/running/ named=0/inactive/dead/ agent=643/active/ jphase=absent killpid=
14:58:49.845812866 pdns=658/0/active/running/ named=0/inactive/dead/ agent=643/active/ jphase=absent killpid=
14:58:50.117033967 pdns=658/0/active/running/ named=0/inactive/dead/ agent=643/active/ jphase=absent killpid=
14:58:50.390098863 pdns=658/0/active/running/ named=0/inactive/dead/ agent=643/active/ jphase=absent killpid=
14:58:51.486197357 pdns=658/0/active/running/ named=0/inactive/dead/ agent=643/active/ jphase=absent killpid=
14:58:51.758233841 pdns=658/0/active/running/ named=0/inactive/dead/ agent=643/active/ jphase=absent killpid=
14:58:52.042369140 pdns=658/0/active/running/ named=0/inactive/dead/ agent=643/active/ jphase=absent killpid=
14:58:52.392396467 pdns=658/0/active/running/ named=0/inactive/dead/ agent=643/active/ jphase=absent killpid=
14:58:52.671488473 pdns=658/0/active/running/ named=0/inactive/dead/ agent=643/active/ jphase=absent killpid=
14:58:52.942072645 pdns=658/0/active/running/ named=0/inactive/dead/ agent=643/active/ jphase=absent killpid=
14:58:53.212914984 pdns=658/0/active/running/ named=0/inactive/dead/ agent=643/active/ jphase=absent killpid=
14:58:53.488077716 pdns=658/0/active/running/ named=0/inactive/dead/ agent=643/active/ jphase=absent killpid=
14:58:53.759566164 pdns=658/0/active/running/ named=0/inactive/dead/ agent=643/active/ jphase=absent killpid=
14:58:54.043483783 pdns=658/0/active/running/ named=0/inactive/dead/ agent=643/active/ jphase=absent killpid=
14:58:54.319277298 pdns=658/0/active/running/ named=0/inactive/dead/ agent=643/active/ jphase=absent killpid=
14:58:54.590811514 pdns=658/0/active/running/ named=0/inactive/dead/ agent=643/active/ jphase=absent killpid=
14:58:54.884164025 pdns=658/0/active/running/ named=0/inactive/dead/ agent=643/active/ jphase=absent killpid=
14:58:55.158353266 pdns=658/0/active/running/ named=0/inactive/dead/ agent=643/active/ jphase=absent killpid=
done
