### collect 2026-09-30T08:46:40.846940259Z
last watcher dir: /var/tmp/cp-b12-watch
request id: 076c692ac1346f2b9c6a0df468b0e9aa
ownerpost rc=0
smstatus rc=0
probe rc=0
pdnsdb rc=0
notifycap rc=0
bindsec rc=0
peer journal rc=0
peerloop rc=0 lines=164
cell directory: /var/tmp/cp-b12-1001/r1/cells/7392457812ac089a866de6ec
total 28
drwx------ 2 root root 4096 Sep 30 11:43 .
drwxr-xr-x 3 root root 4096 Sep 30 11:47 ..
-rw------- 1 root root 1424 Sep 30 11:41 peer-verdict.json
-rw------- 1 root root 6972 Sep 30 11:42 zone-lifecycle.json
-rw------- 1 root root 4553 Sep 30 11:43 zone-lifecycle-recover.json
08:43:00.163707201 CHANGE pdnsdb add3d61be2f5c4a10e883b8046868413f5cb8f79d51a37cb84f86bc90966b933 -> b691819a5cfafde5f17f6cd47f526a91b63272129acdfda99b43352de8985217 pdns=5426/active/
08:43:06.802242297 CHANGE pdnsdb b691819a5cfafde5f17f6cd47f526a91b63272129acdfda99b43352de8985217 -> 41b9fab4f035051e6fea2b4264876b31fba36be19db2e7a132e6fe5bcd5ccde2 pdns=5426/active/
done
tar rc=0 size=3655680
extract rc=0
/var/tmp/cp-b12-1001/evidence/z04-zero-committed-zl/agent-journal-all-boots.txt
/var/tmp/cp-b12-1001/evidence/z04-zero-committed-zl/agent-journal-hold-rollback-lines.txt
/var/tmp/cp-b12-1001/evidence/z04-zero-committed-zl/bind-secondary-state-post-collect.txt
/var/tmp/cp-b12-1001/evidence/z04-zero-committed-zl/bind-secondary-state-pre-run.txt
/var/tmp/cp-b12-1001/evidence/z04-zero-committed-zl/boot-monitor.log
/var/tmp/cp-b12-1001/evidence/z04-zero-committed-zl/catalog-lines-agent-journal.txt
/var/tmp/cp-b12-1001/evidence/z04-zero-committed-zl/catalog-serial-history.txt
/var/tmp/cp-b12-1001/evidence/z04-zero-committed-zl/collect.log
/var/tmp/cp-b12-1001/evidence/z04-zero-committed-zl/dns-post-collect-guest.txt
/var/tmp/cp-b12-1001/evidence/z04-zero-committed-zl/dns-post-collect-peer.txt
/var/tmp/cp-b12-1001/evidence/z04-zero-committed-zl/dns-pre-run-guest.txt
/var/tmp/cp-b12-1001/evidence/z04-zero-committed-zl/dns-pre-run-peer.txt
/var/tmp/cp-b12-1001/evidence/z04-zero-committed-zl/driver.log
/var/tmp/cp-b12-1001/evidence/z04-zero-committed-zl/enroll.log
/var/tmp/cp-b12-1001/evidence/z04-zero-committed-zl/enroll-recovery-runtime.log
/var/tmp/cp-b12-1001/evidence/z04-zero-committed-zl/fresh-primary-peer/peer-verdict.json
/var/tmp/cp-b12-1001/evidence/z04-zero-committed-zl/fresh-primary-peer/zone-lifecycle.json
/var/tmp/cp-b12-1001/evidence/z04-zero-committed-zl/fresh-primary-peer/zone-lifecycle-recover.json
/var/tmp/cp-b12-1001/evidence/z04-zero-committed-zl/guest-identity.txt
/var/tmp/cp-b12-1001/evidence/z04-zero-committed-zl/guest-recovery-probe-post-collect.json
/var/tmp/cp-b12-1001/evidence/z04-zero-committed-zl/install.log
/var/tmp/cp-b12-1001/evidence/z04-zero-committed-zl/ledwatch-timeline-snapshot.txt
/var/tmp/cp-b12-1001/evidence/z04-zero-committed-zl/native-and-outage.json
/var/tmp/cp-b12-1001/evidence/z04-zero-committed-zl/owner-post-state.txt
/var/tmp/cp-b12-1001/evidence/z04-zero-committed-zl/pdns-db-post-collect.txt
/var/tmp/cp-b12-1001/evidence/z04-zero-committed-zl/pdns-db-pre-run.txt
/var/tmp/cp-b12-1001/evidence/z04-zero-committed-zl/pdns-db-timeline.txt
/var/tmp/cp-b12-1001/evidence/z04-zero-committed-zl/pdns-notify-journal-and-also-notify.txt
/var/tmp/cp-b12-1001/evidence/z04-zero-committed-zl/peer-daemon-journal.txt
/var/tmp/cp-b12-1001/evidence/z04-zero-committed-zl/peer-dns-sampler.log
/var/tmp/cp-b12-1001/evidence/z04-zero-committed-zl/peer-facts-post-collect.txt
/var/tmp/cp-b12-1001/evidence/z04-zero-committed-zl/peer-facts-pre-run.txt
/var/tmp/cp-b12-1001/evidence/z04-zero-committed-zl/peer-identity.txt
/var/tmp/cp-b12-1001/evidence/z04-zero-committed-zl/peer-prepare.log
/var/tmp/cp-b12-1001/evidence/z04-zero-committed-zl/post-state.txt
/var/tmp/cp-b12-1001/evidence/z04-zero-committed-zl/prepare.json
/var/tmp/cp-b12-1001/evidence/z04-zero-committed-zl/prepare-source.log
/var/tmp/cp-b12-1001/evidence/z04-zero-committed-zl/pre-run-units.txt
/var/tmp/cp-b12-1001/evidence/z04-zero-committed-zl/primary-state-after-recover.txt
/var/tmp/cp-b12-1001/evidence/z04-zero-committed-zl/primary-state-after-run.txt
/var/tmp/cp-b12-1001/evidence/z04-zero-committed-zl/primary-state-before-recover.txt
/var/tmp/cp-b12-1001/evidence/z04-zero-committed-zl/primary-state-post-collect.txt
/var/tmp/cp-b12-1001/evidence/z04-zero-committed-zl/primary-state-pre-run.txt
/var/tmp/cp-b12-1001/evidence/z04-zero-committed-zl/probe-argv.json
/var/tmp/cp-b12-1001/evidence/z04-zero-committed-zl/raw/fixture/controller-argv.json
/var/tmp/cp-b12-1001/evidence/z04-zero-committed-zl/raw/fixture/coordinator-stop-proof.json
/var/tmp/cp-b12-1001/evidence/z04-zero-committed-zl/raw/fixture/installed-binaries.sha256
/var/tmp/cp-b12-1001/evidence/z04-zero-committed-zl/raw/fixture/ls.txt
/var/tmp/cp-b12-1001/evidence/z04-zero-committed-zl/raw/fixture/measured/trigger-identity.json
/var/tmp/cp-b12-1001/evidence/z04-zero-committed-zl/raw/fixture/scenario.json
/var/tmp/cp-b12-1001/evidence/z04-zero-committed-zl/raw/fixture/source-proof.json
/var/tmp/cp-b12-1001/evidence/z04-zero-committed-zl/raw/journald/bind9.service.txt
/var/tmp/cp-b12-1001/evidence/z04-zero-committed-zl/raw/journald/celikpanel-agent.service.txt
/var/tmp/cp-b12-1001/evidence/z04-zero-committed-zl/raw/journald/celikpanel-panel.service.txt
/var/tmp/cp-b12-1001/evidence/z04-zero-committed-zl/raw/journald/list-boots.txt
/var/tmp/cp-b12-1001/evidence/z04-zero-committed-zl/raw/journald/named.service.txt
/var/tmp/cp-b12-1001/evidence/z04-zero-committed-zl/raw/journald/pdns.service.txt
/var/tmp/cp-b12-1001/evidence/z04-zero-committed-zl/raw/results/pdns-switch__committed__after-write__paired-primary__peer-reachable/boundary-marker.json
/var/tmp/cp-b12-1001/evidence/z04-zero-committed-zl/raw/results/pdns-switch__committed__after-write__paired-primary__peer-reachable/kill-proof.json
/var/tmp/cp-b12-1001/evidence/z04-zero-committed-zl/raw/results/pdns-switch__committed__after-write__paired-primary__peer-reachable/result.json
/var/tmp/cp-b12-1001/evidence/z04-zero-committed-zl/raw/results/pdns-switch__committed__after-write__paired-primary__peer-reachable/transcript.jsonl
/var/tmp/cp-b12-1001/evidence/z04-zero-committed-zl/raw/state/dns-engine-ownership-pdns.json
/var/tmp/cp-b12-1001/evidence/z04-zero-committed-zl/raw/state/dns-engine-state.json
/var/tmp/cp-b12-1001/evidence/z04-zero-committed-zl/raw/state/dns-engine-switch-v3-archive-076c692ac1346f2b9c6a0df468b0e9aa-163a13295b48e3c1ab1f3b90c3f0fb21599cc6d71da3caf29956f15354d67c0f.json
/var/tmp/cp-b12-1001/evidence/z04-zero-committed-zl/raw/state/ls.txt
/var/tmp/cp-b12-1001/evidence/z04-zero-committed-zl/raw/state/service-mutations.json
/var/tmp/cp-b12-1001/evidence/z04-zero-committed-zl/raw/watch/cp-b12-watch/copies/084049.053-ledger-177f61d12ed0.json
/var/tmp/cp-b12-1001/evidence/z04-zero-committed-zl/raw/watch/cp-b12-watch/copies/084052.453-ledger-7db05e1d769a.json
/var/tmp/cp-b12-1001/evidence/z04-zero-committed-zl/raw/watch/cp-b12-watch/copies/084052.747-ledger-f859e78cb9ac.json
/var/tmp/cp-b12-1001/evidence/z04-zero-committed-zl/raw/watch/cp-b12-watch/copies/084053.048-ledger-c5e62cdf67ad.json
/var/tmp/cp-b12-1001/evidence/z04-zero-committed-zl/raw/watch/cp-b12-watch/copies/084056.214-ledger-5c7f4e97b1c5.json
/var/tmp/cp-b12-1001/evidence/z04-zero-committed-zl/raw/watch/cp-b12-watch/copies/084056.524-ledger-fb78931ffcab.json
/var/tmp/cp-b12-1001/evidence/z04-zero-committed-zl/raw/watch/cp-b12-watch/copies/084056.877-ledger-e290a8dc3414.json
/var/tmp/cp-b12-1001/evidence/z04-zero-committed-zl/raw/watch/cp-b12-watch/copies/084057.163-ledger-1feabfde1094.json
/var/tmp/cp-b12-1001/evidence/z04-zero-committed-zl/raw/watch/cp-b12-watch/copies/084057.461-ledger-dde580b20eea.json
/var/tmp/cp-b12-1001/evidence/z04-zero-committed-zl/raw/watch/cp-b12-watch/copies/084101.885-ledger-c183442931d9.json
/var/tmp/cp-b12-1001/evidence/z04-zero-committed-zl/raw/watch/cp-b12-watch/copies/084102.183-ledger-002ea83ce203.json
/var/tmp/cp-b12-1001/evidence/z04-zero-committed-zl/raw/watch/cp-b12-watch/copies/084102.476-ledger-110cd8e508e5.json
/var/tmp/cp-b12-1001/evidence/z04-zero-committed-zl/raw/watch/cp-b12-watch/copies/084102.751-ledger-f44d5dee947a.json
/var/tmp/cp-b12-1001/evidence/z04-zero-committed-zl/raw/watch/cp-b12-watch/copies/084103.033-journal-2da5fc4f1827.json
/var/tmp/cp-b12-1001/evidence/z04-zero-committed-zl/raw/watch/cp-b12-watch/copies/084103.042-ledger-c34472c84a76.json
/var/tmp/cp-b12-1001/evidence/z04-zero-committed-zl/raw/watch/cp-b12-watch/copies/084103.585-journal-643527950551.json
/var/tmp/cp-b12-1001/evidence/z04-zero-committed-zl/raw/watch/cp-b12-watch/copies/084103.594-ledger-b9253041138e.json
/var/tmp/cp-b12-1001/evidence/z04-zero-committed-zl/raw/watch/cp-b12-watch/copies/084103.874-journal-f4dce4eb6493.json
/var/tmp/cp-b12-1001/evidence/z04-zero-committed-zl/raw/watch/cp-b12-watch/copies/084103.882-ledger-c3247b8e66e0.json
/var/tmp/cp-b12-1001/evidence/z04-zero-committed-zl/raw/watch/cp-b12-watch/copies/084103.891-91fe2fdb69b8.sqlite3
/var/tmp/cp-b12-1001/evidence/z04-zero-committed-zl/raw/watch/cp-b12-watch/copies/084104.182-ledger-702d727b8435.json
/var/tmp/cp-b12-1001/evidence/z04-zero-committed-zl/raw/watch/cp-b12-watch/copies/084104.858-ledger-ccf164707730.json
/var/tmp/cp-b12-1001/evidence/z04-zero-committed-zl/raw/watch/cp-b12-watch/copies/084105.207-ledger-2cfa330ef691.json
/var/tmp/cp-b12-1001/evidence/z04-zero-committed-zl/raw/watch/cp-b12-watch/copies/084105.537-ledger-ada600c150e3.json
/var/tmp/cp-b12-1001/evidence/z04-zero-committed-zl/raw/watch/cp-b12-watch/copies/084105.904-ledger-2c2612d54ca4.json
/var/tmp/cp-b12-1001/evidence/z04-zero-committed-zl/raw/watch/cp-b12-watch/copies/084106.208-ledger-fde96073322b.json
/var/tmp/cp-b12-1001/evidence/z04-zero-committed-zl/raw/watch/cp-b12-watch/copies/084106.504-journal-f4b2f658bef3.json
/var/tmp/cp-b12-1001/evidence/z04-zero-committed-zl/raw/watch/cp-b12-watch/copies/084106.514-ledger-a2ce48794733.json
/var/tmp/cp-b12-1001/evidence/z04-zero-committed-zl/raw/watch/cp-b12-watch/copies/084106.537-38920438d757.sqlite3
/var/tmp/cp-b12-1001/evidence/z04-zero-committed-zl/raw/watch/cp-b12-watch/copies/084106.537-38920438d757.sqlite3-wal
/var/tmp/cp-b12-1001/evidence/z04-zero-committed-zl/raw/watch/cp-b12-watch/copies/084106.846-ledger-63ed88c67859.json
/var/tmp/cp-b12-1001/evidence/z04-zero-committed-zl/raw/watch/cp-b12-watch/copies/084107.166-ledger-f22adbac2a65.json
/var/tmp/cp-b12-1001/evidence/z04-zero-committed-zl/raw/watch/cp-b12-watch/copies/084107.482-ledger-45a21c64953c.json
/var/tmp/cp-b12-1001/evidence/z04-zero-committed-zl/raw/watch/cp-b12-watch/copies/084107.789-ledger-9c7450d505c4.json
/var/tmp/cp-b12-1001/evidence/z04-zero-committed-zl/raw/watch/cp-b12-watch/copies/084108.094-ledger-75b168dd2513.json
/var/tmp/cp-b12-1001/evidence/z04-zero-committed-zl/raw/watch/cp-b12-watch/copies/084108.413-journal-b581e36c95fd.json
/var/tmp/cp-b12-1001/evidence/z04-zero-committed-zl/raw/watch/cp-b12-watch/copies/084108.422-ledger-a9299861b3a4.json
/var/tmp/cp-b12-1001/evidence/z04-zero-committed-zl/raw/watch/cp-b12-watch/copies/084108.433-state-163a13295b48.json
/var/tmp/cp-b12-1001/evidence/z04-zero-committed-zl/raw/watch/cp-b12-watch/copies/084108.834-journal-119064f7becc.json
/var/tmp/cp-b12-1001/evidence/z04-zero-committed-zl/raw/watch/cp-b12-watch/copies/084112.107-ledger-3bf6d64e9b98.json
/var/tmp/cp-b12-1001/evidence/z04-zero-committed-zl/raw/watch/cp-b12-watch/copies/084146.029-ledger-e14b7cc7d3c6.json
/var/tmp/cp-b12-1001/evidence/z04-zero-committed-zl/raw/watch/cp-b12-watch-db/copies/084104.155-91fe2fdb69b8.sqlite3
/var/tmp/cp-b12-1001/evidence/z04-zero-committed-zl/raw/watch/cp-b12-watch-db/copies/084106.913-38920438d757.sqlite3
/var/tmp/cp-b12-1001/evidence/z04-zero-committed-zl/raw/watch/cp-b12-watch-db/copies/084106.913-38920438d757.sqlite3-wal
/var/tmp/cp-b12-1001/evidence/z04-zero-committed-zl/raw/watch/cp-b12-watch-db/copies/084146.633-91e813ce29a9.sqlite3
/var/tmp/cp-b12-1001/evidence/z04-zero-committed-zl/raw/watch/cp-b12-watch-db/copies/084146.633-91e813ce29a9.sqlite3-wal
/var/tmp/cp-b12-1001/evidence/z04-zero-committed-zl/raw/watch/cp-b12-watch-db/copies/084156.312-1a8df99fead0.sqlite3
/var/tmp/cp-b12-1001/evidence/z04-zero-committed-zl/raw/watch/cp-b12-watch-db/copies/084156.312-1a8df99fead0.sqlite3-wal
/var/tmp/cp-b12-1001/evidence/z04-zero-committed-zl/raw/watch/cp-b12-watch-db/copies/084202.947-add3d61be2f5.sqlite3
/var/tmp/cp-b12-1001/evidence/z04-zero-committed-zl/raw/watch/cp-b12-watch-db/copies/084202.947-add3d61be2f5.sqlite3-wal
/var/tmp/cp-b12-1001/evidence/z04-zero-committed-zl/raw/watch/cp-b12-watch-db/copies/084300.155-b691819a5cfa.sqlite3
/var/tmp/cp-b12-1001/evidence/z04-zero-committed-zl/raw/watch/cp-b12-watch-db/copies/084300.155-b691819a5cfa.sqlite3-wal
/var/tmp/cp-b12-1001/evidence/z04-zero-committed-zl/raw/watch/cp-b12-watch-db/copies/084306.797-41b9fab4f035.sqlite3
/var/tmp/cp-b12-1001/evidence/z04-zero-committed-zl/raw/watch/cp-b12-watch-db/copies/084306.797-41b9fab4f035.sqlite3-wal
/var/tmp/cp-b12-1001/evidence/z04-zero-committed-zl/raw/watch/cp-b12-watch-db/timeline.log
/var/tmp/cp-b12-1001/evidence/z04-zero-committed-zl/raw/watch/cp-b12-watch/journal-at-at-kill-proof.json
/var/tmp/cp-b12-1001/evidence/z04-zero-committed-zl/raw/watch/cp-b12-watch-led/copies/084050.011-ledger-177f61d12ed0.json
/var/tmp/cp-b12-1001/evidence/z04-zero-committed-zl/raw/watch/cp-b12-watch-led/copies/084052.433-ledger-56a2af0a180b.json
/var/tmp/cp-b12-1001/evidence/z04-zero-committed-zl/raw/watch/cp-b12-watch-led/copies/084052.576-ledger-ff246833d7ed.json
/var/tmp/cp-b12-1001/evidence/z04-zero-committed-zl/raw/watch/cp-b12-watch-led/copies/084052.717-ledger-8c16cd31d0a7.json
/var/tmp/cp-b12-1001/evidence/z04-zero-committed-zl/raw/watch/cp-b12-watch-led/copies/084052.873-ledger-d493e2ea7ea2.json
/var/tmp/cp-b12-1001/evidence/z04-zero-committed-zl/raw/watch/cp-b12-watch-led/copies/084053.017-ledger-c5e62cdf67ad.json
/var/tmp/cp-b12-1001/evidence/z04-zero-committed-zl/raw/watch/cp-b12-watch-led/copies/084056.248-ledger-c8aa2fc2299b.json
/var/tmp/cp-b12-1001/evidence/z04-zero-committed-zl/raw/watch/cp-b12-watch-led/copies/084056.409-ledger-fb78931ffcab.json
/var/tmp/cp-b12-1001/evidence/z04-zero-committed-zl/raw/watch/cp-b12-watch-led/copies/084056.704-ledger-749860d02ee7.json
/var/tmp/cp-b12-1001/evidence/z04-zero-committed-zl/raw/watch/cp-b12-watch-led/copies/084056.843-ledger-0ac60ba03c19.json
/var/tmp/cp-b12-1001/evidence/z04-zero-committed-zl/raw/watch/cp-b12-watch-led/copies/084056.994-ledger-1feabfde1094.json
/var/tmp/cp-b12-1001/evidence/z04-zero-committed-zl/raw/watch/cp-b12-watch-led/copies/084057.466-ledger-dde580b20eea.json
/var/tmp/cp-b12-1001/evidence/z04-zero-committed-zl/raw/watch/cp-b12-watch-led/copies/084101.708-ledger-c183442931d9.json
/var/tmp/cp-b12-1001/evidence/z04-zero-committed-zl/raw/watch/cp-b12-watch-led/copies/084102.000-ledger-c81546fee410.json
/var/tmp/cp-b12-1001/evidence/z04-zero-committed-zl/raw/watch/cp-b12-watch-led/copies/084102.268-ledger-97e826b61efe.json
/var/tmp/cp-b12-1001/evidence/z04-zero-committed-zl/raw/watch/cp-b12-watch-led/copies/084102.411-ledger-52d62003359f.json
/var/tmp/cp-b12-1001/evidence/z04-zero-committed-zl/raw/watch/cp-b12-watch-led/copies/084102.558-ledger-ebc2d024faa9.json
/var/tmp/cp-b12-1001/evidence/z04-zero-committed-zl/raw/watch/cp-b12-watch-led/copies/084102.700-ledger-28ef308e3973.json
/var/tmp/cp-b12-1001/evidence/z04-zero-committed-zl/raw/watch/cp-b12-watch-led/copies/084102.840-ledger-124bf5ce1c36.json
/var/tmp/cp-b12-1001/evidence/z04-zero-committed-zl/raw/watch/cp-b12-watch-led/copies/084102.978-ledger-c34472c84a76.json
/var/tmp/cp-b12-1001/evidence/z04-zero-committed-zl/raw/watch/cp-b12-watch-led/copies/084103.545-ledger-7d81a3479aa9.json
/var/tmp/cp-b12-1001/evidence/z04-zero-committed-zl/raw/watch/cp-b12-watch-led/copies/084103.690-ledger-e8cdde3dd284.json
/var/tmp/cp-b12-1001/evidence/z04-zero-committed-zl/raw/watch/cp-b12-watch-led/copies/084103.829-ledger-286dcc519ff1.json
/var/tmp/cp-b12-1001/evidence/z04-zero-committed-zl/raw/watch/cp-b12-watch-led/copies/084103.974-ledger-932259273ed4.json
/var/tmp/cp-b12-1001/evidence/z04-zero-committed-zl/raw/watch/cp-b12-watch-led/copies/084104.117-ledger-702d727b8435.json
/var/tmp/cp-b12-1001/evidence/z04-zero-committed-zl/raw/watch/cp-b12-watch-led/copies/084104.454-ledger-5182313e95a8.json
/var/tmp/cp-b12-1001/evidence/z04-zero-committed-zl/raw/watch/cp-b12-watch-led/copies/084104.721-ledger-ccf164707730.json
/var/tmp/cp-b12-1001/evidence/z04-zero-committed-zl/raw/watch/cp-b12-watch-led/copies/084105.039-ledger-0737e4a0a8d9.json
/var/tmp/cp-b12-1001/evidence/z04-zero-committed-zl/raw/watch/cp-b12-watch-led/copies/084105.192-ledger-e41b300397e5.json
/var/tmp/cp-b12-1001/evidence/z04-zero-committed-zl/raw/watch/cp-b12-watch-led/copies/084105.357-ledger-0f5409652a77.json
/var/tmp/cp-b12-1001/evidence/z04-zero-committed-zl/raw/watch/cp-b12-watch-led/copies/084105.506-ledger-ada600c150e3.json
/var/tmp/cp-b12-1001/evidence/z04-zero-committed-zl/raw/watch/cp-b12-watch-led/copies/084105.740-ledger-a721f3ab9643.json
/var/tmp/cp-b12-1001/evidence/z04-zero-committed-zl/raw/watch/cp-b12-watch-led/copies/084105.979-ledger-05b487414d7e.json
/var/tmp/cp-b12-1001/evidence/z04-zero-committed-zl/raw/watch/cp-b12-watch-led/copies/084106.120-ledger-cd560696bd60.json
/var/tmp/cp-b12-1001/evidence/z04-zero-committed-zl/raw/watch/cp-b12-watch-led/copies/084106.281-ledger-059a5b3f8cb5.json
/var/tmp/cp-b12-1001/evidence/z04-zero-committed-zl/raw/watch/cp-b12-watch-led/copies/084106.428-ledger-496ac70b4f4b.json
/var/tmp/cp-b12-1001/evidence/z04-zero-committed-zl/raw/watch/cp-b12-watch-led/copies/084106.580-ledger-253ac29a8bba.json
/var/tmp/cp-b12-1001/evidence/z04-zero-committed-zl/raw/watch/cp-b12-watch-led/copies/084106.744-ledger-f25303075d1e.json
/var/tmp/cp-b12-1001/evidence/z04-zero-committed-zl/raw/watch/cp-b12-watch-led/copies/084106.895-ledger-b71ee45402c2.json
/var/tmp/cp-b12-1001/evidence/z04-zero-committed-zl/raw/watch/cp-b12-watch-led/copies/084107.069-ledger-94eee1fff693.json
/var/tmp/cp-b12-1001/evidence/z04-zero-committed-zl/raw/watch/cp-b12-watch-led/copies/084107.218-ledger-8ce386e807e5.json
/var/tmp/cp-b12-1001/evidence/z04-zero-committed-zl/raw/watch/cp-b12-watch-led/copies/084107.377-ledger-41ba4083b964.json
/var/tmp/cp-b12-1001/evidence/z04-zero-committed-zl/raw/watch/cp-b12-watch-led/copies/084107.525-ledger-1416688d734c.json
/var/tmp/cp-b12-1001/evidence/z04-zero-committed-zl/raw/watch/cp-b12-watch-led/copies/084107.682-ledger-c1a63b224d12.json
/var/tmp/cp-b12-1001/evidence/z04-zero-committed-zl/raw/watch/cp-b12-watch-led/copies/084107.828-ledger-52f327219a63.json
/var/tmp/cp-b12-1001/evidence/z04-zero-committed-zl/raw/watch/cp-b12-watch-led/copies/084107.980-ledger-6a5b83369dd9.json
/var/tmp/cp-b12-1001/evidence/z04-zero-committed-zl/raw/watch/cp-b12-watch-led/copies/084108.139-ledger-179829e2234b.json
/var/tmp/cp-b12-1001/evidence/z04-zero-committed-zl/raw/watch/cp-b12-watch-led/copies/084108.315-ledger-247c5c50e3c9.json
/var/tmp/cp-b12-1001/evidence/z04-zero-committed-zl/raw/watch/cp-b12-watch-led/copies/084108.481-ledger-a9299861b3a4.json
/var/tmp/cp-b12-1001/evidence/z04-zero-committed-zl/raw/watch/cp-b12-watch-led/copies/084111.921-ledger-3bf6d64e9b98.json
/var/tmp/cp-b12-1001/evidence/z04-zero-committed-zl/raw/watch/cp-b12-watch-led/copies/084144.920-ledger-027c9a2e08bf.json
/var/tmp/cp-b12-1001/evidence/z04-zero-committed-zl/raw/watch/cp-b12-watch-led/copies/084145.073-ledger-a52eb75f6f25.json
/var/tmp/cp-b12-1001/evidence/z04-zero-committed-zl/raw/watch/cp-b12-watch-led/copies/084145.224-ledger-fd6fc245a34c.json
/var/tmp/cp-b12-1001/evidence/z04-zero-committed-zl/raw/watch/cp-b12-watch-led/copies/084145.377-ledger-eb809090859c.json
/var/tmp/cp-b12-1001/evidence/z04-zero-committed-zl/raw/watch/cp-b12-watch-led/copies/084145.521-ledger-49aa70395912.json
/var/tmp/cp-b12-1001/evidence/z04-zero-committed-zl/raw/watch/cp-b12-watch-led/copies/084145.663-ledger-51f2d809de3c.json
/var/tmp/cp-b12-1001/evidence/z04-zero-committed-zl/raw/watch/cp-b12-watch-led/copies/084145.818-ledger-c3005f805580.json
/var/tmp/cp-b12-1001/evidence/z04-zero-committed-zl/raw/watch/cp-b12-watch-led/copies/084145.974-ledger-82f2665545e0.json
/var/tmp/cp-b12-1001/evidence/z04-zero-committed-zl/raw/watch/cp-b12-watch-led/copies/084146.134-ledger-02eee14d77f8.json
/var/tmp/cp-b12-1001/evidence/z04-zero-committed-zl/raw/watch/cp-b12-watch-led/copies/084146.293-ledger-8c66f63c3b24.json
/var/tmp/cp-b12-1001/evidence/z04-zero-committed-zl/raw/watch/cp-b12-watch-led/copies/084146.442-ledger-60c20aa2a02c.json
/var/tmp/cp-b12-1001/evidence/z04-zero-committed-zl/raw/watch/cp-b12-watch-led/copies/084146.589-ledger-167e135ccac2.json
/var/tmp/cp-b12-1001/evidence/z04-zero-committed-zl/raw/watch/cp-b12-watch-led/copies/084146.741-ledger-20ad71b15f24.json
/var/tmp/cp-b12-1001/evidence/z04-zero-committed-zl/raw/watch/cp-b12-watch-led/copies/084146.882-ledger-c18a3db9cb30.json
/var/tmp/cp-b12-1001/evidence/z04-zero-committed-zl/raw/watch/cp-b12-watch-led/copies/084147.026-ledger-39773fd98d9e.json
/var/tmp/cp-b12-1001/evidence/z04-zero-committed-zl/raw/watch/cp-b12-watch-led/copies/084147.178-ledger-5d6670d11d58.json
/var/tmp/cp-b12-1001/evidence/z04-zero-committed-zl/raw/watch/cp-b12-watch-led/copies/084147.326-ledger-72dbd843f04c.json
/var/tmp/cp-b12-1001/evidence/z04-zero-committed-zl/raw/watch/cp-b12-watch-led/copies/084147.490-ledger-ab93043bdc82.json
/var/tmp/cp-b12-1001/evidence/z04-zero-committed-zl/raw/watch/cp-b12-watch-led/copies/084147.646-ledger-509475af9de9.json
/var/tmp/cp-b12-1001/evidence/z04-zero-committed-zl/raw/watch/cp-b12-watch-led/copies/084147.787-ledger-0dfdb7c1f276.json
/var/tmp/cp-b12-1001/evidence/z04-zero-committed-zl/raw/watch/cp-b12-watch-led/copies/084147.932-ledger-402c626f66b7.json
/var/tmp/cp-b12-1001/evidence/z04-zero-committed-zl/raw/watch/cp-b12-watch-led/copies/084148.074-ledger-95e2ad0a3066.json
/var/tmp/cp-b12-1001/evidence/z04-zero-committed-zl/raw/watch/cp-b12-watch-led/copies/084148.220-ledger-257d19509eef.json
/var/tmp/cp-b12-1001/evidence/z04-zero-committed-zl/raw/watch/cp-b12-watch-led/copies/084148.365-ledger-84e834a62519.json
/var/tmp/cp-b12-1001/evidence/z04-zero-committed-zl/raw/watch/cp-b12-watch-led/copies/084148.506-ledger-d5f747c72300.json
/var/tmp/cp-b12-1001/evidence/z04-zero-committed-zl/raw/watch/cp-b12-watch-led/copies/084148.751-ledger-a9a199ed5ae8.json
/var/tmp/cp-b12-1001/evidence/z04-zero-committed-zl/raw/watch/cp-b12-watch-led/copies/084154.645-ledger-9843d1d0a80d.json
/var/tmp/cp-b12-1001/evidence/z04-zero-committed-zl/raw/watch/cp-b12-watch-led/copies/084154.795-ledger-b2d82d39a572.json
/var/tmp/cp-b12-1001/evidence/z04-zero-committed-zl/raw/watch/cp-b12-watch-led/copies/084154.939-ledger-c5719ab3d14f.json
/var/tmp/cp-b12-1001/evidence/z04-zero-committed-zl/raw/watch/cp-b12-watch-led/copies/084155.083-ledger-09d2b0c77037.json
/var/tmp/cp-b12-1001/evidence/z04-zero-committed-zl/raw/watch/cp-b12-watch-led/copies/084155.225-ledger-8f02e2284087.json
/var/tmp/cp-b12-1001/evidence/z04-zero-committed-zl/raw/watch/cp-b12-watch-led/copies/084155.367-ledger-1a790468d50d.json
/var/tmp/cp-b12-1001/evidence/z04-zero-committed-zl/raw/watch/cp-b12-watch-led/copies/084155.506-ledger-0123fe8f1b27.json
/var/tmp/cp-b12-1001/evidence/z04-zero-committed-zl/raw/watch/cp-b12-watch-led/copies/084155.652-ledger-e553384a6348.json
/var/tmp/cp-b12-1001/evidence/z04-zero-committed-zl/raw/watch/cp-b12-watch-led/copies/084155.794-ledger-01c4c4bb7e28.json
/var/tmp/cp-b12-1001/evidence/z04-zero-committed-zl/raw/watch/cp-b12-watch-led/copies/084155.941-ledger-0131e8fa21d7.json
/var/tmp/cp-b12-1001/evidence/z04-zero-committed-zl/raw/watch/cp-b12-watch-led/copies/084156.082-ledger-9d0f4d874b14.json
/var/tmp/cp-b12-1001/evidence/z04-zero-committed-zl/raw/watch/cp-b12-watch-led/copies/084156.225-ledger-3f0d03de1dbf.json
/var/tmp/cp-b12-1001/evidence/z04-zero-committed-zl/raw/watch/cp-b12-watch-led/copies/084156.367-ledger-d31e8f021e46.json
/var/tmp/cp-b12-1001/evidence/z04-zero-committed-zl/raw/watch/cp-b12-watch-led/copies/084156.514-ledger-306f02c5cf6d.json
/var/tmp/cp-b12-1001/evidence/z04-zero-committed-zl/raw/watch/cp-b12-watch-led/copies/084156.658-ledger-041fa3906cc2.json
/var/tmp/cp-b12-1001/evidence/z04-zero-committed-zl/raw/watch/cp-b12-watch-led/copies/084156.802-ledger-4404e2dc5f39.json
/var/tmp/cp-b12-1001/evidence/z04-zero-committed-zl/raw/watch/cp-b12-watch-led/copies/084156.950-ledger-fc397a8a2f8f.json
/var/tmp/cp-b12-1001/evidence/z04-zero-committed-zl/raw/watch/cp-b12-watch-led/copies/084157.101-ledger-e72eeb955f75.json
/var/tmp/cp-b12-1001/evidence/z04-zero-committed-zl/raw/watch/cp-b12-watch-led/copies/084157.247-ledger-0b69180ed56a.json
/var/tmp/cp-b12-1001/evidence/z04-zero-committed-zl/raw/watch/cp-b12-watch-led/copies/084157.387-ledger-19f08c8136c4.json
/var/tmp/cp-b12-1001/evidence/z04-zero-committed-zl/raw/watch/cp-b12-watch-led/copies/084157.534-ledger-bddeb5589aec.json
/var/tmp/cp-b12-1001/evidence/z04-zero-committed-zl/raw/watch/cp-b12-watch-led/copies/084157.678-ledger-f1a1c2d55aa8.json
/var/tmp/cp-b12-1001/evidence/z04-zero-committed-zl/raw/watch/cp-b12-watch-led/copies/084157.815-ledger-f053a9d9bdbc.json
/var/tmp/cp-b12-1001/evidence/z04-zero-committed-zl/raw/watch/cp-b12-watch-led/copies/084157.958-ledger-9e8735293d95.json
/var/tmp/cp-b12-1001/evidence/z04-zero-committed-zl/raw/watch/cp-b12-watch-led/copies/084201.402-ledger-90a94dfae0a2.json
/var/tmp/cp-b12-1001/evidence/z04-zero-committed-zl/raw/watch/cp-b12-watch-led/copies/084201.555-ledger-f7e67800924f.json
/var/tmp/cp-b12-1001/evidence/z04-zero-committed-zl/raw/watch/cp-b12-watch-led/copies/084201.700-ledger-ba78ae8f441a.json
/var/tmp/cp-b12-1001/evidence/z04-zero-committed-zl/raw/watch/cp-b12-watch-led/copies/084201.847-ledger-eca805b52d97.json
/var/tmp/cp-b12-1001/evidence/z04-zero-committed-zl/raw/watch/cp-b12-watch-led/copies/084201.988-ledger-d43f8d5f2079.json
/var/tmp/cp-b12-1001/evidence/z04-zero-committed-zl/raw/watch/cp-b12-watch-led/copies/084202.137-ledger-24187a6be6a2.json
/var/tmp/cp-b12-1001/evidence/z04-zero-committed-zl/raw/watch/cp-b12-watch-led/copies/084202.286-ledger-7efe44c29409.json
/var/tmp/cp-b12-1001/evidence/z04-zero-committed-zl/raw/watch/cp-b12-watch-led/copies/084202.441-ledger-96d09b24d12f.json
/var/tmp/cp-b12-1001/evidence/z04-zero-committed-zl/raw/watch/cp-b12-watch-led/copies/084202.592-ledger-971dc53d9224.json
/var/tmp/cp-b12-1001/evidence/z04-zero-committed-zl/raw/watch/cp-b12-watch-led/copies/084202.739-ledger-68826949148d.json
/var/tmp/cp-b12-1001/evidence/z04-zero-committed-zl/raw/watch/cp-b12-watch-led/copies/084202.885-ledger-387fe1a546ae.json
/var/tmp/cp-b12-1001/evidence/z04-zero-committed-zl/raw/watch/cp-b12-watch-led/copies/084203.029-ledger-3fcb8a058ed0.json
/var/tmp/cp-b12-1001/evidence/z04-zero-committed-zl/raw/watch/cp-b12-watch-led/copies/084203.176-ledger-4c6838d5cc31.json
/var/tmp/cp-b12-1001/evidence/z04-zero-committed-zl/raw/watch/cp-b12-watch-led/copies/084203.320-ledger-ebe5fa512e96.json
/var/tmp/cp-b12-1001/evidence/z04-zero-committed-zl/raw/watch/cp-b12-watch-led/copies/084203.468-ledger-6b0c1433ac01.json
/var/tmp/cp-b12-1001/evidence/z04-zero-committed-zl/raw/watch/cp-b12-watch-led/copies/084203.639-ledger-3ff1ca8a82e5.json
/var/tmp/cp-b12-1001/evidence/z04-zero-committed-zl/raw/watch/cp-b12-watch-led/copies/084203.780-ledger-edf6622fce4d.json
/var/tmp/cp-b12-1001/evidence/z04-zero-committed-zl/raw/watch/cp-b12-watch-led/copies/084203.936-ledger-3361b660b1bf.json
/var/tmp/cp-b12-1001/evidence/z04-zero-committed-zl/raw/watch/cp-b12-watch-led/copies/084204.390-ledger-07987788993d.json
/var/tmp/cp-b12-1001/evidence/z04-zero-committed-zl/raw/watch/cp-b12-watch-led/copies/084237.840-ledger-a97068fa1a71.json
/var/tmp/cp-b12-1001/evidence/z04-zero-committed-zl/raw/watch/cp-b12-watch-led/copies/084237.990-ledger-1ed54e6f56ac.json
/var/tmp/cp-b12-1001/evidence/z04-zero-committed-zl/raw/watch/cp-b12-watch-led/copies/084238.136-ledger-74e9abcd0751.json
/var/tmp/cp-b12-1001/evidence/z04-zero-committed-zl/raw/watch/cp-b12-watch-led/copies/084238.279-ledger-9d5ceae3e110.json
/var/tmp/cp-b12-1001/evidence/z04-zero-committed-zl/raw/watch/cp-b12-watch-led/copies/084238.424-ledger-ed835a0019d2.json
/var/tmp/cp-b12-1001/evidence/z04-zero-committed-zl/raw/watch/cp-b12-watch-led/copies/084238.568-ledger-bc536ccf21da.json
/var/tmp/cp-b12-1001/evidence/z04-zero-committed-zl/raw/watch/cp-b12-watch-led/copies/084238.716-ledger-a6da803fb50d.json
/var/tmp/cp-b12-1001/evidence/z04-zero-committed-zl/raw/watch/cp-b12-watch-led/copies/084238.877-ledger-a6d279870e15.json
/var/tmp/cp-b12-1001/evidence/z04-zero-committed-zl/raw/watch/cp-b12-watch-led/copies/084239.024-ledger-86857311d0ae.json
/var/tmp/cp-b12-1001/evidence/z04-zero-committed-zl/raw/watch/cp-b12-watch-led/copies/084239.175-ledger-70979542703f.json
/var/tmp/cp-b12-1001/evidence/z04-zero-committed-zl/raw/watch/cp-b12-watch-led/copies/084239.524-ledger-4a64cf3bea0a.json
/var/tmp/cp-b12-1001/evidence/z04-zero-committed-zl/raw/watch/cp-b12-watch-led/copies/084239.679-ledger-98c285f0cfcd.json
/var/tmp/cp-b12-1001/evidence/z04-zero-committed-zl/raw/watch/cp-b12-watch-led/copies/084239.820-ledger-ace9f90682e6.json
/var/tmp/cp-b12-1001/evidence/z04-zero-committed-zl/raw/watch/cp-b12-watch-led/copies/084239.961-ledger-bbfef9b31868.json
/var/tmp/cp-b12-1001/evidence/z04-zero-committed-zl/raw/watch/cp-b12-watch-led/copies/084240.107-ledger-fdb89ce8588f.json
/var/tmp/cp-b12-1001/evidence/z04-zero-committed-zl/raw/watch/cp-b12-watch-led/copies/084240.252-ledger-510b110d2242.json
/var/tmp/cp-b12-1001/evidence/z04-zero-committed-zl/raw/watch/cp-b12-watch-led/copies/084240.401-ledger-ff6084c462eb.json
/var/tmp/cp-b12-1001/evidence/z04-zero-committed-zl/raw/watch/cp-b12-watch-led/copies/084240.690-ledger-2293535902e5.json
/var/tmp/cp-b12-1001/evidence/z04-zero-committed-zl/raw/watch/cp-b12-watch-led/copies/084241.489-ledger-5487d2833092.json
/var/tmp/cp-b12-1001/evidence/z04-zero-committed-zl/raw/watch/cp-b12-watch-led/copies/084241.651-ledger-37c40adcc64f.json
/var/tmp/cp-b12-1001/evidence/z04-zero-committed-zl/raw/watch/cp-b12-watch-led/copies/084241.795-ledger-86df0597232e.json
/var/tmp/cp-b12-1001/evidence/z04-zero-committed-zl/raw/watch/cp-b12-watch-led/copies/084241.945-ledger-b3411089e040.json
/var/tmp/cp-b12-1001/evidence/z04-zero-committed-zl/raw/watch/cp-b12-watch-led/copies/084242.093-ledger-a5d2d83d31fb.json
/var/tmp/cp-b12-1001/evidence/z04-zero-committed-zl/raw/watch/cp-b12-watch-led/copies/084242.240-ledger-8901c092599b.json
/var/tmp/cp-b12-1001/evidence/z04-zero-committed-zl/raw/watch/cp-b12-watch-led/copies/084242.384-ledger-4f610d9b61d4.json
/var/tmp/cp-b12-1001/evidence/z04-zero-committed-zl/raw/watch/cp-b12-watch-led/copies/084242.531-ledger-c710a6b3d0b4.json
/var/tmp/cp-b12-1001/evidence/z04-zero-committed-zl/raw/watch/cp-b12-watch-led/copies/084242.680-ledger-0a534863f9a9.json
/var/tmp/cp-b12-1001/evidence/z04-zero-committed-zl/raw/watch/cp-b12-watch-led/copies/084242.826-ledger-7fd65e3edcd4.json
/var/tmp/cp-b12-1001/evidence/z04-zero-committed-zl/raw/watch/cp-b12-watch-led/copies/084242.976-ledger-39c2192c4825.json
/var/tmp/cp-b12-1001/evidence/z04-zero-committed-zl/raw/watch/cp-b12-watch-led/copies/084243.130-ledger-5c2bd2c56505.json
/var/tmp/cp-b12-1001/evidence/z04-zero-committed-zl/raw/watch/cp-b12-watch-led/copies/084243.277-ledger-f64caaf83bff.json
/var/tmp/cp-b12-1001/evidence/z04-zero-committed-zl/raw/watch/cp-b12-watch-led/copies/084243.419-ledger-cfc92644c3f2.json
/var/tmp/cp-b12-1001/evidence/z04-zero-committed-zl/raw/watch/cp-b12-watch-led/copies/084243.564-ledger-b8263fac5094.json
/var/tmp/cp-b12-1001/evidence/z04-zero-committed-zl/raw/watch/cp-b12-watch-led/copies/084243.713-ledger-b43be35ed011.json
/var/tmp/cp-b12-1001/evidence/z04-zero-committed-zl/raw/watch/cp-b12-watch-led/copies/084243.857-ledger-041e4a79d8a0.json
/var/tmp/cp-b12-1001/evidence/z04-zero-committed-zl/raw/watch/cp-b12-watch-led/copies/084244.002-ledger-386ff790d98c.json
/var/tmp/cp-b12-1001/evidence/z04-zero-committed-zl/raw/watch/cp-b12-watch-led/copies/084244.145-ledger-610ab11f3441.json
/var/tmp/cp-b12-1001/evidence/z04-zero-committed-zl/raw/watch/cp-b12-watch-led/copies/084244.289-ledger-b43aacbe2176.json
/var/tmp/cp-b12-1001/evidence/z04-zero-committed-zl/raw/watch/cp-b12-watch-led/copies/084244.434-ledger-916af2b819d2.json
/var/tmp/cp-b12-1001/evidence/z04-zero-committed-zl/raw/watch/cp-b12-watch-led/copies/084244.581-ledger-d6a16aecf65e.json
/var/tmp/cp-b12-1001/evidence/z04-zero-committed-zl/raw/watch/cp-b12-watch-led/copies/084244.727-ledger-bb0897eb4c00.json
/var/tmp/cp-b12-1001/evidence/z04-zero-committed-zl/raw/watch/cp-b12-watch-led/copies/084244.873-ledger-a15b763126da.json
/var/tmp/cp-b12-1001/evidence/z04-zero-committed-zl/raw/watch/cp-b12-watch-led/copies/084245.026-ledger-9703a76d3363.json
/var/tmp/cp-b12-1001/evidence/z04-zero-committed-zl/raw/watch/cp-b12-watch-led/copies/084245.174-ledger-e0f4046205b1.json
/var/tmp/cp-b12-1001/evidence/z04-zero-committed-zl/raw/watch/cp-b12-watch-led/copies/084245.314-ledger-d46a7cc0d855.json
/var/tmp/cp-b12-1001/evidence/z04-zero-committed-zl/raw/watch/cp-b12-watch-led/copies/084245.457-ledger-94fae6323e18.json
/var/tmp/cp-b12-1001/evidence/z04-zero-committed-zl/raw/watch/cp-b12-watch-led/copies/084245.598-ledger-bd2b5a04795f.json
/var/tmp/cp-b12-1001/evidence/z04-zero-committed-zl/raw/watch/cp-b12-watch-led/copies/084245.742-ledger-1a04d7f856f7.json
/var/tmp/cp-b12-1001/evidence/z04-zero-committed-zl/raw/watch/cp-b12-watch-led/copies/084245.892-ledger-db911ed1b2fa.json
/var/tmp/cp-b12-1001/evidence/z04-zero-committed-zl/raw/watch/cp-b12-watch-led/copies/084246.041-ledger-9d36a9cd7d73.json
/var/tmp/cp-b12-1001/evidence/z04-zero-committed-zl/raw/watch/cp-b12-watch-led/copies/084246.184-ledger-0e9cb62312e3.json
/var/tmp/cp-b12-1001/evidence/z04-zero-committed-zl/raw/watch/cp-b12-watch-led/copies/084246.330-ledger-e641dd97317b.json
/var/tmp/cp-b12-1001/evidence/z04-zero-committed-zl/raw/watch/cp-b12-watch-led/copies/084246.471-ledger-6d3da51a13e8.json
/var/tmp/cp-b12-1001/evidence/z04-zero-committed-zl/raw/watch/cp-b12-watch-led/copies/084246.620-ledger-50bcc7f53b58.json
/var/tmp/cp-b12-1001/evidence/z04-zero-committed-zl/raw/watch/cp-b12-watch-led/copies/084246.767-ledger-c90cdb41f897.json
/var/tmp/cp-b12-1001/evidence/z04-zero-committed-zl/raw/watch/cp-b12-watch-led/copies/084246.910-ledger-5d14c10dbfa8.json
/var/tmp/cp-b12-1001/evidence/z04-zero-committed-zl/raw/watch/cp-b12-watch-led/copies/084247.368-ledger-57f97221429b.json
/var/tmp/cp-b12-1001/evidence/z04-zero-committed-zl/raw/watch/cp-b12-watch-led/copies/084247.511-ledger-2be2f7df7621.json
/var/tmp/cp-b12-1001/evidence/z04-zero-committed-zl/raw/watch/cp-b12-watch-led/copies/084247.658-ledger-0ce3116feb66.json
/var/tmp/cp-b12-1001/evidence/z04-zero-committed-zl/raw/watch/cp-b12-watch-led/copies/084247.805-ledger-225a8a8eab31.json
/var/tmp/cp-b12-1001/evidence/z04-zero-committed-zl/raw/watch/cp-b12-watch-led/copies/084247.948-ledger-78ef9a6a0940.json
/var/tmp/cp-b12-1001/evidence/z04-zero-committed-zl/raw/watch/cp-b12-watch-led/copies/084248.097-ledger-9f667f8f1016.json
/var/tmp/cp-b12-1001/evidence/z04-zero-committed-zl/raw/watch/cp-b12-watch-led/copies/084248.239-ledger-82b05084b73c.json
/var/tmp/cp-b12-1001/evidence/z04-zero-committed-zl/raw/watch/cp-b12-watch-led/copies/084248.381-ledger-9d2b9531360e.json
/var/tmp/cp-b12-1001/evidence/z04-zero-committed-zl/raw/watch/cp-b12-watch-led/copies/084248.527-ledger-c2dea0d4b4c6.json
/var/tmp/cp-b12-1001/evidence/z04-zero-committed-zl/raw/watch/cp-b12-watch-led/copies/084248.667-ledger-89ff149205ec.json
/var/tmp/cp-b12-1001/evidence/z04-zero-committed-zl/raw/watch/cp-b12-watch-led/copies/084249.122-ledger-08f26382d96c.json
/var/tmp/cp-b12-1001/evidence/z04-zero-committed-zl/raw/watch/cp-b12-watch-led/copies/084249.261-ledger-6c6aa4aff45c.json
/var/tmp/cp-b12-1001/evidence/z04-zero-committed-zl/raw/watch/cp-b12-watch-led/copies/084249.409-ledger-06da10c2d4ae.json
/var/tmp/cp-b12-1001/evidence/z04-zero-committed-zl/raw/watch/cp-b12-watch-led/copies/084249.554-ledger-6a6dfd87daee.json
/var/tmp/cp-b12-1001/evidence/z04-zero-committed-zl/raw/watch/cp-b12-watch-led/copies/084249.695-ledger-31d6d15fb6af.json
/var/tmp/cp-b12-1001/evidence/z04-zero-committed-zl/raw/watch/cp-b12-watch-led/copies/084249.836-ledger-2d7664f846f2.json
/var/tmp/cp-b12-1001/evidence/z04-zero-committed-zl/raw/watch/cp-b12-watch-led/copies/084249.979-ledger-f11460d56438.json
/var/tmp/cp-b12-1001/evidence/z04-zero-committed-zl/raw/watch/cp-b12-watch-led/copies/084250.122-ledger-4a9fc31b07de.json
/var/tmp/cp-b12-1001/evidence/z04-zero-committed-zl/raw/watch/cp-b12-watch-led/copies/084250.269-ledger-a6159ae07d23.json
/var/tmp/cp-b12-1001/evidence/z04-zero-committed-zl/raw/watch/cp-b12-watch-led/copies/084250.413-ledger-8ca91643dc91.json
/var/tmp/cp-b12-1001/evidence/z04-zero-committed-zl/raw/watch/cp-b12-watch-led/copies/084250.559-ledger-aca06a4e37da.json
/var/tmp/cp-b12-1001/evidence/z04-zero-committed-zl/raw/watch/cp-b12-watch-led/copies/084250.712-ledger-809be42ac788.json
/var/tmp/cp-b12-1001/evidence/z04-zero-committed-zl/raw/watch/cp-b12-watch-led/copies/084250.863-ledger-9ef4d19c986e.json
/var/tmp/cp-b12-1001/evidence/z04-zero-committed-zl/raw/watch/cp-b12-watch-led/copies/084251.003-ledger-43d60a14f948.json
/var/tmp/cp-b12-1001/evidence/z04-zero-committed-zl/raw/watch/cp-b12-watch-led/copies/084251.144-ledger-ddb8349e7b6b.json
/var/tmp/cp-b12-1001/evidence/z04-zero-committed-zl/raw/watch/cp-b12-watch-led/copies/084251.289-ledger-dc197f6d5a52.json
/var/tmp/cp-b12-1001/evidence/z04-zero-committed-zl/raw/watch/cp-b12-watch-led/copies/084251.442-ledger-b3c598ca2886.json
/var/tmp/cp-b12-1001/evidence/z04-zero-committed-zl/raw/watch/cp-b12-watch-led/copies/084251.587-ledger-927d5e11cc60.json
/var/tmp/cp-b12-1001/evidence/z04-zero-committed-zl/raw/watch/cp-b12-watch-led/copies/084251.729-ledger-4caf5cefb2ce.json
/var/tmp/cp-b12-1001/evidence/z04-zero-committed-zl/raw/watch/cp-b12-watch-led/copies/084251.881-ledger-10a92bfcd8e1.json
/var/tmp/cp-b12-1001/evidence/z04-zero-committed-zl/raw/watch/cp-b12-watch-led/copies/084252.024-ledger-41a4ba47730e.json
/var/tmp/cp-b12-1001/evidence/z04-zero-committed-zl/raw/watch/cp-b12-watch-led/copies/084252.166-ledger-95a430fcff86.json
/var/tmp/cp-b12-1001/evidence/z04-zero-committed-zl/raw/watch/cp-b12-watch-led/copies/084252.310-ledger-302b508bbceb.json
/var/tmp/cp-b12-1001/evidence/z04-zero-committed-zl/raw/watch/cp-b12-watch-led/copies/084252.453-ledger-4fcfbc375b65.json
/var/tmp/cp-b12-1001/evidence/z04-zero-committed-zl/raw/watch/cp-b12-watch-led/copies/084252.598-ledger-2cb6fd66962c.json
/var/tmp/cp-b12-1001/evidence/z04-zero-committed-zl/raw/watch/cp-b12-watch-led/copies/084252.744-ledger-c75f4a48dc4a.json
/var/tmp/cp-b12-1001/evidence/z04-zero-committed-zl/raw/watch/cp-b12-watch-led/copies/084252.902-ledger-862945d4c1c6.json
/var/tmp/cp-b12-1001/evidence/z04-zero-committed-zl/raw/watch/cp-b12-watch-led/copies/084253.045-ledger-943ca31d6a1b.json
/var/tmp/cp-b12-1001/evidence/z04-zero-committed-zl/raw/watch/cp-b12-watch-led/copies/084253.192-ledger-c943325768fb.json
/var/tmp/cp-b12-1001/evidence/z04-zero-committed-zl/raw/watch/cp-b12-watch-led/copies/084253.347-ledger-1119edc113aa.json
/var/tmp/cp-b12-1001/evidence/z04-zero-committed-zl/raw/watch/cp-b12-watch-led/copies/084253.495-ledger-201ee5693dd9.json
/var/tmp/cp-b12-1001/evidence/z04-zero-committed-zl/raw/watch/cp-b12-watch-led/copies/084253.649-ledger-f72635f6d72c.json
/var/tmp/cp-b12-1001/evidence/z04-zero-committed-zl/raw/watch/cp-b12-watch-led/copies/084253.799-ledger-cd25283987b4.json
/var/tmp/cp-b12-1001/evidence/z04-zero-committed-zl/raw/watch/cp-b12-watch-led/copies/084253.945-ledger-d4407748a1cf.json
/var/tmp/cp-b12-1001/evidence/z04-zero-committed-zl/raw/watch/cp-b12-watch-led/copies/084254.089-ledger-0f22169abf3d.json
/var/tmp/cp-b12-1001/evidence/z04-zero-committed-zl/raw/watch/cp-b12-watch-led/copies/084254.233-ledger-6a05a00bf550.json
/var/tmp/cp-b12-1001/evidence/z04-zero-committed-zl/raw/watch/cp-b12-watch-led/copies/084254.386-ledger-4208e8b262ed.json
/var/tmp/cp-b12-1001/evidence/z04-zero-committed-zl/raw/watch/cp-b12-watch-led/copies/084254.550-ledger-a57aecb2ad8f.json
/var/tmp/cp-b12-1001/evidence/z04-zero-committed-zl/raw/watch/cp-b12-watch-led/copies/084254.696-ledger-605cfc0c7bbb.json
/var/tmp/cp-b12-1001/evidence/z04-zero-committed-zl/raw/watch/cp-b12-watch-led/copies/084254.842-ledger-5e9efbef25f5.json
/var/tmp/cp-b12-1001/evidence/z04-zero-committed-zl/raw/watch/cp-b12-watch-led/copies/084254.989-ledger-3313791d5f80.json
/var/tmp/cp-b12-1001/evidence/z04-zero-committed-zl/raw/watch/cp-b12-watch-led/copies/084255.142-ledger-9ef7ae31a3f2.json
/var/tmp/cp-b12-1001/evidence/z04-zero-committed-zl/raw/watch/cp-b12-watch-led/copies/084255.287-ledger-867dc17d01b7.json
/var/tmp/cp-b12-1001/evidence/z04-zero-committed-zl/raw/watch/cp-b12-watch-led/copies/084255.439-ledger-74964beb8046.json
/var/tmp/cp-b12-1001/evidence/z04-zero-committed-zl/raw/watch/cp-b12-watch-led/copies/084255.601-ledger-ce2696cea5de.json
/var/tmp/cp-b12-1001/evidence/z04-zero-committed-zl/raw/watch/cp-b12-watch-led/copies/084255.743-ledger-5aab2b57d6f2.json
/var/tmp/cp-b12-1001/evidence/z04-zero-committed-zl/raw/watch/cp-b12-watch-led/copies/084255.884-ledger-108fb115a902.json
/var/tmp/cp-b12-1001/evidence/z04-zero-committed-zl/raw/watch/cp-b12-watch-led/copies/084256.029-ledger-dfa27309e786.json
/var/tmp/cp-b12-1001/evidence/z04-zero-committed-zl/raw/watch/cp-b12-watch-led/copies/084256.173-ledger-1b19f88f84aa.json
/var/tmp/cp-b12-1001/evidence/z04-zero-committed-zl/raw/watch/cp-b12-watch-led/copies/084256.325-ledger-deb256bf6c12.json
/var/tmp/cp-b12-1001/evidence/z04-zero-committed-zl/raw/watch/cp-b12-watch-led/copies/084256.474-ledger-6db39f876c93.json
/var/tmp/cp-b12-1001/evidence/z04-zero-committed-zl/raw/watch/cp-b12-watch-led/copies/084256.620-ledger-0719c905a0d6.json
/var/tmp/cp-b12-1001/evidence/z04-zero-committed-zl/raw/watch/cp-b12-watch-led/copies/084256.759-ledger-59f0764f3515.json
/var/tmp/cp-b12-1001/evidence/z04-zero-committed-zl/raw/watch/cp-b12-watch-led/copies/084258.813-ledger-694733988a00.json
/var/tmp/cp-b12-1001/evidence/z04-zero-committed-zl/raw/watch/cp-b12-watch-led/copies/084258.978-ledger-be974bad050d.json
/var/tmp/cp-b12-1001/evidence/z04-zero-committed-zl/raw/watch/cp-b12-watch-led/copies/084259.130-ledger-0912dd279d18.json
/var/tmp/cp-b12-1001/evidence/z04-zero-committed-zl/raw/watch/cp-b12-watch-led/copies/084259.277-ledger-3aa3c485ab42.json
/var/tmp/cp-b12-1001/evidence/z04-zero-committed-zl/raw/watch/cp-b12-watch-led/copies/084259.419-ledger-d62f33e60f72.json
/var/tmp/cp-b12-1001/evidence/z04-zero-committed-zl/raw/watch/cp-b12-watch-led/copies/084259.559-ledger-bd1f5e65be5b.json
/var/tmp/cp-b12-1001/evidence/z04-zero-committed-zl/raw/watch/cp-b12-watch-led/copies/084259.703-ledger-1bae6ed56713.json
/var/tmp/cp-b12-1001/evidence/z04-zero-committed-zl/raw/watch/cp-b12-watch-led/copies/084259.852-ledger-634f7ef8f801.json
/var/tmp/cp-b12-1001/evidence/z04-zero-committed-zl/raw/watch/cp-b12-watch-led/copies/084259.994-ledger-8cb21e27804a.json
/var/tmp/cp-b12-1001/evidence/z04-zero-committed-zl/raw/watch/cp-b12-watch-led/copies/084300.142-ledger-e8f0b4bc57d0.json
/var/tmp/cp-b12-1001/evidence/z04-zero-committed-zl/raw/watch/cp-b12-watch-led/copies/084300.300-ledger-56db026bda81.json
/var/tmp/cp-b12-1001/evidence/z04-zero-committed-zl/raw/watch/cp-b12-watch-led/copies/084300.447-ledger-8da2187e7159.json
/var/tmp/cp-b12-1001/evidence/z04-zero-committed-zl/raw/watch/cp-b12-watch-led/copies/084300.596-ledger-d38245b2418f.json
/var/tmp/cp-b12-1001/evidence/z04-zero-committed-zl/raw/watch/cp-b12-watch-led/copies/084300.745-ledger-6a61b59e9c69.json
/var/tmp/cp-b12-1001/evidence/z04-zero-committed-zl/raw/watch/cp-b12-watch-led/copies/084300.904-ledger-f761312d2abc.json
/var/tmp/cp-b12-1001/evidence/z04-zero-committed-zl/raw/watch/cp-b12-watch-led/copies/084301.048-ledger-c6cce68c588f.json
/var/tmp/cp-b12-1001/evidence/z04-zero-committed-zl/raw/watch/cp-b12-watch-led/copies/084301.201-ledger-65591528dc9e.json
/var/tmp/cp-b12-1001/evidence/z04-zero-committed-zl/raw/watch/cp-b12-watch-led/copies/084301.344-ledger-aaac583b9f2f.json
/var/tmp/cp-b12-1001/evidence/z04-zero-committed-zl/raw/watch/cp-b12-watch-led/copies/084301.693-ledger-64b473a40142.json
/var/tmp/cp-b12-1001/evidence/z04-zero-committed-zl/raw/watch/cp-b12-watch-led/timeline.log
/var/tmp/cp-b12-1001/evidence/z04-zero-committed-zl/raw/watch/cp-b12-watch/pdns-at-at-kill-proof.sqlite3
/var/tmp/cp-b12-1001/evidence/z04-zero-committed-zl/raw/watch/cp-b12-watch/pdns-at-at-kill-proof.sqlite3-wal
/var/tmp/cp-b12-1001/evidence/z04-zero-committed-zl/raw/watch/cp-b12-watch/pdns-at-at-result.sqlite3
/var/tmp/cp-b12-1001/evidence/z04-zero-committed-zl/raw/watch/cp-b12-watch/pdns-at-at-result.sqlite3-wal
/var/tmp/cp-b12-1001/evidence/z04-zero-committed-zl/raw/watch/cp-b12-watch/snap-at-kill-proof.txt
/var/tmp/cp-b12-1001/evidence/z04-zero-committed-zl/raw/watch/cp-b12-watch/snap-at-result.txt
/var/tmp/cp-b12-1001/evidence/z04-zero-committed-zl/raw/watch/cp-b12-watch/snap-start.txt
/var/tmp/cp-b12-1001/evidence/z04-zero-committed-zl/raw/watch/cp-b12-watch/timeline.log
/var/tmp/cp-b12-1001/evidence/z04-zero-committed-zl/run-prepared-dryrun-early.log
/var/tmp/cp-b12-1001/evidence/z04-zero-committed-zl/run-prepared-dryrun.log
/var/tmp/cp-b12-1001/evidence/z04-zero-committed-zl/run-prepared.log
/var/tmp/cp-b12-1001/evidence/z04-zero-committed-zl/run-prepared.rc
/var/tmp/cp-b12-1001/evidence/z04-zero-committed-zl/secondary-after-recover.txt
/var/tmp/cp-b12-1001/evidence/z04-zero-committed-zl/secondary-rndc-prerequisite-after-prepare.txt
/var/tmp/cp-b12-1001/evidence/z04-zero-committed-zl/secondary-rndc-prerequisite-before-enroll.txt
/var/tmp/cp-b12-1001/evidence/z04-zero-committed-zl/secondary-rndc-prerequisite-before-recover.txt
/var/tmp/cp-b12-1001/evidence/z04-zero-committed-zl/service-mutation-status-post-collect.json
/var/tmp/cp-b12-1001/evidence/z04-zero-committed-zl/smstatus.stderr
/var/tmp/cp-b12-1001/evidence/z04-zero-committed-zl/start.json
/var/tmp/cp-b12-1001/evidence/z04-zero-committed-zl/versions-post-collect-guest.txt
/var/tmp/cp-b12-1001/evidence/z04-zero-committed-zl/versions-post-collect-peer.txt
/var/tmp/cp-b12-1001/evidence/z04-zero-committed-zl/versions-pre-run-guest.txt
/var/tmp/cp-b12-1001/evidence/z04-zero-committed-zl/versions-pre-run-peer.txt
/var/tmp/cp-b12-1001/evidence/z04-zero-committed-zl/wait-ssh.json
/var/tmp/cp-b12-1001/evidence/z04-zero-committed-zl/work-root.txt
/var/tmp/cp-b12-1001/evidence/z04-zero-committed-zl/zone-lifecycle-recover-dryrun.log
/var/tmp/cp-b12-1001/evidence/z04-zero-committed-zl/zone-lifecycle-recover.log
### collect done 2026-09-30T08:47:07.022439153Z
