make: Entering directory '/var/tmp/cp-pair4-dist/96657d675efe05ed5083a1930382e551756544cb-acceptance-license/src'
env -i HOME="$HOME" PATH="$PATH" LC_ALL=C GOTOOLCHAIN=local GOENV=off GOWORK=off CGO_ENABLED=0 "/opt/celikpanel-test-toolchains/go1.26.5/go/bin/go" build -trimpath -buildvcs=false -ldflags "-s -w -X main.buildVersion=v0.0.0-pairaccept-acceptance-license.96657d675efe -X main.buildCommit=96657d675efe05ed5083a1930382e551756544cb" -o bin/panel ./cmd/panel
env -i HOME="$HOME" PATH="$PATH" LC_ALL=C GOTOOLCHAIN=local GOENV=off GOWORK=off CGO_ENABLED=0 "/opt/celikpanel-test-toolchains/go1.26.5/go/bin/go" build -trimpath -buildvcs=false -ldflags "-s -w -X main.buildVersion=v0.0.0-pairaccept-acceptance-license.96657d675efe -X main.buildCommit=96657d675efe05ed5083a1930382e551756544cb" -o bin/agent ./cmd/agent
env -i HOME="$HOME" PATH="$PATH" LC_ALL=C GOTOOLCHAIN=local GOENV=off GOWORK=off CGO_ENABLED=0 "/opt/celikpanel-test-toolchains/go1.26.5/go/bin/go" build -tags celikpanel_mail_renewal -trimpath -buildvcs=false -ldflags "-s -w -X main.buildVersion=v0.0.0-pairaccept-acceptance-license.96657d675efe -X main.buildCommit=96657d675efe05ed5083a1930382e551756544cb" -o bin/mail-renewal ./cmd/agent
env -i HOME="$HOME" PATH="$PATH" LC_ALL=C GOTOOLCHAIN=local GOENV=off GOWORK=off CGO_ENABLED=0 "/opt/celikpanel-test-toolchains/go1.26.5/go/bin/go" run ./deploy/mail-renewal/bundle --binary bin/mail-renewal --output bin/mail-renewal-runtime
a1628cd6849e49ce05d01ca51a6ca369d717c4063356aa7cc0e0ba952bf3d911
env -i HOME="$HOME" PATH="$PATH" LC_ALL=C GOTOOLCHAIN=local GOENV=off GOWORK=off CGO_ENABLED=0 "/opt/celikpanel-test-toolchains/go1.26.5/go/bin/go" run ./deploy/agent-native-contract --agent bin/agent --commit "96657d675efe05ed5083a1930382e551756544cb" --output bin/agent-native-contract.json --mail-runtime bin/mail-renewal-runtime
env -i HOME="$HOME" PATH="$PATH" LC_ALL=C GOTOOLCHAIN=local GOENV=off GOWORK=off CGO_ENABLED=0 "/opt/celikpanel-test-toolchains/go1.26.5/go/bin/go" build -trimpath -buildvcs=false -o bin/schema17-bridge ./deploy/schema17bridge
env -i HOME="$HOME" PATH="$PATH" LC_ALL=C GOTOOLCHAIN=local GOENV=off GOWORK=off CGO_ENABLED=0 "/opt/celikpanel-test-toolchains/go1.26.5/go/bin/go" build -trimpath -buildvcs=false -ldflags "-s -w -X main.buildVersion=v0.0.0-pairaccept-acceptance-license.96657d675efe -X main.buildCommit=96657d675efe05ed5083a1930382e551756544cb" -o bin/recovery ./cmd/recovery
env -i HOME="$HOME" PATH="$PATH" LC_ALL=C GOTOOLCHAIN=local GOENV=off GOWORK=off CGO_ENABLED=0 "/opt/celikpanel-test-toolchains/go1.26.5/go/bin/go" build -trimpath -buildvcs=false -o bin/agent-checker $(cat deploy/recovery/agent-checker.sources)
env -i HOME="$HOME" PATH="$PATH" LC_ALL=C GOTOOLCHAIN=local GOENV=off GOWORK=off CGO_ENABLED=0 "/opt/celikpanel-test-toolchains/go1.26.5/go/bin/go" build -trimpath -buildvcs=false -o bin/panel-checker $(cat deploy/recovery/panel-checker.sources)
env -i HOME="$HOME" PATH="$PATH" LC_ALL=C GOTOOLCHAIN=local GOENV=off GOWORK=off CGO_ENABLED=0 "/opt/celikpanel-test-toolchains/go1.26.5/go/bin/go" run ./deploy/recovery/bundle --source-root . --binary-root bin --output bin/recovery-runtime
0a003a0cd17c121e26dbc791eeb5f065d5bbd7dea3b7448bfa2bf24945a13f16
env -i HOME="$HOME" PATH="$PATH" LC_ALL=C GOTOOLCHAIN=local GOENV=off GOWORK=off CGO_ENABLED=0 "/opt/celikpanel-test-toolchains/go1.26.5/go/bin/go" build -trimpath -buildvcs=false -ldflags "-s -w" -o bin/firewall-restore ./cmd/firewall-restore
env -i HOME="$HOME" PATH="$PATH" LC_ALL=C GOTOOLCHAIN=local GOENV=off GOWORK=off CGO_ENABLED=0 "/opt/celikpanel-test-toolchains/go1.26.5/go/bin/go" run ./deploy/firewall/bundle --binary bin/firewall-restore --output bin/firewall-runtime
6c1c51b4f07155f52e1e9fc88f529e9c5beaeee53c127eeccfb66eaab86031b0
mkdir -p bin/dns-owner-tools
env -i HOME="$HOME" PATH="$PATH" LC_ALL=C GOTOOLCHAIN=local GOENV=off GOWORK=off CGO_ENABLED=0 "/opt/celikpanel-test-toolchains/go1.26.5/go/bin/go" build -trimpath -buildvcs=false -ldflags "-s -w" -o bin/dns-owner-tools/dns-peer-enroll ./cmd/dns-peer-enroll
env -i HOME="$HOME" PATH="$PATH" LC_ALL=C GOTOOLCHAIN=local GOENV=off GOWORK=off CGO_ENABLED=0 "/opt/celikpanel-test-toolchains/go1.26.5/go/bin/go" build -trimpath -buildvcs=false -ldflags "-s -w" -o bin/dns-owner-tools/bind-peer-inspect ./cmd/bind-peer-inspect
env -i HOME="$HOME" PATH="$PATH" LC_ALL=C GOTOOLCHAIN=local GOENV=off GOWORK=off CGO_ENABLED=0 "/opt/celikpanel-test-toolchains/go1.26.5/go/bin/go" build -trimpath -buildvcs=false -ldflags "-s -w" -o bin/dns-owner-tools/pdns-peer-inspect ./cmd/pdns-peer-inspect
cp cmd/dns-peer-enroll/README.md bin/dns-owner-tools/README.md
cd web && PATH="/mnt/c/CELIKBROS PROJECTS/celikpanel/.bin/node/bin:$PATH" true ci --no-audit --no-fund
cd web && PATH="/mnt/c/CELIKBROS PROJECTS/celikpanel/.bin/node/bin:$PATH" true run build
# Mirror the operational release layout so initial installation has all
# reviewed helpers. Privileged updates still enter through bootstrap-update.sh,
# which publishes and verifies an immutable release before changing /opt.
# İlk kurulum için incelenmiş yardımcıların tamamını taşı. Yetkili güncellemeler
# yine değişmez sürümü yayımlayıp doğrulayan bootstrap-update.sh yolunu kullanır.
rm -rf dist/celikpanel-v0.0.0-pairaccept-acceptance-license.96657d675efe
mkdir -p dist/celikpanel-v0.0.0-pairaccept-acceptance-license.96657d675efe/bin dist/celikpanel-v0.0.0-pairaccept-acceptance-license.96657d675efe/web/dist dist/celikpanel-v0.0.0-pairaccept-acceptance-license.96657d675efe/deploy dist/celikpanel-v0.0.0-pairaccept-acceptance-license.96657d675efe/libexec
cp bin/panel bin/agent bin/agent-native-contract.json bin/schema17-bridge dist/celikpanel-v0.0.0-pairaccept-acceptance-license.96657d675efe/bin/
cp -r web/dist/. dist/celikpanel-v0.0.0-pairaccept-acceptance-license.96657d675efe/web/dist/
cp -r deploy/. dist/celikpanel-v0.0.0-pairaccept-acceptance-license.96657d675efe/deploy/
# Acceptance evidence and harness tests are never read by an installed
# server; prune them before the manifest (which refuses them) and archive.
bash deploy/prune-release-harness.sh dist/celikpanel-v0.0.0-pairaccept-acceptance-license.96657d675efe
cp -r bin/recovery-runtime dist/celikpanel-v0.0.0-pairaccept-acceptance-license.96657d675efe/recovery-runtime
cp -r bin/firewall-runtime dist/celikpanel-v0.0.0-pairaccept-acceptance-license.96657d675efe/firewall-runtime
cp -r bin/mail-renewal-runtime dist/celikpanel-v0.0.0-pairaccept-acceptance-license.96657d675efe/mail-renewal-runtime
cp -r bin/dns-owner-tools dist/celikpanel-v0.0.0-pairaccept-acceptance-license.96657d675efe/dns-owner-tools
cp bin/firewall-runtime/celikpanel-firewall-restore.service dist/celikpanel-v0.0.0-pairaccept-acceptance-license.96657d675efe/deploy/systemd/celikpanel-firewall-restore.service
cp install.sh bootstrap-update.sh bootstrap-prebuilt-update.sh update.sh rollback.sh Makefile README.md SECURITY.md NOTICE dist/celikpanel-v0.0.0-pairaccept-acceptance-license.96657d675efe/
cp download-portal/get.sh dist/celikpanel-v0.0.0-pairaccept-acceptance-license.96657d675efe/libexec/get.sh
echo 1 > dist/celikpanel-v0.0.0-pairaccept-acceptance-license.96657d675efe/release.version
echo 96657d675efe05ed5083a1930382e551756544cb > dist/celikpanel-v0.0.0-pairaccept-acceptance-license.96657d675efe/release.commit
echo b92ae1e15c4f29e315e13ad31c392f5eb5e498dd > dist/celikpanel-v0.0.0-pairaccept-acceptance-license.96657d675efe/release.tree
find dist/celikpanel-v0.0.0-pairaccept-acceptance-license.96657d675efe -type d -exec chmod 0755 {} +
find dist/celikpanel-v0.0.0-pairaccept-acceptance-license.96657d675efe -type f -exec chmod 0644 {} +
chmod 0755 dist/celikpanel-v0.0.0-pairaccept-acceptance-license.96657d675efe/bin/panel dist/celikpanel-v0.0.0-pairaccept-acceptance-license.96657d675efe/bin/agent dist/celikpanel-v0.0.0-pairaccept-acceptance-license.96657d675efe/bin/schema17-bridge
chmod 0755 dist/celikpanel-v0.0.0-pairaccept-acceptance-license.96657d675efe/install.sh dist/celikpanel-v0.0.0-pairaccept-acceptance-license.96657d675efe/bootstrap-update.sh dist/celikpanel-v0.0.0-pairaccept-acceptance-license.96657d675efe/bootstrap-prebuilt-update.sh
chmod 0755 dist/celikpanel-v0.0.0-pairaccept-acceptance-license.96657d675efe/update.sh dist/celikpanel-v0.0.0-pairaccept-acceptance-license.96657d675efe/rollback.sh
chmod 0755 dist/celikpanel-v0.0.0-pairaccept-acceptance-license.96657d675efe/libexec/get.sh
chmod 0755 dist/celikpanel-v0.0.0-pairaccept-acceptance-license.96657d675efe/firewall-runtime/restore
chmod 0755 dist/celikpanel-v0.0.0-pairaccept-acceptance-license.96657d675efe/dns-owner-tools/dns-peer-enroll dist/celikpanel-v0.0.0-pairaccept-acceptance-license.96657d675efe/dns-owner-tools/bind-peer-inspect dist/celikpanel-v0.0.0-pairaccept-acceptance-license.96657d675efe/dns-owner-tools/pdns-peer-inspect
chmod 0755 dist/celikpanel-v0.0.0-pairaccept-acceptance-license.96657d675efe/mail-renewal-runtime/renew dist/celikpanel-v0.0.0-pairaccept-acceptance-license.96657d675efe/mail-renewal-runtime/celikpanel-mail-host-cert
chmod 0755 dist/celikpanel-v0.0.0-pairaccept-acceptance-license.96657d675efe/deploy/write-release-manifest.sh
chmod 0755 dist/celikpanel-v0.0.0-pairaccept-acceptance-license.96657d675efe/recovery-runtime/bin/recovery dist/celikpanel-v0.0.0-pairaccept-acceptance-license.96657d675efe/recovery-runtime/bin/agent-checker dist/celikpanel-v0.0.0-pairaccept-acceptance-license.96657d675efe/recovery-runtime/bin/panel-checker dist/celikpanel-v0.0.0-pairaccept-acceptance-license.96657d675efe/recovery-runtime/bin/schema17-bridge
chmod 0755 dist/celikpanel-v0.0.0-pairaccept-acceptance-license.96657d675efe/recovery-runtime/update.sh dist/celikpanel-v0.0.0-pairaccept-acceptance-license.96657d675efe/recovery-runtime/rollback.sh dist/celikpanel-v0.0.0-pairaccept-acceptance-license.96657d675efe/recovery-runtime/deploy/recovery/runtime-entry.sh
chmod 0755 dist/celikpanel-v0.0.0-pairaccept-acceptance-license.96657d675efe/deploy/release-recovery-runner.sh
chmod 0644 dist/celikpanel-v0.0.0-pairaccept-acceptance-license.96657d675efe/deploy/release-recovery-foundation.sh
chmod 0644 dist/celikpanel-v0.0.0-pairaccept-acceptance-license.96657d675efe/deploy/release-recovery.protocol
chmod 0644 dist/celikpanel-v0.0.0-pairaccept-acceptance-license.96657d675efe/deploy/systemd/celikpanel-release-recovery.service
chmod 0644 dist/celikpanel-v0.0.0-pairaccept-acceptance-license.96657d675efe/deploy/systemd/celikpanel-release-recovery.timer
bash dist/celikpanel-v0.0.0-pairaccept-acceptance-license.96657d675efe/deploy/write-release-manifest.sh dist/celikpanel-v0.0.0-pairaccept-acceptance-license.96657d675efe
# Normalize archive modes as well as time/order/ownership. Plain cp applies
# the caller's umask, so the same source must not package differently on
# hosts using 022 and 077.
tar --sort=name --mtime="@1790731572" --owner=0 --group=0 --numeric-owner --mode='u=rwX,go=rX' --format=gnu -cf dist/celikpanel-v0.0.0-pairaccept-acceptance-license.96657d675efe.tar -C dist celikpanel-v0.0.0-pairaccept-acceptance-license.96657d675efe
gzip -n -f dist/celikpanel-v0.0.0-pairaccept-acceptance-license.96657d675efe.tar
rm -rf dist/celikpanel-v0.0.0-pairaccept-acceptance-license.96657d675efe
cd dist && sha256sum "celikpanel-v0.0.0-pairaccept-acceptance-license.96657d675efe.tar.gz" > "celikpanel-v0.0.0-pairaccept-acceptance-license.96657d675efe.tar.gz.sha256"
→ dist/celikpanel-v0.0.0-pairaccept-acceptance-license.96657d675efe.tar.gz
→ dist/celikpanel-v0.0.0-pairaccept-acceptance-license.96657d675efe.tar.gz.sha256
make: Leaving directory '/var/tmp/cp-pair4-dist/96657d675efe05ed5083a1930382e551756544cb-acceptance-license/src'
