23:31:48.908559934 CHANGE journal none -> absent
23:31:48.924841404 CHANGE ledger none -> 177f61d12ed0bb85e6ea535b807b376e26bbe0871405a13867c0b3cb6ea4b211
23:31:48.929780037 CHANGE state none -> absent
23:31:48.934045598 CHANGE pdnsdb none -> absent
23:31:48.938749297 POINTER 
23:31:48.940767700 pdns=0/0/inactive/dead/ named=0/inactive/dead/ agent=0/inactive/ jphase=absent killpid=
23:31:49.238994340 pdns=0/0/inactive/dead/ named=0/inactive/dead/ agent=0/inactive/ jphase=absent killpid=
23:31:49.530706159 pdns=0/0/inactive/dead/ named=0/inactive/dead/ agent=0/inactive/ jphase=absent killpid=
23:31:49.809978745 pdns=0/0/inactive/dead/ named=0/inactive/dead/ agent=0/inactive/ jphase=absent killpid=
23:31:50.093355730 pdns=0/0/inactive/dead/ named=0/inactive/dead/ agent=0/inactive/ jphase=absent killpid=
23:31:50.386765550 pdns=0/0/inactive/dead/ named=0/inactive/dead/ agent=0/inactive/ jphase=absent killpid=
23:31:50.689724055 pdns=0/0/inactive/dead/ named=0/inactive/dead/ agent=0/inactive/ jphase=absent killpid=1891,
23:31:50.975351020 pdns=0/0/inactive/dead/ named=0/inactive/dead/ agent=0/inactive/ jphase=absent killpid=1891,
23:31:51.250301353 pdns=0/0/inactive/dead/ named=0/inactive/dead/ agent=0/inactive/ jphase=absent killpid=1891,
23:31:51.525952975 pdns=0/0/inactive/dead/ named=0/inactive/dead/ agent=0/inactive/ jphase=absent killpid=1891,
23:31:51.820309400 CHANGE ledger 177f61d12ed0bb85e6ea535b807b376e26bbe0871405a13867c0b3cb6ea4b211 -> 1b51e8083d184d837fa233801c8f47d9d6aeaffe32a34c2c3be27b6d72dfa1d8
23:31:51.824622841 pdns=0/0/inactive/dead/ named=0/inactive/dead/ agent=0/inactive/ jphase=absent killpid=1891,
23:31:52.124541327 CHANGE ledger 1b51e8083d184d837fa233801c8f47d9d6aeaffe32a34c2c3be27b6d72dfa1d8 -> c4d269f8d6267b143e4e8632a2545fedd29b05d570249c7260e4f3aa7aa43d43
23:31:52.128734663 pdns=0/0/inactive/dead/ named=0/inactive/dead/ agent=0/inactive/ jphase=absent killpid=1891,2106,
23:31:52.407739500 pdns=0/0/inactive/dead/ named=0/inactive/dead/ agent=0/inactive/ jphase=absent killpid=1891,2106,
23:31:52.703274834 pdns=0/0/inactive/dead/ named=0/inactive/dead/ agent=0/inactive/ jphase=absent killpid=1891,2106,
23:31:53.043879223 pdns=0/0/inactive/dead/ named=0/inactive/dead/ agent=0/inactive/ jphase=absent killpid=1891,2106,
23:31:53.346543529 pdns=0/0/inactive/dead/ named=0/inactive/dead/ agent=0/inactive/ jphase=absent killpid=1891,2106,
23:31:53.675883753 pdns=0/0/inactive/dead/ named=0/inactive/dead/ agent=0/inactive/ jphase=absent killpid=1891,2106,
23:31:53.961117448 pdns=0/0/inactive/dead/ named=0/inactive/dead/ agent=0/inactive/ jphase=absent killpid=1891,2106,
23:31:54.266479553 pdns=0/0/inactive/dead/ named=0/inactive/dead/ agent=0/inactive/ jphase=absent killpid=1891,2106,
23:31:54.637926820 pdns=0/0/inactive/dead/ named=0/inactive/dead/ agent=0/inactive/ jphase=absent killpid=1891,2106,
23:31:54.987232863 pdns=0/0/inactive/dead/ named=0/inactive/dead/ agent=0/inactive/ jphase=absent killpid=1891,2106,
23:31:55.333142006 pdns=0/0/inactive/dead/ named=0/inactive/dead/ agent=0/inactive/ jphase=absent killpid=1891,2106,
23:31:55.627315185 pdns=0/0/inactive/dead/ named=0/inactive/dead/ agent=0/inactive/ jphase=absent killpid=1891,2106,
23:31:55.926815279 pdns=0/0/inactive/dead/ named=0/inactive/dead/ agent=0/inactive/ jphase=absent killpid=1891,2106,
23:31:56.217044720 pdns=0/0/inactive/dead/ named=0/inactive/dead/ agent=0/inactive/ jphase=absent killpid=1891,2106,
23:31:56.506012341 pdns=0/0/inactive/dead/ named=0/inactive/dead/ agent=0/inactive/ jphase=absent killpid=1891,2106,
23:31:56.809300354 CHANGE ledger c4d269f8d6267b143e4e8632a2545fedd29b05d570249c7260e4f3aa7aa43d43 -> e48583345f1ea669e38118ae54e6ba1eceb0eff1ceea6674c869f40cebfc8555
23:31:56.814532256 pdns=0/0/inactive/dead/ named=0/inactive/dead/ agent=0/inactive/ jphase=absent killpid=1891,2561,
23:31:57.121975793 CHANGE ledger e48583345f1ea669e38118ae54e6ba1eceb0eff1ceea6674c869f40cebfc8555 -> 0689b89f74f52889cb1f9aa5457cf949f10e9541265e4c32ddb3562d951c4cf2
23:31:57.127485343 pdns=0/0/inactive/dead/ named=0/inactive/dead/ agent=0/inactive/ jphase=absent killpid=1891,
23:31:57.504392997 CHANGE ledger 0689b89f74f52889cb1f9aa5457cf949f10e9541265e4c32ddb3562d951c4cf2 -> 95df090e7f5cadf04959565cf229ff5bc30c11cf74a163964718b662450ac6cc
23:31:57.513073038 pdns=0/0/inactive/dead/ named=0/inactive/dead/ agent=0/inactive/ jphase=absent killpid=1891,2690,
23:31:57.894123487 pdns=0/0/inactive/dead/ named=0/inactive/dead/ agent=0/inactive/ jphase=absent killpid=1891,2690,
23:31:58.200484009 pdns=0/0/inactive/dead/ named=0/inactive/dead/ agent=0/inactive/ jphase=absent killpid=1891,2690,
23:31:58.483825487 pdns=0/0/inactive/dead/ named=0/inactive/dead/ agent=0/inactive/ jphase=absent killpid=1891,2690,
23:31:58.781392931 pdns=0/0/inactive/dead/ named=0/inactive/dead/ agent=0/inactive/ jphase=absent killpid=1891,2690,
23:31:59.083110014 pdns=0/0/inactive/dead/ named=0/inactive/dead/ agent=0/inactive/ jphase=absent killpid=1891,2690,
23:31:59.404767205 pdns=0/0/inactive/dead/ named=0/inactive/dead/ agent=0/inactive/ jphase=absent killpid=1891,2690,
23:31:59.693697280 pdns=0/0/inactive/dead/ named=0/inactive/dead/ agent=0/inactive/ jphase=absent killpid=1891,2690,
23:31:59.982004985 pdns=0/0/inactive/dead/ named=0/inactive/dead/ agent=0/inactive/ jphase=absent killpid=1891,2690,
23:32:00.270993292 pdns=0/0/inactive/dead/ named=0/inactive/dead/ agent=0/inactive/ jphase=absent killpid=1891,2690,
23:32:00.556836100 pdns=0/0/inactive/dead/ named=0/inactive/dead/ agent=0/inactive/ jphase=absent killpid=1891,2690,
23:32:00.842784816 pdns=0/0/inactive/dead/ named=0/inactive/dead/ agent=0/inactive/ jphase=absent killpid=1891,2690,
23:32:01.129655906 pdns=0/0/inactive/dead/ named=0/inactive/dead/ agent=0/inactive/ jphase=absent killpid=1891,2690,
23:32:01.431283347 pdns=0/0/inactive/dead/ named=0/inactive/dead/ agent=0/inactive/ jphase=absent killpid=1891,2690,
23:32:01.724286794 pdns=0/0/inactive/dead/ named=0/inactive/dead/ agent=0/inactive/ jphase=absent killpid=1891,2690,
23:32:02.024614485 CHANGE ledger 95df090e7f5cadf04959565cf229ff5bc30c11cf74a163964718b662450ac6cc -> 393131e3bb5adae6d8b1c79c30bba78911d6123fabc0f1c5d576d59824240bd0
23:32:02.032371326 pdns=0/0/inactive/dead/ named=0/inactive/dead/ agent=0/inactive/ jphase=absent killpid=1891,3273,
23:32:02.456964553 CHANGE ledger 393131e3bb5adae6d8b1c79c30bba78911d6123fabc0f1c5d576d59824240bd0 -> 59d3190b9d6b07397684049b5c15e6f0ba48551b91471572aaa431079fd19ce4
23:32:02.465745550 pdns=0/0/inactive/dead/ named=0/inactive/dead/ agent=0/inactive/ jphase=absent killpid=1891,3375,
23:32:02.785047785 CHANGE ledger 59d3190b9d6b07397684049b5c15e6f0ba48551b91471572aaa431079fd19ce4 -> 3cbcda3a938ca527870bbea478b62a778ef026e38e06ce2c68626431c3590be3
23:32:02.790119802 pdns=0/0/inactive/dead/ named=0/inactive/dead/ agent=0/inactive/ jphase=absent killpid=
23:32:03.213107093 CHANGE ledger 3cbcda3a938ca527870bbea478b62a778ef026e38e06ce2c68626431c3590be3 -> c9d505722761b51134ae4a16de16d6b8fb858a2ffbaed30adc7f29e858aee7de
23:32:03.221325631 pdns=0/0/inactive/dead/ named=0/inactive/dead/ agent=3467/active/ jphase=absent killpid=
23:32:03.537206294 CHANGE ledger c9d505722761b51134ae4a16de16d6b8fb858a2ffbaed30adc7f29e858aee7de -> 8451bee525c9fdfa60b2559f3a1bd7358e45bf4d79640a540be819319ed7a9d4
23:32:03.541562841 pdns=0/0/inactive/dead/ named=0/inactive/dead/ agent=3467/active/ jphase=absent killpid=
23:32:03.848499264 CHANGE journal absent -> 3ce901751d5b9840abf959210c51f33153f3841fb66b136a3f7c2ba7945f132e
23:32:03.864057789 CHANGE ledger 8451bee525c9fdfa60b2559f3a1bd7358e45bf4d79640a540be819319ed7a9d4 -> c23ed5b93eb84c81ecfd0e2667ee53ffa86489640e179f04402e2572913d3488
23:32:03.869417116 pdns=0/0/inactive/dead/ named=0/inactive/dead/ agent=3467/active/ jphase=intent killpid=
23:32:04.160190394 pdns=0/0/inactive/dead/ named=0/inactive/dead/ agent=3467/active/ jphase=target-staged killpid=
23:32:04.465912698 CHANGE journal 3ce901751d5b9840abf959210c51f33153f3841fb66b136a3f7c2ba7945f132e -> 8f5b4bfd6ec93c7e71633f19accb4d7222a9683ea8ce2d99f87c0d823e2afdc2
23:32:04.484146359 CHANGE ledger c23ed5b93eb84c81ecfd0e2667ee53ffa86489640e179f04402e2572913d3488 -> 48fdd8966fe97644c87a0d5497953bf26b05cb6e53dfbd0bec264d9a77aea1cc
23:32:04.511068906 CHANGE pdnsdb absent -> 415ceb5a785618ed5788b124b1d57b38d33c50a322dbec01feb248234cc58844
23:32:04.518688228 pdns=0/0/inactive/dead/ named=0/inactive/dead/ agent=3467/active/ jphase=target-enable-intent killpid=
23:32:04.867478176 CHANGE ledger 48fdd8966fe97644c87a0d5497953bf26b05cb6e53dfbd0bec264d9a77aea1cc -> 9a68a511de7f8df312ded546d13f329accc9ccb2a6e766f1a11c07ef29447303
23:32:04.880564560 pdns=0/0/inactive/dead/ named=0/inactive/dead/ agent=3467/active/ jphase=target-enable-intent killpid=
23:32:05.342761854 CHANGE ledger 9a68a511de7f8df312ded546d13f329accc9ccb2a6e766f1a11c07ef29447303 -> 21ea0dcba6af0429127d140e19a8869940e7c59119416fb26cc56f8deb507d57
23:32:05.356326839 pdns=0/0/inactive/dead/ named=0/inactive/dead/ agent=3467/active/ jphase=target-enable-intent killpid=
23:32:05.763908627 CHANGE ledger 21ea0dcba6af0429127d140e19a8869940e7c59119416fb26cc56f8deb507d57 -> ff1ffa6d75bec4320b3d79469da227cc1cfc8a8a2d8507aeee72306ffd2f1d92
23:32:05.779248417 pdns=0/0/inactive/dead/ named=0/inactive/dead/ agent=3467/active/ jphase=target-enable-intent killpid=
23:32:06.097958712 CHANGE ledger ff1ffa6d75bec4320b3d79469da227cc1cfc8a8a2d8507aeee72306ffd2f1d92 -> 220395d25cdf0e912c1e865f7c49b1904d3fce0d2a0e2d8962f5f8fe3cdfffd0
23:32:06.127081490 pdns=0/0/inactive/dead/ named=0/inactive/dead/ agent=3467/active/ jphase=target-enable-intent killpid=
23:32:06.649110471 CHANGE ledger 220395d25cdf0e912c1e865f7c49b1904d3fce0d2a0e2d8962f5f8fe3cdfffd0 -> 812cbe0914318fb3c23102d73a2b7fdd53b5f5d57b6c80a52fb5957dda52cbd6
23:32:06.662724852 pdns=0/0/inactive/dead/ named=0/inactive/dead/ agent=3467/active/ jphase=target-enable-intent killpid=
23:32:06.967266459 CHANGE ledger 812cbe0914318fb3c23102d73a2b7fdd53b5f5d57b6c80a52fb5957dda52cbd6 -> 128cbf1fc719d76882040cb51e8c6dfef23481e52b1476baee441151cdf59410
23:32:06.980152447 pdns=4480/0/activating/start/ named=0/inactive/dead/ agent=3467/active/ jphase=target-enable-intent killpid=
23:32:07.303116557 CHANGE journal 8f5b4bfd6ec93c7e71633f19accb4d7222a9683ea8ce2d99f87c0d823e2afdc2 -> 8f163bfb14e3d4ad6e05e14776414ed91a3b544d75b54f54aac11edb4103f1e5
23:32:07.322647597 CHANGE ledger 128cbf1fc719d76882040cb51e8c6dfef23481e52b1476baee441151cdf59410 -> 0eb62561bbb09c18625756be65787335411385ad4d4a0f79fe248fc5ec711909
23:32:07.338289555 CHANGE pdnsdb 415ceb5a785618ed5788b124b1d57b38d33c50a322dbec01feb248234cc58844 -> fb023b23922729750d77029842e21b8ea2cc5c4efa07f956915663d0f30b87d8
23:32:07.342642264 pdns=4480/0/active/running/ named=0/inactive/dead/ agent=3467/active/ jphase=target-started killpid=
23:32:07.651915944 CHANGE ledger 0eb62561bbb09c18625756be65787335411385ad4d4a0f79fe248fc5ec711909 -> 1aaf7dd8d22b82e5fa8f5a184a1947c8a1e9a8ad6dc8d79638bb28b9cfa813da
23:32:07.664577051 pdns=4480/0/active/running/ named=0/inactive/dead/ agent=3467/active/ jphase=target-started killpid=
23:32:07.986732028 CHANGE ledger 1aaf7dd8d22b82e5fa8f5a184a1947c8a1e9a8ad6dc8d79638bb28b9cfa813da -> 045424a76a0ded986d2b723955fc48146aa6566b226cfb9312cab909d73f7d9d
23:32:07.996213783 pdns=4480/0/active/running/ named=0/inactive/dead/ agent=3467/active/ jphase=target-started killpid=
23:32:08.312512056 CHANGE ledger 045424a76a0ded986d2b723955fc48146aa6566b226cfb9312cab909d73f7d9d -> 83cc7257b1e1389343c3c75428dd81146ab671a9ded30d72abfea0a2c8216228
23:32:08.326044473 pdns=4480/0/active/running/ named=0/inactive/dead/ agent=3467/active/ jphase=target-started killpid=
23:32:08.629005635 CHANGE journal 8f163bfb14e3d4ad6e05e14776414ed91a3b544d75b54f54aac11edb4103f1e5 -> 4dd7d2d41b7e2e02d6636fbe284ceb469633875a08a8ae3260ea0b850898021c
23:32:08.647148529 CHANGE ledger 83cc7257b1e1389343c3c75428dd81146ab671a9ded30d72abfea0a2c8216228 -> 49a208b989aa50d5515a86bc60a5bd098b238f994bd38d7a2ae31e6df61e152c
23:32:08.658490538 CHANGE state absent -> 3786737a2b9c81ee0e06ca77cf6fe0fad0d652c6f5332e00c822efe976172eca
23:32:08.668985027 pdns=4480/0/active/running/ named=0/inactive/dead/ agent=3467/active/ jphase=committed killpid=
23:32:09.047811212 pdns=4480/0/active/running/ named=0/inactive/dead/ agent=3467/active/ jphase=committed killpid=
23:32:09.334041647 CHANGE journal 4dd7d2d41b7e2e02d6636fbe284ceb469633875a08a8ae3260ea0b850898021c -> absent
23:32:09.358055114 pdns=4480/0/active/running/ named=0/inactive/dead/ agent=3467/active/ jphase=absent killpid=
23:32:09.671354321 pdns=4480/0/active/running/ named=0/inactive/dead/ agent=3467/active/ jphase=absent killpid=
23:32:09.978686175 CHANGE ledger 49a208b989aa50d5515a86bc60a5bd098b238f994bd38d7a2ae31e6df61e152c -> c1ce55aea568e0e3879c4b961415905979da8a4c42eec2b8a2b0514b1fd32206
23:32:09.992867744 pdns=4480/0/active/running/ named=0/inactive/dead/ agent=3467/active/ jphase=absent killpid=
23:32:10.320839575 pdns=4480/0/active/running/ named=0/inactive/dead/ agent=3467/active/ jphase=absent killpid=
23:32:10.663141472 pdns=4480/0/active/running/ named=0/inactive/dead/ agent=3467/active/ jphase=absent killpid=
23:32:10.978229070 pdns=4480/0/active/running/ named=0/inactive/dead/ agent=3467/active/ jphase=absent killpid=
23:32:11.275032061 pdns=4480/0/active/running/ named=0/inactive/dead/ agent=3467/active/ jphase=absent killpid=
23:32:11.579487415 pdns=4480/0/active/running/ named=0/inactive/dead/ agent=3467/active/ jphase=absent killpid=
23:32:11.868908462 pdns=4480/0/active/running/ named=0/inactive/dead/ agent=3467/active/ jphase=absent killpid=
23:32:12.177094754 pdns=4480/0/active/running/ named=0/inactive/dead/ agent=3467/active/ jphase=absent killpid=
23:32:12.477943918 pdns=4480/0/active/running/ named=0/inactive/dead/ agent=3467/active/ jphase=absent killpid=
23:32:12.781561932 pdns=4480/0/active/running/ named=0/inactive/dead/ agent=3467/active/ jphase=absent killpid=
23:32:13.100778407 pdns=4480/0/active/running/ named=0/inactive/dead/ agent=3467/active/ jphase=absent killpid=
23:32:13.416000270 pdns=4480/0/active/running/ named=0/inactive/dead/ agent=3467/active/ jphase=absent killpid=
23:32:13.750099382 pdns=4480/0/active/running/ named=0/inactive/dead/ agent=3467/active/ jphase=absent killpid=
23:32:14.042538119 pdns=4480/0/active/running/ named=0/inactive/dead/ agent=3467/active/ jphase=absent killpid=
23:32:14.336643422 pdns=4480/0/active/running/ named=0/inactive/dead/ agent=3467/active/ jphase=absent killpid=
23:32:14.657337095 pdns=4480/0/active/running/ named=0/inactive/dead/ agent=3467/active/ jphase=absent killpid=
23:32:14.978250283 pdns=4480/0/active/running/ named=0/inactive/dead/ agent=3467/active/ jphase=absent killpid=
23:32:15.277174846 pdns=4480/0/active/running/ named=0/inactive/dead/ agent=3467/active/ jphase=absent killpid=
23:32:15.589655042 pdns=4480/0/active/running/ named=0/inactive/dead/ agent=3467/active/ jphase=absent killpid=
23:32:15.886968013 pdns=4480/0/active/running/ named=0/inactive/dead/ agent=3467/active/ jphase=absent killpid=
23:32:16.192352133 pdns=4480/0/active/running/ named=0/inactive/dead/ agent=3467/active/ jphase=absent killpid=
23:32:16.489150022 pdns=4480/0/active/running/ named=0/inactive/dead/ agent=3467/active/ jphase=absent killpid=
23:32:16.788616851 pdns=4480/0/active/running/ named=0/inactive/dead/ agent=3467/active/ jphase=absent killpid=
23:32:17.099497182 pdns=4480/0/active/running/ named=0/inactive/dead/ agent=3467/active/ jphase=absent killpid=
23:32:17.398644949 pdns=4480/0/active/running/ named=0/inactive/dead/ agent=3467/active/ jphase=absent killpid=
23:32:17.711626884 pdns=4480/0/active/running/ named=0/inactive/dead/ agent=3467/active/ jphase=absent killpid=
23:32:18.020827658 pdns=4480/0/active/running/ named=0/inactive/dead/ agent=3467/active/ jphase=absent killpid=
23:32:18.312693104 pdns=4480/0/active/running/ named=0/inactive/dead/ agent=3467/active/ jphase=absent killpid=
23:32:18.602710235 pdns=4480/0/active/running/ named=0/inactive/dead/ agent=3467/active/ jphase=absent killpid=
23:32:18.892926627 pdns=4480/0/active/running/ named=0/inactive/dead/ agent=3467/active/ jphase=absent killpid=
23:32:19.180519408 pdns=4480/0/active/running/ named=0/inactive/dead/ agent=3467/active/ jphase=absent killpid=
23:32:19.474447446 pdns=4480/0/active/running/ named=0/inactive/dead/ agent=3467/active/ jphase=absent killpid=
23:32:19.787280105 pdns=4480/0/active/running/ named=0/inactive/dead/ agent=3467/active/ jphase=absent killpid=
23:32:20.080941072 pdns=4480/0/active/running/ named=0/inactive/dead/ agent=3467/active/ jphase=absent killpid=
23:32:20.374964660 pdns=4480/0/active/running/ named=0/inactive/dead/ agent=3467/active/ jphase=absent killpid=
23:32:20.665664009 pdns=4480/0/active/running/ named=0/inactive/dead/ agent=3467/active/ jphase=absent killpid=
23:32:20.958210544 pdns=4480/0/active/running/ named=0/inactive/dead/ agent=3467/active/ jphase=absent killpid=
23:32:21.248261445 pdns=4480/0/active/running/ named=0/inactive/dead/ agent=3467/active/ jphase=absent killpid=
23:32:21.536998018 pdns=4480/0/active/running/ named=0/inactive/dead/ agent=3467/active/ jphase=absent killpid=
23:32:21.827418901 pdns=4480/0/active/running/ named=0/inactive/dead/ agent=3467/active/ jphase=absent killpid=
23:32:22.114824252 pdns=4480/0/active/running/ named=0/inactive/dead/ agent=3467/active/ jphase=absent killpid=
23:32:22.411687389 pdns=4480/0/active/running/ named=0/inactive/dead/ agent=3467/active/ jphase=absent killpid=
23:32:22.724261629 pdns=4480/0/active/running/ named=0/inactive/dead/ agent=3467/active/ jphase=absent killpid=
23:32:23.069861183 pdns=4480/0/active/running/ named=0/inactive/dead/ agent=3467/active/ jphase=absent killpid=
23:32:23.366541928 pdns=4480/0/active/running/ named=0/inactive/dead/ agent=3467/active/ jphase=absent killpid=
23:32:23.661695719 pdns=4480/0/active/running/ named=0/inactive/dead/ agent=3467/active/ jphase=absent killpid=
23:32:23.946336896 pdns=4480/0/active/running/ named=0/inactive/dead/ agent=3467/active/ jphase=absent killpid=
23:32:24.229404155 pdns=4480/0/active/running/ named=0/inactive/dead/ agent=3467/active/ jphase=absent killpid=
23:32:24.511364545 pdns=4480/0/active/running/ named=0/inactive/dead/ agent=3467/active/ jphase=absent killpid=
23:32:24.802026153 pdns=4480/0/active/running/ named=0/inactive/dead/ agent=3467/active/ jphase=absent killpid=
23:32:25.093996259 pdns=4480/0/active/running/ named=0/inactive/dead/ agent=3467/active/ jphase=absent killpid=
23:32:25.378977400 pdns=4480/0/active/running/ named=0/inactive/dead/ agent=3467/active/ jphase=absent killpid=
23:32:25.662198395 pdns=4480/0/active/running/ named=0/inactive/dead/ agent=3467/active/ jphase=absent killpid=
23:32:25.947045967 pdns=4480/0/active/running/ named=0/inactive/dead/ agent=3467/active/ jphase=absent killpid=
23:32:26.225983252 pdns=4480/0/active/running/ named=0/inactive/dead/ agent=3467/active/ jphase=absent killpid=
23:32:26.512297360 pdns=4480/0/active/running/ named=0/inactive/dead/ agent=3467/active/ jphase=absent killpid=
23:32:26.796094806 pdns=4480/0/active/running/ named=0/inactive/dead/ agent=3467/active/ jphase=absent killpid=
23:32:27.083626106 pdns=4480/0/active/running/ named=0/inactive/dead/ agent=3467/active/ jphase=absent killpid=
23:32:27.381652596 pdns=4480/0/active/running/ named=0/inactive/dead/ agent=3467/active/ jphase=absent killpid=
23:32:27.669861650 pdns=4480/0/active/running/ named=0/inactive/dead/ agent=3467/active/ jphase=absent killpid=
23:32:27.960189596 pdns=4480/0/active/running/ named=0/inactive/dead/ agent=3467/active/ jphase=absent killpid=
23:32:28.247759382 pdns=4480/0/active/running/ named=0/inactive/dead/ agent=3467/active/ jphase=absent killpid=
23:32:28.540172540 pdns=4480/0/active/running/ named=0/inactive/dead/ agent=3467/active/ jphase=absent killpid=
23:32:28.842105404 pdns=4480/0/active/running/ named=0/inactive/dead/ agent=3467/active/ jphase=absent killpid=
23:32:29.134940896 pdns=4480/0/active/running/ named=0/inactive/dead/ agent=3467/active/ jphase=absent killpid=
23:32:29.436468495 pdns=4480/0/active/running/ named=0/inactive/dead/ agent=3467/active/ jphase=absent killpid=
23:32:29.752210054 pdns=4480/0/active/running/ named=0/inactive/dead/ agent=3467/active/ jphase=absent killpid=
23:32:30.048209784 pdns=4480/0/active/running/ named=0/inactive/dead/ agent=3467/active/ jphase=absent killpid=
23:32:30.338479462 pdns=4480/0/active/running/ named=0/inactive/dead/ agent=3467/active/ jphase=absent killpid=
23:32:30.627523773 pdns=4480/0/active/running/ named=0/inactive/dead/ agent=3467/active/ jphase=absent killpid=
23:32:30.913501628 pdns=4480/0/active/running/ named=0/inactive/dead/ agent=3467/active/ jphase=absent killpid=
23:32:31.207006623 pdns=4480/0/active/running/ named=0/inactive/dead/ agent=3467/active/ jphase=absent killpid=
23:32:31.548897927 pdns=4480/0/active/running/ named=0/inactive/dead/ agent=3467/active/ jphase=absent killpid=
23:32:31.851186222 pdns=4480/0/active/running/ named=0/inactive/dead/ agent=3467/active/ jphase=absent killpid=
23:32:32.152589220 pdns=4480/0/active/running/ named=0/inactive/dead/ agent=3467/active/ jphase=absent killpid=
23:32:32.454374850 pdns=4480/0/active/running/ named=0/inactive/dead/ agent=3467/active/ jphase=absent killpid=
23:32:32.745042619 pdns=4480/0/active/running/ named=0/inactive/dead/ agent=3467/active/ jphase=absent killpid=
23:32:33.036010502 pdns=4480/0/active/running/ named=0/inactive/dead/ agent=3467/active/ jphase=absent killpid=
23:32:33.320315010 pdns=4480/0/active/running/ named=0/inactive/dead/ agent=3467/active/ jphase=absent killpid=
23:32:33.616490157 pdns=4480/0/active/running/ named=0/inactive/dead/ agent=3467/active/ jphase=absent killpid=
23:32:33.919005780 pdns=4480/0/active/running/ named=0/inactive/dead/ agent=3467/active/ jphase=absent killpid=
23:32:34.259747958 pdns=4480/0/active/running/ named=0/inactive/dead/ agent=3467/active/ jphase=absent killpid=
23:32:34.548221826 pdns=4480/0/active/running/ named=0/inactive/dead/ agent=3467/active/ jphase=absent killpid=
23:32:34.833703248 pdns=4480/0/active/running/ named=0/inactive/dead/ agent=3467/active/ jphase=absent killpid=
23:32:35.133188118 pdns=4480/0/active/running/ named=0/inactive/dead/ agent=3467/active/ jphase=absent killpid=
23:32:35.454625224 pdns=4480/0/active/running/ named=0/inactive/dead/ agent=3467/active/ jphase=absent killpid=
23:32:35.760051606 pdns=4480/0/active/running/ named=0/inactive/dead/ agent=3467/active/ jphase=absent killpid=
23:32:36.046677645 pdns=4480/0/active/running/ named=0/inactive/dead/ agent=3467/active/ jphase=absent killpid=
23:32:36.331896308 pdns=4480/0/active/running/ named=0/inactive/dead/ agent=3467/active/ jphase=absent killpid=
23:32:36.618500792 pdns=4480/0/active/running/ named=0/inactive/dead/ agent=3467/active/ jphase=absent killpid=
23:32:36.906162423 pdns=4480/0/active/running/ named=0/inactive/dead/ agent=3467/active/ jphase=absent killpid=
23:32:37.199595570 pdns=4480/0/active/running/ named=0/inactive/dead/ agent=3467/active/ jphase=absent killpid=
23:32:37.502962784 pdns=4480/0/active/running/ named=0/inactive/dead/ agent=3467/active/ jphase=absent killpid=
23:32:37.801193745 pdns=4480/0/active/running/ named=0/inactive/dead/ agent=3467/active/ jphase=absent killpid=
23:32:38.094773483 pdns=4480/0/active/running/ named=0/inactive/dead/ agent=3467/active/ jphase=absent killpid=
23:32:38.380025457 pdns=4480/0/active/running/ named=0/inactive/dead/ agent=3467/active/ jphase=absent killpid=
23:32:38.665951957 pdns=4480/0/active/running/ named=0/inactive/dead/ agent=3467/active/ jphase=absent killpid=
23:32:38.952262569 pdns=4480/0/active/running/ named=0/inactive/dead/ agent=3467/active/ jphase=absent killpid=
23:32:39.239521515 pdns=4480/0/active/running/ named=0/inactive/dead/ agent=3467/active/ jphase=absent killpid=
23:32:39.522961926 pdns=4480/0/active/running/ named=0/inactive/dead/ agent=3467/active/ jphase=absent killpid=
23:32:39.817972134 pdns=4480/0/active/running/ named=0/inactive/dead/ agent=3467/active/ jphase=absent killpid=
23:32:40.101568924 pdns=4480/0/active/running/ named=0/inactive/dead/ agent=3467/active/ jphase=absent killpid=
23:32:40.387314446 pdns=4480/0/active/running/ named=0/inactive/dead/ agent=3467/active/ jphase=absent killpid=
23:32:40.685578532 pdns=4480/0/active/running/ named=0/inactive/dead/ agent=3467/active/ jphase=absent killpid=
23:32:41.009801926 pdns=4480/0/active/running/ named=0/inactive/dead/ agent=3467/active/ jphase=absent killpid=
done
