13:00:45.180024151 CHANGE journal none -> absent
13:00:45.192438154 CHANGE ledger none -> 177f61d12ed0bb85e6ea535b807b376e26bbe0871405a13867c0b3cb6ea4b211
13:00:45.196788277 CHANGE state none -> absent
13:00:45.198202935 pdns=0/0/inactive/dead/ named=2405/active/running/ agent=0/inactive/ jphase=absent killpid=
13:00:45.477922128 pdns=0/0/inactive/dead/ named=2405/active/running/ agent=0/inactive/ jphase=absent killpid=
13:00:45.759795499 pdns=0/0/inactive/dead/ named=2405/active/running/ agent=0/inactive/ jphase=absent killpid=
13:00:46.041752199 pdns=0/0/inactive/dead/ named=2405/active/running/ agent=0/inactive/ jphase=absent killpid=
13:00:46.329491422 CHANGE ledger 177f61d12ed0bb85e6ea535b807b376e26bbe0871405a13867c0b3cb6ea4b211 -> d6c60ed5d7fe8a78188f91a0d394292bf54ed5224aaa350a05ab8bf3fcd7dd3f
13:00:46.331228550 pdns=0/0/inactive/dead/ named=2405/active/running/ agent=0/inactive/ jphase=absent killpid=2735,
13:00:46.642134029 CHANGE ledger d6c60ed5d7fe8a78188f91a0d394292bf54ed5224aaa350a05ab8bf3fcd7dd3f -> 94888862a43d52a54876695cca91a4a24ccd0cf02a059254db21a3cdab15827e
13:00:46.643702734 pdns=0/0/inactive/dead/ named=2405/active/running/ agent=0/inactive/ jphase=absent killpid=2735,2858,
13:00:46.940299235 CHANGE ledger 94888862a43d52a54876695cca91a4a24ccd0cf02a059254db21a3cdab15827e -> ed8400011a68e2f8e461c8a67d10fb20537de1081bb925d0279c415624528d2b
13:00:46.942752349 pdns=0/0/inactive/dead/ named=2405/active/running/ agent=0/inactive/ jphase=absent killpid=2735,
13:00:47.237607046 CHANGE ledger ed8400011a68e2f8e461c8a67d10fb20537de1081bb925d0279c415624528d2b -> b99ad94445546de72c61800caa72d0ce2e35d42507128d4abe5375b9d8795061
13:00:47.242343077 pdns=0/0/inactive/dead/ named=2405/active/running/ agent=0/inactive/ jphase=absent killpid=2735,3023,
13:00:47.549479696 CHANGE ledger b99ad94445546de72c61800caa72d0ce2e35d42507128d4abe5375b9d8795061 -> 19ef7734a7033fc2c99adb693221fa361685cc7488b8b1eeb7f1bdff714581cd
13:00:47.550945438 pdns=0/0/inactive/dead/ named=2405/active/running/ agent=0/inactive/ jphase=absent killpid=2735,3115,
13:00:47.839625936 CHANGE ledger 19ef7734a7033fc2c99adb693221fa361685cc7488b8b1eeb7f1bdff714581cd -> 7fbc970de57dc3dd565b1fe3d3f391a41bb219c37c0b68011783e1347ff8bec1
13:00:47.841114142 pdns=0/0/inactive/dead/ named=2405/active/running/ agent=0/inactive/ jphase=absent killpid=2735,3201,
13:00:48.124998364 CHANGE ledger 7fbc970de57dc3dd565b1fe3d3f391a41bb219c37c0b68011783e1347ff8bec1 -> bd879bb9f5d759e2a8ff4cd830c550a71504f560669d03e67e03d9e8dcb57421
13:00:48.126676714 pdns=0/0/inactive/dead/ named=2405/active/running/ agent=0/inactive/ jphase=absent killpid=2735,
13:00:48.419606871 CHANGE ledger bd879bb9f5d759e2a8ff4cd830c550a71504f560669d03e67e03d9e8dcb57421 -> ebc59313f1a2d30d488ad6ab8f02c0e4dd2ae12503789262211e3f1296033f16
13:00:48.421612411 pdns=0/0/inactive/dead/ named=2405/active/running/ agent=0/inactive/ jphase=absent killpid=2735,
13:00:48.712726369 CHANGE ledger ebc59313f1a2d30d488ad6ab8f02c0e4dd2ae12503789262211e3f1296033f16 -> 3c1c1377c67f7d8082700d547dd87e48b993c17fd56230dc811b076aa1eb9655
13:00:48.715176174 pdns=0/0/inactive/dead/ named=2405/active/running/ agent=0/inactive/ jphase=absent killpid=2735,3446,
13:00:49.015026086 CHANGE ledger 3c1c1377c67f7d8082700d547dd87e48b993c17fd56230dc811b076aa1eb9655 -> 9652d44e08ea6402bf3e3d71fe772429827860074c36bfa6fe17b102e2e16337
13:00:49.017459954 pdns=0/0/inactive/dead/ named=2405/active/running/ agent=0/inactive/ jphase=absent killpid=2735,
13:00:49.320938193 CHANGE ledger 9652d44e08ea6402bf3e3d71fe772429827860074c36bfa6fe17b102e2e16337 -> 33cee51d146bc96487f534606be14ca6409835d5193795545317ae491cb4b6b5
13:00:49.322803090 pdns=0/0/inactive/dead/ named=2405/active/running/ agent=0/inactive/ jphase=absent killpid=2735,
13:00:49.611930787 CHANGE journal absent -> 73330f7858b9ba5860169e487c2565bc58df9d89343218c85af687a7437f7c78
13:00:49.623416736 CHANGE ledger 33cee51d146bc96487f534606be14ca6409835d5193795545317ae491cb4b6b5 -> 2e6bfd03e7f2fe6ca844de2de77293002c383bc39759d4624f31bd2d1ca74367
13:00:49.625597271 pdns=0/0/inactive/dead/ named=2405/active/running/ agent=0/inactive/ jphase=intent killpid=2735,3720,
13:00:49.911050072 CHANGE ledger 2e6bfd03e7f2fe6ca844de2de77293002c383bc39759d4624f31bd2d1ca74367 -> 5bf4270f9b3c350e59563c207d29dce552f78b25f4561c857d85dcea6b6e0208
13:00:49.912858318 pdns=0/0/inactive/dead/ named=2405/active/running/ agent=0/inactive/ jphase=intent killpid=2735,3809,
13:00:50.197704091 CHANGE ledger 5bf4270f9b3c350e59563c207d29dce552f78b25f4561c857d85dcea6b6e0208 -> bdb2c7d0b2a8e300c5e9aebb0874dace90b23673a283f3fced5efff9e4747582
13:00:50.199189601 pdns=0/0/inactive/dead/ named=2405/active/running/ agent=0/inactive/ jphase=intent killpid=2735,
13:00:50.497129283 CHANGE ledger bdb2c7d0b2a8e300c5e9aebb0874dace90b23673a283f3fced5efff9e4747582 -> 138b437f7755a63416dddec79aa8506474bab9fd6ef20374d13a1fe8a01f3bce
13:00:50.498849171 pdns=0/0/inactive/dead/ named=2405/active/running/ agent=0/inactive/ jphase=intent killpid=2735,3986,
13:00:50.783436189 CHANGE ledger 138b437f7755a63416dddec79aa8506474bab9fd6ef20374d13a1fe8a01f3bce -> a02233e9215d3c4a38f197ae97642c0a7aaaecc7beea7ca43ad79dc6b230e975
13:00:50.784880011 pdns=0/0/inactive/dead/ named=2405/active/running/ agent=0/inactive/ jphase=intent killpid=2735,
13:00:51.083676654 CHANGE ledger a02233e9215d3c4a38f197ae97642c0a7aaaecc7beea7ca43ad79dc6b230e975 -> b0d66342f93ffe5a4f6565e58fa8b15148471da21b9ceac18397620697721d75
13:00:51.085173626 pdns=0/0/inactive/dead/ named=2405/active/running/ agent=0/inactive/ jphase=intent killpid=2735,
13:00:51.368995997 CHANGE ledger b0d66342f93ffe5a4f6565e58fa8b15148471da21b9ceac18397620697721d75 -> 7b67138b099de5cdef765ab8bf28d22ce5830567bf844008b55d043815c4d651
13:00:51.370413143 pdns=0/0/inactive/dead/ named=2405/active/running/ agent=0/inactive/ jphase=intent killpid=2735,
13:00:51.652021045 CHANGE ledger 7b67138b099de5cdef765ab8bf28d22ce5830567bf844008b55d043815c4d651 -> cf95d16480c5c13d935510929998ddeb0d9aff71d5ea1f36df4f2cb1ba831f7e
13:00:51.653595022 pdns=0/0/inactive/dead/ named=2405/active/running/ agent=0/inactive/ jphase=intent killpid=2735,
13:00:51.924713774 CHANGE journal 73330f7858b9ba5860169e487c2565bc58df9d89343218c85af687a7437f7c78 -> 877cd2ff06145bc468566cc3a62eb129f0bfa7cc1b05a248990f745d615fcd65
13:00:51.935014524 CHANGE ledger cf95d16480c5c13d935510929998ddeb0d9aff71d5ea1f36df4f2cb1ba831f7e -> afaf65c75d92b08d756956f7a2a12051c6a7d822741a84ae48afa86eb5753148
13:00:51.936831002 pdns=0/0/inactive/dead/ named=2405/active/running/ agent=0/inactive/ jphase=source-stopped killpid=2735,
13:00:52.233614789 CHANGE ledger afaf65c75d92b08d756956f7a2a12051c6a7d822741a84ae48afa86eb5753148 -> bb1c9778946c5b851dc75303456c72f7a22d1e51c24b5b3194d2c6dc15ee70ce
13:00:52.235014809 pdns=0/0/inactive/dead/ named=2405/active/running/ agent=0/inactive/ jphase=source-stopped killpid=2735,
13:00:52.533363983 CHANGE ledger bb1c9778946c5b851dc75303456c72f7a22d1e51c24b5b3194d2c6dc15ee70ce -> 6e41c8ce1fa59b583f97cb19f8a96f3fe929ebd8c830fd589535bb2f619a6c97
13:00:52.535037092 pdns=0/0/inactive/dead/ named=2405/active/running/ agent=0/inactive/ jphase=target-started killpid=2735,
13:00:52.816935043 CHANGE journal 877cd2ff06145bc468566cc3a62eb129f0bfa7cc1b05a248990f745d615fcd65 -> d71d8395457a71bfcf7dcc09a86a571244ade7e42b3ed768acc77cc7025c35f7
13:00:52.827107600 CHANGE ledger 6e41c8ce1fa59b583f97cb19f8a96f3fe929ebd8c830fd589535bb2f619a6c97 -> e41fc155a97e432c8f1cba2ebb7673d379b32ea8c32b7a43b05ad7267a10aa59
13:00:52.828647341 pdns=0/0/inactive/dead/ named=2405/active/running/ agent=4609/active/ jphase=rolling-back killpid=
13:00:53.204727482 pdns=0/0/inactive/dead/ named=2405/active/running/ agent=4609/active/ jphase=rolling-back killpid=
13:00:53.485113332 pdns=0/0/inactive/dead/ named=2405/active/running/ agent=4609/active/ jphase=rolling-back killpid=
13:00:53.778506453 pdns=0/0/inactive/dead/ named=2405/active/running/ agent=4609/active/ jphase=rolling-back killpid=
13:00:54.086556916 pdns=0/0/inactive/dead/ named=2405/active/running/ agent=4609/active/ jphase=rolling-back killpid=
13:00:54.405546774 pdns=0/0/inactive/dead/ named=2405/active/running/ agent=4609/active/ jphase=rolling-back killpid=
13:00:54.703302399 pdns=0/0/inactive/dead/ named=2405/active/running/ agent=4609/active/ jphase=rolling-back killpid=
13:00:54.992312547 pdns=0/0/inactive/dead/ named=2405/active/running/ agent=4609/active/ jphase=rolling-back killpid=
13:00:55.290506934 pdns=0/0/inactive/dead/ named=2405/active/running/ agent=4609/active/ jphase=rolling-back killpid=
13:00:55.584297670 pdns=0/0/inactive/dead/ named=2405/active/running/ agent=4609/active/ jphase=rolling-back killpid=
13:00:55.883524813 pdns=0/0/inactive/dead/ named=2405/active/running/ agent=4609/active/ jphase=rolling-back killpid=
13:00:56.174461840 pdns=0/0/inactive/dead/ named=2405/active/running/ agent=4609/active/ jphase=rolling-back killpid=
13:00:56.474397990 pdns=0/0/inactive/dead/ named=2405/active/running/ agent=4609/active/ jphase=rolling-back killpid=
13:00:56.774251639 pdns=0/0/inactive/dead/ named=2405/active/running/ agent=4609/active/ jphase=rolling-back killpid=
13:00:57.069073745 pdns=0/0/inactive/dead/ named=2405/active/running/ agent=4609/active/ jphase=rolling-back killpid=
13:00:57.357632635 pdns=0/0/inactive/dead/ named=2405/active/running/ agent=4609/active/ jphase=rolling-back killpid=
13:00:57.655886401 pdns=0/0/inactive/dead/ named=2405/active/running/ agent=4609/active/ jphase=rolling-back killpid=
13:00:57.941393867 pdns=0/0/inactive/dead/ named=2405/active/running/ agent=4609/active/ jphase=rolling-back killpid=
13:00:58.246544875 pdns=0/0/inactive/dead/ named=2405/active/running/ agent=4609/active/ jphase=rolling-back killpid=
13:00:58.556802022 pdns=0/0/inactive/dead/ named=2405/active/running/ agent=4609/active/ jphase=rolling-back killpid=
13:00:58.891186666 pdns=0/0/inactive/dead/ named=2405/active/running/ agent=4609/active/ jphase=rolling-back killpid=
13:00:59.183843356 pdns=0/0/inactive/dead/ named=2405/active/running/ agent=4609/active/ jphase=rolling-back killpid=
13:00:59.502422724 pdns=0/0/inactive/dead/ named=2405/active/running/ agent=4609/active/ jphase=rolling-back killpid=
13:00:59.794893754 pdns=0/0/inactive/dead/ named=2405/active/running/ agent=4609/active/ jphase=rolling-back killpid=
13:01:00.082716858 pdns=0/0/inactive/dead/ named=2405/active/running/ agent=4609/active/ jphase=rolling-back killpid=
13:01:00.371820522 pdns=0/0/inactive/dead/ named=2405/active/running/ agent=4609/active/ jphase=rolling-back killpid=
13:01:00.656806270 pdns=0/0/inactive/dead/ named=2405/active/running/ agent=4609/active/ jphase=rolling-back killpid=
13:01:00.942275199 pdns=0/0/inactive/dead/ named=2405/active/running/ agent=4609/active/ jphase=rolling-back killpid=
13:01:01.233845050 pdns=0/0/inactive/dead/ named=2405/active/running/ agent=4609/active/ jphase=rolling-back killpid=
13:01:01.532094193 pdns=0/0/inactive/dead/ named=2405/active/running/ agent=4609/active/ jphase=rolling-back killpid=
13:01:01.823569390 pdns=0/0/inactive/dead/ named=2405/active/running/ agent=4609/active/ jphase=rolling-back killpid=
13:01:02.133510602 pdns=0/0/inactive/dead/ named=2405/active/running/ agent=4609/active/ jphase=rolled-back killpid=
13:01:02.422750115 CHANGE journal d71d8395457a71bfcf7dcc09a86a571244ade7e42b3ed768acc77cc7025c35f7 -> 71448a8c59b78ca53b943bbe5e547dfade8792f01b302feae95d4ba06acef2e5
13:01:02.429256444 pdns=0/0/inactive/dead/ named=2405/active/running/ agent=4609/active/ jphase=rolled-back killpid=
13:01:02.704654665 pdns=0/0/inactive/dead/ named=2405/active/running/ agent=4609/active/ jphase=rolled-back killpid=
13:01:02.995371462 pdns=0/0/inactive/dead/ named=2405/active/running/ agent=4609/active/ jphase=rolled-back killpid=
13:01:03.280316103 pdns=0/0/inactive/dead/ named=2405/active/running/ agent=4609/active/ jphase=rolled-back killpid=
13:01:03.563385414 pdns=0/0/inactive/dead/ named=2405/active/running/ agent=4609/active/ jphase=rolled-back killpid=
13:01:03.852004575 pdns=0/0/inactive/dead/ named=2405/active/running/ agent=4609/active/ jphase=absent killpid=
13:01:04.129587667 CHANGE journal 71448a8c59b78ca53b943bbe5e547dfade8792f01b302feae95d4ba06acef2e5 -> absent
13:01:04.135255574 pdns=0/0/inactive/dead/ named=2405/active/running/ agent=4609/active/ jphase=absent killpid=
13:01:04.421421093 pdns=0/0/inactive/dead/ named=2405/active/running/ agent=4609/active/ jphase=absent killpid=
13:01:04.725732758 pdns=0/0/inactive/dead/ named=2405/active/running/ agent=4609/active/ jphase=absent killpid=
13:01:05.083135631 pdns=0/0/inactive/dead/ named=2405/active/running/ agent=4609/active/ jphase=absent killpid=
13:01:05.363647791 pdns=0/0/inactive/dead/ named=2405/active/running/ agent=4609/active/ jphase=absent killpid=
13:01:05.640269878 pdns=0/0/inactive/dead/ named=2405/active/running/ agent=4609/active/ jphase=absent killpid=
13:01:05.916702650 pdns=0/0/inactive/dead/ named=2405/active/running/ agent=4609/active/ jphase=absent killpid=
13:01:06.188246121 pdns=0/0/inactive/dead/ named=2405/active/running/ agent=4609/active/ jphase=absent killpid=
13:01:06.460729050 pdns=0/0/inactive/dead/ named=2405/active/running/ agent=4609/active/ jphase=absent killpid=
13:01:06.733716099 pdns=0/0/inactive/dead/ named=2405/active/running/ agent=4609/active/ jphase=absent killpid=
13:01:07.016545653 pdns=0/0/inactive/dead/ named=2405/active/running/ agent=4609/active/ jphase=absent killpid=
13:01:07.726451825 pdns=0/0/inactive/dead/ named=2405/active/running/ agent=4609/active/ jphase=absent killpid=
13:01:10.068824469 pdns=0/0/inactive/dead/ named=2405/active/running/ agent=4609/active/ jphase=absent killpid=
13:01:10.343041320 pdns=0/0/inactive/dead/ named=2405/active/running/ agent=4609/active/ jphase=absent killpid=
13:01:10.613627650 pdns=0/0/inactive/dead/ named=2405/active/running/ agent=4609/active/ jphase=absent killpid=
13:01:10.881748816 pdns=0/0/inactive/dead/ named=2405/active/running/ agent=4609/active/ jphase=absent killpid=
13:01:11.148909358 pdns=0/0/inactive/dead/ named=2405/active/running/ agent=4609/active/ jphase=absent killpid=
13:01:11.419373226 pdns=0/0/inactive/dead/ named=2405/active/running/ agent=4609/active/ jphase=absent killpid=
13:01:11.692779233 pdns=0/0/inactive/dead/ named=2405/active/running/ agent=4609/active/ jphase=absent killpid=
13:01:11.960172861 pdns=0/0/inactive/dead/ named=2405/active/running/ agent=4609/active/ jphase=absent killpid=
13:01:12.227999979 pdns=0/0/inactive/dead/ named=2405/active/running/ agent=4609/active/ jphase=absent killpid=
13:01:12.500134741 pdns=0/0/inactive/dead/ named=2405/active/running/ agent=4609/active/ jphase=absent killpid=
13:01:12.766145711 pdns=0/0/inactive/dead/ named=2405/active/running/ agent=4609/active/ jphase=absent killpid=
13:01:13.034242620 pdns=0/0/inactive/dead/ named=2405/active/running/ agent=4609/active/ jphase=absent killpid=
13:01:13.307232315 pdns=0/0/inactive/dead/ named=2405/active/running/ agent=4609/active/ jphase=absent killpid=
13:01:13.588179100 pdns=0/0/inactive/dead/ named=2405/active/running/ agent=4609/active/ jphase=absent killpid=
13:01:13.858512180 pdns=0/0/inactive/dead/ named=2405/active/running/ agent=4609/active/ jphase=absent killpid=
13:01:14.124800989 pdns=0/0/inactive/dead/ named=2405/active/running/ agent=4609/active/ jphase=absent killpid=
13:01:14.392984094 pdns=0/0/inactive/dead/ named=2405/active/running/ agent=4609/active/ jphase=absent killpid=
13:01:14.671443795 pdns=0/0/inactive/dead/ named=2405/active/running/ agent=4609/active/ jphase=absent killpid=
13:01:14.939156422 pdns=0/0/inactive/dead/ named=2405/active/running/ agent=4609/active/ jphase=absent killpid=
13:01:15.213203069 pdns=0/0/inactive/dead/ named=2405/active/running/ agent=4609/active/ jphase=absent killpid=
13:01:15.492931065 pdns=0/0/inactive/dead/ named=2405/active/running/ agent=4609/active/ jphase=absent killpid=
13:01:15.765048838 pdns=0/0/inactive/dead/ named=2405/active/running/ agent=4609/active/ jphase=absent killpid=
13:01:16.032598951 pdns=0/0/inactive/dead/ named=2405/active/running/ agent=4609/active/ jphase=absent killpid=
13:01:16.306584812 pdns=0/0/inactive/dead/ named=2405/active/running/ agent=4609/active/ jphase=absent killpid=
13:01:16.585734442 pdns=0/0/inactive/dead/ named=2405/active/running/ agent=4609/active/ jphase=absent killpid=
13:01:16.866096398 pdns=0/0/inactive/dead/ named=2405/active/running/ agent=4609/active/ jphase=absent killpid=
13:01:17.137060555 pdns=0/0/inactive/dead/ named=2405/active/running/ agent=4609/active/ jphase=absent killpid=
13:01:17.409587054 pdns=0/0/inactive/dead/ named=2405/active/running/ agent=4609/active/ jphase=absent killpid=
13:01:17.678141933 pdns=0/0/inactive/dead/ named=2405/active/running/ agent=4609/active/ jphase=absent killpid=
13:01:17.953668288 pdns=0/0/inactive/dead/ named=2405/active/running/ agent=4609/active/ jphase=absent killpid=
13:01:18.223523706 pdns=0/0/inactive/dead/ named=2405/active/running/ agent=4609/active/ jphase=absent killpid=
13:01:18.496405779 pdns=0/0/inactive/dead/ named=2405/active/running/ agent=4609/active/ jphase=absent killpid=
13:01:18.767018898 pdns=0/0/inactive/dead/ named=2405/active/running/ agent=4609/active/ jphase=absent killpid=
13:01:19.043507649 pdns=0/0/inactive/dead/ named=2405/active/running/ agent=4609/active/ jphase=absent killpid=
13:01:19.321275869 pdns=0/0/inactive/dead/ named=2405/active/running/ agent=4609/active/ jphase=absent killpid=
13:01:19.596909896 pdns=0/0/inactive/dead/ named=2405/active/running/ agent=4609/active/ jphase=absent killpid=
13:01:19.883847245 pdns=0/0/inactive/dead/ named=2405/active/running/ agent=4609/active/ jphase=absent killpid=
13:01:20.154936051 pdns=0/0/inactive/dead/ named=2405/active/running/ agent=4609/active/ jphase=absent killpid=
13:01:20.434662795 pdns=0/0/inactive/dead/ named=2405/active/running/ agent=4609/active/ jphase=absent killpid=
13:01:20.711481344 pdns=0/0/inactive/dead/ named=2405/active/running/ agent=4609/active/ jphase=absent killpid=
13:01:20.986614188 pdns=0/0/inactive/dead/ named=2405/active/running/ agent=4609/active/ jphase=absent killpid=
13:01:21.268557552 pdns=0/0/inactive/dead/ named=2405/active/running/ agent=4609/active/ jphase=absent killpid=
13:01:21.545165964 pdns=0/0/inactive/dead/ named=2405/active/running/ agent=4609/active/ jphase=absent killpid=
13:01:21.820028412 pdns=0/0/inactive/dead/ named=2405/active/running/ agent=4609/active/ jphase=absent killpid=
13:01:22.118703002 pdns=0/0/inactive/dead/ named=2405/active/running/ agent=4609/active/ jphase=absent killpid=
13:01:22.395515385 pdns=0/0/inactive/dead/ named=2405/active/running/ agent=4609/active/ jphase=absent killpid=
13:01:22.673605156 pdns=0/0/inactive/dead/ named=2405/active/running/ agent=4609/active/ jphase=absent killpid=
13:01:22.955343377 pdns=0/0/inactive/dead/ named=2405/active/running/ agent=4609/active/ jphase=absent killpid=
13:01:23.231523078 pdns=0/0/inactive/dead/ named=2405/active/running/ agent=4609/active/ jphase=absent killpid=
13:01:23.571579144 pdns=0/0/inactive/dead/ named=2405/active/running/ agent=4609/active/ jphase=absent killpid=
13:01:23.847728051 pdns=0/0/inactive/dead/ named=2405/active/running/ agent=4609/active/ jphase=absent killpid=
13:01:24.120381359 pdns=0/0/inactive/dead/ named=2405/active/running/ agent=4609/active/ jphase=absent killpid=
13:01:24.393384219 pdns=0/0/inactive/dead/ named=2405/active/running/ agent=4609/active/ jphase=absent killpid=
13:01:24.668439119 pdns=0/0/inactive/dead/ named=2405/active/running/ agent=4609/active/ jphase=absent killpid=
13:01:24.942829699 pdns=0/0/inactive/dead/ named=2405/active/running/ agent=4609/active/ jphase=absent killpid=
13:01:25.214342717 pdns=0/0/inactive/dead/ named=2405/active/running/ agent=4609/active/ jphase=absent killpid=
13:01:25.498415966 pdns=0/0/inactive/dead/ named=2405/active/running/ agent=4609/active/ jphase=absent killpid=
13:01:25.785728200 pdns=0/0/inactive/dead/ named=2405/active/running/ agent=4609/active/ jphase=absent killpid=
13:01:26.066082559 pdns=0/0/inactive/dead/ named=2405/active/running/ agent=4609/active/ jphase=absent killpid=
13:01:26.371253541 pdns=0/0/inactive/dead/ named=2405/active/running/ agent=4609/active/ jphase=absent killpid=
13:01:26.647483331 pdns=0/0/inactive/dead/ named=2405/active/running/ agent=4609/active/ jphase=absent killpid=
13:01:26.920881548 pdns=0/0/inactive/dead/ named=2405/active/running/ agent=4609/active/ jphase=absent killpid=
13:01:27.194987249 pdns=0/0/inactive/dead/ named=2405/active/running/ agent=4609/active/ jphase=absent killpid=
13:01:27.485932694 pdns=0/0/inactive/dead/ named=2405/active/running/ agent=4609/active/ jphase=absent killpid=
13:01:27.773112394 pdns=0/0/inactive/dead/ named=2405/active/running/ agent=4609/active/ jphase=absent killpid=
13:01:28.047016617 pdns=0/0/inactive/dead/ named=2405/active/running/ agent=4609/active/ jphase=absent killpid=
13:01:28.319034646 pdns=0/0/inactive/dead/ named=2405/active/running/ agent=4609/active/ jphase=absent killpid=
13:01:28.597559339 pdns=0/0/inactive/dead/ named=2405/active/running/ agent=4609/active/ jphase=absent killpid=
13:01:28.891612544 pdns=0/0/inactive/dead/ named=2405/active/running/ agent=4609/active/ jphase=absent killpid=
13:01:29.171475228 pdns=0/0/inactive/dead/ named=2405/active/running/ agent=4609/active/ jphase=absent killpid=
13:01:29.443138545 pdns=0/0/inactive/dead/ named=2405/active/running/ agent=4609/active/ jphase=absent killpid=
13:01:29.715282138 pdns=0/0/inactive/dead/ named=2405/active/running/ agent=4609/active/ jphase=absent killpid=
13:01:29.986349634 pdns=0/0/inactive/dead/ named=2405/active/running/ agent=4609/active/ jphase=absent killpid=
13:01:30.257692058 pdns=0/0/inactive/dead/ named=2405/active/running/ agent=4609/active/ jphase=absent killpid=
13:01:30.529550928 pdns=0/0/inactive/dead/ named=2405/active/running/ agent=4609/active/ jphase=absent killpid=
13:01:30.797465495 pdns=0/0/inactive/dead/ named=2405/active/running/ agent=4609/active/ jphase=absent killpid=
13:01:31.068742893 pdns=0/0/inactive/dead/ named=2405/active/running/ agent=4609/active/ jphase=absent killpid=
13:01:31.351010674 pdns=0/0/inactive/dead/ named=2405/active/running/ agent=4609/active/ jphase=absent killpid=
13:01:31.620612778 pdns=0/0/inactive/dead/ named=2405/active/running/ agent=4609/active/ jphase=absent killpid=
13:01:31.886872921 pdns=0/0/inactive/dead/ named=2405/active/running/ agent=4609/active/ jphase=absent killpid=
13:01:32.161149255 pdns=0/0/inactive/dead/ named=2405/active/running/ agent=4609/active/ jphase=absent killpid=
13:01:32.440529370 pdns=0/0/inactive/dead/ named=2405/active/running/ agent=4609/active/ jphase=absent killpid=
13:01:32.709899531 pdns=0/0/inactive/dead/ named=2405/active/running/ agent=4609/active/ jphase=absent killpid=
13:01:32.977340780 pdns=0/0/inactive/dead/ named=2405/active/running/ agent=4609/active/ jphase=absent killpid=
13:01:33.250804975 pdns=0/0/inactive/dead/ named=2405/active/running/ agent=4609/active/ jphase=absent killpid=
13:01:33.522265373 pdns=0/0/inactive/dead/ named=2405/active/running/ agent=4609/active/ jphase=absent killpid=
13:01:33.789450496 pdns=0/0/inactive/dead/ named=2405/active/running/ agent=4609/active/ jphase=absent killpid=
13:01:34.057942714 pdns=0/0/inactive/dead/ named=2405/active/running/ agent=4609/active/ jphase=absent killpid=
13:01:34.349756166 pdns=0/0/inactive/dead/ named=2405/active/running/ agent=4609/active/ jphase=absent killpid=
13:01:34.617522379 pdns=0/0/inactive/dead/ named=2405/active/running/ agent=4609/active/ jphase=absent killpid=
13:01:34.882670835 pdns=0/0/inactive/dead/ named=2405/active/running/ agent=4609/active/ jphase=absent killpid=
13:01:35.152765077 pdns=0/0/inactive/dead/ named=2405/active/running/ agent=4609/active/ jphase=absent killpid=
done
