13:56:55.452662641 CHANGE journal none -> absent
13:56:55.463439438 CHANGE ledger none -> 177f61d12ed0bb85e6ea535b807b376e26bbe0871405a13867c0b3cb6ea4b211
13:56:55.467323856 CHANGE state none -> absent
13:56:55.468568681 pdns=0/0/inactive/dead/ named=0/inactive/dead/ agent=0/inactive/ jphase=absent killpid=
13:56:55.747667286 pdns=0/0/inactive/dead/ named=0/inactive/dead/ agent=0/inactive/ jphase=absent killpid=
13:56:56.019947197 pdns=0/0/inactive/dead/ named=0/inactive/dead/ agent=0/inactive/ jphase=absent killpid=
13:56:56.284516965 pdns=0/0/inactive/dead/ named=0/inactive/dead/ agent=0/inactive/ jphase=absent killpid=
13:56:56.560247656 pdns=0/0/inactive/dead/ named=0/inactive/dead/ agent=0/inactive/ jphase=absent killpid=
13:56:56.829553914 pdns=0/0/inactive/dead/ named=0/inactive/dead/ agent=0/inactive/ jphase=absent killpid=1723,1759,
13:56:57.112294484 CHANGE ledger 177f61d12ed0bb85e6ea535b807b376e26bbe0871405a13867c0b3cb6ea4b211 -> 4c7b9a5408a61ae1b68da284f8b16f882b70bbeeb2a47c3c53bf0310708b8836
13:56:57.113677914 pdns=0/0/inactive/dead/ named=0/inactive/dead/ agent=0/inactive/ jphase=absent killpid=1723,
13:56:57.390576331 CHANGE ledger 4c7b9a5408a61ae1b68da284f8b16f882b70bbeeb2a47c3c53bf0310708b8836 -> 6dab1a23e70a27564943fd691a5e4dfc71fb1c4b07250b81814a5adda6831460
13:56:57.392536988 pdns=0/0/inactive/dead/ named=0/inactive/dead/ agent=0/inactive/ jphase=absent killpid=1723,1954,
13:56:57.780912656 CHANGE ledger 6dab1a23e70a27564943fd691a5e4dfc71fb1c4b07250b81814a5adda6831460 -> aa0a6d674f573af445db51563ca1409e9c5348ae02afca3ef1aefabf3226bdbd
13:56:57.783797532 pdns=0/0/inactive/dead/ named=0/inactive/dead/ agent=0/inactive/ jphase=absent killpid=1723,2036,
13:56:58.071265942 CHANGE ledger aa0a6d674f573af445db51563ca1409e9c5348ae02afca3ef1aefabf3226bdbd -> b62ee44a64e5d359e0e554add8d7454c433b6c7e5ea0be4d9924ed3dea87cfa0
13:56:58.072638325 pdns=0/0/inactive/dead/ named=0/inactive/dead/ agent=0/inactive/ jphase=absent killpid=1723,2036,
13:56:58.336103217 pdns=0/0/inactive/dead/ named=0/inactive/dead/ agent=0/inactive/ jphase=absent killpid=1723,2036,
13:56:58.616831948 pdns=0/0/inactive/dead/ named=0/inactive/dead/ agent=0/inactive/ jphase=absent killpid=1723,2036,
13:56:58.931327752 pdns=0/0/inactive/dead/ named=0/inactive/dead/ agent=0/inactive/ jphase=absent killpid=1723,2036,
13:56:59.250988613 pdns=0/0/inactive/dead/ named=0/inactive/dead/ agent=0/inactive/ jphase=absent killpid=1723,2036,
13:56:59.525125696 pdns=0/0/inactive/dead/ named=0/inactive/dead/ agent=0/inactive/ jphase=absent killpid=1723,2036,
13:56:59.797444990 pdns=0/0/inactive/dead/ named=0/inactive/dead/ agent=0/inactive/ jphase=absent killpid=1723,2036,
13:57:00.071284154 pdns=0/0/inactive/dead/ named=0/inactive/dead/ agent=0/inactive/ jphase=absent killpid=1723,2036,
13:57:00.338014539 pdns=0/0/inactive/dead/ named=0/inactive/dead/ agent=0/inactive/ jphase=absent killpid=1723,2036,
13:57:00.604247548 pdns=0/0/inactive/dead/ named=0/inactive/dead/ agent=0/inactive/ jphase=absent killpid=1723,2036,
13:57:00.878740312 CHANGE ledger b62ee44a64e5d359e0e554add8d7454c433b6c7e5ea0be4d9924ed3dea87cfa0 -> 1b01a004a1dbdd82fc81ffc6cc4376738d2275194e4a5eb97ff6473108b356a3
13:57:00.880064275 pdns=0/0/inactive/dead/ named=0/inactive/dead/ agent=0/inactive/ jphase=absent killpid=1723,2279,
13:57:01.153888291 pdns=0/0/inactive/dead/ named=0/inactive/dead/ agent=0/inactive/ jphase=absent killpid=1723,2279,
13:57:01.415681313 pdns=0/0/inactive/dead/ named=0/inactive/dead/ agent=0/inactive/ jphase=absent killpid=1723,2279,
13:57:01.687681393 pdns=0/0/inactive/dead/ named=0/inactive/dead/ agent=0/inactive/ jphase=absent killpid=1723,2279,
13:57:01.963705276 CHANGE ledger 1b01a004a1dbdd82fc81ffc6cc4376738d2275194e4a5eb97ff6473108b356a3 -> 88d82501c09cf553aead489e2f062fd4ec3a005dc3adace5408a0b55baca78f0
13:57:01.964918194 pdns=0/0/inactive/dead/ named=0/inactive/dead/ agent=0/inactive/ jphase=absent killpid=1723,2279,
13:57:02.243511107 pdns=0/0/inactive/dead/ named=0/inactive/dead/ agent=0/inactive/ jphase=absent killpid=1723,2279,
13:57:02.512811936 pdns=0/0/inactive/dead/ named=0/inactive/dead/ agent=0/inactive/ jphase=absent killpid=1723,2279,
13:57:02.780763149 pdns=0/0/inactive/dead/ named=0/inactive/dead/ agent=0/inactive/ jphase=absent killpid=1723,2279,
13:57:03.048514663 pdns=0/0/inactive/dead/ named=0/inactive/dead/ agent=0/inactive/ jphase=absent killpid=1723,2279,
13:57:03.327695933 pdns=0/0/inactive/dead/ named=0/inactive/dead/ agent=0/inactive/ jphase=absent killpid=1723,2279,
13:57:03.727036083 pdns=0/0/inactive/dead/ named=0/inactive/dead/ agent=0/inactive/ jphase=absent killpid=1723,2279,
13:57:04.035515294 pdns=0/0/inactive/dead/ named=0/inactive/dead/ agent=0/inactive/ jphase=absent killpid=1723,2279,
13:57:04.345944004 pdns=0/0/inactive/dead/ named=0/inactive/dead/ agent=0/inactive/ jphase=absent killpid=1723,2279,
13:57:04.620993880 pdns=0/0/inactive/dead/ named=0/inactive/dead/ agent=0/inactive/ jphase=absent killpid=1723,2279,
13:57:04.899129709 pdns=0/0/inactive/dead/ named=0/inactive/dead/ agent=0/inactive/ jphase=absent killpid=1723,2279,
13:57:05.191413606 pdns=0/0/inactive/dead/ named=0/inactive/dead/ agent=0/inactive/ jphase=absent killpid=1723,2279,
13:57:05.463683038 pdns=0/0/inactive/dead/ named=0/inactive/dead/ agent=0/inactive/ jphase=absent killpid=1723,2279,
13:57:05.737729993 pdns=0/0/inactive/dead/ named=0/inactive/dead/ agent=0/inactive/ jphase=absent killpid=1723,3041,
13:57:06.022191019 CHANGE ledger 88d82501c09cf553aead489e2f062fd4ec3a005dc3adace5408a0b55baca78f0 -> 873b1bea356d41294a78933357725934851d98422fbb46cdd1b18b7e99f09536
13:57:06.023512809 pdns=0/0/inactive/dead/ named=0/inactive/dead/ agent=0/inactive/ jphase=absent killpid=1723,3151,
13:57:06.459913477 CHANGE ledger 873b1bea356d41294a78933357725934851d98422fbb46cdd1b18b7e99f09536 -> c7fc8e03cbc6d86e0a4290d3a871331491ca86cc96bc06e051459e6e5fd438bd
13:57:06.461190861 pdns=0/0/inactive/dead/ named=0/inactive/dead/ agent=0/inactive/ jphase=absent killpid=1723,
13:57:06.922379554 CHANGE ledger c7fc8e03cbc6d86e0a4290d3a871331491ca86cc96bc06e051459e6e5fd438bd -> 5161742b6a837cbb01d3489853072504bb993156859c81b541ea714b29bdb734
13:57:06.923721222 pdns=0/0/inactive/dead/ named=0/inactive/dead/ agent=0/inactive/ jphase=absent killpid=1723,3364,
13:57:07.203894238 CHANGE ledger 5161742b6a837cbb01d3489853072504bb993156859c81b541ea714b29bdb734 -> ba5015592249f61d173daaf33c08cfa166290ca8c2f7bf6fc40b84e074359197
13:57:07.205181757 pdns=0/0/inactive/dead/ named=0/inactive/dead/ agent=0/inactive/ jphase=absent killpid=1723,
13:57:07.488023760 CHANGE journal absent -> 38181e1e28ca5515d44a2c1f2d41b4fd04760e9dd6e6d7414915d8d0a6ad4309
13:57:07.497696429 CHANGE ledger ba5015592249f61d173daaf33c08cfa166290ca8c2f7bf6fc40b84e074359197 -> 580fec8d131daaf84938126e7b0b46c0335c99f68afdf9a324644a637bcc3789
13:57:07.500455039 pdns=0/0/inactive/dead/ named=0/inactive/dead/ agent=0/inactive/ jphase=intent killpid=1723,3553,
13:57:07.766238638 CHANGE journal 38181e1e28ca5515d44a2c1f2d41b4fd04760e9dd6e6d7414915d8d0a6ad4309 -> b568dd26c092df6a3f78a16b433b684e78c03dd091519d743a1cd423c15f192d
13:57:07.775096109 CHANGE ledger 580fec8d131daaf84938126e7b0b46c0335c99f68afdf9a324644a637bcc3789 -> 0dd1ac555346d1a6faab44e9d60fd3a2d6c98d109b7c395cd37a4f7ec5138b12
13:57:07.776371176 pdns=0/0/inactive/dead/ named=0/inactive/dead/ agent=0/inactive/ jphase=source-stopped killpid=1723,3628,
13:57:08.080720113 CHANGE ledger 0dd1ac555346d1a6faab44e9d60fd3a2d6c98d109b7c395cd37a4f7ec5138b12 -> abe60e94b71232fbf2ce1a7378336ed0f65a9c2b003d935040abbf53c1454349
13:57:08.083148852 pdns=0/0/inactive/dead/ named=0/inactive/dead/ agent=0/inactive/ jphase=source-stopped killpid=1723,3732,
13:57:08.507857050 CHANGE ledger abe60e94b71232fbf2ce1a7378336ed0f65a9c2b003d935040abbf53c1454349 -> 9e8e850e823b572c20d02d5ca7fc24d2eb6db1ae0f3f0c3ef824fdd7c8114cff
13:57:08.509578283 pdns=0/0/inactive/dead/ named=0/inactive/dead/ agent=0/inactive/ jphase=source-stopped killpid=1723,
13:57:08.966060722 CHANGE ledger 9e8e850e823b572c20d02d5ca7fc24d2eb6db1ae0f3f0c3ef824fdd7c8114cff -> 3e10b325bc9341d048b219db812b43b6f665b509399ea4e2bb488780426f2ca7
13:57:08.967567051 pdns=0/0/inactive/dead/ named=0/inactive/dead/ agent=0/inactive/ jphase=source-stopped killpid=1723,3953,
13:57:09.256668639 CHANGE ledger 3e10b325bc9341d048b219db812b43b6f665b509399ea4e2bb488780426f2ca7 -> a94e69e0850c7aad117a9bb89f5686d371b4bc6cc0b7634bb2344a1dc61f4f6c
13:57:09.258549398 pdns=0/0/inactive/dead/ named=0/inactive/dead/ agent=0/inactive/ jphase=source-stopped killpid=1723,3993,
13:57:09.938540485 CHANGE ledger a94e69e0850c7aad117a9bb89f5686d371b4bc6cc0b7634bb2344a1dc61f4f6c -> 4b7ba79c41699ed98089fed68b922e9d5f11105cd83f2603b46e932f58474770
13:57:09.943545444 pdns=0/0/inactive/dead/ named=0/inactive/dead/ agent=0/inactive/ jphase=source-stopped killpid=1723,
13:57:10.388586536 CHANGE ledger 4b7ba79c41699ed98089fed68b922e9d5f11105cd83f2603b46e932f58474770 -> 15ea3190a263ae2f307227ba91dfca8f9e6e07c9d7386e904d3cac62d912c383
13:57:10.390167857 pdns=0/0/inactive/dead/ named=0/inactive/dead/ agent=0/inactive/ jphase=source-stopped killpid=1723,
13:57:10.677775264 CHANGE ledger 15ea3190a263ae2f307227ba91dfca8f9e6e07c9d7386e904d3cac62d912c383 -> 11602e27ff853d42acf9c47edc6bb0f905fe140c60e877a1b8deb15afbcd5708
13:57:10.679583694 pdns=0/0/inactive/dead/ named=4351/active/running/ agent=0/inactive/ jphase=source-stopped killpid=1723,4384,
13:57:10.960886950 CHANGE ledger 11602e27ff853d42acf9c47edc6bb0f905fe140c60e877a1b8deb15afbcd5708 -> fc96fa871e92d054be72fcc682d4b7a18285b369b35531c99001893b405a2de9
13:57:10.962406908 pdns=0/0/inactive/dead/ named=4351/active/running/ agent=0/inactive/ jphase=source-stopped killpid=1723,
13:57:11.243902775 CHANGE ledger fc96fa871e92d054be72fcc682d4b7a18285b369b35531c99001893b405a2de9 -> a9921f2f1647bc9f7e776d267029b9b0bf5e8a3938bbf554f76e32bbb174e8c8
13:57:11.245547582 pdns=0/0/inactive/dead/ named=4351/active/running/ agent=0/inactive/ jphase=source-stopped killpid=1723,
13:57:11.521469935 CHANGE ledger a9921f2f1647bc9f7e776d267029b9b0bf5e8a3938bbf554f76e32bbb174e8c8 -> 8b70c85dedb3a4847379bf011f92bcce7e3292b9738f9636c7286dda17b6330a
13:57:11.523087763 pdns=0/0/inactive/dead/ named=4351/active/running/ agent=0/inactive/ jphase=source-stopped killpid=1723,
13:57:11.807861787 CHANGE ledger 8b70c85dedb3a4847379bf011f92bcce7e3292b9738f9636c7286dda17b6330a -> 9aa754cb9f89fcfe91c137d8d8b0fe28261eca1d3ee364f0acd3b7b8f460680a
13:57:11.809177192 pdns=0/0/inactive/dead/ named=4351/active/running/ agent=0/inactive/ jphase=source-stopped killpid=1723,4759,
13:57:12.086445543 CHANGE journal b568dd26c092df6a3f78a16b433b684e78c03dd091519d743a1cd423c15f192d -> c5e30a5622cee11e9a3e1a5a2f0cb495382f5212b63968aba546de79afb4ef99
13:57:12.095133774 CHANGE ledger 9aa754cb9f89fcfe91c137d8d8b0fe28261eca1d3ee364f0acd3b7b8f460680a -> b8e44b94ea3d5c8428ec9eba262acc8d02160d039c744338b4be5a8df7e3e204
13:57:12.096668296 pdns=0/0/inactive/dead/ named=4351/active/running/ agent=0/inactive/ jphase=target-started killpid=1723,
13:57:12.388876916 CHANGE ledger b8e44b94ea3d5c8428ec9eba262acc8d02160d039c744338b4be5a8df7e3e204 -> 39e49e0aa0a63094afca9b79e639c9235ccac0152feb72a7e0d8b294fb1ea1cc
13:57:12.390417599 pdns=0/0/inactive/dead/ named=4351/active/running/ agent=0/inactive/ jphase=target-started killpid=1723,4956,
13:57:12.675527934 CHANGE ledger 39e49e0aa0a63094afca9b79e639c9235ccac0152feb72a7e0d8b294fb1ea1cc -> c9330908eed619f24625adcee125af9e6dfca1acd93d859d82c8d9ea70eab439
13:57:12.676764628 pdns=0/0/inactive/dead/ named=4351/active/running/ agent=0/inactive/ jphase=target-started killpid=1723,5047,
13:57:12.960729651 CHANGE ledger c9330908eed619f24625adcee125af9e6dfca1acd93d859d82c8d9ea70eab439 -> 340bb3cd331496e2fff1f792659db14302582327f52f205c6b6f9e3416aba341
13:57:12.962383212 pdns=0/0/inactive/dead/ named=4351/active/running/ agent=0/inactive/ jphase=target-started killpid=1723,
13:57:13.248526418 CHANGE journal c5e30a5622cee11e9a3e1a5a2f0cb495382f5212b63968aba546de79afb4ef99 -> d30ac9413b50a872623aa209fd308d5f3e24d9ff48a0a941c6e828ad62e472b3
13:57:13.262366844 CHANGE ledger 340bb3cd331496e2fff1f792659db14302582327f52f205c6b6f9e3416aba341 -> 1830fb1a8c57741c582be0256f92b04fca703e8d75c70ea0f201910b8e5a0e08
13:57:13.280014801 CHANGE state absent -> eae4ab1ed1a027dc98071dbebb3e75a21dc5da0a24f7739d039099c7905b0618
13:57:13.282256966 pdns=0/0/inactive/dead/ named=4351/active/running/ agent=5204/active/ jphase=target-verified killpid=
13:57:13.645541558 CHANGE ledger 1830fb1a8c57741c582be0256f92b04fca703e8d75c70ea0f201910b8e5a0e08 -> 2dc2a8b51eab91137bffa78270084666c6b6b8dd482862a59c310721a77fd8e5
13:57:13.650008343 pdns=0/0/inactive/dead/ named=4351/active/running/ agent=5204/active/ jphase=target-verified killpid=
13:57:13.928022130 pdns=0/0/inactive/dead/ named=4351/active/running/ agent=5204/active/ jphase=target-verified killpid=
13:57:14.190873573 pdns=0/0/inactive/dead/ named=4351/active/running/ agent=5204/active/ jphase=target-verified killpid=
13:57:14.455747790 pdns=0/0/inactive/dead/ named=4351/active/running/ agent=5204/active/ jphase=target-verified killpid=
13:57:14.718325944 pdns=0/0/inactive/dead/ named=4351/active/running/ agent=5204/active/ jphase=target-verified killpid=
13:57:14.987878949 pdns=0/0/inactive/dead/ named=4351/active/running/ agent=5204/active/ jphase=target-verified killpid=
13:57:15.253075468 pdns=0/0/inactive/dead/ named=4351/active/running/ agent=5204/active/ jphase=target-verified killpid=
13:57:15.535916498 pdns=0/0/inactive/dead/ named=4351/active/running/ agent=5204/active/ jphase=target-verified killpid=
13:57:15.803069541 pdns=0/0/inactive/dead/ named=4351/active/running/ agent=5204/active/ jphase=target-verified killpid=
13:57:16.067660451 pdns=0/0/inactive/dead/ named=4351/active/running/ agent=5204/active/ jphase=target-verified killpid=
13:57:16.334015180 pdns=0/0/inactive/dead/ named=4351/active/running/ agent=5204/active/ jphase=target-verified killpid=
13:57:16.594867396 pdns=0/0/inactive/dead/ named=4351/active/running/ agent=5204/active/ jphase=target-verified killpid=
13:57:16.857020706 pdns=0/0/inactive/dead/ named=4351/active/running/ agent=5204/active/ jphase=target-verified killpid=
13:57:17.136468119 pdns=0/0/inactive/dead/ named=4351/active/running/ agent=5204/active/ jphase=target-verified killpid=
13:57:17.424732509 pdns=0/0/inactive/dead/ named=4351/active/running/ agent=5204/active/ jphase=target-verified killpid=
13:57:17.691779523 pdns=0/0/inactive/dead/ named=4351/active/running/ agent=5204/active/ jphase=target-verified killpid=
13:57:17.955933536 pdns=0/0/inactive/dead/ named=4351/active/running/ agent=5204/active/ jphase=target-verified killpid=
13:57:18.217656866 pdns=0/0/inactive/dead/ named=4351/active/running/ agent=5204/active/ jphase=target-verified killpid=
13:57:18.478852641 pdns=0/0/inactive/dead/ named=4351/active/running/ agent=5204/active/ jphase=target-verified killpid=
13:57:18.746118843 pdns=0/0/inactive/dead/ named=4351/active/running/ agent=5204/active/ jphase=target-verified killpid=
13:57:19.009677431 pdns=0/0/inactive/dead/ named=4351/active/running/ agent=5204/active/ jphase=target-verified killpid=
13:57:19.273657795 pdns=0/0/inactive/dead/ named=4351/active/running/ agent=5204/active/ jphase=target-verified killpid=
13:57:19.539282711 pdns=0/0/inactive/dead/ named=4351/active/running/ agent=5204/active/ jphase=target-verified killpid=
13:57:19.802795570 pdns=0/0/inactive/dead/ named=4351/active/running/ agent=5204/active/ jphase=target-verified killpid=
13:57:20.064461600 pdns=0/0/inactive/dead/ named=4351/active/running/ agent=5204/active/ jphase=target-verified killpid=
13:57:20.329313179 pdns=0/0/inactive/dead/ named=4351/active/running/ agent=5204/active/ jphase=target-verified killpid=
13:57:20.593760061 pdns=0/0/inactive/dead/ named=4351/active/running/ agent=5204/active/ jphase=target-verified killpid=
13:57:20.853961030 pdns=0/0/inactive/dead/ named=4351/active/running/ agent=5204/active/ jphase=target-verified killpid=
13:57:21.116715498 pdns=0/0/inactive/dead/ named=4351/active/running/ agent=5204/active/ jphase=target-verified killpid=
13:57:21.885966735 pdns=0/0/inactive/dead/ named=4351/active/running/ agent=5204/active/ jphase=target-verified killpid=
13:57:23.540033923 pdns=0/0/inactive/dead/ named=4351/active/running/ agent=5204/active/ jphase=target-verified killpid=
13:57:23.810539854 pdns=0/0/inactive/dead/ named=4351/active/running/ agent=5204/active/ jphase=target-verified killpid=
13:57:24.075301958 pdns=0/0/inactive/dead/ named=4351/active/running/ agent=5204/active/ jphase=target-verified killpid=
13:57:24.339890748 pdns=0/0/inactive/dead/ named=4351/active/running/ agent=5204/active/ jphase=target-verified killpid=
13:57:24.607093091 pdns=0/0/inactive/dead/ named=4351/active/running/ agent=5204/active/ jphase=target-verified killpid=
13:57:24.882086689 pdns=0/0/inactive/dead/ named=4351/active/running/ agent=5204/active/ jphase=target-verified killpid=
13:57:25.158962396 pdns=0/0/inactive/dead/ named=4351/active/running/ agent=5204/active/ jphase=target-verified killpid=
13:57:25.429813434 pdns=0/0/inactive/dead/ named=4351/active/running/ agent=5204/active/ jphase=target-verified killpid=
13:57:25.695790897 pdns=0/0/inactive/dead/ named=4351/active/running/ agent=5204/active/ jphase=target-verified killpid=
13:57:25.964114331 pdns=0/0/inactive/dead/ named=4351/active/running/ agent=5204/active/ jphase=target-verified killpid=
13:57:26.241365322 pdns=0/0/inactive/dead/ named=4351/active/running/ agent=5204/active/ jphase=target-verified killpid=
13:57:26.512106540 pdns=0/0/inactive/dead/ named=4351/active/running/ agent=5204/active/ jphase=target-verified killpid=
13:57:26.787841328 pdns=0/0/inactive/dead/ named=4351/active/running/ agent=5204/active/ jphase=target-verified killpid=
13:57:27.052896118 pdns=0/0/inactive/dead/ named=4351/active/running/ agent=5204/active/ jphase=target-verified killpid=
13:57:27.319207289 pdns=0/0/inactive/dead/ named=4351/active/running/ agent=5204/active/ jphase=target-verified killpid=
13:57:27.581635601 pdns=0/0/inactive/dead/ named=4351/active/running/ agent=5204/active/ jphase=target-verified killpid=
13:57:27.866221256 pdns=0/0/inactive/dead/ named=4351/active/running/ agent=5204/active/ jphase=target-verified killpid=
13:57:28.138197820 pdns=0/0/inactive/dead/ named=4351/active/running/ agent=5204/active/ jphase=target-verified killpid=
13:57:28.405428790 pdns=0/0/inactive/dead/ named=4351/active/running/ agent=5204/active/ jphase=target-verified killpid=
13:57:28.676425683 pdns=0/0/inactive/dead/ named=4351/active/running/ agent=5204/active/ jphase=target-verified killpid=
13:57:28.948728382 pdns=0/0/inactive/dead/ named=4351/active/running/ agent=5204/active/ jphase=target-verified killpid=
13:57:29.222966521 pdns=0/0/inactive/dead/ named=4351/active/running/ agent=5204/active/ jphase=target-verified killpid=
13:57:29.486405641 pdns=0/0/inactive/dead/ named=4351/active/running/ agent=5204/active/ jphase=target-verified killpid=
13:57:29.755152056 pdns=0/0/inactive/dead/ named=4351/active/running/ agent=5204/active/ jphase=target-verified killpid=
13:57:30.025130399 pdns=0/0/inactive/dead/ named=4351/active/running/ agent=5204/active/ jphase=target-verified killpid=
13:57:30.291114871 pdns=0/0/inactive/dead/ named=4351/active/running/ agent=5204/active/ jphase=target-verified killpid=
13:57:30.557034198 pdns=0/0/inactive/dead/ named=4351/active/running/ agent=5204/active/ jphase=target-verified killpid=
13:57:30.822077731 pdns=0/0/inactive/dead/ named=4351/active/running/ agent=5204/active/ jphase=target-verified killpid=
13:57:31.084655221 pdns=0/0/inactive/dead/ named=4351/active/running/ agent=5204/active/ jphase=target-verified killpid=
13:57:31.363545870 pdns=0/0/inactive/dead/ named=4351/active/running/ agent=5204/active/ jphase=target-verified killpid=
13:57:31.624983314 pdns=0/0/inactive/dead/ named=4351/active/running/ agent=5204/active/ jphase=target-verified killpid=
13:57:31.889895194 pdns=0/0/inactive/dead/ named=4351/active/running/ agent=5204/active/ jphase=target-verified killpid=
13:57:32.158354641 pdns=0/0/inactive/dead/ named=4351/active/running/ agent=5204/active/ jphase=target-verified killpid=
13:57:32.435003056 pdns=0/0/inactive/dead/ named=4351/active/running/ agent=5204/active/ jphase=target-verified killpid=
13:57:32.699637797 pdns=0/0/inactive/dead/ named=4351/active/running/ agent=5204/active/ jphase=target-verified killpid=
13:57:32.963105235 pdns=0/0/inactive/dead/ named=4351/active/running/ agent=5204/active/ jphase=target-verified killpid=
13:57:33.235646356 pdns=0/0/inactive/dead/ named=4351/active/running/ agent=5204/active/ jphase=target-verified killpid=
13:57:33.499824928 pdns=0/0/inactive/dead/ named=4351/active/running/ agent=5204/active/ jphase=target-verified killpid=
13:57:33.789093493 pdns=0/0/inactive/dead/ named=4351/active/running/ agent=5204/active/ jphase=target-verified killpid=
13:57:34.072067399 pdns=0/0/inactive/dead/ named=4351/active/running/ agent=5204/active/ jphase=target-verified killpid=
13:57:34.337328490 pdns=0/0/inactive/dead/ named=4351/active/running/ agent=5204/active/ jphase=target-verified killpid=
13:57:34.600104648 pdns=0/0/inactive/dead/ named=4351/active/running/ agent=5204/active/ jphase=target-verified killpid=
13:57:34.868209233 pdns=0/0/inactive/dead/ named=4351/active/running/ agent=5204/active/ jphase=target-verified killpid=
13:57:35.145986799 pdns=0/0/inactive/dead/ named=4351/active/running/ agent=5204/active/ jphase=target-verified killpid=
13:57:35.416625050 pdns=0/0/inactive/dead/ named=4351/active/running/ agent=5204/active/ jphase=target-verified killpid=
13:57:35.684022895 pdns=0/0/inactive/dead/ named=4351/active/running/ agent=5204/active/ jphase=target-verified killpid=
13:57:35.961625480 pdns=0/0/inactive/dead/ named=4351/active/running/ agent=5204/active/ jphase=target-verified killpid=
13:57:36.230553682 pdns=0/0/inactive/dead/ named=4351/active/running/ agent=5204/active/ jphase=target-verified killpid=
13:57:36.496789744 pdns=0/0/inactive/dead/ named=4351/active/running/ agent=5204/active/ jphase=target-verified killpid=
13:57:36.760902807 pdns=0/0/inactive/dead/ named=4351/active/running/ agent=5204/active/ jphase=target-verified killpid=
13:57:37.030534813 pdns=0/0/inactive/dead/ named=4351/active/running/ agent=5204/active/ jphase=target-verified killpid=
13:57:37.303242280 pdns=0/0/inactive/dead/ named=4351/active/running/ agent=5204/active/ jphase=target-verified killpid=
13:57:37.568477189 pdns=0/0/inactive/dead/ named=4351/active/running/ agent=5204/active/ jphase=target-verified killpid=
13:57:37.833621825 pdns=0/0/inactive/dead/ named=4351/active/running/ agent=5204/active/ jphase=target-verified killpid=
13:57:38.096732799 pdns=0/0/inactive/dead/ named=4351/active/running/ agent=5204/active/ jphase=target-verified killpid=
13:57:38.358127606 pdns=0/0/inactive/dead/ named=4351/active/running/ agent=5204/active/ jphase=target-verified killpid=
13:57:38.624264624 pdns=0/0/inactive/dead/ named=4351/active/running/ agent=5204/active/ jphase=target-verified killpid=
13:57:38.912000523 pdns=0/0/inactive/dead/ named=4351/active/running/ agent=5204/active/ jphase=target-verified killpid=
13:57:39.173207350 pdns=0/0/inactive/dead/ named=4351/active/running/ agent=5204/active/ jphase=target-verified killpid=
13:57:39.438132821 pdns=0/0/inactive/dead/ named=4351/active/running/ agent=5204/active/ jphase=target-verified killpid=
13:57:39.707781127 pdns=0/0/inactive/dead/ named=4351/active/running/ agent=5204/active/ jphase=target-verified killpid=
13:57:39.973149860 pdns=0/0/inactive/dead/ named=4351/active/running/ agent=5204/active/ jphase=target-verified killpid=
13:57:40.247247970 pdns=0/0/inactive/dead/ named=4351/active/running/ agent=5204/active/ jphase=target-verified killpid=
13:57:40.511882689 pdns=0/0/inactive/dead/ named=4351/active/running/ agent=5204/active/ jphase=target-verified killpid=
13:57:40.784611907 pdns=0/0/inactive/dead/ named=4351/active/running/ agent=5204/active/ jphase=target-verified killpid=
13:57:41.045913530 pdns=0/0/inactive/dead/ named=4351/active/running/ agent=5204/active/ jphase=target-verified killpid=
13:57:41.306654485 pdns=0/0/inactive/dead/ named=4351/active/running/ agent=5204/active/ jphase=target-verified killpid=
13:57:41.568314278 pdns=0/0/inactive/dead/ named=4351/active/running/ agent=5204/active/ jphase=target-verified killpid=
13:57:41.833311871 pdns=0/0/inactive/dead/ named=4351/active/running/ agent=5204/active/ jphase=target-verified killpid=
13:57:42.096899595 pdns=0/0/inactive/dead/ named=4351/active/running/ agent=5204/active/ jphase=target-verified killpid=
13:57:42.359676390 pdns=0/0/inactive/dead/ named=4351/active/running/ agent=5204/active/ jphase=target-verified killpid=
13:57:42.622305188 pdns=0/0/inactive/dead/ named=4351/active/running/ agent=5204/active/ jphase=target-verified killpid=
13:57:42.906971560 pdns=0/0/inactive/dead/ named=4351/active/running/ agent=5204/active/ jphase=target-verified killpid=
13:57:43.172139533 pdns=0/0/inactive/dead/ named=4351/active/running/ agent=5204/active/ jphase=target-verified killpid=
13:57:43.438705175 pdns=0/0/inactive/dead/ named=4351/active/running/ agent=5204/active/ jphase=target-verified killpid=
13:57:43.704726182 pdns=0/0/inactive/dead/ named=4351/active/running/ agent=5204/active/ jphase=target-verified killpid=
13:57:43.975967040 pdns=0/0/inactive/dead/ named=4351/active/running/ agent=5204/active/ jphase=target-verified killpid=
13:57:44.246357844 pdns=0/0/inactive/dead/ named=4351/active/running/ agent=5204/active/ jphase=target-verified killpid=
done
