19:12:02.946930195 CHANGE journal none -> absent
19:12:02.954565992 CHANGE ledger none -> fb95adde755ee5f840271679c6e36bccee1334aaa5de559b1fd1bff5393ee240
19:12:02.963982813 CHANGE state none -> 2b38b3427b9deb269254ff2f005d9eae84f38b3f5189e3b4fa8f1541ac78a416
19:12:02.975188777 CHANGE pdnsdb none -> 250f2cb69e3b28891fb83d0cb97cdedfcfd62f827aa0cce8b3a1f9e6e6eb391a
19:12:02.978349655 POINTER 
19:12:02.979645163 pdns=3076/0/active/running/ named=0/inactive/dead/ agent=0/inactive/ jphase=absent killpid=
19:12:03.252526384 pdns=3076/0/active/running/ named=0/inactive/dead/ agent=0/inactive/ jphase=absent killpid=
19:12:03.536554713 pdns=3076/0/active/running/ named=0/inactive/dead/ agent=0/inactive/ jphase=absent killpid=
19:12:03.824803693 pdns=3076/0/active/running/ named=0/inactive/dead/ agent=0/inactive/ jphase=absent killpid=
19:12:04.100213565 CHANGE ledger fb95adde755ee5f840271679c6e36bccee1334aaa5de559b1fd1bff5393ee240 -> d07bd54f0c9ebddcf3087226ebe49feba5085670271b874ae6227c9822261eec
19:12:04.110725170 pdns=3076/0/active/running/ named=0/inactive/dead/ agent=0/inactive/ jphase=absent killpid=4024,4091,
19:12:04.394850658 CHANGE ledger d07bd54f0c9ebddcf3087226ebe49feba5085670271b874ae6227c9822261eec -> cefe4dbce0659af1ac5a1b916a6e45038534f1700da1b5c0e887d0535722e295
19:12:04.407721804 pdns=3076/0/active/running/ named=0/inactive/dead/ agent=0/inactive/ jphase=absent killpid=4024,4180,
19:12:04.688830709 CHANGE ledger cefe4dbce0659af1ac5a1b916a6e45038534f1700da1b5c0e887d0535722e295 -> fe969587c9b37a3f24b2edecbb1ffb0768b417f91afcfe86cfd49fc00324e2ee
19:12:04.707407295 pdns=3076/0/active/running/ named=0/inactive/dead/ agent=0/inactive/ jphase=absent killpid=4024,4270,
19:12:04.989478373 CHANGE ledger fe969587c9b37a3f24b2edecbb1ffb0768b417f91afcfe86cfd49fc00324e2ee -> 126592bc52953e158c36a84c7289eeaff5a5f97d3d079ac3552ec03a3f3b72b7
19:12:05.004503454 pdns=3076/0/active/running/ named=0/inactive/dead/ agent=0/inactive/ jphase=absent killpid=4024,
19:12:05.299209677 CHANGE ledger 126592bc52953e158c36a84c7289eeaff5a5f97d3d079ac3552ec03a3f3b72b7 -> 5810fae877f37e40afd91db8ee0b86f469596fc43def5c06780256793611c78d
19:12:05.316771140 pdns=3076/0/active/running/ named=0/inactive/dead/ agent=0/inactive/ jphase=absent killpid=4024,4450,
19:12:05.636027446 CHANGE ledger 5810fae877f37e40afd91db8ee0b86f469596fc43def5c06780256793611c78d -> 08e822af1ff138c7ff5207966cf00872e0e3452456b0bbdfa23b6d06ebff5c9b
19:12:05.649073511 pdns=3076/0/active/running/ named=0/inactive/dead/ agent=0/inactive/ jphase=absent killpid=4024,
19:12:05.926611418 CHANGE ledger 08e822af1ff138c7ff5207966cf00872e0e3452456b0bbdfa23b6d06ebff5c9b -> 71fc58e9f517f45cd9fa0d149c89b1b93d014e6f090538ad2448962993e114f4
19:12:05.936344509 pdns=3076/0/active/running/ named=0/inactive/dead/ agent=0/inactive/ jphase=absent killpid=4024,4620,
19:12:06.220805640 CHANGE ledger 71fc58e9f517f45cd9fa0d149c89b1b93d014e6f090538ad2448962993e114f4 -> 37f27815685ce6b188053109866bc7c6c900bd332a3d40b1ea614d63e6d489de
19:12:06.238534060 pdns=3076/0/active/running/ named=0/inactive/dead/ agent=0/inactive/ jphase=absent killpid=4024,4742,
19:12:06.713856734 CHANGE ledger 37f27815685ce6b188053109866bc7c6c900bd332a3d40b1ea614d63e6d489de -> 849c39cf4299217cd0da1d3d833f13781996445ec495192d75c909e23dc9895e
19:12:06.726878001 pdns=3076/0/active/running/ named=0/inactive/dead/ agent=0/inactive/ jphase=absent killpid=4024,4761,
19:12:07.008311697 pdns=3076/0/active/running/ named=0/inactive/dead/ agent=0/inactive/ jphase=absent killpid=4024,4761,
19:12:07.282906071 pdns=3076/0/active/running/ named=0/inactive/dead/ agent=0/inactive/ jphase=absent killpid=4024,4761,
19:12:07.551811475 pdns=3076/0/active/running/ named=0/inactive/dead/ agent=0/inactive/ jphase=absent killpid=4024,4761,
19:12:07.837016350 pdns=3076/0/active/running/ named=0/inactive/dead/ agent=0/inactive/ jphase=absent killpid=4024,4761,
19:12:08.118176514 pdns=3076/0/active/running/ named=0/inactive/dead/ agent=0/inactive/ jphase=absent killpid=4024,4761,
19:12:08.413740011 pdns=3076/0/active/running/ named=0/inactive/dead/ agent=0/inactive/ jphase=absent killpid=4024,4761,
19:12:08.689234186 pdns=3076/0/active/running/ named=0/inactive/dead/ agent=0/inactive/ jphase=absent killpid=4024,4761,
19:12:08.964156283 pdns=3076/0/active/running/ named=0/inactive/dead/ agent=0/inactive/ jphase=absent killpid=4024,4761,
19:12:09.240050392 CHANGE ledger 849c39cf4299217cd0da1d3d833f13781996445ec495192d75c909e23dc9895e -> df0aca37e087e45a14996c2659eaf021c78a50de37929c141d81efd05537cc95
19:12:09.254394198 pdns=3076/0/active/running/ named=0/inactive/dead/ agent=0/inactive/ jphase=absent killpid=4024,4761,
19:12:09.546674634 pdns=3076/0/active/running/ named=0/inactive/dead/ agent=0/inactive/ jphase=absent killpid=4024,4761,
19:12:09.832812983 pdns=3076/0/active/running/ named=0/inactive/dead/ agent=0/inactive/ jphase=absent killpid=4024,4761,
19:12:10.127337567 pdns=3076/0/active/running/ named=0/inactive/dead/ agent=0/inactive/ jphase=absent killpid=4024,4761,
19:12:10.417134300 pdns=3076/0/active/running/ named=0/inactive/dead/ agent=0/inactive/ jphase=absent killpid=4024,4761,
19:12:10.732696891 pdns=3076/0/active/running/ named=0/inactive/dead/ agent=0/inactive/ jphase=absent killpid=4024,4761,
19:12:11.014294321 pdns=3076/0/active/running/ named=0/inactive/dead/ agent=0/inactive/ jphase=absent killpid=4024,4761,
19:12:11.300563417 pdns=3076/0/active/running/ named=0/inactive/dead/ agent=0/inactive/ jphase=absent killpid=4024,4761,
19:12:11.576091183 pdns=3076/0/active/running/ named=0/inactive/dead/ agent=0/inactive/ jphase=absent killpid=4024,4761,
19:12:11.862803731 CHANGE ledger df0aca37e087e45a14996c2659eaf021c78a50de37929c141d81efd05537cc95 -> c3057fea3d1da9c82408c9f9cd137235ba61e87f20b179a6629d312617035f6d
19:12:11.884626997 pdns=3076/0/active/running/ named=0/inactive/dead/ agent=0/inactive/ jphase=absent killpid=4024,5778,
19:12:12.274675484 CHANGE ledger c3057fea3d1da9c82408c9f9cd137235ba61e87f20b179a6629d312617035f6d -> 7a52cb88da6f749beb2412a854ff8aece707a8b2fdd5170c24bb6a59ddee39b5
19:12:12.288770706 pdns=3076/0/active/running/ named=0/inactive/dead/ agent=0/inactive/ jphase=absent killpid=4024,5898,
19:12:12.781962338 CHANGE ledger 7a52cb88da6f749beb2412a854ff8aece707a8b2fdd5170c24bb6a59ddee39b5 -> 6439bff462f3c7f8bd9cb78b08889ca56375f3239509cace8bf538c4bc4232ae
19:12:12.796243050 pdns=3076/0/active/running/ named=0/inactive/dead/ agent=0/inactive/ jphase=absent killpid=4024,
19:12:13.087093720 CHANGE ledger 6439bff462f3c7f8bd9cb78b08889ca56375f3239509cace8bf538c4bc4232ae -> a747964f00b7fe0be00f303f1178ac413c52597c20bdf6deed60adf239b3338e
19:12:13.101701973 pdns=3076/0/active/running/ named=0/inactive/dead/ agent=0/inactive/ jphase=absent killpid=4024,6111,
19:12:13.390906993 CHANGE ledger a747964f00b7fe0be00f303f1178ac413c52597c20bdf6deed60adf239b3338e -> a781527c55327af1db02607a8ff63560850510e37b2320f3d8cc2b01f3fc2352
19:12:13.406316342 POINTER /var/cache/bind/celikpanel mtime=2026-09-29 19:12:13.318406186 +0000 ino=131690 /var/cache/bind/celikpanel/current absent 
19:12:13.407820494 pdns=3076/0/active/running/ named=0/inactive/dead/ agent=0/inactive/ jphase=absent killpid=4024,
19:12:13.686335825 CHANGE ledger a781527c55327af1db02607a8ff63560850510e37b2320f3d8cc2b01f3fc2352 -> fd8d7f2dce73f21525491f012f6f6e2990347e71c0f29c7993eeff57494339a9
19:12:13.699564231 POINTER /var/cache/bind/celikpanel mtime=2026-09-29 19:12:13.690408200 +0000 ino=131690 /var/cache/bind/celikpanel/current absent 
19:12:13.701313121 pdns=3076/0/active/running/ named=0/inactive/dead/ agent=0/inactive/ jphase=absent killpid=4024,6282,
19:12:13.978183699 CHANGE ledger fd8d7f2dce73f21525491f012f6f6e2990347e71c0f29c7993eeff57494339a9 -> b6fa5c8cbb4e3f3f5698eb72e9d93f3689c5682dc577f0fbaf305e5d77aff940
19:12:13.991228018 pdns=3076/0/active/running/ named=0/inactive/dead/ agent=0/inactive/ jphase=absent killpid=4024,6379,
19:12:14.283688216 CHANGE ledger b6fa5c8cbb4e3f3f5698eb72e9d93f3689c5682dc577f0fbaf305e5d77aff940 -> b892db9870c684e741555935bb9b2220b32639a9db6bbdaad14a59c1b30adc30
19:12:14.299490041 pdns=3076/0/active/running/ named=0/inactive/dead/ agent=0/inactive/ jphase=absent killpid=4024,6475,
19:12:14.575575775 CHANGE ledger b892db9870c684e741555935bb9b2220b32639a9db6bbdaad14a59c1b30adc30 -> dce438c010144c7666d36d932dd8c19899cca0dbece56fb81bc88d5bb31bde59
19:12:14.591377691 pdns=3076/0/active/running/ named=0/inactive/dead/ agent=0/inactive/ jphase=absent killpid=4024,
19:12:14.878588024 CHANGE ledger dce438c010144c7666d36d932dd8c19899cca0dbece56fb81bc88d5bb31bde59 -> 0a84d92d29cb4da1e7fd83e486b127b9f1ee4fe66d8ead1856306fdf40b3aa64
19:12:14.896105959 pdns=3076/0/active/running/ named=0/inactive/dead/ agent=0/inactive/ jphase=absent killpid=4024,
19:12:15.172654116 CHANGE ledger 0a84d92d29cb4da1e7fd83e486b127b9f1ee4fe66d8ead1856306fdf40b3aa64 -> 8086da88fc290fb3dfecc7b645d53c4a964fe87ce217aa5785b3ad6c5ee6b8fb
19:12:15.190744010 pdns=3076/0/active/running/ named=0/inactive/dead/ agent=0/inactive/ jphase=absent killpid=4024,6773,
19:12:15.468927930 CHANGE ledger 8086da88fc290fb3dfecc7b645d53c4a964fe87ce217aa5785b3ad6c5ee6b8fb -> c432c34babe7b7152ad479e6fe53b2bcfd48fe16ccb11d613c4ab500763fb1cb
19:12:15.485308440 pdns=3076/0/active/running/ named=0/inactive/dead/ agent=0/inactive/ jphase=absent killpid=4024,
19:12:15.760101691 CHANGE ledger c432c34babe7b7152ad479e6fe53b2bcfd48fe16ccb11d613c4ab500763fb1cb -> e0b673a0500488f6385f0a169103c50f71a7c61384355b25cfb76cab21b47fac
19:12:15.773111439 pdns=3076/0/active/running/ named=0/inactive/dead/ agent=0/inactive/ jphase=absent killpid=4024,
19:12:16.072506179 CHANGE ledger e0b673a0500488f6385f0a169103c50f71a7c61384355b25cfb76cab21b47fac -> 96c3fa804d9ec8d6985984cdfbf60c4737d2729bdc5340045ee4be2e37119614
19:12:16.102219295 pdns=3076/0/active/running/ named=0/inactive/dead/ agent=0/inactive/ jphase=absent killpid=4024,
19:12:16.421984512 CHANGE ledger 96c3fa804d9ec8d6985984cdfbf60c4737d2729bdc5340045ee4be2e37119614 -> d5c4b54217b024a4169b3bea67f2eb89e41907a3838b35c9cc5d44d1aebfb345
19:12:16.437980519 pdns=3076/0/active/running/ named=0/inactive/dead/ agent=0/inactive/ jphase=absent killpid=4024,
19:12:16.721062006 CHANGE journal absent -> f11b4d6b7a334689e10d4f6b6aa7f3ee73512945d4410f29e563f6541515f78c
19:12:16.729338645 CHANGE ledger d5c4b54217b024a4169b3bea67f2eb89e41907a3838b35c9cc5d44d1aebfb345 -> a4af428587d70fd4a85b74465ce8e3856efe63fce03fecce64a414563193d3c9
19:12:16.745934038 POINTER /var/cache/bind/celikpanel mtime=2026-09-29 19:12:16.526422063 +0000 ino=131690 /var/cache/bind/celikpanel/current mtime=2026-09-29 19:12:16.518422028 +0000 ino=131711 -> '/var/cache/bind/celikpanel/current' -> 'generations/bd8a9194a47e6f632c1eafd3b7bf3773b907e121a6feee3e30193fc1b1aed3d6' 
19:12:16.747457423 pdns=3076/0/active/running/ named=0/inactive/dead/ agent=0/inactive/ jphase=target-staged killpid=4024,
19:12:17.207226386 CHANGE journal f11b4d6b7a334689e10d4f6b6aa7f3ee73512945d4410f29e563f6541515f78c -> 7defa76e0255df03e874d61ca9b65af9ee2c5074bbb1a59231119bbe4867e006
19:12:17.217270579 CHANGE ledger a4af428587d70fd4a85b74465ce8e3856efe63fce03fecce64a414563193d3c9 -> e8608aa9aae89ae8557c05d687c6c6a1575883e1bbe39fdcf501179a345af4ff
19:12:17.229943814 pdns=0/0/inactive/dead/ named=0/inactive/dead/ agent=7307/active/ jphase=rolling-back killpid=
19:12:17.619838143 pdns=0/0/inactive/dead/ named=0/inactive/dead/ agent=7307/active/ jphase=rolling-back killpid=
19:12:17.918907455 pdns=0/0/inactive/dead/ named=0/inactive/dead/ agent=7307/active/ jphase=rolling-back killpid=
19:12:18.191915595 pdns=0/0/inactive/dead/ named=0/inactive/dead/ agent=7307/active/ jphase=rolling-back killpid=
19:12:18.462601952 pdns=0/0/inactive/dead/ named=0/inactive/dead/ agent=7307/active/ jphase=rolling-back killpid=
19:12:18.734036126 pdns=0/0/inactive/dead/ named=0/inactive/dead/ agent=7307/active/ jphase=rolling-back killpid=
19:12:19.009687798 pdns=0/0/inactive/dead/ named=0/inactive/dead/ agent=7307/active/ jphase=rolling-back killpid=
19:12:19.284504996 pdns=0/0/inactive/dead/ named=0/inactive/dead/ agent=7307/active/ jphase=rolling-back killpid=
