04:12:14.144215444 pdns=0/0/inactive/dead/ named=0/inactive/dead/ agent=1191/inactive/ jphase=absent killpid=
04:12:14.442045228 pdns=0/0/inactive/dead/ named=0/inactive/dead/ agent=1191/inactive/ jphase=absent killpid=1493,
04:12:14.751256903 pdns=0/0/inactive/dead/ named=0/inactive/dead/ agent=1191/inactive/ jphase=absent killpid=1493,1569,
04:12:15.064968407 pdns=0/0/inactive/dead/ named=0/inactive/dead/ agent=1191/inactive/ jphase=absent killpid=1493,
04:12:15.475311997 pdns=0/0/inactive/dead/ named=0/inactive/dead/ agent=1191/inactive/ jphase=absent killpid=1493,1656,
04:12:15.756033803 pdns=0/0/inactive/dead/ named=0/inactive/dead/ agent=1191/inactive/ jphase=absent killpid=1493,1656,
04:12:16.041897032 pdns=0/0/inactive/dead/ named=0/inactive/dead/ agent=1191/inactive/ jphase=absent killpid=1493,1656,
04:12:16.318949141 pdns=0/0/inactive/dead/ named=0/inactive/dead/ agent=1191/inactive/ jphase=absent killpid=1493,1656,
04:12:16.601107796 pdns=0/0/inactive/dead/ named=0/inactive/dead/ agent=1191/inactive/ jphase=absent killpid=1493,1656,
04:12:16.880817601 pdns=0/0/inactive/dead/ named=0/inactive/dead/ agent=1191/inactive/ jphase=absent killpid=1493,1656,
04:12:17.158208621 pdns=0/0/inactive/dead/ named=0/inactive/dead/ agent=1191/inactive/ jphase=absent killpid=1493,1656,
04:12:17.437087921 pdns=0/0/inactive/dead/ named=0/inactive/dead/ agent=1191/inactive/ jphase=absent killpid=1493,1656,
04:12:17.709590701 pdns=0/0/inactive/dead/ named=0/inactive/dead/ agent=1191/inactive/ jphase=absent killpid=1493,1656,
04:12:17.984842578 pdns=0/0/inactive/dead/ named=0/inactive/dead/ agent=1191/inactive/ jphase=absent killpid=1493,1656,
04:12:18.263268861 pdns=0/0/inactive/dead/ named=0/inactive/dead/ agent=1191/inactive/ jphase=absent killpid=1493,1656,
04:12:18.549913553 pdns=0/0/inactive/dead/ named=0/inactive/dead/ agent=1191/inactive/ jphase=absent killpid=1493,1656,
04:12:18.851965347 pdns=0/0/inactive/dead/ named=0/inactive/dead/ agent=1191/inactive/ jphase=absent killpid=1493,1656,
04:12:19.130927194 pdns=0/0/inactive/dead/ named=0/inactive/dead/ agent=1191/inactive/ jphase=absent killpid=1493,1656,
04:12:19.431048457 pdns=0/0/inactive/dead/ named=0/inactive/dead/ agent=1191/inactive/ jphase=absent killpid=1493,1656,
04:12:19.721570518 pdns=0/0/inactive/dead/ named=0/inactive/dead/ agent=1191/inactive/ jphase=absent killpid=1493,1656,
04:12:20.003809666 pdns=0/0/inactive/dead/ named=0/inactive/dead/ agent=1191/inactive/ jphase=absent killpid=1493,1656,
04:12:20.277519152 pdns=0/0/inactive/dead/ named=0/inactive/dead/ agent=1191/inactive/ jphase=absent killpid=1493,1656,
04:12:20.569827080 pdns=0/0/inactive/dead/ named=0/inactive/dead/ agent=1191/inactive/ jphase=absent killpid=1493,1656,
04:12:20.849929918 pdns=0/0/inactive/dead/ named=0/inactive/dead/ agent=1191/inactive/ jphase=absent killpid=1493,1656,
04:12:21.143340165 pdns=0/0/inactive/dead/ named=0/inactive/dead/ agent=1191/inactive/ jphase=absent killpid=1493,1656,
04:12:21.424116340 pdns=0/0/inactive/dead/ named=0/inactive/dead/ agent=1191/inactive/ jphase=absent killpid=1493,1656,
04:12:21.701675028 pdns=0/0/inactive/dead/ named=0/inactive/dead/ agent=1191/inactive/ jphase=absent killpid=1493,1656,
04:12:21.976900324 pdns=0/0/inactive/dead/ named=0/inactive/dead/ agent=1191/inactive/ jphase=absent killpid=1493,1656,
04:12:22.262280145 pdns=0/0/inactive/dead/ named=0/inactive/dead/ agent=1191/inactive/ jphase=absent killpid=1493,1656,
04:12:22.558383544 pdns=0/0/inactive/dead/ named=0/inactive/dead/ agent=1191/inactive/ jphase=absent killpid=1493,1656,
04:12:22.845048848 pdns=0/0/inactive/dead/ named=0/inactive/dead/ agent=1191/inactive/ jphase=absent killpid=1493,1656,
04:12:23.139878683 pdns=0/0/inactive/dead/ named=0/inactive/dead/ agent=1191/inactive/ jphase=absent killpid=1493,1656,
04:12:23.433772223 pdns=0/0/inactive/dead/ named=0/inactive/dead/ agent=1191/inactive/ jphase=absent killpid=1493,1656,
04:12:23.757722773 pdns=0/0/inactive/dead/ named=0/inactive/dead/ agent=1191/inactive/ jphase=absent killpid=1493,1656,
04:12:24.067096124 pdns=0/0/inactive/dead/ named=0/inactive/dead/ agent=1191/inactive/ jphase=absent killpid=1493,1656,
04:12:24.378756794 pdns=0/0/inactive/dead/ named=0/inactive/dead/ agent=1191/inactive/ jphase=absent killpid=1493,1656,
04:12:24.676593976 pdns=0/0/inactive/dead/ named=0/inactive/dead/ agent=1191/inactive/ jphase=absent killpid=1493,1656,
04:12:24.955300446 pdns=0/0/inactive/dead/ named=0/inactive/dead/ agent=1191/inactive/ jphase=absent killpid=1493,1656,
04:12:25.239864307 pdns=0/0/inactive/dead/ named=0/inactive/dead/ agent=1191/inactive/ jphase=absent killpid=1493,2257,
04:12:25.524441022 pdns=0/0/inactive/dead/ named=0/inactive/dead/ agent=1191/inactive/ jphase=absent killpid=1493,2257,
04:12:25.818549710 pdns=0/0/inactive/dead/ named=0/inactive/dead/ agent=1191/inactive/ jphase=absent killpid=1493,2257,
04:12:26.093662627 pdns=0/0/inactive/dead/ named=0/inactive/dead/ agent=1191/inactive/ jphase=absent killpid=1493,2257,
04:12:26.366058507 pdns=0/0/inactive/dead/ named=0/inactive/dead/ agent=1191/inactive/ jphase=absent killpid=1493,2257,
04:12:26.641379377 pdns=0/0/inactive/dead/ named=0/inactive/dead/ agent=1191/inactive/ jphase=absent killpid=1493,2257,
04:12:26.943279700 pdns=0/0/inactive/dead/ named=0/inactive/dead/ agent=1191/inactive/ jphase=absent killpid=1493,2257,
04:12:27.221994974 pdns=0/0/inactive/dead/ named=0/inactive/dead/ agent=1191/inactive/ jphase=absent killpid=1493,2257,
04:12:27.508211039 pdns=0/0/inactive/dead/ named=0/inactive/dead/ agent=1191/inactive/ jphase=absent killpid=1493,2257,
04:12:27.794272283 pdns=0/0/inactive/dead/ named=0/inactive/dead/ agent=1191/inactive/ jphase=absent killpid=1493,2257,
04:12:28.085714162 pdns=0/0/inactive/dead/ named=0/inactive/dead/ agent=1191/inactive/ jphase=absent killpid=1493,2257,
04:12:28.369753019 pdns=0/0/inactive/dead/ named=0/inactive/dead/ agent=1191/inactive/ jphase=absent killpid=1493,2257,
04:12:28.647941245 pdns=0/0/inactive/dead/ named=0/inactive/dead/ agent=1191/inactive/ jphase=absent killpid=1493,2257,
04:12:28.947976916 pdns=0/0/inactive/dead/ named=0/inactive/dead/ agent=1191/inactive/ jphase=absent killpid=1493,2257,
04:12:29.235773339 pdns=0/0/inactive/dead/ named=0/inactive/dead/ agent=1191/inactive/ jphase=absent killpid=1493,2257,
04:12:29.527428137 pdns=0/0/inactive/dead/ named=0/inactive/dead/ agent=1191/inactive/ jphase=absent killpid=1493,2257,
04:12:29.814773683 pdns=0/0/inactive/dead/ named=0/inactive/dead/ agent=1191/inactive/ jphase=absent killpid=1493,2257,
04:12:30.115687393 pdns=0/0/inactive/dead/ named=0/inactive/dead/ agent=1191/inactive/ jphase=absent killpid=1493,2724,
04:12:30.519514238 pdns=0/0/inactive/dead/ named=0/inactive/dead/ agent=1191/inactive/ jphase=absent killpid=1493,2796,
04:12:30.848701506 pdns=0/0/inactive/dead/ named=0/inactive/dead/ agent=1191/inactive/ jphase=absent killpid=1493,
04:12:31.195279541 pdns=0/0/inactive/dead/ named=0/inactive/dead/ agent=1191/inactive/ jphase=intent killpid=1493,
04:12:31.461574070 pdns=0/0/inactive/dead/ named=0/inactive/dead/ agent=2921/active/ jphase=rolling-back killpid=
04:12:31.833389046 pdns=0/0/inactive/dead/ named=0/inactive/dead/ agent=2921/active/ jphase=rolling-back killpid=
04:12:33.376908315 pdns=0/0/inactive/dead/ named=0/inactive/dead/ agent=2921/active/ jphase=absent killpid=
04:12:33.668283983 pdns=0/0/inactive/dead/ named=0/inactive/dead/ agent=2921/active/ jphase=absent killpid=
04:12:33.957743301 pdns=0/0/inactive/dead/ named=0/inactive/dead/ agent=2921/active/ jphase=intent killpid=
04:12:34.235910180 pdns=0/0/inactive/dead/ named=0/inactive/dead/ agent=2921/active/ jphase=intent killpid=
04:12:34.523899500 pdns=0/0/inactive/dead/ named=0/inactive/dead/ agent=2921/active/ jphase=source-stopped killpid=
04:12:34.800388366 pdns=0/0/inactive/dead/ named=0/inactive/dead/ agent=2921/active/ jphase=source-stopped killpid=
04:12:35.416340670 pdns=0/0/inactive/dead/ named=0/inactive/dead/ agent=2921/active/ jphase=source-stopped killpid=
04:12:35.745127053 pdns=0/0/inactive/dead/ named=0/inactive/dead/ agent=2921/active/ jphase=source-stopped killpid=
04:12:36.036797437 pdns=0/0/inactive/dead/ named=0/inactive/dead/ agent=2921/active/ jphase=source-stopped killpid=
04:12:36.389330692 pdns=0/0/inactive/dead/ named=0/inactive/dead/ agent=2921/active/ jphase=source-stopped killpid=
04:12:36.751086452 pdns=0/0/inactive/dead/ named=0/inactive/dead/ agent=2921/active/ jphase=source-stopped killpid=
04:12:37.040544832 pdns=0/3794/active/running/ named=0/inactive/dead/ agent=2921/active/ jphase=target-started killpid=
04:12:37.327014869 pdns=0/3794/active/running/ named=0/inactive/dead/ agent=2921/active/ jphase=target-started killpid=
04:12:37.608453558 pdns=0/3794/active/running/ named=0/inactive/dead/ agent=2921/active/ jphase=target-started killpid=
04:12:37.888821143 pdns=0/3794/active/running/ named=0/inactive/dead/ agent=2921/active/ jphase=target-started killpid=
04:12:38.159117692 pdns=0/3794/active/running/ named=0/inactive/dead/ agent=2921/active/ jphase=committed killpid=
04:12:38.431078805 pdns=0/3794/active/running/ named=0/inactive/dead/ agent=2921/active/ jphase=committed killpid=
04:12:38.705182623 pdns=0/3794/active/running/ named=0/inactive/dead/ agent=2921/active/ jphase=absent killpid=
04:12:38.984716343 pdns=0/3794/active/running/ named=0/inactive/dead/ agent=2921/active/ jphase=absent killpid=
04:12:39.275456468 pdns=0/3794/active/running/ named=0/inactive/dead/ agent=2921/active/ jphase=absent killpid=
04:12:39.545058293 pdns=0/3794/active/running/ named=0/inactive/dead/ agent=2921/active/ jphase=absent killpid=
04:12:39.815228649 pdns=0/3794/active/running/ named=0/inactive/dead/ agent=2921/active/ jphase=absent killpid=
04:12:40.081566795 pdns=0/3794/active/running/ named=0/inactive/dead/ agent=2921/active/ jphase=absent killpid=
04:12:40.349121543 pdns=0/3794/active/running/ named=0/inactive/dead/ agent=2921/active/ jphase=absent killpid=
04:12:40.621234211 pdns=0/3794/active/running/ named=0/inactive/dead/ agent=2921/active/ jphase=absent killpid=
04:12:40.900239785 pdns=0/3794/active/running/ named=0/inactive/dead/ agent=2921/active/ jphase=absent killpid=
04:12:41.215080197 pdns=0/3794/active/running/ named=0/inactive/dead/ agent=2921/active/ jphase=absent killpid=
04:12:41.485069668 pdns=0/3794/active/running/ named=0/inactive/dead/ agent=2921/active/ jphase=absent killpid=
04:12:41.769123770 pdns=0/3794/active/running/ named=0/inactive/dead/ agent=2921/active/ jphase=absent killpid=
04:12:42.040392331 pdns=0/3794/active/running/ named=0/inactive/dead/ agent=2921/active/ jphase=absent killpid=
04:12:42.311104577 pdns=0/3794/active/running/ named=0/inactive/dead/ agent=2921/active/ jphase=absent killpid=
04:12:42.583024329 pdns=0/3794/active/running/ named=0/inactive/dead/ agent=2921/active/ jphase=absent killpid=
04:12:42.856307343 pdns=0/3794/active/running/ named=0/inactive/dead/ agent=2921/active/ jphase=absent killpid=
04:12:43.125670230 pdns=0/3794/active/running/ named=0/inactive/dead/ agent=2921/active/ jphase=absent killpid=
04:12:43.393862992 pdns=0/3794/active/running/ named=0/inactive/dead/ agent=2921/active/ jphase=absent killpid=
04:12:43.664967667 pdns=0/3794/active/running/ named=0/inactive/dead/ agent=2921/active/ jphase=absent killpid=
04:12:43.945111421 pdns=0/3794/active/running/ named=0/inactive/dead/ agent=2921/active/ jphase=absent killpid=
04:12:44.220137144 pdns=0/3794/active/running/ named=0/inactive/dead/ agent=2921/active/ jphase=absent killpid=
04:12:44.505378972 pdns=0/3794/active/running/ named=0/inactive/dead/ agent=2921/active/ jphase=absent killpid=
04:12:44.806706441 pdns=0/3794/active/running/ named=0/inactive/dead/ agent=2921/active/ jphase=absent killpid=
04:12:45.096074905 pdns=0/3794/active/running/ named=0/inactive/dead/ agent=2921/active/ jphase=absent killpid=
04:12:45.417284663 pdns=0/3794/active/running/ named=0/inactive/dead/ agent=2921/active/ jphase=absent killpid=
04:12:45.704245173 pdns=0/3794/active/running/ named=0/inactive/dead/ agent=2921/active/ jphase=absent killpid=
04:12:46.001222431 pdns=0/3794/active/running/ named=0/inactive/dead/ agent=2921/active/ jphase=absent killpid=
04:12:46.306683918 pdns=0/3794/active/running/ named=0/inactive/dead/ agent=2921/active/ jphase=absent killpid=
04:12:46.585673456 pdns=0/3794/active/running/ named=0/inactive/dead/ agent=2921/active/ jphase=absent killpid=
04:12:46.868519134 pdns=0/3794/active/running/ named=0/inactive/dead/ agent=2921/active/ jphase=absent killpid=
04:12:47.153918780 pdns=0/3794/active/running/ named=0/inactive/dead/ agent=2921/active/ jphase=absent killpid=
04:12:47.457649969 pdns=0/3794/active/running/ named=0/inactive/dead/ agent=2921/active/ jphase=absent killpid=
04:12:47.749414462 pdns=0/3794/active/running/ named=0/inactive/dead/ agent=2921/active/ jphase=absent killpid=
04:12:48.038111431 pdns=0/3794/active/running/ named=0/inactive/dead/ agent=2921/active/ jphase=absent killpid=
04:12:48.338348830 pdns=0/3794/active/running/ named=0/inactive/dead/ agent=2921/active/ jphase=absent killpid=
04:12:48.609697572 pdns=0/3794/active/running/ named=0/inactive/dead/ agent=2921/active/ jphase=absent killpid=
04:12:48.905371767 pdns=0/3794/active/running/ named=0/inactive/dead/ agent=2921/active/ jphase=absent killpid=
04:12:49.176425377 pdns=0/3794/active/running/ named=0/inactive/dead/ agent=2921/active/ jphase=absent killpid=
04:12:49.447442257 pdns=0/3794/active/running/ named=0/inactive/dead/ agent=2921/active/ jphase=absent killpid=
04:12:49.725138454 pdns=0/3794/active/running/ named=0/inactive/dead/ agent=2921/active/ jphase=absent killpid=
04:12:49.995017043 pdns=0/3794/active/running/ named=0/inactive/dead/ agent=2921/active/ jphase=absent killpid=
04:12:50.281598793 pdns=0/3794/active/running/ named=0/inactive/dead/ agent=2921/active/ jphase=absent killpid=
04:12:50.553587858 pdns=0/3794/active/running/ named=0/inactive/dead/ agent=2921/active/ jphase=absent killpid=
04:12:50.826070582 pdns=0/3794/active/running/ named=0/inactive/dead/ agent=2921/active/ jphase=absent killpid=
04:12:51.095875186 pdns=0/3794/active/running/ named=0/inactive/dead/ agent=2921/active/ jphase=absent killpid=
04:12:51.366373998 pdns=0/3794/active/running/ named=0/inactive/dead/ agent=2921/active/ jphase=absent killpid=
04:12:51.649944560 pdns=0/3794/active/running/ named=0/inactive/dead/ agent=2921/active/ jphase=absent killpid=
04:12:51.921219191 pdns=0/3794/active/running/ named=0/inactive/dead/ agent=2921/active/ jphase=absent killpid=
04:12:52.198567800 pdns=0/3794/active/running/ named=0/inactive/dead/ agent=2921/active/ jphase=absent killpid=
04:12:52.490657946 pdns=0/3794/active/running/ named=0/inactive/dead/ agent=2921/active/ jphase=absent killpid=
04:12:52.781463284 pdns=0/3794/active/running/ named=0/inactive/dead/ agent=2921/active/ jphase=absent killpid=
04:12:53.063254943 pdns=0/3794/active/running/ named=0/inactive/dead/ agent=2921/active/ jphase=absent killpid=
04:12:53.337338284 pdns=0/3794/active/running/ named=0/inactive/dead/ agent=2921/active/ jphase=absent killpid=
04:12:53.609121675 pdns=0/3794/active/running/ named=0/inactive/dead/ agent=2921/active/ jphase=absent killpid=
04:12:53.881687488 pdns=0/3794/active/running/ named=0/inactive/dead/ agent=2921/active/ jphase=absent killpid=
04:12:54.155855532 pdns=0/3794/active/running/ named=0/inactive/dead/ agent=2921/active/ jphase=absent killpid=
04:12:54.431720404 pdns=0/3794/active/running/ named=0/inactive/dead/ agent=2921/active/ jphase=absent killpid=
04:12:54.708675048 pdns=0/3794/active/running/ named=0/inactive/dead/ agent=2921/active/ jphase=absent killpid=
04:12:55.020050176 pdns=0/3794/active/running/ named=0/inactive/dead/ agent=2921/active/ jphase=absent killpid=
04:12:55.290807149 pdns=0/3794/active/running/ named=0/inactive/dead/ agent=2921/active/ jphase=absent killpid=
04:12:55.565825561 pdns=0/3794/active/running/ named=0/inactive/dead/ agent=2921/active/ jphase=absent killpid=
04:12:55.851267457 pdns=0/3794/active/running/ named=0/inactive/dead/ agent=2921/active/ jphase=absent killpid=
04:12:56.120124878 pdns=0/3794/active/running/ named=0/inactive/dead/ agent=2921/active/ jphase=absent killpid=
04:12:56.391146659 pdns=0/3794/active/running/ named=0/inactive/dead/ agent=2921/active/ jphase=absent killpid=
04:12:56.662344425 pdns=0/3794/active/running/ named=0/inactive/dead/ agent=2921/active/ jphase=absent killpid=
04:12:56.936855376 pdns=0/3794/active/running/ named=0/inactive/dead/ agent=2921/active/ jphase=absent killpid=
04:12:57.250071906 pdns=0/3794/active/running/ named=0/inactive/dead/ agent=2921/active/ jphase=absent killpid=
04:12:58.162039909 pdns=0/3794/active/running/ named=0/inactive/dead/ agent=2921/active/ jphase=absent killpid=
04:12:58.442669723 pdns=0/3794/active/running/ named=0/inactive/dead/ agent=2921/active/ jphase=absent killpid=
04:12:58.720603717 pdns=0/3794/active/running/ named=0/inactive/dead/ agent=2921/active/ jphase=absent killpid=
04:12:59.012909102 pdns=0/3794/active/running/ named=0/inactive/dead/ agent=2921/active/ jphase=absent killpid=
04:12:59.287086804 pdns=0/3794/active/running/ named=0/inactive/dead/ agent=2921/active/ jphase=absent killpid=
04:12:59.577015194 pdns=0/3794/active/running/ named=0/inactive/dead/ agent=2921/active/ jphase=absent killpid=
04:12:59.851960350 pdns=0/3794/active/running/ named=0/inactive/dead/ agent=2921/active/ jphase=absent killpid=
04:13:00.149587241 pdns=0/3794/active/running/ named=0/inactive/dead/ agent=2921/active/ jphase=absent killpid=
04:13:00.425403392 pdns=0/3794/active/running/ named=0/inactive/dead/ agent=2921/active/ jphase=absent killpid=
04:13:00.698835858 pdns=0/3794/active/running/ named=0/inactive/dead/ agent=2921/active/ jphase=absent killpid=
04:13:00.974885571 pdns=0/3794/active/running/ named=0/inactive/dead/ agent=2921/active/ jphase=absent killpid=
04:13:01.251043363 pdns=0/3794/active/running/ named=0/inactive/dead/ agent=2921/active/ jphase=absent killpid=
04:13:01.538101716 pdns=0/3794/active/running/ named=0/inactive/dead/ agent=2921/active/ jphase=absent killpid=
04:13:01.833740965 pdns=0/3794/active/running/ named=0/inactive/dead/ agent=2921/active/ jphase=absent killpid=
04:13:02.108820485 pdns=0/3794/active/running/ named=0/inactive/dead/ agent=2921/active/ jphase=absent killpid=
04:13:02.413162480 pdns=0/3794/active/running/ named=0/inactive/dead/ agent=2921/active/ jphase=absent killpid=
04:13:03.150097519 pdns=0/3794/active/running/ named=0/inactive/dead/ agent=2921/active/ jphase=absent killpid=
04:13:03.435682663 pdns=0/3794/active/running/ named=0/inactive/dead/ agent=2921/active/ jphase=absent killpid=
04:13:03.718508040 pdns=0/3794/active/running/ named=0/inactive/dead/ agent=2921/active/ jphase=absent killpid=
04:13:03.996801929 pdns=0/3794/active/running/ named=0/inactive/dead/ agent=2921/active/ jphase=absent killpid=
04:13:04.271274580 pdns=0/3794/active/running/ named=0/inactive/dead/ agent=2921/active/ jphase=absent killpid=
04:13:04.557543251 pdns=0/3794/active/running/ named=0/inactive/dead/ agent=2921/active/ jphase=absent killpid=
04:13:04.858904036 pdns=0/3794/active/running/ named=0/inactive/dead/ agent=2921/active/ jphase=absent killpid=
04:13:05.134162619 pdns=0/3794/active/running/ named=0/inactive/dead/ agent=2921/active/ jphase=absent killpid=
04:13:05.413205167 pdns=0/3794/active/running/ named=0/inactive/dead/ agent=2921/active/ jphase=absent killpid=
04:13:05.700954049 pdns=0/3794/active/running/ named=0/inactive/dead/ agent=2921/active/ jphase=absent killpid=
04:13:05.998029030 pdns=0/3794/active/running/ named=0/inactive/dead/ agent=2921/active/ jphase=absent killpid=
04:13:06.313729373 pdns=0/3794/active/running/ named=0/inactive/dead/ agent=2921/active/ jphase=absent killpid=
04:13:06.583347411 pdns=0/3794/active/running/ named=0/inactive/dead/ agent=2921/active/ jphase=absent killpid=
04:13:06.860730702 pdns=0/3794/active/running/ named=0/inactive/dead/ agent=2921/active/ jphase=absent killpid=
04:13:07.128094024 pdns=0/3794/active/running/ named=0/inactive/dead/ agent=2921/active/ jphase=absent killpid=
04:13:07.400873352 pdns=0/3794/active/running/ named=0/inactive/dead/ agent=2921/active/ jphase=absent killpid=
04:13:07.674252593 pdns=0/3794/active/running/ named=0/inactive/dead/ agent=2921/active/ jphase=absent killpid=
04:13:07.961910406 pdns=0/3794/active/running/ named=0/inactive/dead/ agent=2921/active/ jphase=absent killpid=
04:13:08.244218562 pdns=0/3794/active/running/ named=0/inactive/dead/ agent=2921/active/ jphase=absent killpid=
04:13:08.560486311 pdns=0/3794/active/running/ named=0/inactive/dead/ agent=2921/active/ jphase=absent killpid=
04:13:08.858192810 pdns=0/3794/active/running/ named=0/inactive/dead/ agent=2921/active/ jphase=absent killpid=
04:13:09.127982511 pdns=0/3794/active/running/ named=0/inactive/dead/ agent=2921/active/ jphase=absent killpid=
done
