07:15:50.880605691 CHANGE journal none -> absent
07:15:50.893442625 CHANGE ledger none -> d1c888ed5b640f39136ce779eb0bbce668640c25dd0acb8f28572da1d8a413ce
07:15:50.905156542 CHANGE state none -> 0d59887abe74471d54d672d047750c46687442ba847c92c9dd22fe6b71b26aa9
07:15:50.906882817 pdns=3066/0/active/running/ named=0/inactive/dead/ agent=0/inactive/ jphase=absent killpid=
07:15:51.193701219 pdns=3066/0/active/running/ named=0/inactive/dead/ agent=0/inactive/ jphase=absent killpid=
07:15:51.488382732 pdns=3066/0/active/running/ named=0/inactive/dead/ agent=0/inactive/ jphase=absent killpid=
07:15:51.771134503 CHANGE ledger d1c888ed5b640f39136ce779eb0bbce668640c25dd0acb8f28572da1d8a413ce -> ab7032802c049caa8b508f7be0789727a86ac31f9744c408188efe4192c409eb
07:15:51.776437346 pdns=3066/0/active/running/ named=0/inactive/dead/ agent=0/inactive/ jphase=absent killpid=3860,
07:15:52.070637370 CHANGE ledger ab7032802c049caa8b508f7be0789727a86ac31f9744c408188efe4192c409eb -> 92e40934191d995e7e0c266931eb6c6b98b1602612be114a0623218c54e667c7
07:15:52.076580671 pdns=3066/0/active/running/ named=0/inactive/dead/ agent=0/inactive/ jphase=absent killpid=3860,4035,
07:15:52.376522212 CHANGE ledger 92e40934191d995e7e0c266931eb6c6b98b1602612be114a0623218c54e667c7 -> 038302e7102672ee716844b74755df06869b932b4dba1ee7c0920f6f1a1b5f18
07:15:52.383516057 pdns=3066/0/active/running/ named=0/inactive/dead/ agent=0/inactive/ jphase=absent killpid=3860,
07:15:52.680907527 CHANGE ledger 038302e7102672ee716844b74755df06869b932b4dba1ee7c0920f6f1a1b5f18 -> b00e313e393a895f87aae651bf9252e866db0e6445b1e824fdc05e8733743aaa
07:15:52.686247777 pdns=3066/0/active/running/ named=0/inactive/dead/ agent=0/inactive/ jphase=absent killpid=3860,4250,
07:15:52.990223110 CHANGE ledger b00e313e393a895f87aae651bf9252e866db0e6445b1e824fdc05e8733743aaa -> 43b25dc365661fe9a504455fdb70511b1a265421f17ac56f19ac2598bf4a8ba4
07:15:52.995777724 pdns=3066/0/active/running/ named=0/inactive/dead/ agent=0/inactive/ jphase=absent killpid=3860,4333,
07:15:53.291948823 CHANGE ledger 43b25dc365661fe9a504455fdb70511b1a265421f17ac56f19ac2598bf4a8ba4 -> a026da2ba57c221b4cb81c52a104304f8b40a789ddc904b3fa3ccb08c9da06e8
07:15:53.298141632 pdns=3066/0/active/running/ named=0/inactive/dead/ agent=0/inactive/ jphase=absent killpid=3860,4421,
07:15:53.673901498 CHANGE ledger a026da2ba57c221b4cb81c52a104304f8b40a789ddc904b3fa3ccb08c9da06e8 -> 6699de78f3475b184694b0f7b4f22137d983d43afb89259198346a5e71e323eb
07:15:53.687299606 pdns=3066/0/active/running/ named=0/inactive/dead/ agent=0/inactive/ jphase=absent killpid=3860,
07:15:54.015160757 CHANGE ledger 6699de78f3475b184694b0f7b4f22137d983d43afb89259198346a5e71e323eb -> b493dcea2b0cb32f7debccf195f6a7df8a3e088518045cb357de85e6fc1940e6
07:15:54.022024991 pdns=3066/0/active/running/ named=0/inactive/dead/ agent=0/inactive/ jphase=absent killpid=3860,4513,
07:15:54.319836508 pdns=3066/0/active/running/ named=0/inactive/dead/ agent=0/inactive/ jphase=absent killpid=3860,4513,
07:15:54.626024041 pdns=3066/0/active/running/ named=0/inactive/dead/ agent=0/inactive/ jphase=absent killpid=3860,4513,
07:15:54.908715730 pdns=3066/0/active/running/ named=0/inactive/dead/ agent=0/inactive/ jphase=absent killpid=3860,4513,
07:15:55.212040895 pdns=3066/0/active/running/ named=0/inactive/dead/ agent=0/inactive/ jphase=absent killpid=3860,4513,
07:15:55.523601162 pdns=3066/0/active/running/ named=0/inactive/dead/ agent=0/inactive/ jphase=absent killpid=3860,4513,
07:15:55.831431231 pdns=3066/0/active/running/ named=0/inactive/dead/ agent=0/inactive/ jphase=absent killpid=3860,4513,
07:15:56.122188729 pdns=3066/0/active/running/ named=0/inactive/dead/ agent=0/inactive/ jphase=absent killpid=3860,4513,
07:15:56.439285392 pdns=3066/0/active/running/ named=0/inactive/dead/ agent=0/inactive/ jphase=absent killpid=3860,4513,
07:15:56.738372747 CHANGE ledger b493dcea2b0cb32f7debccf195f6a7df8a3e088518045cb357de85e6fc1940e6 -> b33de53a83103402a457a195d4682853c491fc145ef05cc5c43bcd2cfcf1924b
07:15:56.744194412 pdns=3066/0/active/running/ named=0/inactive/dead/ agent=0/inactive/ jphase=absent killpid=3860,4513,
07:15:57.044466937 pdns=3066/0/active/running/ named=0/inactive/dead/ agent=0/inactive/ jphase=absent killpid=3860,4513,
07:15:57.434531573 pdns=3066/0/active/running/ named=0/inactive/dead/ agent=0/inactive/ jphase=absent killpid=3860,4513,
07:15:57.774746389 pdns=3066/0/active/running/ named=0/inactive/dead/ agent=0/inactive/ jphase=absent killpid=3860,4513,
07:15:58.205271966 pdns=3066/0/active/running/ named=0/inactive/dead/ agent=0/inactive/ jphase=absent killpid=3860,4513,
07:15:58.502959745 pdns=3066/0/active/running/ named=0/inactive/dead/ agent=0/inactive/ jphase=absent killpid=3860,4513,
07:15:58.786000374 pdns=3066/0/active/running/ named=0/inactive/dead/ agent=0/inactive/ jphase=absent killpid=3860,4513,
07:15:59.071660472 pdns=3066/0/active/running/ named=0/inactive/dead/ agent=0/inactive/ jphase=absent killpid=3860,4513,
07:15:59.389009840 CHANGE ledger b33de53a83103402a457a195d4682853c491fc145ef05cc5c43bcd2cfcf1924b -> 3637bf0a9abd9c4d8159386ec99e7535c051a7db783b17e42b308e567cfd9f2b
07:15:59.395157114 pdns=3066/0/active/running/ named=0/inactive/dead/ agent=0/inactive/ jphase=absent killpid=3860,5351,
07:15:59.879400601 CHANGE ledger 3637bf0a9abd9c4d8159386ec99e7535c051a7db783b17e42b308e567cfd9f2b -> 3d82f987c4cd366bade41ee7bf5e90ca76ef25d3e8a1918f9972e15254b19812
07:15:59.885292383 pdns=3066/0/active/running/ named=0/inactive/dead/ agent=0/inactive/ jphase=absent killpid=3860,5463,
07:16:00.358751081 CHANGE ledger 3d82f987c4cd366bade41ee7bf5e90ca76ef25d3e8a1918f9972e15254b19812 -> dba3ef675b9e0998042f9d07df2c9edd889ea636ed47527f0357c9c119d773eb
07:16:00.365235638 pdns=3066/0/active/running/ named=0/inactive/dead/ agent=0/inactive/ jphase=absent killpid=3860,5560,
07:16:00.713616944 CHANGE ledger dba3ef675b9e0998042f9d07df2c9edd889ea636ed47527f0357c9c119d773eb -> e8db0cfe7f034a7817eb405ed38b7c356da1e968782af72e9d06b3f0b59ea5b5
07:16:00.727174038 pdns=3066/0/active/running/ named=0/inactive/dead/ agent=0/inactive/ jphase=absent killpid=3860,5662,
07:16:01.058405159 CHANGE ledger e8db0cfe7f034a7817eb405ed38b7c356da1e968782af72e9d06b3f0b59ea5b5 -> a62403e2d1c40001a7e4b547071c2472e895878486db5d5fdcf2a7a72a451a57
07:16:01.064586724 pdns=3066/0/active/running/ named=0/inactive/dead/ agent=0/inactive/ jphase=absent killpid=3860,
07:16:01.355778395 CHANGE ledger a62403e2d1c40001a7e4b547071c2472e895878486db5d5fdcf2a7a72a451a57 -> 527eedfcccee5ff41f148e6244d695a865fd19e15c24201ab1ee29a181fdc5b6
07:16:01.362740593 pdns=3066/0/active/running/ named=0/inactive/dead/ agent=0/inactive/ jphase=absent killpid=3860,
07:16:01.661501458 CHANGE ledger 527eedfcccee5ff41f148e6244d695a865fd19e15c24201ab1ee29a181fdc5b6 -> 93f2c2328dc7b9f64ce8182c38684ecb4137a8604c82a982d3d34703b2fc50ea
07:16:01.672075425 pdns=3066/0/active/running/ named=0/inactive/dead/ agent=0/inactive/ jphase=absent killpid=3860,
07:16:01.962775071 CHANGE ledger 93f2c2328dc7b9f64ce8182c38684ecb4137a8604c82a982d3d34703b2fc50ea -> a47aa64c94ef550e719fcb90d2f8819bb7a9c6f9ab92f487ce5505f1e4c74d82
07:16:01.968600855 pdns=3066/0/active/running/ named=0/inactive/dead/ agent=0/inactive/ jphase=absent killpid=3860,6077,
07:16:02.279446045 CHANGE ledger a47aa64c94ef550e719fcb90d2f8819bb7a9c6f9ab92f487ce5505f1e4c74d82 -> 7aac3503d9c06928e05eef092961b1061ae957b6270fa013f736e687ff6101d5
07:16:02.285303127 pdns=3066/0/active/running/ named=0/inactive/dead/ agent=0/inactive/ jphase=absent killpid=3860,
07:16:02.585953066 CHANGE ledger 7aac3503d9c06928e05eef092961b1061ae957b6270fa013f736e687ff6101d5 -> 57144450b97abca743f8a10b688c7352fb80615a0aa7b194b9f4f5fe6aa9b055
07:16:02.593793732 pdns=3066/0/active/running/ named=0/inactive/dead/ agent=0/inactive/ jphase=absent killpid=3860,
07:16:02.896564933 CHANGE ledger 57144450b97abca743f8a10b688c7352fb80615a0aa7b194b9f4f5fe6aa9b055 -> e98469217e5f474aa9e85191242d56a3cc9b25cc21c179711d48cc74c7e52384
07:16:02.903070350 pdns=3066/0/active/running/ named=0/inactive/dead/ agent=0/inactive/ jphase=absent killpid=3860,6380,
07:16:03.437492903 CHANGE ledger e98469217e5f474aa9e85191242d56a3cc9b25cc21c179711d48cc74c7e52384 -> 6b83e066cf6b452a84a225a27d2104fad79bbd33488b4925c77b6a6993238037
07:16:03.526966781 pdns=3066/0/active/running/ named=0/inactive/dead/ agent=0/inactive/ jphase=absent killpid=3860,
07:16:03.906907112 CHANGE ledger 6b83e066cf6b452a84a225a27d2104fad79bbd33488b4925c77b6a6993238037 -> 5593a9b22e1a11b516f4c11eee9d5e12f3d4fa90c1ccd1aab25894e406321c22
07:16:03.913093307 pdns=3066/0/active/running/ named=0/inactive/dead/ agent=0/inactive/ jphase=intent killpid=3860,6576,
07:16:04.204534948 CHANGE journal absent -> 035f4e5e58e8b3cd7268ee251180b02d9991b322a77953f27153a1069b2985c0
07:16:04.215756438 CHANGE ledger 5593a9b22e1a11b516f4c11eee9d5e12f3d4fa90c1ccd1aab25894e406321c22 -> 042ad70cb2bc1a7321862d2c9199e7efa1c0dd4f8feda500ac3eaed31d58b1ee
07:16:04.221474490 pdns=3066/0/active/running/ named=0/inactive/dead/ agent=6595/active/ jphase=rolling-back killpid=
07:16:04.615001849 CHANGE journal 035f4e5e58e8b3cd7268ee251180b02d9991b322a77953f27153a1069b2985c0 -> f1692d5fb836a5fa99e6fcfbe0b7fd25a3c6f40d8b4b18a2718f5f8af0e8499f
07:16:04.627053300 CHANGE ledger 042ad70cb2bc1a7321862d2c9199e7efa1c0dd4f8feda500ac3eaed31d58b1ee -> e43e69a2fb4cfcdb3e53138bfa6ac4c9a70cf100515953cc0eb1167792eef62b
07:16:04.632325245 pdns=3066/0/active/running/ named=0/inactive/dead/ agent=6595/active/ jphase=rolling-back killpid=
07:16:04.929645195 pdns=3066/0/active/running/ named=0/inactive/dead/ agent=6595/active/ jphase=rolling-back killpid=
07:16:05.234362152 pdns=3066/0/active/running/ named=0/inactive/dead/ agent=6595/active/ jphase=rolling-back killpid=
07:16:05.522757691 pdns=3066/0/active/running/ named=0/inactive/dead/ agent=6595/active/ jphase=rolling-back killpid=
07:16:05.805849436 pdns=3066/0/active/running/ named=0/inactive/dead/ agent=6595/active/ jphase=rolling-back killpid=
07:16:06.092936085 pdns=3066/0/active/running/ named=0/inactive/dead/ agent=6595/active/ jphase=rolling-back killpid=
07:16:06.386728692 pdns=3066/0/active/running/ named=0/inactive/dead/ agent=6595/active/ jphase=rolling-back killpid=
07:16:06.687252883 pdns=3066/0/active/running/ named=0/inactive/dead/ agent=6595/active/ jphase=rolling-back killpid=
07:16:07.004710809 pdns=3066/0/active/running/ named=0/inactive/dead/ agent=6595/active/ jphase=rolling-back killpid=
07:16:07.398437227 pdns=3066/0/active/running/ named=0/inactive/dead/ agent=6595/active/ jphase=rolling-back killpid=
07:16:07.696906393 pdns=3066/0/active/running/ named=0/inactive/dead/ agent=6595/active/ jphase=rolling-back killpid=
07:16:07.987080311 pdns=3066/0/active/running/ named=0/inactive/dead/ agent=6595/active/ jphase=rolling-back killpid=
07:16:08.289736882 pdns=3066/0/active/running/ named=0/inactive/dead/ agent=6595/active/ jphase=rolling-back killpid=
07:16:08.585229661 pdns=3066/0/active/running/ named=0/inactive/dead/ agent=6595/active/ jphase=rolling-back killpid=
07:16:08.885783669 pdns=3066/0/active/running/ named=0/inactive/dead/ agent=6595/active/ jphase=rolling-back killpid=
07:16:09.180248017 pdns=3066/0/active/running/ named=0/inactive/dead/ agent=6595/active/ jphase=rolling-back killpid=
07:16:09.479734254 pdns=3066/0/active/running/ named=0/inactive/dead/ agent=6595/active/ jphase=rolling-back killpid=
07:16:09.773507536 pdns=3066/0/active/running/ named=0/inactive/dead/ agent=6595/active/ jphase=rolling-back killpid=
07:16:10.061269278 pdns=3066/0/active/running/ named=0/inactive/dead/ agent=6595/active/ jphase=rolling-back killpid=
07:16:10.373556553 pdns=3066/0/active/running/ named=0/inactive/dead/ agent=6595/active/ jphase=rolling-back killpid=
07:16:10.660585344 pdns=3066/0/active/running/ named=0/inactive/dead/ agent=6595/active/ jphase=rolling-back killpid=
07:16:10.960152190 pdns=3066/0/active/running/ named=0/inactive/dead/ agent=6595/active/ jphase=rolling-back killpid=
07:16:11.241030132 pdns=3066/0/active/running/ named=0/inactive/dead/ agent=6595/active/ jphase=rolling-back killpid=
07:16:11.532256454 pdns=3066/0/active/running/ named=0/inactive/dead/ agent=6595/active/ jphase=rolling-back killpid=
07:16:11.814952400 pdns=3066/0/active/running/ named=0/inactive/dead/ agent=6595/active/ jphase=rolling-back killpid=
07:16:12.091800466 pdns=3066/0/active/running/ named=0/inactive/dead/ agent=6595/active/ jphase=rolling-back killpid=
07:16:12.377240689 pdns=3066/0/active/running/ named=0/inactive/dead/ agent=6595/active/ jphase=rolling-back killpid=
07:16:12.649195617 pdns=3066/0/active/running/ named=0/inactive/dead/ agent=6595/active/ jphase=rolling-back killpid=
07:16:12.928123568 pdns=3066/0/active/running/ named=0/inactive/dead/ agent=6595/active/ jphase=rolling-back killpid=
07:16:13.203057957 pdns=3066/0/active/running/ named=0/inactive/dead/ agent=6595/active/ jphase=rolling-back killpid=
07:16:13.480650380 pdns=3066/0/active/running/ named=0/inactive/dead/ agent=6595/active/ jphase=rolling-back killpid=
07:16:13.754644623 pdns=3066/0/active/running/ named=0/inactive/dead/ agent=6595/active/ jphase=rolling-back killpid=
07:16:14.026739957 pdns=3066/0/active/running/ named=0/inactive/dead/ agent=6595/active/ jphase=rolling-back killpid=
07:16:14.301655945 pdns=3066/0/active/running/ named=0/inactive/dead/ agent=6595/active/ jphase=rolling-back killpid=
07:16:14.575865822 pdns=3066/0/active/running/ named=0/inactive/dead/ agent=6595/active/ jphase=rolling-back killpid=
07:16:14.848589000 pdns=3066/0/active/running/ named=0/inactive/dead/ agent=6595/active/ jphase=rolling-back killpid=
07:16:15.124215258 pdns=3066/0/active/running/ named=0/inactive/dead/ agent=6595/active/ jphase=rolling-back killpid=
07:16:15.403157969 pdns=3066/0/active/running/ named=0/inactive/dead/ agent=6595/active/ jphase=rolling-back killpid=
07:16:15.674589898 pdns=3066/0/active/running/ named=0/inactive/dead/ agent=6595/active/ jphase=rolling-back killpid=
07:16:15.948980672 pdns=3066/0/active/running/ named=0/inactive/dead/ agent=6595/active/ jphase=rolling-back killpid=
07:16:16.222692157 pdns=3066/0/active/running/ named=0/inactive/dead/ agent=6595/active/ jphase=rolling-back killpid=
07:16:16.499565636 pdns=3066/0/active/running/ named=0/inactive/dead/ agent=6595/active/ jphase=rolling-back killpid=
07:16:16.773546540 pdns=3066/0/active/running/ named=0/inactive/dead/ agent=6595/active/ jphase=rolling-back killpid=
07:16:17.049996234 pdns=3066/0/active/running/ named=0/inactive/dead/ agent=6595/active/ jphase=rolling-back killpid=
07:16:17.326710237 pdns=3066/0/active/running/ named=0/inactive/dead/ agent=6595/active/ jphase=rolling-back killpid=
07:16:17.598565906 pdns=3066/0/active/running/ named=0/inactive/dead/ agent=6595/active/ jphase=rolling-back killpid=
07:16:17.870427095 pdns=3066/0/active/running/ named=0/inactive/dead/ agent=6595/active/ jphase=rolling-back killpid=
07:16:18.148168384 pdns=3066/0/active/running/ named=0/inactive/dead/ agent=6595/active/ jphase=rolling-back killpid=
07:16:18.423840859 pdns=3066/0/active/running/ named=0/inactive/dead/ agent=6595/active/ jphase=rolling-back killpid=
07:16:18.695473065 pdns=3066/0/active/running/ named=0/inactive/dead/ agent=6595/active/ jphase=rolling-back killpid=
07:16:18.971374903 pdns=3066/0/active/running/ named=0/inactive/dead/ agent=6595/active/ jphase=rolling-back killpid=
07:16:19.245812942 pdns=3066/0/active/running/ named=0/inactive/dead/ agent=6595/active/ jphase=rolling-back killpid=
07:16:19.519587157 pdns=3066/0/active/running/ named=0/inactive/dead/ agent=6595/active/ jphase=rolling-back killpid=
07:16:19.791549744 pdns=3066/0/active/running/ named=0/inactive/dead/ agent=6595/active/ jphase=rolling-back killpid=
07:16:20.062685159 pdns=3066/0/active/running/ named=0/inactive/dead/ agent=6595/active/ jphase=rolling-back killpid=
07:16:20.339270623 pdns=3066/0/active/running/ named=0/inactive/dead/ agent=6595/active/ jphase=rolling-back killpid=
07:16:20.617331467 pdns=3066/0/active/running/ named=0/inactive/dead/ agent=6595/active/ jphase=rolling-back killpid=
07:16:20.893305746 pdns=3066/0/active/running/ named=0/inactive/dead/ agent=6595/active/ jphase=rolling-back killpid=
07:16:21.181231847 pdns=3066/0/active/running/ named=0/inactive/dead/ agent=6595/active/ jphase=rolling-back killpid=
07:16:21.484823197 pdns=3066/0/active/running/ named=0/inactive/dead/ agent=6595/active/ jphase=rolling-back killpid=
07:16:21.789940930 pdns=3066/0/active/running/ named=0/inactive/dead/ agent=6595/active/ jphase=rolling-back killpid=
07:16:22.077586171 pdns=3066/0/active/running/ named=0/inactive/dead/ agent=6595/active/ jphase=rolling-back killpid=
07:16:22.380548476 pdns=3066/0/active/running/ named=0/inactive/dead/ agent=6595/active/ jphase=rolling-back killpid=
07:16:22.657698766 pdns=3066/0/active/running/ named=0/inactive/dead/ agent=6595/active/ jphase=rolling-back killpid=
07:16:22.946274610 pdns=3066/0/active/running/ named=0/inactive/dead/ agent=6595/active/ jphase=rolling-back killpid=
07:16:23.234919257 pdns=3066/0/active/running/ named=0/inactive/dead/ agent=6595/active/ jphase=rolling-back killpid=
07:16:23.517795589 pdns=3066/0/active/running/ named=0/inactive/dead/ agent=6595/active/ jphase=rolling-back killpid=
07:16:23.791376687 pdns=3066/0/active/running/ named=0/inactive/dead/ agent=6595/active/ jphase=rolling-back killpid=
07:16:24.072762836 pdns=3066/0/active/running/ named=0/inactive/dead/ agent=6595/active/ jphase=rolling-back killpid=
07:16:24.347033392 pdns=3066/0/active/running/ named=0/inactive/dead/ agent=6595/active/ jphase=rolling-back killpid=
07:16:24.631481220 pdns=3066/0/active/running/ named=0/inactive/dead/ agent=6595/active/ jphase=rolling-back killpid=
07:16:24.912874687 pdns=3066/0/active/running/ named=0/inactive/dead/ agent=6595/active/ jphase=rolling-back killpid=
07:16:25.192676761 pdns=3066/0/active/running/ named=0/inactive/dead/ agent=6595/active/ jphase=rolling-back killpid=
07:16:25.476712998 pdns=3066/0/active/running/ named=0/inactive/dead/ agent=6595/active/ jphase=rolling-back killpid=
07:16:25.759752919 pdns=3066/0/active/running/ named=0/inactive/dead/ agent=6595/active/ jphase=rolling-back killpid=
07:16:26.034603717 pdns=3066/0/active/running/ named=0/inactive/dead/ agent=6595/active/ jphase=rolling-back killpid=
07:16:26.313043126 pdns=3066/0/active/running/ named=0/inactive/dead/ agent=6595/active/ jphase=rolling-back killpid=
07:16:26.584809826 pdns=3066/0/active/running/ named=0/inactive/dead/ agent=6595/active/ jphase=rolling-back killpid=
07:16:26.858030028 pdns=3066/0/active/running/ named=0/inactive/dead/ agent=6595/active/ jphase=rolling-back killpid=
07:16:27.131576174 pdns=3066/0/active/running/ named=0/inactive/dead/ agent=6595/active/ jphase=rolling-back killpid=
07:16:27.409074787 pdns=3066/0/active/running/ named=0/inactive/dead/ agent=6595/active/ jphase=rolling-back killpid=
07:16:27.681555013 pdns=3066/0/active/running/ named=0/inactive/dead/ agent=6595/active/ jphase=rolling-back killpid=
07:16:27.953655131 pdns=3066/0/active/running/ named=0/inactive/dead/ agent=6595/active/ jphase=rolling-back killpid=
07:16:28.228752889 pdns=3066/0/active/running/ named=0/inactive/dead/ agent=6595/active/ jphase=rolling-back killpid=
07:16:28.504481774 pdns=3066/0/active/running/ named=0/inactive/dead/ agent=6595/active/ jphase=rolling-back killpid=
07:16:28.776201766 pdns=3066/0/active/running/ named=0/inactive/dead/ agent=6595/active/ jphase=rolling-back killpid=
07:16:29.051207396 pdns=3066/0/active/running/ named=0/inactive/dead/ agent=6595/active/ jphase=rolling-back killpid=
07:16:29.326900202 pdns=3066/0/active/running/ named=0/inactive/dead/ agent=6595/active/ jphase=rolling-back killpid=
07:16:29.601577443 pdns=3066/0/active/running/ named=0/inactive/dead/ agent=6595/active/ jphase=rolling-back killpid=
07:16:29.875166006 pdns=3066/0/active/running/ named=0/inactive/dead/ agent=6595/active/ jphase=rolling-back killpid=
07:16:30.149785040 pdns=3066/0/active/running/ named=0/inactive/dead/ agent=6595/active/ jphase=rolling-back killpid=
07:16:30.425698277 pdns=3066/0/active/running/ named=0/inactive/dead/ agent=6595/active/ jphase=rolling-back killpid=
07:16:30.695514506 pdns=3066/0/active/running/ named=0/inactive/dead/ agent=6595/active/ jphase=rolling-back killpid=
07:16:30.968287617 pdns=3066/0/active/running/ named=0/inactive/dead/ agent=6595/active/ jphase=rolling-back killpid=
07:16:31.246709303 pdns=3066/0/active/running/ named=0/inactive/dead/ agent=6595/active/ jphase=rolling-back killpid=
07:16:31.523255534 pdns=3066/0/active/running/ named=0/inactive/dead/ agent=6595/active/ jphase=rolling-back killpid=
07:16:31.796982210 pdns=3066/0/active/running/ named=0/inactive/dead/ agent=6595/active/ jphase=rolling-back killpid=
07:16:32.068988394 pdns=3066/0/active/running/ named=0/inactive/dead/ agent=6595/active/ jphase=rolling-back killpid=
07:16:32.345029255 pdns=3066/0/active/running/ named=0/inactive/dead/ agent=6595/active/ jphase=rolling-back killpid=
07:16:32.615537236 pdns=3066/0/active/running/ named=0/inactive/dead/ agent=6595/active/ jphase=rolling-back killpid=
07:16:32.885835216 pdns=3066/0/active/running/ named=0/inactive/dead/ agent=6595/active/ jphase=rolling-back killpid=
07:16:33.160862355 pdns=3066/0/active/running/ named=0/inactive/dead/ agent=6595/active/ jphase=rolling-back killpid=
07:16:33.434044028 pdns=3066/0/active/running/ named=0/inactive/dead/ agent=6595/active/ jphase=rolling-back killpid=
07:16:33.707689995 pdns=3066/0/active/running/ named=0/inactive/dead/ agent=6595/active/ jphase=rolling-back killpid=
07:16:33.981468751 pdns=3066/0/active/running/ named=0/inactive/dead/ agent=6595/active/ jphase=rolling-back killpid=
07:16:34.259243204 pdns=3066/0/active/running/ named=0/inactive/dead/ agent=6595/active/ jphase=rolling-back killpid=
07:16:34.532332916 pdns=3066/0/active/running/ named=0/inactive/dead/ agent=6595/active/ jphase=rolling-back killpid=
07:16:34.805078609 pdns=3066/0/active/running/ named=0/inactive/dead/ agent=6595/active/ jphase=rolling-back killpid=
07:16:35.078900128 pdns=3066/0/active/running/ named=0/inactive/dead/ agent=6595/active/ jphase=rolling-back killpid=
07:16:35.362009103 pdns=3066/0/active/running/ named=0/inactive/dead/ agent=6595/active/ jphase=rolling-back killpid=
07:16:35.637811259 pdns=3066/0/active/running/ named=0/inactive/dead/ agent=6595/active/ jphase=rolling-back killpid=
07:16:35.913946660 pdns=3066/0/active/running/ named=0/inactive/dead/ agent=6595/active/ jphase=rolling-back killpid=
07:16:36.191295647 pdns=3066/0/active/running/ named=0/inactive/dead/ agent=6595/active/ jphase=rolling-back killpid=
07:16:36.466761256 pdns=3066/0/active/running/ named=0/inactive/dead/ agent=6595/active/ jphase=rolling-back killpid=
07:16:36.740389270 pdns=3066/0/active/running/ named=0/inactive/dead/ agent=6595/active/ jphase=rolling-back killpid=
07:16:37.013446175 pdns=3066/0/active/running/ named=0/inactive/dead/ agent=6595/active/ jphase=rolling-back killpid=
07:16:37.292018875 pdns=3066/0/active/running/ named=0/inactive/dead/ agent=6595/active/ jphase=rolling-back killpid=
07:16:37.568818534 pdns=3066/0/active/running/ named=0/inactive/dead/ agent=6595/active/ jphase=rolling-back killpid=
done
