14:52:56.626479824 CHANGE journal none -> absent
14:52:56.640871373 CHANGE ledger none -> f452262c5d62be532618ed83068c0aecd196925f857399c99154e5dd9da343d9
14:52:56.649840871 CHANGE state none -> 08f6266b4d1319087f9f791952c8836c4d699aabc814e02de8c8252fbbdd2478
14:52:56.653210863 POINTER 
14:52:56.654697240 pdns=659/0/active/running/ named=0/inactive/dead/ agent=641/active/ jphase=absent killpid=
14:52:57.011694225 pdns=659/0/active/running/ named=0/inactive/dead/ agent=641/active/ jphase=absent killpid=
14:52:57.290763802 pdns=659/0/active/running/ named=0/inactive/dead/ agent=641/active/ jphase=absent killpid=
14:52:57.569983262 pdns=659/0/active/running/ named=0/inactive/dead/ agent=641/active/ jphase=absent killpid=
14:52:57.850768268 pdns=659/0/active/running/ named=0/inactive/dead/ agent=641/active/ jphase=absent killpid=
14:52:58.132610322 pdns=659/0/active/running/ named=0/inactive/dead/ agent=641/active/ jphase=absent killpid=
14:52:58.411402975 pdns=659/0/active/running/ named=0/inactive/dead/ agent=641/active/ jphase=absent killpid=
14:52:58.690202320 pdns=659/0/active/running/ named=0/inactive/dead/ agent=641/active/ jphase=absent killpid=
14:52:59.007409033 pdns=659/0/active/running/ named=0/inactive/dead/ agent=641/active/ jphase=absent killpid=
14:52:59.293595230 pdns=659/0/active/running/ named=0/inactive/dead/ agent=641/active/ jphase=absent killpid=
14:52:59.592216620 pdns=659/0/active/running/ named=0/inactive/dead/ agent=641/active/ jphase=absent killpid=
14:52:59.899664496 pdns=659/0/active/running/ named=0/inactive/dead/ agent=641/active/ jphase=absent killpid=
14:53:00.177339415 pdns=659/0/active/running/ named=0/inactive/dead/ agent=641/active/ jphase=absent killpid=
14:53:00.452406673 pdns=659/0/active/running/ named=0/inactive/dead/ agent=641/active/ jphase=absent killpid=
14:53:00.729179508 pdns=659/0/active/running/ named=0/inactive/dead/ agent=641/active/ jphase=absent killpid=
14:53:01.006998520 pdns=659/0/active/running/ named=0/inactive/dead/ agent=641/active/ jphase=absent killpid=
14:53:01.286793078 pdns=659/0/active/running/ named=0/inactive/dead/ agent=641/active/ jphase=absent killpid=
14:53:01.565159708 pdns=659/0/active/running/ named=0/inactive/dead/ agent=641/active/ jphase=absent killpid=
14:53:01.843584052 pdns=659/0/active/running/ named=0/inactive/dead/ agent=641/active/ jphase=absent killpid=
14:53:02.121458174 pdns=659/0/active/running/ named=0/inactive/dead/ agent=641/active/ jphase=absent killpid=
14:53:02.400035566 pdns=659/0/active/running/ named=0/inactive/dead/ agent=641/active/ jphase=absent killpid=
14:53:02.675720761 pdns=659/0/active/running/ named=0/inactive/dead/ agent=641/active/ jphase=absent killpid=
14:53:02.990767091 pdns=659/0/active/running/ named=0/inactive/dead/ agent=641/active/ jphase=absent killpid=
14:53:04.246327319 pdns=659/0/active/running/ named=0/inactive/dead/ agent=641/active/ jphase=absent killpid=
14:53:04.533395487 pdns=659/0/active/running/ named=0/inactive/dead/ agent=641/active/ jphase=absent killpid=
14:53:04.814029622 pdns=659/0/active/running/ named=0/inactive/dead/ agent=641/active/ jphase=absent killpid=
14:53:05.094762873 pdns=659/0/active/running/ named=0/inactive/dead/ agent=641/active/ jphase=absent killpid=
14:53:05.371386873 pdns=659/0/active/running/ named=0/inactive/dead/ agent=641/active/ jphase=absent killpid=
14:53:05.643086352 pdns=659/0/active/running/ named=0/inactive/dead/ agent=641/active/ jphase=absent killpid=
14:53:05.918479748 pdns=659/0/active/running/ named=0/inactive/dead/ agent=641/active/ jphase=absent killpid=
14:53:06.193005689 pdns=659/0/active/running/ named=0/inactive/dead/ agent=641/active/ jphase=absent killpid=
14:53:06.465328569 pdns=659/0/active/running/ named=0/inactive/dead/ agent=641/active/ jphase=absent killpid=
14:53:06.740346522 pdns=659/0/active/running/ named=0/inactive/dead/ agent=641/active/ jphase=absent killpid=
14:53:07.016406445 pdns=659/0/active/running/ named=0/inactive/dead/ agent=641/active/ jphase=absent killpid=
14:53:07.287725517 pdns=659/0/active/running/ named=0/inactive/dead/ agent=641/active/ jphase=absent killpid=
14:53:07.585934731 pdns=659/0/active/running/ named=0/inactive/dead/ agent=641/active/ jphase=absent killpid=
14:53:07.855189185 pdns=659/0/active/running/ named=0/inactive/dead/ agent=641/active/ jphase=absent killpid=
14:53:08.127900026 pdns=659/0/active/running/ named=0/inactive/dead/ agent=641/active/ jphase=absent killpid=
14:53:08.399047388 pdns=659/0/active/running/ named=0/inactive/dead/ agent=641/active/ jphase=absent killpid=
14:53:08.669737767 pdns=659/0/active/running/ named=0/inactive/dead/ agent=641/active/ jphase=absent killpid=
14:53:08.941110496 pdns=659/0/active/running/ named=0/inactive/dead/ agent=641/active/ jphase=absent killpid=
14:53:09.211616638 pdns=659/0/active/running/ named=0/inactive/dead/ agent=641/active/ jphase=absent killpid=
14:53:09.481194600 pdns=659/0/active/running/ named=0/inactive/dead/ agent=641/active/ jphase=absent killpid=
14:53:09.754748692 pdns=659/0/active/running/ named=0/inactive/dead/ agent=641/active/ jphase=absent killpid=
14:53:10.026809326 pdns=659/0/active/running/ named=0/inactive/dead/ agent=641/active/ jphase=absent killpid=
14:53:10.296162656 pdns=659/0/active/running/ named=0/inactive/dead/ agent=641/active/ jphase=absent killpid=
14:53:10.566663107 pdns=659/0/active/running/ named=0/inactive/dead/ agent=641/active/ jphase=absent killpid=
14:53:10.836672453 pdns=659/0/active/running/ named=0/inactive/dead/ agent=641/active/ jphase=absent killpid=
14:53:11.108797897 pdns=659/0/active/running/ named=0/inactive/dead/ agent=641/active/ jphase=absent killpid=
14:53:11.377436399 pdns=659/0/active/running/ named=0/inactive/dead/ agent=641/active/ jphase=absent killpid=
14:53:11.647032884 pdns=659/0/active/running/ named=0/inactive/dead/ agent=641/active/ jphase=absent killpid=
14:53:11.923122781 pdns=659/0/active/running/ named=0/inactive/dead/ agent=641/active/ jphase=absent killpid=
14:53:12.194407816 pdns=659/0/active/running/ named=0/inactive/dead/ agent=641/active/ jphase=absent killpid=
14:53:12.465013802 pdns=659/0/active/running/ named=0/inactive/dead/ agent=641/active/ jphase=absent killpid=
14:53:12.735752401 pdns=659/0/active/running/ named=0/inactive/dead/ agent=641/active/ jphase=absent killpid=
14:53:13.010595392 pdns=659/0/active/running/ named=0/inactive/dead/ agent=641/active/ jphase=absent killpid=
14:53:13.277728608 pdns=659/0/active/running/ named=0/inactive/dead/ agent=641/active/ jphase=absent killpid=
14:53:13.570398282 pdns=659/0/active/running/ named=0/inactive/dead/ agent=641/active/ jphase=absent killpid=
14:53:13.840518316 pdns=659/0/active/running/ named=0/inactive/dead/ agent=641/active/ jphase=absent killpid=
14:53:14.110735357 pdns=659/0/active/running/ named=0/inactive/dead/ agent=641/active/ jphase=absent killpid=
14:53:14.379017855 pdns=659/0/active/running/ named=0/inactive/dead/ agent=641/active/ jphase=absent killpid=
14:53:14.653148319 pdns=659/0/active/running/ named=0/inactive/dead/ agent=641/active/ jphase=absent killpid=
14:53:14.927951685 pdns=659/0/active/running/ named=0/inactive/dead/ agent=641/active/ jphase=absent killpid=
14:53:15.199152980 pdns=659/0/active/running/ named=0/inactive/dead/ agent=641/active/ jphase=absent killpid=
14:53:15.472492679 pdns=659/0/active/running/ named=0/inactive/dead/ agent=641/active/ jphase=absent killpid=
14:53:15.744373828 pdns=659/0/active/running/ named=0/inactive/dead/ agent=641/active/ jphase=absent killpid=
14:53:16.025650421 pdns=659/0/active/running/ named=0/inactive/dead/ agent=641/active/ jphase=absent killpid=
14:53:16.298927163 pdns=659/0/active/running/ named=0/inactive/dead/ agent=641/active/ jphase=absent killpid=
14:53:16.571153664 pdns=659/0/active/running/ named=0/inactive/dead/ agent=641/active/ jphase=absent killpid=
14:53:16.844285827 pdns=659/0/active/running/ named=0/inactive/dead/ agent=641/active/ jphase=absent killpid=
14:53:17.122970390 pdns=659/0/active/running/ named=0/inactive/dead/ agent=641/active/ jphase=absent killpid=
14:53:17.395489195 pdns=659/0/active/running/ named=0/inactive/dead/ agent=641/active/ jphase=absent killpid=
14:53:17.667452982 pdns=659/0/active/running/ named=0/inactive/dead/ agent=641/active/ jphase=absent killpid=
14:53:17.941734704 pdns=659/0/active/running/ named=0/inactive/dead/ agent=641/active/ jphase=absent killpid=
14:53:18.217701090 pdns=659/0/active/running/ named=0/inactive/dead/ agent=641/active/ jphase=absent killpid=
14:53:18.496413743 pdns=659/0/active/running/ named=0/inactive/dead/ agent=641/active/ jphase=absent killpid=
14:53:18.775345024 pdns=659/0/active/running/ named=0/inactive/dead/ agent=641/active/ jphase=absent killpid=
14:53:19.058797704 pdns=659/0/active/running/ named=0/inactive/dead/ agent=641/active/ jphase=absent killpid=
14:53:19.334741407 pdns=659/0/active/running/ named=0/inactive/dead/ agent=641/active/ jphase=absent killpid=
14:53:19.679678888 pdns=659/0/active/running/ named=0/inactive/dead/ agent=641/active/ jphase=absent killpid=
14:53:19.974626161 pdns=659/0/active/running/ named=0/inactive/dead/ agent=641/active/ jphase=absent killpid=
14:53:20.259989403 pdns=659/0/active/running/ named=0/inactive/dead/ agent=641/active/ jphase=absent killpid=
14:53:20.540560480 pdns=659/0/active/running/ named=0/inactive/dead/ agent=641/active/ jphase=absent killpid=
14:53:20.817799445 pdns=659/0/active/running/ named=0/inactive/dead/ agent=641/active/ jphase=absent killpid=
14:53:21.124632154 pdns=659/0/active/running/ named=0/inactive/dead/ agent=641/active/ jphase=absent killpid=
14:53:21.399254053 pdns=659/0/active/running/ named=0/inactive/dead/ agent=641/active/ jphase=absent killpid=
14:53:21.675735939 pdns=659/0/active/running/ named=0/inactive/dead/ agent=641/active/ jphase=absent killpid=
14:53:21.951061328 pdns=659/0/active/running/ named=0/inactive/dead/ agent=641/active/ jphase=absent killpid=
14:53:22.230176481 pdns=659/0/active/running/ named=0/inactive/dead/ agent=641/active/ jphase=absent killpid=
14:53:22.509661324 pdns=659/0/active/running/ named=0/inactive/dead/ agent=641/active/ jphase=absent killpid=
14:53:22.808204771 pdns=659/0/active/running/ named=0/inactive/dead/ agent=641/active/ jphase=absent killpid=
14:53:23.097573655 pdns=659/0/active/running/ named=0/inactive/dead/ agent=641/active/ jphase=absent killpid=
14:53:23.373639495 pdns=659/0/active/running/ named=0/inactive/dead/ agent=641/active/ jphase=absent killpid=
14:53:23.653086788 pdns=659/0/active/running/ named=0/inactive/dead/ agent=641/active/ jphase=absent killpid=
14:53:23.930479159 pdns=659/0/active/running/ named=0/inactive/dead/ agent=641/active/ jphase=absent killpid=
14:53:24.212770195 pdns=659/0/active/running/ named=0/inactive/dead/ agent=641/active/ jphase=absent killpid=
14:53:24.482307341 pdns=659/0/active/running/ named=0/inactive/dead/ agent=641/active/ jphase=absent killpid=
14:53:24.751589507 pdns=659/0/active/running/ named=0/inactive/dead/ agent=641/active/ jphase=absent killpid=
14:53:25.031560940 pdns=659/0/active/running/ named=0/inactive/dead/ agent=641/active/ jphase=absent killpid=
14:53:25.316540962 pdns=659/0/active/running/ named=0/inactive/dead/ agent=641/active/ jphase=absent killpid=
14:53:25.593416196 pdns=659/0/active/running/ named=0/inactive/dead/ agent=641/active/ jphase=absent killpid=
14:53:25.885388976 pdns=659/0/active/running/ named=0/inactive/dead/ agent=641/active/ jphase=absent killpid=
14:53:26.643761341 pdns=659/0/active/running/ named=0/inactive/dead/ agent=641/active/ jphase=absent killpid=
14:53:26.911399888 pdns=659/0/active/running/ named=0/inactive/dead/ agent=641/active/ jphase=absent killpid=
14:53:27.185385450 pdns=659/0/active/running/ named=0/inactive/dead/ agent=641/active/ jphase=absent killpid=
14:53:27.465285292 pdns=659/0/active/running/ named=0/inactive/dead/ agent=641/active/ jphase=absent killpid=
14:53:27.738767791 pdns=659/0/active/running/ named=0/inactive/dead/ agent=641/active/ jphase=absent killpid=
14:53:28.022434098 pdns=659/0/active/running/ named=0/inactive/dead/ agent=641/active/ jphase=absent killpid=
14:53:28.300803361 pdns=659/0/active/running/ named=0/inactive/dead/ agent=641/active/ jphase=absent killpid=
14:53:28.572569679 pdns=659/0/active/running/ named=0/inactive/dead/ agent=641/active/ jphase=absent killpid=
14:53:28.846036332 pdns=659/0/active/running/ named=0/inactive/dead/ agent=641/active/ jphase=absent killpid=
14:53:29.116882393 pdns=659/0/active/running/ named=0/inactive/dead/ agent=641/active/ jphase=absent killpid=
14:53:29.395764569 pdns=659/0/active/running/ named=0/inactive/dead/ agent=641/active/ jphase=absent killpid=
14:53:29.676872711 pdns=659/0/active/running/ named=0/inactive/dead/ agent=641/active/ jphase=absent killpid=
14:53:29.951499836 pdns=659/0/active/running/ named=0/inactive/dead/ agent=641/active/ jphase=absent killpid=
14:53:30.242130918 pdns=659/0/active/running/ named=0/inactive/dead/ agent=641/active/ jphase=absent killpid=
done
