18:55:33.743284562 CHANGE journal none -> absent
18:55:33.752862834 CHANGE ledger none -> 3ca84fb4b8d7d0f1b2fbde6d81a73ee2a1850bb22486940b3ee55715670f4f7d
18:55:33.762798751 CHANGE state none -> 509a3a9afe23bfbd45197e38d438003ad5499ef26ff1f9839892f86c52bc7a4f
18:55:33.776915544 CHANGE pdnsdb none -> 9a80d0bb92958cdddc2afa1830ff8a19f942bf261f0a7a9939eb23ce70f9d486
18:55:33.781434091 POINTER 
18:55:33.783111825 pdns=3084/0/active/running/ named=0/inactive/dead/ agent=0/inactive/ jphase=absent killpid=
18:55:34.134258386 pdns=3084/0/active/running/ named=0/inactive/dead/ agent=0/inactive/ jphase=absent killpid=
18:55:34.496204093 pdns=3084/0/active/running/ named=0/inactive/dead/ agent=0/inactive/ jphase=absent killpid=
18:55:34.826775071 pdns=3084/0/active/running/ named=0/inactive/dead/ agent=0/inactive/ jphase=absent killpid=
18:55:35.151776531 pdns=3084/0/active/running/ named=0/inactive/dead/ agent=0/inactive/ jphase=absent killpid=4037,
18:55:36.961041914 CHANGE ledger 3ca84fb4b8d7d0f1b2fbde6d81a73ee2a1850bb22486940b3ee55715670f4f7d -> e1f6402bf0607964e70ec044311e1bbbdb2e3fe17209ad4d74b6b738597325f5
18:55:37.004919371 pdns=3084/0/active/running/ named=0/inactive/dead/ agent=0/inactive/ jphase=absent killpid=4037,4152,
18:55:37.369299841 CHANGE ledger e1f6402bf0607964e70ec044311e1bbbdb2e3fe17209ad4d74b6b738597325f5 -> 98768ff5c49999b46a6540aa9c9fbcb254e202f4bf1f3f27c332937920438991
18:55:37.385898444 pdns=3084/0/active/running/ named=0/inactive/dead/ agent=0/inactive/ jphase=absent killpid=4037,4248,
18:55:37.746464840 CHANGE ledger 98768ff5c49999b46a6540aa9c9fbcb254e202f4bf1f3f27c332937920438991 -> aa6721ca3f1de4991da95a7da4e281df300ce3d3e48da250437ac49721614b83
18:55:37.772174116 pdns=3084/0/active/running/ named=0/inactive/dead/ agent=0/inactive/ jphase=absent killpid=4037,4360,
18:55:38.118622871 CHANGE ledger aa6721ca3f1de4991da95a7da4e281df300ce3d3e48da250437ac49721614b83 -> 63d45784a3482d4bbedb9953478d9b0508b29a1b3ece47d94c3fbac778e43c74
18:55:38.139968850 pdns=3084/0/active/running/ named=0/inactive/dead/ agent=0/inactive/ jphase=absent killpid=4037,
18:55:38.503907837 CHANGE ledger 63d45784a3482d4bbedb9953478d9b0508b29a1b3ece47d94c3fbac778e43c74 -> e37fdfc7df9a6ef0b82253d4f950ab7254ad8981c9a012f67e953e4b81b6bb26
18:55:38.528125875 pdns=3084/0/active/running/ named=0/inactive/dead/ agent=0/inactive/ jphase=absent killpid=4037,
18:55:38.948217748 CHANGE ledger e37fdfc7df9a6ef0b82253d4f950ab7254ad8981c9a012f67e953e4b81b6bb26 -> 1130a81488cc97f59fc298e88a55dba41bcc1e2b26f9249ebeaf305ba35afb49
18:55:38.988118016 pdns=3084/0/active/running/ named=0/inactive/dead/ agent=0/inactive/ jphase=absent killpid=4037,4629,
18:55:39.325062248 CHANGE ledger 1130a81488cc97f59fc298e88a55dba41bcc1e2b26f9249ebeaf305ba35afb49 -> bcd1f5ae6639e9e45e3f9f3dc6fbe80ac3e75940e84db4712e5ed44eda55399c
18:55:39.340934734 pdns=3084/0/active/running/ named=0/inactive/dead/ agent=0/inactive/ jphase=absent killpid=4037,4712,
18:55:39.788848066 CHANGE ledger bcd1f5ae6639e9e45e3f9f3dc6fbe80ac3e75940e84db4712e5ed44eda55399c -> ae9ac4dc831e964d712a0d6d7b54d8f3ff3568ec3ee4628cb51073ff055ecad9
18:55:39.818002213 pdns=3084/0/active/running/ named=0/inactive/dead/ agent=0/inactive/ jphase=absent killpid=4037,4805,
18:55:40.221269660 CHANGE ledger ae9ac4dc831e964d712a0d6d7b54d8f3ff3568ec3ee4628cb51073ff055ecad9 -> be8069e3950282183f05a1c5594aaf8705f11378ebef96a7357be83cec383e49
18:55:40.246435779 pdns=3084/0/active/running/ named=0/inactive/dead/ agent=0/inactive/ jphase=absent killpid=4037,4805,
18:55:40.593041095 CHANGE ledger be8069e3950282183f05a1c5594aaf8705f11378ebef96a7357be83cec383e49 -> 2b953e93987894c68ec68af143d05b3d819eef8c6a7cd22be4d759a60f0d4964
18:55:40.615603910 pdns=3084/0/active/running/ named=0/inactive/dead/ agent=0/inactive/ jphase=absent killpid=4037,4805,
18:55:41.013255783 pdns=3084/0/active/running/ named=0/inactive/dead/ agent=0/inactive/ jphase=absent killpid=4037,4805,
18:55:41.332988422 pdns=3084/0/active/running/ named=0/inactive/dead/ agent=0/inactive/ jphase=absent killpid=4037,4805,
18:55:41.726874768 pdns=3084/0/active/running/ named=0/inactive/dead/ agent=0/inactive/ jphase=absent killpid=4037,4805,
18:55:42.061210812 pdns=3084/0/active/running/ named=0/inactive/dead/ agent=0/inactive/ jphase=absent killpid=4037,4805,
18:55:42.461124743 pdns=3084/0/active/running/ named=0/inactive/dead/ agent=0/inactive/ jphase=absent killpid=4037,4805,
18:55:42.830574059 pdns=3084/0/active/running/ named=0/inactive/dead/ agent=0/inactive/ jphase=absent killpid=4037,4805,
18:55:43.144356364 pdns=3084/0/active/running/ named=0/inactive/dead/ agent=0/inactive/ jphase=absent killpid=4037,4805,
18:55:43.494938660 pdns=3084/0/active/running/ named=0/inactive/dead/ agent=0/inactive/ jphase=absent killpid=4037,4805,
18:55:43.849238849 pdns=3084/0/active/running/ named=0/inactive/dead/ agent=0/inactive/ jphase=absent killpid=4037,4805,
18:55:44.407080903 pdns=3084/0/active/running/ named=0/inactive/dead/ agent=0/inactive/ jphase=absent killpid=4037,4805,
18:55:44.903239195 pdns=3084/0/active/running/ named=0/inactive/dead/ agent=0/inactive/ jphase=absent killpid=4037,4805,
18:55:45.316191668 CHANGE ledger 2b953e93987894c68ec68af143d05b3d819eef8c6a7cd22be4d759a60f0d4964 -> 4fbab759b0b6a822b1fb59b1ce354e3445829748c1f1583178c06f934b9b23d2
18:55:45.331979953 pdns=3084/0/active/running/ named=0/inactive/dead/ agent=0/inactive/ jphase=absent killpid=4037,4805,
18:55:45.681253466 pdns=3084/0/active/running/ named=0/inactive/dead/ agent=0/inactive/ jphase=absent killpid=4037,4805,
18:55:45.984880836 pdns=3084/0/active/running/ named=0/inactive/dead/ agent=0/inactive/ jphase=absent killpid=4037,4805,
18:55:46.284668552 pdns=3084/0/active/running/ named=0/inactive/dead/ agent=0/inactive/ jphase=absent killpid=4037,4805,
18:55:46.630466718 pdns=3084/0/active/running/ named=0/inactive/dead/ agent=0/inactive/ jphase=absent killpid=4037,5800,
18:55:47.284945559 CHANGE ledger 4fbab759b0b6a822b1fb59b1ce354e3445829748c1f1583178c06f934b9b23d2 -> 87e3d7174b2c96a34cf06b28d59f3b476e86eab20cfacef948d8c7f8eba4a6bf
18:55:47.308573079 pdns=3084/0/active/running/ named=0/inactive/dead/ agent=0/inactive/ jphase=absent killpid=4037,5878,
18:55:47.679700151 CHANGE ledger 87e3d7174b2c96a34cf06b28d59f3b476e86eab20cfacef948d8c7f8eba4a6bf -> 06c7e4ee8d743fc234a434c4c81b09dd415df14778dcee9fabee717b676f81cc
18:55:47.698989006 pdns=3084/0/active/running/ named=0/inactive/dead/ agent=0/inactive/ jphase=absent killpid=4037,
18:55:48.307653507 CHANGE ledger 06c7e4ee8d743fc234a434c4c81b09dd415df14778dcee9fabee717b676f81cc -> e07879eecc757e632ffdbde9016b895f3d1027989ddf6408e137c4191437afac
18:55:48.331981646 pdns=3084/0/active/running/ named=0/inactive/dead/ agent=0/inactive/ jphase=absent killpid=4037,
18:55:48.706336123 CHANGE ledger e07879eecc757e632ffdbde9016b895f3d1027989ddf6408e137c4191437afac -> ab1836ddef657e80551e35f0d84b529827a362b3c03eb158054541e00f998aa7
18:55:48.726419104 POINTER /var/cache/bind/celikpanel mtime=2026-09-29 18:55:48.602828773 +0000 ino=131692 /var/cache/bind/celikpanel/current absent 
18:55:48.728751275 pdns=3084/0/active/running/ named=0/inactive/dead/ agent=0/inactive/ jphase=absent killpid=4037,
18:55:49.073623366 CHANGE ledger ab1836ddef657e80551e35f0d84b529827a362b3c03eb158054541e00f998aa7 -> daa5ffbd57cc5ccf1e1356e69c9f67bab52aec7c448c914869ce0361bbba2081
18:55:49.094900401 POINTER /var/cache/bind/celikpanel mtime=2026-09-29 18:55:48.978871331 +0000 ino=131692 /var/cache/bind/celikpanel/current absent 
18:55:49.096833888 pdns=3084/0/active/running/ named=0/inactive/dead/ agent=0/inactive/ jphase=absent killpid=4037,
18:55:49.420690659 CHANGE ledger daa5ffbd57cc5ccf1e1356e69c9f67bab52aec7c448c914869ce0361bbba2081 -> 81d4ce9e8ed543f52106594db65c91b581ea947b5467cd51fe2d0c06aab28724
18:55:49.461352436 pdns=3084/0/active/running/ named=0/inactive/dead/ agent=0/inactive/ jphase=absent killpid=4037,
18:55:49.830232724 CHANGE ledger 81d4ce9e8ed543f52106594db65c91b581ea947b5467cd51fe2d0c06aab28724 -> 044b84c58f320265e8da255012fee58d19e9ba41dec3da7948be60951c27fecb
18:55:49.859376082 pdns=3084/0/active/running/ named=0/inactive/dead/ agent=0/inactive/ jphase=absent killpid=4037,6525,
18:55:50.252005083 CHANGE ledger 044b84c58f320265e8da255012fee58d19e9ba41dec3da7948be60951c27fecb -> a436f095caf6c7c951071a9657936e035f124ad20e5fb67eb1b82a2b861fe143
18:55:50.272813768 pdns=3084/0/active/running/ named=0/inactive/dead/ agent=0/inactive/ jphase=absent killpid=4037,
18:55:50.658626432 CHANGE ledger a436f095caf6c7c951071a9657936e035f124ad20e5fb67eb1b82a2b861fe143 -> d9d869a99d88e486a1b1946ff64f291ba5cf646358597ff02d19e8191a2181da
18:55:50.680195226 pdns=3084/0/active/running/ named=0/inactive/dead/ agent=0/inactive/ jphase=absent killpid=4037,
18:55:51.041230500 CHANGE ledger d9d869a99d88e486a1b1946ff64f291ba5cf646358597ff02d19e8191a2181da -> 80e090c2c38d81632be52015b433634e9a0e64b709c08bf20b83c74ca4459626
18:55:51.076129052 pdns=3084/0/active/running/ named=0/inactive/dead/ agent=0/inactive/ jphase=absent killpid=4037,6815,
18:55:51.455900264 CHANGE ledger 80e090c2c38d81632be52015b433634e9a0e64b709c08bf20b83c74ca4459626 -> 6cb01a94b2925e955dea9b28eb3a2ac9d36a1b98a7f857c6ea66ca5d876ddc22
18:55:51.500309077 pdns=3084/0/active/running/ named=0/inactive/dead/ agent=0/inactive/ jphase=absent killpid=4037,
18:55:51.844528767 CHANGE ledger 6cb01a94b2925e955dea9b28eb3a2ac9d36a1b98a7f857c6ea66ca5d876ddc22 -> c52993ef53aef0aba1554fe868b85491e38c9d1b507aacce6d08703c1d8ba3ff
18:55:51.878915280 pdns=3084/0/active/running/ named=0/inactive/dead/ agent=0/inactive/ jphase=absent killpid=4037,7002,
18:55:52.231148259 CHANGE ledger c52993ef53aef0aba1554fe868b85491e38c9d1b507aacce6d08703c1d8ba3ff -> 6a0a15744b761806f48a983532a70ffb8159aa2656b0ab040784291eeb2194e7
18:55:52.261973289 pdns=3084/0/active/running/ named=0/inactive/dead/ agent=0/inactive/ jphase=absent killpid=4037,
18:55:52.606305298 CHANGE ledger 6a0a15744b761806f48a983532a70ffb8159aa2656b0ab040784291eeb2194e7 -> 866c8968583c128b8d8686a19c6b3e6eb9f7e667b54ced4f035b28b8f6db4534
18:55:52.627940799 pdns=3084/0/active/running/ named=0/inactive/dead/ agent=0/inactive/ jphase=intent killpid=4037,
18:55:52.942759271 CHANGE journal absent -> a30083223df1df42ccd2ea7e4dce60c79575b82239b46fe566850d09ab6cffbd
18:55:52.964010016 CHANGE ledger 866c8968583c128b8d8686a19c6b3e6eb9f7e667b54ced4f035b28b8f6db4534 -> ea642d09eaab87783081557a2851b7407e133c43196e6ce2358699b4934d9b00
18:55:52.994599013 POINTER /var/cache/bind/celikpanel mtime=2026-09-29 18:55:52.667266366 +0000 ino=131692 /var/cache/bind/celikpanel/current mtime=2026-09-29 18:55:52.659265542 +0000 ino=131711 -> '/var/cache/bind/celikpanel/current' -> 'generations/7ee0a09613ae1fccbc4825dd2525fd7060e9f1e98bf4c2e898fdc20fa2dabc98' 
18:55:53.001315822 pdns=3084/0/active/running/ named=0/inactive/dead/ agent=0/inactive/ jphase=source-stopped killpid=4037,7320,
18:55:53.564788366 CHANGE journal a30083223df1df42ccd2ea7e4dce60c79575b82239b46fe566850d09ab6cffbd -> 38692bd1eb40d41d56b25037ac27229ed4d9e53cfb1a1cf2b2583b92525f953e
18:55:53.582464491 CHANGE ledger ea642d09eaab87783081557a2851b7407e133c43196e6ce2358699b4934d9b00 -> 1e59d7e3451534d9db36d9d5beac8eca70ecdb39edf44d04fad064b14e75d549
18:55:53.623158510 pdns=0/0/inactive/dead/ named=0/inactive/dead/ agent=0/inactive/ jphase=source-stopped killpid=4037,7442,
18:55:54.186941032 CHANGE ledger 1e59d7e3451534d9db36d9d5beac8eca70ecdb39edf44d04fad064b14e75d549 -> 3d7f7856dccf536bb47c33e7737616b1fc1635c2d9f88bc04c7802ca0008c19f
18:55:54.215720409 pdns=0/0/inactive/dead/ named=0/inactive/dead/ agent=0/inactive/ jphase=source-stopped killpid=4037,7614,
18:55:55.145809327 CHANGE ledger 3d7f7856dccf536bb47c33e7737616b1fc1635c2d9f88bc04c7802ca0008c19f -> 774c58d6f047609469ce76886ae858c51d139b1418c83b1629ba0d8819d05d53
18:55:55.175801078 pdns=0/0/inactive/dead/ named=0/inactive/dead/ agent=0/inactive/ jphase=source-stopped killpid=4037,
18:55:56.742503182 CHANGE ledger 774c58d6f047609469ce76886ae858c51d139b1418c83b1629ba0d8819d05d53 -> 573d747170ee2969027625a18d20f57ad62bb011e34a2679cde5a00727778814
18:55:56.769581202 pdns=0/0/inactive/dead/ named=0/inactive/dead/ agent=0/inactive/ jphase=source-stopped killpid=4037,7781,
18:55:57.159864969 CHANGE ledger 573d747170ee2969027625a18d20f57ad62bb011e34a2679cde5a00727778814 -> 2ff5a2fda3f1ad99e78a370f7b1b13542ade7778f6f9080651575f38a0d9e3fd
18:55:57.179587945 pdns=0/0/inactive/dead/ named=0/inactive/dead/ agent=0/inactive/ jphase=source-stopped killpid=4037,7803,
18:55:57.908888993 CHANGE ledger 2ff5a2fda3f1ad99e78a370f7b1b13542ade7778f6f9080651575f38a0d9e3fd -> 1df39a404d46b0be4c5b7fad009295d8fab66ac5e15ab8d92f56b8495593390b
18:55:57.935965174 pdns=0/0/inactive/dead/ named=0/inactive/dead/ agent=0/inactive/ jphase=source-stopped killpid=4037,8049,
18:55:58.558917527 CHANGE ledger 1df39a404d46b0be4c5b7fad009295d8fab66ac5e15ab8d92f56b8495593390b -> 1a4fbab01e9090dbf5c3dd7ad44e3e5ae55beb45a5347682749229d439ac071e
18:55:58.586202902 pdns=0/0/inactive/dead/ named=0/inactive/dead/ agent=0/inactive/ jphase=source-stopped killpid=4037,8149,
18:55:58.944158674 CHANGE ledger 1a4fbab01e9090dbf5c3dd7ad44e3e5ae55beb45a5347682749229d439ac071e -> a4efd235f88ca1005f22dfef2ccc95b602b89fbfbd5e7077559346f374d0c0d9
18:55:58.968343642 pdns=0/0/inactive/dead/ named=8237/activating/start/ agent=0/inactive/ jphase=source-stopped killpid=4037,
18:55:59.333887121 CHANGE ledger a4efd235f88ca1005f22dfef2ccc95b602b89fbfbd5e7077559346f374d0c0d9 -> 34f02cae005bebe8e819049611fb922cbe9ff2fc2b9c3547b60cbf8817c1e8e5
18:55:59.362223059 pdns=0/0/inactive/dead/ named=8237/active/running/ agent=0/inactive/ jphase=source-stopped killpid=4037,8345,
18:55:59.713389302 CHANGE ledger 34f02cae005bebe8e819049611fb922cbe9ff2fc2b9c3547b60cbf8817c1e8e5 -> 464e79c9ac8e399c48b299718c37ef853d863efdebe4f23e6375c55d80ede59e
18:55:59.747126741 pdns=0/0/inactive/dead/ named=8237/active/running/ agent=0/inactive/ jphase=source-stopped killpid=4037,
18:56:00.147273967 CHANGE ledger 464e79c9ac8e399c48b299718c37ef853d863efdebe4f23e6375c55d80ede59e -> cc8190126d965d2cc4b0016d66e5a2d77fa91edff8f2cb6cecf17b86e7a9c2b0
18:56:00.238719518 pdns=0/0/inactive/dead/ named=8237/active/running/ agent=0/inactive/ jphase=source-stopped killpid=4037,8536,
18:56:00.932870034 CHANGE ledger cc8190126d965d2cc4b0016d66e5a2d77fa91edff8f2cb6cecf17b86e7a9c2b0 -> bcfbf8fe505978d9482ca86caf315c548c92cfd1170fb2f37f6cde3cb677e40c
18:56:01.001543316 pdns=0/0/inactive/dead/ named=8237/active/running/ agent=0/inactive/ jphase=source-stopped killpid=4037,
18:56:01.881184929 CHANGE ledger bcfbf8fe505978d9482ca86caf315c548c92cfd1170fb2f37f6cde3cb677e40c -> dd88ba896c109e2b415dc04ae6bf45ac7824e251185daf1f76e1d9a2990f8eaf
18:56:02.081076857 pdns=0/0/inactive/dead/ named=8237/active/running/ agent=0/inactive/ jphase=source-stopped killpid=4037,
18:56:02.735242427 CHANGE ledger dd88ba896c109e2b415dc04ae6bf45ac7824e251185daf1f76e1d9a2990f8eaf -> 518c45af29c5105b71edd35874025b1926c8798a94fc621cca2418020c5d164f
18:56:02.758857289 pdns=0/0/inactive/dead/ named=8237/active/running/ agent=8772/active/ jphase=source-stopped killpid=
18:56:03.207677632 CHANGE journal 38692bd1eb40d41d56b25037ac27229ed4d9e53cfb1a1cf2b2583b92525f953e -> 7f59c0f5738fed80b40d4511a8a922ff310532f2c833e23726dd355c591db85b
18:56:03.223528398 CHANGE ledger 518c45af29c5105b71edd35874025b1926c8798a94fc621cca2418020c5d164f -> 0bc8382b928316d779eae6598f8613f0c4c04e3a3e114714f59742e93a090176
18:56:03.250149776 pdns=0/0/inactive/dead/ named=8237/active/running/ agent=8772/active/ jphase=rolling-back killpid=
18:56:03.594235628 pdns=0/0/inactive/dead/ named=8237/active/running/ agent=8772/active/ jphase=rolling-back killpid=
18:56:03.914839302 pdns=0/0/inactive/dead/ named=8237/active/running/ agent=8772/active/ jphase=rolling-back killpid=
18:56:04.231187301 pdns=0/0/inactive/dead/ named=8237/active/running/ agent=8772/active/ jphase=rolling-back killpid=
18:56:04.587285532 pdns=0/0/inactive/dead/ named=8237/active/running/ agent=8772/active/ jphase=rolling-back killpid=
18:56:04.928058389 pdns=0/0/inactive/dead/ named=8237/active/running/ agent=8772/active/ jphase=rolling-back killpid=
18:56:05.300350287 pdns=0/0/inactive/dead/ named=8237/active/running/ agent=8772/active/ jphase=rolling-back killpid=
18:56:05.697492659 pdns=0/0/inactive/dead/ named=0/inactive/dead/ agent=8772/active/ jphase=rolling-back killpid=
18:56:06.720429564 pdns=0/0/inactive/dead/ named=0/inactive/dead/ agent=8772/active/ jphase=rolling-back killpid=
18:56:07.262338513 pdns=0/0/inactive/dead/ named=0/inactive/dead/ agent=8772/active/ jphase=rolling-back killpid=
18:56:08.188948477 pdns=0/0/inactive/dead/ named=0/inactive/dead/ agent=8772/active/ jphase=rolling-back killpid=
18:56:08.989870751 pdns=0/0/inactive/dead/ named=0/inactive/dead/ agent=8772/active/ jphase=rolling-back killpid=
18:56:09.638399604 pdns=0/0/inactive/dead/ named=0/inactive/dead/ agent=8772/active/ jphase=rolling-back killpid=
18:56:09.986763919 pdns=0/0/inactive/dead/ named=0/inactive/dead/ agent=8772/active/ jphase=rolling-back killpid=
18:56:10.427006529 POINTER /var/cache/bind/celikpanel mtime=2026-09-29 18:56:10.108753397 +0000 ino=131692 /var/cache/bind/celikpanel/current absent 
18:56:10.437530808 pdns=0/0/inactive/dead/ named=0/inactive/dead/ agent=8772/active/ jphase=rolling-back killpid=
18:56:13.178291312 pdns=0/0/inactive/dead/ named=0/inactive/dead/ agent=8772/active/ jphase=rolling-back killpid=
18:56:13.906197524 CHANGE pdnsdb 9a80d0bb92958cdddc2afa1830ff8a19f942bf261f0a7a9939eb23ce70f9d486 -> 1ac4af50819cfd1efdb3d1491f55a35ff5cb4569bc7c9e5f59a3d5b469c42ce1
18:56:13.915370381 POINTER /var/cache/bind/celikpanel mtime=2026-09-29 18:56:13.853009296 +0000 ino=131692 /var/cache/bind/celikpanel/current absent 
18:56:13.916868902 pdns=10135/0/active/running/ named=0/inactive/dead/ agent=8772/active/ jphase=rolling-back killpid=
18:56:14.259282969 pdns=10135/0/active/running/ named=0/inactive/dead/ agent=8772/active/ jphase=rolling-back killpid=
18:56:14.607175345 pdns=10135/0/active/running/ named=0/inactive/dead/ agent=8772/active/ jphase=rolling-back killpid=
18:56:14.929833452 pdns=10135/0/active/running/ named=0/inactive/dead/ agent=8772/active/ jphase=rolling-back killpid=
18:56:15.294678081 pdns=10135/0/active/running/ named=0/inactive/dead/ agent=8772/active/ jphase=rolling-back killpid=
18:56:15.640793989 pdns=10135/0/active/running/ named=0/inactive/dead/ agent=8772/active/ jphase=rolling-back killpid=
18:56:15.964137621 pdns=10135/0/active/running/ named=0/inactive/dead/ agent=8772/active/ jphase=rolling-back killpid=
18:56:16.290316994 pdns=10135/0/active/running/ named=0/inactive/dead/ agent=8772/active/ jphase=rolling-back killpid=
18:56:16.631141691 pdns=10135/0/active/running/ named=0/inactive/dead/ agent=8772/active/ jphase=rolling-back killpid=
18:56:16.996201674 pdns=10135/0/active/running/ named=0/inactive/dead/ agent=8772/active/ jphase=rolling-back killpid=
18:56:17.388064474 pdns=10135/0/active/running/ named=0/inactive/dead/ agent=8772/active/ jphase=rolling-back killpid=
18:56:17.786454450 pdns=10135/0/active/running/ named=0/inactive/dead/ agent=8772/active/ jphase=rolling-back killpid=
18:56:18.130508236 pdns=10135/0/active/running/ named=0/inactive/dead/ agent=8772/active/ jphase=rolling-back killpid=
18:56:18.452304298 CHANGE journal 7f59c0f5738fed80b40d4511a8a922ff310532f2c833e23726dd355c591db85b -> 7cd26fbd375207c4e06f3487ff121699910b831ef8de03326367ad0819cf73b5
18:56:18.489038485 pdns=10135/0/active/running/ named=0/inactive/dead/ agent=8772/active/ jphase=rolled-back killpid=
18:56:18.793050931 pdns=10135/0/active/running/ named=0/inactive/dead/ agent=8772/active/ jphase=rolled-back killpid=
18:56:19.119479808 pdns=10135/0/active/running/ named=0/inactive/dead/ agent=8772/active/ jphase=rolled-back killpid=
18:56:19.430351056 pdns=10135/0/active/running/ named=0/inactive/dead/ agent=8772/active/ jphase=rolled-back killpid=
18:56:19.749430559 pdns=10135/0/active/running/ named=0/inactive/dead/ agent=8772/active/ jphase=rolled-back killpid=
18:56:20.068545316 pdns=10135/0/active/running/ named=0/inactive/dead/ agent=8772/active/ jphase=rolled-back killpid=
18:56:20.365059180 CHANGE journal 7cd26fbd375207c4e06f3487ff121699910b831ef8de03326367ad0819cf73b5 -> absent
18:56:20.383122755 pdns=10135/0/active/running/ named=0/inactive/dead/ agent=8772/active/ jphase=absent killpid=
18:56:20.683143455 pdns=10135/0/active/running/ named=0/inactive/dead/ agent=8772/active/ jphase=absent killpid=
18:56:21.000992357 pdns=10135/0/active/running/ named=0/inactive/dead/ agent=8772/active/ jphase=absent killpid=
18:56:21.357628776 pdns=10135/0/active/running/ named=0/inactive/dead/ agent=8772/active/ jphase=absent killpid=
18:56:21.767962702 pdns=10135/0/active/running/ named=0/inactive/dead/ agent=8772/active/ jphase=absent killpid=
18:56:22.080698880 pdns=10135/0/active/running/ named=0/inactive/dead/ agent=8772/active/ jphase=absent killpid=
18:56:22.398148492 pdns=10135/0/active/running/ named=0/inactive/dead/ agent=8772/active/ jphase=absent killpid=
18:56:22.680252377 pdns=10135/0/active/running/ named=0/inactive/dead/ agent=8772/active/ jphase=absent killpid=
18:56:22.968406579 pdns=10135/0/active/running/ named=0/inactive/dead/ agent=8772/active/ jphase=absent killpid=
18:56:23.279964828 pdns=10135/0/active/running/ named=0/inactive/dead/ agent=8772/active/ jphase=absent killpid=
18:56:23.572032855 pdns=10135/0/active/running/ named=0/inactive/dead/ agent=8772/active/ jphase=absent killpid=
18:56:23.860566705 pdns=10135/0/active/running/ named=0/inactive/dead/ agent=8772/active/ jphase=absent killpid=
18:56:24.151579538 pdns=10135/0/active/running/ named=0/inactive/dead/ agent=8772/active/ jphase=absent killpid=
18:56:24.431673934 pdns=10135/0/active/running/ named=0/inactive/dead/ agent=8772/active/ jphase=absent killpid=
18:56:24.722274346 pdns=10135/0/active/running/ named=0/inactive/dead/ agent=8772/active/ jphase=absent killpid=
18:56:25.017112769 pdns=10135/0/active/running/ named=0/inactive/dead/ agent=8772/active/ jphase=absent killpid=
18:56:25.319447873 pdns=10135/0/active/running/ named=0/inactive/dead/ agent=8772/active/ jphase=absent killpid=
18:56:25.602809375 pdns=10135/0/active/running/ named=0/inactive/dead/ agent=8772/active/ jphase=absent killpid=
18:56:25.889010093 pdns=10135/0/active/running/ named=0/inactive/dead/ agent=8772/active/ jphase=absent killpid=
18:56:26.170690673 pdns=10135/0/active/running/ named=0/inactive/dead/ agent=8772/active/ jphase=absent killpid=
18:56:26.460994251 pdns=10135/0/active/running/ named=0/inactive/dead/ agent=8772/active/ jphase=absent killpid=
18:56:26.814100060 pdns=10135/0/active/running/ named=0/inactive/dead/ agent=8772/active/ jphase=absent killpid=
18:56:27.170133556 pdns=10135/0/active/running/ named=0/inactive/dead/ agent=8772/active/ jphase=absent killpid=
18:56:27.481241996 pdns=10135/0/active/running/ named=0/inactive/dead/ agent=8772/active/ jphase=absent killpid=
18:56:27.767175090 pdns=10135/0/active/running/ named=0/inactive/dead/ agent=8772/active/ jphase=absent killpid=
18:56:28.049666015 pdns=10135/0/active/running/ named=0/inactive/dead/ agent=8772/active/ jphase=absent killpid=
18:56:28.348706320 pdns=10135/0/active/running/ named=0/inactive/dead/ agent=8772/active/ jphase=absent killpid=
18:56:28.646731451 pdns=10135/0/active/running/ named=0/inactive/dead/ agent=8772/active/ jphase=absent killpid=
18:56:28.929904587 pdns=10135/0/active/running/ named=0/inactive/dead/ agent=8772/active/ jphase=absent killpid=
18:56:29.220067269 pdns=10135/0/active/running/ named=0/inactive/dead/ agent=8772/active/ jphase=absent killpid=
18:56:29.529916781 pdns=10135/0/active/running/ named=0/inactive/dead/ agent=8772/active/ jphase=absent killpid=
18:56:29.864357354 pdns=10135/0/active/running/ named=0/inactive/dead/ agent=8772/active/ jphase=absent killpid=
18:56:30.161598100 pdns=10135/0/active/running/ named=0/inactive/dead/ agent=8772/active/ jphase=absent killpid=
18:56:30.465661864 pdns=10135/0/active/running/ named=0/inactive/dead/ agent=8772/active/ jphase=absent killpid=
18:56:30.752576151 pdns=10135/0/active/running/ named=0/inactive/dead/ agent=8772/active/ jphase=absent killpid=
18:56:31.080920378 pdns=10135/0/active/running/ named=0/inactive/dead/ agent=8772/active/ jphase=absent killpid=
18:56:31.443626708 pdns=10135/0/active/running/ named=0/inactive/dead/ agent=8772/active/ jphase=absent killpid=
18:56:31.750917928 pdns=10135/0/active/running/ named=0/inactive/dead/ agent=8772/active/ jphase=absent killpid=
18:56:32.032146774 pdns=10135/0/active/running/ named=0/inactive/dead/ agent=8772/active/ jphase=absent killpid=
18:56:32.328007111 pdns=10135/0/active/running/ named=0/inactive/dead/ agent=8772/active/ jphase=absent killpid=
18:56:32.638872139 pdns=10135/0/active/running/ named=0/inactive/dead/ agent=8772/active/ jphase=absent killpid=
18:56:32.936701015 pdns=10135/0/active/running/ named=0/inactive/dead/ agent=8772/active/ jphase=absent killpid=
18:56:33.249335065 pdns=10135/0/active/running/ named=0/inactive/dead/ agent=8772/active/ jphase=absent killpid=
18:56:33.535064724 pdns=10135/0/active/running/ named=0/inactive/dead/ agent=8772/active/ jphase=absent killpid=
18:56:33.819822100 pdns=10135/0/active/running/ named=0/inactive/dead/ agent=8772/active/ jphase=absent killpid=
18:56:34.112109537 pdns=10135/0/active/running/ named=0/inactive/dead/ agent=8772/active/ jphase=absent killpid=
18:56:34.411202345 pdns=10135/0/active/running/ named=0/inactive/dead/ agent=8772/active/ jphase=absent killpid=
18:56:34.695757665 pdns=10135/0/active/running/ named=0/inactive/dead/ agent=8772/active/ jphase=absent killpid=
18:56:34.982512572 pdns=10135/0/active/running/ named=0/inactive/dead/ agent=8772/active/ jphase=absent killpid=
18:56:35.276483044 pdns=10135/0/active/running/ named=0/inactive/dead/ agent=8772/active/ jphase=absent killpid=
18:56:35.569076650 pdns=10135/0/active/running/ named=0/inactive/dead/ agent=8772/active/ jphase=absent killpid=
18:56:35.856245882 pdns=10135/0/active/running/ named=0/inactive/dead/ agent=8772/active/ jphase=absent killpid=
18:56:36.146894606 pdns=10135/0/active/running/ named=0/inactive/dead/ agent=8772/active/ jphase=absent killpid=
18:56:36.432283573 pdns=10135/0/active/running/ named=0/inactive/dead/ agent=8772/active/ jphase=absent killpid=
18:56:36.723754019 pdns=10135/0/active/running/ named=0/inactive/dead/ agent=8772/active/ jphase=absent killpid=
18:56:37.013274900 pdns=10135/0/active/running/ named=0/inactive/dead/ agent=8772/active/ jphase=absent killpid=
18:56:37.330274484 pdns=10135/0/active/running/ named=0/inactive/dead/ agent=8772/active/ jphase=absent killpid=
18:56:37.637026332 pdns=10135/0/active/running/ named=0/inactive/dead/ agent=8772/active/ jphase=absent killpid=
18:56:37.932566522 pdns=10135/0/active/running/ named=0/inactive/dead/ agent=8772/active/ jphase=absent killpid=
18:56:38.245636747 pdns=10135/0/active/running/ named=0/inactive/dead/ agent=8772/active/ jphase=absent killpid=
18:56:38.523431891 pdns=10135/0/active/running/ named=0/inactive/dead/ agent=8772/active/ jphase=absent killpid=
18:56:38.822866128 pdns=10135/0/active/running/ named=0/inactive/dead/ agent=8772/active/ jphase=absent killpid=
18:56:39.113020417 pdns=10135/0/active/running/ named=0/inactive/dead/ agent=8772/active/ jphase=absent killpid=
18:56:39.408557387 pdns=10135/0/active/running/ named=0/inactive/dead/ agent=8772/active/ jphase=absent killpid=
18:56:39.701435820 pdns=10135/0/active/running/ named=0/inactive/dead/ agent=8772/active/ jphase=absent killpid=
18:56:40.034816350 pdns=10135/0/active/running/ named=0/inactive/dead/ agent=8772/active/ jphase=absent killpid=
18:56:40.320007861 pdns=10135/0/active/running/ named=0/inactive/dead/ agent=8772/active/ jphase=absent killpid=
18:56:40.600116298 pdns=10135/0/active/running/ named=0/inactive/dead/ agent=8772/active/ jphase=absent killpid=
18:56:40.893484478 pdns=10135/0/active/running/ named=0/inactive/dead/ agent=8772/active/ jphase=absent killpid=
18:56:41.184527466 pdns=10135/0/active/running/ named=0/inactive/dead/ agent=8772/active/ jphase=absent killpid=
18:56:41.490649827 pdns=10135/0/active/running/ named=0/inactive/dead/ agent=8772/active/ jphase=absent killpid=
18:56:41.804269011 pdns=10135/0/active/running/ named=0/inactive/dead/ agent=8772/active/ jphase=absent killpid=
18:56:42.082327500 pdns=10135/0/active/running/ named=0/inactive/dead/ agent=8772/active/ jphase=absent killpid=
18:56:42.366956703 pdns=10135/0/active/running/ named=0/inactive/dead/ agent=8772/active/ jphase=absent killpid=
18:56:42.669866117 pdns=10135/0/active/running/ named=0/inactive/dead/ agent=8772/active/ jphase=absent killpid=
18:56:42.964621953 pdns=10135/0/active/running/ named=0/inactive/dead/ agent=8772/active/ jphase=absent killpid=
18:56:43.260678734 pdns=10135/0/active/running/ named=0/inactive/dead/ agent=8772/active/ jphase=absent killpid=
18:56:43.562585741 pdns=10135/0/active/running/ named=0/inactive/dead/ agent=8772/active/ jphase=absent killpid=
18:56:43.896695926 pdns=10135/0/active/running/ named=0/inactive/dead/ agent=8772/active/ jphase=absent killpid=
18:56:44.188081721 pdns=10135/0/active/running/ named=0/inactive/dead/ agent=8772/active/ jphase=absent killpid=
18:56:44.614753980 pdns=10135/0/active/running/ named=0/inactive/dead/ agent=8772/active/ jphase=absent killpid=
18:56:45.758263239 pdns=10135/0/active/running/ named=0/inactive/dead/ agent=8772/active/ jphase=absent killpid=
18:56:46.122583146 pdns=10135/0/active/running/ named=0/inactive/dead/ agent=8772/active/ jphase=absent killpid=
18:56:46.426768056 pdns=10135/0/active/running/ named=0/inactive/dead/ agent=8772/active/ jphase=absent killpid=
18:56:46.741972370 pdns=10135/0/active/running/ named=0/inactive/dead/ agent=8772/active/ jphase=absent killpid=
18:56:47.029173953 pdns=10135/0/active/running/ named=0/inactive/dead/ agent=8772/active/ jphase=absent killpid=
18:56:47.313480508 pdns=10135/0/active/running/ named=0/inactive/dead/ agent=8772/active/ jphase=absent killpid=
18:56:47.592891693 pdns=10135/0/active/running/ named=0/inactive/dead/ agent=8772/active/ jphase=absent killpid=
18:56:47.879691240 pdns=10135/0/active/running/ named=0/inactive/dead/ agent=8772/active/ jphase=absent killpid=
18:56:48.161825849 pdns=10135/0/active/running/ named=0/inactive/dead/ agent=8772/active/ jphase=absent killpid=
18:56:48.446677779 pdns=10135/0/active/running/ named=0/inactive/dead/ agent=8772/active/ jphase=absent killpid=
18:56:48.750132235 pdns=10135/0/active/running/ named=0/inactive/dead/ agent=8772/active/ jphase=absent killpid=
18:56:49.084565090 pdns=10135/0/active/running/ named=0/inactive/dead/ agent=8772/active/ jphase=absent killpid=
18:56:49.388826436 pdns=10135/0/active/running/ named=0/inactive/dead/ agent=8772/active/ jphase=absent killpid=
18:56:49.744318445 pdns=10135/0/active/running/ named=0/inactive/dead/ agent=8772/active/ jphase=absent killpid=
18:56:50.059205833 pdns=10135/0/active/running/ named=0/inactive/dead/ agent=8772/active/ jphase=absent killpid=
18:56:50.350227346 pdns=10135/0/active/running/ named=0/inactive/dead/ agent=8772/active/ jphase=absent killpid=
18:56:50.630451652 pdns=10135/0/active/running/ named=0/inactive/dead/ agent=8772/active/ jphase=absent killpid=
18:56:50.912629246 pdns=10135/0/active/running/ named=0/inactive/dead/ agent=8772/active/ jphase=absent killpid=
18:56:51.209615875 pdns=10135/0/active/running/ named=0/inactive/dead/ agent=8772/active/ jphase=absent killpid=
18:56:51.527513347 pdns=10135/0/active/running/ named=0/inactive/dead/ agent=8772/active/ jphase=absent killpid=
18:56:51.868439877 pdns=10135/0/active/running/ named=0/inactive/dead/ agent=8772/active/ jphase=absent killpid=
done
