14:48:01.241686412 CHANGE journal none -> absent
14:48:01.250207645 CHANGE ledger none -> 18059f8f414001c77559cec60df485ab8f061a192ad037fc57177568de42fd17
14:48:01.256979633 CHANGE state none -> 4d4ac996a5a3609282fc460d0feb476a07255675ebb1124a5a100ab6816c3e41
14:48:01.261352462 POINTER /var/named/celikpanel mtime=2026-09-29 14:46:33.113691515 +0000 ino=78974 /var/named/celikpanel/current mtime=2026-09-29 14:46:33.109670417 +0000 ino=79008 -> /var/named/celikpanel/current -> generations/80caf1bc94ab1e58f034c4d03f32b80f588d9c264e4706acf32e5ed5316e4baa 
14:48:01.262750236 pdns=inactive/dead/0/0/ named=active/running/369/ agent=active/367/ jphase=absent killpid=
14:48:01.621204036 pdns=inactive/dead/0/0/ named=active/running/369/ agent=active/367/ jphase=absent killpid=
14:48:01.898856499 pdns=inactive/dead/0/0/ named=active/running/369/ agent=active/367/ jphase=absent killpid=
14:48:02.186144923 pdns=inactive/dead/0/0/ named=active/running/369/ agent=active/367/ jphase=absent killpid=
14:48:02.484488441 pdns=inactive/dead/0/0/ named=active/running/369/ agent=active/367/ jphase=absent killpid=
14:48:02.763161718 pdns=inactive/dead/0/0/ named=active/running/369/ agent=active/367/ jphase=absent killpid=
14:48:03.040703288 pdns=inactive/dead/0/0/ named=active/running/369/ agent=active/367/ jphase=absent killpid=
14:48:03.317657034 pdns=inactive/dead/0/0/ named=active/running/369/ agent=active/367/ jphase=absent killpid=
14:48:03.600894004 pdns=inactive/dead/0/0/ named=active/running/369/ agent=active/367/ jphase=absent killpid=
14:48:03.897050021 pdns=inactive/dead/0/0/ named=active/running/369/ agent=active/367/ jphase=absent killpid=
14:48:04.190932942 pdns=inactive/dead/0/0/ named=active/running/369/ agent=active/367/ jphase=absent killpid=
14:48:04.498832812 pdns=inactive/dead/0/0/ named=active/running/369/ agent=active/367/ jphase=absent killpid=
14:48:04.783166233 pdns=inactive/dead/0/0/ named=active/running/369/ agent=active/367/ jphase=absent killpid=
14:48:05.064351742 pdns=inactive/dead/0/0/ named=active/running/369/ agent=active/367/ jphase=absent killpid=
14:48:05.361044190 pdns=inactive/dead/0/0/ named=active/running/369/ agent=active/367/ jphase=absent killpid=
14:48:05.658626694 pdns=inactive/dead/0/0/ named=active/running/369/ agent=active/367/ jphase=absent killpid=
14:48:05.982907860 pdns=inactive/dead/0/0/ named=active/running/369/ agent=active/367/ jphase=absent killpid=
14:48:06.285006548 pdns=inactive/dead/0/0/ named=active/running/369/ agent=active/367/ jphase=absent killpid=
14:48:06.574694404 pdns=inactive/dead/0/0/ named=active/running/369/ agent=active/367/ jphase=absent killpid=
14:48:06.856575588 pdns=inactive/dead/0/0/ named=active/running/369/ agent=active/367/ jphase=absent killpid=
14:48:07.141211185 pdns=inactive/dead/0/0/ named=active/running/369/ agent=active/367/ jphase=absent killpid=
14:48:07.423227854 pdns=inactive/dead/0/0/ named=active/running/369/ agent=active/367/ jphase=absent killpid=
14:48:07.759924008 pdns=inactive/dead/0/0/ named=active/running/369/ agent=active/367/ jphase=absent killpid=
14:48:08.051372183 pdns=inactive/dead/0/0/ named=active/running/369/ agent=active/367/ jphase=absent killpid=
14:48:08.329810286 pdns=inactive/dead/0/0/ named=active/running/369/ agent=active/367/ jphase=absent killpid=
14:48:08.611880903 pdns=inactive/dead/0/0/ named=active/running/369/ agent=active/367/ jphase=absent killpid=
14:48:08.897161080 pdns=inactive/dead/0/0/ named=active/running/369/ agent=active/367/ jphase=absent killpid=
14:48:09.240244958 pdns=inactive/dead/0/0/ named=active/running/369/ agent=active/367/ jphase=absent killpid=
14:48:09.519726127 pdns=inactive/dead/0/0/ named=active/running/369/ agent=active/367/ jphase=absent killpid=
14:48:09.798199723 pdns=inactive/dead/0/0/ named=active/running/369/ agent=active/367/ jphase=absent killpid=
14:48:10.078129540 pdns=inactive/dead/0/0/ named=active/running/369/ agent=active/367/ jphase=absent killpid=
14:48:10.369216868 pdns=inactive/dead/0/0/ named=active/running/369/ agent=active/367/ jphase=absent killpid=
14:48:10.710106709 pdns=inactive/dead/0/0/ named=active/running/369/ agent=active/367/ jphase=absent killpid=
14:48:11.000009933 pdns=inactive/dead/0/0/ named=active/running/369/ agent=active/367/ jphase=absent killpid=
14:48:11.356753954 pdns=inactive/dead/0/0/ named=active/running/369/ agent=active/367/ jphase=absent killpid=
14:48:12.382257262 pdns=inactive/dead/0/0/ named=active/running/369/ agent=active/367/ jphase=absent killpid=
14:48:12.984201446 pdns=inactive/dead/0/0/ named=active/running/369/ agent=active/367/ jphase=absent killpid=
14:48:13.270100093 pdns=inactive/dead/0/0/ named=active/running/369/ agent=active/367/ jphase=absent killpid=
14:48:13.569605477 pdns=inactive/dead/0/0/ named=active/running/369/ agent=active/367/ jphase=absent killpid=
14:48:13.865082843 pdns=inactive/dead/0/0/ named=active/running/369/ agent=active/367/ jphase=absent killpid=
14:48:14.150131629 pdns=inactive/dead/0/0/ named=active/running/369/ agent=active/367/ jphase=absent killpid=
14:48:14.427495497 pdns=inactive/dead/0/0/ named=active/running/369/ agent=active/367/ jphase=absent killpid=
14:48:14.716594383 pdns=inactive/dead/0/0/ named=active/running/369/ agent=active/367/ jphase=absent killpid=
14:48:14.999347798 pdns=inactive/dead/0/0/ named=active/running/369/ agent=active/367/ jphase=absent killpid=
14:48:15.277005973 pdns=inactive/dead/0/0/ named=active/running/369/ agent=active/367/ jphase=absent killpid=
14:48:15.561855026 pdns=inactive/dead/0/0/ named=active/running/369/ agent=active/367/ jphase=absent killpid=
14:48:15.845572435 pdns=inactive/dead/0/0/ named=active/running/369/ agent=active/367/ jphase=absent killpid=
14:48:16.120959705 pdns=inactive/dead/0/0/ named=active/running/369/ agent=active/367/ jphase=absent killpid=
14:48:16.398877548 pdns=inactive/dead/0/0/ named=active/running/369/ agent=active/367/ jphase=absent killpid=
14:48:16.686498114 pdns=inactive/dead/0/0/ named=active/running/369/ agent=active/367/ jphase=absent killpid=
14:48:16.982265005 pdns=inactive/dead/0/0/ named=active/running/369/ agent=active/367/ jphase=absent killpid=
14:48:17.258957795 pdns=inactive/dead/0/0/ named=active/running/369/ agent=active/367/ jphase=absent killpid=
14:48:17.542110501 pdns=inactive/dead/0/0/ named=active/running/369/ agent=active/367/ jphase=absent killpid=
14:48:17.825446612 pdns=inactive/dead/0/0/ named=active/running/369/ agent=active/367/ jphase=absent killpid=
14:48:18.103273414 pdns=inactive/dead/0/0/ named=active/running/369/ agent=active/367/ jphase=absent killpid=
14:48:18.384456758 pdns=inactive/dead/0/0/ named=active/running/369/ agent=active/367/ jphase=absent killpid=
14:48:18.665264826 pdns=inactive/dead/0/0/ named=active/running/369/ agent=active/367/ jphase=absent killpid=
14:48:18.940636060 pdns=inactive/dead/0/0/ named=active/running/369/ agent=active/367/ jphase=absent killpid=
14:48:19.216102760 pdns=inactive/dead/0/0/ named=active/running/369/ agent=active/367/ jphase=absent killpid=
14:48:19.496810907 pdns=inactive/dead/0/0/ named=active/running/369/ agent=active/367/ jphase=absent killpid=
14:48:19.775875650 pdns=inactive/dead/0/0/ named=active/running/369/ agent=active/367/ jphase=absent killpid=
14:48:20.051209734 pdns=inactive/dead/0/0/ named=active/running/369/ agent=active/367/ jphase=absent killpid=
14:48:20.327967703 pdns=inactive/dead/0/0/ named=active/running/369/ agent=active/367/ jphase=absent killpid=
14:48:20.608639683 pdns=inactive/dead/0/0/ named=active/running/369/ agent=active/367/ jphase=absent killpid=
14:48:20.891541798 pdns=inactive/dead/0/0/ named=active/running/369/ agent=active/367/ jphase=absent killpid=
14:48:21.165708872 pdns=inactive/dead/0/0/ named=active/running/369/ agent=active/367/ jphase=absent killpid=
14:48:21.446218737 pdns=inactive/dead/0/0/ named=active/running/369/ agent=active/367/ jphase=absent killpid=
14:48:21.761912680 pdns=inactive/dead/0/0/ named=active/running/369/ agent=active/367/ jphase=absent killpid=
14:48:22.037396396 pdns=inactive/dead/0/0/ named=active/running/369/ agent=active/367/ jphase=absent killpid=
14:48:22.318020957 pdns=inactive/dead/0/0/ named=active/running/369/ agent=active/367/ jphase=absent killpid=
14:48:22.597698118 pdns=inactive/dead/0/0/ named=active/running/369/ agent=active/367/ jphase=absent killpid=
14:48:22.877595214 pdns=inactive/dead/0/0/ named=active/running/369/ agent=active/367/ jphase=absent killpid=
14:48:23.159176035 pdns=inactive/dead/0/0/ named=active/running/369/ agent=active/367/ jphase=absent killpid=
14:48:23.438011158 pdns=inactive/dead/0/0/ named=active/running/369/ agent=active/367/ jphase=absent killpid=
14:48:23.715523996 pdns=inactive/dead/0/0/ named=active/running/369/ agent=active/367/ jphase=absent killpid=
14:48:24.004384831 pdns=inactive/dead/0/0/ named=active/running/369/ agent=active/367/ jphase=absent killpid=
14:48:24.291551701 pdns=inactive/dead/0/0/ named=active/running/369/ agent=active/367/ jphase=absent killpid=
14:48:24.576699212 pdns=inactive/dead/0/0/ named=active/running/369/ agent=active/367/ jphase=absent killpid=
14:48:24.915717536 pdns=inactive/dead/0/0/ named=active/running/369/ agent=active/367/ jphase=absent killpid=
14:48:25.200056262 pdns=inactive/dead/0/0/ named=active/running/369/ agent=active/367/ jphase=absent killpid=
14:48:25.483715650 pdns=inactive/dead/0/0/ named=active/running/369/ agent=active/367/ jphase=absent killpid=
14:48:25.763303935 pdns=inactive/dead/0/0/ named=active/running/369/ agent=active/367/ jphase=absent killpid=
14:48:26.072739638 pdns=inactive/dead/0/0/ named=active/running/369/ agent=active/367/ jphase=absent killpid=
14:48:26.369034947 pdns=inactive/dead/0/0/ named=active/running/369/ agent=active/367/ jphase=absent killpid=
14:48:26.672367445 pdns=inactive/dead/0/0/ named=active/running/369/ agent=active/367/ jphase=absent killpid=
14:48:26.958594740 pdns=inactive/dead/0/0/ named=active/running/369/ agent=active/367/ jphase=absent killpid=
14:48:27.239808234 pdns=inactive/dead/0/0/ named=active/running/369/ agent=active/367/ jphase=absent killpid=
14:48:27.532157749 pdns=inactive/dead/0/0/ named=active/running/369/ agent=active/367/ jphase=absent killpid=
14:48:27.812477279 pdns=inactive/dead/0/0/ named=active/running/369/ agent=active/367/ jphase=absent killpid=
14:48:28.088297432 pdns=inactive/dead/0/0/ named=active/running/369/ agent=active/367/ jphase=absent killpid=
14:48:28.370585921 pdns=inactive/dead/0/0/ named=active/running/369/ agent=active/367/ jphase=absent killpid=
14:48:28.661187365 pdns=inactive/dead/0/0/ named=active/running/369/ agent=active/367/ jphase=absent killpid=
14:48:28.937701749 pdns=inactive/dead/0/0/ named=active/running/369/ agent=active/367/ jphase=absent killpid=
14:48:29.219051455 pdns=inactive/dead/0/0/ named=active/running/369/ agent=active/367/ jphase=absent killpid=
14:48:29.498560845 pdns=inactive/dead/0/0/ named=active/running/369/ agent=active/367/ jphase=absent killpid=
14:48:29.782997127 pdns=inactive/dead/0/0/ named=active/running/369/ agent=active/367/ jphase=absent killpid=
done
