15:12:40.569810295 CHANGE journal none -> absent
15:12:40.580821438 CHANGE ledger none -> 177f61d12ed0bb85e6ea535b807b376e26bbe0871405a13867c0b3cb6ea4b211
15:12:40.584369007 CHANGE state none -> absent
15:12:40.587868037 POINTER 
15:12:40.589180128 pdns=0/0/inactive/dead/ named=2042/active/running/ agent=0/inactive/ jphase=absent killpid=
15:12:40.862364419 pdns=0/0/inactive/dead/ named=2042/active/running/ agent=0/inactive/ jphase=absent killpid=
15:12:41.145767393 pdns=0/0/inactive/dead/ named=2042/active/running/ agent=0/inactive/ jphase=absent killpid=
15:12:41.430185283 pdns=0/0/inactive/dead/ named=2042/active/running/ agent=0/inactive/ jphase=absent killpid=
15:12:41.713123514 CHANGE ledger 177f61d12ed0bb85e6ea535b807b376e26bbe0871405a13867c0b3cb6ea4b211 -> 559d301a3e6e7a27ec7decd9127dfd57517e8db171aebc6fde9f35fdbf14952a
15:12:41.716401323 pdns=0/0/inactive/dead/ named=2042/active/running/ agent=0/inactive/ jphase=absent killpid=2408,
15:12:42.007586888 CHANGE ledger 559d301a3e6e7a27ec7decd9127dfd57517e8db171aebc6fde9f35fdbf14952a -> 23c0a6913249240c8e76d73159b6f77143e44b1f4af4b3f0ae8543c5dd244b26
15:12:42.012044170 pdns=0/0/inactive/dead/ named=2042/active/running/ agent=0/inactive/ jphase=absent killpid=2408,
15:12:42.323293795 CHANGE ledger 23c0a6913249240c8e76d73159b6f77143e44b1f4af4b3f0ae8543c5dd244b26 -> fb0d0e3e6261def2639bd9a0f44dca2942da875d50aa6bdb33c6e9fcb604b00b
15:12:42.334938212 pdns=0/0/inactive/dead/ named=2042/active/running/ agent=0/inactive/ jphase=absent killpid=2408,2632,
15:12:42.661722153 CHANGE ledger fb0d0e3e6261def2639bd9a0f44dca2942da875d50aa6bdb33c6e9fcb604b00b -> b33faac94c9c8d77953a449f6c7738dec03f052b224731005a8aa34ff2556af4
15:12:42.666266239 pdns=0/0/inactive/dead/ named=2042/active/running/ agent=0/inactive/ jphase=absent killpid=2408,
15:12:42.961279178 CHANGE ledger b33faac94c9c8d77953a449f6c7738dec03f052b224731005a8aa34ff2556af4 -> f22aee909597888f334bcf56387c7700179937630e3a2fd81cef0af75fa24f0e
15:12:42.967039789 pdns=0/0/inactive/dead/ named=2042/active/running/ agent=0/inactive/ jphase=absent killpid=2408,
15:12:43.262608144 CHANGE ledger f22aee909597888f334bcf56387c7700179937630e3a2fd81cef0af75fa24f0e -> 8e9f70fd22f3eb0604271ba0a92001bacff6506042d31ff207a14044a3caaa57
15:12:43.266882867 pdns=0/0/inactive/dead/ named=2042/active/running/ agent=0/inactive/ jphase=absent killpid=2408,2929,
15:12:43.569554623 CHANGE ledger 8e9f70fd22f3eb0604271ba0a92001bacff6506042d31ff207a14044a3caaa57 -> 4842cc5b836b0eabe020ca6372f29a090422de51ed7024871b4c8e7cff8ba450
15:12:43.575874851 POINTER /var/cache/bind/celikpanel mtime=2026-09-29 15:12:43.534982951 +0000 ino=131578 /var/cache/bind/celikpanel/current absent 
15:12:43.577801311 pdns=0/0/inactive/dead/ named=2042/active/running/ agent=0/inactive/ jphase=absent killpid=2408,
15:12:43.882857189 CHANGE ledger 4842cc5b836b0eabe020ca6372f29a090422de51ed7024871b4c8e7cff8ba450 -> cdc487ebcbc23665950ae1a7efbebbf0bc7d711e3691716b1f1008704da43302
15:12:43.890781052 POINTER /var/cache/bind/celikpanel mtime=2026-09-29 15:12:43.747051444 +0000 ino=131578 /var/cache/bind/celikpanel/current absent 
15:12:43.893279476 pdns=0/0/inactive/dead/ named=2042/active/running/ agent=0/inactive/ jphase=absent killpid=2408,
15:12:44.223009759 CHANGE ledger cdc487ebcbc23665950ae1a7efbebbf0bc7d711e3691716b1f1008704da43302 -> d51d2954307159135628f068f9beba4fefb152abef46268b0090839d0389851f
15:12:44.235861605 POINTER /var/cache/bind/celikpanel mtime=2026-09-29 15:12:43.899100551 +0000 ino=131578 /var/cache/bind/celikpanel/current absent 
15:12:44.239581247 pdns=0/0/inactive/dead/ named=2042/active/running/ agent=0/inactive/ jphase=absent killpid=2408,3189,
15:12:44.540804348 CHANGE ledger d51d2954307159135628f068f9beba4fefb152abef46268b0090839d0389851f -> e42c893a6de9662c7505ce4260d50d2166a731ad2c107effd594ff03672f3c70
15:12:44.552165172 pdns=0/0/inactive/dead/ named=2042/active/running/ agent=0/inactive/ jphase=absent killpid=2408,3285,
15:12:44.834870112 CHANGE journal absent -> 73330f7858b9ba5860169e487c2565bc58df9d89343218c85af687a7437f7c78
15:12:44.844026734 CHANGE ledger e42c893a6de9662c7505ce4260d50d2166a731ad2c107effd594ff03672f3c70 -> ca712fd3d33058b8c6a0982ae5281eee3774ba7afceefb4e1d7e585b1062fd4e
15:12:44.850907176 POINTER /var/cache/bind/celikpanel mtime=2026-09-29 15:12:44.811383804 +0000 ino=131578 /var/cache/bind/celikpanel/current mtime=2026-09-29 15:12:44.807382567 +0000 ino=131593 -> '/var/cache/bind/celikpanel/current' -> 'generations/2b94e93121d4e8c1a005644d39bad103d23a620aef374c5abe679cf8793194a3' 
15:12:44.853147124 pdns=0/0/inactive/dead/ named=2042/active/running/ agent=0/inactive/ jphase=intent killpid=2408,
15:12:45.131015739 CHANGE ledger ca712fd3d33058b8c6a0982ae5281eee3774ba7afceefb4e1d7e585b1062fd4e -> d5d8f54fe35dd42655aa76599672fd7ebce883bb7a104c4760bfaaa55c10312c
15:12:45.137004377 pdns=0/0/inactive/dead/ named=2042/active/running/ agent=0/inactive/ jphase=intent killpid=2408,3482,
15:12:45.418783611 CHANGE ledger d5d8f54fe35dd42655aa76599672fd7ebce883bb7a104c4760bfaaa55c10312c -> ff704693343b5c26c4635573dcd44c301fe03b9c359d98a2a2f6d6b2bee680fc
15:12:45.424888242 pdns=0/0/inactive/dead/ named=2042/active/running/ agent=0/inactive/ jphase=intent killpid=2408,
15:12:45.706803045 CHANGE ledger ff704693343b5c26c4635573dcd44c301fe03b9c359d98a2a2f6d6b2bee680fc -> d153b9accc312ceb807841bfc449f3ac38aa2ea660f45f4da85e4bc8bbf18eef
15:12:45.719363397 pdns=0/0/inactive/dead/ named=2042/active/running/ agent=0/inactive/ jphase=intent killpid=2408,
15:12:46.053870726 CHANGE ledger d153b9accc312ceb807841bfc449f3ac38aa2ea660f45f4da85e4bc8bbf18eef -> b6c818aea920b341bef8c994f240edd6fd7d8df422bb455f9cb99189044489b6
15:12:46.059770871 pdns=0/0/inactive/dead/ named=2042/active/running/ agent=0/inactive/ jphase=intent killpid=2408,
15:12:46.340584636 CHANGE ledger b6c818aea920b341bef8c994f240edd6fd7d8df422bb455f9cb99189044489b6 -> 4e52afb9d24f12c9306e278c336d663fa6fa93570c2e600ecf18eb2ff7c47cab
15:12:46.346390859 pdns=0/0/inactive/dead/ named=2042/active/running/ agent=0/inactive/ jphase=intent killpid=2408,
15:12:46.630878354 CHANGE ledger 4e52afb9d24f12c9306e278c336d663fa6fa93570c2e600ecf18eb2ff7c47cab -> cc674294761363686cba54d15e77cd942676afadd62c0431e4375c1b92877458
15:12:46.640683853 pdns=0/0/inactive/dead/ named=2042/active/running/ agent=0/inactive/ jphase=intent killpid=2408,3968,
15:12:46.925058310 CHANGE ledger cc674294761363686cba54d15e77cd942676afadd62c0431e4375c1b92877458 -> 780939fa7cc0786d42da4cf2a8844c11b6cab69e73a4df18b700419866e50a61
15:12:46.931771360 pdns=0/0/inactive/dead/ named=2042/active/running/ agent=0/inactive/ jphase=intent killpid=2408,4048,
15:12:47.232632246 CHANGE journal 73330f7858b9ba5860169e487c2565bc58df9d89343218c85af687a7437f7c78 -> 877cd2ff06145bc468566cc3a62eb129f0bfa7cc1b05a248990f745d615fcd65
15:12:47.260043727 CHANGE ledger 780939fa7cc0786d42da4cf2a8844c11b6cab69e73a4df18b700419866e50a61 -> 4b5aad772c889f5f4eb50f7585178a0d50b5c7e23b9cf45ea1907d05631fa167
15:12:47.281524158 pdns=0/0/inactive/dead/ named=2042/active/running/ agent=0/inactive/ jphase=source-stopped killpid=2408,4139,
15:12:47.614315017 CHANGE ledger 4b5aad772c889f5f4eb50f7585178a0d50b5c7e23b9cf45ea1907d05631fa167 -> 3d49a6267c2f746225df28368fc5ab339755a032cb2bc57ff0f4ac7bb67975da
15:12:47.630213980 pdns=0/0/inactive/dead/ named=2042/active/running/ agent=0/inactive/ jphase=source-stopped killpid=2408,
15:12:47.937387663 CHANGE ledger 3d49a6267c2f746225df28368fc5ab339755a032cb2bc57ff0f4ac7bb67975da -> 9a6c3da7dc8c05b7b5571a182bb72965d0329b8cc2db387ffb244789fefb2578
15:12:47.946645808 pdns=0/0/inactive/dead/ named=2042/active/running/ agent=0/inactive/ jphase=source-stopped killpid=2408,4329,
15:12:48.232875104 CHANGE journal 877cd2ff06145bc468566cc3a62eb129f0bfa7cc1b05a248990f745d615fcd65 -> d71d8395457a71bfcf7dcc09a86a571244ade7e42b3ed768acc77cc7025c35f7
15:12:48.245469543 CHANGE ledger 9a6c3da7dc8c05b7b5571a182bb72965d0329b8cc2db387ffb244789fefb2578 -> 09b89f3b23f1a88bbe16bea6efe3bd8fc7b361505599c2b6ab6263fd5db122fc
15:12:48.251532129 pdns=0/0/inactive/dead/ named=2042/active/running/ agent=4371/active/ jphase=rolling-back killpid=
15:12:48.615765734 CHANGE ledger 09b89f3b23f1a88bbe16bea6efe3bd8fc7b361505599c2b6ab6263fd5db122fc -> 0c7c0a5c399990da0971fe4639c9bdf03a1c76f40e5e00c8894296b220c048e0
15:12:48.622398101 pdns=0/0/inactive/dead/ named=2042/active/running/ agent=4371/active/ jphase=rolling-back killpid=
15:12:48.900260384 pdns=0/0/inactive/dead/ named=2042/active/running/ agent=4371/active/ jphase=rolling-back killpid=
15:12:49.175245046 pdns=0/0/inactive/dead/ named=2042/active/running/ agent=4371/active/ jphase=rolling-back killpid=
15:12:49.464393763 pdns=0/0/inactive/dead/ named=2042/active/running/ agent=4371/active/ jphase=rolling-back killpid=
15:12:49.730101248 pdns=0/0/inactive/dead/ named=2042/active/running/ agent=4371/active/ jphase=rolling-back killpid=
15:12:50.003732379 pdns=0/0/inactive/dead/ named=2042/active/running/ agent=4371/active/ jphase=rolling-back killpid=
15:12:50.274563882 pdns=0/0/inactive/dead/ named=2042/active/running/ agent=4371/active/ jphase=rolling-back killpid=
15:12:50.541333357 pdns=0/0/inactive/dead/ named=2042/active/running/ agent=4371/active/ jphase=rolling-back killpid=
15:12:50.814932943 pdns=0/0/inactive/dead/ named=2042/active/running/ agent=4371/active/ jphase=rolling-back killpid=
15:12:51.109549971 pdns=0/0/inactive/dead/ named=2042/active/running/ agent=4371/active/ jphase=rolling-back killpid=
