15:34:23.154729409 CHANGE journal none -> absent
15:34:23.167861997 CHANGE ledger none -> 1ec011dc796dfb99e778574f428f9e79d48d4bea18a03312266afd38d7a5e024
15:34:23.176012720 CHANGE state none -> eae4ab1ed1a027dc98071dbebb3e75a21dc5da0a24f7739d039099c7905b0618
15:34:23.181348866 POINTER /var/cache/bind/celikpanel mtime=2026-09-29 15:33:28.052482541 +0000 ino=131551 /var/cache/bind/celikpanel/current mtime=2026-09-29 15:33:28.044486847 +0000 ino=131559 -> '/var/cache/bind/celikpanel/current' -> 'generations/74c26315936f7313d3130d7a80a331fa18a426779477e4b49f6569c15b8d0e77' 
15:34:23.182614024 pdns=0/0/inactive/dead/ named=646/active/running/ agent=0/inactive/ jphase=absent killpid=
15:34:23.548251270 pdns=0/0/inactive/dead/ named=646/active/running/ agent=0/inactive/ jphase=absent killpid=
15:34:23.833055556 pdns=0/0/inactive/dead/ named=646/active/running/ agent=0/inactive/ jphase=absent killpid=
15:34:24.151321456 pdns=0/0/inactive/dead/ named=646/active/running/ agent=0/inactive/ jphase=absent killpid=
15:34:24.444709851 pdns=0/0/inactive/dead/ named=646/active/running/ agent=0/inactive/ jphase=absent killpid=
15:34:24.730372291 pdns=0/0/inactive/dead/ named=646/active/running/ agent=0/inactive/ jphase=absent killpid=
15:34:25.020418526 pdns=0/0/inactive/dead/ named=646/active/running/ agent=0/inactive/ jphase=absent killpid=
15:34:25.297073037 pdns=0/0/inactive/dead/ named=646/active/running/ agent=0/inactive/ jphase=absent killpid=
15:34:25.575904251 pdns=0/0/inactive/dead/ named=646/active/running/ agent=0/inactive/ jphase=absent killpid=
15:34:25.853963718 pdns=0/0/inactive/dead/ named=646/active/running/ agent=0/inactive/ jphase=absent killpid=
15:34:26.134373933 pdns=0/0/inactive/dead/ named=646/active/running/ agent=0/inactive/ jphase=absent killpid=
15:34:26.415469570 pdns=0/0/inactive/dead/ named=646/active/running/ agent=0/inactive/ jphase=absent killpid=
15:34:26.692249471 pdns=0/0/inactive/dead/ named=646/active/running/ agent=0/inactive/ jphase=absent killpid=
15:34:26.974843700 pdns=0/0/inactive/dead/ named=646/active/running/ agent=0/inactive/ jphase=absent killpid=
15:34:27.252281206 pdns=0/0/inactive/dead/ named=646/active/running/ agent=0/inactive/ jphase=absent killpid=
15:34:27.535315732 pdns=0/0/inactive/dead/ named=646/active/running/ agent=0/inactive/ jphase=absent killpid=
15:34:27.815022782 pdns=0/0/inactive/dead/ named=646/active/running/ agent=0/inactive/ jphase=absent killpid=
15:34:28.091634048 pdns=0/0/inactive/dead/ named=646/active/running/ agent=0/inactive/ jphase=absent killpid=
15:34:28.366930224 pdns=0/0/inactive/dead/ named=646/active/running/ agent=0/inactive/ jphase=absent killpid=
15:34:28.646251462 pdns=0/0/inactive/dead/ named=646/active/running/ agent=0/inactive/ jphase=absent killpid=
15:34:28.922943699 pdns=0/0/inactive/dead/ named=646/active/running/ agent=0/inactive/ jphase=absent killpid=
15:34:29.198271774 pdns=0/0/inactive/dead/ named=646/active/running/ agent=0/inactive/ jphase=absent killpid=
15:34:29.474044498 pdns=0/0/inactive/dead/ named=646/active/running/ agent=0/inactive/ jphase=absent killpid=
15:34:29.750030215 pdns=0/0/inactive/dead/ named=646/active/running/ agent=0/inactive/ jphase=absent killpid=
15:34:30.024150951 pdns=0/0/inactive/dead/ named=646/active/running/ agent=0/inactive/ jphase=absent killpid=
15:34:30.298452283 pdns=0/0/inactive/dead/ named=646/active/running/ agent=0/inactive/ jphase=absent killpid=
15:34:30.574661751 pdns=0/0/inactive/dead/ named=646/active/running/ agent=0/inactive/ jphase=absent killpid=
15:34:30.851959908 pdns=0/0/inactive/dead/ named=646/active/running/ agent=0/inactive/ jphase=absent killpid=
15:34:31.126841541 pdns=0/0/inactive/dead/ named=646/active/running/ agent=0/inactive/ jphase=absent killpid=
15:34:31.403523629 pdns=0/0/inactive/dead/ named=646/active/running/ agent=0/inactive/ jphase=absent killpid=
15:34:31.684153806 pdns=0/0/inactive/dead/ named=646/active/running/ agent=0/inactive/ jphase=absent killpid=
15:34:31.966829324 pdns=0/0/inactive/dead/ named=646/active/running/ agent=0/inactive/ jphase=absent killpid=
15:34:32.260168322 pdns=0/0/inactive/dead/ named=646/active/running/ agent=0/inactive/ jphase=absent killpid=
15:34:32.536165835 pdns=0/0/inactive/dead/ named=646/active/running/ agent=0/inactive/ jphase=absent killpid=
15:34:32.814230521 pdns=0/0/inactive/dead/ named=646/active/running/ agent=0/inactive/ jphase=absent killpid=
15:34:33.090654790 pdns=0/0/inactive/dead/ named=646/active/running/ agent=0/inactive/ jphase=absent killpid=
15:34:33.368719805 pdns=0/0/inactive/dead/ named=646/active/running/ agent=0/inactive/ jphase=absent killpid=
15:34:33.647196379 pdns=0/0/inactive/dead/ named=646/active/running/ agent=0/inactive/ jphase=absent killpid=
15:34:33.926526352 pdns=0/0/inactive/dead/ named=646/active/running/ agent=0/inactive/ jphase=absent killpid=
15:34:34.204196754 pdns=0/0/inactive/dead/ named=646/active/running/ agent=0/inactive/ jphase=absent killpid=
15:34:34.482426407 pdns=0/0/inactive/dead/ named=646/active/running/ agent=0/inactive/ jphase=absent killpid=
15:34:34.766524458 pdns=0/0/inactive/dead/ named=646/active/running/ agent=0/inactive/ jphase=absent killpid=
15:34:35.047842888 pdns=0/0/inactive/dead/ named=646/active/running/ agent=0/inactive/ jphase=absent killpid=
15:34:35.328909181 pdns=0/0/inactive/dead/ named=646/active/running/ agent=0/inactive/ jphase=absent killpid=
15:34:35.629891091 pdns=0/0/inactive/dead/ named=646/active/running/ agent=0/inactive/ jphase=absent killpid=
15:34:35.947115448 pdns=0/0/inactive/dead/ named=646/active/running/ agent=0/inactive/ jphase=absent killpid=
15:34:36.286753511 pdns=0/0/inactive/dead/ named=646/active/running/ agent=0/inactive/ jphase=absent killpid=
15:34:36.585727973 pdns=0/0/inactive/dead/ named=646/active/running/ agent=0/inactive/ jphase=absent killpid=
15:34:36.878263470 pdns=0/0/inactive/dead/ named=646/active/running/ agent=0/inactive/ jphase=absent killpid=
15:34:37.158544904 pdns=0/0/inactive/dead/ named=646/active/running/ agent=0/inactive/ jphase=absent killpid=
15:34:37.436617858 pdns=0/0/inactive/dead/ named=646/active/running/ agent=0/inactive/ jphase=absent killpid=
15:34:37.716059150 pdns=0/0/inactive/dead/ named=646/active/running/ agent=0/inactive/ jphase=absent killpid=
15:34:38.006954833 pdns=0/0/inactive/dead/ named=646/active/running/ agent=0/inactive/ jphase=absent killpid=
15:34:38.295406418 pdns=0/0/inactive/dead/ named=646/active/running/ agent=0/inactive/ jphase=absent killpid=
15:34:38.579094463 pdns=0/0/inactive/dead/ named=646/active/running/ agent=0/inactive/ jphase=absent killpid=
15:34:38.857490438 pdns=0/0/inactive/dead/ named=646/active/running/ agent=0/inactive/ jphase=absent killpid=
15:34:39.137527551 pdns=0/0/inactive/dead/ named=646/active/running/ agent=0/inactive/ jphase=absent killpid=
15:34:39.417029403 pdns=0/0/inactive/dead/ named=646/active/running/ agent=0/inactive/ jphase=absent killpid=
15:34:39.695339940 pdns=0/0/inactive/dead/ named=646/active/running/ agent=0/inactive/ jphase=absent killpid=
15:34:39.972581762 pdns=0/0/inactive/dead/ named=646/active/running/ agent=0/inactive/ jphase=absent killpid=
15:34:40.248120064 pdns=0/0/inactive/dead/ named=646/active/running/ agent=0/inactive/ jphase=absent killpid=
15:34:40.526154727 pdns=0/0/inactive/dead/ named=646/active/running/ agent=0/inactive/ jphase=absent killpid=
15:34:40.801605923 pdns=0/0/inactive/dead/ named=646/active/running/ agent=0/inactive/ jphase=absent killpid=
15:34:41.085096872 pdns=0/0/inactive/dead/ named=646/active/running/ agent=0/inactive/ jphase=absent killpid=
15:34:41.363347896 pdns=0/0/inactive/dead/ named=646/active/running/ agent=0/inactive/ jphase=absent killpid=
15:34:41.646305111 pdns=0/0/inactive/dead/ named=646/active/running/ agent=0/inactive/ jphase=absent killpid=
15:34:41.928063170 pdns=0/0/inactive/dead/ named=646/active/running/ agent=0/inactive/ jphase=absent killpid=
15:34:42.211101015 pdns=0/0/inactive/dead/ named=646/active/running/ agent=0/inactive/ jphase=absent killpid=
15:34:42.493494760 pdns=0/0/inactive/dead/ named=646/active/running/ agent=0/inactive/ jphase=absent killpid=
15:34:42.778155611 pdns=0/0/inactive/dead/ named=646/active/running/ agent=0/inactive/ jphase=absent killpid=
15:34:43.056600125 pdns=0/0/inactive/dead/ named=646/active/running/ agent=0/inactive/ jphase=absent killpid=
15:34:43.336353068 pdns=0/0/inactive/dead/ named=646/active/running/ agent=0/inactive/ jphase=absent killpid=
15:34:43.614656697 pdns=0/0/inactive/dead/ named=646/active/running/ agent=0/inactive/ jphase=absent killpid=
15:34:43.895656214 pdns=0/0/inactive/dead/ named=646/active/running/ agent=0/inactive/ jphase=absent killpid=
15:34:44.174407730 pdns=0/0/inactive/dead/ named=646/active/running/ agent=0/inactive/ jphase=absent killpid=
15:34:44.462409748 pdns=0/0/inactive/dead/ named=646/active/running/ agent=0/inactive/ jphase=absent killpid=
15:34:44.755767799 pdns=0/0/inactive/dead/ named=646/active/running/ agent=0/inactive/ jphase=absent killpid=
15:34:45.042378805 pdns=0/0/inactive/dead/ named=646/active/running/ agent=0/inactive/ jphase=absent killpid=
15:34:45.322509228 pdns=0/0/inactive/dead/ named=646/active/running/ agent=0/inactive/ jphase=absent killpid=
15:34:45.606982963 pdns=0/0/inactive/dead/ named=646/active/running/ agent=0/inactive/ jphase=absent killpid=
15:34:45.934285345 pdns=0/0/inactive/dead/ named=646/active/running/ agent=0/inactive/ jphase=absent killpid=
15:34:46.213266669 pdns=0/0/inactive/dead/ named=646/active/running/ agent=0/inactive/ jphase=absent killpid=
15:34:46.494973593 pdns=0/0/inactive/dead/ named=646/active/running/ agent=0/inactive/ jphase=absent killpid=
15:34:46.779260818 pdns=0/0/inactive/dead/ named=646/active/running/ agent=0/inactive/ jphase=absent killpid=
15:34:47.063119423 pdns=0/0/inactive/dead/ named=646/active/running/ agent=0/inactive/ jphase=absent killpid=
15:34:47.347743081 pdns=0/0/inactive/dead/ named=646/active/running/ agent=0/inactive/ jphase=absent killpid=
15:34:47.626078962 pdns=0/0/inactive/dead/ named=646/active/running/ agent=0/inactive/ jphase=absent killpid=
15:34:47.905120300 pdns=0/0/inactive/dead/ named=646/active/running/ agent=0/inactive/ jphase=absent killpid=
15:34:48.186676596 pdns=0/0/inactive/dead/ named=646/active/running/ agent=0/inactive/ jphase=absent killpid=
15:34:48.477866953 pdns=0/0/inactive/dead/ named=646/active/running/ agent=0/inactive/ jphase=absent killpid=
15:34:48.766214228 pdns=0/0/inactive/dead/ named=646/active/running/ agent=0/inactive/ jphase=absent killpid=
15:34:49.062680209 pdns=0/0/inactive/dead/ named=646/active/running/ agent=0/inactive/ jphase=absent killpid=
15:34:49.346089747 pdns=0/0/inactive/dead/ named=646/active/running/ agent=0/inactive/ jphase=absent killpid=
15:34:49.630684783 pdns=0/0/inactive/dead/ named=646/active/running/ agent=0/inactive/ jphase=absent killpid=
15:34:49.914556889 pdns=0/0/inactive/dead/ named=646/active/running/ agent=0/inactive/ jphase=absent killpid=
15:34:50.196738418 pdns=0/0/inactive/dead/ named=646/active/running/ agent=0/inactive/ jphase=absent killpid=
15:34:50.477709601 pdns=0/0/inactive/dead/ named=646/active/running/ agent=0/inactive/ jphase=absent killpid=
15:34:50.759740709 pdns=0/0/inactive/dead/ named=646/active/running/ agent=0/inactive/ jphase=absent killpid=
15:34:51.039046050 pdns=0/0/inactive/dead/ named=646/active/running/ agent=0/inactive/ jphase=absent killpid=
15:34:51.346323735 pdns=0/0/inactive/dead/ named=646/active/running/ agent=0/inactive/ jphase=absent killpid=
15:34:51.764982068 pdns=0/0/inactive/dead/ named=646/active/running/ agent=0/inactive/ jphase=absent killpid=
15:34:52.168803586 pdns=0/0/inactive/dead/ named=646/active/running/ agent=0/inactive/ jphase=absent killpid=
15:34:52.581886736 pdns=0/0/inactive/dead/ named=646/active/running/ agent=0/inactive/ jphase=absent killpid=
15:34:53.051869232 pdns=0/0/inactive/dead/ named=646/active/running/ agent=0/inactive/ jphase=absent killpid=
15:34:53.493466362 pdns=0/0/inactive/dead/ named=646/active/running/ agent=0/inactive/ jphase=absent killpid=
15:34:53.781216386 pdns=0/0/inactive/dead/ named=646/active/running/ agent=0/inactive/ jphase=absent killpid=
15:34:54.063004516 pdns=0/0/inactive/dead/ named=646/active/running/ agent=0/inactive/ jphase=absent killpid=
15:34:54.358243002 pdns=0/0/inactive/dead/ named=646/active/running/ agent=0/inactive/ jphase=absent killpid=
15:34:54.654518474 pdns=0/0/inactive/dead/ named=646/active/running/ agent=0/inactive/ jphase=absent killpid=
done
