14:16:31.208632536 CHANGE journal none -> absent
14:16:31.228130317 CHANGE ledger none -> 177f61d12ed0bb85e6ea535b807b376e26bbe0871405a13867c0b3cb6ea4b211
14:16:31.233739270 CHANGE state none -> absent
14:16:31.235518912 pdns=0/0/inactive/dead/ named=0/inactive/dead/ agent=0/inactive/ jphase=absent killpid=
14:16:31.568858535 pdns=0/0/inactive/dead/ named=0/inactive/dead/ agent=0/inactive/ jphase=absent killpid=
14:16:31.888552770 pdns=0/0/inactive/dead/ named=0/inactive/dead/ agent=0/inactive/ jphase=absent killpid=
14:16:32.185837854 pdns=0/0/inactive/dead/ named=0/inactive/dead/ agent=0/inactive/ jphase=absent killpid=
14:16:32.494025139 CHANGE ledger 177f61d12ed0bb85e6ea535b807b376e26bbe0871405a13867c0b3cb6ea4b211 -> 5c94e2e5713d9664c1854771322aef72c42388905aaa6f8cf881fe5163326395
14:16:32.496207364 pdns=0/0/inactive/dead/ named=0/inactive/dead/ agent=0/inactive/ jphase=absent killpid=2340,2413,
14:16:32.793653812 CHANGE ledger 5c94e2e5713d9664c1854771322aef72c42388905aaa6f8cf881fe5163326395 -> 58112012d038154639d6aa325fe2cfc0a207d81d4acf5625907474655b331580
14:16:32.794981528 pdns=0/0/inactive/dead/ named=0/inactive/dead/ agent=0/inactive/ jphase=absent killpid=2340,
14:16:33.091628537 CHANGE ledger 58112012d038154639d6aa325fe2cfc0a207d81d4acf5625907474655b331580 -> 8d3602474f9e2101132657742ee77ec1194f3183694a16115405648516432d38
14:16:33.093790598 pdns=0/0/inactive/dead/ named=0/inactive/dead/ agent=0/inactive/ jphase=absent killpid=2340,
14:16:33.380218320 CHANGE ledger 8d3602474f9e2101132657742ee77ec1194f3183694a16115405648516432d38 -> a33632beb91a6b2eec522dc3845d59372650e0aa33616b7dcaad447e01e4168c
14:16:33.381765944 pdns=0/0/inactive/dead/ named=0/inactive/dead/ agent=0/inactive/ jphase=absent killpid=2340,2674,
14:16:33.718426836 CHANGE ledger a33632beb91a6b2eec522dc3845d59372650e0aa33616b7dcaad447e01e4168c -> 5d504b516be58601357ccbb8e2df7ef57d24fca5e2a6164fa9ee0d5afe7214de
14:16:33.719954915 pdns=0/0/inactive/dead/ named=0/inactive/dead/ agent=0/inactive/ jphase=absent killpid=2340,2756,
14:16:34.019900068 CHANGE ledger 5d504b516be58601357ccbb8e2df7ef57d24fca5e2a6164fa9ee0d5afe7214de -> a1fca00eb01c4c6c02505005a199d89b859c1678e34426ccb206a3410e9932a4
14:16:34.021405687 pdns=0/0/inactive/dead/ named=0/inactive/dead/ agent=0/inactive/ jphase=absent killpid=2340,2863,
14:16:36.789963015 CHANGE ledger a1fca00eb01c4c6c02505005a199d89b859c1678e34426ccb206a3410e9932a4 -> 310bbccf7b63910c8412b5f8e56463a7f55a7a91fb38438d88faa3775823a39b
14:16:36.792335168 pdns=0/0/inactive/dead/ named=0/inactive/dead/ agent=0/inactive/ jphase=absent killpid=2340,
14:16:37.472868759 CHANGE ledger 310bbccf7b63910c8412b5f8e56463a7f55a7a91fb38438d88faa3775823a39b -> 30c251448e329354132efb1cfae58dd60145699f238183a640ed55cf64cbd3d1
14:16:37.474488521 pdns=0/0/inactive/dead/ named=0/inactive/dead/ agent=0/inactive/ jphase=absent killpid=2340,
14:16:37.762171396 CHANGE ledger 30c251448e329354132efb1cfae58dd60145699f238183a640ed55cf64cbd3d1 -> 9238f4de67adf7c1aeb9927758ad368491cb557215957f2ab7d42c6bc82982f7
14:16:37.763849955 pdns=0/0/inactive/dead/ named=0/inactive/dead/ agent=0/inactive/ jphase=absent killpid=2340,
14:16:38.041726142 CHANGE ledger 9238f4de67adf7c1aeb9927758ad368491cb557215957f2ab7d42c6bc82982f7 -> d0aa4b7d9110d3a0eceb0fffb125e999fb5d43b6541912887b190623548e6694
14:16:38.043982284 pdns=0/0/inactive/dead/ named=0/inactive/dead/ agent=0/inactive/ jphase=intent killpid=2340,
14:16:38.331792558 CHANGE journal absent -> 498ae4a48a28e32d0ba98356485b596edd6b7587385552dab766e4737d7c2a14
14:16:38.343465711 CHANGE ledger d0aa4b7d9110d3a0eceb0fffb125e999fb5d43b6541912887b190623548e6694 -> 644f94259d86ec92a05d7e41c90e7643a0d188e25238421e116f667b58118cd1
14:16:38.344995546 pdns=0/0/inactive/dead/ named=0/inactive/dead/ agent=3290/active/ jphase=rolling-back killpid=
14:16:39.479519808 pdns=0/0/inactive/dead/ named=0/inactive/dead/ agent=3290/active/ jphase=rolling-back killpid=
14:16:40.117994214 pdns=0/0/inactive/dead/ named=0/inactive/dead/ agent=3290/active/ jphase=absent killpid=
14:16:40.392649597 CHANGE journal 498ae4a48a28e32d0ba98356485b596edd6b7587385552dab766e4737d7c2a14 -> absent
14:16:40.404090912 CHANGE ledger 644f94259d86ec92a05d7e41c90e7643a0d188e25238421e116f667b58118cd1 -> c1da5d5a2c25a6d39ac38a91dc8d448189b854ce7fa600f5b5143dd525332bda
14:16:40.405749207 pdns=0/0/inactive/dead/ named=0/inactive/dead/ agent=3290/active/ jphase=absent killpid=
14:16:40.697434707 CHANGE ledger c1da5d5a2c25a6d39ac38a91dc8d448189b854ce7fa600f5b5143dd525332bda -> 2a5d2809d10ad16ba982b302fcdef24e7a34323a6380f21c1427ab65838d4f32
14:16:40.699032831 pdns=0/0/inactive/dead/ named=0/inactive/dead/ agent=3290/active/ jphase=absent killpid=
14:16:40.999315073 CHANGE ledger 2a5d2809d10ad16ba982b302fcdef24e7a34323a6380f21c1427ab65838d4f32 -> 25ffc472a4f4a2a38d4a63471ba6fca67069231d7bdc9c28e2d136c98ad6ce76
14:16:41.001420638 pdns=0/0/inactive/dead/ named=0/inactive/dead/ agent=3290/active/ jphase=absent killpid=
14:16:41.296025314 CHANGE ledger 25ffc472a4f4a2a38d4a63471ba6fca67069231d7bdc9c28e2d136c98ad6ce76 -> c9d77dfad150430cd8f282588244d681112a268d8acacfff78ea10d45c76ab8d
14:16:41.297523792 pdns=0/0/inactive/dead/ named=0/inactive/dead/ agent=3290/active/ jphase=absent killpid=
14:16:41.612481609 CHANGE ledger c9d77dfad150430cd8f282588244d681112a268d8acacfff78ea10d45c76ab8d -> 0a6ce3ae11fb42e5a62a6b15203804966897c0e39af599e0e8b58ee11cf0a78c
14:16:41.615138677 pdns=0/0/inactive/dead/ named=0/inactive/dead/ agent=3290/active/ jphase=absent killpid=
14:16:41.909620485 CHANGE ledger 0a6ce3ae11fb42e5a62a6b15203804966897c0e39af599e0e8b58ee11cf0a78c -> cfbdd02b5ee2b631114e380188aa62197c2a7079cedc2247ad374251d1c3181f
14:16:41.910998541 pdns=0/0/inactive/dead/ named=0/inactive/dead/ agent=3290/active/ jphase=absent killpid=
14:16:42.369565466 CHANGE ledger cfbdd02b5ee2b631114e380188aa62197c2a7079cedc2247ad374251d1c3181f -> fef06d33c82d36c7288390a2d72a1184d54ad0861621edf7b50af7c735a12ebd
14:16:42.371297590 pdns=0/0/inactive/dead/ named=0/inactive/dead/ agent=3290/active/ jphase=absent killpid=
14:16:42.863740415 CHANGE ledger fef06d33c82d36c7288390a2d72a1184d54ad0861621edf7b50af7c735a12ebd -> c931ad6d2ee4e2344390fb59f824749baf17ab99047c444aa1ce85cac7e61f96
14:16:42.865420660 pdns=0/0/inactive/dead/ named=0/inactive/dead/ agent=3290/active/ jphase=absent killpid=
14:16:43.167402707 CHANGE ledger c931ad6d2ee4e2344390fb59f824749baf17ab99047c444aa1ce85cac7e61f96 -> f2f927df5b346f8209bb855b3c84e5924b1e823623deec83434d3e20694131f7
14:16:43.169008427 pdns=0/0/inactive/dead/ named=0/inactive/dead/ agent=3290/active/ jphase=absent killpid=
14:16:43.452550225 CHANGE journal absent -> 043e48a42ba90aacd5563d9d8460fcf30e08ef490a41aea28c61d0097e323c0c
14:16:43.459688907 CHANGE ledger f2f927df5b346f8209bb855b3c84e5924b1e823623deec83434d3e20694131f7 -> 6dc3d61f41d93e7685a6c1486380291ca07e5c2d0b444a65505a4fa2fda1183e
14:16:43.461063508 pdns=0/0/inactive/dead/ named=0/inactive/dead/ agent=3290/active/ jphase=intent killpid=
14:16:43.732044232 CHANGE journal 043e48a42ba90aacd5563d9d8460fcf30e08ef490a41aea28c61d0097e323c0c -> 16806e86bfbf38e2342c691f615a0c1fbf6f27bd70beadaa64c44282d1739661
14:16:43.743386244 CHANGE ledger 6dc3d61f41d93e7685a6c1486380291ca07e5c2d0b444a65505a4fa2fda1183e -> d923ca0a15fd732f230bf5afa38fd417459e013b06d8a589f661a5142eb681aa
14:16:43.744825926 pdns=0/0/inactive/dead/ named=0/inactive/dead/ agent=3290/active/ jphase=source-stopped killpid=
14:16:44.236612934 CHANGE ledger d923ca0a15fd732f230bf5afa38fd417459e013b06d8a589f661a5142eb681aa -> 48289eabca81fc1a3045b364c1e5c062d3b8c253e7b007c6d112e6dfbef1a79d
14:16:44.238426460 pdns=0/0/inactive/dead/ named=0/inactive/dead/ agent=3290/active/ jphase=source-stopped killpid=
14:16:44.843931716 CHANGE ledger 48289eabca81fc1a3045b364c1e5c062d3b8c253e7b007c6d112e6dfbef1a79d -> f50e9b0f03b4d00278cc8efeccf4a0b9932fdd1167475f1920f304c29969c600
14:16:44.845617224 pdns=0/0/inactive/dead/ named=0/inactive/dead/ agent=3290/active/ jphase=source-stopped killpid=
14:16:45.140724181 CHANGE ledger f50e9b0f03b4d00278cc8efeccf4a0b9932fdd1167475f1920f304c29969c600 -> ba8c0e5b46bcc9afa59da926c0dcf654cd9a247239c7312daa6871d6a024c523
14:16:45.142038882 pdns=0/0/inactive/dead/ named=0/inactive/dead/ agent=3290/active/ jphase=source-stopped killpid=
14:16:45.716853722 CHANGE ledger ba8c0e5b46bcc9afa59da926c0dcf654cd9a247239c7312daa6871d6a024c523 -> 2487f3894017a25607ae203e07893db1d9ee1d639c1b9f2c6c0ce6d009c03f5d
14:16:45.718213026 pdns=0/0/inactive/dead/ named=0/inactive/dead/ agent=3290/active/ jphase=source-stopped killpid=
14:16:46.132125905 CHANGE ledger 2487f3894017a25607ae203e07893db1d9ee1d639c1b9f2c6c0ce6d009c03f5d -> ce64cc49d7423cdd9470a37d1533a824f885e52b6582018c1780fd56445a06ce
14:16:46.133857429 pdns=0/0/inactive/dead/ named=0/inactive/dead/ agent=3290/active/ jphase=source-stopped killpid=
14:16:46.421821592 CHANGE ledger ce64cc49d7423cdd9470a37d1533a824f885e52b6582018c1780fd56445a06ce -> cd48f22072e4e6be4e539174c3eb5940837a602a1249cc50fe07fe8484b1f604
14:16:46.424315202 pdns=0/0/inactive/dead/ named=5377/active/running/ agent=3290/active/ jphase=source-stopped killpid=
14:16:46.708531005 CHANGE ledger cd48f22072e4e6be4e539174c3eb5940837a602a1249cc50fe07fe8484b1f604 -> 29ae8287e22b15dcd8c6a7bc6d84bd9fcbd050213221032c16396cca1696493b
14:16:46.711698405 pdns=0/0/inactive/dead/ named=5377/active/running/ agent=3290/active/ jphase=source-stopped killpid=
14:16:47.006069272 CHANGE ledger 29ae8287e22b15dcd8c6a7bc6d84bd9fcbd050213221032c16396cca1696493b -> c90fffd6f07be283c2297444838cf55d6d114bcba633231c5f188445ceafd82c
14:16:47.007492637 pdns=0/0/inactive/dead/ named=5377/active/running/ agent=3290/active/ jphase=source-stopped killpid=
14:16:47.290805987 CHANGE ledger c90fffd6f07be283c2297444838cf55d6d114bcba633231c5f188445ceafd82c -> 8c18da7b0b645e2db41d129e72c38588237f1d0d6e3bf84ad743d5819e2c3a06
14:16:47.292773362 pdns=0/0/inactive/dead/ named=5377/active/running/ agent=3290/active/ jphase=source-stopped killpid=
14:16:47.585505404 CHANGE ledger 8c18da7b0b645e2db41d129e72c38588237f1d0d6e3bf84ad743d5819e2c3a06 -> ed7ec414d1c1420aa62f239918942356c52ee9d2ab35c01716c3314a0877f899
14:16:47.587792152 pdns=0/0/inactive/dead/ named=5377/active/running/ agent=3290/active/ jphase=target-started killpid=
14:16:47.861441050 CHANGE journal 16806e86bfbf38e2342c691f615a0c1fbf6f27bd70beadaa64c44282d1739661 -> 6560854741effd7c63762b6495bf25edcf3390f9270489825b9d276d8162b394
14:16:47.877085967 CHANGE ledger ed7ec414d1c1420aa62f239918942356c52ee9d2ab35c01716c3314a0877f899 -> 0dfcf95b2cc8d29179af1e2ef99dd488b900d08f2099f7e8edc424f303600463
14:16:47.878522636 pdns=0/0/inactive/dead/ named=5377/active/running/ agent=3290/active/ jphase=target-started killpid=
14:16:48.155957253 CHANGE ledger 0dfcf95b2cc8d29179af1e2ef99dd488b900d08f2099f7e8edc424f303600463 -> 243834fc39c6d455a76bc5ef26e9b2e02f25d5af5866c5d988af3edc8eda6d04
14:16:48.157744624 pdns=0/0/inactive/dead/ named=5377/active/running/ agent=3290/active/ jphase=target-started killpid=
14:16:48.444584074 CHANGE ledger 243834fc39c6d455a76bc5ef26e9b2e02f25d5af5866c5d988af3edc8eda6d04 -> 61caf4c5b65be186aeb15a19feb5c115a2528e27b5bdaf9f025c994f934cb37d
14:16:48.445951124 pdns=0/0/inactive/dead/ named=5377/active/running/ agent=3290/active/ jphase=target-started killpid=
14:16:48.726556552 CHANGE journal 6560854741effd7c63762b6495bf25edcf3390f9270489825b9d276d8162b394 -> 381f0fabd0f85d71a1325b46faea9b663fe5a615ff70fe88859c0d30c8a16f45
14:16:48.738168875 CHANGE ledger 61caf4c5b65be186aeb15a19feb5c115a2528e27b5bdaf9f025c994f934cb37d -> de4e6654dd3abb9a67999b2aa24f66d68afea02bf21807a8ab90e8f10373c9fc
14:16:48.747326787 CHANGE state absent -> fbdf1fbb016dbf9c42442e9ee82d4748631b6f0d32e258dce2288fa6e915653d
14:16:48.748685551 pdns=0/0/inactive/dead/ named=5377/active/running/ agent=3290/active/ jphase=committed killpid=
14:16:49.032483300 pdns=0/0/inactive/dead/ named=5377/active/running/ agent=3290/active/ jphase=committed killpid=
14:16:49.307082291 CHANGE journal 381f0fabd0f85d71a1325b46faea9b663fe5a615ff70fe88859c0d30c8a16f45 -> absent
14:16:49.317117959 CHANGE ledger de4e6654dd3abb9a67999b2aa24f66d68afea02bf21807a8ab90e8f10373c9fc -> 0908b504e93fa5323d869a1143ad4b35f27771ea8225eafcc3dad3b12f3a72d3
14:16:49.321917437 pdns=0/0/inactive/dead/ named=5377/active/running/ agent=3290/active/ jphase=absent killpid=
14:16:49.608576478 pdns=0/0/inactive/dead/ named=5377/active/running/ agent=3290/active/ jphase=absent killpid=
14:16:49.889692945 pdns=0/0/inactive/dead/ named=5377/active/running/ agent=3290/active/ jphase=absent killpid=
14:16:50.164373408 pdns=0/0/inactive/dead/ named=5377/active/running/ agent=3290/active/ jphase=absent killpid=
14:16:50.431348821 pdns=0/0/inactive/dead/ named=5377/active/running/ agent=3290/active/ jphase=absent killpid=
14:16:50.698692079 pdns=0/0/inactive/dead/ named=5377/active/running/ agent=3290/active/ jphase=absent killpid=
14:16:50.963381836 pdns=0/0/inactive/dead/ named=5377/active/running/ agent=3290/active/ jphase=absent killpid=
14:16:51.233392594 pdns=0/0/inactive/dead/ named=5377/active/running/ agent=3290/active/ jphase=absent killpid=
14:16:51.503477110 pdns=0/0/inactive/dead/ named=5377/active/running/ agent=3290/active/ jphase=absent killpid=
14:16:51.773489540 pdns=0/0/inactive/dead/ named=5377/active/running/ agent=3290/active/ jphase=absent killpid=
14:16:52.041015340 pdns=0/0/inactive/dead/ named=5377/active/running/ agent=3290/active/ jphase=absent killpid=
14:16:52.307981544 pdns=0/0/inactive/dead/ named=5377/active/running/ agent=3290/active/ jphase=absent killpid=
14:16:52.575537454 pdns=0/0/inactive/dead/ named=5377/active/running/ agent=3290/active/ jphase=absent killpid=
14:16:52.839801187 pdns=0/0/inactive/dead/ named=5377/active/running/ agent=3290/active/ jphase=absent killpid=
14:16:53.103818588 pdns=0/0/inactive/dead/ named=5377/active/running/ agent=3290/active/ jphase=absent killpid=
14:16:53.377941345 pdns=0/0/inactive/dead/ named=5377/active/running/ agent=3290/active/ jphase=absent killpid=
14:16:53.649515577 pdns=0/0/inactive/dead/ named=5377/active/running/ agent=3290/active/ jphase=absent killpid=
14:16:53.915480003 pdns=0/0/inactive/dead/ named=5377/active/running/ agent=3290/active/ jphase=absent killpid=
14:16:54.181195255 pdns=0/0/inactive/dead/ named=5377/active/running/ agent=3290/active/ jphase=absent killpid=
14:16:54.444661092 pdns=0/0/inactive/dead/ named=5377/active/running/ agent=3290/active/ jphase=absent killpid=
14:16:54.709445028 pdns=0/0/inactive/dead/ named=5377/active/running/ agent=3290/active/ jphase=absent killpid=
14:16:54.974771653 pdns=0/0/inactive/dead/ named=5377/active/running/ agent=3290/active/ jphase=absent killpid=
14:16:55.248436622 pdns=0/0/inactive/dead/ named=5377/active/running/ agent=3290/active/ jphase=absent killpid=
14:16:55.514792944 pdns=0/0/inactive/dead/ named=5377/active/running/ agent=3290/active/ jphase=absent killpid=
14:16:55.782533007 pdns=0/0/inactive/dead/ named=5377/active/running/ agent=3290/active/ jphase=absent killpid=
14:16:56.046690011 pdns=0/0/inactive/dead/ named=5377/active/running/ agent=3290/active/ jphase=absent killpid=
14:16:56.312782582 pdns=0/0/inactive/dead/ named=5377/active/running/ agent=3290/active/ jphase=absent killpid=
14:16:56.581395963 pdns=0/0/inactive/dead/ named=5377/active/running/ agent=3290/active/ jphase=absent killpid=
14:16:56.845696294 pdns=0/0/inactive/dead/ named=5377/active/running/ agent=3290/active/ jphase=absent killpid=
14:16:57.112383317 pdns=0/0/inactive/dead/ named=5377/active/running/ agent=3290/active/ jphase=absent killpid=
14:16:57.376897084 pdns=0/0/inactive/dead/ named=5377/active/running/ agent=3290/active/ jphase=absent killpid=
14:16:57.640843122 pdns=0/0/inactive/dead/ named=5377/active/running/ agent=3290/active/ jphase=absent killpid=
14:16:57.905261850 pdns=0/0/inactive/dead/ named=5377/active/running/ agent=3290/active/ jphase=absent killpid=
14:16:58.172649197 pdns=0/0/inactive/dead/ named=5377/active/running/ agent=3290/active/ jphase=absent killpid=
14:16:58.440215586 pdns=0/0/inactive/dead/ named=5377/active/running/ agent=3290/active/ jphase=absent killpid=
14:16:58.704909557 pdns=0/0/inactive/dead/ named=5377/active/running/ agent=3290/active/ jphase=absent killpid=
14:16:58.968715605 pdns=0/0/inactive/dead/ named=5377/active/running/ agent=3290/active/ jphase=absent killpid=
14:16:59.234095870 pdns=0/0/inactive/dead/ named=5377/active/running/ agent=3290/active/ jphase=absent killpid=
14:16:59.504344154 pdns=0/0/inactive/dead/ named=5377/active/running/ agent=3290/active/ jphase=absent killpid=
14:16:59.781066773 pdns=0/0/inactive/dead/ named=5377/active/running/ agent=3290/active/ jphase=absent killpid=
14:17:00.049251711 pdns=0/0/inactive/dead/ named=5377/active/running/ agent=3290/active/ jphase=absent killpid=
14:17:00.321436740 pdns=0/0/inactive/dead/ named=5377/active/running/ agent=3290/active/ jphase=absent killpid=
14:17:00.589433442 pdns=0/0/inactive/dead/ named=5377/active/running/ agent=3290/active/ jphase=absent killpid=
14:17:00.853212077 pdns=0/0/inactive/dead/ named=5377/active/running/ agent=3290/active/ jphase=absent killpid=
14:17:01.117788570 pdns=0/0/inactive/dead/ named=5377/active/running/ agent=3290/active/ jphase=absent killpid=
14:17:01.383457782 pdns=0/0/inactive/dead/ named=5377/active/running/ agent=3290/active/ jphase=absent killpid=
14:17:01.653517018 pdns=0/0/inactive/dead/ named=5377/active/running/ agent=3290/active/ jphase=absent killpid=
14:17:01.922223295 pdns=0/0/inactive/dead/ named=5377/active/running/ agent=3290/active/ jphase=absent killpid=
14:17:02.194387683 pdns=0/0/inactive/dead/ named=5377/active/running/ agent=3290/active/ jphase=absent killpid=
14:17:02.469012657 pdns=0/0/inactive/dead/ named=5377/active/running/ agent=3290/active/ jphase=absent killpid=
14:17:02.752155319 pdns=0/0/inactive/dead/ named=5377/active/running/ agent=3290/active/ jphase=absent killpid=
14:17:03.019108055 pdns=0/0/inactive/dead/ named=5377/active/running/ agent=3290/active/ jphase=absent killpid=
14:17:03.283733215 pdns=0/0/inactive/dead/ named=5377/active/running/ agent=3290/active/ jphase=absent killpid=
14:17:03.550221249 pdns=0/0/inactive/dead/ named=5377/active/running/ agent=3290/active/ jphase=absent killpid=
14:17:03.815024777 pdns=0/0/inactive/dead/ named=5377/active/running/ agent=3290/active/ jphase=absent killpid=
14:17:04.083763298 pdns=0/0/inactive/dead/ named=5377/active/running/ agent=3290/active/ jphase=absent killpid=
14:17:04.352844601 pdns=0/0/inactive/dead/ named=5377/active/running/ agent=3290/active/ jphase=absent killpid=
14:17:04.617328217 pdns=0/0/inactive/dead/ named=5377/active/running/ agent=3290/active/ jphase=absent killpid=
14:17:04.885511720 pdns=0/0/inactive/dead/ named=5377/active/running/ agent=3290/active/ jphase=absent killpid=
14:17:05.150321514 pdns=0/0/inactive/dead/ named=5377/active/running/ agent=3290/active/ jphase=absent killpid=
14:17:05.416727248 pdns=0/0/inactive/dead/ named=5377/active/running/ agent=3290/active/ jphase=absent killpid=
14:17:05.681565877 pdns=0/0/inactive/dead/ named=5377/active/running/ agent=3290/active/ jphase=absent killpid=
14:17:05.946957754 pdns=0/0/inactive/dead/ named=5377/active/running/ agent=3290/active/ jphase=absent killpid=
14:17:06.219448955 pdns=0/0/inactive/dead/ named=5377/active/running/ agent=3290/active/ jphase=absent killpid=
14:17:06.484915618 pdns=0/0/inactive/dead/ named=5377/active/running/ agent=3290/active/ jphase=absent killpid=
14:17:06.750258163 pdns=0/0/inactive/dead/ named=5377/active/running/ agent=3290/active/ jphase=absent killpid=
14:17:07.015352830 pdns=0/0/inactive/dead/ named=5377/active/running/ agent=3290/active/ jphase=absent killpid=
14:17:07.280258036 pdns=0/0/inactive/dead/ named=5377/active/running/ agent=3290/active/ jphase=absent killpid=
14:17:07.548879307 pdns=0/0/inactive/dead/ named=5377/active/running/ agent=3290/active/ jphase=absent killpid=
14:17:07.821464571 pdns=0/0/inactive/dead/ named=5377/active/running/ agent=3290/active/ jphase=absent killpid=
14:17:08.087594448 pdns=0/0/inactive/dead/ named=5377/active/running/ agent=3290/active/ jphase=absent killpid=
14:17:08.356279181 pdns=0/0/inactive/dead/ named=5377/active/running/ agent=3290/active/ jphase=absent killpid=
14:17:08.631147239 pdns=0/0/inactive/dead/ named=5377/active/running/ agent=3290/active/ jphase=absent killpid=
14:17:08.935993746 pdns=0/0/inactive/dead/ named=5377/active/running/ agent=3290/active/ jphase=absent killpid=
14:17:09.202431451 pdns=0/0/inactive/dead/ named=5377/active/running/ agent=3290/active/ jphase=absent killpid=
14:17:09.472587827 pdns=0/0/inactive/dead/ named=5377/active/running/ agent=3290/active/ jphase=absent killpid=
14:17:09.739372268 pdns=0/0/inactive/dead/ named=5377/active/running/ agent=3290/active/ jphase=absent killpid=
14:17:10.009900836 pdns=0/0/inactive/dead/ named=5377/active/running/ agent=3290/active/ jphase=absent killpid=
14:17:10.280163226 pdns=0/0/inactive/dead/ named=5377/active/running/ agent=3290/active/ jphase=absent killpid=
14:17:10.545406285 pdns=0/0/inactive/dead/ named=5377/active/running/ agent=3290/active/ jphase=absent killpid=
14:17:10.809829341 pdns=0/0/inactive/dead/ named=5377/active/running/ agent=3290/active/ jphase=absent killpid=
14:17:11.073996005 pdns=0/0/inactive/dead/ named=5377/active/running/ agent=3290/active/ jphase=absent killpid=
14:17:11.338743459 pdns=0/0/inactive/dead/ named=5377/active/running/ agent=3290/active/ jphase=absent killpid=
14:17:11.604316108 pdns=0/0/inactive/dead/ named=5377/active/running/ agent=3290/active/ jphase=absent killpid=
14:17:11.868723499 pdns=0/0/inactive/dead/ named=5377/active/running/ agent=3290/active/ jphase=absent killpid=
14:17:12.135254019 pdns=0/0/inactive/dead/ named=5377/active/running/ agent=3290/active/ jphase=absent killpid=
14:17:12.405335384 pdns=0/0/inactive/dead/ named=5377/active/running/ agent=3290/active/ jphase=absent killpid=
14:17:12.679348025 pdns=0/0/inactive/dead/ named=5377/active/running/ agent=3290/active/ jphase=absent killpid=
14:17:12.951568164 pdns=0/0/inactive/dead/ named=5377/active/running/ agent=3290/active/ jphase=absent killpid=
14:17:13.216891061 pdns=0/0/inactive/dead/ named=5377/active/running/ agent=3290/active/ jphase=absent killpid=
14:17:13.481505336 pdns=0/0/inactive/dead/ named=5377/active/running/ agent=3290/active/ jphase=absent killpid=
14:17:13.750276092 pdns=0/0/inactive/dead/ named=5377/active/running/ agent=3290/active/ jphase=absent killpid=
14:17:14.024423676 pdns=0/0/inactive/dead/ named=5377/active/running/ agent=3290/active/ jphase=absent killpid=
14:17:14.295390582 pdns=0/0/inactive/dead/ named=5377/active/running/ agent=3290/active/ jphase=absent killpid=
14:17:14.560613186 pdns=0/0/inactive/dead/ named=5377/active/running/ agent=3290/active/ jphase=absent killpid=
14:17:14.830761576 pdns=0/0/inactive/dead/ named=5377/active/running/ agent=3290/active/ jphase=absent killpid=
14:17:15.098711431 pdns=0/0/inactive/dead/ named=5377/active/running/ agent=3290/active/ jphase=absent killpid=
14:17:15.370873438 pdns=0/0/inactive/dead/ named=5377/active/running/ agent=3290/active/ jphase=absent killpid=
14:17:15.635799786 pdns=0/0/inactive/dead/ named=5377/active/running/ agent=3290/active/ jphase=absent killpid=
14:17:15.907637498 pdns=0/0/inactive/dead/ named=5377/active/running/ agent=3290/active/ jphase=absent killpid=
14:17:16.174329433 pdns=0/0/inactive/dead/ named=5377/active/running/ agent=3290/active/ jphase=absent killpid=
14:17:16.438736086 pdns=0/0/inactive/dead/ named=5377/active/running/ agent=3290/active/ jphase=absent killpid=
14:17:16.702875640 pdns=0/0/inactive/dead/ named=5377/active/running/ agent=3290/active/ jphase=absent killpid=
14:17:16.967428702 pdns=0/0/inactive/dead/ named=5377/active/running/ agent=3290/active/ jphase=absent killpid=
14:17:17.231235161 pdns=0/0/inactive/dead/ named=5377/active/running/ agent=3290/active/ jphase=absent killpid=
14:17:17.496231952 pdns=0/0/inactive/dead/ named=5377/active/running/ agent=3290/active/ jphase=absent killpid=
14:17:17.760841944 pdns=0/0/inactive/dead/ named=5377/active/running/ agent=3290/active/ jphase=absent killpid=
14:17:18.025822946 pdns=0/0/inactive/dead/ named=5377/active/running/ agent=3290/active/ jphase=absent killpid=
14:17:18.294012322 pdns=0/0/inactive/dead/ named=5377/active/running/ agent=3290/active/ jphase=absent killpid=
14:17:18.564184444 pdns=0/0/inactive/dead/ named=5377/active/running/ agent=3290/active/ jphase=absent killpid=
14:17:18.837557196 pdns=0/0/inactive/dead/ named=5377/active/running/ agent=3290/active/ jphase=absent killpid=
14:17:19.105977538 pdns=0/0/inactive/dead/ named=5377/active/running/ agent=3290/active/ jphase=absent killpid=
14:17:19.370174724 pdns=0/0/inactive/dead/ named=5377/active/running/ agent=3290/active/ jphase=absent killpid=
14:17:19.632845362 pdns=0/0/inactive/dead/ named=5377/active/running/ agent=3290/active/ jphase=absent killpid=
14:17:19.905003851 pdns=0/0/inactive/dead/ named=5377/active/running/ agent=3290/active/ jphase=absent killpid=
done
