14:45:35.815998429 CHANGE journal none -> absent
14:45:35.826125438 CHANGE ledger none -> 177f61d12ed0bb85e6ea535b807b376e26bbe0871405a13867c0b3cb6ea4b211
14:45:35.830016675 CHANGE state none -> absent
14:45:35.834761590 POINTER 
14:45:35.836600172 pdns=inactive/dead/0/0/ named=inactive/dead/0/ agent=inactive/0/ jphase=absent killpid=
14:45:36.137691567 pdns=inactive/dead/0/0/ named=inactive/dead/0/ agent=inactive/0/ jphase=absent killpid=
14:45:36.451626389 pdns=inactive/dead/0/0/ named=inactive/dead/0/ agent=inactive/0/ jphase=absent killpid=
14:45:36.804393270 pdns=inactive/dead/0/0/ named=inactive/dead/0/ agent=inactive/0/ jphase=absent killpid=
14:45:37.136141169 CHANGE ledger 177f61d12ed0bb85e6ea535b807b376e26bbe0871405a13867c0b3cb6ea4b211 -> 7a79767b5d4ac6363acc1ce35545f13d05114c7c6104de3e3d6898e5c0f988b7
14:45:37.141823511 pdns=inactive/dead/0/0/ named=inactive/dead/0/ agent=inactive/0/ jphase=absent killpid=1548,1620,
14:45:37.473794741 CHANGE ledger 7a79767b5d4ac6363acc1ce35545f13d05114c7c6104de3e3d6898e5c0f988b7 -> 3b4a8a853e08cf8479df5e45e4059f38eb36c503e5d17df699691af28319b939
14:45:37.478194112 pdns=inactive/dead/0/0/ named=inactive/dead/0/ agent=inactive/0/ jphase=absent killpid=1548,
14:45:37.790803989 CHANGE ledger 3b4a8a853e08cf8479df5e45e4059f38eb36c503e5d17df699691af28319b939 -> 3dfc811f33360e6aaf0926cf15cdf58192b5a0e78bb996f432646a4aeaa92bfd
14:45:37.795410461 pdns=inactive/dead/0/0/ named=inactive/dead/0/ agent=inactive/0/ jphase=absent killpid=1548,1818,
14:45:38.242236835 CHANGE ledger 3dfc811f33360e6aaf0926cf15cdf58192b5a0e78bb996f432646a4aeaa92bfd -> 3fcca393295d0415553a9027e06a18273c64a5d4bab583e2abf006a0e29eff0b
14:45:38.247300577 pdns=inactive/dead/0/0/ named=inactive/dead/0/ agent=inactive/0/ jphase=absent killpid=1548,
14:45:38.593675606 CHANGE ledger 3fcca393295d0415553a9027e06a18273c64a5d4bab583e2abf006a0e29eff0b -> dcc94f1dff3ac22dbef6e93cc773d0365fd5e40745bf0b2a7050b833d6b03023
14:45:38.598884651 pdns=inactive/dead/0/0/ named=inactive/dead/0/ agent=inactive/0/ jphase=absent killpid=1548,1919,
14:45:38.900556094 pdns=inactive/dead/0/0/ named=inactive/dead/0/ agent=inactive/0/ jphase=absent killpid=1548,1919,
14:45:39.190120111 pdns=inactive/dead/0/0/ named=inactive/dead/0/ agent=inactive/0/ jphase=absent killpid=1548,1919,
14:45:39.496797296 pdns=inactive/dead/0/0/ named=inactive/dead/0/ agent=inactive/0/ jphase=absent killpid=1548,1919,
14:45:39.792349754 pdns=inactive/dead/0/0/ named=inactive/dead/0/ agent=inactive/0/ jphase=absent killpid=1548,1919,
14:45:40.107568185 pdns=inactive/dead/0/0/ named=inactive/dead/0/ agent=inactive/0/ jphase=absent killpid=1548,1919,
14:45:40.440976252 pdns=inactive/dead/0/0/ named=inactive/dead/0/ agent=inactive/0/ jphase=absent killpid=1548,1919,
14:45:40.773898971 pdns=inactive/dead/0/0/ named=inactive/dead/0/ agent=inactive/0/ jphase=absent killpid=1548,1919,
14:45:41.115640293 pdns=inactive/dead/0/0/ named=inactive/dead/0/ agent=inactive/0/ jphase=absent killpid=1548,1919,
14:45:41.453532384 pdns=inactive/dead/0/0/ named=inactive/dead/0/ agent=inactive/0/ jphase=absent killpid=1548,1919,
14:45:41.772555734 pdns=inactive/dead/0/0/ named=inactive/dead/0/ agent=inactive/0/ jphase=absent killpid=1548,1919,
14:45:42.090636698 CHANGE ledger dcc94f1dff3ac22dbef6e93cc773d0365fd5e40745bf0b2a7050b833d6b03023 -> 60b77ab9a84e8795b12705e1dce919494a2946433b89b672a45085bc6a89ba5d
14:45:42.094538977 pdns=inactive/dead/0/0/ named=inactive/dead/0/ agent=inactive/0/ jphase=absent killpid=1548,1919,
14:45:42.402864185 pdns=inactive/dead/0/0/ named=inactive/dead/0/ agent=inactive/0/ jphase=absent killpid=1548,1919,
14:45:42.700094598 pdns=inactive/dead/0/0/ named=inactive/dead/0/ agent=inactive/0/ jphase=absent killpid=1548,1919,
14:45:43.007801075 pdns=inactive/dead/0/0/ named=inactive/dead/0/ agent=inactive/0/ jphase=absent killpid=1548,1919,
14:45:43.332903303 pdns=inactive/dead/0/0/ named=inactive/dead/0/ agent=inactive/0/ jphase=absent killpid=1548,1919,
14:45:43.640932241 pdns=inactive/dead/0/0/ named=inactive/dead/0/ agent=inactive/0/ jphase=absent killpid=1548,1919,
14:45:43.946667955 pdns=inactive/dead/0/0/ named=inactive/dead/0/ agent=inactive/0/ jphase=absent killpid=1548,1919,
14:45:44.253899488 pdns=inactive/dead/0/0/ named=inactive/dead/0/ agent=inactive/0/ jphase=absent killpid=1548,1919,
14:45:44.557187420 pdns=inactive/dead/0/0/ named=inactive/dead/0/ agent=inactive/0/ jphase=absent killpid=1548,1919,
14:45:44.867208194 pdns=inactive/dead/0/0/ named=inactive/dead/0/ agent=inactive/0/ jphase=absent killpid=1548,1919,
14:45:45.176058122 pdns=inactive/dead/0/0/ named=inactive/dead/0/ agent=inactive/0/ jphase=absent killpid=1548,1919,
14:45:45.501292054 pdns=inactive/dead/0/0/ named=inactive/dead/0/ agent=inactive/0/ jphase=absent killpid=1548,1919,
14:45:45.787567505 pdns=inactive/dead/0/0/ named=inactive/dead/0/ agent=inactive/0/ jphase=absent killpid=1548,1919,
14:45:46.081133614 pdns=inactive/dead/0/0/ named=inactive/dead/0/ agent=inactive/0/ jphase=absent killpid=1548,1919,
14:45:46.371986577 pdns=inactive/dead/0/0/ named=inactive/dead/0/ agent=inactive/0/ jphase=absent killpid=1548,1919,
14:45:46.679085156 pdns=inactive/dead/0/0/ named=inactive/dead/0/ agent=inactive/0/ jphase=absent killpid=1548,1919,
14:45:47.027296503 pdns=inactive/dead/0/0/ named=inactive/dead/0/ agent=inactive/0/ jphase=absent killpid=1548,1919,
14:45:47.374329078 CHANGE ledger 60b77ab9a84e8795b12705e1dce919494a2946433b89b672a45085bc6a89ba5d -> 7b4c87cf8d4c7aa83e50e1ea652ad6e3646b9d76cfead85c084df2a6042fb000
14:45:47.378553107 pdns=inactive/dead/0/0/ named=inactive/dead/0/ agent=inactive/0/ jphase=absent killpid=1548,1919,
14:45:47.694145465 pdns=inactive/dead/0/0/ named=inactive/dead/0/ agent=inactive/0/ jphase=absent killpid=1548,1919,
14:45:48.014877578 pdns=inactive/dead/0/0/ named=inactive/dead/0/ agent=inactive/0/ jphase=absent killpid=1548,1919,
14:45:48.326768954 pdns=inactive/dead/0/0/ named=inactive/dead/0/ agent=inactive/0/ jphase=absent killpid=1548,1919,
14:45:48.634785683 pdns=inactive/dead/0/0/ named=inactive/dead/0/ agent=inactive/0/ jphase=absent killpid=1548,1919,
14:45:48.940616192 pdns=inactive/dead/0/0/ named=inactive/dead/0/ agent=inactive/0/ jphase=absent killpid=1548,1919,
14:45:49.253503601 pdns=inactive/dead/0/0/ named=inactive/dead/0/ agent=inactive/0/ jphase=absent killpid=1548,1919,
14:45:49.566360661 pdns=inactive/dead/0/0/ named=inactive/dead/0/ agent=inactive/0/ jphase=absent killpid=1548,1919,
14:45:49.916088539 pdns=inactive/dead/0/0/ named=inactive/dead/0/ agent=inactive/0/ jphase=absent killpid=1548,1919,
14:45:50.209764020 pdns=inactive/dead/0/0/ named=inactive/dead/0/ agent=inactive/0/ jphase=absent killpid=1548,1919,
14:45:50.513186545 pdns=inactive/dead/0/0/ named=inactive/dead/0/ agent=inactive/0/ jphase=absent killpid=1548,1919,
14:45:50.832646752 pdns=inactive/dead/0/0/ named=inactive/dead/0/ agent=inactive/0/ jphase=absent killpid=1548,1919,
14:45:51.151602530 pdns=inactive/dead/0/0/ named=inactive/dead/0/ agent=inactive/0/ jphase=absent killpid=1548,1919,
14:45:51.463317154 pdns=inactive/dead/0/0/ named=inactive/dead/0/ agent=inactive/0/ jphase=absent killpid=1548,1919,
14:45:51.768537213 pdns=inactive/dead/0/0/ named=inactive/dead/0/ agent=inactive/0/ jphase=absent killpid=1548,1919,
14:45:52.071224125 CHANGE ledger 7b4c87cf8d4c7aa83e50e1ea652ad6e3646b9d76cfead85c084df2a6042fb000 -> 89480d486249195cd62c3f4910bf603aa05b5505f8f22284eb190aa4a9dae624
14:45:52.074572137 pdns=inactive/dead/0/0/ named=inactive/dead/0/ agent=inactive/0/ jphase=absent killpid=1548,1919,
14:45:52.362067874 pdns=inactive/dead/0/0/ named=inactive/dead/0/ agent=inactive/0/ jphase=absent killpid=1548,1919,
14:45:52.655993120 pdns=inactive/dead/0/0/ named=inactive/dead/0/ agent=inactive/0/ jphase=absent killpid=1548,1919,
14:45:53.005854142 pdns=inactive/dead/0/0/ named=inactive/dead/0/ agent=inactive/0/ jphase=absent killpid=1548,1919,
14:45:53.343346760 pdns=inactive/dead/0/0/ named=inactive/dead/0/ agent=inactive/0/ jphase=absent killpid=1548,1919,
14:45:53.661414634 pdns=inactive/dead/0/0/ named=inactive/dead/0/ agent=inactive/0/ jphase=absent killpid=1548,1919,
14:45:53.994116002 pdns=inactive/dead/0/0/ named=inactive/dead/0/ agent=inactive/0/ jphase=absent killpid=1548,1919,
14:45:54.287531451 pdns=inactive/dead/0/0/ named=inactive/dead/0/ agent=inactive/0/ jphase=absent killpid=1548,1919,
14:45:54.589332552 pdns=inactive/dead/0/0/ named=inactive/dead/0/ agent=inactive/0/ jphase=absent killpid=1548,1919,
14:45:54.877766499 pdns=inactive/dead/0/0/ named=inactive/dead/0/ agent=inactive/0/ jphase=absent killpid=1548,1919,
14:45:55.184645311 pdns=inactive/dead/0/0/ named=inactive/dead/0/ agent=inactive/0/ jphase=absent killpid=1548,1919,
14:45:55.510393704 pdns=inactive/dead/0/0/ named=inactive/dead/0/ agent=inactive/0/ jphase=absent killpid=1548,1919,
14:45:55.820600533 pdns=inactive/dead/0/0/ named=inactive/dead/0/ agent=inactive/0/ jphase=absent killpid=1548,1919,
14:45:56.141240595 pdns=inactive/dead/0/0/ named=inactive/dead/0/ agent=inactive/0/ jphase=absent killpid=1548,1919,
14:45:56.432703900 pdns=inactive/dead/0/0/ named=inactive/dead/0/ agent=inactive/0/ jphase=absent killpid=1548,1919,
14:45:56.737739830 pdns=inactive/dead/0/0/ named=inactive/dead/0/ agent=inactive/0/ jphase=absent killpid=1548,1919,
14:45:57.040058674 pdns=inactive/dead/0/0/ named=inactive/dead/0/ agent=inactive/0/ jphase=absent killpid=1548,1919,
14:45:57.333037136 CHANGE ledger 89480d486249195cd62c3f4910bf603aa05b5505f8f22284eb190aa4a9dae624 -> d29b14cfdd72032bd495ac93c99407a40d79ff78e60c37cb6942c5e28a5e58fa
14:45:57.336182796 pdns=inactive/dead/0/0/ named=inactive/dead/0/ agent=inactive/0/ jphase=absent killpid=1548,1919,
14:45:57.636401010 pdns=inactive/dead/0/0/ named=inactive/dead/0/ agent=inactive/0/ jphase=absent killpid=1548,1919,
14:45:57.941589626 pdns=inactive/dead/0/0/ named=inactive/dead/0/ agent=inactive/0/ jphase=absent killpid=1548,1919,
14:45:58.292982219 pdns=inactive/dead/0/0/ named=inactive/dead/0/ agent=inactive/0/ jphase=absent killpid=1548,1919,
14:45:58.677551790 pdns=inactive/dead/0/0/ named=inactive/dead/0/ agent=inactive/0/ jphase=absent killpid=1548,1919,
14:45:58.983848910 pdns=inactive/dead/0/0/ named=inactive/dead/0/ agent=inactive/0/ jphase=absent killpid=1548,1919,
14:45:59.294180849 pdns=inactive/dead/0/0/ named=inactive/dead/0/ agent=inactive/0/ jphase=absent killpid=1548,1919,
14:45:59.580546528 pdns=inactive/dead/0/0/ named=inactive/dead/0/ agent=inactive/0/ jphase=absent killpid=1548,1919,
14:45:59.887678161 pdns=inactive/dead/0/0/ named=inactive/dead/0/ agent=inactive/0/ jphase=absent killpid=1548,1919,
14:46:00.206850000 pdns=inactive/dead/0/0/ named=inactive/dead/0/ agent=inactive/0/ jphase=absent killpid=1548,1919,
14:46:00.499964207 pdns=inactive/dead/0/0/ named=inactive/dead/0/ agent=inactive/0/ jphase=absent killpid=1548,1919,
14:46:00.795460260 pdns=inactive/dead/0/0/ named=inactive/dead/0/ agent=inactive/0/ jphase=absent killpid=1548,1919,
14:46:01.095599066 pdns=inactive/dead/0/0/ named=inactive/dead/0/ agent=inactive/0/ jphase=absent killpid=1548,1919,
14:46:01.387944652 pdns=inactive/dead/0/0/ named=inactive/dead/0/ agent=inactive/0/ jphase=absent killpid=1548,1919,
14:46:01.694778007 pdns=inactive/dead/0/0/ named=inactive/dead/0/ agent=inactive/0/ jphase=absent killpid=1548,1919,
14:46:02.001419310 pdns=inactive/dead/0/0/ named=inactive/dead/0/ agent=inactive/0/ jphase=absent killpid=1548,1919,
14:46:02.311782452 CHANGE ledger d29b14cfdd72032bd495ac93c99407a40d79ff78e60c37cb6942c5e28a5e58fa -> 028d72eb638bf1f6d2d3ae78eda9e229ab350efd51aa3ca96c6400712d8e28e4
14:46:02.316625385 pdns=inactive/dead/0/0/ named=inactive/dead/0/ agent=inactive/0/ jphase=absent killpid=1548,1919,
14:46:02.622233830 pdns=inactive/dead/0/0/ named=inactive/dead/0/ agent=inactive/0/ jphase=absent killpid=1548,1919,
14:46:02.911929502 pdns=inactive/dead/0/0/ named=inactive/dead/0/ agent=inactive/0/ jphase=absent killpid=1548,1919,
14:46:03.215930034 pdns=inactive/dead/0/0/ named=inactive/dead/0/ agent=inactive/0/ jphase=absent killpid=1548,1919,
14:46:03.520646228 pdns=inactive/dead/0/0/ named=inactive/dead/0/ agent=inactive/0/ jphase=absent killpid=1548,1919,
14:46:03.858441371 pdns=inactive/dead/0/0/ named=inactive/dead/0/ agent=inactive/0/ jphase=absent killpid=1548,1919,
14:46:04.159377783 pdns=inactive/dead/0/0/ named=inactive/dead/0/ agent=inactive/0/ jphase=absent killpid=1548,1919,
14:46:04.446349030 pdns=inactive/dead/0/0/ named=inactive/dead/0/ agent=inactive/0/ jphase=absent killpid=1548,1919,
14:46:04.735642537 pdns=inactive/dead/0/0/ named=inactive/dead/0/ agent=inactive/0/ jphase=absent killpid=1548,1919,
14:46:05.025524304 pdns=inactive/dead/0/0/ named=inactive/dead/0/ agent=inactive/0/ jphase=absent killpid=1548,1919,
14:46:05.315215158 pdns=inactive/dead/0/0/ named=inactive/dead/0/ agent=inactive/0/ jphase=absent killpid=1548,1919,
14:46:05.602322321 pdns=inactive/dead/0/0/ named=inactive/dead/0/ agent=inactive/0/ jphase=absent killpid=1548,1919,
14:46:05.890943988 pdns=inactive/dead/0/0/ named=inactive/dead/0/ agent=inactive/0/ jphase=absent killpid=1548,1919,
14:46:06.190851965 pdns=inactive/dead/0/0/ named=inactive/dead/0/ agent=inactive/0/ jphase=absent killpid=1548,1919,
14:46:06.479380915 pdns=inactive/dead/0/0/ named=inactive/dead/0/ agent=inactive/0/ jphase=absent killpid=1548,1919,
14:46:06.778385522 pdns=inactive/dead/0/0/ named=inactive/dead/0/ agent=inactive/0/ jphase=absent killpid=1548,1919,
14:46:07.133036582 CHANGE ledger 028d72eb638bf1f6d2d3ae78eda9e229ab350efd51aa3ca96c6400712d8e28e4 -> f248ad69effe2ac841a7835999c77e2f00de74735fef18cd09cff0a6eb2a029f
14:46:07.136975832 pdns=inactive/dead/0/0/ named=inactive/dead/0/ agent=inactive/0/ jphase=absent killpid=1548,1919,
done
