01:40:26.445665665 CHANGE journal none -> absent
01:40:26.456737976 CHANGE ledger none -> 177f61d12ed0bb85e6ea535b807b376e26bbe0871405a13867c0b3cb6ea4b211
01:40:26.460698626 CHANGE state none -> absent
01:40:26.464523621 CHANGE pdnsdb none -> absent
01:40:26.468405413 POINTER 
01:40:26.469922438 pdns=0/0/inactive/dead/ named=0/inactive/dead/ agent=0/inactive/ jphase=absent killpid=
01:40:26.742401259 pdns=0/0/inactive/dead/ named=0/inactive/dead/ agent=0/inactive/ jphase=absent killpid=
01:40:27.015202761 pdns=0/0/inactive/dead/ named=0/inactive/dead/ agent=0/inactive/ jphase=absent killpid=
01:40:27.318807578 pdns=0/0/inactive/dead/ named=0/inactive/dead/ agent=0/inactive/ jphase=absent killpid=
01:40:27.592070631 pdns=0/0/inactive/dead/ named=0/inactive/dead/ agent=0/inactive/ jphase=absent killpid=
01:40:27.866458913 pdns=0/0/inactive/dead/ named=0/inactive/dead/ agent=0/inactive/ jphase=absent killpid=
01:40:28.148818332 pdns=0/0/inactive/dead/ named=0/inactive/dead/ agent=0/inactive/ jphase=absent killpid=1902,
01:40:28.424610161 pdns=0/0/inactive/dead/ named=0/inactive/dead/ agent=0/inactive/ jphase=absent killpid=1902,
01:40:28.695403717 pdns=0/0/inactive/dead/ named=0/inactive/dead/ agent=0/inactive/ jphase=absent killpid=1902,
01:40:28.966445456 pdns=0/0/inactive/dead/ named=0/inactive/dead/ agent=0/inactive/ jphase=absent killpid=1902,
01:40:29.239692060 CHANGE ledger 177f61d12ed0bb85e6ea535b807b376e26bbe0871405a13867c0b3cb6ea4b211 -> 7d57ec68e0735f5960e23c8a8003c23d6f9bd7d48cb320cf3773a8442a5be2c6
01:40:29.245219180 pdns=0/0/inactive/dead/ named=0/inactive/dead/ agent=0/inactive/ jphase=absent killpid=1902,
01:40:29.535986811 CHANGE ledger 7d57ec68e0735f5960e23c8a8003c23d6f9bd7d48cb320cf3773a8442a5be2c6 -> f1ab392eb04ae1f4e2179a5535c124cdaeb1cd5902ebf49e4c07b4e14faf4576
01:40:29.539819648 pdns=0/0/inactive/dead/ named=0/inactive/dead/ agent=0/inactive/ jphase=absent killpid=1902,2117,
01:40:29.813896147 pdns=0/0/inactive/dead/ named=0/inactive/dead/ agent=0/inactive/ jphase=absent killpid=1902,2117,
01:40:30.086551184 pdns=0/0/inactive/dead/ named=0/inactive/dead/ agent=0/inactive/ jphase=absent killpid=1902,2117,
01:40:30.362285346 pdns=0/0/inactive/dead/ named=0/inactive/dead/ agent=0/inactive/ jphase=absent killpid=1902,2117,
01:40:30.668373578 pdns=0/0/inactive/dead/ named=0/inactive/dead/ agent=0/inactive/ jphase=absent killpid=1902,2117,
01:40:31.007177781 pdns=0/0/inactive/dead/ named=0/inactive/dead/ agent=0/inactive/ jphase=absent killpid=1902,2117,
01:40:31.328090472 pdns=0/0/inactive/dead/ named=0/inactive/dead/ agent=0/inactive/ jphase=absent killpid=1902,2117,
01:40:31.611297968 pdns=0/0/inactive/dead/ named=0/inactive/dead/ agent=0/inactive/ jphase=absent killpid=1902,2117,
01:40:31.888019105 pdns=0/0/inactive/dead/ named=0/inactive/dead/ agent=0/inactive/ jphase=absent killpid=1902,2117,
01:40:32.168138689 pdns=0/0/inactive/dead/ named=0/inactive/dead/ agent=0/inactive/ jphase=absent killpid=1902,2117,
01:40:32.440157422 pdns=0/0/inactive/dead/ named=0/inactive/dead/ agent=0/inactive/ jphase=absent killpid=1902,2117,
01:40:32.710112921 pdns=0/0/inactive/dead/ named=0/inactive/dead/ agent=0/inactive/ jphase=absent killpid=1902,2117,
01:40:32.979179013 pdns=0/0/inactive/dead/ named=0/inactive/dead/ agent=0/inactive/ jphase=absent killpid=1902,2117,
01:40:33.248720187 pdns=0/0/inactive/dead/ named=0/inactive/dead/ agent=0/inactive/ jphase=absent killpid=1902,2117,
01:40:33.521785568 pdns=0/0/inactive/dead/ named=0/inactive/dead/ agent=0/inactive/ jphase=absent killpid=1902,2117,
01:40:33.794567944 pdns=0/0/inactive/dead/ named=0/inactive/dead/ agent=0/inactive/ jphase=absent killpid=1902,2117,
01:40:34.064912235 pdns=0/0/inactive/dead/ named=0/inactive/dead/ agent=0/inactive/ jphase=absent killpid=1902,2117,
01:40:34.336167818 CHANGE ledger f1ab392eb04ae1f4e2179a5535c124cdaeb1cd5902ebf49e4c07b4e14faf4576 -> 245d41c123462abd00b845ba9d2e3cf0d442dc8e89059973bf4ded526f5ae9ec
01:40:34.340404629 pdns=0/0/inactive/dead/ named=0/inactive/dead/ agent=0/inactive/ jphase=absent killpid=1902,2117,
01:40:34.611731936 pdns=0/0/inactive/dead/ named=0/inactive/dead/ agent=0/inactive/ jphase=absent killpid=1902,2117,
01:40:34.887160156 pdns=0/0/inactive/dead/ named=0/inactive/dead/ agent=0/inactive/ jphase=absent killpid=1902,2117,
01:40:35.160398117 pdns=0/0/inactive/dead/ named=0/inactive/dead/ agent=0/inactive/ jphase=absent killpid=1902,2117,
01:40:35.431566684 pdns=0/0/inactive/dead/ named=0/inactive/dead/ agent=0/inactive/ jphase=absent killpid=1902,2117,
01:40:35.702221561 pdns=0/0/inactive/dead/ named=0/inactive/dead/ agent=0/inactive/ jphase=absent killpid=1902,2117,
01:40:35.972450146 pdns=0/0/inactive/dead/ named=0/inactive/dead/ agent=0/inactive/ jphase=absent killpid=1902,2117,
01:40:36.250527920 pdns=0/0/inactive/dead/ named=0/inactive/dead/ agent=0/inactive/ jphase=absent killpid=1902,2117,
01:40:36.532537548 pdns=0/0/inactive/dead/ named=0/inactive/dead/ agent=0/inactive/ jphase=absent killpid=1902,2117,
01:40:36.804023054 pdns=0/0/inactive/dead/ named=0/inactive/dead/ agent=0/inactive/ jphase=absent killpid=1902,2117,
01:40:37.074643567 pdns=0/0/inactive/dead/ named=0/inactive/dead/ agent=0/inactive/ jphase=absent killpid=1902,2117,
01:40:37.346665337 pdns=0/0/inactive/dead/ named=0/inactive/dead/ agent=0/inactive/ jphase=absent killpid=1902,2117,
01:40:37.616821621 pdns=0/0/inactive/dead/ named=0/inactive/dead/ agent=0/inactive/ jphase=absent killpid=1902,2117,
01:40:37.888557161 pdns=0/0/inactive/dead/ named=0/inactive/dead/ agent=0/inactive/ jphase=absent killpid=1902,2117,
01:40:38.158366617 pdns=0/0/inactive/dead/ named=0/inactive/dead/ agent=0/inactive/ jphase=absent killpid=1902,2117,
01:40:38.436704477 pdns=0/0/inactive/dead/ named=0/inactive/dead/ agent=0/inactive/ jphase=absent killpid=1902,2117,
01:40:38.712570115 pdns=0/0/inactive/dead/ named=0/inactive/dead/ agent=0/inactive/ jphase=absent killpid=1902,2117,
01:40:38.984155018 pdns=0/0/inactive/dead/ named=0/inactive/dead/ agent=0/inactive/ jphase=absent killpid=1902,2117,
01:40:39.256862206 CHANGE ledger 245d41c123462abd00b845ba9d2e3cf0d442dc8e89059973bf4ded526f5ae9ec -> f74aee31bec675ac4119ce70f32f3466a093d40df471438fadaf0c9347e1343d
01:40:39.260640906 pdns=0/0/inactive/dead/ named=0/inactive/dead/ agent=0/inactive/ jphase=absent killpid=1902,2117,
01:40:39.535034925 pdns=0/0/inactive/dead/ named=0/inactive/dead/ agent=0/inactive/ jphase=absent killpid=1902,2117,
01:40:39.805083442 pdns=0/0/inactive/dead/ named=0/inactive/dead/ agent=0/inactive/ jphase=absent killpid=1902,2117,
01:40:40.075334899 pdns=0/0/inactive/dead/ named=0/inactive/dead/ agent=0/inactive/ jphase=absent killpid=1902,2117,
01:40:40.345245645 pdns=0/0/inactive/dead/ named=0/inactive/dead/ agent=0/inactive/ jphase=absent killpid=1902,2117,
01:40:40.617017167 pdns=0/0/inactive/dead/ named=0/inactive/dead/ agent=0/inactive/ jphase=absent killpid=1902,2117,
01:40:40.889487146 pdns=0/0/inactive/dead/ named=0/inactive/dead/ agent=0/inactive/ jphase=absent killpid=1902,2117,
01:40:41.160022276 pdns=0/0/inactive/dead/ named=0/inactive/dead/ agent=0/inactive/ jphase=absent killpid=1902,2117,
01:40:41.432520692 pdns=0/0/inactive/dead/ named=0/inactive/dead/ agent=0/inactive/ jphase=absent killpid=1902,2117,
01:40:41.703402211 pdns=0/0/inactive/dead/ named=0/inactive/dead/ agent=0/inactive/ jphase=absent killpid=1902,2117,
01:40:42.007557161 pdns=0/0/inactive/dead/ named=0/inactive/dead/ agent=0/inactive/ jphase=absent killpid=1902,2117,
01:40:42.279338217 pdns=0/0/inactive/dead/ named=0/inactive/dead/ agent=0/inactive/ jphase=absent killpid=1902,2117,
01:40:42.550065293 pdns=0/0/inactive/dead/ named=0/inactive/dead/ agent=0/inactive/ jphase=absent killpid=1902,2117,
01:40:42.819976952 pdns=0/0/inactive/dead/ named=0/inactive/dead/ agent=0/inactive/ jphase=absent killpid=1902,2117,
01:40:43.090272934 pdns=0/0/inactive/dead/ named=0/inactive/dead/ agent=0/inactive/ jphase=absent killpid=1902,2117,
01:40:43.360986360 pdns=0/0/inactive/dead/ named=0/inactive/dead/ agent=0/inactive/ jphase=absent killpid=1902,2117,
01:40:43.631744899 pdns=0/0/inactive/dead/ named=0/inactive/dead/ agent=0/inactive/ jphase=absent killpid=1902,2117,
01:40:43.901481470 pdns=0/0/inactive/dead/ named=0/inactive/dead/ agent=0/inactive/ jphase=absent killpid=1902,2117,
01:40:44.171602904 pdns=0/0/inactive/dead/ named=0/inactive/dead/ agent=0/inactive/ jphase=absent killpid=1902,2117,
01:40:44.446903796 CHANGE ledger f74aee31bec675ac4119ce70f32f3466a093d40df471438fadaf0c9347e1343d -> d68e8fe0ba24277ced6740af0242d2112b7bf0083a40f911d30b3faa933bd78b
01:40:44.450471003 pdns=0/0/inactive/dead/ named=0/inactive/dead/ agent=0/inactive/ jphase=absent killpid=1902,2117,
01:40:44.721060716 pdns=0/0/inactive/dead/ named=0/inactive/dead/ agent=0/inactive/ jphase=absent killpid=1902,2117,
01:40:44.991887788 pdns=0/0/inactive/dead/ named=0/inactive/dead/ agent=0/inactive/ jphase=absent killpid=1902,2117,
01:40:45.263415448 pdns=0/0/inactive/dead/ named=0/inactive/dead/ agent=0/inactive/ jphase=absent killpid=1902,2117,
01:40:45.537381223 pdns=0/0/inactive/dead/ named=0/inactive/dead/ agent=0/inactive/ jphase=absent killpid=1902,2117,
01:40:45.807080179 pdns=0/0/inactive/dead/ named=0/inactive/dead/ agent=0/inactive/ jphase=absent killpid=1902,2117,
01:40:46.077336111 pdns=0/0/inactive/dead/ named=0/inactive/dead/ agent=0/inactive/ jphase=absent killpid=1902,2117,
01:40:46.347397204 pdns=0/0/inactive/dead/ named=0/inactive/dead/ agent=0/inactive/ jphase=absent killpid=1902,2117,
01:40:46.618198850 pdns=0/0/inactive/dead/ named=0/inactive/dead/ agent=0/inactive/ jphase=absent killpid=1902,2117,
01:40:46.906689944 pdns=0/0/inactive/dead/ named=0/inactive/dead/ agent=0/inactive/ jphase=absent killpid=1902,2117,
01:40:47.181620597 pdns=0/0/inactive/dead/ named=0/inactive/dead/ agent=0/inactive/ jphase=absent killpid=1902,2117,
01:40:47.456122279 pdns=0/0/inactive/dead/ named=0/inactive/dead/ agent=0/inactive/ jphase=absent killpid=1902,2117,
01:40:47.737256081 pdns=0/0/inactive/dead/ named=0/inactive/dead/ agent=0/inactive/ jphase=absent killpid=1902,2117,
01:40:48.008103834 pdns=0/0/inactive/dead/ named=0/inactive/dead/ agent=0/inactive/ jphase=absent killpid=1902,2117,
01:40:48.277088721 pdns=0/0/inactive/dead/ named=0/inactive/dead/ agent=0/inactive/ jphase=absent killpid=1902,2117,
01:40:48.547523341 pdns=0/0/inactive/dead/ named=0/inactive/dead/ agent=0/inactive/ jphase=absent killpid=1902,2117,
01:40:48.820832460 pdns=0/0/inactive/dead/ named=0/inactive/dead/ agent=0/inactive/ jphase=absent killpid=1902,2117,
01:40:49.093575071 pdns=0/0/inactive/dead/ named=0/inactive/dead/ agent=0/inactive/ jphase=absent killpid=1902,2117,
01:40:49.365382346 CHANGE ledger d68e8fe0ba24277ced6740af0242d2112b7bf0083a40f911d30b3faa933bd78b -> d80d70932beacd1e2c41ccc6266097bdc64522d176ca53e64de36b2b316521df
01:40:49.369136055 pdns=0/0/inactive/dead/ named=0/inactive/dead/ agent=0/inactive/ jphase=absent killpid=1902,2117,
01:40:49.639986683 pdns=0/0/inactive/dead/ named=0/inactive/dead/ agent=0/inactive/ jphase=absent killpid=1902,2117,
01:40:49.914158711 pdns=0/0/inactive/dead/ named=0/inactive/dead/ agent=0/inactive/ jphase=absent killpid=1902,2117,
01:40:50.185062852 pdns=0/0/inactive/dead/ named=0/inactive/dead/ agent=0/inactive/ jphase=absent killpid=1902,2117,
01:40:50.454872211 pdns=0/0/inactive/dead/ named=0/inactive/dead/ agent=0/inactive/ jphase=absent killpid=1902,2117,
01:40:50.726139248 pdns=0/0/inactive/dead/ named=0/inactive/dead/ agent=0/inactive/ jphase=absent killpid=1902,2117,
01:40:50.997470681 pdns=0/0/inactive/dead/ named=0/inactive/dead/ agent=0/inactive/ jphase=absent killpid=1902,2117,
01:40:51.270582339 pdns=0/0/inactive/dead/ named=0/inactive/dead/ agent=0/inactive/ jphase=absent killpid=1902,2117,
01:40:51.540342867 pdns=0/0/inactive/dead/ named=0/inactive/dead/ agent=0/inactive/ jphase=absent killpid=1902,2117,
01:40:51.811094297 pdns=0/0/inactive/dead/ named=0/inactive/dead/ agent=0/inactive/ jphase=absent killpid=1902,2117,
01:40:52.079766851 pdns=0/0/inactive/dead/ named=0/inactive/dead/ agent=0/inactive/ jphase=absent killpid=1902,2117,
01:40:52.352717846 pdns=0/0/inactive/dead/ named=0/inactive/dead/ agent=0/inactive/ jphase=absent killpid=1902,2117,
01:40:52.624336387 pdns=0/0/inactive/dead/ named=0/inactive/dead/ agent=0/inactive/ jphase=absent killpid=1902,2117,
01:40:52.895687297 pdns=0/0/inactive/dead/ named=0/inactive/dead/ agent=0/inactive/ jphase=absent killpid=1902,2117,
01:40:53.166981673 pdns=0/0/inactive/dead/ named=0/inactive/dead/ agent=0/inactive/ jphase=absent killpid=1902,2117,
01:40:53.438191769 pdns=0/0/inactive/dead/ named=0/inactive/dead/ agent=0/inactive/ jphase=absent killpid=1902,2117,
01:40:53.708702849 pdns=0/0/inactive/dead/ named=0/inactive/dead/ agent=0/inactive/ jphase=absent killpid=1902,2117,
01:40:53.981759767 pdns=0/0/inactive/dead/ named=0/inactive/dead/ agent=0/inactive/ jphase=absent killpid=1902,2117,
01:40:54.256687594 CHANGE ledger d80d70932beacd1e2c41ccc6266097bdc64522d176ca53e64de36b2b316521df -> 9d8f4f1c08ee5078fab9ea5ee8bd5657696c316a8152bad7ac5a3e3b31a0b7cc
01:40:54.260155496 pdns=0/0/inactive/dead/ named=0/inactive/dead/ agent=0/inactive/ jphase=absent killpid=1902,2117,
01:40:54.529884154 pdns=0/0/inactive/dead/ named=0/inactive/dead/ agent=0/inactive/ jphase=absent killpid=1902,2117,
01:40:54.801363750 pdns=0/0/inactive/dead/ named=0/inactive/dead/ agent=0/inactive/ jphase=absent killpid=1902,2117,
01:40:55.070756226 pdns=0/0/inactive/dead/ named=0/inactive/dead/ agent=0/inactive/ jphase=absent killpid=1902,2117,
01:40:55.342537594 pdns=0/0/inactive/dead/ named=0/inactive/dead/ agent=0/inactive/ jphase=absent killpid=1902,2117,
01:40:55.614047544 pdns=0/0/inactive/dead/ named=0/inactive/dead/ agent=0/inactive/ jphase=absent killpid=1902,2117,
01:40:55.902981193 pdns=0/0/inactive/dead/ named=0/inactive/dead/ agent=0/inactive/ jphase=absent killpid=1902,2117,
01:40:56.174966212 pdns=0/0/inactive/dead/ named=0/inactive/dead/ agent=0/inactive/ jphase=absent killpid=1902,2117,
01:40:56.445019531 pdns=0/0/inactive/dead/ named=0/inactive/dead/ agent=0/inactive/ jphase=absent killpid=1902,2117,
01:40:56.715082254 pdns=0/0/inactive/dead/ named=0/inactive/dead/ agent=0/inactive/ jphase=absent killpid=1902,2117,
01:40:56.986525547 pdns=0/0/inactive/dead/ named=0/inactive/dead/ agent=0/inactive/ jphase=absent killpid=1902,2117,
01:40:57.260052953 pdns=0/0/inactive/dead/ named=0/inactive/dead/ agent=0/inactive/ jphase=absent killpid=1902,2117,
01:40:57.536151146 pdns=0/0/inactive/dead/ named=0/inactive/dead/ agent=0/inactive/ jphase=absent killpid=1902,2117,
01:40:57.809766079 pdns=0/0/inactive/dead/ named=0/inactive/dead/ agent=0/inactive/ jphase=absent killpid=1902,2117,
01:40:58.084862580 pdns=0/0/inactive/dead/ named=0/inactive/dead/ agent=0/inactive/ jphase=absent killpid=1902,2117,
01:40:58.360024988 pdns=0/0/inactive/dead/ named=0/inactive/dead/ agent=0/inactive/ jphase=absent killpid=1902,2117,
01:40:58.630278026 pdns=0/0/inactive/dead/ named=0/inactive/dead/ agent=0/inactive/ jphase=absent killpid=1902,2117,
01:40:58.901837032 pdns=0/0/inactive/dead/ named=0/inactive/dead/ agent=0/inactive/ jphase=absent killpid=1902,2117,
01:40:59.174550652 pdns=0/0/inactive/dead/ named=0/inactive/dead/ agent=0/inactive/ jphase=absent killpid=1902,2117,
01:40:59.452737932 CHANGE ledger 9d8f4f1c08ee5078fab9ea5ee8bd5657696c316a8152bad7ac5a3e3b31a0b7cc -> 992d8c13ae71ebb1c635fc825669771f742172faa2d4a0e885fa28425578d78d
01:40:59.456529594 pdns=0/0/inactive/dead/ named=0/inactive/dead/ agent=0/inactive/ jphase=absent killpid=1902,2117,
01:40:59.735076283 pdns=0/0/inactive/dead/ named=0/inactive/dead/ agent=0/inactive/ jphase=absent killpid=1902,2117,
01:41:00.006039192 pdns=0/0/inactive/dead/ named=0/inactive/dead/ agent=0/inactive/ jphase=absent killpid=1902,2117,
01:41:00.278357263 pdns=0/0/inactive/dead/ named=0/inactive/dead/ agent=0/inactive/ jphase=absent killpid=1902,2117,
01:41:00.548736879 pdns=0/0/inactive/dead/ named=0/inactive/dead/ agent=0/inactive/ jphase=absent killpid=1902,2117,
01:41:00.819518705 pdns=0/0/inactive/dead/ named=0/inactive/dead/ agent=0/inactive/ jphase=absent killpid=1902,2117,
01:41:01.088949163 pdns=0/0/inactive/dead/ named=0/inactive/dead/ agent=0/inactive/ jphase=absent killpid=1902,2117,
01:41:01.359144473 pdns=0/0/inactive/dead/ named=0/inactive/dead/ agent=0/inactive/ jphase=absent killpid=1902,2117,
01:41:01.634675873 pdns=0/0/inactive/dead/ named=0/inactive/dead/ agent=0/inactive/ jphase=absent killpid=1902,2117,
01:41:01.910916893 pdns=0/0/inactive/dead/ named=0/inactive/dead/ agent=0/inactive/ jphase=absent killpid=1902,2117,
01:41:02.189152595 CHANGE ledger 992d8c13ae71ebb1c635fc825669771f742172faa2d4a0e885fa28425578d78d -> e957906943ee4c60115ba88386f7431b0156ad03d67f9a04188d252447ada89b
01:41:02.192680551 pdns=0/0/inactive/dead/ named=0/inactive/dead/ agent=0/inactive/ jphase=absent killpid=1902,
01:41:02.477354709 CHANGE ledger e957906943ee4c60115ba88386f7431b0156ad03d67f9a04188d252447ada89b -> 4884082a61722188be575015db0f21533f2175808990f43bac4a80042c85cf4f
01:41:02.481165920 pdns=0/0/inactive/dead/ named=0/inactive/dead/ agent=0/inactive/ jphase=absent killpid=1902,
01:41:02.794179488 CHANGE ledger 4884082a61722188be575015db0f21533f2175808990f43bac4a80042c85cf4f -> 3697e3f706572d8f7374fcafe972e6244f059c69dda42aed68c70f2f0a99984d
01:41:02.797699780 pdns=0/0/inactive/dead/ named=0/inactive/dead/ agent=0/inactive/ jphase=absent killpid=1902,5322,
01:41:03.084745286 pdns=0/0/inactive/dead/ named=0/inactive/dead/ agent=0/inactive/ jphase=absent killpid=1902,5322,
01:41:03.368368654 pdns=0/0/inactive/dead/ named=0/inactive/dead/ agent=0/inactive/ jphase=absent killpid=1902,5322,
01:41:03.643993151 pdns=0/0/inactive/dead/ named=0/inactive/dead/ agent=0/inactive/ jphase=absent killpid=1902,5322,
01:41:03.929482711 pdns=0/0/inactive/dead/ named=0/inactive/dead/ agent=0/inactive/ jphase=absent killpid=1902,5322,
01:41:04.214504628 pdns=0/0/inactive/dead/ named=0/inactive/dead/ agent=0/inactive/ jphase=absent killpid=1902,5322,
01:41:04.505971097 CHANGE ledger 3697e3f706572d8f7374fcafe972e6244f059c69dda42aed68c70f2f0a99984d -> 9905b7fe0f0a55d217509c294b2993959a46862cd4b2d0f7ad0eea6a49ae730c
01:41:04.509459004 pdns=0/0/inactive/dead/ named=0/inactive/dead/ agent=0/inactive/ jphase=absent killpid=1902,5322,
01:41:04.794021302 pdns=0/0/inactive/dead/ named=0/inactive/dead/ agent=0/inactive/ jphase=absent killpid=1902,5322,
01:41:05.080476791 pdns=0/0/inactive/dead/ named=0/inactive/dead/ agent=0/inactive/ jphase=absent killpid=1902,5322,
01:41:05.361907395 pdns=0/0/inactive/dead/ named=0/inactive/dead/ agent=0/inactive/ jphase=absent killpid=1902,5322,
01:41:05.653010524 pdns=0/0/inactive/dead/ named=0/inactive/dead/ agent=0/inactive/ jphase=absent killpid=1902,5322,
01:41:05.942512487 pdns=0/0/inactive/dead/ named=0/inactive/dead/ agent=0/inactive/ jphase=absent killpid=1902,5322,
01:41:06.225091136 pdns=0/0/inactive/dead/ named=0/inactive/dead/ agent=0/inactive/ jphase=absent killpid=1902,5322,
01:41:06.556496982 CHANGE ledger 9905b7fe0f0a55d217509c294b2993959a46862cd4b2d0f7ad0eea6a49ae730c -> 8db35052a63f5cc067dc656a4b724f2c3a5863c6410622ff23a0dad41b6191ec
01:41:06.565845376 pdns=0/0/inactive/dead/ named=0/inactive/dead/ agent=0/inactive/ jphase=absent killpid=1902,5859,
01:41:07.014547224 CHANGE ledger 8db35052a63f5cc067dc656a4b724f2c3a5863c6410622ff23a0dad41b6191ec -> c9d3c8744204a70be2c4400666b711f24e40936768b5b329bd7ba974105ff04f
01:41:07.018619985 pdns=0/0/inactive/dead/ named=0/inactive/dead/ agent=0/inactive/ jphase=absent killpid=1902,
01:41:07.317214241 CHANGE journal absent -> d6a9ee2f774d0af09b7e30e72b253c63589b1cdfc63a5f74cbdb66b8568fe685
01:41:07.328387127 CHANGE ledger c9d3c8744204a70be2c4400666b711f24e40936768b5b329bd7ba974105ff04f -> 8b0961ecf598484f31bd4eb94b533a7db4927b6a48b27b4605c3a0739f911503
01:41:07.332570192 pdns=0/0/inactive/dead/ named=0/inactive/dead/ agent=0/inactive/ jphase=intent killpid=1902,
01:41:07.610569295 CHANGE ledger 8b0961ecf598484f31bd4eb94b533a7db4927b6a48b27b4605c3a0739f911503 -> 8cad8f9166923b30545c4fb335718e91510f2b81e57374f9cf639f8073211862
01:41:07.615856228 pdns=0/0/inactive/dead/ named=0/inactive/dead/ agent=0/inactive/ jphase=target-staged killpid=1902,
01:41:07.893236282 CHANGE journal d6a9ee2f774d0af09b7e30e72b253c63589b1cdfc63a5f74cbdb66b8568fe685 -> d1b4e99c14797ce4c60db23be8c301ff28c9503e3a8f95bfb2232301c2253b7a
01:41:07.903864587 CHANGE ledger 8cad8f9166923b30545c4fb335718e91510f2b81e57374f9cf639f8073211862 -> d8eab31f588c83c4dd20d1085e63641b43ea46dcd14ab2af277b228a3fc75615
01:41:07.916473355 CHANGE pdnsdb absent -> 35cdac176becb2d04628c971b5e5a7fea0c406daa97f4f841fffb5c170b17ece
01:41:07.921330593 pdns=0/0/inactive/dead/ named=0/inactive/dead/ agent=0/inactive/ jphase=target-enable-intent killpid=1902,6209,
01:41:08.223086150 CHANGE ledger d8eab31f588c83c4dd20d1085e63641b43ea46dcd14ab2af277b228a3fc75615 -> 4d296218682ffaca4b7e50d16e0564df0d6b1d0a37543b163a3a907f0179c345
01:41:08.235030968 pdns=0/0/inactive/dead/ named=0/inactive/dead/ agent=0/inactive/ jphase=target-enable-intent killpid=1902,6347,
01:41:08.727086226 CHANGE ledger 4d296218682ffaca4b7e50d16e0564df0d6b1d0a37543b163a3a907f0179c345 -> 1b3c1ac74c4ae0a02e6f9e1197fc6545eec7f5ad23e42263c15cc1520d1dc177
01:41:08.743674390 pdns=0/0/inactive/dead/ named=0/inactive/dead/ agent=0/inactive/ jphase=target-enable-intent killpid=1902,
01:41:09.059346822 CHANGE ledger 1b3c1ac74c4ae0a02e6f9e1197fc6545eec7f5ad23e42263c15cc1520d1dc177 -> 81c8b332f3122e8a26e1917896ec16cb10702173d4b26686611ad1646e95cea0
01:41:09.072550327 pdns=0/0/inactive/dead/ named=0/inactive/dead/ agent=0/inactive/ jphase=target-enable-intent killpid=1902,6558,
01:41:09.477517086 CHANGE ledger 81c8b332f3122e8a26e1917896ec16cb10702173d4b26686611ad1646e95cea0 -> ac1661847c6d193981c046c2a7ac1be00d890d348ce0e6e262bc5ccc67c5d6ee
01:41:09.488336164 pdns=0/0/inactive/dead/ named=0/inactive/dead/ agent=0/inactive/ jphase=target-enable-intent killpid=1902,
01:41:09.782318930 CHANGE ledger ac1661847c6d193981c046c2a7ac1be00d890d348ce0e6e262bc5ccc67c5d6ee -> d9daf098771fddd95f285a674caa4500c6a48228fdc2e9aabcb1966df61642b2
01:41:09.792482258 pdns=6728/0/activating/start/ named=0/inactive/dead/ agent=0/inactive/ jphase=target-enable-intent killpid=1902,6710,
01:41:10.101266972 CHANGE journal d1b4e99c14797ce4c60db23be8c301ff28c9503e3a8f95bfb2232301c2253b7a -> 1b9b3599670722d4c0938e60fa07d6c5fde96d2fdf1466599cf70062e141b4e8
01:41:10.114763980 CHANGE ledger d9daf098771fddd95f285a674caa4500c6a48228fdc2e9aabcb1966df61642b2 -> 795da13d842ba05c1bd92b0b3529cc45a850a1d9b7954e73996916a453c2434a
01:41:10.129081642 CHANGE pdnsdb 35cdac176becb2d04628c971b5e5a7fea0c406daa97f4f841fffb5c170b17ece -> 9b1f36b5ae147b418b3e339fc15b5e0658d8838cc2377a368e004db1a320ddc8
01:41:10.133015265 pdns=6728/0/active/running/ named=0/inactive/dead/ agent=6791/active/ jphase=target-started killpid=
01:41:10.513277049 pdns=6728/0/active/running/ named=0/inactive/dead/ agent=6791/active/ jphase=target-started killpid=
01:41:10.807924727 pdns=6728/0/active/running/ named=0/inactive/dead/ agent=6791/active/ jphase=target-started killpid=
01:41:11.105921494 pdns=6728/0/active/running/ named=0/inactive/dead/ agent=6791/active/ jphase=target-started killpid=
01:41:11.390857585 pdns=6728/0/active/running/ named=0/inactive/dead/ agent=6791/active/ jphase=target-started killpid=
01:41:11.664108211 CHANGE journal 1b9b3599670722d4c0938e60fa07d6c5fde96d2fdf1466599cf70062e141b4e8 -> 73eb64aaf6a5c77b58d839e59e2a549b33a119e9b6b76725d170831f62531426
01:41:11.678376365 pdns=6728/0/active/running/ named=0/inactive/dead/ agent=6791/active/ jphase=target-started killpid=
01:41:11.972917202 pdns=6728/0/active/running/ named=0/inactive/dead/ agent=6791/active/ jphase=target-started killpid=
01:41:12.256436601 pdns=6728/0/active/running/ named=0/inactive/dead/ agent=6791/active/ jphase=target-started killpid=
01:41:12.545018316 pdns=6728/0/active/running/ named=0/inactive/dead/ agent=6791/active/ jphase=target-started killpid=
01:41:12.844972092 pdns=6728/0/active/running/ named=0/inactive/dead/ agent=6791/active/ jphase=target-started killpid=
01:41:13.140064756 pdns=6728/0/active/running/ named=0/inactive/dead/ agent=6791/active/ jphase=target-started killpid=
01:41:13.447190010 pdns=6728/0/active/running/ named=0/inactive/dead/ agent=6791/active/ jphase=target-started killpid=
01:41:13.741436653 pdns=6728/0/active/running/ named=0/inactive/dead/ agent=6791/active/ jphase=target-started killpid=
01:41:14.035674903 CHANGE state absent -> 2712703b969633d77665c80a9ef03690488adde61ecef44acd135320ff1866c9
01:41:14.044356983 pdns=6728/0/active/running/ named=0/inactive/dead/ agent=6791/active/ jphase=target-started killpid=
01:41:14.339380062 pdns=6728/0/active/running/ named=0/inactive/dead/ agent=6791/active/ jphase=target-started killpid=
01:41:14.644874220 pdns=6728/0/active/running/ named=0/inactive/dead/ agent=6791/active/ jphase=target-started killpid=
01:41:14.944886683 pdns=6728/0/active/running/ named=0/inactive/dead/ agent=6791/active/ jphase=target-started killpid=
01:41:15.241730445 pdns=6728/0/active/running/ named=0/inactive/dead/ agent=6791/active/ jphase=target-started killpid=
01:41:15.542801287 pdns=6728/0/active/running/ named=0/inactive/dead/ agent=6791/active/ jphase=target-started killpid=
01:41:15.842816954 pdns=6728/0/active/running/ named=0/inactive/dead/ agent=6791/active/ jphase=target-started killpid=
01:41:16.149709022 pdns=6728/0/active/running/ named=0/inactive/dead/ agent=6791/active/ jphase=target-started killpid=
01:41:16.436178065 CHANGE journal 73eb64aaf6a5c77b58d839e59e2a549b33a119e9b6b76725d170831f62531426 -> 8d1e509465295c0a1d7c1cccabd5c53c187bbecccddedb442c6861996788c55d
01:41:16.461069092 pdns=6728/0/active/running/ named=0/inactive/dead/ agent=6791/active/ jphase=target-verified killpid=
01:41:16.753221769 pdns=6728/0/active/running/ named=0/inactive/dead/ agent=6791/active/ jphase=target-verified killpid=
01:41:17.067265479 pdns=6728/0/active/running/ named=0/inactive/dead/ agent=6791/active/ jphase=target-verified killpid=
01:41:17.361434961 pdns=6728/0/active/running/ named=0/inactive/dead/ agent=6791/active/ jphase=target-verified killpid=
01:41:17.657139031 pdns=6728/0/active/running/ named=0/inactive/dead/ agent=6791/active/ jphase=target-verified killpid=
01:41:17.949620415 pdns=6728/0/active/running/ named=0/inactive/dead/ agent=6791/active/ jphase=target-verified killpid=
01:41:18.256143514 pdns=6728/0/active/running/ named=0/inactive/dead/ agent=6791/active/ jphase=target-verified killpid=
01:41:18.559332708 pdns=6728/0/active/running/ named=0/inactive/dead/ agent=6791/active/ jphase=target-verified killpid=
01:41:18.840028696 CHANGE journal 8d1e509465295c0a1d7c1cccabd5c53c187bbecccddedb442c6861996788c55d -> 8833aab2a7f2d7060db585880b0bead4990b3aedd67c822a949e5ecfe104e72a
01:41:18.857868589 pdns=6728/0/active/running/ named=0/inactive/dead/ agent=6791/active/ jphase=committed killpid=
01:41:19.162207545 pdns=6728/0/active/running/ named=0/inactive/dead/ agent=6791/active/ jphase=committed killpid=
01:41:19.459842903 pdns=6728/0/active/running/ named=0/inactive/dead/ agent=6791/active/ jphase=committed killpid=
01:41:19.761490908 pdns=6728/0/active/running/ named=0/inactive/dead/ agent=6791/active/ jphase=committed killpid=
01:41:20.069910329 pdns=6728/0/active/running/ named=0/inactive/dead/ agent=6791/active/ jphase=committed killpid=
01:41:20.365745425 pdns=6728/0/active/running/ named=0/inactive/dead/ agent=6791/active/ jphase=committed killpid=
01:41:20.693942224 pdns=6728/0/active/running/ named=0/inactive/dead/ agent=6791/active/ jphase=committed killpid=
01:41:20.990418666 pdns=6728/0/active/running/ named=0/inactive/dead/ agent=6791/active/ jphase=committed killpid=
01:41:21.297404629 pdns=6728/0/active/running/ named=0/inactive/dead/ agent=6791/active/ jphase=committed killpid=
01:41:21.594075770 pdns=6728/0/active/running/ named=0/inactive/dead/ agent=6791/active/ jphase=committed killpid=
01:41:21.891792003 pdns=6728/0/active/running/ named=0/inactive/dead/ agent=6791/active/ jphase=committed killpid=
01:41:22.177137593 CHANGE journal 8833aab2a7f2d7060db585880b0bead4990b3aedd67c822a949e5ecfe104e72a -> absent
01:41:22.195851592 pdns=6728/0/active/running/ named=0/inactive/dead/ agent=6791/active/ jphase=absent killpid=
01:41:22.481938567 CHANGE ledger 795da13d842ba05c1bd92b0b3529cc45a850a1d9b7954e73996916a453c2434a -> cd8e00a57462f2e8737566c378b7c1eb9e6fe1fe16c312146125bfcc17aeb849
01:41:22.494959754 pdns=6728/0/active/running/ named=0/inactive/dead/ agent=6791/active/ jphase=absent killpid=
01:41:22.783749705 pdns=6728/0/active/running/ named=0/inactive/dead/ agent=6791/active/ jphase=absent killpid=
01:41:23.108497502 pdns=6728/0/active/running/ named=0/inactive/dead/ agent=6791/active/ jphase=absent killpid=
01:41:23.428416644 pdns=6728/0/active/running/ named=0/inactive/dead/ agent=6791/active/ jphase=absent killpid=
01:41:23.712036737 pdns=6728/0/active/running/ named=0/inactive/dead/ agent=6791/active/ jphase=absent killpid=
01:41:23.994286402 pdns=6728/0/active/running/ named=0/inactive/dead/ agent=6791/active/ jphase=absent killpid=
01:41:24.276329264 pdns=6728/0/active/running/ named=0/inactive/dead/ agent=6791/active/ jphase=absent killpid=
01:41:24.556129653 pdns=6728/0/active/running/ named=0/inactive/dead/ agent=6791/active/ jphase=absent killpid=
01:41:24.836102927 pdns=6728/0/active/running/ named=0/inactive/dead/ agent=6791/active/ jphase=absent killpid=
01:41:25.116342519 pdns=6728/0/active/running/ named=0/inactive/dead/ agent=6791/active/ jphase=absent killpid=
01:41:25.395699502 pdns=6728/0/active/running/ named=0/inactive/dead/ agent=6791/active/ jphase=absent killpid=
01:41:25.675685598 pdns=6728/0/active/running/ named=0/inactive/dead/ agent=6791/active/ jphase=absent killpid=
01:41:25.962628624 pdns=6728/0/active/running/ named=0/inactive/dead/ agent=6791/active/ jphase=absent killpid=
01:41:26.243950083 pdns=6728/0/active/running/ named=0/inactive/dead/ agent=6791/active/ jphase=absent killpid=
01:41:26.524845474 pdns=6728/0/active/running/ named=0/inactive/dead/ agent=6791/active/ jphase=absent killpid=
01:41:26.804854705 pdns=6728/0/active/running/ named=0/inactive/dead/ agent=6791/active/ jphase=absent killpid=
01:41:27.083494576 pdns=6728/0/active/running/ named=0/inactive/dead/ agent=6791/active/ jphase=absent killpid=
01:41:27.362089743 pdns=6728/0/active/running/ named=0/inactive/dead/ agent=6791/active/ jphase=absent killpid=
01:41:27.650230560 pdns=6728/0/active/running/ named=0/inactive/dead/ agent=6791/active/ jphase=absent killpid=
01:41:27.935832312 pdns=6728/0/active/running/ named=0/inactive/dead/ agent=6791/active/ jphase=absent killpid=
01:41:28.218356174 pdns=6728/0/active/running/ named=0/inactive/dead/ agent=6791/active/ jphase=absent killpid=
01:41:28.498444831 pdns=6728/0/active/running/ named=0/inactive/dead/ agent=6791/active/ jphase=absent killpid=
01:41:28.778009508 pdns=6728/0/active/running/ named=0/inactive/dead/ agent=6791/active/ jphase=absent killpid=
01:41:29.059335420 pdns=6728/0/active/running/ named=0/inactive/dead/ agent=6791/active/ jphase=absent killpid=
01:41:29.342693925 pdns=6728/0/active/running/ named=0/inactive/dead/ agent=6791/active/ jphase=absent killpid=
01:41:29.627422639 pdns=6728/0/active/running/ named=0/inactive/dead/ agent=6791/active/ jphase=absent killpid=
01:41:29.907728609 pdns=6728/0/active/running/ named=0/inactive/dead/ agent=6791/active/ jphase=absent killpid=
01:41:30.186126712 pdns=6728/0/active/running/ named=0/inactive/dead/ agent=6791/active/ jphase=absent killpid=
01:41:30.467744577 pdns=6728/0/active/running/ named=0/inactive/dead/ agent=6791/active/ jphase=absent killpid=
01:41:30.755795790 pdns=6728/0/active/running/ named=0/inactive/dead/ agent=6791/active/ jphase=absent killpid=
01:41:31.038808153 pdns=6728/0/active/running/ named=0/inactive/dead/ agent=6791/active/ jphase=absent killpid=
01:41:31.319125460 pdns=6728/0/active/running/ named=0/inactive/dead/ agent=6791/active/ jphase=absent killpid=
01:41:31.596308832 pdns=6728/0/active/running/ named=0/inactive/dead/ agent=6791/active/ jphase=absent killpid=
01:41:31.874797783 pdns=6728/0/active/running/ named=0/inactive/dead/ agent=6791/active/ jphase=absent killpid=
01:41:32.152686407 pdns=6728/0/active/running/ named=0/inactive/dead/ agent=6791/active/ jphase=absent killpid=
01:41:32.431825360 pdns=6728/0/active/running/ named=0/inactive/dead/ agent=6791/active/ jphase=absent killpid=
01:41:32.709874355 pdns=6728/0/active/running/ named=0/inactive/dead/ agent=6791/active/ jphase=absent killpid=
01:41:32.988456477 pdns=6728/0/active/running/ named=0/inactive/dead/ agent=6791/active/ jphase=absent killpid=
01:41:33.271996966 pdns=6728/0/active/running/ named=0/inactive/dead/ agent=6791/active/ jphase=absent killpid=
01:41:33.555262573 pdns=6728/0/active/running/ named=0/inactive/dead/ agent=6791/active/ jphase=absent killpid=
01:41:33.835889036 pdns=6728/0/active/running/ named=0/inactive/dead/ agent=6791/active/ jphase=absent killpid=
01:41:34.114262480 pdns=6728/0/active/running/ named=0/inactive/dead/ agent=6791/active/ jphase=absent killpid=
01:41:34.393716459 pdns=6728/0/active/running/ named=0/inactive/dead/ agent=6791/active/ jphase=absent killpid=
01:41:34.700817713 pdns=6728/0/active/running/ named=0/inactive/dead/ agent=6791/active/ jphase=absent killpid=
01:41:34.981765489 pdns=6728/0/active/running/ named=0/inactive/dead/ agent=6791/active/ jphase=absent killpid=
01:41:35.260496370 pdns=6728/0/active/running/ named=0/inactive/dead/ agent=6791/active/ jphase=absent killpid=
01:41:35.542220282 pdns=6728/0/active/running/ named=0/inactive/dead/ agent=6791/active/ jphase=absent killpid=
01:41:35.829108401 pdns=6728/0/active/running/ named=0/inactive/dead/ agent=6791/active/ jphase=absent killpid=
01:41:36.107579535 pdns=6728/0/active/running/ named=0/inactive/dead/ agent=6791/active/ jphase=absent killpid=
01:41:36.390694520 pdns=6728/0/active/running/ named=0/inactive/dead/ agent=6791/active/ jphase=absent killpid=
01:41:36.670342129 pdns=6728/0/active/running/ named=0/inactive/dead/ agent=6791/active/ jphase=absent killpid=
01:41:36.949913348 pdns=6728/0/active/running/ named=0/inactive/dead/ agent=6791/active/ jphase=absent killpid=
01:41:37.228889707 pdns=6728/0/active/running/ named=0/inactive/dead/ agent=6791/active/ jphase=absent killpid=
01:41:37.509337495 pdns=6728/0/active/running/ named=0/inactive/dead/ agent=6791/active/ jphase=absent killpid=
01:41:37.792176391 pdns=6728/0/active/running/ named=0/inactive/dead/ agent=6791/active/ jphase=absent killpid=
01:41:38.079247395 pdns=6728/0/active/running/ named=0/inactive/dead/ agent=6791/active/ jphase=absent killpid=
01:41:38.381733544 pdns=6728/0/active/running/ named=0/inactive/dead/ agent=6791/active/ jphase=absent killpid=
01:41:38.660913231 pdns=6728/0/active/running/ named=0/inactive/dead/ agent=6791/active/ jphase=absent killpid=
01:41:38.939378820 pdns=6728/0/active/running/ named=0/inactive/dead/ agent=6791/active/ jphase=absent killpid=
01:41:39.219054691 pdns=6728/0/active/running/ named=0/inactive/dead/ agent=6791/active/ jphase=absent killpid=
01:41:39.498022956 pdns=6728/0/active/running/ named=0/inactive/dead/ agent=6791/active/ jphase=absent killpid=
01:41:39.779178488 pdns=6728/0/active/running/ named=0/inactive/dead/ agent=6791/active/ jphase=absent killpid=
01:41:40.061877872 pdns=6728/0/active/running/ named=0/inactive/dead/ agent=6791/active/ jphase=absent killpid=
01:41:40.343204571 pdns=6728/0/active/running/ named=0/inactive/dead/ agent=6791/active/ jphase=absent killpid=
01:41:40.623650154 pdns=6728/0/active/running/ named=0/inactive/dead/ agent=6791/active/ jphase=absent killpid=
01:41:40.902640995 pdns=6728/0/active/running/ named=0/inactive/dead/ agent=6791/active/ jphase=absent killpid=
01:41:41.182669230 pdns=6728/0/active/running/ named=0/inactive/dead/ agent=6791/active/ jphase=absent killpid=
01:41:41.464638673 pdns=6728/0/active/running/ named=0/inactive/dead/ agent=6791/active/ jphase=absent killpid=
01:41:41.746351645 pdns=6728/0/active/running/ named=0/inactive/dead/ agent=6791/active/ jphase=absent killpid=
01:41:42.024302163 pdns=6728/0/active/running/ named=0/inactive/dead/ agent=6791/active/ jphase=absent killpid=
01:41:42.301937147 pdns=6728/0/active/running/ named=0/inactive/dead/ agent=6791/active/ jphase=absent killpid=
01:41:42.579888647 pdns=6728/0/active/running/ named=0/inactive/dead/ agent=6791/active/ jphase=absent killpid=
01:41:42.859251174 pdns=6728/0/active/running/ named=0/inactive/dead/ agent=6791/active/ jphase=absent killpid=
01:41:43.138135440 pdns=6728/0/active/running/ named=0/inactive/dead/ agent=6791/active/ jphase=absent killpid=
01:41:43.416500086 pdns=6728/0/active/running/ named=0/inactive/dead/ agent=6791/active/ jphase=absent killpid=
01:41:43.696052528 pdns=6728/0/active/running/ named=0/inactive/dead/ agent=6791/active/ jphase=absent killpid=
01:41:43.976167598 pdns=6728/0/active/running/ named=0/inactive/dead/ agent=6791/active/ jphase=absent killpid=
01:41:44.260664940 pdns=6728/0/active/running/ named=0/inactive/dead/ agent=6791/active/ jphase=absent killpid=
01:41:44.539793454 pdns=6728/0/active/running/ named=0/inactive/dead/ agent=6791/active/ jphase=absent killpid=
01:41:44.820045417 pdns=6728/0/active/running/ named=0/inactive/dead/ agent=6791/active/ jphase=absent killpid=
01:41:45.099866890 pdns=6728/0/active/running/ named=0/inactive/dead/ agent=6791/active/ jphase=absent killpid=
01:41:45.380780868 pdns=6728/0/active/running/ named=0/inactive/dead/ agent=6791/active/ jphase=absent killpid=
01:41:45.658827592 pdns=6728/0/active/running/ named=0/inactive/dead/ agent=6791/active/ jphase=absent killpid=
01:41:45.937670484 pdns=6728/0/active/running/ named=0/inactive/dead/ agent=6791/active/ jphase=absent killpid=
01:41:46.217351530 pdns=6728/0/active/running/ named=0/inactive/dead/ agent=6791/active/ jphase=absent killpid=
01:41:46.497234204 pdns=6728/0/active/running/ named=0/inactive/dead/ agent=6791/active/ jphase=absent killpid=
01:41:46.777993419 pdns=6728/0/active/running/ named=0/inactive/dead/ agent=6791/active/ jphase=absent killpid=
01:41:47.055769551 pdns=6728/0/active/running/ named=0/inactive/dead/ agent=6791/active/ jphase=absent killpid=
01:41:47.337646425 pdns=6728/0/active/running/ named=0/inactive/dead/ agent=6791/active/ jphase=absent killpid=
01:41:47.616519542 pdns=6728/0/active/running/ named=0/inactive/dead/ agent=6791/active/ jphase=absent killpid=
01:41:47.894950419 pdns=6728/0/active/running/ named=0/inactive/dead/ agent=6791/active/ jphase=absent killpid=
01:41:48.173551435 pdns=6728/0/active/running/ named=0/inactive/dead/ agent=6791/active/ jphase=absent killpid=
01:41:48.464103839 pdns=6728/0/active/running/ named=0/inactive/dead/ agent=6791/active/ jphase=absent killpid=
01:41:48.747815513 pdns=6728/0/active/running/ named=0/inactive/dead/ agent=6791/active/ jphase=absent killpid=
01:41:49.026810016 pdns=6728/0/active/running/ named=0/inactive/dead/ agent=6791/active/ jphase=absent killpid=
01:41:49.309435821 pdns=6728/0/active/running/ named=0/inactive/dead/ agent=6791/active/ jphase=absent killpid=
01:41:49.587517577 pdns=6728/0/active/running/ named=0/inactive/dead/ agent=6791/active/ jphase=absent killpid=
01:41:49.866576363 pdns=6728/0/active/running/ named=0/inactive/dead/ agent=6791/active/ jphase=absent killpid=
01:41:50.147157337 pdns=6728/0/active/running/ named=0/inactive/dead/ agent=6791/active/ jphase=absent killpid=
01:41:50.428397225 pdns=6728/0/active/running/ named=0/inactive/dead/ agent=6791/active/ jphase=absent killpid=
01:41:50.712193026 pdns=6728/0/active/running/ named=0/inactive/dead/ agent=6791/active/ jphase=absent killpid=
01:41:51.003809567 pdns=6728/0/active/running/ named=0/inactive/dead/ agent=6791/active/ jphase=absent killpid=
01:41:51.288420676 pdns=6728/0/active/running/ named=0/inactive/dead/ agent=6791/active/ jphase=absent killpid=
01:41:51.567323028 pdns=6728/0/active/running/ named=0/inactive/dead/ agent=6791/active/ jphase=absent killpid=
01:41:51.853391136 pdns=6728/0/active/running/ named=0/inactive/dead/ agent=6791/active/ jphase=absent killpid=
01:41:52.163322451 pdns=6728/0/active/running/ named=0/inactive/dead/ agent=6791/active/ jphase=absent killpid=
01:41:52.444194158 pdns=6728/0/active/running/ named=0/inactive/dead/ agent=6791/active/ jphase=absent killpid=
01:41:52.723614234 pdns=6728/0/active/running/ named=0/inactive/dead/ agent=6791/active/ jphase=absent killpid=
01:41:53.003616603 pdns=6728/0/active/running/ named=0/inactive/dead/ agent=6791/active/ jphase=absent killpid=
01:41:53.282777486 pdns=6728/0/active/running/ named=0/inactive/dead/ agent=6791/active/ jphase=absent killpid=
01:41:53.562012438 pdns=6728/0/active/running/ named=0/inactive/dead/ agent=6791/active/ jphase=absent killpid=
01:41:53.846941709 pdns=6728/0/active/running/ named=0/inactive/dead/ agent=6791/active/ jphase=absent killpid=
01:41:54.127723522 pdns=6728/0/active/running/ named=0/inactive/dead/ agent=6791/active/ jphase=absent killpid=
01:41:54.408177203 pdns=6728/0/active/running/ named=0/inactive/dead/ agent=6791/active/ jphase=absent killpid=
01:41:54.688711278 pdns=6728/0/active/running/ named=0/inactive/dead/ agent=6791/active/ jphase=absent killpid=
01:41:54.967785472 pdns=6728/0/active/running/ named=0/inactive/dead/ agent=6791/active/ jphase=absent killpid=
01:41:55.251468726 CHANGE ledger cd8e00a57462f2e8737566c378b7c1eb9e6fe1fe16c312146125bfcc17aeb849 -> 1055fad087aa06ee6a04629af000a2a89595c5e7b74f4fa17388a2e3ccd9827f
01:41:55.266175516 pdns=6728/0/active/running/ named=0/inactive/dead/ agent=6791/active/ jphase=absent killpid=
01:41:55.572615911 CHANGE ledger 1055fad087aa06ee6a04629af000a2a89595c5e7b74f4fa17388a2e3ccd9827f -> 5f14986e685a1f67369e49a21fc474b8d41bdbc15606b37e1c24e6af64bf9185
01:41:55.587949595 pdns=6728/0/active/running/ named=0/inactive/dead/ agent=6791/active/ jphase=absent killpid=
01:41:55.880842859 CHANGE ledger 5f14986e685a1f67369e49a21fc474b8d41bdbc15606b37e1c24e6af64bf9185 -> 431471ffb931a10546e24656bbdac52080ca098ddef659597c4201c4beff7655
01:41:55.897584005 pdns=6728/0/active/running/ named=0/inactive/dead/ agent=6791/active/ jphase=absent killpid=
01:41:56.186230394 CHANGE ledger 431471ffb931a10546e24656bbdac52080ca098ddef659597c4201c4beff7655 -> 006fa440fbfb92748e63bf42f81740c343dfc6ec5ece48e72fca177273a0267f
01:41:56.200561655 pdns=6728/0/active/running/ named=0/inactive/dead/ agent=6791/active/ jphase=absent killpid=
01:41:56.503722678 CHANGE ledger 006fa440fbfb92748e63bf42f81740c343dfc6ec5ece48e72fca177273a0267f -> d6f67dd0f5d6faa4ac207c60372b276207ceb2d40771563973fb03d2b770dab2
01:41:56.523272403 CHANGE pdnsdb 9b1f36b5ae147b418b3e339fc15b5e0658d8838cc2377a368e004db1a320ddc8 -> 8594b3ac3df33778643dc885cccd074af60788d239b55bd1f913561d757bb220
01:41:56.527469678 pdns=6728/0/active/running/ named=0/inactive/dead/ agent=6791/active/ jphase=absent killpid=
01:41:56.817236410 CHANGE ledger d6f67dd0f5d6faa4ac207c60372b276207ceb2d40771563973fb03d2b770dab2 -> 748d7888da89049ee8db2d11757dab85a03be33db4bd8907de2088fe3b377c2f
01:41:56.829751561 pdns=6728/0/active/running/ named=0/inactive/dead/ agent=6791/active/ jphase=absent killpid=
01:41:57.117295598 CHANGE ledger 748d7888da89049ee8db2d11757dab85a03be33db4bd8907de2088fe3b377c2f -> 679e4ec4644e8111ce7a953fbc53bc55914ec40aeb6c4aea5a2c49aaa3d4769a
01:41:57.129268249 pdns=6728/0/active/running/ named=0/inactive/dead/ agent=6791/active/ jphase=absent killpid=
01:41:57.422747618 CHANGE ledger 679e4ec4644e8111ce7a953fbc53bc55914ec40aeb6c4aea5a2c49aaa3d4769a -> aebe3f8e2b7b72c6a78d1edc21cc30a9bdac53d8aa222f300174f0a80facd406
01:41:57.433823106 pdns=6728/0/active/running/ named=0/inactive/dead/ agent=6791/active/ jphase=absent killpid=
01:41:57.708623958 CHANGE ledger aebe3f8e2b7b72c6a78d1edc21cc30a9bdac53d8aa222f300174f0a80facd406 -> 9aa81aec604be236bed0ab44a7507169befaca059f2959e9f18e10167eff84de
01:41:57.722452339 pdns=6728/0/active/running/ named=0/inactive/dead/ agent=6791/active/ jphase=absent killpid=
01:41:58.004129315 pdns=6728/0/active/running/ named=0/inactive/dead/ agent=6791/active/ jphase=absent killpid=
01:41:58.284274405 pdns=6728/0/active/running/ named=0/inactive/dead/ agent=6791/active/ jphase=absent killpid=
01:41:58.565100555 pdns=6728/0/active/running/ named=0/inactive/dead/ agent=6791/active/ jphase=absent killpid=
01:41:58.847067339 pdns=6728/0/active/running/ named=0/inactive/dead/ agent=6791/active/ jphase=absent killpid=
01:41:59.142306838 pdns=6728/0/active/running/ named=0/inactive/dead/ agent=6791/active/ jphase=absent killpid=
01:41:59.425132410 pdns=6728/0/active/running/ named=0/inactive/dead/ agent=6791/active/ jphase=absent killpid=
01:41:59.704605850 pdns=6728/0/active/running/ named=0/inactive/dead/ agent=6791/active/ jphase=absent killpid=
01:41:59.984456166 pdns=6728/0/active/running/ named=0/inactive/dead/ agent=6791/active/ jphase=absent killpid=
01:42:00.268061076 pdns=6728/0/active/running/ named=0/inactive/dead/ agent=6791/active/ jphase=absent killpid=
01:42:00.549881050 pdns=6728/0/active/running/ named=0/inactive/dead/ agent=6791/active/ jphase=absent killpid=
01:42:00.826788000 CHANGE ledger 9aa81aec604be236bed0ab44a7507169befaca059f2959e9f18e10167eff84de -> f348e4440b06c3001cc5ce386f79b9d8d545d117dd36329bd013c379db154909
01:42:00.840539184 pdns=6728/0/active/running/ named=0/inactive/dead/ agent=6791/active/ jphase=absent killpid=
01:42:01.144802312 CHANGE ledger f348e4440b06c3001cc5ce386f79b9d8d545d117dd36329bd013c379db154909 -> eee27be8ee8d9566bf5146fec6eb0b68c2cd87b75ad647211f7c0ca54154f75f
01:42:01.157312956 pdns=6728/0/active/running/ named=0/inactive/dead/ agent=6791/active/ jphase=absent killpid=
01:42:01.456985078 CHANGE ledger eee27be8ee8d9566bf5146fec6eb0b68c2cd87b75ad647211f7c0ca54154f75f -> 4481ba32bdccd4fdfa8d0f1fa697832abb4ff6119c352f5b18896ac7635a77bf
01:42:01.471419642 pdns=6728/0/active/running/ named=0/inactive/dead/ agent=6791/active/ jphase=absent killpid=
01:42:01.762737052 CHANGE ledger 4481ba32bdccd4fdfa8d0f1fa697832abb4ff6119c352f5b18896ac7635a77bf -> 8a5e4a9002312a95861d121bf3cc87588a0167922a38515d3f856eebe71a9a72
01:42:01.775377113 pdns=6728/0/active/running/ named=0/inactive/dead/ agent=6791/active/ jphase=absent killpid=
01:42:02.071522851 CHANGE ledger 8a5e4a9002312a95861d121bf3cc87588a0167922a38515d3f856eebe71a9a72 -> 38691332f70f4519398e6760e9fcda83be3d54fac4b5a21145ecf4d1124750a7
01:42:02.091567470 CHANGE pdnsdb 8594b3ac3df33778643dc885cccd074af60788d239b55bd1f913561d757bb220 -> 00af7f049337534e697bfbe52462cc2d5ac1fbc6ce72bde8dec8d76c3826e898
01:42:02.095510562 pdns=6728/0/active/running/ named=0/inactive/dead/ agent=6791/active/ jphase=absent killpid=
01:42:02.387622317 CHANGE ledger 38691332f70f4519398e6760e9fcda83be3d54fac4b5a21145ecf4d1124750a7 -> 6fc4b9e9f249d70d622d54e53ad36ee247d9bb2522431db4c233160d54013b65
01:42:02.404828983 pdns=6728/0/active/running/ named=0/inactive/dead/ agent=6791/active/ jphase=absent killpid=
01:42:02.699992576 CHANGE ledger 6fc4b9e9f249d70d622d54e53ad36ee247d9bb2522431db4c233160d54013b65 -> 54fd2149c7ddff388088448a6c8636e3af3210628dd47bba6c5f880a117d34cd
01:42:02.713545269 pdns=6728/0/active/running/ named=0/inactive/dead/ agent=6791/active/ jphase=absent killpid=
01:42:03.012216938 CHANGE ledger 54fd2149c7ddff388088448a6c8636e3af3210628dd47bba6c5f880a117d34cd -> b2ff140af338f3048be898bc332a26112ca3368c03c88806ca23d2817331e915
01:42:03.024325253 pdns=6728/0/active/running/ named=0/inactive/dead/ agent=6791/active/ jphase=absent killpid=
01:42:03.297870916 CHANGE ledger b2ff140af338f3048be898bc332a26112ca3368c03c88806ca23d2817331e915 -> 0b2fbab7737d02d57a368fc081413b1c5ff8f16d4376e82004e87c589f1a1358
01:42:03.308686851 pdns=6728/0/active/running/ named=0/inactive/dead/ agent=6791/active/ jphase=absent killpid=
01:42:03.589622221 CHANGE ledger 0b2fbab7737d02d57a368fc081413b1c5ff8f16d4376e82004e87c589f1a1358 -> 6d9d53296329e6578c15ecb1e93268d0a4f574989dbc2fdaeed0df31f85b516e
01:42:03.601641905 pdns=6728/0/active/running/ named=0/inactive/dead/ agent=6791/active/ jphase=absent killpid=
01:42:03.880282762 pdns=6728/0/active/running/ named=0/inactive/dead/ agent=6791/active/ jphase=absent killpid=
01:42:04.157528897 pdns=6728/0/active/running/ named=0/inactive/dead/ agent=6791/active/ jphase=absent killpid=
01:42:04.437582886 pdns=6728/0/active/running/ named=0/inactive/dead/ agent=6791/active/ jphase=absent killpid=
01:42:04.716712575 pdns=6728/0/active/running/ named=0/inactive/dead/ agent=6791/active/ jphase=absent killpid=
01:42:04.998958986 pdns=6728/0/active/running/ named=0/inactive/dead/ agent=6791/active/ jphase=absent killpid=
01:42:05.279277720 pdns=6728/0/active/running/ named=0/inactive/dead/ agent=6791/active/ jphase=absent killpid=
01:42:05.560146073 pdns=6728/0/active/running/ named=0/inactive/dead/ agent=6791/active/ jphase=absent killpid=
01:42:05.842594944 pdns=6728/0/active/running/ named=0/inactive/dead/ agent=6791/active/ jphase=absent killpid=
01:42:06.128437953 pdns=6728/0/active/running/ named=0/inactive/dead/ agent=6791/active/ jphase=absent killpid=
01:42:06.411816104 pdns=6728/0/active/running/ named=0/inactive/dead/ agent=6791/active/ jphase=absent killpid=
01:42:06.696962446 CHANGE ledger 6d9d53296329e6578c15ecb1e93268d0a4f574989dbc2fdaeed0df31f85b516e -> 0bba9fccd5c2b83051c01cf0418b49767cf199d02a842374b17cb101327a8232
01:42:06.713826003 pdns=6728/0/active/running/ named=0/inactive/dead/ agent=6791/active/ jphase=absent killpid=
01:42:07.002539646 CHANGE ledger 0bba9fccd5c2b83051c01cf0418b49767cf199d02a842374b17cb101327a8232 -> 2688339caf334a61cf23ac56e391569e563b06303e9274896ccfcbb5f7c5d2bd
01:42:07.021685903 pdns=6728/0/active/running/ named=0/inactive/dead/ agent=6791/active/ jphase=absent killpid=
01:42:07.319937134 CHANGE ledger 2688339caf334a61cf23ac56e391569e563b06303e9274896ccfcbb5f7c5d2bd -> 4794a7626e8b162726326d923363e08c1cb58a0227f7e8a59a56afc57f139d2c
01:42:07.335495079 pdns=6728/0/active/running/ named=0/inactive/dead/ agent=6791/active/ jphase=absent killpid=
01:42:07.627601229 CHANGE ledger 4794a7626e8b162726326d923363e08c1cb58a0227f7e8a59a56afc57f139d2c -> f94b559bc51b29e692fbb6a34c33b27bd5e760bc349396389ec285d41654a01d
01:42:07.647948066 CHANGE pdnsdb 00af7f049337534e697bfbe52462cc2d5ac1fbc6ce72bde8dec8d76c3826e898 -> d4b75650385111eeb79b92339d98c4cdac0ee25532244245caef318292aa6165
01:42:07.654201761 pdns=6728/0/active/running/ named=0/inactive/dead/ agent=6791/active/ jphase=absent killpid=
01:42:07.958802580 CHANGE ledger f94b559bc51b29e692fbb6a34c33b27bd5e760bc349396389ec285d41654a01d -> 44f6106cb658762566ccada76de11e10bcc26c5c021120b6af1cf9dc143d9ecc
01:42:07.977481694 pdns=6728/0/active/running/ named=0/inactive/dead/ agent=6791/active/ jphase=absent killpid=
01:42:08.265948762 CHANGE ledger 44f6106cb658762566ccada76de11e10bcc26c5c021120b6af1cf9dc143d9ecc -> bd0c152ad6189bbd016b5c59e885e888de15d1dd0c3eb885e430dfbb23487027
01:42:08.278947714 pdns=6728/0/active/running/ named=0/inactive/dead/ agent=6791/active/ jphase=absent killpid=
01:42:08.569203499 CHANGE ledger bd0c152ad6189bbd016b5c59e885e888de15d1dd0c3eb885e430dfbb23487027 -> ac8b8fa0cc00865079ca4481af3109bd702be0511d375d56501d703d2cdb9e6f
01:42:08.579815283 pdns=6728/0/active/running/ named=0/inactive/dead/ agent=6791/active/ jphase=absent killpid=
01:42:08.859644826 pdns=6728/0/active/running/ named=0/inactive/dead/ agent=6791/active/ jphase=absent killpid=
01:42:09.139448720 CHANGE ledger ac8b8fa0cc00865079ca4481af3109bd702be0511d375d56501d703d2cdb9e6f -> ca95890379e689cbd37fd95f25d45d4774c8934150bc2cc608dc0a80fd9dbc51
01:42:09.154854047 pdns=6728/0/active/running/ named=0/inactive/dead/ agent=6791/active/ jphase=absent killpid=
01:42:09.449084301 pdns=6728/0/active/running/ named=0/inactive/dead/ agent=6791/active/ jphase=absent killpid=
done
