15:09:18.028569170 CHANGE journal none -> absent
15:09:18.042197851 CHANGE ledger none -> 9442ec5763e099207db079f9e36820b57da09265abf900c6f6506be3c307dda8
15:09:18.050508060 CHANGE state none -> 7e16cc4b9491dff57731e8b70cd5da25e4eb8c819053158a43af7bcbccbd2655
15:09:18.054502817 POINTER /var/cache/bind/celikpanel mtime=2026-09-29 15:08:20.206511872 +0000 ino=131681 /var/cache/bind/celikpanel/current absent 
15:09:18.055841060 pdns=654/0/active/running/ named=0/inactive/dead/ agent=636/active/ jphase=absent killpid=
15:09:18.414915826 pdns=654/0/active/running/ named=0/inactive/dead/ agent=636/active/ jphase=absent killpid=
15:09:18.732045235 pdns=654/0/active/running/ named=0/inactive/dead/ agent=636/active/ jphase=absent killpid=
15:09:19.011118933 pdns=654/0/active/running/ named=0/inactive/dead/ agent=636/active/ jphase=absent killpid=
15:09:19.299518672 pdns=654/0/active/running/ named=0/inactive/dead/ agent=636/active/ jphase=absent killpid=
15:09:19.584800290 pdns=654/0/active/running/ named=0/inactive/dead/ agent=636/active/ jphase=absent killpid=
15:09:19.897833435 pdns=654/0/active/running/ named=0/inactive/dead/ agent=636/active/ jphase=absent killpid=
15:09:20.180559189 pdns=654/0/active/running/ named=0/inactive/dead/ agent=636/active/ jphase=absent killpid=
15:09:20.456871606 pdns=654/0/active/running/ named=0/inactive/dead/ agent=636/active/ jphase=absent killpid=
15:09:20.735047189 pdns=654/0/active/running/ named=0/inactive/dead/ agent=636/active/ jphase=absent killpid=
15:09:21.014970108 pdns=654/0/active/running/ named=0/inactive/dead/ agent=636/active/ jphase=absent killpid=
15:09:21.296779159 pdns=654/0/active/running/ named=0/inactive/dead/ agent=636/active/ jphase=absent killpid=
15:09:21.569500686 pdns=654/0/active/running/ named=0/inactive/dead/ agent=636/active/ jphase=absent killpid=
15:09:21.847665663 pdns=654/0/active/running/ named=0/inactive/dead/ agent=636/active/ jphase=absent killpid=
15:09:22.134283492 pdns=654/0/active/running/ named=0/inactive/dead/ agent=636/active/ jphase=absent killpid=
15:09:22.418677214 pdns=654/0/active/running/ named=0/inactive/dead/ agent=636/active/ jphase=absent killpid=
15:09:22.696032759 pdns=654/0/active/running/ named=0/inactive/dead/ agent=636/active/ jphase=absent killpid=
15:09:22.981200413 pdns=654/0/active/running/ named=0/inactive/dead/ agent=636/active/ jphase=absent killpid=
15:09:23.267463130 pdns=654/0/active/running/ named=0/inactive/dead/ agent=636/active/ jphase=absent killpid=
15:09:23.564839131 pdns=654/0/active/running/ named=0/inactive/dead/ agent=636/active/ jphase=absent killpid=
15:09:23.840578520 pdns=654/0/active/running/ named=0/inactive/dead/ agent=636/active/ jphase=absent killpid=
15:09:24.117602538 pdns=654/0/active/running/ named=0/inactive/dead/ agent=636/active/ jphase=absent killpid=
15:09:24.399426009 pdns=654/0/active/running/ named=0/inactive/dead/ agent=636/active/ jphase=absent killpid=
15:09:24.684358117 pdns=654/0/active/running/ named=0/inactive/dead/ agent=636/active/ jphase=absent killpid=
15:09:24.989695027 pdns=654/0/active/running/ named=0/inactive/dead/ agent=636/active/ jphase=absent killpid=
15:09:25.275760023 pdns=654/0/active/running/ named=0/inactive/dead/ agent=636/active/ jphase=absent killpid=
15:09:25.564842263 pdns=654/0/active/running/ named=0/inactive/dead/ agent=636/active/ jphase=absent killpid=
15:09:25.853488629 pdns=654/0/active/running/ named=0/inactive/dead/ agent=636/active/ jphase=absent killpid=
15:09:26.144384731 pdns=654/0/active/running/ named=0/inactive/dead/ agent=636/active/ jphase=absent killpid=
15:09:26.438163130 pdns=654/0/active/running/ named=0/inactive/dead/ agent=636/active/ jphase=absent killpid=
15:09:26.738751901 pdns=654/0/active/running/ named=0/inactive/dead/ agent=636/active/ jphase=absent killpid=
15:09:27.033864497 pdns=654/0/active/running/ named=0/inactive/dead/ agent=636/active/ jphase=absent killpid=
15:09:27.320967315 pdns=654/0/active/running/ named=0/inactive/dead/ agent=636/active/ jphase=absent killpid=
15:09:27.611541566 pdns=654/0/active/running/ named=0/inactive/dead/ agent=636/active/ jphase=absent killpid=
15:09:27.934960601 pdns=654/0/active/running/ named=0/inactive/dead/ agent=636/active/ jphase=absent killpid=
15:09:28.221775998 pdns=654/0/active/running/ named=0/inactive/dead/ agent=636/active/ jphase=absent killpid=
15:09:28.523299206 pdns=654/0/active/running/ named=0/inactive/dead/ agent=636/active/ jphase=absent killpid=
15:09:28.868504381 pdns=654/0/active/running/ named=0/inactive/dead/ agent=636/active/ jphase=absent killpid=
15:09:29.163461750 pdns=654/0/active/running/ named=0/inactive/dead/ agent=636/active/ jphase=absent killpid=
15:09:29.446718574 pdns=654/0/active/running/ named=0/inactive/dead/ agent=636/active/ jphase=absent killpid=
15:09:29.722391538 pdns=654/0/active/running/ named=0/inactive/dead/ agent=636/active/ jphase=absent killpid=
15:09:29.996632457 pdns=654/0/active/running/ named=0/inactive/dead/ agent=636/active/ jphase=absent killpid=
15:09:30.264741661 pdns=654/0/active/running/ named=0/inactive/dead/ agent=636/active/ jphase=absent killpid=
15:09:30.532302979 pdns=654/0/active/running/ named=0/inactive/dead/ agent=636/active/ jphase=absent killpid=
15:09:30.802394112 pdns=654/0/active/running/ named=0/inactive/dead/ agent=636/active/ jphase=absent killpid=
15:09:31.073951819 pdns=654/0/active/running/ named=0/inactive/dead/ agent=636/active/ jphase=absent killpid=
15:09:31.341839015 pdns=654/0/active/running/ named=0/inactive/dead/ agent=636/active/ jphase=absent killpid=
15:09:31.609998363 pdns=654/0/active/running/ named=0/inactive/dead/ agent=636/active/ jphase=absent killpid=
15:09:31.878836496 pdns=654/0/active/running/ named=0/inactive/dead/ agent=636/active/ jphase=absent killpid=
15:09:32.151353898 pdns=654/0/active/running/ named=0/inactive/dead/ agent=636/active/ jphase=absent killpid=
15:09:32.441949238 pdns=654/0/active/running/ named=0/inactive/dead/ agent=636/active/ jphase=absent killpid=
15:09:32.714723112 pdns=654/0/active/running/ named=0/inactive/dead/ agent=636/active/ jphase=absent killpid=
15:09:32.988041246 pdns=654/0/active/running/ named=0/inactive/dead/ agent=636/active/ jphase=absent killpid=
15:09:33.262088739 pdns=654/0/active/running/ named=0/inactive/dead/ agent=636/active/ jphase=absent killpid=
15:09:33.560554696 pdns=654/0/active/running/ named=0/inactive/dead/ agent=636/active/ jphase=absent killpid=
15:09:33.831365430 pdns=654/0/active/running/ named=0/inactive/dead/ agent=636/active/ jphase=absent killpid=
15:09:34.110356732 pdns=654/0/active/running/ named=0/inactive/dead/ agent=636/active/ jphase=absent killpid=
15:09:34.412248101 pdns=654/0/active/running/ named=0/inactive/dead/ agent=636/active/ jphase=absent killpid=
15:09:34.686664787 pdns=654/0/active/running/ named=0/inactive/dead/ agent=636/active/ jphase=absent killpid=
15:09:34.999693069 pdns=654/0/active/running/ named=0/inactive/dead/ agent=636/active/ jphase=absent killpid=
15:09:35.271884378 pdns=654/0/active/running/ named=0/inactive/dead/ agent=636/active/ jphase=absent killpid=
15:09:35.544022039 pdns=654/0/active/running/ named=0/inactive/dead/ agent=636/active/ jphase=absent killpid=
15:09:35.817173647 pdns=654/0/active/running/ named=0/inactive/dead/ agent=636/active/ jphase=absent killpid=
15:09:36.092729566 pdns=654/0/active/running/ named=0/inactive/dead/ agent=636/active/ jphase=absent killpid=
15:09:36.371352711 pdns=654/0/active/running/ named=0/inactive/dead/ agent=636/active/ jphase=absent killpid=
15:09:36.650954618 pdns=654/0/active/running/ named=0/inactive/dead/ agent=636/active/ jphase=absent killpid=
15:09:36.939865344 pdns=654/0/active/running/ named=0/inactive/dead/ agent=636/active/ jphase=absent killpid=
15:09:37.214332506 pdns=654/0/active/running/ named=0/inactive/dead/ agent=636/active/ jphase=absent killpid=
15:09:37.505613160 pdns=654/0/active/running/ named=0/inactive/dead/ agent=636/active/ jphase=absent killpid=
15:09:37.802374742 pdns=654/0/active/running/ named=0/inactive/dead/ agent=636/active/ jphase=absent killpid=
15:09:38.086355361 pdns=654/0/active/running/ named=0/inactive/dead/ agent=636/active/ jphase=absent killpid=
15:09:38.413923158 pdns=654/0/active/running/ named=0/inactive/dead/ agent=636/active/ jphase=absent killpid=
15:09:38.741181459 pdns=654/0/active/running/ named=0/inactive/dead/ agent=636/active/ jphase=absent killpid=
15:09:39.034830251 pdns=654/0/active/running/ named=0/inactive/dead/ agent=636/active/ jphase=absent killpid=
15:09:39.308674169 pdns=654/0/active/running/ named=0/inactive/dead/ agent=636/active/ jphase=absent killpid=
15:09:39.580564605 pdns=654/0/active/running/ named=0/inactive/dead/ agent=636/active/ jphase=absent killpid=
15:09:39.857452780 pdns=654/0/active/running/ named=0/inactive/dead/ agent=636/active/ jphase=absent killpid=
15:09:40.171810214 pdns=654/0/active/running/ named=0/inactive/dead/ agent=636/active/ jphase=absent killpid=
15:09:40.465121528 pdns=654/0/active/running/ named=0/inactive/dead/ agent=636/active/ jphase=absent killpid=
15:09:40.737064233 pdns=654/0/active/running/ named=0/inactive/dead/ agent=636/active/ jphase=absent killpid=
15:09:41.008213996 pdns=654/0/active/running/ named=0/inactive/dead/ agent=636/active/ jphase=absent killpid=
15:09:41.277873355 pdns=654/0/active/running/ named=0/inactive/dead/ agent=636/active/ jphase=absent killpid=
15:09:41.550836785 pdns=654/0/active/running/ named=0/inactive/dead/ agent=636/active/ jphase=absent killpid=
15:09:41.827241649 pdns=654/0/active/running/ named=0/inactive/dead/ agent=636/active/ jphase=absent killpid=
15:09:42.111232898 pdns=654/0/active/running/ named=0/inactive/dead/ agent=636/active/ jphase=absent killpid=
15:09:42.389714167 pdns=654/0/active/running/ named=0/inactive/dead/ agent=636/active/ jphase=absent killpid=
15:09:42.665558790 pdns=654/0/active/running/ named=0/inactive/dead/ agent=636/active/ jphase=absent killpid=
15:09:42.947026727 pdns=654/0/active/running/ named=0/inactive/dead/ agent=636/active/ jphase=absent killpid=
15:09:43.252568858 pdns=654/0/active/running/ named=0/inactive/dead/ agent=636/active/ jphase=absent killpid=
15:09:43.596217627 pdns=654/0/active/running/ named=0/inactive/dead/ agent=636/active/ jphase=absent killpid=
15:09:43.924138339 pdns=654/0/active/running/ named=0/inactive/dead/ agent=636/active/ jphase=absent killpid=
15:09:44.210017530 pdns=654/0/active/running/ named=0/inactive/dead/ agent=636/active/ jphase=absent killpid=
15:09:44.484392276 pdns=654/0/active/running/ named=0/inactive/dead/ agent=636/active/ jphase=absent killpid=
15:09:44.759402601 pdns=654/0/active/running/ named=0/inactive/dead/ agent=636/active/ jphase=absent killpid=
15:09:45.030625399 pdns=654/0/active/running/ named=0/inactive/dead/ agent=636/active/ jphase=absent killpid=
15:09:45.298516172 pdns=654/0/active/running/ named=0/inactive/dead/ agent=636/active/ jphase=absent killpid=
15:09:45.569345423 pdns=654/0/active/running/ named=0/inactive/dead/ agent=636/active/ jphase=absent killpid=
15:09:45.841975673 pdns=654/0/active/running/ named=0/inactive/dead/ agent=636/active/ jphase=absent killpid=
15:09:46.113322571 pdns=654/0/active/running/ named=0/inactive/dead/ agent=636/active/ jphase=absent killpid=
15:09:46.382793966 pdns=654/0/active/running/ named=0/inactive/dead/ agent=636/active/ jphase=absent killpid=
15:09:46.665043432 CHANGE ledger 9442ec5763e099207db079f9e36820b57da09265abf900c6f6506be3c307dda8 -> 15e4f996b4604fd3a97f5e5a9c6c73d50b3ff7477903f1a38fa91407970d3c6b
15:09:46.678639022 pdns=654/0/active/running/ named=0/inactive/dead/ agent=636/active/ jphase=absent killpid=
15:09:46.959226370 CHANGE ledger 15e4f996b4604fd3a97f5e5a9c6c73d50b3ff7477903f1a38fa91407970d3c6b -> 683c708bfc8370651ddd30a1217db3de91571de7669e31bb87f997dc08a3d264
15:09:46.968111898 pdns=654/0/active/running/ named=0/inactive/dead/ agent=636/active/ jphase=absent killpid=
15:09:47.263509970 CHANGE ledger 683c708bfc8370651ddd30a1217db3de91571de7669e31bb87f997dc08a3d264 -> 1068970f82db176fdc73c4f3ba279dd7c062bd82d7cc5a8dc43a1acba2f61784
15:09:47.278268838 pdns=654/0/active/running/ named=0/inactive/dead/ agent=636/active/ jphase=absent killpid=
15:09:47.577971708 CHANGE ledger 1068970f82db176fdc73c4f3ba279dd7c062bd82d7cc5a8dc43a1acba2f61784 -> ef12340add2f9c20cbdc95a3231b2951c7057a1e1048bf10cabe5f1924b8dc04
15:09:47.590300662 pdns=654/0/active/running/ named=0/inactive/dead/ agent=636/active/ jphase=absent killpid=
15:09:47.868974963 CHANGE ledger ef12340add2f9c20cbdc95a3231b2951c7057a1e1048bf10cabe5f1924b8dc04 -> 8bf4d06e63d79642167b6deb3178d72d2bacc11be4836edf8178927fb25d5c2f
15:09:47.877568144 pdns=654/0/active/running/ named=0/inactive/dead/ agent=636/active/ jphase=absent killpid=
15:09:48.163026368 CHANGE ledger 8bf4d06e63d79642167b6deb3178d72d2bacc11be4836edf8178927fb25d5c2f -> 5a402d84cd05b0bdd0e272e94ca9fb284a712410cea62cff7eeaf4840f3398e9
15:09:48.171909234 pdns=654/0/active/running/ named=0/inactive/dead/ agent=636/active/ jphase=absent killpid=
15:09:48.462807066 CHANGE ledger 5a402d84cd05b0bdd0e272e94ca9fb284a712410cea62cff7eeaf4840f3398e9 -> c7d74e5d24b120278d5f32c45e1c47e3980ea98ff2efaf5e488813b286d716d1
15:09:48.474968266 pdns=654/0/active/running/ named=0/inactive/dead/ agent=636/active/ jphase=absent killpid=
15:09:49.020242483 CHANGE ledger c7d74e5d24b120278d5f32c45e1c47e3980ea98ff2efaf5e488813b286d716d1 -> 5d328f9d12414ae6f4c00d7a2f16a3294b339a712ff449a1e913f79dc6052ead
15:09:49.030647245 pdns=654/0/active/running/ named=0/inactive/dead/ agent=636/active/ jphase=absent killpid=
15:09:49.500753668 CHANGE ledger 5d328f9d12414ae6f4c00d7a2f16a3294b339a712ff449a1e913f79dc6052ead -> 487fb026276856f6950a608c2edd10be2a7dfc4165a251b6c4d68e8a3e06e181
15:09:49.514279697 pdns=654/0/active/running/ named=0/inactive/dead/ agent=636/active/ jphase=absent killpid=
15:09:49.811848890 CHANGE ledger 487fb026276856f6950a608c2edd10be2a7dfc4165a251b6c4d68e8a3e06e181 -> b646138695e9484ddaf2195e23eac0085fbe3335fc7f5474560661fdab0b02fe
15:09:49.823772740 pdns=654/0/active/running/ named=0/inactive/dead/ agent=636/active/ jphase=absent killpid=
15:09:50.123632713 CHANGE ledger b646138695e9484ddaf2195e23eac0085fbe3335fc7f5474560661fdab0b02fe -> d45e78a31796215753c9719524d96777a52bbea7d39607fc4483fa96822fcf65
15:09:50.131327854 POINTER /var/cache/bind/celikpanel mtime=2026-09-29 15:09:50.027332191 +0000 ino=131681 /var/cache/bind/celikpanel/current absent 
15:09:50.132815037 pdns=654/0/active/running/ named=0/inactive/dead/ agent=636/active/ jphase=absent killpid=
15:09:50.423759028 CHANGE ledger d45e78a31796215753c9719524d96777a52bbea7d39607fc4483fa96822fcf65 -> 99f7e317929dda2871f07aac36a03ae932ac3fb5f2087465546b5e151b2a6feb
15:09:50.435343067 POINTER /var/cache/bind/celikpanel mtime=2026-09-29 15:09:50.213544842 +0000 ino=131681 /var/cache/bind/celikpanel/current absent 
15:09:50.437059880 pdns=654/0/active/running/ named=0/inactive/dead/ agent=636/active/ jphase=absent killpid=
15:09:50.729400128 CHANGE ledger 99f7e317929dda2871f07aac36a03ae932ac3fb5f2087465546b5e151b2a6feb -> c7d63389b0118a6410ffa04c96204dc78b1e8ffd22f0084688f998108dd84286
15:09:50.737497106 pdns=654/0/active/running/ named=0/inactive/dead/ agent=636/active/ jphase=absent killpid=
15:09:51.018783248 CHANGE ledger c7d63389b0118a6410ffa04c96204dc78b1e8ffd22f0084688f998108dd84286 -> cd380b68807888331393dc72b14e574c32419fe00eee5809a331315e85bfe457
15:09:51.029090896 pdns=654/0/active/running/ named=0/inactive/dead/ agent=636/active/ jphase=absent killpid=
15:09:51.317155800 CHANGE ledger cd380b68807888331393dc72b14e574c32419fe00eee5809a331315e85bfe457 -> fa0e0d0267c0979aba96c04bd9550e37257b0709190d243395481c9d444c3149
15:09:51.327217613 pdns=654/0/active/running/ named=0/inactive/dead/ agent=636/active/ jphase=absent killpid=
15:09:51.620955656 CHANGE ledger fa0e0d0267c0979aba96c04bd9550e37257b0709190d243395481c9d444c3149 -> d64a1cfb32a3b8a65a2538e7ff45a731f84bc3a57a4c637f83cfb02f671dc33a
15:09:51.630850292 pdns=654/0/active/running/ named=0/inactive/dead/ agent=636/active/ jphase=absent killpid=
15:09:51.918394590 CHANGE ledger d64a1cfb32a3b8a65a2538e7ff45a731f84bc3a57a4c637f83cfb02f671dc33a -> 99d4e3c9625a6258ad9fe15480c75041a54a95d1ed7370dcdf599f6bdaead307
15:09:51.928250408 pdns=654/0/active/running/ named=0/inactive/dead/ agent=636/active/ jphase=absent killpid=
15:09:52.257913864 CHANGE ledger 99d4e3c9625a6258ad9fe15480c75041a54a95d1ed7370dcdf599f6bdaead307 -> 23a74556c7925be2df5fe4b9c4499b2082d0626e6550ae2341ef090470a70132
15:09:52.266930486 pdns=654/0/active/running/ named=0/inactive/dead/ agent=636/active/ jphase=absent killpid=
15:09:52.557654490 CHANGE journal absent -> 09e22c5c225a93384eff901c7ee0b5de1935dc5b3151bb42ef1fadf32e0c0524
15:09:52.568364296 CHANGE ledger 23a74556c7925be2df5fe4b9c4499b2082d0626e6550ae2341ef090470a70132 -> 12dcab820a7e47313fdc88112fa6baec561ad212b96c006dc9b5c01179690bb6
15:09:52.579862894 POINTER /var/cache/bind/celikpanel mtime=2026-09-29 15:09:52.406613728 +0000 ino=131681 /var/cache/bind/celikpanel/current mtime=2026-09-29 15:09:52.402642844 +0000 ino=131771 -> '/var/cache/bind/celikpanel/current' -> 'generations/60c22fd0a93f101c88ac41d824d8080d4b95ea8c5717d6310fcaf71b41f54b82' 
15:09:52.582111072 pdns=654/0/active/running/ named=0/inactive/dead/ agent=636/active/ jphase=source-stopped killpid=
15:09:53.102120796 CHANGE journal 09e22c5c225a93384eff901c7ee0b5de1935dc5b3151bb42ef1fadf32e0c0524 -> fba95d99e2df9829dcea45e0dcb784affe814b5e312d81192f5a3ffb34f5f304
15:09:53.121927119 CHANGE ledger 12dcab820a7e47313fdc88112fa6baec561ad212b96c006dc9b5c01179690bb6 -> 2bdd1d013547cadca88a8f00b19a015d91af87281b4bb93474d5c970413519ae
15:09:53.149482064 pdns=0/0/inactive/dead/ named=0/inactive/dead/ agent=636/active/ jphase=source-stopped killpid=
15:09:53.849095135 CHANGE ledger 2bdd1d013547cadca88a8f00b19a015d91af87281b4bb93474d5c970413519ae -> 84249968f85a23a8bc12a2473b0d19904e207ea42fce8a2d4550eb032a362e56
15:09:53.857498892 pdns=0/0/inactive/dead/ named=0/inactive/dead/ agent=636/active/ jphase=source-stopped killpid=
15:09:54.362973602 CHANGE ledger 84249968f85a23a8bc12a2473b0d19904e207ea42fce8a2d4550eb032a362e56 -> 983ebb04c0b7ff582319a4590ccacea1d5bf327c91d7800506cf05c96629db63
15:09:54.374585453 pdns=0/0/inactive/dead/ named=0/inactive/dead/ agent=636/active/ jphase=source-stopped killpid=
15:09:54.669574783 CHANGE ledger 983ebb04c0b7ff582319a4590ccacea1d5bf327c91d7800506cf05c96629db63 -> 960226058df326d99216063986df240da0f23d17319e6b5abb5118cf75328bbf
15:09:54.682504335 pdns=0/0/inactive/dead/ named=0/inactive/dead/ agent=636/active/ jphase=source-stopped killpid=
15:09:55.288047405 CHANGE ledger 960226058df326d99216063986df240da0f23d17319e6b5abb5118cf75328bbf -> 6d778c8380bb3fc5fd181821a8ed21a1af95e5c5a0c49f993514c7f9e7a70df9
15:09:55.305404911 pdns=0/0/inactive/dead/ named=0/inactive/dead/ agent=636/active/ jphase=source-stopped killpid=
15:09:55.816920293 CHANGE ledger 6d778c8380bb3fc5fd181821a8ed21a1af95e5c5a0c49f993514c7f9e7a70df9 -> 8cb3576262ad45c12314f3229a44cc0755878551af17bf0dd9cac2be7a0d60ec
15:09:55.828708369 pdns=0/0/inactive/dead/ named=0/inactive/dead/ agent=636/active/ jphase=source-stopped killpid=
15:09:56.117481063 CHANGE ledger 8cb3576262ad45c12314f3229a44cc0755878551af17bf0dd9cac2be7a0d60ec -> 06b89985b33dd1889821e6f460e50e43b14a24eebc37cf8fb09073b85e2af235
15:09:56.129593634 pdns=0/0/inactive/dead/ named=6526/active/running/ agent=636/active/ jphase=source-stopped killpid=
15:09:56.432319865 CHANGE ledger 06b89985b33dd1889821e6f460e50e43b14a24eebc37cf8fb09073b85e2af235 -> 3c4de87ea827486471059c5dd9f5dcfa00dadb18e9e0ea470d771b97fd347e66
15:09:56.443745772 pdns=0/0/inactive/dead/ named=6526/active/running/ agent=636/active/ jphase=source-stopped killpid=
15:09:56.734652491 CHANGE ledger 3c4de87ea827486471059c5dd9f5dcfa00dadb18e9e0ea470d771b97fd347e66 -> 820cf2d398835e9238437d7d4888c5bd3e3ca959aa9de1a153238646f590bcb3
15:09:56.751026304 pdns=0/0/inactive/dead/ named=6526/active/running/ agent=636/active/ jphase=source-stopped killpid=
15:09:57.080269202 CHANGE ledger 820cf2d398835e9238437d7d4888c5bd3e3ca959aa9de1a153238646f590bcb3 -> d05d25dd741432e5eb94df206054e347c8f96424d25a29f925a150289af1482e
15:09:57.093545547 pdns=0/0/inactive/dead/ named=6526/active/running/ agent=636/active/ jphase=source-stopped killpid=
15:09:57.373778551 CHANGE journal fba95d99e2df9829dcea45e0dcb784affe814b5e312d81192f5a3ffb34f5f304 -> e0b761ffe8b90ba0a981905306fd4b92ada2f30c7e36aee32d63e7ee74025137
15:09:57.385099628 CHANGE ledger d05d25dd741432e5eb94df206054e347c8f96424d25a29f925a150289af1482e -> e0f1e5e900848142a150fac51cda6a59aca1eb2f85756c2e8c2df82ca86a4902
15:09:57.396014931 pdns=0/0/inactive/dead/ named=6526/active/running/ agent=636/active/ jphase=target-started killpid=
15:09:57.733958593 CHANGE ledger e0f1e5e900848142a150fac51cda6a59aca1eb2f85756c2e8c2df82ca86a4902 -> 9123cbb3b099dd5d80544e69c258e2aa5b2c9cbb67ed5e4a63375e73ebafc52a
15:09:57.752757350 pdns=0/0/inactive/dead/ named=6526/active/running/ agent=636/active/ jphase=target-started killpid=
15:09:58.056667014 CHANGE ledger 9123cbb3b099dd5d80544e69c258e2aa5b2c9cbb67ed5e4a63375e73ebafc52a -> 6e08ab7076d79dceaa495851ec1c54ccafad4b597061857e6c9cbf4765ebcfbb
15:09:58.070313183 pdns=0/0/inactive/dead/ named=6526/active/running/ agent=636/active/ jphase=target-started killpid=
15:09:58.360290640 CHANGE ledger 6e08ab7076d79dceaa495851ec1c54ccafad4b597061857e6c9cbf4765ebcfbb -> 55c69c726fdf27bd2d5d338eb136a4dbaa96c0cec06f7bfa4118516a3b18c1e8
15:09:58.374970356 pdns=0/0/inactive/dead/ named=6526/active/running/ agent=636/active/ jphase=target-started killpid=
15:09:58.667463578 CHANGE journal e0b761ffe8b90ba0a981905306fd4b92ada2f30c7e36aee32d63e7ee74025137 -> 9e49aecdd1b2a7c77d96bea82076f1d17044a2147964b99feda2a23916892f77
15:09:58.677535064 CHANGE ledger 55c69c726fdf27bd2d5d338eb136a4dbaa96c0cec06f7bfa4118516a3b18c1e8 -> b01d35f3db37b9dbd1bb2c6db3f7599521da097829f283c5abdede3d1e84a27e
15:09:58.687425723 CHANGE state 7e16cc4b9491dff57731e8b70cd5da25e4eb8c819053158a43af7bcbccbd2655 -> 22adc78d2ed8b7e817eff934a47a47e89e72aea88715afea5d9c417fa3f04ae2
15:09:58.693849901 pdns=0/0/inactive/dead/ named=6526/active/running/ agent=636/active/ jphase=committed killpid=
15:09:59.017698739 pdns=0/0/inactive/dead/ named=6526/active/running/ agent=636/active/ jphase=committed killpid=
15:09:59.321694701 CHANGE journal 9e49aecdd1b2a7c77d96bea82076f1d17044a2147964b99feda2a23916892f77 -> absent
15:09:59.334533574 CHANGE ledger b01d35f3db37b9dbd1bb2c6db3f7599521da097829f283c5abdede3d1e84a27e -> a3fa3b643c5dfbdb23d823bb33afe1e80e734c017127f75fd16e51b366b02792
15:09:59.345884167 pdns=0/0/inactive/dead/ named=6526/active/running/ agent=636/active/ jphase=absent killpid=
15:09:59.631901946 pdns=0/0/inactive/dead/ named=6526/active/running/ agent=636/active/ jphase=absent killpid=
15:09:59.920679389 pdns=0/0/inactive/dead/ named=6526/active/running/ agent=636/active/ jphase=absent killpid=
15:10:00.209344439 pdns=0/0/inactive/dead/ named=6526/active/running/ agent=636/active/ jphase=absent killpid=
15:10:00.488471456 pdns=0/0/inactive/dead/ named=6526/active/running/ agent=636/active/ jphase=absent killpid=
15:10:00.768465264 pdns=0/0/inactive/dead/ named=6526/active/running/ agent=636/active/ jphase=absent killpid=
15:10:01.047128372 pdns=0/0/inactive/dead/ named=6526/active/running/ agent=636/active/ jphase=absent killpid=
15:10:01.323497513 pdns=0/0/inactive/dead/ named=6526/active/running/ agent=636/active/ jphase=absent killpid=
15:10:01.608379588 pdns=0/0/inactive/dead/ named=6526/active/running/ agent=636/active/ jphase=absent killpid=
15:10:01.891796332 pdns=0/0/inactive/dead/ named=6526/active/running/ agent=636/active/ jphase=absent killpid=
15:10:02.165979666 pdns=0/0/inactive/dead/ named=6526/active/running/ agent=636/active/ jphase=absent killpid=
15:10:02.440375904 pdns=0/0/inactive/dead/ named=6526/active/running/ agent=636/active/ jphase=absent killpid=
15:10:02.715054517 pdns=0/0/inactive/dead/ named=6526/active/running/ agent=636/active/ jphase=absent killpid=
15:10:02.989964385 pdns=0/0/inactive/dead/ named=6526/active/running/ agent=636/active/ jphase=absent killpid=
15:10:03.268851226 pdns=0/0/inactive/dead/ named=6526/active/running/ agent=636/active/ jphase=absent killpid=
15:10:03.546445434 pdns=0/0/inactive/dead/ named=6526/active/running/ agent=636/active/ jphase=absent killpid=
15:10:03.826195402 pdns=0/0/inactive/dead/ named=6526/active/running/ agent=636/active/ jphase=absent killpid=
15:10:04.120312513 pdns=0/0/inactive/dead/ named=6526/active/running/ agent=636/active/ jphase=absent killpid=
15:10:04.396369507 pdns=0/0/inactive/dead/ named=6526/active/running/ agent=636/active/ jphase=absent killpid=
15:10:04.679760312 pdns=0/0/inactive/dead/ named=6526/active/running/ agent=636/active/ jphase=absent killpid=
15:10:04.958521803 pdns=0/0/inactive/dead/ named=6526/active/running/ agent=636/active/ jphase=absent killpid=
15:10:05.238717715 pdns=0/0/inactive/dead/ named=6526/active/running/ agent=636/active/ jphase=absent killpid=
15:10:05.513040184 pdns=0/0/inactive/dead/ named=6526/active/running/ agent=636/active/ jphase=absent killpid=
15:10:05.790527616 pdns=0/0/inactive/dead/ named=6526/active/running/ agent=636/active/ jphase=absent killpid=
15:10:06.076796337 pdns=0/0/inactive/dead/ named=6526/active/running/ agent=636/active/ jphase=absent killpid=
15:10:06.362947674 pdns=0/0/inactive/dead/ named=6526/active/running/ agent=636/active/ jphase=absent killpid=
15:10:06.642233426 pdns=0/0/inactive/dead/ named=6526/active/running/ agent=636/active/ jphase=absent killpid=
15:10:06.918800045 pdns=0/0/inactive/dead/ named=6526/active/running/ agent=636/active/ jphase=absent killpid=
15:10:07.193215980 pdns=0/0/inactive/dead/ named=6526/active/running/ agent=636/active/ jphase=absent killpid=
15:10:07.468191942 pdns=0/0/inactive/dead/ named=6526/active/running/ agent=636/active/ jphase=absent killpid=
15:10:07.744957635 pdns=0/0/inactive/dead/ named=6526/active/running/ agent=636/active/ jphase=absent killpid=
15:10:08.026867509 pdns=0/0/inactive/dead/ named=6526/active/running/ agent=636/active/ jphase=absent killpid=
15:10:08.317062370 pdns=0/0/inactive/dead/ named=6526/active/running/ agent=636/active/ jphase=absent killpid=
15:10:08.635669924 pdns=0/0/inactive/dead/ named=6526/active/running/ agent=636/active/ jphase=absent killpid=
15:10:08.912918665 pdns=0/0/inactive/dead/ named=6526/active/running/ agent=636/active/ jphase=absent killpid=
15:10:09.189090865 pdns=0/0/inactive/dead/ named=6526/active/running/ agent=636/active/ jphase=absent killpid=
15:10:09.463436547 pdns=0/0/inactive/dead/ named=6526/active/running/ agent=636/active/ jphase=absent killpid=
15:10:09.739746586 pdns=0/0/inactive/dead/ named=6526/active/running/ agent=636/active/ jphase=absent killpid=
15:10:10.021126854 pdns=0/0/inactive/dead/ named=6526/active/running/ agent=636/active/ jphase=absent killpid=
15:10:10.305285529 pdns=0/0/inactive/dead/ named=6526/active/running/ agent=636/active/ jphase=absent killpid=
15:10:10.582297429 pdns=0/0/inactive/dead/ named=6526/active/running/ agent=636/active/ jphase=absent killpid=
15:10:10.870096879 pdns=0/0/inactive/dead/ named=6526/active/running/ agent=636/active/ jphase=absent killpid=
15:10:11.190019474 pdns=0/0/inactive/dead/ named=6526/active/running/ agent=636/active/ jphase=absent killpid=
15:10:11.477926482 pdns=0/0/inactive/dead/ named=6526/active/running/ agent=636/active/ jphase=absent killpid=
15:10:11.764220254 pdns=0/0/inactive/dead/ named=6526/active/running/ agent=636/active/ jphase=absent killpid=
15:10:12.061003491 pdns=0/0/inactive/dead/ named=6526/active/running/ agent=636/active/ jphase=absent killpid=
15:10:12.359019802 pdns=0/0/inactive/dead/ named=6526/active/running/ agent=636/active/ jphase=absent killpid=
15:10:12.635858822 pdns=0/0/inactive/dead/ named=6526/active/running/ agent=636/active/ jphase=absent killpid=
15:10:12.917863256 pdns=0/0/inactive/dead/ named=6526/active/running/ agent=636/active/ jphase=absent killpid=
15:10:13.199893674 pdns=0/0/inactive/dead/ named=6526/active/running/ agent=636/active/ jphase=absent killpid=
15:10:13.496152454 pdns=0/0/inactive/dead/ named=6526/active/running/ agent=636/active/ jphase=absent killpid=
15:10:13.779563216 pdns=0/0/inactive/dead/ named=6526/active/running/ agent=636/active/ jphase=absent killpid=
15:10:14.063490723 pdns=0/0/inactive/dead/ named=6526/active/running/ agent=636/active/ jphase=absent killpid=
15:10:14.380006445 pdns=0/0/inactive/dead/ named=6526/active/running/ agent=636/active/ jphase=absent killpid=
15:10:14.653879583 pdns=0/0/inactive/dead/ named=6526/active/running/ agent=636/active/ jphase=absent killpid=
15:10:14.930777668 pdns=0/0/inactive/dead/ named=6526/active/running/ agent=636/active/ jphase=absent killpid=
15:10:15.202257852 pdns=0/0/inactive/dead/ named=6526/active/running/ agent=636/active/ jphase=absent killpid=
15:10:15.474132316 pdns=0/0/inactive/dead/ named=6526/active/running/ agent=636/active/ jphase=absent killpid=
15:10:15.747978523 pdns=0/0/inactive/dead/ named=6526/active/running/ agent=636/active/ jphase=absent killpid=
15:10:16.023217170 pdns=0/0/inactive/dead/ named=6526/active/running/ agent=636/active/ jphase=absent killpid=
15:10:16.300166749 pdns=0/0/inactive/dead/ named=6526/active/running/ agent=636/active/ jphase=absent killpid=
15:10:16.582725147 pdns=0/0/inactive/dead/ named=6526/active/running/ agent=636/active/ jphase=absent killpid=
15:10:16.885994464 pdns=0/0/inactive/dead/ named=6526/active/running/ agent=636/active/ jphase=absent killpid=
15:10:17.164489647 pdns=0/0/inactive/dead/ named=6526/active/running/ agent=636/active/ jphase=absent killpid=
15:10:17.438401287 pdns=0/0/inactive/dead/ named=6526/active/running/ agent=636/active/ jphase=absent killpid=
15:10:17.721226401 pdns=0/0/inactive/dead/ named=6526/active/running/ agent=636/active/ jphase=absent killpid=
15:10:18.046427594 pdns=0/0/inactive/dead/ named=6526/active/running/ agent=636/active/ jphase=absent killpid=
15:10:18.323632840 pdns=0/0/inactive/dead/ named=6526/active/running/ agent=636/active/ jphase=absent killpid=
15:10:18.600620963 pdns=0/0/inactive/dead/ named=6526/active/running/ agent=636/active/ jphase=absent killpid=
15:10:18.878408186 pdns=0/0/inactive/dead/ named=6526/active/running/ agent=636/active/ jphase=absent killpid=
15:10:19.159751195 pdns=0/0/inactive/dead/ named=6526/active/running/ agent=636/active/ jphase=absent killpid=
15:10:19.436136252 pdns=0/0/inactive/dead/ named=6526/active/running/ agent=636/active/ jphase=absent killpid=
15:10:19.791153143 pdns=0/0/inactive/dead/ named=6526/active/running/ agent=636/active/ jphase=absent killpid=
15:10:20.067978876 pdns=0/0/inactive/dead/ named=6526/active/running/ agent=636/active/ jphase=absent killpid=
15:10:20.352252899 pdns=0/0/inactive/dead/ named=6526/active/running/ agent=636/active/ jphase=absent killpid=
15:10:20.628964814 pdns=0/0/inactive/dead/ named=6526/active/running/ agent=636/active/ jphase=absent killpid=
15:10:20.908574537 pdns=0/0/inactive/dead/ named=6526/active/running/ agent=636/active/ jphase=absent killpid=
15:10:21.186283058 pdns=0/0/inactive/dead/ named=6526/active/running/ agent=636/active/ jphase=absent killpid=
15:10:21.463252694 pdns=0/0/inactive/dead/ named=6526/active/running/ agent=636/active/ jphase=absent killpid=
15:10:21.741493740 pdns=0/0/inactive/dead/ named=6526/active/running/ agent=636/active/ jphase=absent killpid=
15:10:22.020096502 pdns=0/0/inactive/dead/ named=6526/active/running/ agent=636/active/ jphase=absent killpid=
15:10:22.300163330 pdns=0/0/inactive/dead/ named=6526/active/running/ agent=636/active/ jphase=absent killpid=
15:10:22.583956408 pdns=0/0/inactive/dead/ named=6526/active/running/ agent=636/active/ jphase=absent killpid=
15:10:22.906972891 pdns=0/0/inactive/dead/ named=6526/active/running/ agent=636/active/ jphase=absent killpid=
15:10:23.183534409 pdns=0/0/inactive/dead/ named=6526/active/running/ agent=636/active/ jphase=absent killpid=
15:10:23.458691270 pdns=0/0/inactive/dead/ named=6526/active/running/ agent=636/active/ jphase=absent killpid=
15:10:23.742334932 pdns=0/0/inactive/dead/ named=6526/active/running/ agent=636/active/ jphase=absent killpid=
15:10:24.052241197 pdns=0/0/inactive/dead/ named=6526/active/running/ agent=636/active/ jphase=absent killpid=
15:10:24.333267521 pdns=0/0/inactive/dead/ named=6526/active/running/ agent=636/active/ jphase=absent killpid=
15:10:24.612791983 pdns=0/0/inactive/dead/ named=6526/active/running/ agent=636/active/ jphase=absent killpid=
15:10:24.890091326 pdns=0/0/inactive/dead/ named=6526/active/running/ agent=636/active/ jphase=absent killpid=
15:10:25.179058830 pdns=0/0/inactive/dead/ named=6526/active/running/ agent=636/active/ jphase=absent killpid=
15:10:25.455015470 pdns=0/0/inactive/dead/ named=6526/active/running/ agent=636/active/ jphase=absent killpid=
15:10:25.739893503 pdns=0/0/inactive/dead/ named=6526/active/running/ agent=636/active/ jphase=absent killpid=
15:10:26.017252958 pdns=0/0/inactive/dead/ named=6526/active/running/ agent=636/active/ jphase=absent killpid=
15:10:26.297021381 pdns=0/0/inactive/dead/ named=6526/active/running/ agent=636/active/ jphase=absent killpid=
15:10:26.570477793 pdns=0/0/inactive/dead/ named=6526/active/running/ agent=636/active/ jphase=absent killpid=
15:10:26.847878683 pdns=0/0/inactive/dead/ named=6526/active/running/ agent=636/active/ jphase=absent killpid=
15:10:27.129801802 pdns=0/0/inactive/dead/ named=6526/active/running/ agent=636/active/ jphase=absent killpid=
15:10:27.437512425 pdns=0/0/inactive/dead/ named=6526/active/running/ agent=636/active/ jphase=absent killpid=
15:10:27.725092015 pdns=0/0/inactive/dead/ named=6526/active/running/ agent=636/active/ jphase=absent killpid=
15:10:28.011430597 pdns=0/0/inactive/dead/ named=6526/active/running/ agent=636/active/ jphase=absent killpid=
15:10:28.290763869 pdns=0/0/inactive/dead/ named=6526/active/running/ agent=636/active/ jphase=absent killpid=
15:10:28.565154565 pdns=0/0/inactive/dead/ named=6526/active/running/ agent=636/active/ jphase=absent killpid=
15:10:28.849995171 pdns=0/0/inactive/dead/ named=6526/active/running/ agent=636/active/ jphase=absent killpid=
15:10:29.141861926 pdns=0/0/inactive/dead/ named=6526/active/running/ agent=636/active/ jphase=absent killpid=
15:10:29.434507239 pdns=0/0/inactive/dead/ named=6526/active/running/ agent=636/active/ jphase=absent killpid=
15:10:29.718247882 pdns=0/0/inactive/dead/ named=6526/active/running/ agent=636/active/ jphase=absent killpid=
done
