16:34:03.906988254 CHANGE journal none -> absent
16:34:03.914857348 CHANGE ledger none -> 177f61d12ed0bb85e6ea535b807b376e26bbe0871405a13867c0b3cb6ea4b211
16:34:03.917662020 CHANGE state none -> absent
16:34:03.920579667 CHANGE pdnsdb none -> absent
16:34:03.923344915 POINTER 
16:34:03.924532374 pdns=inactive/dead/0/0/ named=inactive/dead/0/ agent=inactive/0/ jphase=absent killpid=
16:34:04.198172125 pdns=inactive/dead/0/0/ named=inactive/dead/0/ agent=inactive/0/ jphase=absent killpid=
16:34:04.475115496 pdns=inactive/dead/0/0/ named=inactive/dead/0/ agent=inactive/0/ jphase=absent killpid=
16:34:04.774163890 pdns=inactive/dead/0/0/ named=inactive/dead/0/ agent=inactive/0/ jphase=absent killpid=
16:34:05.061032117 pdns=inactive/dead/0/0/ named=inactive/dead/0/ agent=inactive/0/ jphase=absent killpid=
16:34:05.341817451 pdns=inactive/dead/0/0/ named=inactive/dead/0/ agent=inactive/0/ jphase=absent killpid=
16:34:05.623831655 CHANGE ledger 177f61d12ed0bb85e6ea535b807b376e26bbe0871405a13867c0b3cb6ea4b211 -> c835fbcbd98ebc41254990bd8590a6bf78dd3a29d2872a21caa0d21fce8511b6
16:34:05.629189011 pdns=inactive/dead/0/0/ named=inactive/dead/0/ agent=inactive/0/ jphase=absent killpid=1620,
16:34:05.931889996 CHANGE ledger c835fbcbd98ebc41254990bd8590a6bf78dd3a29d2872a21caa0d21fce8511b6 -> af242f166d7ff20942bc24a13abde5a91a2050c8f701fd4679a9364baf110f53
16:34:05.935075046 pdns=inactive/dead/0/0/ named=inactive/dead/0/ agent=inactive/0/ jphase=absent killpid=1620,
16:34:06.217895033 CHANGE ledger af242f166d7ff20942bc24a13abde5a91a2050c8f701fd4679a9364baf110f53 -> 763c4ed90af836aa3b753effeeb3820cf0073510aa40f634d41ba82167223383
16:34:06.222248953 pdns=inactive/dead/0/0/ named=inactive/dead/0/ agent=inactive/0/ jphase=absent killpid=1620,
16:34:06.531482585 CHANGE ledger 763c4ed90af836aa3b753effeeb3820cf0073510aa40f634d41ba82167223383 -> ce90049961941705b3ef99a9e0dd62906e43d130261c0dbe41561d7ea7bd2fd4
16:34:06.535686712 pdns=inactive/dead/0/0/ named=inactive/dead/0/ agent=inactive/0/ jphase=absent killpid=1620,1905,
16:34:06.994272576 CHANGE ledger ce90049961941705b3ef99a9e0dd62906e43d130261c0dbe41561d7ea7bd2fd4 -> 93680058085f750f5f0a0470235af4df82107dbe1125249c2d25f653a864204b
16:34:06.997747312 pdns=inactive/dead/0/0/ named=inactive/dead/0/ agent=inactive/0/ jphase=absent killpid=1620,1990,
16:34:07.313062271 CHANGE ledger 93680058085f750f5f0a0470235af4df82107dbe1125249c2d25f653a864204b -> 558a651bdf485d30f8a5ad31dfb61fbc0a6ecbbf61d8ad60a1b29d5a3b1cd957
16:34:07.316359880 pdns=inactive/dead/0/0/ named=inactive/dead/0/ agent=inactive/0/ jphase=absent killpid=1620,2007,
16:34:07.591537063 pdns=inactive/dead/0/0/ named=inactive/dead/0/ agent=inactive/0/ jphase=absent killpid=1620,2007,
16:34:07.902209722 pdns=inactive/dead/0/0/ named=inactive/dead/0/ agent=inactive/0/ jphase=absent killpid=1620,2007,
16:34:08.187800746 pdns=inactive/dead/0/0/ named=inactive/dead/0/ agent=inactive/0/ jphase=absent killpid=1620,2007,
16:34:08.492024671 pdns=inactive/dead/0/0/ named=inactive/dead/0/ agent=inactive/0/ jphase=absent killpid=1620,2007,
16:34:08.832809688 pdns=inactive/dead/0/0/ named=inactive/dead/0/ agent=inactive/0/ jphase=absent killpid=1620,2007,
16:34:09.199050903 pdns=inactive/dead/0/0/ named=inactive/dead/0/ agent=inactive/0/ jphase=absent killpid=1620,2007,
16:34:09.523539704 pdns=inactive/dead/0/0/ named=inactive/dead/0/ agent=inactive/0/ jphase=absent killpid=1620,2007,
16:34:09.828563239 pdns=inactive/dead/0/0/ named=inactive/dead/0/ agent=inactive/0/ jphase=absent killpid=1620,2007,
16:34:10.151999265 pdns=inactive/dead/0/0/ named=inactive/dead/0/ agent=inactive/0/ jphase=absent killpid=1620,2007,
16:34:10.503941934 pdns=inactive/dead/0/0/ named=inactive/dead/0/ agent=inactive/0/ jphase=absent killpid=1620,2007,
16:34:10.825255565 CHANGE ledger 558a651bdf485d30f8a5ad31dfb61fbc0a6ecbbf61d8ad60a1b29d5a3b1cd957 -> f9059a89b2b3c9f891a110899dce44f61127efc5ab4825b54a0000a9dcbc8bca
16:34:10.829717620 pdns=inactive/dead/0/0/ named=inactive/dead/0/ agent=inactive/0/ jphase=absent killpid=1620,2007,
16:34:11.152745647 pdns=inactive/dead/0/0/ named=inactive/dead/0/ agent=inactive/0/ jphase=absent killpid=1620,2007,
16:34:11.451278920 pdns=inactive/dead/0/0/ named=inactive/dead/0/ agent=inactive/0/ jphase=absent killpid=1620,2007,
16:34:11.772515911 pdns=inactive/dead/0/0/ named=inactive/dead/0/ agent=inactive/0/ jphase=absent killpid=1620,2007,
16:34:12.113198487 pdns=inactive/dead/0/0/ named=inactive/dead/0/ agent=inactive/0/ jphase=absent killpid=1620,2007,
16:34:12.430679759 pdns=inactive/dead/0/0/ named=inactive/dead/0/ agent=inactive/0/ jphase=absent killpid=1620,2007,
16:34:12.750865721 pdns=inactive/dead/0/0/ named=inactive/dead/0/ agent=inactive/0/ jphase=absent killpid=1620,2007,
16:34:13.078972537 pdns=inactive/dead/0/0/ named=inactive/dead/0/ agent=inactive/0/ jphase=absent killpid=1620,2007,
16:34:13.421349312 pdns=inactive/dead/0/0/ named=inactive/dead/0/ agent=inactive/0/ jphase=absent killpid=1620,2007,
16:34:13.730751327 pdns=inactive/dead/0/0/ named=inactive/dead/0/ agent=inactive/0/ jphase=absent killpid=1620,2007,
16:34:14.043905393 pdns=inactive/dead/0/0/ named=inactive/dead/0/ agent=inactive/0/ jphase=absent killpid=1620,2007,
16:34:14.345349667 pdns=inactive/dead/0/0/ named=inactive/dead/0/ agent=inactive/0/ jphase=absent killpid=1620,2007,
16:34:14.656104570 pdns=inactive/dead/0/0/ named=inactive/dead/0/ agent=inactive/0/ jphase=absent killpid=1620,2007,
16:34:14.974718073 pdns=inactive/dead/0/0/ named=inactive/dead/0/ agent=inactive/0/ jphase=absent killpid=1620,2007,
16:34:15.265549101 pdns=inactive/dead/0/0/ named=inactive/dead/0/ agent=inactive/0/ jphase=absent killpid=1620,2007,
16:34:15.558992236 CHANGE ledger f9059a89b2b3c9f891a110899dce44f61127efc5ab4825b54a0000a9dcbc8bca -> 99b6e083f035a1a456739b3cd25f182675e6c4eb5b8f0a54245013e9ee957acc
16:34:15.562075361 pdns=inactive/dead/0/0/ named=inactive/dead/0/ agent=inactive/0/ jphase=absent killpid=1620,2007,
16:34:15.845557931 pdns=inactive/dead/0/0/ named=inactive/dead/0/ agent=inactive/0/ jphase=absent killpid=1620,2007,
16:34:16.141250693 pdns=inactive/dead/0/0/ named=inactive/dead/0/ agent=inactive/0/ jphase=absent killpid=1620,2007,
16:34:16.423826986 pdns=inactive/dead/0/0/ named=inactive/dead/0/ agent=inactive/0/ jphase=absent killpid=1620,2007,
16:34:16.710567767 pdns=inactive/dead/0/0/ named=inactive/dead/0/ agent=inactive/0/ jphase=absent killpid=1620,2007,
16:34:16.988297233 pdns=inactive/dead/0/0/ named=inactive/dead/0/ agent=inactive/0/ jphase=absent killpid=1620,2007,
16:34:17.272598599 pdns=inactive/dead/0/0/ named=inactive/dead/0/ agent=inactive/0/ jphase=absent killpid=1620,2007,
16:34:17.554998550 pdns=inactive/dead/0/0/ named=inactive/dead/0/ agent=inactive/0/ jphase=absent killpid=1620,2007,
16:34:17.842982756 pdns=inactive/dead/0/0/ named=inactive/dead/0/ agent=inactive/0/ jphase=absent killpid=1620,2007,
16:34:18.146233666 pdns=inactive/dead/0/0/ named=inactive/dead/0/ agent=inactive/0/ jphase=absent killpid=1620,2007,
16:34:18.544124819 pdns=inactive/dead/0/0/ named=inactive/dead/0/ agent=inactive/0/ jphase=absent killpid=1620,2007,
16:34:19.491934397 pdns=inactive/dead/0/0/ named=inactive/dead/0/ agent=inactive/0/ jphase=absent killpid=1620,2007,
16:34:19.906931004 pdns=inactive/dead/0/0/ named=inactive/dead/0/ agent=inactive/0/ jphase=absent killpid=1620,2007,
done
