14:11:39.252871993 CHANGE journal none -> absent
14:11:39.262487533 CHANGE ledger none -> 177f61d12ed0bb85e6ea535b807b376e26bbe0871405a13867c0b3cb6ea4b211
14:11:39.265853194 CHANGE state none -> absent
14:11:39.267330387 pdns=0/0/inactive/dead/ named=0/inactive/dead/ agent=0/inactive/ jphase=absent killpid=
14:11:39.529128149 pdns=0/0/inactive/dead/ named=0/inactive/dead/ agent=0/inactive/ jphase=absent killpid=
14:11:39.803003149 pdns=0/0/inactive/dead/ named=0/inactive/dead/ agent=0/inactive/ jphase=absent killpid=
14:11:40.063200935 pdns=0/0/inactive/dead/ named=0/inactive/dead/ agent=0/inactive/ jphase=absent killpid=
14:11:40.328181774 pdns=0/0/inactive/dead/ named=0/inactive/dead/ agent=0/inactive/ jphase=absent killpid=
14:11:40.599905228 pdns=0/0/inactive/dead/ named=0/inactive/dead/ agent=0/inactive/ jphase=absent killpid=1707,1734,
14:11:40.882973623 CHANGE ledger 177f61d12ed0bb85e6ea535b807b376e26bbe0871405a13867c0b3cb6ea4b211 -> eb2bdbefb8212d3f5699de8f5c1fcf84d6c4e5488a8d5055f4b556acd8c9c8f7
14:11:40.884530725 pdns=0/0/inactive/dead/ named=0/inactive/dead/ agent=0/inactive/ jphase=absent killpid=1707,1795,
14:11:41.162761081 CHANGE ledger eb2bdbefb8212d3f5699de8f5c1fcf84d6c4e5488a8d5055f4b556acd8c9c8f7 -> 6ed1c6a1a2cb8393ecde402119c734e75ed9b40583069bb6abe27a10b7a91718
14:11:41.164246670 pdns=0/0/inactive/dead/ named=0/inactive/dead/ agent=0/inactive/ jphase=absent killpid=1707,
14:11:41.535382004 CHANGE ledger 6ed1c6a1a2cb8393ecde402119c734e75ed9b40583069bb6abe27a10b7a91718 -> d2a7ac3eaa6718c3314000d42fc0caa5aade59cf40a94d4252d6a630dce3b0bc
14:11:41.536676397 pdns=0/0/inactive/dead/ named=0/inactive/dead/ agent=0/inactive/ jphase=absent killpid=1707,1902,
14:11:41.800969288 pdns=0/0/inactive/dead/ named=0/inactive/dead/ agent=0/inactive/ jphase=absent killpid=1707,1902,
14:11:42.066447418 pdns=0/0/inactive/dead/ named=0/inactive/dead/ agent=0/inactive/ jphase=absent killpid=1707,1902,
14:11:42.348252274 pdns=0/0/inactive/dead/ named=0/inactive/dead/ agent=0/inactive/ jphase=absent killpid=1707,1902,
14:11:42.654776619 pdns=0/0/inactive/dead/ named=0/inactive/dead/ agent=0/inactive/ jphase=absent killpid=1707,1902,
14:11:42.957181042 pdns=0/0/inactive/dead/ named=0/inactive/dead/ agent=0/inactive/ jphase=absent killpid=1707,1902,
14:11:43.226671439 pdns=0/0/inactive/dead/ named=0/inactive/dead/ agent=0/inactive/ jphase=absent killpid=1707,1902,
14:11:43.494804398 pdns=0/0/inactive/dead/ named=0/inactive/dead/ agent=0/inactive/ jphase=absent killpid=1707,1902,
14:11:43.766092109 pdns=0/0/inactive/dead/ named=0/inactive/dead/ agent=0/inactive/ jphase=absent killpid=1707,1902,
14:11:44.032481630 pdns=0/0/inactive/dead/ named=0/inactive/dead/ agent=0/inactive/ jphase=absent killpid=1707,1902,
14:11:44.295703644 pdns=0/0/inactive/dead/ named=0/inactive/dead/ agent=0/inactive/ jphase=absent killpid=1707,1902,
14:11:44.558997694 pdns=0/0/inactive/dead/ named=0/inactive/dead/ agent=0/inactive/ jphase=absent killpid=1707,1902,
14:11:44.819977760 pdns=0/0/inactive/dead/ named=0/inactive/dead/ agent=0/inactive/ jphase=absent killpid=1707,1902,
14:11:45.109732655 pdns=0/0/inactive/dead/ named=0/inactive/dead/ agent=0/inactive/ jphase=absent killpid=1707,1902,
14:11:45.372674012 pdns=0/0/inactive/dead/ named=0/inactive/dead/ agent=0/inactive/ jphase=absent killpid=1707,1902,
14:11:45.634830973 pdns=0/0/inactive/dead/ named=0/inactive/dead/ agent=0/inactive/ jphase=absent killpid=1707,1902,
14:11:45.904618434 CHANGE ledger d2a7ac3eaa6718c3314000d42fc0caa5aade59cf40a94d4252d6a630dce3b0bc -> d3b851279a0fc3a45d424056a6b001d116482dcd536e5f8359dd6f7cfb875549
14:11:45.905997220 pdns=0/0/inactive/dead/ named=0/inactive/dead/ agent=0/inactive/ jphase=absent killpid=1707,1902,
14:11:46.193215823 pdns=0/0/inactive/dead/ named=0/inactive/dead/ agent=0/inactive/ jphase=absent killpid=1707,1902,
14:11:46.456293403 pdns=0/0/inactive/dead/ named=0/inactive/dead/ agent=0/inactive/ jphase=absent killpid=1707,1902,
14:11:46.718560910 pdns=0/0/inactive/dead/ named=0/inactive/dead/ agent=0/inactive/ jphase=absent killpid=1707,1902,
14:11:46.980330032 pdns=0/0/inactive/dead/ named=0/inactive/dead/ agent=0/inactive/ jphase=absent killpid=1707,1902,
14:11:47.245658288 pdns=0/0/inactive/dead/ named=0/inactive/dead/ agent=0/inactive/ jphase=absent killpid=1707,1902,
14:11:47.505985616 pdns=0/0/inactive/dead/ named=0/inactive/dead/ agent=0/inactive/ jphase=absent killpid=1707,1902,
14:11:47.766727440 pdns=0/0/inactive/dead/ named=0/inactive/dead/ agent=0/inactive/ jphase=absent killpid=1707,1902,
14:11:48.030160897 pdns=0/0/inactive/dead/ named=0/inactive/dead/ agent=0/inactive/ jphase=absent killpid=1707,1902,
14:11:48.302102725 pdns=0/0/inactive/dead/ named=0/inactive/dead/ agent=0/inactive/ jphase=absent killpid=1707,1902,
14:11:48.562652277 pdns=0/0/inactive/dead/ named=0/inactive/dead/ agent=0/inactive/ jphase=absent killpid=1707,1902,
14:11:48.823164933 pdns=0/0/inactive/dead/ named=0/inactive/dead/ agent=0/inactive/ jphase=absent killpid=1707,1902,
14:11:49.084837974 pdns=0/0/inactive/dead/ named=0/inactive/dead/ agent=0/inactive/ jphase=absent killpid=1707,1902,
14:11:49.346983888 pdns=0/0/inactive/dead/ named=0/inactive/dead/ agent=0/inactive/ jphase=absent killpid=1707,1902,
14:11:49.635991862 pdns=0/0/inactive/dead/ named=0/inactive/dead/ agent=0/inactive/ jphase=absent killpid=1707,1902,
14:11:49.901342783 pdns=0/0/inactive/dead/ named=0/inactive/dead/ agent=0/inactive/ jphase=absent killpid=1707,1902,
14:11:50.162795864 pdns=0/0/inactive/dead/ named=0/inactive/dead/ agent=0/inactive/ jphase=absent killpid=1707,1902,
14:11:50.424325359 pdns=0/0/inactive/dead/ named=0/inactive/dead/ agent=0/inactive/ jphase=absent killpid=1707,1902,
14:11:50.688620919 CHANGE ledger d3b851279a0fc3a45d424056a6b001d116482dcd536e5f8359dd6f7cfb875549 -> 4a90b1e459bb0569f19ba6a3700d2e738fa909fd1038caa82aca3bb4b3433183
14:11:50.690135677 pdns=0/0/inactive/dead/ named=0/inactive/dead/ agent=0/inactive/ jphase=absent killpid=1707,1902,
14:11:50.951003730 pdns=0/0/inactive/dead/ named=0/inactive/dead/ agent=0/inactive/ jphase=absent killpid=1707,1902,
14:11:51.251257662 pdns=0/0/inactive/dead/ named=0/inactive/dead/ agent=0/inactive/ jphase=absent killpid=1707,1902,
14:11:51.520836122 pdns=0/0/inactive/dead/ named=0/inactive/dead/ agent=0/inactive/ jphase=absent killpid=1707,1902,
14:11:51.784893624 pdns=0/0/inactive/dead/ named=0/inactive/dead/ agent=0/inactive/ jphase=absent killpid=1707,1902,
14:11:52.047943915 pdns=0/0/inactive/dead/ named=0/inactive/dead/ agent=0/inactive/ jphase=absent killpid=1707,1902,
14:11:52.310035156 pdns=0/0/inactive/dead/ named=0/inactive/dead/ agent=0/inactive/ jphase=absent killpid=1707,1902,
14:11:52.574008457 pdns=0/0/inactive/dead/ named=0/inactive/dead/ agent=0/inactive/ jphase=absent killpid=1707,1902,
14:11:52.856479554 pdns=0/0/inactive/dead/ named=0/inactive/dead/ agent=0/inactive/ jphase=absent killpid=1707,1902,
14:11:53.120149061 pdns=0/0/inactive/dead/ named=0/inactive/dead/ agent=0/inactive/ jphase=absent killpid=1707,1902,
14:11:53.382256844 pdns=0/0/inactive/dead/ named=0/inactive/dead/ agent=0/inactive/ jphase=absent killpid=1707,1902,
14:11:53.642506840 pdns=0/0/inactive/dead/ named=0/inactive/dead/ agent=0/inactive/ jphase=absent killpid=1707,1902,
14:11:53.902838379 pdns=0/0/inactive/dead/ named=0/inactive/dead/ agent=0/inactive/ jphase=absent killpid=1707,1902,
14:11:54.167349035 pdns=0/0/inactive/dead/ named=0/inactive/dead/ agent=0/inactive/ jphase=absent killpid=1707,1902,
14:11:54.434626358 pdns=0/0/inactive/dead/ named=0/inactive/dead/ agent=0/inactive/ jphase=absent killpid=1707,1902,
14:11:54.700381243 pdns=0/0/inactive/dead/ named=0/inactive/dead/ agent=0/inactive/ jphase=absent killpid=1707,1902,
14:11:54.963797265 pdns=0/0/inactive/dead/ named=0/inactive/dead/ agent=0/inactive/ jphase=absent killpid=1707,1902,
14:11:55.224349785 pdns=0/0/inactive/dead/ named=0/inactive/dead/ agent=0/inactive/ jphase=absent killpid=1707,1902,
14:11:55.485397571 pdns=0/0/inactive/dead/ named=0/inactive/dead/ agent=0/inactive/ jphase=absent killpid=1707,1902,
14:11:55.752224954 CHANGE ledger 4a90b1e459bb0569f19ba6a3700d2e738fa909fd1038caa82aca3bb4b3433183 -> aa86c8340035d78446c8c7e14a0574e7c79bc71ae89c4196fa27c247b9794997
14:11:55.753632397 pdns=0/0/inactive/dead/ named=0/inactive/dead/ agent=0/inactive/ jphase=absent killpid=1707,1902,
14:11:56.018647788 pdns=0/0/inactive/dead/ named=0/inactive/dead/ agent=0/inactive/ jphase=absent killpid=1707,1902,
14:11:56.280324795 pdns=0/0/inactive/dead/ named=0/inactive/dead/ agent=0/inactive/ jphase=absent killpid=1707,1902,
14:11:56.543460364 pdns=0/0/inactive/dead/ named=0/inactive/dead/ agent=0/inactive/ jphase=absent killpid=1707,1902,
14:11:56.806627007 pdns=0/0/inactive/dead/ named=0/inactive/dead/ agent=0/inactive/ jphase=absent killpid=1707,1902,
14:11:57.070572775 pdns=0/0/inactive/dead/ named=0/inactive/dead/ agent=0/inactive/ jphase=absent killpid=1707,1902,
14:11:57.345955704 pdns=0/0/inactive/dead/ named=0/inactive/dead/ agent=0/inactive/ jphase=absent killpid=1707,1902,
14:11:57.608774492 pdns=0/0/inactive/dead/ named=0/inactive/dead/ agent=0/inactive/ jphase=absent killpid=1707,1902,
14:11:57.872660321 pdns=0/0/inactive/dead/ named=0/inactive/dead/ agent=0/inactive/ jphase=absent killpid=1707,1902,
14:11:58.135654891 pdns=0/0/inactive/dead/ named=0/inactive/dead/ agent=0/inactive/ jphase=absent killpid=1707,1902,
14:11:58.397654057 pdns=0/0/inactive/dead/ named=0/inactive/dead/ agent=0/inactive/ jphase=absent killpid=1707,1902,
14:11:58.660188054 pdns=0/0/inactive/dead/ named=0/inactive/dead/ agent=0/inactive/ jphase=absent killpid=1707,1902,
14:11:58.919990838 pdns=0/0/inactive/dead/ named=0/inactive/dead/ agent=0/inactive/ jphase=absent killpid=1707,1902,
14:11:59.184379754 pdns=0/0/inactive/dead/ named=0/inactive/dead/ agent=0/inactive/ jphase=absent killpid=1707,1902,
14:11:59.454354837 pdns=0/0/inactive/dead/ named=0/inactive/dead/ agent=0/inactive/ jphase=absent killpid=1707,1902,
14:11:59.716099144 pdns=0/0/inactive/dead/ named=0/inactive/dead/ agent=0/inactive/ jphase=absent killpid=1707,1902,
14:11:59.978148008 pdns=0/0/inactive/dead/ named=0/inactive/dead/ agent=0/inactive/ jphase=absent killpid=1707,1902,
14:12:00.243547985 pdns=0/0/inactive/dead/ named=0/inactive/dead/ agent=0/inactive/ jphase=absent killpid=1707,1902,
14:12:00.510606157 pdns=0/0/inactive/dead/ named=0/inactive/dead/ agent=0/inactive/ jphase=absent killpid=1707,1902,
14:12:00.776955761 CHANGE ledger aa86c8340035d78446c8c7e14a0574e7c79bc71ae89c4196fa27c247b9794997 -> b746055858b3977877d97aa147635a170be8079ebc9654f44ea290ac875c737d
14:12:00.778194693 pdns=0/0/inactive/dead/ named=0/inactive/dead/ agent=0/inactive/ jphase=absent killpid=1707,1902,
14:12:01.043071730 pdns=0/0/inactive/dead/ named=0/inactive/dead/ agent=0/inactive/ jphase=absent killpid=1707,1902,
14:12:01.309446540 pdns=0/0/inactive/dead/ named=0/inactive/dead/ agent=0/inactive/ jphase=absent killpid=1707,1902,
14:12:01.575157378 pdns=0/0/inactive/dead/ named=0/inactive/dead/ agent=0/inactive/ jphase=absent killpid=1707,1902,
14:12:01.839638437 pdns=0/0/inactive/dead/ named=0/inactive/dead/ agent=0/inactive/ jphase=absent killpid=1707,1902,
14:12:02.104078555 pdns=0/0/inactive/dead/ named=0/inactive/dead/ agent=0/inactive/ jphase=absent killpid=1707,1902,
14:12:02.370293007 pdns=0/0/inactive/dead/ named=0/inactive/dead/ agent=0/inactive/ jphase=absent killpid=1707,1902,
14:12:02.635502807 pdns=0/0/inactive/dead/ named=0/inactive/dead/ agent=0/inactive/ jphase=absent killpid=1707,1902,
14:12:02.896717805 pdns=0/0/inactive/dead/ named=0/inactive/dead/ agent=0/inactive/ jphase=absent killpid=1707,1902,
14:12:03.159238619 pdns=0/0/inactive/dead/ named=0/inactive/dead/ agent=0/inactive/ jphase=absent killpid=1707,1902,
14:12:03.420645638 pdns=0/0/inactive/dead/ named=0/inactive/dead/ agent=0/inactive/ jphase=absent killpid=1707,1902,
14:12:03.682360605 pdns=0/0/inactive/dead/ named=0/inactive/dead/ agent=0/inactive/ jphase=absent killpid=1707,1902,
14:12:03.942833605 pdns=0/0/inactive/dead/ named=0/inactive/dead/ agent=0/inactive/ jphase=absent killpid=1707,1902,
14:12:04.204844974 pdns=0/0/inactive/dead/ named=0/inactive/dead/ agent=0/inactive/ jphase=absent killpid=1707,1902,
14:12:04.466520387 pdns=0/0/inactive/dead/ named=0/inactive/dead/ agent=0/inactive/ jphase=absent killpid=1707,1902,
14:12:04.736481959 pdns=0/0/inactive/dead/ named=0/inactive/dead/ agent=0/inactive/ jphase=absent killpid=1707,1902,
14:12:05.007635627 pdns=0/0/inactive/dead/ named=0/inactive/dead/ agent=0/inactive/ jphase=absent killpid=1707,1902,
14:12:05.281281938 pdns=0/0/inactive/dead/ named=0/inactive/dead/ agent=0/inactive/ jphase=absent killpid=1707,1902,
14:12:05.544831222 pdns=0/0/inactive/dead/ named=0/inactive/dead/ agent=0/inactive/ jphase=absent killpid=1707,1902,
14:12:05.810256375 CHANGE ledger b746055858b3977877d97aa147635a170be8079ebc9654f44ea290ac875c737d -> 0c5dbbb344425154e040197806db1657be59a6d1b45a58f77e4665e56757ab01
14:12:05.811854029 pdns=0/0/inactive/dead/ named=0/inactive/dead/ agent=0/inactive/ jphase=absent killpid=1707,1902,
14:12:06.077868102 pdns=0/0/inactive/dead/ named=0/inactive/dead/ agent=0/inactive/ jphase=absent killpid=1707,1902,
14:12:06.339039266 pdns=0/0/inactive/dead/ named=0/inactive/dead/ agent=0/inactive/ jphase=absent killpid=1707,1902,
14:12:06.600588842 pdns=0/0/inactive/dead/ named=0/inactive/dead/ agent=0/inactive/ jphase=absent killpid=1707,1902,
14:12:06.861351558 pdns=0/0/inactive/dead/ named=0/inactive/dead/ agent=0/inactive/ jphase=absent killpid=1707,1902,
14:12:07.123131087 pdns=0/0/inactive/dead/ named=0/inactive/dead/ agent=0/inactive/ jphase=absent killpid=1707,1902,
14:12:07.385642593 pdns=0/0/inactive/dead/ named=0/inactive/dead/ agent=0/inactive/ jphase=absent killpid=1707,1902,
14:12:07.658475383 pdns=0/0/inactive/dead/ named=0/inactive/dead/ agent=0/inactive/ jphase=absent killpid=1707,1902,
14:12:07.920888167 pdns=0/0/inactive/dead/ named=0/inactive/dead/ agent=0/inactive/ jphase=absent killpid=1707,1902,
14:12:08.184573390 pdns=0/0/inactive/dead/ named=0/inactive/dead/ agent=0/inactive/ jphase=absent killpid=1707,1902,
14:12:08.446006850 pdns=0/0/inactive/dead/ named=0/inactive/dead/ agent=0/inactive/ jphase=absent killpid=1707,1902,
14:12:08.708458047 pdns=0/0/inactive/dead/ named=0/inactive/dead/ agent=0/inactive/ jphase=absent killpid=1707,1902,
14:12:08.971191940 pdns=0/0/inactive/dead/ named=0/inactive/dead/ agent=0/inactive/ jphase=absent killpid=1707,1902,
14:12:09.232723969 pdns=0/0/inactive/dead/ named=0/inactive/dead/ agent=0/inactive/ jphase=absent killpid=1707,1902,
14:12:09.496027506 pdns=0/0/inactive/dead/ named=0/inactive/dead/ agent=0/inactive/ jphase=absent killpid=1707,1902,
14:12:09.756767679 pdns=0/0/inactive/dead/ named=0/inactive/dead/ agent=0/inactive/ jphase=absent killpid=1707,1902,
14:12:10.020449604 pdns=0/0/inactive/dead/ named=0/inactive/dead/ agent=0/inactive/ jphase=absent killpid=1707,1902,
14:12:10.283808361 pdns=0/0/inactive/dead/ named=0/inactive/dead/ agent=0/inactive/ jphase=absent killpid=1707,1902,
14:12:10.546587770 pdns=0/0/inactive/dead/ named=0/inactive/dead/ agent=0/inactive/ jphase=absent killpid=1707,1902,
14:12:10.810927448 CHANGE ledger 0c5dbbb344425154e040197806db1657be59a6d1b45a58f77e4665e56757ab01 -> ee8535aef8201f4b20deb2a2c92fe02279f6176016e519496326e5751f11db9c
14:12:10.812298263 pdns=0/0/inactive/dead/ named=0/inactive/dead/ agent=0/inactive/ jphase=absent killpid=1707,1902,
14:12:11.073849697 pdns=0/0/inactive/dead/ named=0/inactive/dead/ agent=0/inactive/ jphase=absent killpid=1707,1902,
14:12:11.337232078 pdns=0/0/inactive/dead/ named=0/inactive/dead/ agent=0/inactive/ jphase=absent killpid=1707,1902,
14:12:11.602541176 pdns=0/0/inactive/dead/ named=0/inactive/dead/ agent=0/inactive/ jphase=absent killpid=1707,1902,
14:12:11.864968504 pdns=0/0/inactive/dead/ named=0/inactive/dead/ agent=0/inactive/ jphase=absent killpid=1707,1902,
14:12:12.146762382 pdns=0/0/inactive/dead/ named=0/inactive/dead/ agent=0/inactive/ jphase=absent killpid=1707,1902,
14:12:12.410093558 pdns=0/0/inactive/dead/ named=0/inactive/dead/ agent=0/inactive/ jphase=absent killpid=1707,1902,
14:12:12.678477761 pdns=0/0/inactive/dead/ named=0/inactive/dead/ agent=0/inactive/ jphase=absent killpid=1707,1902,
14:12:12.940998353 pdns=0/0/inactive/dead/ named=0/inactive/dead/ agent=0/inactive/ jphase=absent killpid=1707,1902,
14:12:13.203127665 pdns=0/0/inactive/dead/ named=0/inactive/dead/ agent=0/inactive/ jphase=absent killpid=1707,1902,
14:12:13.471118593 pdns=0/0/inactive/dead/ named=0/inactive/dead/ agent=0/inactive/ jphase=absent killpid=1707,1902,
14:12:13.748741752 CHANGE ledger ee8535aef8201f4b20deb2a2c92fe02279f6176016e519496326e5751f11db9c -> ef802626b9cd7dde61a9317d5ce4b663dc2fa726c1d26a2fdd269f8bb344a3d2
14:12:13.750454077 pdns=0/0/inactive/dead/ named=0/inactive/dead/ agent=0/inactive/ jphase=absent killpid=1707,4505,
14:12:14.041170968 CHANGE ledger ef802626b9cd7dde61a9317d5ce4b663dc2fa726c1d26a2fdd269f8bb344a3d2 -> 7472341e1a8d6bfabef8dedec8e8ca942685b260c66216a99c16e0227888985a
14:12:14.042564543 pdns=0/0/inactive/dead/ named=0/inactive/dead/ agent=0/inactive/ jphase=absent killpid=1707,4505,
14:12:14.311908386 pdns=0/0/inactive/dead/ named=0/inactive/dead/ agent=0/inactive/ jphase=absent killpid=1707,4505,
14:12:14.574422442 pdns=0/0/inactive/dead/ named=0/inactive/dead/ agent=0/inactive/ jphase=absent killpid=1707,4505,
14:12:14.853497643 pdns=0/0/inactive/dead/ named=0/inactive/dead/ agent=0/inactive/ jphase=absent killpid=1707,4505,
14:12:15.127196745 pdns=0/0/inactive/dead/ named=0/inactive/dead/ agent=0/inactive/ jphase=absent killpid=1707,4505,
14:12:15.401039700 pdns=0/0/inactive/dead/ named=0/inactive/dead/ agent=0/inactive/ jphase=absent killpid=1707,4505,
14:12:15.679611443 CHANGE ledger 7472341e1a8d6bfabef8dedec8e8ca942685b260c66216a99c16e0227888985a -> 9518bc8350de328a5af46b49dd568532c2f1cc13cd812a2a22c2b27d638ab013
14:12:15.681152055 pdns=0/0/inactive/dead/ named=0/inactive/dead/ agent=0/inactive/ jphase=absent killpid=1707,4505,
14:12:15.945657839 pdns=0/0/inactive/dead/ named=0/inactive/dead/ agent=0/inactive/ jphase=absent killpid=1707,4505,
14:12:16.215035341 pdns=0/0/inactive/dead/ named=0/inactive/dead/ agent=0/inactive/ jphase=absent killpid=1707,4505,
14:12:16.491311521 pdns=0/0/inactive/dead/ named=0/inactive/dead/ agent=0/inactive/ jphase=absent killpid=1707,4505,
14:12:16.762856161 pdns=0/0/inactive/dead/ named=0/inactive/dead/ agent=0/inactive/ jphase=absent killpid=1707,4505,
14:12:17.030368236 pdns=0/0/inactive/dead/ named=0/inactive/dead/ agent=0/inactive/ jphase=absent killpid=1707,4505,
14:12:17.297752233 pdns=0/0/inactive/dead/ named=0/inactive/dead/ agent=0/inactive/ jphase=absent killpid=1707,4505,
14:12:17.572697046 pdns=0/0/inactive/dead/ named=0/inactive/dead/ agent=0/inactive/ jphase=absent killpid=1707,4505,
14:12:17.840721023 pdns=0/0/inactive/dead/ named=0/inactive/dead/ agent=0/inactive/ jphase=absent killpid=1707,4505,
14:12:18.106641445 pdns=0/0/inactive/dead/ named=0/inactive/dead/ agent=0/inactive/ jphase=absent killpid=1707,4505,
14:12:18.393320512 CHANGE ledger 9518bc8350de328a5af46b49dd568532c2f1cc13cd812a2a22c2b27d638ab013 -> 8639d32fa1edf931e5366ba778455bc9a8abcea1ef107144fff51b9f2d726cb5
14:12:18.395300186 pdns=0/0/inactive/dead/ named=0/inactive/dead/ agent=0/inactive/ jphase=absent killpid=1707,5059,
14:12:18.839802333 CHANGE ledger 8639d32fa1edf931e5366ba778455bc9a8abcea1ef107144fff51b9f2d726cb5 -> ad3b771652f9332476e861842185bb5312f060ab7c64f1bb6eebacf22b69a7ee
14:12:18.841406352 pdns=0/0/inactive/dead/ named=0/inactive/dead/ agent=0/inactive/ jphase=absent killpid=1707,5128,
14:12:19.121244616 CHANGE ledger ad3b771652f9332476e861842185bb5312f060ab7c64f1bb6eebacf22b69a7ee -> 92a304a745f05a3c7a38b046161a59d8809cb939e17ba518a3182b49222cbb40
14:12:19.122610438 pdns=0/0/inactive/dead/ named=0/inactive/dead/ agent=0/inactive/ jphase=absent killpid=1707,5197,
14:12:19.404135512 CHANGE journal absent -> a6c339d8c613fb1d9d8e3d819ac82020b4fc1853fd850437aaf4cbe4f4a232d9
14:12:19.415742003 CHANGE ledger 92a304a745f05a3c7a38b046161a59d8809cb939e17ba518a3182b49222cbb40 -> 8f633beb900e4dd200196e52ac45b7d945a9ed2ec1c9de83f4399ac5575736f6
14:12:19.417427663 pdns=0/0/inactive/dead/ named=0/inactive/dead/ agent=0/inactive/ jphase=intent killpid=1707,
14:12:19.687119333 CHANGE ledger 8f633beb900e4dd200196e52ac45b7d945a9ed2ec1c9de83f4399ac5575736f6 -> 3fdd99528f827c2f78881c408ddc86784a1a69029f37839c05dba124e7527acd
14:12:19.688664629 pdns=0/0/inactive/dead/ named=0/inactive/dead/ agent=0/inactive/ jphase=intent killpid=1707,
14:12:19.951774035 pdns=0/0/inactive/dead/ named=0/inactive/dead/ agent=0/inactive/ jphase=intent killpid=1707,
14:12:20.217377298 pdns=0/0/inactive/dead/ named=0/inactive/dead/ agent=0/inactive/ jphase=intent killpid=1707,
14:12:20.496170156 CHANGE journal a6c339d8c613fb1d9d8e3d819ac82020b4fc1853fd850437aaf4cbe4f4a232d9 -> 18452a37fe586ed40ef8ee18905ad68371b2c2ed6fbed03c784589eced2402cf
14:12:20.507722972 CHANGE ledger 3fdd99528f827c2f78881c408ddc86784a1a69029f37839c05dba124e7527acd -> 68bcb92b625e6355d28e05cd571d96711ecdc0c217a4f8eb4f5c0c8316d01730
14:12:20.509576288 pdns=0/0/inactive/dead/ named=0/inactive/dead/ agent=0/inactive/ jphase=source-stopped killpid=1707,
14:12:20.787829303 CHANGE ledger 68bcb92b625e6355d28e05cd571d96711ecdc0c217a4f8eb4f5c0c8316d01730 -> 5541abd1fc965e3df538d12fd04e97cdb9a5dbee741e7e3addc437533732a636
14:12:20.789447587 pdns=0/0/inactive/dead/ named=0/inactive/dead/ agent=0/inactive/ jphase=source-stopped killpid=1707,5505,
14:12:21.301846433 CHANGE ledger 5541abd1fc965e3df538d12fd04e97cdb9a5dbee741e7e3addc437533732a636 -> 4440d52e26bb3a91478e688c4bb2983952a31e1ae4ba0474ee4ff4e9c6a6126a
14:12:21.303475918 pdns=0/0/inactive/dead/ named=0/inactive/dead/ agent=0/inactive/ jphase=source-stopped killpid=1707,5577,
14:12:21.607724028 CHANGE ledger 4440d52e26bb3a91478e688c4bb2983952a31e1ae4ba0474ee4ff4e9c6a6126a -> 245b2aa980f14f4f83c540f40fbf00ddc8136884367214014ee31f4ca13a828b
14:12:21.610287586 pdns=0/0/inactive/dead/ named=0/inactive/dead/ agent=0/inactive/ jphase=source-stopped killpid=1707,
14:12:21.914005989 CHANGE ledger 245b2aa980f14f4f83c540f40fbf00ddc8136884367214014ee31f4ca13a828b -> 5d149e472e6f58ef6dbdab9f66141d826e100d0cb3a6b1adb59e25d488882443
14:12:21.915871087 pdns=0/0/inactive/dead/ named=0/inactive/dead/ agent=0/inactive/ jphase=source-stopped killpid=1707,
14:12:22.204243308 CHANGE ledger 5d149e472e6f58ef6dbdab9f66141d826e100d0cb3a6b1adb59e25d488882443 -> dde9d1fe7aa60055d3dda0d1515f5a8150aba6cbbedcaedb5b11397165021f50
14:12:22.205535491 pdns=0/0/inactive/dead/ named=0/inactive/dead/ agent=0/inactive/ jphase=source-stopped killpid=1707,5812,
14:12:22.540411514 CHANGE ledger dde9d1fe7aa60055d3dda0d1515f5a8150aba6cbbedcaedb5b11397165021f50 -> 89ee85947fdf7d36c34095e1b70f7ecc794d9b445d19dc4c5bc2db006887e609
14:12:22.541945334 pdns=0/0/inactive/dead/ named=0/inactive/dead/ agent=0/inactive/ jphase=source-stopped killpid=1707,5890,
14:12:22.825025420 CHANGE ledger 89ee85947fdf7d36c34095e1b70f7ecc794d9b445d19dc4c5bc2db006887e609 -> 220a34879c7175353479eafebb550e0bbcc52d614ea1957367c70749bd73bb93
14:12:22.826669698 pdns=0/0/inactive/dead/ named=0/inactive/dead/ agent=0/inactive/ jphase=source-stopped killpid=1707,
14:12:23.104900224 CHANGE ledger 220a34879c7175353479eafebb550e0bbcc52d614ea1957367c70749bd73bb93 -> 6ae6114463ea2c54bd79fc6bb1fe685a8e02c2b0933deeb9ca2e9bb7dfdcc23d
14:12:23.106617033 pdns=5976/0/active/running/ named=0/inactive/dead/ agent=0/inactive/ jphase=source-stopped killpid=1707,6019,
14:12:23.515252402 CHANGE ledger 6ae6114463ea2c54bd79fc6bb1fe685a8e02c2b0933deeb9ca2e9bb7dfdcc23d -> f4e7723f901c898fcf3b645ba62b72beeb8082b0655849eab9484d7523c66a39
14:12:23.535823334 pdns=5976/0/active/running/ named=0/inactive/dead/ agent=0/inactive/ jphase=source-stopped killpid=1707,
14:12:25.960134588 CHANGE ledger f4e7723f901c898fcf3b645ba62b72beeb8082b0655849eab9484d7523c66a39 -> e03209e5956337c1fcfd3bca51ee70395978ecff57cc2cb66c94141ff7abc688
14:12:25.961926557 pdns=5976/0/active/running/ named=0/inactive/dead/ agent=0/inactive/ jphase=source-stopped killpid=1707,6113,
14:12:26.235969382 CHANGE ledger e03209e5956337c1fcfd3bca51ee70395978ecff57cc2cb66c94141ff7abc688 -> f433e862cf904cb090f8674674ec2bd5ffdd1ca5be79c0a1b77807d5edefea30
14:12:26.237329250 pdns=5976/0/active/running/ named=0/inactive/dead/ agent=0/inactive/ jphase=source-stopped killpid=1707,
14:12:26.501838052 CHANGE ledger f433e862cf904cb090f8674674ec2bd5ffdd1ca5be79c0a1b77807d5edefea30 -> 227fc72dd07252a990bf6af0b0cc17115369c8495f5fd2e0a95d3992efcf8602
14:12:26.503274670 pdns=5976/0/active/running/ named=0/inactive/dead/ agent=0/inactive/ jphase=source-stopped killpid=1707,
14:12:26.765132174 CHANGE ledger 227fc72dd07252a990bf6af0b0cc17115369c8495f5fd2e0a95d3992efcf8602 -> 6f9941007200facbc9967665078dafe4b179f17a093dd5a85469b5061f03b932
14:12:26.766532268 pdns=5976/0/active/running/ named=0/inactive/dead/ agent=0/inactive/ jphase=source-stopped killpid=1707,
14:12:27.028693935 CHANGE ledger 6f9941007200facbc9967665078dafe4b179f17a093dd5a85469b5061f03b932 -> d8d9ed8a03fcd80297161a18dc54ead41034c6a9157a9258be7393607197105c
14:12:27.030102576 pdns=5976/0/active/running/ named=0/inactive/dead/ agent=0/inactive/ jphase=source-stopped killpid=1707,
14:12:27.294727307 CHANGE ledger d8d9ed8a03fcd80297161a18dc54ead41034c6a9157a9258be7393607197105c -> 0f45edf70e099fdfe68b49008b3192f6c8912fd7399f8eedbbcb02a844339b8a
14:12:27.296009960 pdns=5976/0/active/running/ named=0/inactive/dead/ agent=0/inactive/ jphase=source-stopped killpid=1707,
14:12:27.561854808 CHANGE ledger 0f45edf70e099fdfe68b49008b3192f6c8912fd7399f8eedbbcb02a844339b8a -> 5e79c0b2dcb403a5646ddc09eadd2c81764cd67062c24e8c1296de52e285366d
14:12:27.563159473 pdns=5976/0/active/running/ named=0/inactive/dead/ agent=0/inactive/ jphase=source-stopped killpid=1707,
14:12:27.825953445 CHANGE ledger 5e79c0b2dcb403a5646ddc09eadd2c81764cd67062c24e8c1296de52e285366d -> 7c9c03bfff3097597c02691c7556e328fedb24b31588bd2b5676b6333fd826db
14:12:27.827252017 pdns=5976/0/active/running/ named=0/inactive/dead/ agent=0/inactive/ jphase=source-stopped killpid=1707,
14:12:28.095470323 CHANGE ledger 7c9c03bfff3097597c02691c7556e328fedb24b31588bd2b5676b6333fd826db -> a132aeeaaf421cdfc820bede77e32cfcb9e561574bec8541708f427548fbeb30
14:12:28.096940250 pdns=5976/0/active/running/ named=0/inactive/dead/ agent=0/inactive/ jphase=source-stopped killpid=1707,
14:12:28.358860170 CHANGE ledger a132aeeaaf421cdfc820bede77e32cfcb9e561574bec8541708f427548fbeb30 -> fefe2c807e50d9481f261da17404d6fa8d7ca5399a77470359f833ac9defd972
14:12:28.360428286 pdns=5976/0/active/running/ named=0/inactive/dead/ agent=0/inactive/ jphase=source-stopped killpid=1707,
14:12:28.629768291 CHANGE ledger fefe2c807e50d9481f261da17404d6fa8d7ca5399a77470359f833ac9defd972 -> 47eb5eba30005a70d266c08a186a2a0e83e64c4c8f8aaa3e91aa10f06822d467
14:12:28.631171920 pdns=5976/0/active/running/ named=0/inactive/dead/ agent=0/inactive/ jphase=source-stopped killpid=1707,
14:12:28.895508288 CHANGE ledger 47eb5eba30005a70d266c08a186a2a0e83e64c4c8f8aaa3e91aa10f06822d467 -> a3f0e94553f0d1a202502c81a5b3258933e40498ea7ce0bf7c6486118011b132
14:12:28.896890938 pdns=5976/0/active/running/ named=0/inactive/dead/ agent=0/inactive/ jphase=source-stopped killpid=1707,
14:12:29.172274218 CHANGE ledger a3f0e94553f0d1a202502c81a5b3258933e40498ea7ce0bf7c6486118011b132 -> a8f58113c5a0d43dcc39df35acf06eda1a03681ecec87d08f952357244d58c47
14:12:29.174612308 pdns=5976/0/active/running/ named=0/inactive/dead/ agent=0/inactive/ jphase=source-stopped killpid=1707,
14:12:29.450788239 CHANGE ledger a8f58113c5a0d43dcc39df35acf06eda1a03681ecec87d08f952357244d58c47 -> 04970bc289b662cf372ec3bb387fe27806df705d0842ae7c5100c469a5b011a4
14:12:29.452343008 pdns=5976/0/active/running/ named=0/inactive/dead/ agent=0/inactive/ jphase=source-stopped killpid=1707,
14:12:29.725463654 CHANGE ledger 04970bc289b662cf372ec3bb387fe27806df705d0842ae7c5100c469a5b011a4 -> 713b80aa88065edcd39ec5ddf762507657176ebeaa773846bbc27c6f91b48282
14:12:29.726784079 pdns=5976/0/active/running/ named=0/inactive/dead/ agent=0/inactive/ jphase=source-stopped killpid=1707,
14:12:29.996304213 CHANGE ledger 713b80aa88065edcd39ec5ddf762507657176ebeaa773846bbc27c6f91b48282 -> 6372499504a1c6d4b90f0118266655a9ac85fa8b42b7dcf4516a9d2f42d51a48
14:12:29.997763208 pdns=5976/0/active/running/ named=0/inactive/dead/ agent=0/inactive/ jphase=source-stopped killpid=1707,
14:12:30.267562460 CHANGE ledger 6372499504a1c6d4b90f0118266655a9ac85fa8b42b7dcf4516a9d2f42d51a48 -> 0b059fa46b816fc31d4f4ed5acaf3289b81ac1424e30365e39e54ea744f07b72
14:12:30.268956081 pdns=5976/0/active/running/ named=0/inactive/dead/ agent=0/inactive/ jphase=source-stopped killpid=1707,
14:12:30.534179108 CHANGE ledger 0b059fa46b816fc31d4f4ed5acaf3289b81ac1424e30365e39e54ea744f07b72 -> 7062818d40693458879bb96fce704c36bf38f6e5e6fec8da73ddd15eab1db8a5
14:12:30.535550907 pdns=5976/0/active/running/ named=0/inactive/dead/ agent=0/inactive/ jphase=source-stopped killpid=1707,
14:12:30.800695959 CHANGE ledger 7062818d40693458879bb96fce704c36bf38f6e5e6fec8da73ddd15eab1db8a5 -> 0698b902c331de0f1a88174fc81b82a96ecb5a869f974c01a6cbe5ab1ccc177e
14:12:30.802246504 pdns=5976/0/active/running/ named=0/inactive/dead/ agent=0/inactive/ jphase=source-stopped killpid=1707,
14:12:31.069195963 CHANGE ledger 0698b902c331de0f1a88174fc81b82a96ecb5a869f974c01a6cbe5ab1ccc177e -> d31ecdbfb2fd2fd058e400fde8207bc2571a461a7f4116032aea9a45857d537f
14:12:31.071005462 pdns=5976/0/active/running/ named=0/inactive/dead/ agent=0/inactive/ jphase=source-stopped killpid=1707,
14:12:31.349421490 CHANGE ledger d31ecdbfb2fd2fd058e400fde8207bc2571a461a7f4116032aea9a45857d537f -> 8fc2ab0a0a572e3e8d701858376e11c60aa2d7b6f088e913b58d6bbb9758d2c4
14:12:31.352338295 pdns=5976/0/active/running/ named=0/inactive/dead/ agent=0/inactive/ jphase=source-stopped killpid=1707,
14:12:31.739447800 CHANGE ledger 8fc2ab0a0a572e3e8d701858376e11c60aa2d7b6f088e913b58d6bbb9758d2c4 -> 47ae0e3c3cfff409f9b4e19260376595b8d037c350e40b64610a546681825ca3
14:12:31.745841569 pdns=5976/0/active/running/ named=0/inactive/dead/ agent=0/inactive/ jphase=source-stopped killpid=1707,
14:12:32.135998676 CHANGE ledger 47ae0e3c3cfff409f9b4e19260376595b8d037c350e40b64610a546681825ca3 -> 018bfa8b548de67ec36834ea1d8f98878cdc2844b33ba9ad36bfc4b1acadd230
14:12:32.139247390 pdns=5976/0/active/running/ named=0/inactive/dead/ agent=0/inactive/ jphase=source-stopped killpid=1707,
14:12:32.525749483 CHANGE ledger 018bfa8b548de67ec36834ea1d8f98878cdc2844b33ba9ad36bfc4b1acadd230 -> bf32082618a89a325f62b3ab1704f9bbb99edd9e9deb806826fe0cd2d3e325dd
14:12:32.528312202 pdns=5976/0/active/running/ named=0/inactive/dead/ agent=0/inactive/ jphase=source-stopped killpid=1707,6924,
14:12:32.999467827 CHANGE ledger bf32082618a89a325f62b3ab1704f9bbb99edd9e9deb806826fe0cd2d3e325dd -> 7585f6ee1e059f24bae5a34a11bfc1fa9debdd141120e79f0bc2b8436d9d04d2
14:12:33.002057228 pdns=5976/0/active/running/ named=0/inactive/dead/ agent=0/inactive/ jphase=source-stopped killpid=1707,6958,
14:12:33.334386159 CHANGE ledger 7585f6ee1e059f24bae5a34a11bfc1fa9debdd141120e79f0bc2b8436d9d04d2 -> c0a3b93de0e79a0e5583a7444d880041ce82fea995b533d730d5de370afed850
14:12:33.337419779 pdns=5976/0/active/running/ named=0/inactive/dead/ agent=0/inactive/ jphase=source-stopped killpid=1707,
14:12:33.712647794 CHANGE ledger c0a3b93de0e79a0e5583a7444d880041ce82fea995b533d730d5de370afed850 -> 920e4013f50ee59d1ea9894504d2a565d590b6c4b9a541bd7e6628e028ef3fe8
14:12:33.715002385 pdns=5976/0/active/running/ named=0/inactive/dead/ agent=0/inactive/ jphase=source-stopped killpid=1707,
14:12:34.137632300 CHANGE ledger 920e4013f50ee59d1ea9894504d2a565d590b6c4b9a541bd7e6628e028ef3fe8 -> 2b83d7deae9d1e1b75a025a91bde39fbc5b70e6ece7ba413e99a1b033badb84d
14:12:34.144890295 pdns=5976/0/active/running/ named=0/inactive/dead/ agent=0/inactive/ jphase=source-stopped killpid=1707,
14:12:34.554570012 CHANGE ledger 2b83d7deae9d1e1b75a025a91bde39fbc5b70e6ece7ba413e99a1b033badb84d -> f3e93cf4e6afab65b7125ea7b7e62ff2b53551872edd8c4e1a60367f5254a911
14:12:34.566235601 pdns=5976/0/active/running/ named=0/inactive/dead/ agent=0/inactive/ jphase=source-stopped killpid=1707,
14:12:34.975065679 CHANGE ledger f3e93cf4e6afab65b7125ea7b7e62ff2b53551872edd8c4e1a60367f5254a911 -> 4785818a0dab11f0a19b1c3b4f287c8438f0004ab72d7d149364e176311b8363
14:12:34.978032197 pdns=5976/0/active/running/ named=0/inactive/dead/ agent=0/inactive/ jphase=source-stopped killpid=1707,
14:12:35.370326036 CHANGE ledger 4785818a0dab11f0a19b1c3b4f287c8438f0004ab72d7d149364e176311b8363 -> 7e2b8173348900558e088ae836307637250cf72ecbd28989b18d468b8e2661a9
14:12:35.379928895 pdns=5976/0/active/running/ named=0/inactive/dead/ agent=0/inactive/ jphase=source-stopped killpid=1707,
14:12:35.825508466 CHANGE ledger 7e2b8173348900558e088ae836307637250cf72ecbd28989b18d468b8e2661a9 -> 1596f75fb82cb9268c887221b41544c86a30196b9c92633c1a5b70ec48ae25e1
14:12:35.837523333 pdns=5976/0/active/running/ named=0/inactive/dead/ agent=0/inactive/ jphase=source-stopped killpid=1707,
14:12:36.299487756 CHANGE ledger 1596f75fb82cb9268c887221b41544c86a30196b9c92633c1a5b70ec48ae25e1 -> 9f4339e7f5e4a6759a29222c1450fffd07b1643cfa9aa505946f22ac056c7dce
14:12:36.302763711 pdns=5976/0/active/running/ named=0/inactive/dead/ agent=0/inactive/ jphase=source-stopped killpid=1707,
14:12:36.729719310 CHANGE ledger 9f4339e7f5e4a6759a29222c1450fffd07b1643cfa9aa505946f22ac056c7dce -> cf0a6ce9679ffb18c8d3006bb04a983cb6403bd16e2f884b729effd39824b190
14:12:36.732299361 pdns=5976/0/active/running/ named=0/inactive/dead/ agent=0/inactive/ jphase=source-stopped killpid=1707,
14:12:37.031729220 CHANGE ledger cf0a6ce9679ffb18c8d3006bb04a983cb6403bd16e2f884b729effd39824b190 -> ff9db74f87547eac3ed0b544d4f5b1aabb69fbea649be077bf8329363cf29f2a
14:12:37.033526776 pdns=5976/0/active/running/ named=0/inactive/dead/ agent=0/inactive/ jphase=source-stopped killpid=1707,
14:12:37.322270847 CHANGE ledger ff9db74f87547eac3ed0b544d4f5b1aabb69fbea649be077bf8329363cf29f2a -> 2869d66d6c3ef500188a1aa3f55b2c86f43ab4cf0eaa0b9c33ed0807da144842
14:12:37.323920413 pdns=5976/0/active/running/ named=0/inactive/dead/ agent=0/inactive/ jphase=source-stopped killpid=1707,
14:12:37.619740786 CHANGE ledger 2869d66d6c3ef500188a1aa3f55b2c86f43ab4cf0eaa0b9c33ed0807da144842 -> d0cd9c3392d9dbdcea94d1b1b1f47f60d077a7926fe541076873a97194479c95
14:12:37.621164421 pdns=5976/0/active/running/ named=0/inactive/dead/ agent=0/inactive/ jphase=source-stopped killpid=1707,
14:12:37.896281294 CHANGE ledger d0cd9c3392d9dbdcea94d1b1b1f47f60d077a7926fe541076873a97194479c95 -> 37a574388c041e11cda49fe8f5f7b0b570af6d2b8e6fa5c2a390523bc7a5869f
14:12:37.897824980 pdns=5976/0/active/running/ named=0/inactive/dead/ agent=0/inactive/ jphase=source-stopped killpid=1707,
14:12:38.161331082 CHANGE journal 18452a37fe586ed40ef8ee18905ad68371b2c2ed6fbed03c784589eced2402cf -> a9246bab89add30526d0436600d39f03c889118dded381cfdc59da9cc8911b90
14:12:38.170970337 CHANGE ledger 37a574388c041e11cda49fe8f5f7b0b570af6d2b8e6fa5c2a390523bc7a5869f -> 79718453e5f4abbdc0bfc517cf1e1669d0013be2f6dfff95945c045a49ff60d2
14:12:38.172267164 pdns=5976/0/active/running/ named=0/inactive/dead/ agent=0/inactive/ jphase=rolling-back killpid=1707,
14:12:38.443034702 CHANGE ledger 79718453e5f4abbdc0bfc517cf1e1669d0013be2f6dfff95945c045a49ff60d2 -> 03eb5cc931bfbae186410b209f18ecb2b4b24ef9c089bfdec9a4ff3ba2729f54
14:12:38.444847376 pdns=0/0/inactive/dead/ named=0/inactive/dead/ agent=0/inactive/ jphase=rolling-back killpid=1707,
14:12:38.718228092 CHANGE ledger 03eb5cc931bfbae186410b209f18ecb2b4b24ef9c089bfdec9a4ff3ba2729f54 -> 9e938aea5d17b8da4bb911f06d9b1dfcdadd1061e532b38d966a2d48ffb9cc48
14:12:38.719873915 pdns=0/0/inactive/dead/ named=0/inactive/dead/ agent=0/inactive/ jphase=rolling-back killpid=1707,
14:12:38.999912762 pdns=0/0/inactive/dead/ named=0/inactive/dead/ agent=0/inactive/ jphase=rolling-back killpid=
done
