23:02:47.653476180 CHANGE journal none -> absent
23:02:47.665885450 CHANGE ledger none -> 177f61d12ed0bb85e6ea535b807b376e26bbe0871405a13867c0b3cb6ea4b211
23:02:47.669750852 CHANGE state none -> absent
23:02:47.675739237 CHANGE pdnsdb none -> absent
23:02:47.679610189 POINTER 
23:02:47.681105628 pdns=0/0/inactive/dead/ named=0/inactive/dead/ agent=0/inactive/ jphase=absent killpid=
23:02:47.957152794 pdns=0/0/inactive/dead/ named=0/inactive/dead/ agent=0/inactive/ jphase=absent killpid=
23:02:48.236609307 pdns=0/0/inactive/dead/ named=0/inactive/dead/ agent=0/inactive/ jphase=absent killpid=
23:02:48.551449005 pdns=0/0/inactive/dead/ named=0/inactive/dead/ agent=0/inactive/ jphase=absent killpid=
23:02:48.842206043 pdns=0/0/inactive/dead/ named=0/inactive/dead/ agent=0/inactive/ jphase=absent killpid=
23:02:49.141487880 pdns=0/0/inactive/dead/ named=0/inactive/dead/ agent=0/inactive/ jphase=absent killpid=
23:02:49.440966261 pdns=0/0/inactive/dead/ named=0/inactive/dead/ agent=0/inactive/ jphase=absent killpid=2264,
23:02:49.731085253 pdns=0/0/inactive/dead/ named=0/inactive/dead/ agent=0/inactive/ jphase=absent killpid=2264,
23:02:50.009460111 pdns=0/0/inactive/dead/ named=0/inactive/dead/ agent=0/inactive/ jphase=absent killpid=2264,
23:02:50.282476968 pdns=0/0/inactive/dead/ named=0/inactive/dead/ agent=0/inactive/ jphase=absent killpid=2264,
23:02:50.563297894 CHANGE ledger 177f61d12ed0bb85e6ea535b807b376e26bbe0871405a13867c0b3cb6ea4b211 -> 15195f6db29962da369c0fbe4af0af3d6acff39be3a1bf300f42bb3dba904615
23:02:50.568335531 pdns=0/0/inactive/dead/ named=0/inactive/dead/ agent=0/inactive/ jphase=absent killpid=2264,
23:02:50.890519654 CHANGE ledger 15195f6db29962da369c0fbe4af0af3d6acff39be3a1bf300f42bb3dba904615 -> c1aeff8182d2b0ed08e4628a0dadf2b8549fd3828f53d40e5dab817cd010bd2a
23:02:50.894316356 pdns=0/0/inactive/dead/ named=0/inactive/dead/ agent=0/inactive/ jphase=absent killpid=2264,2478,
23:02:51.194812567 pdns=0/0/inactive/dead/ named=0/inactive/dead/ agent=0/inactive/ jphase=absent killpid=2264,2478,
23:02:51.499333302 pdns=0/0/inactive/dead/ named=0/inactive/dead/ agent=0/inactive/ jphase=absent killpid=2264,2478,
23:02:51.912922101 pdns=0/0/inactive/dead/ named=0/inactive/dead/ agent=0/inactive/ jphase=absent killpid=2264,2478,
23:02:52.205213459 pdns=0/0/inactive/dead/ named=0/inactive/dead/ agent=0/inactive/ jphase=absent killpid=2264,2478,
23:02:52.492944566 pdns=0/0/inactive/dead/ named=0/inactive/dead/ agent=0/inactive/ jphase=absent killpid=2264,2478,
23:02:52.781439794 pdns=0/0/inactive/dead/ named=0/inactive/dead/ agent=0/inactive/ jphase=absent killpid=2264,2478,
23:02:53.068250859 pdns=0/0/inactive/dead/ named=0/inactive/dead/ agent=0/inactive/ jphase=absent killpid=2264,2478,
23:02:53.416311629 pdns=0/0/inactive/dead/ named=0/inactive/dead/ agent=0/inactive/ jphase=absent killpid=2264,2478,
23:02:53.764850785 pdns=0/0/inactive/dead/ named=0/inactive/dead/ agent=0/inactive/ jphase=absent killpid=2264,2478,
23:02:54.093287313 pdns=0/0/inactive/dead/ named=0/inactive/dead/ agent=0/inactive/ jphase=absent killpid=2264,2478,
23:02:54.384037154 pdns=0/0/inactive/dead/ named=0/inactive/dead/ agent=0/inactive/ jphase=absent killpid=2264,2478,
23:02:54.680010610 pdns=0/0/inactive/dead/ named=0/inactive/dead/ agent=0/inactive/ jphase=absent killpid=2264,2478,
23:02:54.975034060 pdns=0/0/inactive/dead/ named=0/inactive/dead/ agent=0/inactive/ jphase=absent killpid=2264,2478,
23:02:55.264910649 pdns=0/0/inactive/dead/ named=0/inactive/dead/ agent=0/inactive/ jphase=absent killpid=2264,2478,
23:02:55.578581083 CHANGE ledger c1aeff8182d2b0ed08e4628a0dadf2b8549fd3828f53d40e5dab817cd010bd2a -> 5dd1897fdb25ce409ba855334c5ebd310cce21b11ec4f53595e3108457e59124
23:02:55.585194654 pdns=0/0/inactive/dead/ named=0/inactive/dead/ agent=0/inactive/ jphase=absent killpid=2264,2940,
23:02:55.886738312 CHANGE ledger 5dd1897fdb25ce409ba855334c5ebd310cce21b11ec4f53595e3108457e59124 -> 7b64c1f3bfe071e2e4654f480c12dbe35fd59cdc1a724bfb59091d8c8a21cfb3
23:02:55.893683233 pdns=0/0/inactive/dead/ named=0/inactive/dead/ agent=0/inactive/ jphase=absent killpid=2264,
23:02:56.215581753 CHANGE ledger 7b64c1f3bfe071e2e4654f480c12dbe35fd59cdc1a724bfb59091d8c8a21cfb3 -> 7b92bede60b219f9f77e03812501276be2b8c10316873681d05556e7a6d80046
23:02:56.220658237 pdns=0/0/inactive/dead/ named=0/inactive/dead/ agent=0/inactive/ jphase=absent killpid=2264,3062,
23:02:56.523512379 pdns=0/0/inactive/dead/ named=0/inactive/dead/ agent=0/inactive/ jphase=absent killpid=2264,3062,
23:02:56.810630580 pdns=0/0/inactive/dead/ named=0/inactive/dead/ agent=0/inactive/ jphase=absent killpid=2264,3062,
23:02:57.092203187 pdns=0/0/inactive/dead/ named=0/inactive/dead/ agent=0/inactive/ jphase=absent killpid=2264,3062,
23:02:57.400736205 pdns=0/0/inactive/dead/ named=0/inactive/dead/ agent=0/inactive/ jphase=absent killpid=2264,3062,
23:02:57.720253542 pdns=0/0/inactive/dead/ named=0/inactive/dead/ agent=0/inactive/ jphase=absent killpid=2264,3062,
23:02:58.014155602 pdns=0/0/inactive/dead/ named=0/inactive/dead/ agent=0/inactive/ jphase=absent killpid=2264,3062,
23:02:58.305060780 pdns=0/0/inactive/dead/ named=0/inactive/dead/ agent=0/inactive/ jphase=absent killpid=2264,3062,
23:02:58.595796273 pdns=0/0/inactive/dead/ named=0/inactive/dead/ agent=0/inactive/ jphase=absent killpid=2264,3062,
23:02:58.884811983 pdns=0/0/inactive/dead/ named=0/inactive/dead/ agent=0/inactive/ jphase=absent killpid=2264,3062,
23:02:59.181277214 pdns=0/0/inactive/dead/ named=0/inactive/dead/ agent=0/inactive/ jphase=absent killpid=2264,3062,
23:02:59.476897417 pdns=0/0/inactive/dead/ named=0/inactive/dead/ agent=0/inactive/ jphase=absent killpid=2264,3062,
23:02:59.806830339 pdns=0/0/inactive/dead/ named=0/inactive/dead/ agent=0/inactive/ jphase=absent killpid=2264,3062,
23:03:00.108396989 pdns=0/0/inactive/dead/ named=0/inactive/dead/ agent=0/inactive/ jphase=absent killpid=2264,3553,
23:03:00.407262806 CHANGE ledger 7b92bede60b219f9f77e03812501276be2b8c10316873681d05556e7a6d80046 -> 9ef53cd7034571204e8e7b7644612e1bc18fa80bbdf00712f485de2dda7f8b62
23:03:00.411075747 pdns=0/0/inactive/dead/ named=0/inactive/dead/ agent=0/inactive/ jphase=absent killpid=2264,3673,
23:03:00.966211412 CHANGE ledger 9ef53cd7034571204e8e7b7644612e1bc18fa80bbdf00712f485de2dda7f8b62 -> 88e5dc01e47704a3c17ee25298215cf7a02444db0debd6440a1d6e4c988e2dcb
23:03:00.970262126 pdns=0/0/inactive/dead/ named=0/inactive/dead/ agent=0/inactive/ jphase=absent killpid=2264,
23:03:01.263014415 CHANGE journal absent -> df9e0818b79f4604475edc36b6e6e11ccacbef2af7ee2b7d681cf9428274b44c
23:03:01.274438956 CHANGE ledger 88e5dc01e47704a3c17ee25298215cf7a02444db0debd6440a1d6e4c988e2dcb -> da9d39d5e828e7d8c25a3cc9fbe913e1937691c581747c211ff87321f8f5a340
23:03:01.278774582 pdns=0/0/inactive/dead/ named=0/inactive/dead/ agent=0/inactive/ jphase=intent killpid=2264,
23:03:01.564532564 CHANGE journal df9e0818b79f4604475edc36b6e6e11ccacbef2af7ee2b7d681cf9428274b44c -> 4ae64e889d32138580f735b32f0159b260d47e71c94e97f36d0c009c902a2f71
23:03:01.571349487 pdns=0/0/inactive/dead/ named=0/inactive/dead/ agent=0/inactive/ jphase=target-staged killpid=
23:03:01.936481845 CHANGE journal 4ae64e889d32138580f735b32f0159b260d47e71c94e97f36d0c009c902a2f71 -> 5253b439cd5d4aafbf604c140c5a3f9bd98c4e721ef8c07908f2a3f2541d7371
23:03:01.945239895 pdns=0/0/inactive/dead/ named=0/inactive/dead/ agent=3869/active/ jphase=rolling-back killpid=
23:03:02.247229790 pdns=0/0/inactive/dead/ named=0/inactive/dead/ agent=3869/active/ jphase=rolling-back killpid=
23:03:02.532001580 pdns=0/0/inactive/dead/ named=0/inactive/dead/ agent=3869/active/ jphase=rolling-back killpid=
23:03:02.833152630 pdns=0/0/inactive/dead/ named=0/inactive/dead/ agent=3869/active/ jphase=rolled-back killpid=
23:03:03.121070894 CHANGE journal 5253b439cd5d4aafbf604c140c5a3f9bd98c4e721ef8c07908f2a3f2541d7371 -> absent
23:03:03.132029765 CHANGE ledger da9d39d5e828e7d8c25a3cc9fbe913e1937691c581747c211ff87321f8f5a340 -> 386b63b29f9606fb84da407d1865f3506a7297d2020a10c8a88586e314c018f9
23:03:03.136672756 pdns=0/0/inactive/dead/ named=0/inactive/dead/ agent=3869/active/ jphase=absent killpid=
23:03:03.449444645 CHANGE ledger 386b63b29f9606fb84da407d1865f3506a7297d2020a10c8a88586e314c018f9 -> a40efe9aa31202dede9c83e032b480cd21a2c08652c697d2c2ecb1cbba0fe909
23:03:03.460059921 pdns=0/0/inactive/dead/ named=0/inactive/dead/ agent=3869/active/ jphase=absent killpid=
23:03:03.776232896 CHANGE ledger a40efe9aa31202dede9c83e032b480cd21a2c08652c697d2c2ecb1cbba0fe909 -> 40c9e0a89270c12005b0953b788e1c5814dae74553ecb304f568fe911080582b
23:03:03.780885494 pdns=0/0/inactive/dead/ named=0/inactive/dead/ agent=3869/active/ jphase=absent killpid=
23:03:04.101902510 CHANGE journal absent -> df9e0818b79f4604475edc36b6e6e11ccacbef2af7ee2b7d681cf9428274b44c
23:03:04.114774132 CHANGE ledger 40c9e0a89270c12005b0953b788e1c5814dae74553ecb304f568fe911080582b -> 3f1ca65e57c1c221790d85ca25dc69406e8e3ffe4a1cdd56d1edb4a32c7bc04e
23:03:04.119592742 pdns=0/0/inactive/dead/ named=0/inactive/dead/ agent=3869/active/ jphase=intent killpid=
23:03:04.413494453 CHANGE journal df9e0818b79f4604475edc36b6e6e11ccacbef2af7ee2b7d681cf9428274b44c -> 5ab3c8ad9d5477447952436093e8538d3ee3fbe7879802e6fd7815f89a1f3306
23:03:04.430694153 CHANGE ledger 3f1ca65e57c1c221790d85ca25dc69406e8e3ffe4a1cdd56d1edb4a32c7bc04e -> 3885eee032e4b0d86b5cde6fb6f31b74697ca55e8df695b06cad5f8020afaefc
23:03:04.441557735 pdns=0/0/inactive/dead/ named=0/inactive/dead/ agent=3869/active/ jphase=target-enable-intent killpid=
23:03:04.745966699 CHANGE journal 5ab3c8ad9d5477447952436093e8538d3ee3fbe7879802e6fd7815f89a1f3306 -> 89af5b2ae6770a31925c0bf148ddfbb166b8220d7a2af7868df1e25cb9a4a03b
23:03:04.768716038 CHANGE ledger 3885eee032e4b0d86b5cde6fb6f31b74697ca55e8df695b06cad5f8020afaefc -> ff3685656d15aee31b9deb6209da5bd8e0f2d54b32482e5b4fa4d2ae75d5b983
23:03:04.790807735 CHANGE pdnsdb absent -> de8c61e70d43174763408c29912356bc61b593460b2525427b85e8390932b66c
23:03:04.795923897 pdns=0/0/inactive/dead/ named=0/inactive/dead/ agent=3869/active/ jphase=target-enable-intent killpid=
23:03:05.318796329 CHANGE ledger ff3685656d15aee31b9deb6209da5bd8e0f2d54b32482e5b4fa4d2ae75d5b983 -> 25539ed2201f0861f87842ce04999c7151eaecdc2982591a8e9e3e6def511212
23:03:05.328870548 pdns=0/0/inactive/dead/ named=0/inactive/dead/ agent=3869/active/ jphase=target-enable-intent killpid=
23:03:05.858087518 CHANGE ledger 25539ed2201f0861f87842ce04999c7151eaecdc2982591a8e9e3e6def511212 -> 9a56d22103bbd56be4bb8e72179b674ccfb770f939288aa5879c85af51eb2cc3
23:03:05.868299371 pdns=0/0/inactive/dead/ named=0/inactive/dead/ agent=3869/active/ jphase=target-enable-intent killpid=
23:03:06.184115623 CHANGE ledger 9a56d22103bbd56be4bb8e72179b674ccfb770f939288aa5879c85af51eb2cc3 -> ec32026a1cd76c18a0fcaf21b689c7a3a4939b7944dd0fd08fea160abb8fe66b
23:03:06.200114300 pdns=0/0/inactive/dead/ named=0/inactive/dead/ agent=3869/active/ jphase=target-enable-intent killpid=
23:03:06.745597641 CHANGE ledger ec32026a1cd76c18a0fcaf21b689c7a3a4939b7944dd0fd08fea160abb8fe66b -> abf18fd0123b6cee46a8350ec4c77aa88397e9e95c2e7110be55e07b372bd74f
23:03:06.762711170 pdns=5104/0/activating/start/ named=0/inactive/dead/ agent=3869/active/ jphase=target-enable-intent killpid=
23:03:07.100103028 CHANGE journal 89af5b2ae6770a31925c0bf148ddfbb166b8220d7a2af7868df1e25cb9a4a03b -> 3d0f8d8ab206f49054b06da6a7fa5614f13d764efb8c4c495fbab5b157b1a03b
23:03:07.114929415 CHANGE ledger abf18fd0123b6cee46a8350ec4c77aa88397e9e95c2e7110be55e07b372bd74f -> 3641444ffde65a9121da08d3cd20c3aafc76e86cdcc4cfd6f31edb9e7f63a3d9
23:03:07.140756500 CHANGE pdnsdb de8c61e70d43174763408c29912356bc61b593460b2525427b85e8390932b66c -> 602f55dda904185e1d239277657b3887adf56d83c80c68aae2d10dd996ea2be5
23:03:07.146175987 pdns=5104/0/active/running/ named=0/inactive/dead/ agent=3869/active/ jphase=target-started killpid=
23:03:07.469732905 CHANGE ledger 3641444ffde65a9121da08d3cd20c3aafc76e86cdcc4cfd6f31edb9e7f63a3d9 -> 61adfc086dfae675efaeda2c0d7fadce8366b6756712e2997d8a83ca6848df04
23:03:07.482292351 pdns=5104/0/active/running/ named=0/inactive/dead/ agent=3869/active/ jphase=target-started killpid=
23:03:07.791696763 CHANGE ledger 61adfc086dfae675efaeda2c0d7fadce8366b6756712e2997d8a83ca6848df04 -> 63373bf6aa24a6940269aa186a345df98d507ff49ac80e680ab18a0897085b30
23:03:07.802119581 pdns=5104/0/active/running/ named=0/inactive/dead/ agent=3869/active/ jphase=target-started killpid=
23:03:08.108055929 CHANGE ledger 63373bf6aa24a6940269aa186a345df98d507ff49ac80e680ab18a0897085b30 -> 19f70432838dda7dfef47dc91b8ab4fe4bfe1a6044e0adec8cb641345766b129
23:03:08.122818678 pdns=5104/0/active/running/ named=0/inactive/dead/ agent=3869/active/ jphase=target-started killpid=
23:03:08.435620600 CHANGE journal 3d0f8d8ab206f49054b06da6a7fa5614f13d764efb8c4c495fbab5b157b1a03b -> c2b8e6a2142cfda038af401871598bb4567836df2b4dc58c471c2463bebf20de
23:03:08.451173658 CHANGE ledger 19f70432838dda7dfef47dc91b8ab4fe4bfe1a6044e0adec8cb641345766b129 -> da7550f386ea0b068b56b3331c84446d84a94a6845bdac369ea7ef8fb3e16abd
23:03:08.468047899 CHANGE state absent -> bb3c0ae35e89d07d7fecacae308e6ea82086a560f8cb6acadfc29e3a588af94b
23:03:08.477816588 pdns=5104/0/active/running/ named=0/inactive/dead/ agent=3869/active/ jphase=committed killpid=
23:03:08.792216492 pdns=5104/0/active/running/ named=0/inactive/dead/ agent=3869/active/ jphase=committed killpid=
23:03:09.069841678 CHANGE journal c2b8e6a2142cfda038af401871598bb4567836df2b4dc58c471c2463bebf20de -> absent
23:03:09.091046662 pdns=5104/0/active/running/ named=0/inactive/dead/ agent=3869/active/ jphase=absent killpid=
23:03:09.423814768 pdns=5104/0/active/running/ named=0/inactive/dead/ agent=3869/active/ jphase=absent killpid=
23:03:09.716140764 CHANGE ledger da7550f386ea0b068b56b3331c84446d84a94a6845bdac369ea7ef8fb3e16abd -> 309e183fc5e9f3f0c12de8185a5cd6e554c9991832712fcb75ad231a28f7118d
23:03:09.736222034 pdns=5104/0/active/running/ named=0/inactive/dead/ agent=3869/active/ jphase=absent killpid=
23:03:10.101434163 pdns=5104/0/active/running/ named=0/inactive/dead/ agent=3869/active/ jphase=absent killpid=
23:03:10.427228289 pdns=5104/0/active/running/ named=0/inactive/dead/ agent=3869/active/ jphase=absent killpid=
23:03:10.740688243 pdns=5104/0/active/running/ named=0/inactive/dead/ agent=3869/active/ jphase=absent killpid=
23:03:11.035437468 pdns=5104/0/active/running/ named=0/inactive/dead/ agent=3869/active/ jphase=absent killpid=
23:03:11.319206421 pdns=5104/0/active/running/ named=0/inactive/dead/ agent=3869/active/ jphase=absent killpid=
23:03:11.604284257 pdns=5104/0/active/running/ named=0/inactive/dead/ agent=3869/active/ jphase=absent killpid=
23:03:11.892230839 pdns=5104/0/active/running/ named=0/inactive/dead/ agent=3869/active/ jphase=absent killpid=
23:03:12.175952736 pdns=5104/0/active/running/ named=0/inactive/dead/ agent=3869/active/ jphase=absent killpid=
23:03:12.462573315 pdns=5104/0/active/running/ named=0/inactive/dead/ agent=3869/active/ jphase=absent killpid=
23:03:12.748892200 pdns=5104/0/active/running/ named=0/inactive/dead/ agent=3869/active/ jphase=absent killpid=
23:03:13.043788388 pdns=5104/0/active/running/ named=0/inactive/dead/ agent=3869/active/ jphase=absent killpid=
23:03:13.332556170 pdns=5104/0/active/running/ named=0/inactive/dead/ agent=3869/active/ jphase=absent killpid=
23:03:13.625852841 pdns=5104/0/active/running/ named=0/inactive/dead/ agent=3869/active/ jphase=absent killpid=
23:03:13.944781686 pdns=5104/0/active/running/ named=0/inactive/dead/ agent=3869/active/ jphase=absent killpid=
23:03:14.251009810 pdns=5104/0/active/running/ named=0/inactive/dead/ agent=3869/active/ jphase=absent killpid=
23:03:14.548907394 pdns=5104/0/active/running/ named=0/inactive/dead/ agent=3869/active/ jphase=absent killpid=
23:03:14.842716647 pdns=5104/0/active/running/ named=0/inactive/dead/ agent=3869/active/ jphase=absent killpid=
23:03:15.131247370 pdns=5104/0/active/running/ named=0/inactive/dead/ agent=3869/active/ jphase=absent killpid=
23:03:15.419669481 pdns=5104/0/active/running/ named=0/inactive/dead/ agent=3869/active/ jphase=absent killpid=
23:03:15.701981505 pdns=5104/0/active/running/ named=0/inactive/dead/ agent=3869/active/ jphase=absent killpid=
23:03:15.984498723 pdns=5104/0/active/running/ named=0/inactive/dead/ agent=3869/active/ jphase=absent killpid=
23:03:16.270058803 pdns=5104/0/active/running/ named=0/inactive/dead/ agent=3869/active/ jphase=absent killpid=
23:03:16.560059744 pdns=5104/0/active/running/ named=0/inactive/dead/ agent=3869/active/ jphase=absent killpid=
23:03:16.863342463 pdns=5104/0/active/running/ named=0/inactive/dead/ agent=3869/active/ jphase=absent killpid=
23:03:17.156637040 pdns=5104/0/active/running/ named=0/inactive/dead/ agent=3869/active/ jphase=absent killpid=
23:03:17.446267245 pdns=5104/0/active/running/ named=0/inactive/dead/ agent=3869/active/ jphase=absent killpid=
23:03:17.756707480 pdns=5104/0/active/running/ named=0/inactive/dead/ agent=3869/active/ jphase=absent killpid=
23:03:18.089948101 pdns=5104/0/active/running/ named=0/inactive/dead/ agent=3869/active/ jphase=absent killpid=
23:03:18.390247705 pdns=5104/0/active/running/ named=0/inactive/dead/ agent=3869/active/ jphase=absent killpid=
23:03:18.692072832 pdns=5104/0/active/running/ named=0/inactive/dead/ agent=3869/active/ jphase=absent killpid=
23:03:19.003685604 pdns=5104/0/active/running/ named=0/inactive/dead/ agent=3869/active/ jphase=absent killpid=
23:03:19.293108856 pdns=5104/0/active/running/ named=0/inactive/dead/ agent=3869/active/ jphase=absent killpid=
23:03:19.584549449 pdns=5104/0/active/running/ named=0/inactive/dead/ agent=3869/active/ jphase=absent killpid=
23:03:19.880282320 pdns=5104/0/active/running/ named=0/inactive/dead/ agent=3869/active/ jphase=absent killpid=
23:03:20.171471059 pdns=5104/0/active/running/ named=0/inactive/dead/ agent=3869/active/ jphase=absent killpid=
23:03:20.462223435 pdns=5104/0/active/running/ named=0/inactive/dead/ agent=3869/active/ jphase=absent killpid=
23:03:20.756106139 pdns=5104/0/active/running/ named=0/inactive/dead/ agent=3869/active/ jphase=absent killpid=
23:03:21.058508208 pdns=5104/0/active/running/ named=0/inactive/dead/ agent=3869/active/ jphase=absent killpid=
23:03:21.367558933 pdns=5104/0/active/running/ named=0/inactive/dead/ agent=3869/active/ jphase=absent killpid=
23:03:21.667074668 pdns=5104/0/active/running/ named=0/inactive/dead/ agent=3869/active/ jphase=absent killpid=
23:03:21.960001583 pdns=5104/0/active/running/ named=0/inactive/dead/ agent=3869/active/ jphase=absent killpid=
23:03:22.253708455 pdns=5104/0/active/running/ named=0/inactive/dead/ agent=3869/active/ jphase=absent killpid=
23:03:22.539720775 pdns=5104/0/active/running/ named=0/inactive/dead/ agent=3869/active/ jphase=absent killpid=
23:03:22.824369049 pdns=5104/0/active/running/ named=0/inactive/dead/ agent=3869/active/ jphase=absent killpid=
23:03:23.111855470 pdns=5104/0/active/running/ named=0/inactive/dead/ agent=3869/active/ jphase=absent killpid=
23:03:23.410786132 pdns=5104/0/active/running/ named=0/inactive/dead/ agent=3869/active/ jphase=absent killpid=
23:03:23.702767536 pdns=5104/0/active/running/ named=0/inactive/dead/ agent=3869/active/ jphase=absent killpid=
23:03:23.986762621 pdns=5104/0/active/running/ named=0/inactive/dead/ agent=3869/active/ jphase=absent killpid=
23:03:24.275256548 pdns=5104/0/active/running/ named=0/inactive/dead/ agent=3869/active/ jphase=absent killpid=
23:03:24.565959062 pdns=5104/0/active/running/ named=0/inactive/dead/ agent=3869/active/ jphase=absent killpid=
23:03:24.867294830 pdns=5104/0/active/running/ named=0/inactive/dead/ agent=3869/active/ jphase=absent killpid=
23:03:25.180416449 pdns=5104/0/active/running/ named=0/inactive/dead/ agent=3869/active/ jphase=absent killpid=
23:03:25.496649074 pdns=5104/0/active/running/ named=0/inactive/dead/ agent=3869/active/ jphase=absent killpid=
23:03:25.804249466 pdns=5104/0/active/running/ named=0/inactive/dead/ agent=3869/active/ jphase=absent killpid=
23:03:26.128845120 pdns=5104/0/active/running/ named=0/inactive/dead/ agent=3869/active/ jphase=absent killpid=
23:03:26.436149764 pdns=5104/0/active/running/ named=0/inactive/dead/ agent=3869/active/ jphase=absent killpid=
23:03:26.744668624 pdns=5104/0/active/running/ named=0/inactive/dead/ agent=3869/active/ jphase=absent killpid=
23:03:27.057236625 pdns=5104/0/active/running/ named=0/inactive/dead/ agent=3869/active/ jphase=absent killpid=
23:03:27.377910610 pdns=5104/0/active/running/ named=0/inactive/dead/ agent=3869/active/ jphase=absent killpid=
23:03:27.724691446 pdns=5104/0/active/running/ named=0/inactive/dead/ agent=3869/active/ jphase=absent killpid=
23:03:28.064096988 pdns=5104/0/active/running/ named=0/inactive/dead/ agent=3869/active/ jphase=absent killpid=
23:03:28.369592662 pdns=5104/0/active/running/ named=0/inactive/dead/ agent=3869/active/ jphase=absent killpid=
23:03:28.694955951 pdns=5104/0/active/running/ named=0/inactive/dead/ agent=3869/active/ jphase=absent killpid=
23:03:28.988896287 pdns=5104/0/active/running/ named=0/inactive/dead/ agent=3869/active/ jphase=absent killpid=
23:03:29.288740029 pdns=5104/0/active/running/ named=0/inactive/dead/ agent=3869/active/ jphase=absent killpid=
23:03:29.602176647 pdns=5104/0/active/running/ named=0/inactive/dead/ agent=3869/active/ jphase=absent killpid=
23:03:29.905227296 pdns=5104/0/active/running/ named=0/inactive/dead/ agent=3869/active/ jphase=absent killpid=
23:03:30.199891774 pdns=5104/0/active/running/ named=0/inactive/dead/ agent=3869/active/ jphase=absent killpid=
23:03:30.518988011 pdns=5104/0/active/running/ named=0/inactive/dead/ agent=3869/active/ jphase=absent killpid=
23:03:30.811331478 pdns=5104/0/active/running/ named=0/inactive/dead/ agent=3869/active/ jphase=absent killpid=
23:03:31.100716152 pdns=5104/0/active/running/ named=0/inactive/dead/ agent=3869/active/ jphase=absent killpid=
23:03:31.421717075 pdns=5104/0/active/running/ named=0/inactive/dead/ agent=3869/active/ jphase=absent killpid=
23:03:31.733725672 pdns=5104/0/active/running/ named=0/inactive/dead/ agent=3869/active/ jphase=absent killpid=
23:03:32.051544215 pdns=5104/0/active/running/ named=0/inactive/dead/ agent=3869/active/ jphase=absent killpid=
23:03:32.352425833 pdns=5104/0/active/running/ named=0/inactive/dead/ agent=3869/active/ jphase=absent killpid=
23:03:32.644759767 pdns=5104/0/active/running/ named=0/inactive/dead/ agent=3869/active/ jphase=absent killpid=
23:03:32.941549469 pdns=5104/0/active/running/ named=0/inactive/dead/ agent=3869/active/ jphase=absent killpid=
23:03:33.252067563 pdns=5104/0/active/running/ named=0/inactive/dead/ agent=3869/active/ jphase=absent killpid=
23:03:33.577950085 pdns=5104/0/active/running/ named=0/inactive/dead/ agent=3869/active/ jphase=absent killpid=
23:03:33.892419876 pdns=5104/0/active/running/ named=0/inactive/dead/ agent=3869/active/ jphase=absent killpid=
23:03:34.203879417 pdns=5104/0/active/running/ named=0/inactive/dead/ agent=3869/active/ jphase=absent killpid=
23:03:34.498662293 pdns=5104/0/active/running/ named=0/inactive/dead/ agent=3869/active/ jphase=absent killpid=
23:03:34.808042267 pdns=5104/0/active/running/ named=0/inactive/dead/ agent=3869/active/ jphase=absent killpid=
23:03:35.115530004 pdns=5104/0/active/running/ named=0/inactive/dead/ agent=3869/active/ jphase=absent killpid=
23:03:35.410846282 pdns=5104/0/active/running/ named=0/inactive/dead/ agent=3869/active/ jphase=absent killpid=
23:03:35.709354251 pdns=5104/0/active/running/ named=0/inactive/dead/ agent=3869/active/ jphase=absent killpid=
23:03:36.016461435 pdns=5104/0/active/running/ named=0/inactive/dead/ agent=3869/active/ jphase=absent killpid=
23:03:36.315622703 pdns=5104/0/active/running/ named=0/inactive/dead/ agent=3869/active/ jphase=absent killpid=
23:03:36.607136623 pdns=5104/0/active/running/ named=0/inactive/dead/ agent=3869/active/ jphase=absent killpid=
23:03:36.897654789 pdns=5104/0/active/running/ named=0/inactive/dead/ agent=3869/active/ jphase=absent killpid=
23:03:37.202350030 pdns=5104/0/active/running/ named=0/inactive/dead/ agent=3869/active/ jphase=absent killpid=
23:03:37.491326296 pdns=5104/0/active/running/ named=0/inactive/dead/ agent=3869/active/ jphase=absent killpid=
23:03:37.789967391 pdns=5104/0/active/running/ named=0/inactive/dead/ agent=3869/active/ jphase=absent killpid=
23:03:38.087758603 pdns=5104/0/active/running/ named=0/inactive/dead/ agent=3869/active/ jphase=absent killpid=
23:03:38.381522257 pdns=5104/0/active/running/ named=0/inactive/dead/ agent=3869/active/ jphase=absent killpid=
23:03:38.697137441 pdns=5104/0/active/running/ named=0/inactive/dead/ agent=3869/active/ jphase=absent killpid=
23:03:38.997080736 pdns=5104/0/active/running/ named=0/inactive/dead/ agent=3869/active/ jphase=absent killpid=
23:03:39.331369472 pdns=5104/0/active/running/ named=0/inactive/dead/ agent=3869/active/ jphase=absent killpid=
23:03:39.655673714 pdns=5104/0/active/running/ named=0/inactive/dead/ agent=3869/active/ jphase=absent killpid=
23:03:39.964937359 pdns=5104/0/active/running/ named=0/inactive/dead/ agent=3869/active/ jphase=absent killpid=
23:03:40.255645061 pdns=5104/0/active/running/ named=0/inactive/dead/ agent=3869/active/ jphase=absent killpid=
23:03:40.610834335 pdns=5104/0/active/running/ named=0/inactive/dead/ agent=3869/active/ jphase=absent killpid=
done
