01:09:16.761386466 CHANGE journal none -> absent
01:09:16.773017362 CHANGE ledger none -> 177f61d12ed0bb85e6ea535b807b376e26bbe0871405a13867c0b3cb6ea4b211
01:09:16.778037733 CHANGE state none -> absent
01:09:16.781830622 CHANGE pdnsdb none -> absent
01:09:16.785637271 POINTER 
01:09:16.787204302 pdns=0/0/inactive/dead/ named=0/inactive/dead/ agent=0/inactive/ jphase=absent killpid=
01:09:17.063234756 pdns=0/0/inactive/dead/ named=0/inactive/dead/ agent=0/inactive/ jphase=absent killpid=
01:09:17.339729649 pdns=0/0/inactive/dead/ named=0/inactive/dead/ agent=0/inactive/ jphase=absent killpid=
01:09:17.616197924 pdns=0/0/inactive/dead/ named=0/inactive/dead/ agent=0/inactive/ jphase=absent killpid=
01:09:17.931686106 pdns=0/0/inactive/dead/ named=0/inactive/dead/ agent=0/inactive/ jphase=absent killpid=
01:09:18.217635828 pdns=0/0/inactive/dead/ named=0/inactive/dead/ agent=0/inactive/ jphase=absent killpid=
01:09:18.508183257 pdns=0/0/inactive/dead/ named=0/inactive/dead/ agent=0/inactive/ jphase=absent killpid=
01:09:18.799151247 pdns=0/0/inactive/dead/ named=0/inactive/dead/ agent=0/inactive/ jphase=absent killpid=1927,
01:09:19.070132612 pdns=0/0/inactive/dead/ named=0/inactive/dead/ agent=0/inactive/ jphase=absent killpid=1927,
01:09:19.340691919 pdns=0/0/inactive/dead/ named=0/inactive/dead/ agent=0/inactive/ jphase=absent killpid=1927,
01:09:19.614012328 pdns=0/0/inactive/dead/ named=0/inactive/dead/ agent=0/inactive/ jphase=absent killpid=1927,2044,
01:09:19.905288539 CHANGE ledger 177f61d12ed0bb85e6ea535b807b376e26bbe0871405a13867c0b3cb6ea4b211 -> 001207af2fda166b2a4f47a801904756d5093b20d3a7254232c78fd37ad7380d
01:09:19.910037673 pdns=0/0/inactive/dead/ named=0/inactive/dead/ agent=0/inactive/ jphase=absent killpid=1927,2127,
01:09:20.200347183 CHANGE ledger 001207af2fda166b2a4f47a801904756d5093b20d3a7254232c78fd37ad7380d -> 7a8eb9226f7312374bbfedcfb8b7dcbaf12b8e08a567e5198ee6a82c1dbc25ac
01:09:20.203993883 pdns=0/0/inactive/dead/ named=0/inactive/dead/ agent=0/inactive/ jphase=absent killpid=1927,2127,
01:09:20.479004467 pdns=0/0/inactive/dead/ named=0/inactive/dead/ agent=0/inactive/ jphase=absent killpid=1927,2127,
01:09:20.773826341 pdns=0/0/inactive/dead/ named=0/inactive/dead/ agent=0/inactive/ jphase=absent killpid=1927,2127,
01:09:21.055920282 pdns=0/0/inactive/dead/ named=0/inactive/dead/ agent=0/inactive/ jphase=absent killpid=1927,2127,
01:09:21.345592901 pdns=0/0/inactive/dead/ named=0/inactive/dead/ agent=0/inactive/ jphase=absent killpid=1927,2127,
01:09:21.658486122 pdns=0/0/inactive/dead/ named=0/inactive/dead/ agent=0/inactive/ jphase=absent killpid=1927,2127,
01:09:21.958416071 pdns=0/0/inactive/dead/ named=0/inactive/dead/ agent=0/inactive/ jphase=absent killpid=1927,2127,
01:09:22.260412962 pdns=0/0/inactive/dead/ named=0/inactive/dead/ agent=0/inactive/ jphase=absent killpid=1927,2127,
01:09:22.559385589 pdns=0/0/inactive/dead/ named=0/inactive/dead/ agent=0/inactive/ jphase=absent killpid=1927,2127,
01:09:22.838639908 pdns=0/0/inactive/dead/ named=0/inactive/dead/ agent=0/inactive/ jphase=absent killpid=1927,2127,
01:09:23.126927463 CHANGE ledger 7a8eb9226f7312374bbfedcfb8b7dcbaf12b8e08a567e5198ee6a82c1dbc25ac -> 65ec955d878d1d6763e6045d3de795d62c50362455214ac78cda14931fd83c5e
01:09:23.134731517 pdns=0/0/inactive/dead/ named=0/inactive/dead/ agent=0/inactive/ jphase=absent killpid=1927,
01:09:23.417703117 CHANGE ledger 65ec955d878d1d6763e6045d3de795d62c50362455214ac78cda14931fd83c5e -> 9155eb8ae03448a71e290a5ea24e3ab1dfb1e602fb2b7b4056771e20255ef296
01:09:23.421553184 pdns=0/0/inactive/dead/ named=0/inactive/dead/ agent=0/inactive/ jphase=absent killpid=1927,
01:09:23.773269827 CHANGE ledger 9155eb8ae03448a71e290a5ea24e3ab1dfb1e602fb2b7b4056771e20255ef296 -> 59c83070b27e93e44afa0c19b71ddf4aec540d4396b76879da0e5a5fc675a942
01:09:23.776718481 pdns=0/0/inactive/dead/ named=0/inactive/dead/ agent=0/inactive/ jphase=absent killpid=1927,2602,
01:09:24.060902475 pdns=0/0/inactive/dead/ named=0/inactive/dead/ agent=0/inactive/ jphase=absent killpid=1927,2602,
01:09:24.344231076 pdns=0/0/inactive/dead/ named=0/inactive/dead/ agent=0/inactive/ jphase=absent killpid=1927,2602,
01:09:24.624906333 pdns=0/0/inactive/dead/ named=0/inactive/dead/ agent=0/inactive/ jphase=absent killpid=1927,2602,
01:09:24.917162612 CHANGE ledger 59c83070b27e93e44afa0c19b71ddf4aec540d4396b76879da0e5a5fc675a942 -> 36f1eb4549d739992eaa3ea93fabfa110645df7a44cb7cbc8dc0d757c8729565
01:09:24.921109950 pdns=0/0/inactive/dead/ named=0/inactive/dead/ agent=0/inactive/ jphase=absent killpid=1927,2602,
01:09:25.212727876 pdns=0/0/inactive/dead/ named=0/inactive/dead/ agent=0/inactive/ jphase=absent killpid=1927,2602,
01:09:25.510043579 pdns=0/0/inactive/dead/ named=0/inactive/dead/ agent=0/inactive/ jphase=absent killpid=1927,2602,
01:09:25.802102420 pdns=0/0/inactive/dead/ named=0/inactive/dead/ agent=0/inactive/ jphase=absent killpid=1927,2602,
01:09:26.091356957 pdns=0/0/inactive/dead/ named=0/inactive/dead/ agent=0/inactive/ jphase=absent killpid=1927,2602,
01:09:26.374153462 pdns=0/0/inactive/dead/ named=0/inactive/dead/ agent=0/inactive/ jphase=absent killpid=1927,2602,
01:09:26.651311921 pdns=0/0/inactive/dead/ named=0/inactive/dead/ agent=0/inactive/ jphase=absent killpid=1927,2602,
01:09:26.928987312 pdns=0/0/inactive/dead/ named=0/inactive/dead/ agent=0/inactive/ jphase=absent killpid=1927,2602,
01:09:27.207526297 pdns=0/0/inactive/dead/ named=0/inactive/dead/ agent=0/inactive/ jphase=absent killpid=1927,2602,
01:09:27.512685469 CHANGE ledger 36f1eb4549d739992eaa3ea93fabfa110645df7a44cb7cbc8dc0d757c8729565 -> abd23ed1675c7f41775770e001dbfa2cccefc67c15b8eb54207bad2e93cf4aa7
01:09:27.521509619 pdns=0/0/inactive/dead/ named=0/inactive/dead/ agent=0/inactive/ jphase=absent killpid=1927,3128,
01:09:27.947275652 CHANGE ledger abd23ed1675c7f41775770e001dbfa2cccefc67c15b8eb54207bad2e93cf4aa7 -> 01bdbcb6a5a7a03ae9a09a792841d1cd22a68e6437f5467478d91de79a98d98c
01:09:27.951254227 pdns=0/0/inactive/dead/ named=0/inactive/dead/ agent=0/inactive/ jphase=absent killpid=1927,3228,
01:09:28.237138883 CHANGE ledger 01bdbcb6a5a7a03ae9a09a792841d1cd22a68e6437f5467478d91de79a98d98c -> 1bbedea99dffbdbd79a901aa40cb11932f770decd08e445002058167eb398b52
01:09:28.241973111 pdns=0/0/inactive/dead/ named=0/inactive/dead/ agent=0/inactive/ jphase=intent killpid=1927,
01:09:28.523523984 CHANGE journal absent -> 2da5fc4f18273f6dd9d00c2c441093ba854499ddc14c3ee272eb6435e22f4cca
01:09:28.532889312 CHANGE ledger 1bbedea99dffbdbd79a901aa40cb11932f770decd08e445002058167eb398b52 -> f021226c0dc499eaea668745951cbd06531dbe155577e77100a77d0020e94400
01:09:28.537593115 pdns=0/0/inactive/dead/ named=0/inactive/dead/ agent=0/inactive/ jphase=target-staged killpid=1927,
01:09:28.841750424 CHANGE journal 2da5fc4f18273f6dd9d00c2c441093ba854499ddc14c3ee272eb6435e22f4cca -> 30d1b60fcf63041de85bfb66d93dd6954f54533b8c8c514f4f4e84426c59791f
01:09:28.861233721 CHANGE ledger f021226c0dc499eaea668745951cbd06531dbe155577e77100a77d0020e94400 -> aacece23e28cc44c85427c2325194ae30a4331b130d9de3e78ade0dd0f0a3402
01:09:28.874996717 CHANGE pdnsdb absent -> 91fe2fdb69b8a70792999e9306200aee214a73f5957518082c5fd7c0f5f4dcc4
01:09:28.879396470 pdns=0/0/inactive/dead/ named=0/inactive/dead/ agent=0/inactive/ jphase=target-enable-intent killpid=1927,3503,
01:09:29.168168553 CHANGE ledger aacece23e28cc44c85427c2325194ae30a4331b130d9de3e78ade0dd0f0a3402 -> 025e7afcd2529b2ae704f432255e2642c58fcd05625a6a2e43d7cf3cba89375d
01:09:29.180216821 pdns=0/0/inactive/dead/ named=0/inactive/dead/ agent=0/inactive/ jphase=target-enable-intent killpid=1927,
01:09:29.671673898 CHANGE ledger 025e7afcd2529b2ae704f432255e2642c58fcd05625a6a2e43d7cf3cba89375d -> 98806b85d16023a7519e3c7ac72a6edd1258dc822ad97b1f7a515c12140b0ef7
01:09:29.687721896 pdns=0/0/inactive/dead/ named=0/inactive/dead/ agent=0/inactive/ jphase=target-enable-intent killpid=1927,
01:09:30.003625479 CHANGE ledger 98806b85d16023a7519e3c7ac72a6edd1258dc822ad97b1f7a515c12140b0ef7 -> 635ce05e6241d1b2d2f821c33fa61926cb32b22ea0c25da2ba6d1af9703a5f6f
01:09:30.017259127 pdns=0/0/inactive/dead/ named=0/inactive/dead/ agent=0/inactive/ jphase=target-enable-intent killpid=1927,
01:09:30.688154401 CHANGE ledger 635ce05e6241d1b2d2f821c33fa61926cb32b22ea0c25da2ba6d1af9703a5f6f -> d3f3c21f61746aeb5f6b9cb8945677387b1203a52bac5bd6bff6a5a0cf8277f9
01:09:30.698408090 pdns=0/0/inactive/dead/ named=0/inactive/dead/ agent=0/inactive/ jphase=target-enable-intent killpid=1927,3992,
01:09:30.988558992 CHANGE journal 30d1b60fcf63041de85bfb66d93dd6954f54533b8c8c514f4f4e84426c59791f -> 80eb1b73d4346aff860bafa1889035523d222c6a324e0128c47beca0ddeabd66
01:09:31.000007721 CHANGE ledger d3f3c21f61746aeb5f6b9cb8945677387b1203a52bac5bd6bff6a5a0cf8277f9 -> 86aee978555f04e7cf83372d763e2225ac7f20c66dea42b0fd73f36207932c24
01:09:31.014315656 CHANGE pdnsdb 91fe2fdb69b8a70792999e9306200aee214a73f5957518082c5fd7c0f5f4dcc4 -> bd0d22ad2ad300e3b63857f3a31582afe9150d2b5eb12f663f303524a7df89e6
01:09:31.018158887 pdns=3998/0/active/running/ named=0/inactive/dead/ agent=0/inactive/ jphase=target-started killpid=1927,
01:09:31.310104094 CHANGE ledger 86aee978555f04e7cf83372d763e2225ac7f20c66dea42b0fd73f36207932c24 -> 8c50c248389f63ca99277cad90435a23b53e51228a92f843cc3d71e7943535a4
01:09:31.321964960 pdns=3998/0/active/running/ named=0/inactive/dead/ agent=0/inactive/ jphase=target-started killpid=1927,
01:09:31.618098776 CHANGE ledger 8c50c248389f63ca99277cad90435a23b53e51228a92f843cc3d71e7943535a4 -> b0878eb4d12a1ea47e67d480581921a6fc74a093f17730cda89b0f8366e76696
01:09:31.627931088 pdns=3998/0/active/running/ named=0/inactive/dead/ agent=0/inactive/ jphase=target-started killpid=1927,4328,
01:09:31.920613954 CHANGE ledger b0878eb4d12a1ea47e67d480581921a6fc74a093f17730cda89b0f8366e76696 -> 686b1c27310147819bd8e919d0f19e524d752d0c6d271f6ea82ed7ac93669e46
01:09:31.937901911 pdns=3998/0/active/running/ named=0/inactive/dead/ agent=0/inactive/ jphase=target-started killpid=1927,
01:09:32.244550352 CHANGE journal 80eb1b73d4346aff860bafa1889035523d222c6a324e0128c47beca0ddeabd66 -> 5ae81da25dba49428ea94244b8b5c12a83ddf09e3584e6ee173e9127aed25999
01:09:32.257452401 CHANGE ledger 686b1c27310147819bd8e919d0f19e524d752d0c6d271f6ea82ed7ac93669e46 -> 9b3dc1ee0a62d9e2560b2b2acc0c0a44a8456da1e78e239bcf862d6e8d0b0a3d
01:09:32.270267542 CHANGE state absent -> 27b1d406e3e2fdb5b159515aeb3d60ec012130f6e1fd40bbc9da2a81e4c3c09d
01:09:32.282651405 pdns=3998/0/active/running/ named=0/inactive/dead/ agent=0/inactive/ jphase=committed killpid=
01:09:32.765012004 pdns=3998/0/active/running/ named=0/inactive/dead/ agent=0/inactive/ jphase=committed killpid=
01:09:33.136495389 pdns=3998/0/active/running/ named=0/inactive/dead/ agent=4653/active/ jphase=committed killpid=
01:09:33.432230560 pdns=3998/0/active/running/ named=0/inactive/dead/ agent=4653/active/ jphase=committed killpid=
01:09:33.734722227 pdns=3998/0/active/running/ named=0/inactive/dead/ agent=4653/active/ jphase=committed killpid=
01:09:34.040584078 pdns=3998/0/active/running/ named=0/inactive/dead/ agent=4653/active/ jphase=committed killpid=
01:09:34.337129440 pdns=3998/0/active/running/ named=0/inactive/dead/ agent=4653/active/ jphase=committed killpid=
01:09:34.633193691 pdns=3998/0/active/running/ named=0/inactive/dead/ agent=4653/active/ jphase=committed killpid=
01:09:34.935110346 pdns=3998/0/active/running/ named=0/inactive/dead/ agent=4653/active/ jphase=committed killpid=
01:09:35.230142496 pdns=3998/0/active/running/ named=0/inactive/dead/ agent=4653/active/ jphase=absent killpid=
01:09:35.519192574 CHANGE journal 5ae81da25dba49428ea94244b8b5c12a83ddf09e3584e6ee173e9127aed25999 -> absent
01:09:35.537209344 pdns=3998/0/active/running/ named=0/inactive/dead/ agent=4653/active/ jphase=absent killpid=
01:09:35.844552467 CHANGE ledger 9b3dc1ee0a62d9e2560b2b2acc0c0a44a8456da1e78e239bcf862d6e8d0b0a3d -> ec14e87211be7fa735bf6cebe6744a99d4e85ea1095d5db392421398f3305030
01:09:35.858127109 pdns=3998/0/active/running/ named=0/inactive/dead/ agent=4653/active/ jphase=absent killpid=
01:09:36.186813864 pdns=3998/0/active/running/ named=0/inactive/dead/ agent=4653/active/ jphase=absent killpid=
01:09:36.495908949 pdns=3998/0/active/running/ named=0/inactive/dead/ agent=4653/active/ jphase=absent killpid=
01:09:36.776918491 pdns=3998/0/active/running/ named=0/inactive/dead/ agent=4653/active/ jphase=absent killpid=
01:09:37.056977390 pdns=3998/0/active/running/ named=0/inactive/dead/ agent=4653/active/ jphase=absent killpid=
01:09:37.339930218 pdns=3998/0/active/running/ named=0/inactive/dead/ agent=4653/active/ jphase=absent killpid=
01:09:37.628588768 pdns=3998/0/active/running/ named=0/inactive/dead/ agent=4653/active/ jphase=absent killpid=
01:09:37.918909782 pdns=3998/0/active/running/ named=0/inactive/dead/ agent=4653/active/ jphase=absent killpid=
01:09:38.200482817 pdns=3998/0/active/running/ named=0/inactive/dead/ agent=4653/active/ jphase=absent killpid=
01:09:38.488598697 pdns=3998/0/active/running/ named=0/inactive/dead/ agent=4653/active/ jphase=absent killpid=
01:09:38.769449940 pdns=3998/0/active/running/ named=0/inactive/dead/ agent=4653/active/ jphase=absent killpid=
01:09:39.048858894 pdns=3998/0/active/running/ named=0/inactive/dead/ agent=4653/active/ jphase=absent killpid=
01:09:39.330188005 pdns=3998/0/active/running/ named=0/inactive/dead/ agent=4653/active/ jphase=absent killpid=
01:09:39.613885185 pdns=3998/0/active/running/ named=0/inactive/dead/ agent=4653/active/ jphase=absent killpid=
01:09:39.901490579 pdns=3998/0/active/running/ named=0/inactive/dead/ agent=4653/active/ jphase=absent killpid=
01:09:40.189234044 pdns=3998/0/active/running/ named=0/inactive/dead/ agent=4653/active/ jphase=absent killpid=
01:09:40.473970190 pdns=3998/0/active/running/ named=0/inactive/dead/ agent=4653/active/ jphase=absent killpid=
01:09:40.754418118 pdns=3998/0/active/running/ named=0/inactive/dead/ agent=4653/active/ jphase=absent killpid=
01:09:41.035041196 pdns=3998/0/active/running/ named=0/inactive/dead/ agent=4653/active/ jphase=absent killpid=
01:09:41.317924606 pdns=3998/0/active/running/ named=0/inactive/dead/ agent=4653/active/ jphase=absent killpid=
01:09:41.600024823 pdns=3998/0/active/running/ named=0/inactive/dead/ agent=4653/active/ jphase=absent killpid=
01:09:41.882119210 pdns=3998/0/active/running/ named=0/inactive/dead/ agent=4653/active/ jphase=absent killpid=
01:09:42.162148105 pdns=3998/0/active/running/ named=0/inactive/dead/ agent=4653/active/ jphase=absent killpid=
01:09:42.444949129 pdns=3998/0/active/running/ named=0/inactive/dead/ agent=4653/active/ jphase=absent killpid=
01:09:42.728644257 pdns=3998/0/active/running/ named=0/inactive/dead/ agent=4653/active/ jphase=absent killpid=
01:09:43.022975420 pdns=3998/0/active/running/ named=0/inactive/dead/ agent=4653/active/ jphase=absent killpid=
01:09:43.318132637 pdns=3998/0/active/running/ named=0/inactive/dead/ agent=4653/active/ jphase=absent killpid=
01:09:43.599440141 pdns=3998/0/active/running/ named=0/inactive/dead/ agent=4653/active/ jphase=absent killpid=
01:09:43.882647820 pdns=3998/0/active/running/ named=0/inactive/dead/ agent=4653/active/ jphase=absent killpid=
01:09:44.164101654 pdns=3998/0/active/running/ named=0/inactive/dead/ agent=4653/active/ jphase=absent killpid=
01:09:44.446130111 pdns=3998/0/active/running/ named=0/inactive/dead/ agent=4653/active/ jphase=absent killpid=
01:09:44.745771558 pdns=3998/0/active/running/ named=0/inactive/dead/ agent=4653/active/ jphase=absent killpid=
01:09:45.025146202 pdns=3998/0/active/running/ named=0/inactive/dead/ agent=4653/active/ jphase=absent killpid=
01:09:45.302887077 pdns=3998/0/active/running/ named=0/inactive/dead/ agent=4653/active/ jphase=absent killpid=
01:09:45.585234307 pdns=3998/0/active/running/ named=0/inactive/dead/ agent=4653/active/ jphase=absent killpid=
01:09:45.873685404 pdns=3998/0/active/running/ named=0/inactive/dead/ agent=4653/active/ jphase=absent killpid=
01:09:46.152840848 pdns=3998/0/active/running/ named=0/inactive/dead/ agent=4653/active/ jphase=absent killpid=
01:09:46.434210165 pdns=3998/0/active/running/ named=0/inactive/dead/ agent=4653/active/ jphase=absent killpid=
01:09:46.745737028 pdns=3998/0/active/running/ named=0/inactive/dead/ agent=4653/active/ jphase=absent killpid=
01:09:47.028250413 pdns=3998/0/active/running/ named=0/inactive/dead/ agent=4653/active/ jphase=absent killpid=
01:09:47.307501574 pdns=3998/0/active/running/ named=0/inactive/dead/ agent=4653/active/ jphase=absent killpid=
01:09:47.586426436 pdns=3998/0/active/running/ named=0/inactive/dead/ agent=4653/active/ jphase=absent killpid=
01:09:47.875930979 pdns=3998/0/active/running/ named=0/inactive/dead/ agent=4653/active/ jphase=absent killpid=
01:09:48.155448958 pdns=3998/0/active/running/ named=0/inactive/dead/ agent=4653/active/ jphase=absent killpid=
01:09:48.433585649 pdns=3998/0/active/running/ named=0/inactive/dead/ agent=4653/active/ jphase=absent killpid=
01:09:48.718725263 pdns=3998/0/active/running/ named=0/inactive/dead/ agent=4653/active/ jphase=absent killpid=
01:09:49.001084649 pdns=3998/0/active/running/ named=0/inactive/dead/ agent=4653/active/ jphase=absent killpid=
01:09:49.288384388 pdns=3998/0/active/running/ named=0/inactive/dead/ agent=4653/active/ jphase=absent killpid=
01:09:49.607118256 pdns=3998/0/active/running/ named=0/inactive/dead/ agent=4653/active/ jphase=absent killpid=
01:09:49.889121794 pdns=3998/0/active/running/ named=0/inactive/dead/ agent=4653/active/ jphase=absent killpid=
01:09:50.171852205 pdns=3998/0/active/running/ named=0/inactive/dead/ agent=4653/active/ jphase=absent killpid=
01:09:50.453192193 pdns=3998/0/active/running/ named=0/inactive/dead/ agent=4653/active/ jphase=absent killpid=
01:09:50.734060383 pdns=3998/0/active/running/ named=0/inactive/dead/ agent=4653/active/ jphase=absent killpid=
01:09:51.016506425 pdns=3998/0/active/running/ named=0/inactive/dead/ agent=4653/active/ jphase=absent killpid=
01:09:51.296689654 pdns=3998/0/active/running/ named=0/inactive/dead/ agent=4653/active/ jphase=absent killpid=
01:09:51.578050939 pdns=3998/0/active/running/ named=0/inactive/dead/ agent=4653/active/ jphase=absent killpid=
01:09:51.861373108 pdns=3998/0/active/running/ named=0/inactive/dead/ agent=4653/active/ jphase=absent killpid=
01:09:52.143494793 pdns=3998/0/active/running/ named=0/inactive/dead/ agent=4653/active/ jphase=absent killpid=
01:09:52.424444460 pdns=3998/0/active/running/ named=0/inactive/dead/ agent=4653/active/ jphase=absent killpid=
01:09:52.716554825 pdns=3998/0/active/running/ named=0/inactive/dead/ agent=4653/active/ jphase=absent killpid=
01:09:52.999907734 pdns=3998/0/active/running/ named=0/inactive/dead/ agent=4653/active/ jphase=absent killpid=
01:09:53.282331330 pdns=3998/0/active/running/ named=0/inactive/dead/ agent=4653/active/ jphase=absent killpid=
01:09:53.572115193 pdns=3998/0/active/running/ named=0/inactive/dead/ agent=4653/active/ jphase=absent killpid=
01:09:53.861086653 pdns=3998/0/active/running/ named=0/inactive/dead/ agent=4653/active/ jphase=absent killpid=
01:09:54.146433676 pdns=3998/0/active/running/ named=0/inactive/dead/ agent=4653/active/ jphase=absent killpid=
01:09:54.425859989 pdns=3998/0/active/running/ named=0/inactive/dead/ agent=4653/active/ jphase=absent killpid=
01:09:54.708120628 pdns=3998/0/active/running/ named=0/inactive/dead/ agent=4653/active/ jphase=absent killpid=
01:09:54.990999981 pdns=3998/0/active/running/ named=0/inactive/dead/ agent=4653/active/ jphase=absent killpid=
01:09:55.280753763 pdns=3998/0/active/running/ named=0/inactive/dead/ agent=4653/active/ jphase=absent killpid=
01:09:55.560240730 pdns=3998/0/active/running/ named=0/inactive/dead/ agent=4653/active/ jphase=absent killpid=
01:09:55.840338035 pdns=3998/0/active/running/ named=0/inactive/dead/ agent=4653/active/ jphase=absent killpid=
01:09:56.121698116 pdns=3998/0/active/running/ named=0/inactive/dead/ agent=4653/active/ jphase=absent killpid=
01:09:56.403157684 pdns=3998/0/active/running/ named=0/inactive/dead/ agent=4653/active/ jphase=absent killpid=
01:09:56.682236030 pdns=3998/0/active/running/ named=0/inactive/dead/ agent=4653/active/ jphase=absent killpid=
01:09:56.964240016 pdns=3998/0/active/running/ named=0/inactive/dead/ agent=4653/active/ jphase=absent killpid=
01:09:57.247746039 pdns=3998/0/active/running/ named=0/inactive/dead/ agent=4653/active/ jphase=absent killpid=
01:09:57.531130099 pdns=3998/0/active/running/ named=0/inactive/dead/ agent=4653/active/ jphase=absent killpid=
01:09:57.812062463 pdns=3998/0/active/running/ named=0/inactive/dead/ agent=4653/active/ jphase=absent killpid=
01:09:58.103757771 pdns=3998/0/active/running/ named=0/inactive/dead/ agent=4653/active/ jphase=absent killpid=
01:09:58.423999598 pdns=3998/0/active/running/ named=0/inactive/dead/ agent=4653/active/ jphase=absent killpid=
01:09:58.705113740 pdns=3998/0/active/running/ named=0/inactive/dead/ agent=4653/active/ jphase=absent killpid=
01:09:58.984741877 pdns=3998/0/active/running/ named=0/inactive/dead/ agent=4653/active/ jphase=absent killpid=
01:09:59.269763465 pdns=3998/0/active/running/ named=0/inactive/dead/ agent=4653/active/ jphase=absent killpid=
01:09:59.552003622 pdns=3998/0/active/running/ named=0/inactive/dead/ agent=4653/active/ jphase=absent killpid=
01:09:59.830788051 pdns=3998/0/active/running/ named=0/inactive/dead/ agent=4653/active/ jphase=absent killpid=
01:10:00.111944691 pdns=3998/0/active/running/ named=0/inactive/dead/ agent=4653/active/ jphase=absent killpid=
01:10:00.393847819 pdns=3998/0/active/running/ named=0/inactive/dead/ agent=4653/active/ jphase=absent killpid=
01:10:00.689412404 pdns=3998/0/active/running/ named=0/inactive/dead/ agent=4653/active/ jphase=absent killpid=
01:10:00.972493534 pdns=3998/0/active/running/ named=0/inactive/dead/ agent=4653/active/ jphase=absent killpid=
01:10:01.253405329 pdns=3998/0/active/running/ named=0/inactive/dead/ agent=4653/active/ jphase=absent killpid=
01:10:01.537039393 pdns=3998/0/active/running/ named=0/inactive/dead/ agent=4653/active/ jphase=absent killpid=
01:10:01.817255743 pdns=3998/0/active/running/ named=0/inactive/dead/ agent=4653/active/ jphase=absent killpid=
01:10:02.099929324 pdns=3998/0/active/running/ named=0/inactive/dead/ agent=4653/active/ jphase=absent killpid=
01:10:02.389930197 pdns=3998/0/active/running/ named=0/inactive/dead/ agent=4653/active/ jphase=absent killpid=
01:10:02.677896635 pdns=3998/0/active/running/ named=0/inactive/dead/ agent=4653/active/ jphase=absent killpid=
01:10:02.980961625 pdns=3998/0/active/running/ named=0/inactive/dead/ agent=4653/active/ jphase=absent killpid=
01:10:03.289992529 pdns=3998/0/active/running/ named=0/inactive/dead/ agent=4653/active/ jphase=absent killpid=
01:10:03.645476326 pdns=3998/0/active/running/ named=0/inactive/dead/ agent=4653/active/ jphase=absent killpid=
01:10:03.957679631 pdns=3998/0/active/running/ named=0/inactive/dead/ agent=4653/active/ jphase=absent killpid=
01:10:04.284928348 pdns=3998/0/active/running/ named=0/inactive/dead/ agent=4653/active/ jphase=absent killpid=
01:10:04.586107845 pdns=3998/0/active/running/ named=0/inactive/dead/ agent=4653/active/ jphase=absent killpid=
01:10:04.870067923 pdns=3998/0/active/running/ named=0/inactive/dead/ agent=4653/active/ jphase=absent killpid=
01:10:05.161747227 pdns=3998/0/active/running/ named=0/inactive/dead/ agent=4653/active/ jphase=absent killpid=
01:10:05.829977640 pdns=3998/0/active/running/ named=0/inactive/dead/ agent=4653/active/ jphase=absent killpid=
01:10:09.060574447 pdns=3998/0/active/running/ named=0/inactive/dead/ agent=4653/active/ jphase=absent killpid=
done
