19:59:21.853477874 CHANGE journal none -> absent
19:59:21.862672482 CHANGE ledger none -> e48641fb95f57ef7c3219d6a9035bcd7e3c9119fc654260aaffc09df97c0b122
19:59:21.870053020 CHANGE state none -> 7af3bdf7660aa24a305896830b68dcce27c8e3f5794ec9e606ce0524e568848c
19:59:21.879746779 CHANGE pdnsdb none -> fe21db05a490ec2bf6e4f81a92431eb774bdd041bd5642db6be4fb789ef79bd4
19:59:21.882731622 POINTER 
19:59:21.884001429 pdns=648/0/active/running/ named=0/inactive/dead/ agent=0/inactive/ jphase=absent killpid=
19:59:22.230465947 pdns=648/0/active/running/ named=0/inactive/dead/ agent=0/inactive/ jphase=absent killpid=
19:59:22.504527872 pdns=648/0/active/running/ named=0/inactive/dead/ agent=0/inactive/ jphase=absent killpid=
19:59:22.777580926 pdns=648/0/active/running/ named=0/inactive/dead/ agent=0/inactive/ jphase=absent killpid=
19:59:23.048916387 pdns=648/0/active/running/ named=0/inactive/dead/ agent=0/inactive/ jphase=absent killpid=
19:59:23.321774010 pdns=648/0/active/running/ named=0/inactive/dead/ agent=0/inactive/ jphase=absent killpid=
19:59:23.593258861 pdns=648/0/active/running/ named=0/inactive/dead/ agent=0/inactive/ jphase=absent killpid=
19:59:23.864834070 pdns=648/0/active/running/ named=0/inactive/dead/ agent=0/inactive/ jphase=absent killpid=
19:59:24.136124189 pdns=648/0/active/running/ named=0/inactive/dead/ agent=0/inactive/ jphase=absent killpid=
19:59:24.408277556 pdns=648/0/active/running/ named=0/inactive/dead/ agent=0/inactive/ jphase=absent killpid=
19:59:24.680691538 pdns=648/0/active/running/ named=0/inactive/dead/ agent=0/inactive/ jphase=absent killpid=
19:59:24.959562808 pdns=648/0/active/running/ named=0/inactive/dead/ agent=0/inactive/ jphase=absent killpid=
19:59:25.250566000 pdns=648/0/active/running/ named=0/inactive/dead/ agent=0/inactive/ jphase=absent killpid=
19:59:25.538576262 pdns=648/0/active/running/ named=0/inactive/dead/ agent=0/inactive/ jphase=absent killpid=
19:59:25.812157382 pdns=648/0/active/running/ named=0/inactive/dead/ agent=0/inactive/ jphase=absent killpid=
19:59:26.092006262 pdns=648/0/active/running/ named=0/inactive/dead/ agent=0/inactive/ jphase=absent killpid=
19:59:26.368782477 pdns=648/0/active/running/ named=0/inactive/dead/ agent=0/inactive/ jphase=absent killpid=
19:59:26.643946797 pdns=648/0/active/running/ named=0/inactive/dead/ agent=0/inactive/ jphase=absent killpid=
19:59:26.918639417 pdns=648/0/active/running/ named=0/inactive/dead/ agent=0/inactive/ jphase=absent killpid=
19:59:27.192731548 pdns=648/0/active/running/ named=0/inactive/dead/ agent=0/inactive/ jphase=absent killpid=
19:59:27.474117625 pdns=648/0/active/running/ named=0/inactive/dead/ agent=0/inactive/ jphase=absent killpid=
19:59:27.753882750 pdns=648/0/active/running/ named=0/inactive/dead/ agent=0/inactive/ jphase=absent killpid=
19:59:28.037695777 pdns=648/0/active/running/ named=0/inactive/dead/ agent=0/inactive/ jphase=absent killpid=
19:59:28.318436785 pdns=648/0/active/running/ named=0/inactive/dead/ agent=0/inactive/ jphase=absent killpid=
19:59:28.595693753 pdns=648/0/active/running/ named=0/inactive/dead/ agent=0/inactive/ jphase=absent killpid=
19:59:28.869893190 pdns=648/0/active/running/ named=0/inactive/dead/ agent=0/inactive/ jphase=absent killpid=
19:59:29.144251132 pdns=648/0/active/running/ named=0/inactive/dead/ agent=0/inactive/ jphase=absent killpid=
19:59:29.421443762 pdns=648/0/active/running/ named=0/inactive/dead/ agent=0/inactive/ jphase=absent killpid=
19:59:29.697807648 pdns=648/0/active/running/ named=0/inactive/dead/ agent=0/inactive/ jphase=absent killpid=
19:59:29.974683127 pdns=648/0/active/running/ named=0/inactive/dead/ agent=0/inactive/ jphase=absent killpid=
19:59:30.250639602 pdns=648/0/active/running/ named=0/inactive/dead/ agent=0/inactive/ jphase=absent killpid=
19:59:30.530371735 pdns=648/0/active/running/ named=0/inactive/dead/ agent=0/inactive/ jphase=absent killpid=
19:59:30.808906799 pdns=648/0/active/running/ named=0/inactive/dead/ agent=0/inactive/ jphase=absent killpid=
19:59:31.084332866 pdns=648/0/active/running/ named=0/inactive/dead/ agent=0/inactive/ jphase=absent killpid=
19:59:31.366674604 pdns=648/0/active/running/ named=0/inactive/dead/ agent=0/inactive/ jphase=absent killpid=
19:59:31.644925718 pdns=648/0/active/running/ named=0/inactive/dead/ agent=0/inactive/ jphase=absent killpid=
19:59:31.922732813 pdns=648/0/active/running/ named=0/inactive/dead/ agent=0/inactive/ jphase=absent killpid=
19:59:32.203285856 pdns=648/0/active/running/ named=0/inactive/dead/ agent=0/inactive/ jphase=absent killpid=
19:59:32.499177491 pdns=648/0/active/running/ named=0/inactive/dead/ agent=0/inactive/ jphase=absent killpid=
19:59:32.771362146 pdns=648/0/active/running/ named=0/inactive/dead/ agent=0/inactive/ jphase=absent killpid=
19:59:33.046138553 pdns=648/0/active/running/ named=0/inactive/dead/ agent=0/inactive/ jphase=absent killpid=
19:59:33.321168021 pdns=648/0/active/running/ named=0/inactive/dead/ agent=0/inactive/ jphase=absent killpid=
19:59:33.600917923 pdns=648/0/active/running/ named=0/inactive/dead/ agent=0/inactive/ jphase=absent killpid=
19:59:33.877755627 pdns=648/0/active/running/ named=0/inactive/dead/ agent=0/inactive/ jphase=absent killpid=
19:59:34.152656235 pdns=648/0/active/running/ named=0/inactive/dead/ agent=0/inactive/ jphase=absent killpid=
19:59:34.430516469 pdns=648/0/active/running/ named=0/inactive/dead/ agent=0/inactive/ jphase=absent killpid=
19:59:34.710926757 pdns=648/0/active/running/ named=0/inactive/dead/ agent=0/inactive/ jphase=absent killpid=
19:59:34.988961186 pdns=648/0/active/running/ named=0/inactive/dead/ agent=0/inactive/ jphase=absent killpid=
19:59:35.263020911 pdns=648/0/active/running/ named=0/inactive/dead/ agent=0/inactive/ jphase=absent killpid=
19:59:35.540352476 pdns=648/0/active/running/ named=0/inactive/dead/ agent=0/inactive/ jphase=absent killpid=
19:59:35.818740123 pdns=648/0/active/running/ named=0/inactive/dead/ agent=0/inactive/ jphase=absent killpid=
19:59:36.094529212 pdns=648/0/active/running/ named=0/inactive/dead/ agent=0/inactive/ jphase=absent killpid=
19:59:36.370413960 pdns=648/0/active/running/ named=0/inactive/dead/ agent=0/inactive/ jphase=absent killpid=
19:59:36.648064764 pdns=648/0/active/running/ named=0/inactive/dead/ agent=0/inactive/ jphase=absent killpid=
19:59:36.922437333 pdns=648/0/active/running/ named=0/inactive/dead/ agent=0/inactive/ jphase=absent killpid=
19:59:37.195892952 pdns=648/0/active/running/ named=0/inactive/dead/ agent=0/inactive/ jphase=absent killpid=
19:59:37.479994771 pdns=648/0/active/running/ named=0/inactive/dead/ agent=0/inactive/ jphase=absent killpid=
19:59:37.760946989 pdns=648/0/active/running/ named=0/inactive/dead/ agent=0/inactive/ jphase=absent killpid=
19:59:38.058703389 pdns=648/0/active/running/ named=0/inactive/dead/ agent=0/inactive/ jphase=absent killpid=
19:59:38.339506438 pdns=648/0/active/running/ named=0/inactive/dead/ agent=0/inactive/ jphase=absent killpid=
19:59:38.613736697 pdns=648/0/active/running/ named=0/inactive/dead/ agent=0/inactive/ jphase=absent killpid=
19:59:38.888931784 pdns=648/0/active/running/ named=0/inactive/dead/ agent=0/inactive/ jphase=absent killpid=
19:59:39.166749449 pdns=648/0/active/running/ named=0/inactive/dead/ agent=0/inactive/ jphase=absent killpid=
19:59:39.440715244 pdns=648/0/active/running/ named=0/inactive/dead/ agent=0/inactive/ jphase=absent killpid=
19:59:39.718704640 pdns=648/0/active/running/ named=0/inactive/dead/ agent=0/inactive/ jphase=absent killpid=
19:59:39.994961746 pdns=648/0/active/running/ named=0/inactive/dead/ agent=0/inactive/ jphase=absent killpid=
19:59:40.270759987 pdns=648/0/active/running/ named=0/inactive/dead/ agent=0/inactive/ jphase=absent killpid=
19:59:40.547147538 pdns=648/0/active/running/ named=0/inactive/dead/ agent=0/inactive/ jphase=absent killpid=
19:59:40.822364690 pdns=648/0/active/running/ named=0/inactive/dead/ agent=0/inactive/ jphase=absent killpid=
19:59:41.101123114 pdns=648/0/active/running/ named=0/inactive/dead/ agent=0/inactive/ jphase=absent killpid=
19:59:41.376562756 pdns=648/0/active/running/ named=0/inactive/dead/ agent=0/inactive/ jphase=absent killpid=
19:59:41.650580739 pdns=648/0/active/running/ named=0/inactive/dead/ agent=0/inactive/ jphase=absent killpid=
19:59:41.930477209 pdns=648/0/active/running/ named=0/inactive/dead/ agent=0/inactive/ jphase=absent killpid=
19:59:42.205403570 pdns=648/0/active/running/ named=0/inactive/dead/ agent=0/inactive/ jphase=absent killpid=
19:59:42.483138522 pdns=648/0/active/running/ named=0/inactive/dead/ agent=0/inactive/ jphase=absent killpid=
19:59:42.760191085 pdns=648/0/active/running/ named=0/inactive/dead/ agent=0/inactive/ jphase=absent killpid=
19:59:43.036655638 pdns=648/0/active/running/ named=0/inactive/dead/ agent=0/inactive/ jphase=absent killpid=
19:59:43.312252474 pdns=648/0/active/running/ named=0/inactive/dead/ agent=0/inactive/ jphase=absent killpid=
19:59:43.588929053 pdns=648/0/active/running/ named=0/inactive/dead/ agent=0/inactive/ jphase=absent killpid=
19:59:43.864649519 pdns=648/0/active/running/ named=0/inactive/dead/ agent=0/inactive/ jphase=absent killpid=
19:59:44.143693104 pdns=648/0/active/running/ named=0/inactive/dead/ agent=0/inactive/ jphase=absent killpid=
19:59:44.426581296 pdns=648/0/active/running/ named=0/inactive/dead/ agent=0/inactive/ jphase=absent killpid=
19:59:44.707690806 pdns=648/0/active/running/ named=0/inactive/dead/ agent=0/inactive/ jphase=absent killpid=
19:59:44.991716528 pdns=648/0/active/running/ named=0/inactive/dead/ agent=0/inactive/ jphase=absent killpid=
19:59:45.270207934 pdns=648/0/active/running/ named=0/inactive/dead/ agent=0/inactive/ jphase=absent killpid=
19:59:45.547577048 pdns=648/0/active/running/ named=0/inactive/dead/ agent=0/inactive/ jphase=absent killpid=
19:59:45.819565694 pdns=648/0/active/running/ named=0/inactive/dead/ agent=0/inactive/ jphase=absent killpid=
19:59:46.098517989 pdns=648/0/active/running/ named=0/inactive/dead/ agent=0/inactive/ jphase=absent killpid=
19:59:46.373570009 pdns=648/0/active/running/ named=0/inactive/dead/ agent=0/inactive/ jphase=absent killpid=
19:59:46.652597985 pdns=648/0/active/running/ named=0/inactive/dead/ agent=0/inactive/ jphase=absent killpid=
19:59:46.927213421 pdns=648/0/active/running/ named=0/inactive/dead/ agent=0/inactive/ jphase=absent killpid=
19:59:47.211835139 pdns=648/0/active/running/ named=0/inactive/dead/ agent=0/inactive/ jphase=absent killpid=
19:59:47.491980493 pdns=648/0/active/running/ named=0/inactive/dead/ agent=0/inactive/ jphase=absent killpid=
19:59:47.769035878 pdns=648/0/active/running/ named=0/inactive/dead/ agent=0/inactive/ jphase=absent killpid=
19:59:48.043205713 pdns=648/0/active/running/ named=0/inactive/dead/ agent=0/inactive/ jphase=absent killpid=
19:59:48.323408905 pdns=648/0/active/running/ named=0/inactive/dead/ agent=0/inactive/ jphase=absent killpid=
19:59:48.605850449 pdns=648/0/active/running/ named=0/inactive/dead/ agent=0/inactive/ jphase=absent killpid=
19:59:48.882797892 pdns=648/0/active/running/ named=0/inactive/dead/ agent=0/inactive/ jphase=absent killpid=
19:59:49.160007028 pdns=648/0/active/running/ named=0/inactive/dead/ agent=0/inactive/ jphase=absent killpid=
19:59:49.435530818 pdns=648/0/active/running/ named=0/inactive/dead/ agent=0/inactive/ jphase=absent killpid=
19:59:49.710594685 pdns=648/0/active/running/ named=0/inactive/dead/ agent=0/inactive/ jphase=absent killpid=
19:59:49.988503239 pdns=648/0/active/running/ named=0/inactive/dead/ agent=0/inactive/ jphase=absent killpid=
19:59:49.634021814 pdns=648/0/active/running/ named=0/inactive/dead/ agent=0/inactive/ jphase=absent killpid=
19:59:49.911597108 pdns=648/0/active/running/ named=0/inactive/dead/ agent=0/inactive/ jphase=absent killpid=
19:59:50.187248065 pdns=648/0/active/running/ named=0/inactive/dead/ agent=0/inactive/ jphase=absent killpid=
19:59:50.462703917 pdns=648/0/active/running/ named=0/inactive/dead/ agent=0/inactive/ jphase=absent killpid=
19:59:50.739332546 pdns=648/0/active/running/ named=0/inactive/dead/ agent=0/inactive/ jphase=absent killpid=
19:59:51.015185324 pdns=648/0/active/running/ named=0/inactive/dead/ agent=0/inactive/ jphase=absent killpid=
19:59:51.291141214 pdns=648/0/active/running/ named=0/inactive/dead/ agent=0/inactive/ jphase=absent killpid=
19:59:51.570400291 pdns=648/0/active/running/ named=0/inactive/dead/ agent=0/inactive/ jphase=absent killpid=
19:59:51.846380351 pdns=648/0/active/running/ named=0/inactive/dead/ agent=0/inactive/ jphase=absent killpid=
19:59:52.124477497 pdns=648/0/active/running/ named=0/inactive/dead/ agent=0/inactive/ jphase=absent killpid=
19:59:52.398529914 pdns=648/0/active/running/ named=0/inactive/dead/ agent=0/inactive/ jphase=absent killpid=
19:59:52.670375989 pdns=648/0/active/running/ named=0/inactive/dead/ agent=0/inactive/ jphase=absent killpid=
19:59:52.945772745 pdns=648/0/active/running/ named=0/inactive/dead/ agent=0/inactive/ jphase=absent killpid=
19:59:53.221986222 pdns=648/0/active/running/ named=0/inactive/dead/ agent=0/inactive/ jphase=absent killpid=
19:59:53.515893788 pdns=648/0/active/running/ named=0/inactive/dead/ agent=0/inactive/ jphase=absent killpid=
19:59:53.795277202 pdns=648/0/active/running/ named=0/inactive/dead/ agent=0/inactive/ jphase=absent killpid=
19:59:54.069864385 pdns=648/0/active/running/ named=0/inactive/dead/ agent=0/inactive/ jphase=absent killpid=
19:59:54.349854630 pdns=648/0/active/running/ named=0/inactive/dead/ agent=0/inactive/ jphase=absent killpid=
19:59:54.624811953 pdns=648/0/active/running/ named=0/inactive/dead/ agent=0/inactive/ jphase=absent killpid=
19:59:54.899590864 pdns=648/0/active/running/ named=0/inactive/dead/ agent=0/inactive/ jphase=absent killpid=
19:59:55.178338894 pdns=648/0/active/running/ named=0/inactive/dead/ agent=0/inactive/ jphase=absent killpid=
done
