08:50:04.680641887 start boot_id=199b45a8-40c7-4de8-8b82-b818494e333b
08:50:04.710394036 CHANGE ledger none -> 177f61d12ed0 agent=0/inactive/ :: 
08:50:07.096614182 CHANGE ledger 177f61d12ed0 -> 183b828c8617 agent=0/inactive/ :: 
08:50:07.259432242 CHANGE ledger 183b828c8617 -> 0fd7ef6f3b37 agent=0/inactive/ :: 
08:50:07.420705171 CHANGE ledger 0fd7ef6f3b37 -> 6b10be22edb0 agent=0/inactive/ :: 
08:50:07.573064824 CHANGE ledger 6b10be22edb0 -> 01aeba469d5e agent=0/inactive/ :: 
08:50:10.351383679 CHANGE ledger 01aeba469d5e -> b19a89cfecec agent=0/inactive/ :: 
08:50:10.493205566 CHANGE ledger b19a89cfecec -> 132dbee08dfc agent=0/inactive/ :: 
08:50:10.647570129 CHANGE ledger 132dbee08dfc -> 7375c4bf4152 agent=0/inactive/ :: 
08:50:10.927526069 CHANGE ledger 7375c4bf4152 -> e737a2815441 agent=0/inactive/ :: 
08:50:11.071593506 CHANGE ledger e737a2815441 -> 38b5091ddb51 agent=0/inactive/ :: 
08:50:11.213756307 CHANGE ledger 38b5091ddb51 -> 9aaafcb01e1c agent=0/inactive/ :: 
08:50:12.121216665 CHANGE ledger 9aaafcb01e1c -> cf196c25dac2 agent=0/inactive/ :: 
08:50:15.806434621 CHANGE ledger cf196c25dac2 -> 1781458e75bc agent=0/inactive/ :: 
08:50:16.051768512 CHANGE ledger 1781458e75bc -> c5be47a7cde6 agent=0/inactive/ :: 
08:50:16.321091383 CHANGE ledger c5be47a7cde6 -> c41da1c51fd4 agent=0/inactive/ :: 
08:50:16.462307039 CHANGE ledger c41da1c51fd4 -> 1544e327a971 agent=0/inactive/ :: 
08:50:16.612893227 CHANGE ledger 1544e327a971 -> 749b5c6369e5 agent=0/inactive/ :: 
08:50:16.751610195 CHANGE ledger 749b5c6369e5 -> 564f85afa29a agent=0/inactive/ :: 
08:50:16.894839671 CHANGE ledger 564f85afa29a -> 8940332e8976 agent=0/inactive/ :: 
08:50:17.035758964 CHANGE ledger 8940332e8976 -> 79b2931cee47 agent=0/inactive/ :: 
08:50:17.175678623 CHANGE ledger 79b2931cee47 -> 97a10a8734a2 agent=0/inactive/ :: 
08:50:17.645676329 CHANGE ledger 97a10a8734a2 -> 8822c4c677b5 agent=0/inactive/ :: 
08:50:17.793515912 CHANGE ledger 8822c4c677b5 -> f07c83e0240b agent=0/inactive/ :: 
08:50:17.944384534 CHANGE ledger f07c83e0240b -> b8464900ace5 agent=0/inactive/ :: 
08:50:18.090898401 CHANGE ledger b8464900ace5 -> 702457001feb agent=0/inactive/ :: 
08:50:18.238853646 CHANGE ledger 702457001feb -> 36a467517495 agent=0/inactive/ :: 
08:50:18.616339274 CHANGE ledger 36a467517495 -> f3e066faecc9 agent=0/inactive/ :: 
08:50:18.883465453 CHANGE ledger f3e066faecc9 -> 96b40c6f54cd agent=0/inactive/ :: 
08:50:19.143761819 CHANGE ledger 96b40c6f54cd -> 1ad764bec927 agent=0/inactive/ :: 
08:50:19.304136768 CHANGE ledger 1ad764bec927 -> bca73118426c agent=0/inactive/ :: 
08:50:19.454666121 CHANGE ledger bca73118426c -> 3577f37dad28 agent=0/inactive/ :: 
08:50:19.823924848 CHANGE ledger 3577f37dad28 -> 3135fa962140 agent=0/inactive/ :: 
08:50:20.093238280 CHANGE ledger 3135fa962140 -> abb44bd27648 agent=0/inactive/ :: 
08:50:20.232516091 CHANGE ledger abb44bd27648 -> 91c2ce3cf53f agent=0/inactive/ :: 
08:50:20.382402407 CHANGE ledger 91c2ce3cf53f -> d7bd279fbe19 agent=0/inactive/ :: 
08:50:20.525608759 CHANGE ledger d7bd279fbe19 -> 0a1c5e89d561 agent=0/inactive/ :: 
08:50:20.668077460 CHANGE ledger 0a1c5e89d561 -> a24a5ecba168 agent=0/inactive/ :: 
08:50:32.672448053 CHANGE ledger a24a5ecba168 -> f989c2df7f4f agent=5447/active/ :: 
08:51:05.782072656 CHANGE ledger f989c2df7f4f -> 729aeb8984a1 agent=5447/active/ :: 88a85ce2 running leased att=1 lease=2026-09-30T08:51:25.716208751Z code= upd=2026-09-30T08:51:05.716208751Z
08:51:05.927736389 CHANGE ledger 729aeb8984a1 -> 9e6c02ad4839 agent=5447/active/ :: 88a85ce2 running leased att=1 lease=2026-09-30T08:51:25.889380859Z code= upd=2026-09-30T08:51:05.889380859Z
08:51:06.090118407 CHANGE ledger 9e6c02ad4839 -> 720d02fe0926 agent=5447/active/ :: 88a85ce2 running leased att=1 lease=2026-09-30T08:51:26.033678416Z code= upd=2026-09-30T08:51:06.033678416Z
08:51:06.237398708 CHANGE ledger 720d02fe0926 -> 33efef0ed568 agent=5447/active/ :: 88a85ce2 running leased att=1 lease=2026-09-30T08:51:26.199853845Z code= upd=2026-09-30T08:51:06.199853845Z
08:51:06.413675501 CHANGE ledger 33efef0ed568 -> e1e11f2e1d5b agent=5447/active/ :: 88a85ce2 running leased att=1 lease=2026-09-30T08:51:26.344879354Z code= upd=2026-09-30T08:51:06.344879354Z
08:51:06.568662235 CHANGE ledger e1e11f2e1d5b -> f04a2d34c2ee agent=5447/active/ :: 88a85ce2 running leased att=1 lease=2026-09-30T08:51:26.528589998Z code= upd=2026-09-30T08:51:06.528589998Z
08:51:06.729370614 CHANGE ledger f04a2d34c2ee -> 21a4bb51dca3 agent=5447/active/ :: 88a85ce2 running leased att=1 lease=2026-09-30T08:51:26.672699002Z code= upd=2026-09-30T08:51:06.672699002Z
08:51:06.875567036 CHANGE ledger 21a4bb51dca3 -> c5a757b68603 agent=5447/active/ :: 88a85ce2 running leased att=1 lease=2026-09-30T08:51:26.828814017Z code= upd=2026-09-30T08:51:06.828814017Z
08:51:07.036205721 CHANGE ledger c5a757b68603 -> 1e8bf87ff7d6 agent=5447/active/ :: 88a85ce2 running leased att=1 lease=2026-09-30T08:51:26.989787306Z code= upd=2026-09-30T08:51:06.989787306Z
08:51:07.184847472 CHANGE ledger 1e8bf87ff7d6 -> 655562bc2e15 agent=5447/active/ :: 88a85ce2 running leased att=1 lease=2026-09-30T08:51:27.132369427Z code= upd=2026-09-30T08:51:07.132369427Z
08:51:07.351778997 CHANGE ledger 655562bc2e15 -> d3ac631af4a5 agent=5447/active/ :: 88a85ce2 running leased att=1 lease=2026-09-30T08:51:27.280502089Z code= upd=2026-09-30T08:51:07.280502089Z
08:51:07.498495008 CHANGE ledger d3ac631af4a5 -> 55db2301364f agent=5447/active/ :: 88a85ce2 running leased att=1 lease=2026-09-30T08:51:27.32556929Z code= upd=2026-09-30T08:51:07.32556929Z
08:51:07.856536996 CHANGE ledger 55db2301364f -> 546e6bdb0ff3 agent=5447/active/ :: 88a85ce2 running applied att=1 lease=2026-09-30T08:51:27.810644421Z code= upd=2026-09-30T08:51:07.810644421Z
08:51:08.010756724 CHANGE ledger 546e6bdb0ff3 -> 4fb38dcb8d91 agent=5447/active/ :: 88a85ce2 running applied att=1 lease=2026-09-30T08:51:27.950968599Z code= upd=2026-09-30T08:51:07.950968599Z
08:51:08.152775408 CHANGE ledger 4fb38dcb8d91 -> 844f1e3d24a0 agent=5447/active/ :: 88a85ce2 running applied att=1 lease=2026-09-30T08:51:28.102987125Z code= upd=2026-09-30T08:51:08.102987125Z
08:51:08.304635413 CHANGE ledger 844f1e3d24a0 -> 8c6b8bba5586 agent=5447/active/ :: 88a85ce2 running applied att=1 lease=2026-09-30T08:51:28.271439717Z code= upd=2026-09-30T08:51:08.271439717Z
08:51:08.449280176 CHANGE ledger 8c6b8bba5586 -> 16f64be67850 agent=5447/active/ :: 88a85ce2 running applied att=1 lease=2026-09-30T08:51:28.411824168Z code= upd=2026-09-30T08:51:08.411824168Z
08:51:08.594904771 CHANGE ledger 16f64be67850 -> 3d1c05ae4706 agent=5447/active/ :: 88a85ce2 running applied att=1 lease=2026-09-30T08:51:28.558350197Z code= upd=2026-09-30T08:51:08.558350197Z
08:51:08.744956547 CHANGE ledger 3d1c05ae4706 -> 5a116646c42e agent=5447/active/ :: 88a85ce2 running applied att=1 lease=2026-09-30T08:51:28.703762976Z code= upd=2026-09-30T08:51:08.703762976Z
08:51:08.904825667 CHANGE ledger 5a116646c42e -> 43e52166d660 agent=5447/active/ :: 88a85ce2 running applied att=1 lease=2026-09-30T08:51:28.858223711Z code= upd=2026-09-30T08:51:08.858223711Z
08:51:09.059878737 CHANGE ledger 43e52166d660 -> 1f44009ccddd agent=5447/active/ :: 88a85ce2 running applied att=1 lease=2026-09-30T08:51:29.014261618Z code= upd=2026-09-30T08:51:09.014261618Z
08:51:09.207198680 CHANGE ledger 1f44009ccddd -> 30f82d85f007 agent=5447/active/ :: 88a85ce2 running applied att=1 lease=2026-09-30T08:51:29.150332473Z code= upd=2026-09-30T08:51:09.150332473Z
08:51:09.347527157 CHANGE ledger 30f82d85f007 -> 96e75375f3f0 agent=5447/active/ :: 88a85ce2 running applied att=1 lease=2026-09-30T08:51:29.308869685Z code= upd=2026-09-30T08:51:09.308869685Z
08:51:09.504469341 CHANGE ledger 96e75375f3f0 -> e73a85ee7417 agent=5447/active/ :: 88a85ce2 running applied att=1 lease=2026-09-30T08:51:29.459129458Z code= upd=2026-09-30T08:51:09.459129458Z
08:51:09.646214461 CHANGE ledger e73a85ee7417 -> d9c8efec67b5 agent=5447/active/ :: 88a85ce2 running applied att=1 lease=2026-09-30T08:51:29.613856297Z code= upd=2026-09-30T08:51:09.613856297Z
08:51:09.787599097 CHANGE ledger d9c8efec67b5 -> e447fddd3c41 agent=5447/active/ :: 88a85ce2 running applied att=1 lease=2026-09-30T08:51:29.654793325Z code= upd=2026-09-30T08:51:09.654793325Z
08:51:10.142031463 CHANGE ledger e447fddd3c41 -> 0d0f35167b51 agent=5447/active/ :: 88a85ce2 succeeded published att=1 lease=0001-01-01T00:00:00Z code= upd=2026-09-30T08:51:09.993467482Z
08:51:13.597516210 CHANGE ledger 0d0f35167b51 -> 27992119c155 agent=5447/active/ :: 88a85ce2 succeeded published att=1 lease=0001-01-01T00:00:00Z code= upd=2026-09-30T08:51:09.993467482Z | bd76b7b0 running leased att=1 lease=2026-09-30T08:51:33.553815755Z code= upd=2026-09-30T08:51:13.553815755Z
08:51:13.749510642 CHANGE ledger 27992119c155 -> 3fc29f8225ec agent=5447/active/ :: 88a85ce2 succeeded published att=1 lease=0001-01-01T00:00:00Z code= upd=2026-09-30T08:51:09.993467482Z | bd76b7b0 running leased att=1 lease=2026-09-30T08:51:33.705299763Z code= upd=2026-09-30T08:51:13.705299763Z
08:51:13.893415579 CHANGE ledger 3fc29f8225ec -> 40cfc3b6eac2 agent=5447/active/ :: 88a85ce2 succeeded published att=1 lease=0001-01-01T00:00:00Z code= upd=2026-09-30T08:51:09.993467482Z | bd76b7b0 running leased att=1 lease=2026-09-30T08:51:33.845591744Z code= upd=2026-09-30T08:51:13.845591744Z
08:51:14.033336459 CHANGE ledger 40cfc3b6eac2 -> 532e958860ed agent=5447/active/ :: 88a85ce2 succeeded published att=1 lease=0001-01-01T00:00:00Z code= upd=2026-09-30T08:51:09.993467482Z | bd76b7b0 running leased att=1 lease=2026-09-30T08:51:33.97668111Z code= upd=2026-09-30T08:51:13.97668111Z
08:51:14.178758811 CHANGE ledger 532e958860ed -> 5d5048932cb6 agent=5447/active/ :: 88a85ce2 succeeded published att=1 lease=0001-01-01T00:00:00Z code= upd=2026-09-30T08:51:09.993467482Z | bd76b7b0 running leased att=1 lease=2026-09-30T08:51:34.130551864Z code= upd=2026-09-30T08:51:14.130551864Z
08:51:14.327522674 CHANGE ledger 5d5048932cb6 -> f172c08d64f5 agent=5447/active/ :: 88a85ce2 succeeded published att=1 lease=0001-01-01T00:00:00Z code= upd=2026-09-30T08:51:09.993467482Z | bd76b7b0 running leased att=1 lease=2026-09-30T08:51:34.283340109Z code= upd=2026-09-30T08:51:14.283340109Z
08:51:14.470358715 CHANGE ledger f172c08d64f5 -> c9628136b96b agent=5447/active/ :: 88a85ce2 succeeded published att=1 lease=0001-01-01T00:00:00Z code= upd=2026-09-30T08:51:09.993467482Z | bd76b7b0 running leased att=1 lease=2026-09-30T08:51:34.434340439Z code= upd=2026-09-30T08:51:14.434340439Z
08:51:14.619568133 CHANGE ledger c9628136b96b -> 07f2d1d75617 agent=5447/active/ :: 88a85ce2 succeeded published att=1 lease=0001-01-01T00:00:00Z code= upd=2026-09-30T08:51:09.993467482Z | bd76b7b0 running leased att=1 lease=2026-09-30T08:51:34.566390974Z code= upd=2026-09-30T08:51:14.566390974Z
08:51:14.767206370 CHANGE ledger 07f2d1d75617 -> 0ae19364ae24 agent=5447/active/ :: 88a85ce2 succeeded published att=1 lease=0001-01-01T00:00:00Z code= upd=2026-09-30T08:51:09.993467482Z | bd76b7b0 running leased att=1 lease=2026-09-30T08:51:34.718783227Z code= upd=2026-09-30T08:51:14.718783227Z
08:51:14.919637270 CHANGE ledger 0ae19364ae24 -> d021bd7485ea agent=5447/active/ :: 88a85ce2 succeeded published att=1 lease=0001-01-01T00:00:00Z code= upd=2026-09-30T08:51:09.993467482Z | bd76b7b0 running leased att=1 lease=2026-09-30T08:51:34.859873304Z code= upd=2026-09-30T08:51:14.859873304Z
08:51:15.066335943 CHANGE ledger d021bd7485ea -> 80e4c01ebea2 agent=5447/active/ :: 88a85ce2 succeeded published att=1 lease=0001-01-01T00:00:00Z code= upd=2026-09-30T08:51:09.993467482Z | bd76b7b0 running leased att=1 lease=2026-09-30T08:51:35.019003327Z code= upd=2026-09-30T08:51:15.019003327Z
08:51:15.217930795 CHANGE ledger 80e4c01ebea2 -> 6c3ac2187e40 agent=5447/active/ :: 88a85ce2 succeeded published att=1 lease=0001-01-01T00:00:00Z code= upd=2026-09-30T08:51:09.993467482Z | bd76b7b0 running leased att=1 lease=2026-09-30T08:51:35.174383874Z code= upd=2026-09-30T08:51:15.174383874Z
08:51:15.359811270 CHANGE ledger 6c3ac2187e40 -> 442c34945220 agent=5447/active/ :: 88a85ce2 succeeded published att=1 lease=0001-01-01T00:00:00Z code= upd=2026-09-30T08:51:09.993467482Z | bd76b7b0 running applied att=1 lease=2026-09-30T08:51:35.32284892Z code= upd=2026-09-30T08:51:15.32284892Z
08:51:15.511705930 CHANGE ledger 442c34945220 -> a4736dd2e90a agent=5447/active/ :: 88a85ce2 succeeded published att=1 lease=0001-01-01T00:00:00Z code= upd=2026-09-30T08:51:09.993467482Z | bd76b7b0 running applied att=1 lease=2026-09-30T08:51:35.465873823Z code= upd=2026-09-30T08:51:15.465873823Z
08:51:15.659437083 CHANGE ledger a4736dd2e90a -> 3cc8a8dc8929 agent=5447/active/ :: 88a85ce2 succeeded published att=1 lease=0001-01-01T00:00:00Z code= upd=2026-09-30T08:51:09.993467482Z | bd76b7b0 running applied att=1 lease=2026-09-30T08:51:35.612436756Z code= upd=2026-09-30T08:51:15.612436756Z
08:51:15.813777758 CHANGE ledger 3cc8a8dc8929 -> a63f70dbeedd agent=5447/active/ :: 88a85ce2 succeeded published att=1 lease=0001-01-01T00:00:00Z code= upd=2026-09-30T08:51:09.993467482Z | bd76b7b0 running applied att=1 lease=2026-09-30T08:51:35.752621943Z code= upd=2026-09-30T08:51:15.752621943Z
08:51:15.953938726 CHANGE ledger a63f70dbeedd -> 59a4f10d33c3 agent=5447/active/ :: 88a85ce2 succeeded published att=1 lease=0001-01-01T00:00:00Z code= upd=2026-09-30T08:51:09.993467482Z | bd76b7b0 running applied att=1 lease=2026-09-30T08:51:35.915478036Z code= upd=2026-09-30T08:51:15.915478036Z
08:51:16.117567638 CHANGE ledger 59a4f10d33c3 -> 7f0bd6282f24 agent=5447/active/ :: 88a85ce2 succeeded published att=1 lease=0001-01-01T00:00:00Z code= upd=2026-09-30T08:51:09.993467482Z | bd76b7b0 running applied att=1 lease=2026-09-30T08:51:36.052847968Z code= upd=2026-09-30T08:51:16.052847968Z
08:51:16.260715631 CHANGE ledger 7f0bd6282f24 -> 84f2414e8f35 agent=5447/active/ :: 88a85ce2 succeeded published att=1 lease=0001-01-01T00:00:00Z code= upd=2026-09-30T08:51:09.993467482Z | bd76b7b0 running applied att=1 lease=2026-09-30T08:51:36.222975745Z code= upd=2026-09-30T08:51:16.222975745Z
08:51:16.412874901 CHANGE ledger 84f2414e8f35 -> c9083cfdb82f agent=5447/active/ :: 88a85ce2 succeeded published att=1 lease=0001-01-01T00:00:00Z code= upd=2026-09-30T08:51:09.993467482Z | bd76b7b0 running applied att=1 lease=2026-09-30T08:51:36.363463782Z code= upd=2026-09-30T08:51:16.363463782Z
08:51:16.560892144 CHANGE ledger c9083cfdb82f -> 8e8233b975ac agent=5447/active/ :: 88a85ce2 succeeded published att=1 lease=0001-01-01T00:00:00Z code= upd=2026-09-30T08:51:09.993467482Z | bd76b7b0 running applied att=1 lease=2026-09-30T08:51:36.51175812Z code= upd=2026-09-30T08:51:16.51175812Z
08:51:16.726676147 CHANGE ledger 8e8233b975ac -> 704de2e7674d agent=5447/active/ :: 88a85ce2 succeeded published att=1 lease=0001-01-01T00:00:00Z code= upd=2026-09-30T08:51:09.993467482Z | bd76b7b0 running applied att=1 lease=2026-09-30T08:51:36.665667533Z code= upd=2026-09-30T08:51:16.665667533Z
08:51:16.877699325 CHANGE ledger 704de2e7674d -> 06ca363bf113 agent=5447/active/ :: 88a85ce2 succeeded published att=1 lease=0001-01-01T00:00:00Z code= upd=2026-09-30T08:51:09.993467482Z | bd76b7b0 running applied att=1 lease=2026-09-30T08:51:36.82912363Z code= upd=2026-09-30T08:51:16.82912363Z
08:51:17.040806156 CHANGE ledger 06ca363bf113 -> 2d5996d54be3 agent=5447/active/ :: 88a85ce2 succeeded published att=1 lease=0001-01-01T00:00:00Z code= upd=2026-09-30T08:51:09.993467482Z | bd76b7b0 running applied att=1 lease=2026-09-30T08:51:36.9835925Z code= upd=2026-09-30T08:51:16.9835925Z
08:51:17.180574024 CHANGE ledger 2d5996d54be3 -> 1e399305d74a agent=5447/active/ :: 88a85ce2 succeeded published att=1 lease=0001-01-01T00:00:00Z code= upd=2026-09-30T08:51:09.993467482Z | bd76b7b0 running applied att=1 lease=2026-09-30T08:51:37.022989516Z code= upd=2026-09-30T08:51:17.022989516Z
08:51:17.424065959 CHANGE ledger 1e399305d74a -> 2d186cda6106 agent=5447/active/ :: 88a85ce2 succeeded published att=1 lease=0001-01-01T00:00:00Z code= upd=2026-09-30T08:51:09.993467482Z | bd76b7b0 succeeded published att=1 lease=0001-01-01T00:00:00Z code= upd=2026-09-30T08:51:17.352991349Z
08:51:20.996363902 CHANGE ledger 2d186cda6106 -> e62e904e0508 agent=5447/active/ :: 88a85ce2 succeeded published att=1 lease=0001-01-01T00:00:00Z code= upd=2026-09-30T08:51:09.993467482Z | bd76b7b0 succeeded published att=1 lease=0001-01-01T00:00:00Z code= upd=2026-09-30T08:51:17.352991349Z | 19255434 running leased att=1 lease=2026-09-30T08:51:40.951450458Z code= upd=2026-09-30T08:51:20.951450458Z
08:51:21.145497850 CHANGE ledger e62e904e0508 -> 00d30a7fe200 agent=5447/active/ :: 88a85ce2 succeeded published att=1 lease=0001-01-01T00:00:00Z code= upd=2026-09-30T08:51:09.993467482Z | bd76b7b0 succeeded published att=1 lease=0001-01-01T00:00:00Z code= upd=2026-09-30T08:51:17.352991349Z | 19255434 running leased att=1 lease=2026-09-30T08:51:41.10735138Z code= upd=2026-09-30T08:51:21.10735138Z
08:51:21.303796447 CHANGE ledger 00d30a7fe200 -> 3b1b8b90519d agent=5447/active/ :: 88a85ce2 succeeded published att=1 lease=0001-01-01T00:00:00Z code= upd=2026-09-30T08:51:09.993467482Z | bd76b7b0 succeeded published att=1 lease=0001-01-01T00:00:00Z code= upd=2026-09-30T08:51:17.352991349Z | 19255434 running leased att=1 lease=2026-09-30T08:51:41.242831147Z code= upd=2026-09-30T08:51:21.242831147Z
08:51:21.452088423 CHANGE ledger 3b1b8b90519d -> 230a9ea4ce40 agent=5447/active/ :: 88a85ce2 succeeded published att=1 lease=0001-01-01T00:00:00Z code= upd=2026-09-30T08:51:09.993467482Z | bd76b7b0 succeeded published att=1 lease=0001-01-01T00:00:00Z code= upd=2026-09-30T08:51:17.352991349Z | 19255434 running leased att=1 lease=2026-09-30T08:51:41.414054801Z code= upd=2026-09-30T08:51:21.414054801Z
08:51:21.607249529 CHANGE ledger 230a9ea4ce40 -> 76fea149f041 agent=5447/active/ :: 88a85ce2 succeeded published att=1 lease=0001-01-01T00:00:00Z code= upd=2026-09-30T08:51:09.993467482Z | bd76b7b0 succeeded published att=1 lease=0001-01-01T00:00:00Z code= upd=2026-09-30T08:51:17.352991349Z | 19255434 running leased att=1 lease=2026-09-30T08:51:41.549406606Z code= upd=2026-09-30T08:51:21.549406606Z
08:51:21.765804763 CHANGE ledger 76fea149f041 -> 8c581c29451e agent=5447/active/ :: 88a85ce2 succeeded published att=1 lease=0001-01-01T00:00:00Z code= upd=2026-09-30T08:51:09.993467482Z | bd76b7b0 succeeded published att=1 lease=0001-01-01T00:00:00Z code= upd=2026-09-30T08:51:17.352991349Z | 19255434 running leased att=1 lease=2026-09-30T08:51:41.719543406Z code= upd=2026-09-30T08:51:21.719543406Z
08:51:21.929495561 CHANGE ledger 8c581c29451e -> c5596b09ea64 agent=5447/active/ :: 88a85ce2 succeeded published att=1 lease=0001-01-01T00:00:00Z code= upd=2026-09-30T08:51:09.993467482Z | bd76b7b0 succeeded published att=1 lease=0001-01-01T00:00:00Z code= upd=2026-09-30T08:51:17.352991349Z | 19255434 running leased att=1 lease=2026-09-30T08:51:41.878904767Z code= upd=2026-09-30T08:51:21.878904767Z
08:51:22.078018631 CHANGE ledger c5596b09ea64 -> 884747571580 agent=5447/active/ :: 88a85ce2 succeeded published att=1 lease=0001-01-01T00:00:00Z code= upd=2026-09-30T08:51:09.993467482Z | bd76b7b0 succeeded published att=1 lease=0001-01-01T00:00:00Z code= upd=2026-09-30T08:51:17.352991349Z | 19255434 running leased att=1 lease=2026-09-30T08:51:42.032284296Z code= upd=2026-09-30T08:51:22.032284296Z
08:51:22.228094652 CHANGE ledger 884747571580 -> 441c47a3980e agent=5447/active/ :: 88a85ce2 succeeded published att=1 lease=0001-01-01T00:00:00Z code= upd=2026-09-30T08:51:09.993467482Z | bd76b7b0 succeeded published att=1 lease=0001-01-01T00:00:00Z code= upd=2026-09-30T08:51:17.352991349Z | 19255434 running leased att=1 lease=2026-09-30T08:51:42.195712457Z code= upd=2026-09-30T08:51:22.195712457Z
08:51:22.382072849 CHANGE ledger 441c47a3980e -> c5105bdbbaec agent=5447/active/ :: 88a85ce2 succeeded published att=1 lease=0001-01-01T00:00:00Z code= upd=2026-09-30T08:51:09.993467482Z | bd76b7b0 succeeded published att=1 lease=0001-01-01T00:00:00Z code= upd=2026-09-30T08:51:17.352991349Z | 19255434 running applied att=1 lease=2026-09-30T08:51:42.347825731Z code= upd=2026-09-30T08:51:22.347825731Z
08:51:22.542761020 CHANGE ledger c5105bdbbaec -> 2673c834fa0e agent=5447/active/ :: 88a85ce2 succeeded published att=1 lease=0001-01-01T00:00:00Z code= upd=2026-09-30T08:51:09.993467482Z | bd76b7b0 succeeded published att=1 lease=0001-01-01T00:00:00Z code= upd=2026-09-30T08:51:17.352991349Z | 19255434 running applied att=1 lease=2026-09-30T08:51:42.503888778Z code= upd=2026-09-30T08:51:22.503888778Z
08:51:22.688458876 CHANGE ledger 2673c834fa0e -> b6e1403ac1db agent=5447/active/ :: 88a85ce2 succeeded published att=1 lease=0001-01-01T00:00:00Z code= upd=2026-09-30T08:51:09.993467482Z | bd76b7b0 succeeded published att=1 lease=0001-01-01T00:00:00Z code= upd=2026-09-30T08:51:17.352991349Z | 19255434 running applied att=1 lease=2026-09-30T08:51:42.645565752Z code= upd=2026-09-30T08:51:22.645565752Z
08:51:22.869817344 CHANGE ledger b6e1403ac1db -> b0a6e1dca3f4 agent=5447/active/ :: 88a85ce2 succeeded published att=1 lease=0001-01-01T00:00:00Z code= upd=2026-09-30T08:51:09.993467482Z | bd76b7b0 succeeded published att=1 lease=0001-01-01T00:00:00Z code= upd=2026-09-30T08:51:17.352991349Z | 19255434 running applied att=1 lease=2026-09-30T08:51:42.806684873Z code= upd=2026-09-30T08:51:22.806684873Z
08:51:23.016903900 CHANGE ledger b0a6e1dca3f4 -> 6091b9018677 agent=5447/active/ :: 88a85ce2 succeeded published att=1 lease=0001-01-01T00:00:00Z code= upd=2026-09-30T08:51:09.993467482Z | bd76b7b0 succeeded published att=1 lease=0001-01-01T00:00:00Z code= upd=2026-09-30T08:51:17.352991349Z | 19255434 running applied att=1 lease=2026-09-30T08:51:42.97619931Z code= upd=2026-09-30T08:51:22.97619931Z
08:51:23.190437582 CHANGE ledger 6091b9018677 -> 100630603feb agent=5447/active/ :: 88a85ce2 succeeded published att=1 lease=0001-01-01T00:00:00Z code= upd=2026-09-30T08:51:09.993467482Z | bd76b7b0 succeeded published att=1 lease=0001-01-01T00:00:00Z code= upd=2026-09-30T08:51:17.352991349Z | 19255434 running applied att=1 lease=2026-09-30T08:51:43.128232943Z code= upd=2026-09-30T08:51:23.128232943Z
08:51:23.341915639 CHANGE ledger 100630603feb -> a87d7f4ad208 agent=5447/active/ :: 88a85ce2 succeeded published att=1 lease=0001-01-01T00:00:00Z code= upd=2026-09-30T08:51:09.993467482Z | bd76b7b0 succeeded published att=1 lease=0001-01-01T00:00:00Z code= upd=2026-09-30T08:51:17.352991349Z | 19255434 running applied att=1 lease=2026-09-30T08:51:43.300576434Z code= upd=2026-09-30T08:51:23.300576434Z
08:51:23.499636969 CHANGE ledger a87d7f4ad208 -> 1a1daccc819f agent=5447/active/ :: 88a85ce2 succeeded published att=1 lease=0001-01-01T00:00:00Z code= upd=2026-09-30T08:51:09.993467482Z | bd76b7b0 succeeded published att=1 lease=0001-01-01T00:00:00Z code= upd=2026-09-30T08:51:17.352991349Z | 19255434 running applied att=1 lease=2026-09-30T08:51:43.457797342Z code= upd=2026-09-30T08:51:23.457797342Z
08:51:23.650651752 CHANGE ledger 1a1daccc819f -> 332d059264f1 agent=5447/active/ :: 88a85ce2 succeeded published att=1 lease=0001-01-01T00:00:00Z code= upd=2026-09-30T08:51:09.993467482Z | bd76b7b0 succeeded published att=1 lease=0001-01-01T00:00:00Z code= upd=2026-09-30T08:51:17.352991349Z | 19255434 running applied att=1 lease=2026-09-30T08:51:43.606004583Z code= upd=2026-09-30T08:51:23.606004583Z
08:51:23.807604889 CHANGE ledger 332d059264f1 -> 52fa93af708c agent=5447/active/ :: 88a85ce2 succeeded published att=1 lease=0001-01-01T00:00:00Z code= upd=2026-09-30T08:51:09.993467482Z | bd76b7b0 succeeded published att=1 lease=0001-01-01T00:00:00Z code= upd=2026-09-30T08:51:17.352991349Z | 19255434 running applied att=1 lease=2026-09-30T08:51:43.701774604Z code= upd=2026-09-30T08:51:23.701774604Z
08:51:26.037107037 CHANGE ledger 52fa93af708c -> 406e26d06cc0 agent=5447/active/ :: 88a85ce2 succeeded published att=1 lease=0001-01-01T00:00:00Z code= upd=2026-09-30T08:51:09.993467482Z | bd76b7b0 succeeded published att=1 lease=0001-01-01T00:00:00Z code= upd=2026-09-30T08:51:17.352991349Z | 19255434 running applied att=1 lease=2026-09-30T08:51:45.930826045Z code= upd=2026-09-30T08:51:25.930826045Z
08:51:27.086510442 CHANGE ledger 406e26d06cc0 -> 2e7f194fc916 agent=5447/active/ :: 88a85ce2 succeeded published att=1 lease=0001-01-01T00:00:00Z code= upd=2026-09-30T08:51:09.993467482Z | bd76b7b0 succeeded published att=1 lease=0001-01-01T00:00:00Z code= upd=2026-09-30T08:51:17.352991349Z | 19255434 pending propagation-pending att=1 lease=0001-01-01T00:00:00Z code=dns_peer_enrollment_required upd=2026-09-30T08:51:26.941291382Z
08:53:10.087722777 CHANGE ledger 2e7f194fc916 -> a0cd6b5efce4 agent=5447/active/ :: 88a85ce2 succeeded published att=1 lease=0001-01-01T00:00:00Z code= upd=2026-09-30T08:51:09.993467482Z | bd76b7b0 succeeded published att=1 lease=0001-01-01T00:00:00Z code= upd=2026-09-30T08:51:17.352991349Z | 19255434 running recovering att=2 lease=2026-09-30T08:53:30.046944094Z code=dns_peer_enrollment_required upd=2026-09-30T08:53:10.046944094Z
08:53:10.234078345 CHANGE ledger a0cd6b5efce4 -> 605cad73d82e agent=5447/active/ :: 88a85ce2 succeeded published att=1 lease=0001-01-01T00:00:00Z code= upd=2026-09-30T08:51:09.993467482Z | bd76b7b0 succeeded published att=1 lease=0001-01-01T00:00:00Z code= upd=2026-09-30T08:51:17.352991349Z | 19255434 running recovering att=2 lease=2026-09-30T08:53:30.197539346Z code=dns_peer_enrollment_required upd=2026-09-30T08:53:10.197539346Z
08:53:10.390336393 CHANGE ledger 605cad73d82e -> 51df0b000e71 agent=5447/active/ :: 88a85ce2 succeeded published att=1 lease=0001-01-01T00:00:00Z code= upd=2026-09-30T08:51:09.993467482Z | bd76b7b0 succeeded published att=1 lease=0001-01-01T00:00:00Z code= upd=2026-09-30T08:51:17.352991349Z | 19255434 running recovering att=2 lease=2026-09-30T08:53:30.339910028Z code=dns_peer_enrollment_required upd=2026-09-30T08:53:10.339910028Z
08:53:10.547183717 CHANGE ledger 51df0b000e71 -> 142819f13c4c agent=5447/active/ :: 88a85ce2 succeeded published att=1 lease=0001-01-01T00:00:00Z code= upd=2026-09-30T08:51:09.993467482Z | bd76b7b0 succeeded published att=1 lease=0001-01-01T00:00:00Z code= upd=2026-09-30T08:51:17.352991349Z | 19255434 running recovering att=2 lease=2026-09-30T08:53:30.492296898Z code=dns_peer_enrollment_required upd=2026-09-30T08:53:10.492296898Z
08:53:10.694515287 CHANGE ledger 142819f13c4c -> 825d0aaf983e agent=5447/active/ :: 88a85ce2 succeeded published att=1 lease=0001-01-01T00:00:00Z code= upd=2026-09-30T08:51:09.993467482Z | bd76b7b0 succeeded published att=1 lease=0001-01-01T00:00:00Z code= upd=2026-09-30T08:51:17.352991349Z | 19255434 running recovering att=2 lease=2026-09-30T08:53:30.649402549Z code=dns_peer_enrollment_required upd=2026-09-30T08:53:10.649402549Z
08:53:10.845629445 CHANGE ledger 825d0aaf983e -> 8cb4694d9238 agent=5447/active/ :: 88a85ce2 succeeded published att=1 lease=0001-01-01T00:00:00Z code= upd=2026-09-30T08:51:09.993467482Z | bd76b7b0 succeeded published att=1 lease=0001-01-01T00:00:00Z code= upd=2026-09-30T08:51:17.352991349Z | 19255434 running recovering att=2 lease=2026-09-30T08:53:30.807609936Z code=dns_peer_enrollment_required upd=2026-09-30T08:53:10.807609936Z
08:53:10.991574891 CHANGE ledger 8cb4694d9238 -> 9c5bd06bc7ba agent=5447/active/ :: 88a85ce2 succeeded published att=1 lease=0001-01-01T00:00:00Z code= upd=2026-09-30T08:51:09.993467482Z | bd76b7b0 succeeded published att=1 lease=0001-01-01T00:00:00Z code= upd=2026-09-30T08:51:17.352991349Z | 19255434 running recovering att=2 lease=2026-09-30T08:53:30.947540729Z code=dns_peer_enrollment_required upd=2026-09-30T08:53:10.947540729Z
08:53:11.138901583 CHANGE ledger 9c5bd06bc7ba -> fc754a64969d agent=5447/active/ :: 88a85ce2 succeeded published att=1 lease=0001-01-01T00:00:00Z code= upd=2026-09-30T08:51:09.993467482Z | bd76b7b0 succeeded published att=1 lease=0001-01-01T00:00:00Z code= upd=2026-09-30T08:51:17.352991349Z | 19255434 running recovering att=2 lease=2026-09-30T08:53:31.101936021Z code=dns_peer_enrollment_required upd=2026-09-30T08:53:11.101936021Z
08:53:11.288233341 CHANGE ledger fc754a64969d -> 8acaea00ce2b agent=5447/active/ :: 88a85ce2 succeeded published att=1 lease=0001-01-01T00:00:00Z code= upd=2026-09-30T08:51:09.993467482Z | bd76b7b0 succeeded published att=1 lease=0001-01-01T00:00:00Z code= upd=2026-09-30T08:51:17.352991349Z | 19255434 running recovering att=2 lease=2026-09-30T08:53:31.242576286Z code=dns_peer_enrollment_required upd=2026-09-30T08:53:11.242576286Z
08:53:11.435391037 CHANGE ledger 8acaea00ce2b -> b4aad7e8b22e agent=5447/active/ :: 88a85ce2 succeeded published att=1 lease=0001-01-01T00:00:00Z code= upd=2026-09-30T08:51:09.993467482Z | bd76b7b0 succeeded published att=1 lease=0001-01-01T00:00:00Z code= upd=2026-09-30T08:51:17.352991349Z | 19255434 running recovering att=2 lease=2026-09-30T08:53:31.331378772Z code=dns_peer_enrollment_required upd=2026-09-30T08:53:11.331378772Z
08:53:11.798293047 CHANGE ledger b4aad7e8b22e -> e1cda17a931a agent=5447/active/ :: 88a85ce2 succeeded published att=1 lease=0001-01-01T00:00:00Z code= upd=2026-09-30T08:51:09.993467482Z | bd76b7b0 succeeded published att=1 lease=0001-01-01T00:00:00Z code= upd=2026-09-30T08:51:17.352991349Z | 19255434 running recovering att=2 lease=2026-09-30T08:53:31.757924109Z code=dns_peer_enrollment_required upd=2026-09-30T08:53:11.757924109Z
08:53:11.970098938 CHANGE ledger e1cda17a931a -> 827816be6edf agent=5447/active/ :: 88a85ce2 succeeded published att=1 lease=0001-01-01T00:00:00Z code= upd=2026-09-30T08:51:09.993467482Z | bd76b7b0 succeeded published att=1 lease=0001-01-01T00:00:00Z code= upd=2026-09-30T08:51:17.352991349Z | 19255434 running recovering att=2 lease=2026-09-30T08:53:31.914582269Z code=dns_peer_enrollment_required upd=2026-09-30T08:53:11.914582269Z
08:53:12.124891684 CHANGE ledger 827816be6edf -> f1eb5c25d68a agent=5447/active/ :: 88a85ce2 succeeded published att=1 lease=0001-01-01T00:00:00Z code= upd=2026-09-30T08:51:09.993467482Z | bd76b7b0 succeeded published att=1 lease=0001-01-01T00:00:00Z code= upd=2026-09-30T08:51:17.352991349Z | 19255434 running recovering att=2 lease=2026-09-30T08:53:32.078458628Z code=dns_peer_enrollment_required upd=2026-09-30T08:53:12.078458628Z
08:53:12.288214544 CHANGE ledger f1eb5c25d68a -> 4c20a3aa9b08 agent=5447/active/ :: 88a85ce2 succeeded published att=1 lease=0001-01-01T00:00:00Z code= upd=2026-09-30T08:51:09.993467482Z | bd76b7b0 succeeded published att=1 lease=0001-01-01T00:00:00Z code= upd=2026-09-30T08:51:17.352991349Z | 19255434 running recovering att=2 lease=2026-09-30T08:53:32.229677546Z code=dns_peer_enrollment_required upd=2026-09-30T08:53:12.229677546Z
08:53:12.447653370 CHANGE ledger 4c20a3aa9b08 -> f85209418e0b agent=5447/active/ :: 88a85ce2 succeeded published att=1 lease=0001-01-01T00:00:00Z code= upd=2026-09-30T08:51:09.993467482Z | bd76b7b0 succeeded published att=1 lease=0001-01-01T00:00:00Z code= upd=2026-09-30T08:51:17.352991349Z | 19255434 running recovering att=2 lease=2026-09-30T08:53:32.406468593Z code=dns_peer_enrollment_required upd=2026-09-30T08:53:12.406468593Z
08:53:12.619066964 CHANGE ledger f85209418e0b -> c837178e47d1 agent=5447/active/ :: 88a85ce2 succeeded published att=1 lease=0001-01-01T00:00:00Z code= upd=2026-09-30T08:51:09.993467482Z | bd76b7b0 succeeded published att=1 lease=0001-01-01T00:00:00Z code= upd=2026-09-30T08:51:17.352991349Z | 19255434 running recovering att=2 lease=2026-09-30T08:53:32.553911086Z code=dns_peer_enrollment_required upd=2026-09-30T08:53:12.553911086Z
08:53:12.775240837 CHANGE ledger c837178e47d1 -> 59381f17d130 agent=5447/active/ :: 88a85ce2 succeeded published att=1 lease=0001-01-01T00:00:00Z code= upd=2026-09-30T08:51:09.993467482Z | bd76b7b0 succeeded published att=1 lease=0001-01-01T00:00:00Z code= upd=2026-09-30T08:51:17.352991349Z | 19255434 running recovering att=2 lease=2026-09-30T08:53:32.734478134Z code=dns_peer_enrollment_required upd=2026-09-30T08:53:12.734478134Z
08:53:12.932660368 CHANGE ledger 59381f17d130 -> 7a786ea4fe6a agent=5447/active/ :: 88a85ce2 succeeded published att=1 lease=0001-01-01T00:00:00Z code= upd=2026-09-30T08:51:09.993467482Z | bd76b7b0 succeeded published att=1 lease=0001-01-01T00:00:00Z code= upd=2026-09-30T08:51:17.352991349Z | 19255434 running recovering att=2 lease=2026-09-30T08:53:32.876510106Z code=dns_peer_enrollment_required upd=2026-09-30T08:53:12.876510106Z
08:53:13.080663215 CHANGE ledger 7a786ea4fe6a -> 52b4f216edde agent=5447/active/ :: 88a85ce2 succeeded published att=1 lease=0001-01-01T00:00:00Z code= upd=2026-09-30T08:51:09.993467482Z | bd76b7b0 succeeded published att=1 lease=0001-01-01T00:00:00Z code= upd=2026-09-30T08:51:17.352991349Z | 19255434 running recovering att=2 lease=2026-09-30T08:53:33.025822553Z code=dns_peer_enrollment_required upd=2026-09-30T08:53:13.025822553Z
08:53:13.250767235 CHANGE ledger 52b4f216edde -> c119f3010495 agent=5447/active/ :: 88a85ce2 succeeded published att=1 lease=0001-01-01T00:00:00Z code= upd=2026-09-30T08:51:09.993467482Z | bd76b7b0 succeeded published att=1 lease=0001-01-01T00:00:00Z code= upd=2026-09-30T08:51:17.352991349Z | 19255434 running recovering att=2 lease=2026-09-30T08:53:33.193602727Z code=dns_peer_enrollment_required upd=2026-09-30T08:53:13.193602727Z
08:53:13.425526258 CHANGE ledger c119f3010495 -> ae739228cace agent=5447/active/ :: 88a85ce2 succeeded published att=1 lease=0001-01-01T00:00:00Z code= upd=2026-09-30T08:51:09.993467482Z | bd76b7b0 succeeded published att=1 lease=0001-01-01T00:00:00Z code= upd=2026-09-30T08:51:17.352991349Z | 19255434 running recovering att=2 lease=2026-09-30T08:53:33.371306429Z code=dns_peer_enrollment_required upd=2026-09-30T08:53:13.371306429Z
08:53:13.589899369 CHANGE ledger ae739228cace -> a79f88bcf796 agent=5447/active/ :: 88a85ce2 succeeded published att=1 lease=0001-01-01T00:00:00Z code= upd=2026-09-30T08:51:09.993467482Z | bd76b7b0 succeeded published att=1 lease=0001-01-01T00:00:00Z code= upd=2026-09-30T08:51:17.352991349Z | 19255434 running recovering att=2 lease=2026-09-30T08:53:33.535371066Z code=dns_peer_enrollment_required upd=2026-09-30T08:53:13.535371066Z
08:53:13.808812136 CHANGE ledger a79f88bcf796 -> 9627bf5871f7 agent=5447/active/ :: 88a85ce2 succeeded published att=1 lease=0001-01-01T00:00:00Z code= upd=2026-09-30T08:51:09.993467482Z | bd76b7b0 succeeded published att=1 lease=0001-01-01T00:00:00Z code= upd=2026-09-30T08:51:17.352991349Z | 19255434 running recovering att=2 lease=2026-09-30T08:53:33.718738083Z code=dns_peer_enrollment_required upd=2026-09-30T08:53:13.718738083Z
08:53:13.997016433 CHANGE ledger 9627bf5871f7 -> b18ad23c0691 agent=5447/active/ :: 88a85ce2 succeeded published att=1 lease=0001-01-01T00:00:00Z code= upd=2026-09-30T08:51:09.993467482Z | bd76b7b0 succeeded published att=1 lease=0001-01-01T00:00:00Z code= upd=2026-09-30T08:51:17.352991349Z | 19255434 running recovering att=2 lease=2026-09-30T08:53:33.94604524Z code=dns_peer_enrollment_required upd=2026-09-30T08:53:13.94604524Z
08:53:14.220855656 CHANGE ledger b18ad23c0691 -> adc78e8ca9fa agent=5447/active/ :: 88a85ce2 succeeded published att=1 lease=0001-01-01T00:00:00Z code= upd=2026-09-30T08:51:09.993467482Z | bd76b7b0 succeeded published att=1 lease=0001-01-01T00:00:00Z code= upd=2026-09-30T08:51:17.352991349Z | 19255434 running recovering att=2 lease=2026-09-30T08:53:34.107122683Z code=dns_peer_enrollment_required upd=2026-09-30T08:53:14.107122683Z
08:53:14.421614632 CHANGE ledger adc78e8ca9fa -> 1833a5bf6a57 agent=5447/active/ :: 88a85ce2 succeeded published att=1 lease=0001-01-01T00:00:00Z code= upd=2026-09-30T08:51:09.993467482Z | bd76b7b0 succeeded published att=1 lease=0001-01-01T00:00:00Z code= upd=2026-09-30T08:51:17.352991349Z | 19255434 running recovering att=2 lease=2026-09-30T08:53:34.354144538Z code=dns_peer_enrollment_required upd=2026-09-30T08:53:14.354144538Z
08:53:14.588771563 CHANGE ledger 1833a5bf6a57 -> 88581780e254 agent=5447/active/ :: 88a85ce2 succeeded published att=1 lease=0001-01-01T00:00:00Z code= upd=2026-09-30T08:51:09.993467482Z | bd76b7b0 succeeded published att=1 lease=0001-01-01T00:00:00Z code= upd=2026-09-30T08:51:17.352991349Z | 19255434 running recovering att=2 lease=2026-09-30T08:53:34.539399354Z code=dns_peer_enrollment_required upd=2026-09-30T08:53:14.539399354Z
08:53:14.750852640 CHANGE ledger 88581780e254 -> 069ff2bc4cff agent=5447/active/ :: 88a85ce2 succeeded published att=1 lease=0001-01-01T00:00:00Z code= upd=2026-09-30T08:51:09.993467482Z | bd76b7b0 succeeded published att=1 lease=0001-01-01T00:00:00Z code= upd=2026-09-30T08:51:17.352991349Z | 19255434 running recovering att=2 lease=2026-09-30T08:53:34.708615843Z code=dns_peer_enrollment_required upd=2026-09-30T08:53:14.708615843Z
08:53:14.952485006 CHANGE ledger 069ff2bc4cff -> 9905e6b7d76e agent=5447/active/ :: 88a85ce2 succeeded published att=1 lease=0001-01-01T00:00:00Z code= upd=2026-09-30T08:51:09.993467482Z | bd76b7b0 succeeded published att=1 lease=0001-01-01T00:00:00Z code= upd=2026-09-30T08:51:17.352991349Z | 19255434 running recovering att=2 lease=2026-09-30T08:53:34.861341765Z code=dns_peer_enrollment_required upd=2026-09-30T08:53:14.861341765Z
08:53:15.149497583 CHANGE ledger 9905e6b7d76e -> 3a6caaf98492 agent=5447/active/ :: 88a85ce2 succeeded published att=1 lease=0001-01-01T00:00:00Z code= upd=2026-09-30T08:51:09.993467482Z | bd76b7b0 succeeded published att=1 lease=0001-01-01T00:00:00Z code= upd=2026-09-30T08:51:17.352991349Z | 19255434 running recovering att=2 lease=2026-09-30T08:53:35.09112529Z code=dns_peer_enrollment_required upd=2026-09-30T08:53:15.09112529Z
08:53:16.132229845 CHANGE ledger 3a6caaf98492 -> ded9f9686e68 agent=5447/active/ :: 88a85ce2 succeeded published att=1 lease=0001-01-01T00:00:00Z code= upd=2026-09-30T08:51:09.993467482Z | bd76b7b0 succeeded published att=1 lease=0001-01-01T00:00:00Z code= upd=2026-09-30T08:51:17.352991349Z | 19255434 running recovering att=2 lease=2026-09-30T08:53:35.286858842Z code=dns_peer_enrollment_required upd=2026-09-30T08:53:15.286858842Z
08:53:20.050185190 CHANGE ledger ded9f9686e68 -> 28480ecd5c1c agent=5447/active/ :: 88a85ce2 succeeded published att=1 lease=0001-01-01T00:00:00Z code= upd=2026-09-30T08:51:09.993467482Z | bd76b7b0 succeeded published att=1 lease=0001-01-01T00:00:00Z code= upd=2026-09-30T08:51:17.352991349Z | 19255434 running recovering att=2 lease=2026-09-30T08:53:36.753193996Z code=dns_peer_enrollment_required upd=2026-09-30T08:53:16.753193996Z
08:53:20.237020544 CHANGE ledger 28480ecd5c1c -> 6803b9b7f52b agent=5447/active/ :: 88a85ce2 succeeded published att=1 lease=0001-01-01T00:00:00Z code= upd=2026-09-30T08:51:09.993467482Z | bd76b7b0 succeeded published att=1 lease=0001-01-01T00:00:00Z code= upd=2026-09-30T08:51:17.352991349Z | 19255434 running recovering att=2 lease=2026-09-30T08:53:40.186775251Z code=dns_peer_enrollment_required upd=2026-09-30T08:53:20.186775251Z
08:53:20.387968403 CHANGE ledger 6803b9b7f52b -> 057b8c105792 agent=5447/active/ :: 88a85ce2 succeeded published att=1 lease=0001-01-01T00:00:00Z code= upd=2026-09-30T08:51:09.993467482Z | bd76b7b0 succeeded published att=1 lease=0001-01-01T00:00:00Z code= upd=2026-09-30T08:51:17.352991349Z | 19255434 running recovering att=2 lease=2026-09-30T08:53:40.351863963Z code=dns_peer_enrollment_required upd=2026-09-30T08:53:20.351863963Z
08:53:20.553756541 CHANGE ledger 057b8c105792 -> 3827bd5d8cbc agent=5447/active/ :: 88a85ce2 succeeded published att=1 lease=0001-01-01T00:00:00Z code= upd=2026-09-30T08:51:09.993467482Z | bd76b7b0 succeeded published att=1 lease=0001-01-01T00:00:00Z code= upd=2026-09-30T08:51:17.352991349Z | 19255434 running recovering att=2 lease=2026-09-30T08:53:40.504883454Z code=dns_peer_enrollment_required upd=2026-09-30T08:53:20.504883454Z
08:53:20.703920614 CHANGE ledger 3827bd5d8cbc -> 5812fd3d149e agent=5447/active/ :: 88a85ce2 succeeded published att=1 lease=0001-01-01T00:00:00Z code= upd=2026-09-30T08:51:09.993467482Z | bd76b7b0 succeeded published att=1 lease=0001-01-01T00:00:00Z code= upd=2026-09-30T08:51:17.352991349Z | 19255434 running recovering att=2 lease=2026-09-30T08:53:40.669979602Z code=dns_peer_enrollment_required upd=2026-09-30T08:53:20.669979602Z
08:53:20.860188559 CHANGE ledger 5812fd3d149e -> 34414ac08322 agent=5447/active/ :: 88a85ce2 succeeded published att=1 lease=0001-01-01T00:00:00Z code= upd=2026-09-30T08:51:09.993467482Z | bd76b7b0 succeeded published att=1 lease=0001-01-01T00:00:00Z code= upd=2026-09-30T08:51:17.352991349Z | 19255434 running recovering att=2 lease=2026-09-30T08:53:40.818390708Z code=dns_peer_enrollment_required upd=2026-09-30T08:53:20.818390708Z
08:53:21.014132757 CHANGE ledger 34414ac08322 -> 59db0704fe67 agent=5447/active/ :: 88a85ce2 succeeded published att=1 lease=0001-01-01T00:00:00Z code= upd=2026-09-30T08:51:09.993467482Z | bd76b7b0 succeeded published att=1 lease=0001-01-01T00:00:00Z code= upd=2026-09-30T08:51:17.352991349Z | 19255434 running recovering att=2 lease=2026-09-30T08:53:40.96245878Z code=dns_peer_enrollment_required upd=2026-09-30T08:53:20.96245878Z
08:53:21.178985194 CHANGE ledger 59db0704fe67 -> b3a6793ddf09 agent=5447/active/ :: 88a85ce2 succeeded published att=1 lease=0001-01-01T00:00:00Z code= upd=2026-09-30T08:51:09.993467482Z | bd76b7b0 succeeded published att=1 lease=0001-01-01T00:00:00Z code= upd=2026-09-30T08:51:17.352991349Z | 19255434 running recovering att=2 lease=2026-09-30T08:53:41.1241517Z code=dns_peer_enrollment_required upd=2026-09-30T08:53:21.1241517Z
08:53:21.329994025 CHANGE ledger b3a6793ddf09 -> 59dc307db4bf agent=5447/active/ :: 88a85ce2 succeeded published att=1 lease=0001-01-01T00:00:00Z code= upd=2026-09-30T08:51:09.993467482Z | bd76b7b0 succeeded published att=1 lease=0001-01-01T00:00:00Z code= upd=2026-09-30T08:51:17.352991349Z | 19255434 running recovering att=2 lease=2026-09-30T08:53:41.283476858Z code=dns_peer_enrollment_required upd=2026-09-30T08:53:21.283476858Z
08:53:21.492789823 CHANGE ledger 59dc307db4bf -> 188790001f00 agent=5447/active/ :: 88a85ce2 succeeded published att=1 lease=0001-01-01T00:00:00Z code= upd=2026-09-30T08:51:09.993467482Z | bd76b7b0 succeeded published att=1 lease=0001-01-01T00:00:00Z code= upd=2026-09-30T08:51:17.352991349Z | 19255434 running recovering att=2 lease=2026-09-30T08:53:41.436404578Z code=dns_peer_enrollment_required upd=2026-09-30T08:53:21.436404578Z
08:53:21.641216298 CHANGE ledger 188790001f00 -> 82c0e3f58c44 agent=5447/active/ :: 88a85ce2 succeeded published att=1 lease=0001-01-01T00:00:00Z code= upd=2026-09-30T08:51:09.993467482Z | bd76b7b0 succeeded published att=1 lease=0001-01-01T00:00:00Z code= upd=2026-09-30T08:51:17.352991349Z | 19255434 running recovering att=2 lease=2026-09-30T08:53:41.602384306Z code=dns_peer_enrollment_required upd=2026-09-30T08:53:21.602384306Z
08:53:21.789854575 CHANGE ledger 82c0e3f58c44 -> 6ab01e4e53b3 agent=5447/active/ :: 88a85ce2 succeeded published att=1 lease=0001-01-01T00:00:00Z code= upd=2026-09-30T08:51:09.993467482Z | bd76b7b0 succeeded published att=1 lease=0001-01-01T00:00:00Z code= upd=2026-09-30T08:51:17.352991349Z | 19255434 running recovering att=2 lease=2026-09-30T08:53:41.740527264Z code=dns_peer_enrollment_required upd=2026-09-30T08:53:21.740527264Z
08:53:21.941127133 CHANGE ledger 6ab01e4e53b3 -> 569e0098b863 agent=5447/active/ :: 88a85ce2 succeeded published att=1 lease=0001-01-01T00:00:00Z code= upd=2026-09-30T08:51:09.993467482Z | bd76b7b0 succeeded published att=1 lease=0001-01-01T00:00:00Z code= upd=2026-09-30T08:51:17.352991349Z | 19255434 running recovering att=2 lease=2026-09-30T08:53:41.896266045Z code=dns_peer_enrollment_required upd=2026-09-30T08:53:21.896266045Z
08:53:22.106410458 CHANGE ledger 569e0098b863 -> aacc753436c9 agent=5447/active/ :: 88a85ce2 succeeded published att=1 lease=0001-01-01T00:00:00Z code= upd=2026-09-30T08:51:09.993467482Z | bd76b7b0 succeeded published att=1 lease=0001-01-01T00:00:00Z code= upd=2026-09-30T08:51:17.352991349Z | 19255434 running recovering att=2 lease=2026-09-30T08:53:42.052795639Z code=dns_peer_enrollment_required upd=2026-09-30T08:53:22.052795639Z
08:53:22.254870499 CHANGE ledger aacc753436c9 -> 2322c0b264cf agent=5447/active/ :: 88a85ce2 succeeded published att=1 lease=0001-01-01T00:00:00Z code= upd=2026-09-30T08:51:09.993467482Z | bd76b7b0 succeeded published att=1 lease=0001-01-01T00:00:00Z code= upd=2026-09-30T08:51:17.352991349Z | 19255434 running recovering att=2 lease=2026-09-30T08:53:42.205281882Z code=dns_peer_enrollment_required upd=2026-09-30T08:53:22.205281882Z
08:53:22.415376760 CHANGE ledger 2322c0b264cf -> 2fb1725d1091 agent=5447/active/ :: 88a85ce2 succeeded published att=1 lease=0001-01-01T00:00:00Z code= upd=2026-09-30T08:51:09.993467482Z | bd76b7b0 succeeded published att=1 lease=0001-01-01T00:00:00Z code= upd=2026-09-30T08:51:17.352991349Z | 19255434 running recovering att=2 lease=2026-09-30T08:53:42.372549222Z code=dns_peer_enrollment_required upd=2026-09-30T08:53:22.372549222Z
08:53:22.565887270 CHANGE ledger 2fb1725d1091 -> d1e2e85fa1a4 agent=5447/active/ :: 88a85ce2 succeeded published att=1 lease=0001-01-01T00:00:00Z code= upd=2026-09-30T08:51:09.993467482Z | bd76b7b0 succeeded published att=1 lease=0001-01-01T00:00:00Z code= upd=2026-09-30T08:51:17.352991349Z | 19255434 running recovering att=2 lease=2026-09-30T08:53:42.528659185Z code=dns_peer_enrollment_required upd=2026-09-30T08:53:22.528659185Z
08:53:22.726034150 CHANGE ledger d1e2e85fa1a4 -> 4f2a81d0ca44 agent=5447/active/ :: 88a85ce2 succeeded published att=1 lease=0001-01-01T00:00:00Z code= upd=2026-09-30T08:51:09.993467482Z | bd76b7b0 succeeded published att=1 lease=0001-01-01T00:00:00Z code= upd=2026-09-30T08:51:17.352991349Z | 19255434 running recovering att=2 lease=2026-09-30T08:53:42.667847319Z code=dns_peer_enrollment_required upd=2026-09-30T08:53:22.667847319Z
08:53:22.885181297 CHANGE ledger 4f2a81d0ca44 -> b9205b61e698 agent=5447/active/ :: 88a85ce2 succeeded published att=1 lease=0001-01-01T00:00:00Z code= upd=2026-09-30T08:51:09.993467482Z | bd76b7b0 succeeded published att=1 lease=0001-01-01T00:00:00Z code= upd=2026-09-30T08:51:17.352991349Z | 19255434 running recovering att=2 lease=2026-09-30T08:53:42.840086506Z code=dns_peer_enrollment_required upd=2026-09-30T08:53:22.840086506Z
08:53:23.064534319 CHANGE ledger b9205b61e698 -> 40e09e647e2c agent=5447/active/ :: 88a85ce2 succeeded published att=1 lease=0001-01-01T00:00:00Z code= upd=2026-09-30T08:51:09.993467482Z | bd76b7b0 succeeded published att=1 lease=0001-01-01T00:00:00Z code= upd=2026-09-30T08:51:17.352991349Z | 19255434 running recovering att=2 lease=2026-09-30T08:53:42.993127323Z code=dns_peer_enrollment_required upd=2026-09-30T08:53:22.993127323Z
08:53:23.211493356 CHANGE ledger 40e09e647e2c -> 792d5deb6cf9 agent=5447/active/ :: 88a85ce2 succeeded published att=1 lease=0001-01-01T00:00:00Z code= upd=2026-09-30T08:51:09.993467482Z | bd76b7b0 succeeded published att=1 lease=0001-01-01T00:00:00Z code= upd=2026-09-30T08:51:17.352991349Z | 19255434 running recovering att=2 lease=2026-09-30T08:53:43.165723447Z code=dns_peer_enrollment_required upd=2026-09-30T08:53:23.165723447Z
08:53:23.373076526 CHANGE ledger 792d5deb6cf9 -> 97fa5717d916 agent=5447/active/ :: 88a85ce2 succeeded published att=1 lease=0001-01-01T00:00:00Z code= upd=2026-09-30T08:51:09.993467482Z | bd76b7b0 succeeded published att=1 lease=0001-01-01T00:00:00Z code= upd=2026-09-30T08:51:17.352991349Z | 19255434 running recovering att=2 lease=2026-09-30T08:53:43.332053972Z code=dns_peer_enrollment_required upd=2026-09-30T08:53:23.332053972Z
08:53:23.532563981 CHANGE ledger 97fa5717d916 -> 810736322667 agent=5447/active/ :: 88a85ce2 succeeded published att=1 lease=0001-01-01T00:00:00Z code= upd=2026-09-30T08:51:09.993467482Z | bd76b7b0 succeeded published att=1 lease=0001-01-01T00:00:00Z code= upd=2026-09-30T08:51:17.352991349Z | 19255434 running recovering att=2 lease=2026-09-30T08:53:43.494346725Z code=dns_peer_enrollment_required upd=2026-09-30T08:53:23.494346725Z
08:53:23.737106891 CHANGE ledger 810736322667 -> 889c897c52fc agent=5447/active/ :: 88a85ce2 succeeded published att=1 lease=0001-01-01T00:00:00Z code= upd=2026-09-30T08:51:09.993467482Z | bd76b7b0 succeeded published att=1 lease=0001-01-01T00:00:00Z code= upd=2026-09-30T08:51:17.352991349Z | 19255434 running recovering att=2 lease=2026-09-30T08:53:43.638191229Z code=dns_peer_enrollment_required upd=2026-09-30T08:53:23.638191229Z
08:53:23.903318587 CHANGE ledger 889c897c52fc -> feba6ac0a14a agent=5447/active/ :: 88a85ce2 succeeded published att=1 lease=0001-01-01T00:00:00Z code= upd=2026-09-30T08:51:09.993467482Z | bd76b7b0 succeeded published att=1 lease=0001-01-01T00:00:00Z code= upd=2026-09-30T08:51:17.352991349Z | 19255434 running recovering att=2 lease=2026-09-30T08:53:43.854996093Z code=dns_peer_enrollment_required upd=2026-09-30T08:53:23.854996093Z
08:53:24.069000754 CHANGE ledger feba6ac0a14a -> 0455efdfa269 agent=5447/active/ :: 88a85ce2 succeeded published att=1 lease=0001-01-01T00:00:00Z code= upd=2026-09-30T08:51:09.993467482Z | bd76b7b0 succeeded published att=1 lease=0001-01-01T00:00:00Z code= upd=2026-09-30T08:51:17.352991349Z | 19255434 running recovering att=2 lease=2026-09-30T08:53:44.011266752Z code=dns_peer_enrollment_required upd=2026-09-30T08:53:24.011266752Z
08:53:24.225305992 CHANGE ledger 0455efdfa269 -> 20b9f8657d8b agent=5447/active/ :: 88a85ce2 succeeded published att=1 lease=0001-01-01T00:00:00Z code= upd=2026-09-30T08:51:09.993467482Z | bd76b7b0 succeeded published att=1 lease=0001-01-01T00:00:00Z code= upd=2026-09-30T08:51:17.352991349Z | 19255434 running recovering att=2 lease=2026-09-30T08:53:44.180633642Z code=dns_peer_enrollment_required upd=2026-09-30T08:53:24.180633642Z
08:53:24.372979434 CHANGE ledger 20b9f8657d8b -> 91dc8e020bf4 agent=5447/active/ :: 88a85ce2 succeeded published att=1 lease=0001-01-01T00:00:00Z code= upd=2026-09-30T08:51:09.993467482Z | bd76b7b0 succeeded published att=1 lease=0001-01-01T00:00:00Z code= upd=2026-09-30T08:51:17.352991349Z | 19255434 running recovering att=2 lease=2026-09-30T08:53:44.271918299Z code=dns_peer_enrollment_required upd=2026-09-30T08:53:24.271918299Z
08:53:25.133438536 CHANGE ledger 91dc8e020bf4 -> fcd5c5b9454c agent=5447/active/ :: 88a85ce2 succeeded published att=1 lease=0001-01-01T00:00:00Z code= upd=2026-09-30T08:51:09.993467482Z | bd76b7b0 succeeded published att=1 lease=0001-01-01T00:00:00Z code= upd=2026-09-30T08:51:17.352991349Z | 19255434 running recovering att=2 lease=2026-09-30T08:53:45.068243685Z code=dns_peer_enrollment_required upd=2026-09-30T08:53:25.068243685Z
08:53:25.312640259 CHANGE ledger fcd5c5b9454c -> 47b595a5ea45 agent=5447/active/ :: 88a85ce2 succeeded published att=1 lease=0001-01-01T00:00:00Z code= upd=2026-09-30T08:51:09.993467482Z | bd76b7b0 succeeded published att=1 lease=0001-01-01T00:00:00Z code= upd=2026-09-30T08:51:17.352991349Z | 19255434 running recovering att=2 lease=2026-09-30T08:53:45.256752344Z code=dns_peer_enrollment_required upd=2026-09-30T08:53:25.256752344Z
08:53:25.492013048 CHANGE ledger 47b595a5ea45 -> e44d4141f306 agent=5447/active/ :: 88a85ce2 succeeded published att=1 lease=0001-01-01T00:00:00Z code= upd=2026-09-30T08:51:09.993467482Z | bd76b7b0 succeeded published att=1 lease=0001-01-01T00:00:00Z code= upd=2026-09-30T08:51:17.352991349Z | 19255434 running recovering att=2 lease=2026-09-30T08:53:45.428744563Z code=dns_peer_enrollment_required upd=2026-09-30T08:53:25.428744563Z
08:53:25.660105393 CHANGE ledger e44d4141f306 -> f8c5413998f3 agent=5447/active/ :: 88a85ce2 succeeded published att=1 lease=0001-01-01T00:00:00Z code= upd=2026-09-30T08:51:09.993467482Z | bd76b7b0 succeeded published att=1 lease=0001-01-01T00:00:00Z code= upd=2026-09-30T08:51:17.352991349Z | 19255434 running recovering att=2 lease=2026-09-30T08:53:45.611957549Z code=dns_peer_enrollment_required upd=2026-09-30T08:53:25.611957549Z
08:53:25.888862544 CHANGE ledger f8c5413998f3 -> 47e70cf44092 agent=5447/active/ :: 88a85ce2 succeeded published att=1 lease=0001-01-01T00:00:00Z code= upd=2026-09-30T08:51:09.993467482Z | bd76b7b0 succeeded published att=1 lease=0001-01-01T00:00:00Z code= upd=2026-09-30T08:51:17.352991349Z | 19255434 running recovering att=2 lease=2026-09-30T08:53:45.76256329Z code=dns_peer_enrollment_required upd=2026-09-30T08:53:25.76256329Z
08:53:26.058759182 CHANGE ledger 47e70cf44092 -> f69c295e9ded agent=5447/active/ :: 88a85ce2 succeeded published att=1 lease=0001-01-01T00:00:00Z code= upd=2026-09-30T08:51:09.993467482Z | bd76b7b0 succeeded published att=1 lease=0001-01-01T00:00:00Z code= upd=2026-09-30T08:51:17.352991349Z | 19255434 running recovering att=2 lease=2026-09-30T08:53:46.009258838Z code=dns_peer_enrollment_required upd=2026-09-30T08:53:26.009258838Z
08:53:26.257186782 CHANGE ledger f69c295e9ded -> 063d4015ea07 agent=5447/active/ :: 88a85ce2 succeeded published att=1 lease=0001-01-01T00:00:00Z code= upd=2026-09-30T08:51:09.993467482Z | bd76b7b0 succeeded published att=1 lease=0001-01-01T00:00:00Z code= upd=2026-09-30T08:51:17.352991349Z | 19255434 running recovering att=2 lease=2026-09-30T08:53:46.146625401Z code=dns_peer_enrollment_required upd=2026-09-30T08:53:26.146625401Z
08:53:26.425115288 CHANGE ledger 063d4015ea07 -> 382cb7674214 agent=5447/active/ :: 88a85ce2 succeeded published att=1 lease=0001-01-01T00:00:00Z code= upd=2026-09-30T08:51:09.993467482Z | bd76b7b0 succeeded published att=1 lease=0001-01-01T00:00:00Z code= upd=2026-09-30T08:51:17.352991349Z | 19255434 running recovering att=2 lease=2026-09-30T08:53:46.365276078Z code=dns_peer_enrollment_required upd=2026-09-30T08:53:26.365276078Z
08:53:26.604652587 CHANGE ledger 382cb7674214 -> 2a9474b78686 agent=5447/active/ :: 88a85ce2 succeeded published att=1 lease=0001-01-01T00:00:00Z code= upd=2026-09-30T08:51:09.993467482Z | bd76b7b0 succeeded published att=1 lease=0001-01-01T00:00:00Z code= upd=2026-09-30T08:51:17.352991349Z | 19255434 running recovering att=2 lease=2026-09-30T08:53:46.537851077Z code=dns_peer_enrollment_required upd=2026-09-30T08:53:26.537851077Z
08:53:26.764423661 CHANGE ledger 2a9474b78686 -> 23c823964ade agent=5447/active/ :: 88a85ce2 succeeded published att=1 lease=0001-01-01T00:00:00Z code= upd=2026-09-30T08:51:09.993467482Z | bd76b7b0 succeeded published att=1 lease=0001-01-01T00:00:00Z code= upd=2026-09-30T08:51:17.352991349Z | 19255434 running recovering att=2 lease=2026-09-30T08:53:46.711771222Z code=dns_peer_enrollment_required upd=2026-09-30T08:53:26.711771222Z
08:53:26.912260327 CHANGE ledger 23c823964ade -> 6fb8c4e53938 agent=5447/active/ :: 88a85ce2 succeeded published att=1 lease=0001-01-01T00:00:00Z code= upd=2026-09-30T08:51:09.993467482Z | bd76b7b0 succeeded published att=1 lease=0001-01-01T00:00:00Z code= upd=2026-09-30T08:51:17.352991349Z | 19255434 running recovering att=2 lease=2026-09-30T08:53:46.784910878Z code=dns_peer_enrollment_required upd=2026-09-30T08:53:26.784910878Z
08:53:27.303949103 CHANGE ledger 6fb8c4e53938 -> e917ee34d308 agent=5447/active/ :: 88a85ce2 succeeded published att=1 lease=0001-01-01T00:00:00Z code= upd=2026-09-30T08:51:09.993467482Z | bd76b7b0 succeeded published att=1 lease=0001-01-01T00:00:00Z code= upd=2026-09-30T08:51:17.352991349Z | 19255434 running recovering att=2 lease=2026-09-30T08:53:47.253848576Z code=dns_peer_enrollment_required upd=2026-09-30T08:53:27.253848576Z
08:53:27.473555057 CHANGE ledger e917ee34d308 -> a2c527a87f95 agent=5447/active/ :: 88a85ce2 succeeded published att=1 lease=0001-01-01T00:00:00Z code= upd=2026-09-30T08:51:09.993467482Z | bd76b7b0 succeeded published att=1 lease=0001-01-01T00:00:00Z code= upd=2026-09-30T08:51:17.352991349Z | 19255434 running recovering att=2 lease=2026-09-30T08:53:47.421446645Z code=dns_peer_enrollment_required upd=2026-09-30T08:53:27.421446645Z
08:53:27.670733078 CHANGE ledger a2c527a87f95 -> b38cb3c5d1f1 agent=5447/active/ :: 88a85ce2 succeeded published att=1 lease=0001-01-01T00:00:00Z code= upd=2026-09-30T08:51:09.993467482Z | bd76b7b0 succeeded published att=1 lease=0001-01-01T00:00:00Z code= upd=2026-09-30T08:51:17.352991349Z | 19255434 running recovering att=2 lease=2026-09-30T08:53:47.563595972Z code=dns_peer_enrollment_required upd=2026-09-30T08:53:27.563595972Z
08:53:27.835576627 CHANGE ledger b38cb3c5d1f1 -> db603e6a828d agent=5447/active/ :: 88a85ce2 succeeded published att=1 lease=0001-01-01T00:00:00Z code= upd=2026-09-30T08:51:09.993467482Z | bd76b7b0 succeeded published att=1 lease=0001-01-01T00:00:00Z code= upd=2026-09-30T08:51:17.352991349Z | 19255434 running recovering att=2 lease=2026-09-30T08:53:47.789016289Z code=dns_peer_enrollment_required upd=2026-09-30T08:53:27.789016289Z
08:53:28.028252190 CHANGE ledger db603e6a828d -> 30dbc03d2207 agent=5447/active/ :: 88a85ce2 succeeded published att=1 lease=0001-01-01T00:00:00Z code= upd=2026-09-30T08:51:09.993467482Z | bd76b7b0 succeeded published att=1 lease=0001-01-01T00:00:00Z code= upd=2026-09-30T08:51:17.352991349Z | 19255434 running recovering att=2 lease=2026-09-30T08:53:47.94590496Z code=dns_peer_enrollment_required upd=2026-09-30T08:53:27.94590496Z
08:53:28.201391764 CHANGE ledger 30dbc03d2207 -> b4453accc97b agent=5447/active/ :: 88a85ce2 succeeded published att=1 lease=0001-01-01T00:00:00Z code= upd=2026-09-30T08:51:09.993467482Z | bd76b7b0 succeeded published att=1 lease=0001-01-01T00:00:00Z code= upd=2026-09-30T08:51:17.352991349Z | 19255434 running recovering att=2 lease=2026-09-30T08:53:48.152121432Z code=dns_peer_enrollment_required upd=2026-09-30T08:53:28.152121432Z
08:53:28.381522298 CHANGE ledger b4453accc97b -> 5b2f463b8a47 agent=5447/active/ :: 88a85ce2 succeeded published att=1 lease=0001-01-01T00:00:00Z code= upd=2026-09-30T08:51:09.993467482Z | bd76b7b0 succeeded published att=1 lease=0001-01-01T00:00:00Z code= upd=2026-09-30T08:51:17.352991349Z | 19255434 running recovering att=2 lease=2026-09-30T08:53:48.301526537Z code=dns_peer_enrollment_required upd=2026-09-30T08:53:28.301526537Z
08:53:28.541797635 CHANGE ledger 5b2f463b8a47 -> 41194b925e65 agent=5447/active/ :: 88a85ce2 succeeded published att=1 lease=0001-01-01T00:00:00Z code= upd=2026-09-30T08:51:09.993467482Z | bd76b7b0 succeeded published att=1 lease=0001-01-01T00:00:00Z code= upd=2026-09-30T08:51:17.352991349Z | 19255434 running recovering att=2 lease=2026-09-30T08:53:48.491137123Z code=dns_peer_enrollment_required upd=2026-09-30T08:53:28.491137123Z
08:53:28.714875453 CHANGE ledger 41194b925e65 -> 6284f619b6e2 agent=5447/active/ :: 88a85ce2 succeeded published att=1 lease=0001-01-01T00:00:00Z code= upd=2026-09-30T08:51:09.993467482Z | bd76b7b0 succeeded published att=1 lease=0001-01-01T00:00:00Z code= upd=2026-09-30T08:51:17.352991349Z | 19255434 running recovering att=2 lease=2026-09-30T08:53:48.644492851Z code=dns_peer_enrollment_required upd=2026-09-30T08:53:28.644492851Z
08:53:28.884463182 CHANGE ledger 6284f619b6e2 -> 162cbab4c50c agent=5447/active/ :: 88a85ce2 succeeded published att=1 lease=0001-01-01T00:00:00Z code= upd=2026-09-30T08:51:09.993467482Z | bd76b7b0 succeeded published att=1 lease=0001-01-01T00:00:00Z code= upd=2026-09-30T08:51:17.352991349Z | 19255434 running recovering att=2 lease=2026-09-30T08:53:48.825787229Z code=dns_peer_enrollment_required upd=2026-09-30T08:53:28.825787229Z
08:53:29.055060110 CHANGE ledger 162cbab4c50c -> 8fbed3613cfe agent=5447/active/ :: 88a85ce2 succeeded published att=1 lease=0001-01-01T00:00:00Z code= upd=2026-09-30T08:51:09.993467482Z | bd76b7b0 succeeded published att=1 lease=0001-01-01T00:00:00Z code= upd=2026-09-30T08:51:17.352991349Z | 19255434 running recovering att=2 lease=2026-09-30T08:53:49.004409569Z code=dns_peer_enrollment_required upd=2026-09-30T08:53:29.004409569Z
08:53:29.204401832 CHANGE ledger 8fbed3613cfe -> 670b8ebef27c agent=5447/active/ :: 88a85ce2 succeeded published att=1 lease=0001-01-01T00:00:00Z code= upd=2026-09-30T08:51:09.993467482Z | bd76b7b0 succeeded published att=1 lease=0001-01-01T00:00:00Z code= upd=2026-09-30T08:51:17.352991349Z | 19255434 running recovering att=2 lease=2026-09-30T08:53:49.165059373Z code=dns_peer_enrollment_required upd=2026-09-30T08:53:29.165059373Z
08:53:29.371315778 CHANGE ledger 670b8ebef27c -> 2b5fe0876bbc agent=5447/active/ :: 88a85ce2 succeeded published att=1 lease=0001-01-01T00:00:00Z code= upd=2026-09-30T08:51:09.993467482Z | bd76b7b0 succeeded published att=1 lease=0001-01-01T00:00:00Z code= upd=2026-09-30T08:51:17.352991349Z | 19255434 running recovering att=2 lease=2026-09-30T08:53:49.305921764Z code=dns_peer_enrollment_required upd=2026-09-30T08:53:29.305921764Z
08:53:29.522017275 CHANGE ledger 2b5fe0876bbc -> 8852233243f4 agent=5447/active/ :: 88a85ce2 succeeded published att=1 lease=0001-01-01T00:00:00Z code= upd=2026-09-30T08:51:09.993467482Z | bd76b7b0 succeeded published att=1 lease=0001-01-01T00:00:00Z code= upd=2026-09-30T08:51:17.352991349Z | 19255434 running recovering att=2 lease=2026-09-30T08:53:49.490259885Z code=dns_peer_enrollment_required upd=2026-09-30T08:53:29.490259885Z
08:53:29.686361467 CHANGE ledger 8852233243f4 -> acf19d338f07 agent=5447/active/ :: 88a85ce2 succeeded published att=1 lease=0001-01-01T00:00:00Z code= upd=2026-09-30T08:51:09.993467482Z | bd76b7b0 succeeded published att=1 lease=0001-01-01T00:00:00Z code= upd=2026-09-30T08:51:17.352991349Z | 19255434 running recovering att=2 lease=2026-09-30T08:53:49.631288079Z code=dns_peer_enrollment_required upd=2026-09-30T08:53:29.631288079Z
08:53:29.833224870 CHANGE ledger acf19d338f07 -> 33f2cec820a6 agent=5447/active/ :: 88a85ce2 succeeded published att=1 lease=0001-01-01T00:00:00Z code= upd=2026-09-30T08:51:09.993467482Z | bd76b7b0 succeeded published att=1 lease=0001-01-01T00:00:00Z code= upd=2026-09-30T08:51:17.352991349Z | 19255434 running recovering att=2 lease=2026-09-30T08:53:49.794746835Z code=dns_peer_enrollment_required upd=2026-09-30T08:53:29.794746835Z
08:53:29.982908064 CHANGE ledger 33f2cec820a6 -> ea03f2488ddf agent=5447/active/ :: 88a85ce2 succeeded published att=1 lease=0001-01-01T00:00:00Z code= upd=2026-09-30T08:51:09.993467482Z | bd76b7b0 succeeded published att=1 lease=0001-01-01T00:00:00Z code= upd=2026-09-30T08:51:17.352991349Z | 19255434 running recovering att=2 lease=2026-09-30T08:53:49.933049317Z code=dns_peer_enrollment_required upd=2026-09-30T08:53:29.933049317Z
08:53:30.128149261 CHANGE ledger ea03f2488ddf -> 758d2f1900f2 agent=5447/active/ :: 88a85ce2 succeeded published att=1 lease=0001-01-01T00:00:00Z code= upd=2026-09-30T08:51:09.993467482Z | bd76b7b0 succeeded published att=1 lease=0001-01-01T00:00:00Z code= upd=2026-09-30T08:51:17.352991349Z | 19255434 running recovering att=2 lease=2026-09-30T08:53:50.079248781Z code=dns_peer_enrollment_required upd=2026-09-30T08:53:30.079248781Z
08:53:30.273855292 CHANGE ledger 758d2f1900f2 -> 8003b5a020c5 agent=5447/active/ :: 88a85ce2 succeeded published att=1 lease=0001-01-01T00:00:00Z code= upd=2026-09-30T08:51:09.993467482Z | bd76b7b0 succeeded published att=1 lease=0001-01-01T00:00:00Z code= upd=2026-09-30T08:51:17.352991349Z | 19255434 running recovering att=2 lease=2026-09-30T08:53:50.228994279Z code=dns_peer_enrollment_required upd=2026-09-30T08:53:30.228994279Z
08:53:30.419048939 CHANGE ledger 8003b5a020c5 -> d893c96c222c agent=5447/active/ :: 88a85ce2 succeeded published att=1 lease=0001-01-01T00:00:00Z code= upd=2026-09-30T08:51:09.993467482Z | bd76b7b0 succeeded published att=1 lease=0001-01-01T00:00:00Z code= upd=2026-09-30T08:51:17.352991349Z | 19255434 running recovering att=2 lease=2026-09-30T08:53:50.378006604Z code=dns_peer_enrollment_required upd=2026-09-30T08:53:30.378006604Z
08:53:30.569911691 CHANGE ledger d893c96c222c -> 63f3e7b6d2bd agent=5447/active/ :: 88a85ce2 succeeded published att=1 lease=0001-01-01T00:00:00Z code= upd=2026-09-30T08:51:09.993467482Z | bd76b7b0 succeeded published att=1 lease=0001-01-01T00:00:00Z code= upd=2026-09-30T08:51:17.352991349Z | 19255434 running recovering att=2 lease=2026-09-30T08:53:50.523529614Z code=dns_peer_enrollment_required upd=2026-09-30T08:53:30.523529614Z
08:53:30.718782884 CHANGE ledger 63f3e7b6d2bd -> e060bfb93b13 agent=5447/active/ :: 88a85ce2 succeeded published att=1 lease=0001-01-01T00:00:00Z code= upd=2026-09-30T08:51:09.993467482Z | bd76b7b0 succeeded published att=1 lease=0001-01-01T00:00:00Z code= upd=2026-09-30T08:51:17.352991349Z | 19255434 running recovering att=2 lease=2026-09-30T08:53:50.670876563Z code=dns_peer_enrollment_required upd=2026-09-30T08:53:30.670876563Z
08:53:30.868979790 CHANGE ledger e060bfb93b13 -> e97f74698101 agent=5447/active/ :: 88a85ce2 succeeded published att=1 lease=0001-01-01T00:00:00Z code= upd=2026-09-30T08:51:09.993467482Z | bd76b7b0 succeeded published att=1 lease=0001-01-01T00:00:00Z code= upd=2026-09-30T08:51:17.352991349Z | 19255434 running recovering att=2 lease=2026-09-30T08:53:50.826898327Z code=dns_peer_enrollment_required upd=2026-09-30T08:53:30.826898327Z
08:53:31.023074210 CHANGE ledger e97f74698101 -> 0fc97bd31f83 agent=5447/active/ :: 88a85ce2 succeeded published att=1 lease=0001-01-01T00:00:00Z code= upd=2026-09-30T08:51:09.993467482Z | bd76b7b0 succeeded published att=1 lease=0001-01-01T00:00:00Z code= upd=2026-09-30T08:51:17.352991349Z | 19255434 running recovering att=2 lease=2026-09-30T08:53:50.973974413Z code=dns_peer_enrollment_required upd=2026-09-30T08:53:30.973974413Z
08:53:31.173850635 CHANGE ledger 0fc97bd31f83 -> 0c64979ce720 agent=5447/active/ :: 88a85ce2 succeeded published att=1 lease=0001-01-01T00:00:00Z code= upd=2026-09-30T08:51:09.993467482Z | bd76b7b0 succeeded published att=1 lease=0001-01-01T00:00:00Z code= upd=2026-09-30T08:51:17.352991349Z | 19255434 running recovering att=2 lease=2026-09-30T08:53:51.132844322Z code=dns_peer_enrollment_required upd=2026-09-30T08:53:31.132844322Z
08:53:31.348295272 CHANGE ledger 0c64979ce720 -> ddd8872c2c97 agent=5447/active/ :: 88a85ce2 succeeded published att=1 lease=0001-01-01T00:00:00Z code= upd=2026-09-30T08:51:09.993467482Z | bd76b7b0 succeeded published att=1 lease=0001-01-01T00:00:00Z code= upd=2026-09-30T08:51:17.352991349Z | 19255434 running recovering att=2 lease=2026-09-30T08:53:51.296175194Z code=dns_peer_enrollment_required upd=2026-09-30T08:53:31.296175194Z
08:53:31.491610722 CHANGE ledger ddd8872c2c97 -> 4134ea8cd25e agent=5447/active/ :: 88a85ce2 succeeded published att=1 lease=0001-01-01T00:00:00Z code= upd=2026-09-30T08:51:09.993467482Z | bd76b7b0 succeeded published att=1 lease=0001-01-01T00:00:00Z code= upd=2026-09-30T08:51:17.352991349Z | 19255434 running recovering att=2 lease=2026-09-30T08:53:51.457504232Z code=dns_peer_enrollment_required upd=2026-09-30T08:53:31.457504232Z
08:53:31.643334162 CHANGE ledger 4134ea8cd25e -> e1536a2216be agent=5447/active/ :: 88a85ce2 succeeded published att=1 lease=0001-01-01T00:00:00Z code= upd=2026-09-30T08:51:09.993467482Z | bd76b7b0 succeeded published att=1 lease=0001-01-01T00:00:00Z code= upd=2026-09-30T08:51:17.352991349Z | 19255434 running recovering att=2 lease=2026-09-30T08:53:51.596990519Z code=dns_peer_enrollment_required upd=2026-09-30T08:53:31.596990519Z
08:53:31.791599026 CHANGE ledger e1536a2216be -> 96d113a6ac3a agent=5447/active/ :: 88a85ce2 succeeded published att=1 lease=0001-01-01T00:00:00Z code= upd=2026-09-30T08:51:09.993467482Z | bd76b7b0 succeeded published att=1 lease=0001-01-01T00:00:00Z code= upd=2026-09-30T08:51:17.352991349Z | 19255434 running recovering att=2 lease=2026-09-30T08:53:51.738363377Z code=dns_peer_enrollment_required upd=2026-09-30T08:53:31.738363377Z
08:53:31.946581728 CHANGE ledger 96d113a6ac3a -> 48c36a6c7c81 agent=5447/active/ :: 88a85ce2 succeeded published att=1 lease=0001-01-01T00:00:00Z code= upd=2026-09-30T08:51:09.993467482Z | bd76b7b0 succeeded published att=1 lease=0001-01-01T00:00:00Z code= upd=2026-09-30T08:51:17.352991349Z | 19255434 running recovering att=2 lease=2026-09-30T08:53:51.890267217Z code=dns_peer_enrollment_required upd=2026-09-30T08:53:31.890267217Z
08:53:32.087670058 CHANGE ledger 48c36a6c7c81 -> 63f31c63b674 agent=5447/active/ :: 88a85ce2 succeeded published att=1 lease=0001-01-01T00:00:00Z code= upd=2026-09-30T08:51:09.993467482Z | bd76b7b0 succeeded published att=1 lease=0001-01-01T00:00:00Z code= upd=2026-09-30T08:51:17.352991349Z | 19255434 running recovering att=2 lease=2026-09-30T08:53:52.054194644Z code=dns_peer_enrollment_required upd=2026-09-30T08:53:32.054194644Z
08:53:32.255419671 CHANGE ledger 63f31c63b674 -> bdf471fb2f8d agent=5447/active/ :: 88a85ce2 succeeded published att=1 lease=0001-01-01T00:00:00Z code= upd=2026-09-30T08:51:09.993467482Z | bd76b7b0 succeeded published att=1 lease=0001-01-01T00:00:00Z code= upd=2026-09-30T08:51:17.352991349Z | 19255434 running recovering att=2 lease=2026-09-30T08:53:52.196797553Z code=dns_peer_enrollment_required upd=2026-09-30T08:53:32.196797553Z
08:53:32.404072103 CHANGE ledger bdf471fb2f8d -> 9d2f700eada0 agent=5447/active/ :: 88a85ce2 succeeded published att=1 lease=0001-01-01T00:00:00Z code= upd=2026-09-30T08:51:09.993467482Z | bd76b7b0 succeeded published att=1 lease=0001-01-01T00:00:00Z code= upd=2026-09-30T08:51:17.352991349Z | 19255434 running recovering att=2 lease=2026-09-30T08:53:52.362720945Z code=dns_peer_enrollment_required upd=2026-09-30T08:53:32.362720945Z
08:53:32.551384973 CHANGE ledger 9d2f700eada0 -> eee213b65538 agent=5447/active/ :: 88a85ce2 succeeded published att=1 lease=0001-01-01T00:00:00Z code= upd=2026-09-30T08:51:09.993467482Z | bd76b7b0 succeeded published att=1 lease=0001-01-01T00:00:00Z code= upd=2026-09-30T08:51:17.352991349Z | 19255434 running recovering att=2 lease=2026-09-30T08:53:52.511916208Z code=dns_peer_enrollment_required upd=2026-09-30T08:53:32.511916208Z
08:53:32.699848666 CHANGE ledger eee213b65538 -> 4002bb7563f3 agent=5447/active/ :: 88a85ce2 succeeded published att=1 lease=0001-01-01T00:00:00Z code= upd=2026-09-30T08:51:09.993467482Z | bd76b7b0 succeeded published att=1 lease=0001-01-01T00:00:00Z code= upd=2026-09-30T08:51:17.352991349Z | 19255434 running recovering att=2 lease=2026-09-30T08:53:52.663766176Z code=dns_peer_enrollment_required upd=2026-09-30T08:53:32.663766176Z
08:53:32.864602536 CHANGE ledger 4002bb7563f3 -> b45d5df21467 agent=5447/active/ :: 88a85ce2 succeeded published att=1 lease=0001-01-01T00:00:00Z code= upd=2026-09-30T08:51:09.993467482Z | bd76b7b0 succeeded published att=1 lease=0001-01-01T00:00:00Z code= upd=2026-09-30T08:51:17.352991349Z | 19255434 running recovering att=2 lease=2026-09-30T08:53:52.807786485Z code=dns_peer_enrollment_required upd=2026-09-30T08:53:32.807786485Z
08:53:33.008378886 CHANGE ledger b45d5df21467 -> c84db9521450 agent=5447/active/ :: 88a85ce2 succeeded published att=1 lease=0001-01-01T00:00:00Z code= upd=2026-09-30T08:51:09.993467482Z | bd76b7b0 succeeded published att=1 lease=0001-01-01T00:00:00Z code= upd=2026-09-30T08:51:17.352991349Z | 19255434 running recovering att=2 lease=2026-09-30T08:53:52.96230566Z code=dns_peer_enrollment_required upd=2026-09-30T08:53:32.96230566Z
08:53:33.160429855 CHANGE ledger c84db9521450 -> a0bfcf3ee184 agent=5447/active/ :: 88a85ce2 succeeded published att=1 lease=0001-01-01T00:00:00Z code= upd=2026-09-30T08:51:09.993467482Z | bd76b7b0 succeeded published att=1 lease=0001-01-01T00:00:00Z code= upd=2026-09-30T08:51:17.352991349Z | 19255434 running recovering att=2 lease=2026-09-30T08:53:53.105516057Z code=dns_peer_enrollment_required upd=2026-09-30T08:53:33.105516057Z
08:53:33.307824386 CHANGE ledger a0bfcf3ee184 -> b74370afc10c agent=5447/active/ :: 88a85ce2 succeeded published att=1 lease=0001-01-01T00:00:00Z code= upd=2026-09-30T08:51:09.993467482Z | bd76b7b0 succeeded published att=1 lease=0001-01-01T00:00:00Z code= upd=2026-09-30T08:51:17.352991349Z | 19255434 running recovering att=2 lease=2026-09-30T08:53:53.276855415Z code=dns_peer_enrollment_required upd=2026-09-30T08:53:33.276855415Z
08:53:33.458089528 CHANGE ledger b74370afc10c -> a4382acc4982 agent=5447/active/ :: 88a85ce2 succeeded published att=1 lease=0001-01-01T00:00:00Z code= upd=2026-09-30T08:51:09.993467482Z | bd76b7b0 succeeded published att=1 lease=0001-01-01T00:00:00Z code= upd=2026-09-30T08:51:17.352991349Z | 19255434 running recovering att=2 lease=2026-09-30T08:53:53.421647525Z code=dns_peer_enrollment_required upd=2026-09-30T08:53:33.421647525Z
08:53:33.605146532 CHANGE ledger a4382acc4982 -> 795b2b5b9b1a agent=5447/active/ :: 88a85ce2 succeeded published att=1 lease=0001-01-01T00:00:00Z code= upd=2026-09-30T08:51:09.993467482Z | bd76b7b0 succeeded published att=1 lease=0001-01-01T00:00:00Z code= upd=2026-09-30T08:51:17.352991349Z | 19255434 running recovering att=2 lease=2026-09-30T08:53:53.566876144Z code=dns_peer_enrollment_required upd=2026-09-30T08:53:33.566876144Z
08:53:33.745277289 CHANGE ledger 795b2b5b9b1a -> 301a63059802 agent=5447/active/ :: 88a85ce2 succeeded published att=1 lease=0001-01-01T00:00:00Z code= upd=2026-09-30T08:51:09.993467482Z | bd76b7b0 succeeded published att=1 lease=0001-01-01T00:00:00Z code= upd=2026-09-30T08:51:17.352991349Z | 19255434 running recovering att=2 lease=2026-09-30T08:53:53.698597372Z code=dns_peer_enrollment_required upd=2026-09-30T08:53:33.698597372Z
08:53:33.885641268 CHANGE ledger 301a63059802 -> 7b568b80544b agent=5447/active/ :: 88a85ce2 succeeded published att=1 lease=0001-01-01T00:00:00Z code= upd=2026-09-30T08:51:09.993467482Z | bd76b7b0 succeeded published att=1 lease=0001-01-01T00:00:00Z code= upd=2026-09-30T08:51:17.352991349Z | 19255434 running recovering att=2 lease=2026-09-30T08:53:53.848189816Z code=dns_peer_enrollment_required upd=2026-09-30T08:53:33.848189816Z
08:53:34.038482151 CHANGE ledger 7b568b80544b -> d49c093b1b96 agent=5447/active/ :: 88a85ce2 succeeded published att=1 lease=0001-01-01T00:00:00Z code= upd=2026-09-30T08:51:09.993467482Z | bd76b7b0 succeeded published att=1 lease=0001-01-01T00:00:00Z code= upd=2026-09-30T08:51:17.352991349Z | 19255434 running recovering att=2 lease=2026-09-30T08:53:53.999678798Z code=dns_peer_enrollment_required upd=2026-09-30T08:53:33.999678798Z
08:53:34.187746160 CHANGE ledger d49c093b1b96 -> bcca0ffef06a agent=5447/active/ :: 88a85ce2 succeeded published att=1 lease=0001-01-01T00:00:00Z code= upd=2026-09-30T08:51:09.993467482Z | bd76b7b0 succeeded published att=1 lease=0001-01-01T00:00:00Z code= upd=2026-09-30T08:51:17.352991349Z | 19255434 running recovering att=2 lease=2026-09-30T08:53:54.136721058Z code=dns_peer_enrollment_required upd=2026-09-30T08:53:34.136721058Z
08:53:34.334725404 CHANGE ledger bcca0ffef06a -> a7eb9a3c35cf agent=5447/active/ :: 88a85ce2 succeeded published att=1 lease=0001-01-01T00:00:00Z code= upd=2026-09-30T08:51:09.993467482Z | bd76b7b0 succeeded published att=1 lease=0001-01-01T00:00:00Z code= upd=2026-09-30T08:51:17.352991349Z | 19255434 running recovering att=2 lease=2026-09-30T08:53:54.288948501Z code=dns_peer_enrollment_required upd=2026-09-30T08:53:34.288948501Z
08:53:34.498016029 CHANGE ledger a7eb9a3c35cf -> d6018e33dd4e agent=5447/active/ :: 88a85ce2 succeeded published att=1 lease=0001-01-01T00:00:00Z code= upd=2026-09-30T08:51:09.993467482Z | bd76b7b0 succeeded published att=1 lease=0001-01-01T00:00:00Z code= upd=2026-09-30T08:51:17.352991349Z | 19255434 running recovering att=2 lease=2026-09-30T08:53:54.451957103Z code=dns_peer_enrollment_required upd=2026-09-30T08:53:34.451957103Z
08:53:34.646938935 CHANGE ledger d6018e33dd4e -> 446b5a15fa57 agent=5447/active/ :: 88a85ce2 succeeded published att=1 lease=0001-01-01T00:00:00Z code= upd=2026-09-30T08:51:09.993467482Z | bd76b7b0 succeeded published att=1 lease=0001-01-01T00:00:00Z code= upd=2026-09-30T08:51:17.352991349Z | 19255434 running recovering att=2 lease=2026-09-30T08:53:54.606418386Z code=dns_peer_enrollment_required upd=2026-09-30T08:53:34.606418386Z
08:53:34.797798729 CHANGE ledger 446b5a15fa57 -> 09733693e266 agent=5447/active/ :: 88a85ce2 succeeded published att=1 lease=0001-01-01T00:00:00Z code= upd=2026-09-30T08:51:09.993467482Z | bd76b7b0 succeeded published att=1 lease=0001-01-01T00:00:00Z code= upd=2026-09-30T08:51:17.352991349Z | 19255434 running recovering att=2 lease=2026-09-30T08:53:54.742462866Z code=dns_peer_enrollment_required upd=2026-09-30T08:53:34.742462866Z
08:53:34.953701288 CHANGE ledger 09733693e266 -> f8e415fbdd83 agent=5447/active/ :: 88a85ce2 succeeded published att=1 lease=0001-01-01T00:00:00Z code= upd=2026-09-30T08:51:09.993467482Z | bd76b7b0 succeeded published att=1 lease=0001-01-01T00:00:00Z code= upd=2026-09-30T08:51:17.352991349Z | 19255434 running recovering att=2 lease=2026-09-30T08:53:54.911519031Z code=dns_peer_enrollment_required upd=2026-09-30T08:53:34.911519031Z
08:53:35.101083687 CHANGE ledger f8e415fbdd83 -> 79b97f2af80a agent=5447/active/ :: 88a85ce2 succeeded published att=1 lease=0001-01-01T00:00:00Z code= upd=2026-09-30T08:51:09.993467482Z | bd76b7b0 succeeded published att=1 lease=0001-01-01T00:00:00Z code= upd=2026-09-30T08:51:17.352991349Z | 19255434 running recovering att=2 lease=2026-09-30T08:53:55.050766867Z code=dns_peer_enrollment_required upd=2026-09-30T08:53:35.050766867Z
08:53:35.246564300 CHANGE ledger 79b97f2af80a -> d936d975fdc6 agent=5447/active/ :: 88a85ce2 succeeded published att=1 lease=0001-01-01T00:00:00Z code= upd=2026-09-30T08:51:09.993467482Z | bd76b7b0 succeeded published att=1 lease=0001-01-01T00:00:00Z code= upd=2026-09-30T08:51:17.352991349Z | 19255434 running recovering att=2 lease=2026-09-30T08:53:55.208884381Z code=dns_peer_enrollment_required upd=2026-09-30T08:53:35.208884381Z
08:53:35.398774681 CHANGE ledger d936d975fdc6 -> 2e26b0c8cf50 agent=5447/active/ :: 88a85ce2 succeeded published att=1 lease=0001-01-01T00:00:00Z code= upd=2026-09-30T08:51:09.993467482Z | bd76b7b0 succeeded published att=1 lease=0001-01-01T00:00:00Z code= upd=2026-09-30T08:51:17.352991349Z | 19255434 running recovering att=2 lease=2026-09-30T08:53:55.361509668Z code=dns_peer_enrollment_required upd=2026-09-30T08:53:35.361509668Z
08:53:35.541991990 CHANGE ledger 2e26b0c8cf50 -> 6463199ef96c agent=5447/active/ :: 88a85ce2 succeeded published att=1 lease=0001-01-01T00:00:00Z code= upd=2026-09-30T08:51:09.993467482Z | bd76b7b0 succeeded published att=1 lease=0001-01-01T00:00:00Z code= upd=2026-09-30T08:51:17.352991349Z | 19255434 running recovering att=2 lease=2026-09-30T08:53:55.50321419Z code=dns_peer_enrollment_required upd=2026-09-30T08:53:35.50321419Z
08:53:35.687805375 CHANGE ledger 6463199ef96c -> 9f3afea89835 agent=5447/active/ :: 88a85ce2 succeeded published att=1 lease=0001-01-01T00:00:00Z code= upd=2026-09-30T08:51:09.993467482Z | bd76b7b0 succeeded published att=1 lease=0001-01-01T00:00:00Z code= upd=2026-09-30T08:51:17.352991349Z | 19255434 running recovering att=2 lease=2026-09-30T08:53:55.648091232Z code=dns_peer_enrollment_required upd=2026-09-30T08:53:35.648091232Z
08:53:35.835381466 CHANGE ledger 9f3afea89835 -> b860e0f2ec91 agent=5447/active/ :: 88a85ce2 succeeded published att=1 lease=0001-01-01T00:00:00Z code= upd=2026-09-30T08:51:09.993467482Z | bd76b7b0 succeeded published att=1 lease=0001-01-01T00:00:00Z code= upd=2026-09-30T08:51:17.352991349Z | 19255434 running recovering att=2 lease=2026-09-30T08:53:55.794132497Z code=dns_peer_enrollment_required upd=2026-09-30T08:53:35.794132497Z
08:53:35.979588820 CHANGE ledger b860e0f2ec91 -> 3fa56fe937c2 agent=5447/active/ :: 88a85ce2 succeeded published att=1 lease=0001-01-01T00:00:00Z code= upd=2026-09-30T08:51:09.993467482Z | bd76b7b0 succeeded published att=1 lease=0001-01-01T00:00:00Z code= upd=2026-09-30T08:51:17.352991349Z | 19255434 succeeded published att=2 lease=0001-01-01T00:00:00Z code= upd=2026-09-30T08:53:35.893968354Z
08:53:37.941746261 CHANGE ledger 3fa56fe937c2 -> cde74ebf29d8 agent=5447/active/ :: 88a85ce2 succeeded published att=1 lease=0001-01-01T00:00:00Z code= upd=2026-09-30T08:51:09.993467482Z | bd76b7b0 succeeded published att=1 lease=0001-01-01T00:00:00Z code= upd=2026-09-30T08:51:17.352991349Z | 19255434 succeeded published att=2 lease=0001-01-01T00:00:00Z code= upd=2026-09-30T08:53:35.893968354Z | 03bc01af running leased att=1 lease=2026-09-30T08:53:57.897004861Z code= upd=2026-09-30T08:53:37.897004861Z
08:53:38.093652396 CHANGE ledger cde74ebf29d8 -> e5513e75c5d2 agent=5447/active/ :: 88a85ce2 succeeded published att=1 lease=0001-01-01T00:00:00Z code= upd=2026-09-30T08:51:09.993467482Z | bd76b7b0 succeeded published att=1 lease=0001-01-01T00:00:00Z code= upd=2026-09-30T08:51:17.352991349Z | 19255434 succeeded published att=2 lease=0001-01-01T00:00:00Z code= upd=2026-09-30T08:53:35.893968354Z | 03bc01af running leased att=1 lease=2026-09-30T08:53:58.050689564Z code= upd=2026-09-30T08:53:38.050689564Z
08:53:38.246090450 CHANGE ledger e5513e75c5d2 -> 82d9d94bf627 agent=5447/active/ :: 88a85ce2 succeeded published att=1 lease=0001-01-01T00:00:00Z code= upd=2026-09-30T08:51:09.993467482Z | bd76b7b0 succeeded published att=1 lease=0001-01-01T00:00:00Z code= upd=2026-09-30T08:51:17.352991349Z | 19255434 succeeded published att=2 lease=0001-01-01T00:00:00Z code= upd=2026-09-30T08:53:35.893968354Z | 03bc01af running leased att=1 lease=2026-09-30T08:53:58.203142294Z code= upd=2026-09-30T08:53:38.203142294Z
08:53:38.394104551 CHANGE ledger 82d9d94bf627 -> c322f3224d3e agent=5447/active/ :: 88a85ce2 succeeded published att=1 lease=0001-01-01T00:00:00Z code= upd=2026-09-30T08:51:09.993467482Z | bd76b7b0 succeeded published att=1 lease=0001-01-01T00:00:00Z code= upd=2026-09-30T08:51:17.352991349Z | 19255434 succeeded published att=2 lease=0001-01-01T00:00:00Z code= upd=2026-09-30T08:53:35.893968354Z | 03bc01af running leased att=1 lease=2026-09-30T08:53:58.355515768Z code= upd=2026-09-30T08:53:38.355515768Z
08:53:38.545548363 CHANGE ledger c322f3224d3e -> a182cd59d4f4 agent=5447/active/ :: 88a85ce2 succeeded published att=1 lease=0001-01-01T00:00:00Z code= upd=2026-09-30T08:51:09.993467482Z | bd76b7b0 succeeded published att=1 lease=0001-01-01T00:00:00Z code= upd=2026-09-30T08:51:17.352991349Z | 19255434 succeeded published att=2 lease=0001-01-01T00:00:00Z code= upd=2026-09-30T08:53:35.893968354Z | 03bc01af running leased att=1 lease=2026-09-30T08:53:58.4911258Z code= upd=2026-09-30T08:53:38.4911258Z
08:53:38.688620958 CHANGE ledger a182cd59d4f4 -> 4785fc4157b2 agent=5447/active/ :: 88a85ce2 succeeded published att=1 lease=0001-01-01T00:00:00Z code= upd=2026-09-30T08:51:09.993467482Z | bd76b7b0 succeeded published att=1 lease=0001-01-01T00:00:00Z code= upd=2026-09-30T08:51:17.352991349Z | 19255434 succeeded published att=2 lease=0001-01-01T00:00:00Z code= upd=2026-09-30T08:53:35.893968354Z | 03bc01af running leased att=1 lease=2026-09-30T08:53:58.646096703Z code= upd=2026-09-30T08:53:38.646096703Z
08:53:38.848089751 CHANGE ledger 4785fc4157b2 -> 035e173e39b6 agent=5447/active/ :: 88a85ce2 succeeded published att=1 lease=0001-01-01T00:00:00Z code= upd=2026-09-30T08:51:09.993467482Z | bd76b7b0 succeeded published att=1 lease=0001-01-01T00:00:00Z code= upd=2026-09-30T08:51:17.352991349Z | 19255434 succeeded published att=2 lease=0001-01-01T00:00:00Z code= upd=2026-09-30T08:53:35.893968354Z | 03bc01af running leased att=1 lease=2026-09-30T08:53:58.798003006Z code= upd=2026-09-30T08:53:38.798003006Z
08:53:38.994125798 CHANGE ledger 035e173e39b6 -> 52fdf16907d5 agent=5447/active/ :: 88a85ce2 succeeded published att=1 lease=0001-01-01T00:00:00Z code= upd=2026-09-30T08:51:09.993467482Z | bd76b7b0 succeeded published att=1 lease=0001-01-01T00:00:00Z code= upd=2026-09-30T08:51:17.352991349Z | 19255434 succeeded published att=2 lease=0001-01-01T00:00:00Z code= upd=2026-09-30T08:53:35.893968354Z | 03bc01af running leased att=1 lease=2026-09-30T08:53:58.953896422Z code= upd=2026-09-30T08:53:38.953896422Z
08:53:39.154829678 CHANGE ledger 52fdf16907d5 -> 3d96aa69a7cb agent=5447/active/ :: 88a85ce2 succeeded published att=1 lease=0001-01-01T00:00:00Z code= upd=2026-09-30T08:51:09.993467482Z | bd76b7b0 succeeded published att=1 lease=0001-01-01T00:00:00Z code= upd=2026-09-30T08:51:17.352991349Z | 19255434 succeeded published att=2 lease=0001-01-01T00:00:00Z code= upd=2026-09-30T08:53:35.893968354Z | 03bc01af running leased att=1 lease=2026-09-30T08:53:59.120462028Z code= upd=2026-09-30T08:53:39.120462028Z
08:53:39.298361322 CHANGE ledger 3d96aa69a7cb -> 53d439b19d4f agent=5447/active/ :: 88a85ce2 succeeded published att=1 lease=0001-01-01T00:00:00Z code= upd=2026-09-30T08:51:09.993467482Z | bd76b7b0 succeeded published att=1 lease=0001-01-01T00:00:00Z code= upd=2026-09-30T08:51:17.352991349Z | 19255434 succeeded published att=2 lease=0001-01-01T00:00:00Z code= upd=2026-09-30T08:53:35.893968354Z | 03bc01af running applied att=1 lease=2026-09-30T08:53:59.260579173Z code= upd=2026-09-30T08:53:39.260579173Z
08:53:39.457519292 CHANGE ledger 53d439b19d4f -> c04c3402e66b agent=5447/active/ :: 88a85ce2 succeeded published att=1 lease=0001-01-01T00:00:00Z code= upd=2026-09-30T08:51:09.993467482Z | bd76b7b0 succeeded published att=1 lease=0001-01-01T00:00:00Z code= upd=2026-09-30T08:51:17.352991349Z | 19255434 succeeded published att=2 lease=0001-01-01T00:00:00Z code= upd=2026-09-30T08:53:35.893968354Z | 03bc01af running applied att=1 lease=2026-09-30T08:53:59.408871878Z code= upd=2026-09-30T08:53:39.408871878Z
08:53:39.606345773 CHANGE ledger c04c3402e66b -> c42a05ed0c35 agent=5447/active/ :: 88a85ce2 succeeded published att=1 lease=0001-01-01T00:00:00Z code= upd=2026-09-30T08:51:09.993467482Z | bd76b7b0 succeeded published att=1 lease=0001-01-01T00:00:00Z code= upd=2026-09-30T08:51:17.352991349Z | 19255434 succeeded published att=2 lease=0001-01-01T00:00:00Z code= upd=2026-09-30T08:53:35.893968354Z | 03bc01af running applied att=1 lease=2026-09-30T08:53:59.571173614Z code= upd=2026-09-30T08:53:39.571173614Z
08:53:39.759029710 CHANGE ledger c42a05ed0c35 -> ec15804c07e0 agent=5447/active/ :: 88a85ce2 succeeded published att=1 lease=0001-01-01T00:00:00Z code= upd=2026-09-30T08:51:09.993467482Z | bd76b7b0 succeeded published att=1 lease=0001-01-01T00:00:00Z code= upd=2026-09-30T08:51:17.352991349Z | 19255434 succeeded published att=2 lease=0001-01-01T00:00:00Z code= upd=2026-09-30T08:53:35.893968354Z | 03bc01af running applied att=1 lease=2026-09-30T08:53:59.709991628Z code= upd=2026-09-30T08:53:39.709991628Z
08:53:39.911675663 CHANGE ledger ec15804c07e0 -> 287d844edd48 agent=5447/active/ :: 88a85ce2 succeeded published att=1 lease=0001-01-01T00:00:00Z code= upd=2026-09-30T08:51:09.993467482Z | bd76b7b0 succeeded published att=1 lease=0001-01-01T00:00:00Z code= upd=2026-09-30T08:51:17.352991349Z | 19255434 succeeded published att=2 lease=0001-01-01T00:00:00Z code= upd=2026-09-30T08:53:35.893968354Z | 03bc01af running applied att=1 lease=2026-09-30T08:53:59.870851716Z code= upd=2026-09-30T08:53:39.870851716Z
08:53:40.095579956 CHANGE ledger 287d844edd48 -> 26d7757ec9d8 agent=5447/active/ :: 88a85ce2 succeeded published att=1 lease=0001-01-01T00:00:00Z code= upd=2026-09-30T08:51:09.993467482Z | bd76b7b0 succeeded published att=1 lease=0001-01-01T00:00:00Z code= upd=2026-09-30T08:51:17.352991349Z | 19255434 succeeded published att=2 lease=0001-01-01T00:00:00Z code= upd=2026-09-30T08:53:35.893968354Z | 03bc01af running applied att=1 lease=2026-09-30T08:54:00.019319432Z code= upd=2026-09-30T08:53:40.019319432Z
08:53:40.242096839 CHANGE ledger 26d7757ec9d8 -> b2392819e624 agent=5447/active/ :: 88a85ce2 succeeded published att=1 lease=0001-01-01T00:00:00Z code= upd=2026-09-30T08:51:09.993467482Z | bd76b7b0 succeeded published att=1 lease=0001-01-01T00:00:00Z code= upd=2026-09-30T08:51:17.352991349Z | 19255434 succeeded published att=2 lease=0001-01-01T00:00:00Z code= upd=2026-09-30T08:53:35.893968354Z | 03bc01af running applied att=1 lease=2026-09-30T08:54:00.201693216Z code= upd=2026-09-30T08:53:40.201693216Z
08:53:40.419413698 CHANGE ledger b2392819e624 -> 8d3ffadf97a0 agent=5447/active/ :: 88a85ce2 succeeded published att=1 lease=0001-01-01T00:00:00Z code= upd=2026-09-30T08:51:09.993467482Z | bd76b7b0 succeeded published att=1 lease=0001-01-01T00:00:00Z code= upd=2026-09-30T08:51:17.352991349Z | 19255434 succeeded published att=2 lease=0001-01-01T00:00:00Z code= upd=2026-09-30T08:53:35.893968354Z | 03bc01af running applied att=1 lease=2026-09-30T08:54:00.370362479Z code= upd=2026-09-30T08:53:40.370362479Z
08:53:40.571490554 CHANGE ledger 8d3ffadf97a0 -> c43178f74428 agent=5447/active/ :: 88a85ce2 succeeded published att=1 lease=0001-01-01T00:00:00Z code= upd=2026-09-30T08:51:09.993467482Z | bd76b7b0 succeeded published att=1 lease=0001-01-01T00:00:00Z code= upd=2026-09-30T08:51:17.352991349Z | 19255434 succeeded published att=2 lease=0001-01-01T00:00:00Z code= upd=2026-09-30T08:53:35.893968354Z | 03bc01af running applied att=1 lease=2026-09-30T08:54:00.531682211Z code= upd=2026-09-30T08:53:40.531682211Z
08:53:40.715458539 CHANGE ledger c43178f74428 -> 6e4e016ead91 agent=5447/active/ :: 88a85ce2 succeeded published att=1 lease=0001-01-01T00:00:00Z code= upd=2026-09-30T08:51:09.993467482Z | bd76b7b0 succeeded published att=1 lease=0001-01-01T00:00:00Z code= upd=2026-09-30T08:51:17.352991349Z | 19255434 succeeded published att=2 lease=0001-01-01T00:00:00Z code= upd=2026-09-30T08:53:35.893968354Z | 03bc01af running applied att=1 lease=2026-09-30T08:54:00.62143115Z code= upd=2026-09-30T08:53:40.62143115Z
08:53:41.074044486 CHANGE ledger 6e4e016ead91 -> 462c0058fb46 agent=5447/active/ :: 88a85ce2 succeeded published att=1 lease=0001-01-01T00:00:00Z code= upd=2026-09-30T08:51:09.993467482Z | bd76b7b0 succeeded published att=1 lease=0001-01-01T00:00:00Z code= upd=2026-09-30T08:51:17.352991349Z | 19255434 succeeded published att=2 lease=0001-01-01T00:00:00Z code= upd=2026-09-30T08:53:35.893968354Z | 03bc01af succeeded published att=1 lease=0001-01-01T00:00:00Z code= upd=2026-09-30T08:53:40.94209723Z
