09:33:11.484511190 CHANGE journal none -> absent
09:33:11.502329725 CHANGE ledger none -> dabfd246226297e756629e084f88f5bdb0207826a07799e2c093943096e4c093
09:33:11.522232129 CHANGE state none -> 2b38b3427b9deb269254ff2f005d9eae84f38b3f5189e3b4fa8f1541ac78a416
09:33:11.524270752 pdns=3074/0/active/running/ named=0/inactive/dead/ agent=0/inactive/ jphase=absent killpid=
09:33:11.847249160 pdns=3074/0/active/running/ named=0/inactive/dead/ agent=0/inactive/ jphase=absent killpid=
09:33:12.157902554 CHANGE ledger dabfd246226297e756629e084f88f5bdb0207826a07799e2c093943096e4c093 -> 6925e7a0bc909fe8ad6c2a21839416532feab89093e909bd076c38d824c2ad14
09:33:12.165130382 pdns=3074/0/active/running/ named=0/inactive/dead/ agent=0/inactive/ jphase=absent killpid=3855,3917,
09:33:12.467893515 CHANGE ledger 6925e7a0bc909fe8ad6c2a21839416532feab89093e909bd076c38d824c2ad14 -> 8b5fab1aa3c44959cd50c46fefa3cfa0cb9f76d9d9fa0760ee01ccb1c4d8382a
09:33:12.474561494 pdns=3074/0/active/running/ named=0/inactive/dead/ agent=0/inactive/ jphase=absent killpid=3855,
09:33:12.763411955 CHANGE ledger 8b5fab1aa3c44959cd50c46fefa3cfa0cb9f76d9d9fa0760ee01ccb1c4d8382a -> c914d746b0d79d763e21558089c1c501c7a8fc3b616ffa29774302e2557d8088
09:33:12.769128598 pdns=3074/0/active/running/ named=0/inactive/dead/ agent=0/inactive/ jphase=absent killpid=3855,
09:33:13.075113427 CHANGE ledger c914d746b0d79d763e21558089c1c501c7a8fc3b616ffa29774302e2557d8088 -> acb5a296a41f50534b90043a062e4c777d7d402b4ff9d1f8c3d334add87d8374
09:33:13.081085544 pdns=3074/0/active/running/ named=0/inactive/dead/ agent=0/inactive/ jphase=absent killpid=3855,
09:33:13.396102701 CHANGE ledger acb5a296a41f50534b90043a062e4c777d7d402b4ff9d1f8c3d334add87d8374 -> 6954373ebf5d9762ebacfe1ba9328d60354227e5d72fecc907d44dd1eaa07043
09:33:13.403961031 pdns=3074/0/active/running/ named=0/inactive/dead/ agent=0/inactive/ jphase=absent killpid=3855,
09:33:13.727240693 CHANGE ledger 6954373ebf5d9762ebacfe1ba9328d60354227e5d72fecc907d44dd1eaa07043 -> c64ebf1fe74a115cc6c16ef44d3f4d2ea5a6efc84b965f463eb7aec4c036b48e
09:33:13.736337612 pdns=3074/0/active/running/ named=0/inactive/dead/ agent=0/inactive/ jphase=absent killpid=3855,4412,
09:33:14.281045213 CHANGE ledger c64ebf1fe74a115cc6c16ef44d3f4d2ea5a6efc84b965f463eb7aec4c036b48e -> 1214575779e87e5073974d97c0753366ae6ce7f38706b2e8c2208e4de6079c1d
09:33:14.288797521 pdns=3074/0/active/running/ named=0/inactive/dead/ agent=0/inactive/ jphase=absent killpid=3855,4498,
09:33:14.601885858 CHANGE ledger 1214575779e87e5073974d97c0753366ae6ce7f38706b2e8c2208e4de6079c1d -> bb87782263e2f083f3a74aed3882e03b4a86f13bf6958daa22f081576fc01ff0
09:33:14.609070933 pdns=3074/0/active/running/ named=0/inactive/dead/ agent=0/inactive/ jphase=absent killpid=3855,4498,
09:33:14.917432983 pdns=3074/0/active/running/ named=0/inactive/dead/ agent=0/inactive/ jphase=absent killpid=3855,4498,
09:33:15.213555448 pdns=3074/0/active/running/ named=0/inactive/dead/ agent=0/inactive/ jphase=absent killpid=3855,4498,
09:33:15.514179833 pdns=3074/0/active/running/ named=0/inactive/dead/ agent=0/inactive/ jphase=absent killpid=3855,4498,
09:33:15.809788488 pdns=3074/0/active/running/ named=0/inactive/dead/ agent=0/inactive/ jphase=absent killpid=3855,4498,
09:33:16.107888206 pdns=3074/0/active/running/ named=0/inactive/dead/ agent=0/inactive/ jphase=absent killpid=3855,4498,
09:33:16.416331683 pdns=3074/0/active/running/ named=0/inactive/dead/ agent=0/inactive/ jphase=absent killpid=3855,4498,
09:33:16.733223219 pdns=3074/0/active/running/ named=0/inactive/dead/ agent=0/inactive/ jphase=absent killpid=3855,4498,
09:33:17.027005899 pdns=3074/0/active/running/ named=0/inactive/dead/ agent=0/inactive/ jphase=absent killpid=3855,4498,
09:33:17.453523991 CHANGE ledger bb87782263e2f083f3a74aed3882e03b4a86f13bf6958daa22f081576fc01ff0 -> 20319e2afe5b80e7b2f8dca44f2541774472bc776a25c96f9ce0f17834e329bf
09:33:17.460346857 pdns=3074/0/active/running/ named=0/inactive/dead/ agent=0/inactive/ jphase=absent killpid=3855,4498,
09:33:17.800346211 pdns=3074/0/active/running/ named=0/inactive/dead/ agent=0/inactive/ jphase=absent killpid=3855,4498,
09:33:18.183594507 pdns=3074/0/active/running/ named=0/inactive/dead/ agent=0/inactive/ jphase=absent killpid=3855,4498,
09:33:18.479840354 pdns=3074/0/active/running/ named=0/inactive/dead/ agent=0/inactive/ jphase=absent killpid=3855,4498,
09:33:18.789298079 pdns=3074/0/active/running/ named=0/inactive/dead/ agent=0/inactive/ jphase=absent killpid=3855,4498,
09:33:19.095296934 pdns=3074/0/active/running/ named=0/inactive/dead/ agent=0/inactive/ jphase=absent killpid=3855,4498,
09:33:19.411540258 CHANGE ledger 20319e2afe5b80e7b2f8dca44f2541774472bc776a25c96f9ce0f17834e329bf -> d9572f16961ccc170d3e0f67b044a4d46e3e6b5127ef7a677724709150528f9f
09:33:19.426851073 pdns=3074/0/active/running/ named=0/inactive/dead/ agent=0/inactive/ jphase=absent killpid=3855,5294,
09:33:19.912547602 CHANGE ledger d9572f16961ccc170d3e0f67b044a4d46e3e6b5127ef7a677724709150528f9f -> 1641c4e47c1a0376c3b09d0543cbfe1aa7487e37aa784933760ef75ab306607c
09:33:19.918522045 pdns=3074/0/active/running/ named=0/inactive/dead/ agent=0/inactive/ jphase=absent killpid=3855,5410,
09:33:20.475322864 CHANGE ledger 1641c4e47c1a0376c3b09d0543cbfe1aa7487e37aa784933760ef75ab306607c -> afa3732347efef2ef70b8761c590cecbba60f5ed1e890deaec74fd5feb8465f7
09:33:20.483219582 pdns=3074/0/active/running/ named=0/inactive/dead/ agent=0/inactive/ jphase=absent killpid=3855,5515,
09:33:20.801929570 CHANGE ledger afa3732347efef2ef70b8761c590cecbba60f5ed1e890deaec74fd5feb8465f7 -> ce03dab273f29584eba673afd1bae458f12eba20c09d10d2f5666eef14e84f25
09:33:20.808747386 pdns=3074/0/active/running/ named=0/inactive/dead/ agent=0/inactive/ jphase=absent killpid=3855,
09:33:21.102811846 CHANGE ledger ce03dab273f29584eba673afd1bae458f12eba20c09d10d2f5666eef14e84f25 -> 057a8b92ab1f8b7f0c0711cda0f1576135f441f70034ddc14d7bf9d3da20f377
09:33:21.108031321 pdns=3074/0/active/running/ named=0/inactive/dead/ agent=0/inactive/ jphase=absent killpid=3855,
09:33:21.401185143 CHANGE ledger 057a8b92ab1f8b7f0c0711cda0f1576135f441f70034ddc14d7bf9d3da20f377 -> ef5e288cee3dc683f176d2ab6e7839d8d53690f65bce60048265b6127df44d32
09:33:21.408517989 pdns=3074/0/active/running/ named=0/inactive/dead/ agent=0/inactive/ jphase=absent killpid=3855,
09:33:21.705937183 CHANGE ledger ef5e288cee3dc683f176d2ab6e7839d8d53690f65bce60048265b6127df44d32 -> 223750fc7d896659841e104de64d7efe88c1ff1670086b7f6dac68c84b662585
09:33:21.714430955 pdns=3074/0/active/running/ named=0/inactive/dead/ agent=0/inactive/ jphase=absent killpid=3855,
09:33:22.035497796 CHANGE ledger 223750fc7d896659841e104de64d7efe88c1ff1670086b7f6dac68c84b662585 -> aa08f438caa604c2887d5e7998a447910f6c39a8c709d6eebb8d0a4c4b71f3bd
09:33:22.043166794 pdns=3074/0/active/running/ named=0/inactive/dead/ agent=0/inactive/ jphase=absent killpid=3855,
09:33:22.354125592 CHANGE ledger aa08f438caa604c2887d5e7998a447910f6c39a8c709d6eebb8d0a4c4b71f3bd -> 2ebc8fae04463809203168386ea348db7a52bc5f8391869c524a0f7094b2eb79
09:33:22.361735925 pdns=3074/0/active/running/ named=0/inactive/dead/ agent=0/inactive/ jphase=absent killpid=3855,
09:33:22.688115307 CHANGE ledger 2ebc8fae04463809203168386ea348db7a52bc5f8391869c524a0f7094b2eb79 -> 2c98c9fa21b61899bbb3352c39ae85a2fefc8d4c1ab67ee808599483d6146476
09:33:22.693854195 pdns=3074/0/active/running/ named=0/inactive/dead/ agent=0/inactive/ jphase=absent killpid=3855,6215,
09:33:23.014969673 CHANGE ledger 2c98c9fa21b61899bbb3352c39ae85a2fefc8d4c1ab67ee808599483d6146476 -> 676281c49d343a663bc88c6a323c92f77a7b86fdd7aa19e7522c142ed0bf391a
09:33:23.023921282 pdns=3074/0/active/running/ named=0/inactive/dead/ agent=0/inactive/ jphase=absent killpid=3855,
09:33:23.338603886 CHANGE ledger 676281c49d343a663bc88c6a323c92f77a7b86fdd7aa19e7522c142ed0bf391a -> 886c823b5d2d0de398680ec5a8e8e5817d4beaafac3271b58c6833f4320ad5d4
09:33:23.350250503 pdns=3074/0/active/running/ named=0/inactive/dead/ agent=0/inactive/ jphase=absent killpid=3855,6407,
09:33:23.693833171 CHANGE ledger 886c823b5d2d0de398680ec5a8e8e5817d4beaafac3271b58c6833f4320ad5d4 -> f01667fe23e5edf7f9ae54a516fb2b717059c569b5ddd408b8b69f907d7e4ae4
09:33:23.702354164 pdns=3074/0/active/running/ named=0/inactive/dead/ agent=0/inactive/ jphase=intent killpid=3855,
09:33:24.049120438 CHANGE journal absent -> f11b4d6b7a334689e10d4f6b6aa7f3ee73512945d4410f29e563f6541515f78c
09:33:24.059601765 CHANGE ledger f01667fe23e5edf7f9ae54a516fb2b717059c569b5ddd408b8b69f907d7e4ae4 -> 2a8bc177c04fc804b53b852ff1b1308eeb6c52c28ff151adea44eef42b2b9742
09:33:24.065532880 pdns=3074/0/active/running/ named=0/inactive/dead/ agent=0/inactive/ jphase=source-stopped killpid=3855,
09:33:24.603084689 CHANGE journal f11b4d6b7a334689e10d4f6b6aa7f3ee73512945d4410f29e563f6541515f78c -> 7defa76e0255df03e874d61ca9b65af9ee2c5074bbb1a59231119bbe4867e006
09:33:24.617148436 CHANGE ledger 2a8bc177c04fc804b53b852ff1b1308eeb6c52c28ff151adea44eef42b2b9742 -> 87605649c3bca081b9b678b08fe711b9a76817348db7e5f7617121142d7887b9
09:33:24.624132256 pdns=0/0/inactive/dead/ named=0/inactive/dead/ agent=6627/active/ jphase=rolling-back killpid=
09:33:25.043123089 pdns=0/0/inactive/dead/ named=0/inactive/dead/ agent=6627/active/ jphase=rolling-back killpid=
09:33:25.355309192 pdns=0/0/inactive/dead/ named=0/inactive/dead/ agent=6627/active/ jphase=rolling-back killpid=
09:33:25.659530842 pdns=0/0/inactive/dead/ named=0/inactive/dead/ agent=6627/active/ jphase=rolling-back killpid=
09:33:25.958876477 pdns=0/0/inactive/dead/ named=0/inactive/dead/ agent=6627/active/ jphase=rolling-back killpid=
09:33:26.264992127 pdns=0/0/inactive/dead/ named=0/inactive/dead/ agent=6627/active/ jphase=rolling-back killpid=
09:33:26.558808100 pdns=0/0/inactive/dead/ named=0/inactive/dead/ agent=6627/active/ jphase=rolling-back killpid=
09:33:26.866959977 pdns=0/0/inactive/dead/ named=0/inactive/dead/ agent=6627/active/ jphase=rolling-back killpid=
09:33:27.185261712 pdns=0/0/inactive/dead/ named=0/inactive/dead/ agent=6627/active/ jphase=rolling-back killpid=
09:33:27.485081687 pdns=0/0/inactive/dead/ named=0/inactive/dead/ agent=6627/active/ jphase=rolling-back killpid=
09:33:27.799935466 pdns=0/0/inactive/dead/ named=0/inactive/dead/ agent=6627/active/ jphase=rolling-back killpid=
09:33:28.495407611 pdns=7256/0/active/running/ named=0/inactive/dead/ agent=6627/active/ jphase=rolling-back killpid=
09:33:28.802239267 pdns=7256/0/active/running/ named=0/inactive/dead/ agent=6627/active/ jphase=rolling-back killpid=
09:33:29.098519411 pdns=7256/0/active/running/ named=0/inactive/dead/ agent=6627/active/ jphase=rolling-back killpid=
09:33:29.416928624 pdns=7256/0/active/running/ named=0/inactive/dead/ agent=6627/active/ jphase=rolling-back killpid=
09:33:29.710435100 pdns=7256/0/active/running/ named=0/inactive/dead/ agent=6627/active/ jphase=rolling-back killpid=
09:33:30.005546941 pdns=7256/0/active/running/ named=0/inactive/dead/ agent=6627/active/ jphase=rolling-back killpid=
09:33:30.310241912 pdns=7256/0/active/running/ named=0/inactive/dead/ agent=6627/active/ jphase=rolling-back killpid=
09:33:30.602608473 pdns=7256/0/active/running/ named=0/inactive/dead/ agent=6627/active/ jphase=rolling-back killpid=
09:33:30.892504928 pdns=7256/0/active/running/ named=0/inactive/dead/ agent=6627/active/ jphase=rolling-back killpid=
09:33:31.192350982 pdns=7256/0/active/running/ named=0/inactive/dead/ agent=6627/active/ jphase=rolling-back killpid=
09:33:31.499079441 pdns=7256/0/active/running/ named=0/inactive/dead/ agent=6627/active/ jphase=rolling-back killpid=
09:33:31.792610616 pdns=7256/0/active/running/ named=0/inactive/dead/ agent=6627/active/ jphase=rolled-back killpid=
09:33:32.085701971 CHANGE journal 7defa76e0255df03e874d61ca9b65af9ee2c5074bbb1a59231119bbe4867e006 -> da747563559227895d3fdc076cce6fa4614108bf9298bd4b1a2f72210c6b461a
09:33:32.101188582 pdns=7256/0/active/running/ named=0/inactive/dead/ agent=6627/active/ jphase=rolled-back killpid=
09:33:32.403291160 pdns=7256/0/active/running/ named=0/inactive/dead/ agent=6627/active/ jphase=rolled-back killpid=
09:33:32.704143545 pdns=7256/0/active/running/ named=0/inactive/dead/ agent=6627/active/ jphase=rolled-back killpid=
09:33:32.995770742 pdns=7256/0/active/running/ named=0/inactive/dead/ agent=6627/active/ jphase=rolled-back killpid=
09:33:33.290719882 pdns=7256/0/active/running/ named=0/inactive/dead/ agent=6627/active/ jphase=rolled-back killpid=
09:33:33.571715261 CHANGE journal da747563559227895d3fdc076cce6fa4614108bf9298bd4b1a2f72210c6b461a -> absent
09:33:33.583193972 pdns=7256/0/active/running/ named=0/inactive/dead/ agent=6627/active/ jphase=absent killpid=
09:33:33.880771075 pdns=7256/0/active/running/ named=0/inactive/dead/ agent=6627/active/ jphase=absent killpid=
09:33:34.183586505 pdns=7256/0/active/running/ named=0/inactive/dead/ agent=6627/active/ jphase=absent killpid=
09:33:34.482650123 pdns=7256/0/active/running/ named=0/inactive/dead/ agent=6627/active/ jphase=absent killpid=
09:33:34.774620070 pdns=7256/0/active/running/ named=0/inactive/dead/ agent=6627/active/ jphase=absent killpid=
09:33:35.062494528 pdns=7256/0/active/running/ named=0/inactive/dead/ agent=6627/active/ jphase=absent killpid=
09:33:35.352148098 pdns=7256/0/active/running/ named=0/inactive/dead/ agent=6627/active/ jphase=absent killpid=
09:33:35.643095899 pdns=7256/0/active/running/ named=0/inactive/dead/ agent=6627/active/ jphase=absent killpid=
09:33:35.928862662 pdns=7256/0/active/running/ named=0/inactive/dead/ agent=6627/active/ jphase=absent killpid=
09:33:36.215593786 pdns=7256/0/active/running/ named=0/inactive/dead/ agent=6627/active/ jphase=absent killpid=
09:33:36.500814701 pdns=7256/0/active/running/ named=0/inactive/dead/ agent=6627/active/ jphase=absent killpid=
09:33:36.784333404 pdns=7256/0/active/running/ named=0/inactive/dead/ agent=6627/active/ jphase=absent killpid=
09:33:37.077769056 pdns=7256/0/active/running/ named=0/inactive/dead/ agent=6627/active/ jphase=absent killpid=
09:33:37.372165606 pdns=7256/0/active/running/ named=0/inactive/dead/ agent=6627/active/ jphase=absent killpid=
09:33:37.651573255 pdns=7256/0/active/running/ named=0/inactive/dead/ agent=6627/active/ jphase=absent killpid=
09:33:37.929823264 pdns=7256/0/active/running/ named=0/inactive/dead/ agent=6627/active/ jphase=absent killpid=
09:33:38.212993816 pdns=7256/0/active/running/ named=0/inactive/dead/ agent=6627/active/ jphase=absent killpid=
09:33:38.494962540 pdns=7256/0/active/running/ named=0/inactive/dead/ agent=6627/active/ jphase=absent killpid=
09:33:38.775700439 pdns=7256/0/active/running/ named=0/inactive/dead/ agent=6627/active/ jphase=absent killpid=
09:33:39.061680436 pdns=7256/0/active/running/ named=0/inactive/dead/ agent=6627/active/ jphase=absent killpid=
09:33:39.362114839 pdns=7256/0/active/running/ named=0/inactive/dead/ agent=6627/active/ jphase=absent killpid=
09:33:39.645381660 pdns=7256/0/active/running/ named=0/inactive/dead/ agent=6627/active/ jphase=absent killpid=
09:33:39.929053861 pdns=7256/0/active/running/ named=0/inactive/dead/ agent=6627/active/ jphase=absent killpid=
09:33:40.213586011 pdns=7256/0/active/running/ named=0/inactive/dead/ agent=6627/active/ jphase=absent killpid=
09:33:40.498144278 pdns=7256/0/active/running/ named=0/inactive/dead/ agent=6627/active/ jphase=absent killpid=
09:33:40.778942805 pdns=7256/0/active/running/ named=0/inactive/dead/ agent=6627/active/ jphase=absent killpid=
09:33:41.064612765 pdns=7256/0/active/running/ named=0/inactive/dead/ agent=6627/active/ jphase=absent killpid=
09:33:41.349382394 pdns=7256/0/active/running/ named=0/inactive/dead/ agent=6627/active/ jphase=absent killpid=
09:33:41.632787526 pdns=7256/0/active/running/ named=0/inactive/dead/ agent=6627/active/ jphase=absent killpid=
09:33:41.916810166 pdns=7256/0/active/running/ named=0/inactive/dead/ agent=6627/active/ jphase=absent killpid=
09:33:42.200075148 pdns=7256/0/active/running/ named=0/inactive/dead/ agent=6627/active/ jphase=absent killpid=
09:33:42.484622200 pdns=7256/0/active/running/ named=0/inactive/dead/ agent=6627/active/ jphase=absent killpid=
09:33:42.764318122 pdns=7256/0/active/running/ named=0/inactive/dead/ agent=6627/active/ jphase=absent killpid=
09:33:43.045388404 pdns=7256/0/active/running/ named=0/inactive/dead/ agent=6627/active/ jphase=absent killpid=
09:33:43.327298622 pdns=7256/0/active/running/ named=0/inactive/dead/ agent=6627/active/ jphase=absent killpid=
09:33:43.608528251 pdns=7256/0/active/running/ named=0/inactive/dead/ agent=6627/active/ jphase=absent killpid=
09:33:43.888267478 pdns=7256/0/active/running/ named=0/inactive/dead/ agent=6627/active/ jphase=absent killpid=
09:33:44.169924585 pdns=7256/0/active/running/ named=0/inactive/dead/ agent=6627/active/ jphase=absent killpid=
09:33:44.450728001 pdns=7256/0/active/running/ named=0/inactive/dead/ agent=6627/active/ jphase=absent killpid=
09:33:44.730335027 pdns=7256/0/active/running/ named=0/inactive/dead/ agent=6627/active/ jphase=absent killpid=
09:33:45.008225345 pdns=7256/0/active/running/ named=0/inactive/dead/ agent=6627/active/ jphase=absent killpid=
09:33:45.301715578 pdns=7256/0/active/running/ named=0/inactive/dead/ agent=6627/active/ jphase=absent killpid=
09:33:45.582762499 pdns=7256/0/active/running/ named=0/inactive/dead/ agent=6627/active/ jphase=absent killpid=
09:33:45.864938019 pdns=7256/0/active/running/ named=0/inactive/dead/ agent=6627/active/ jphase=absent killpid=
09:33:46.161990324 pdns=7256/0/active/running/ named=0/inactive/dead/ agent=6627/active/ jphase=absent killpid=
09:33:46.450533661 pdns=7256/0/active/running/ named=0/inactive/dead/ agent=6627/active/ jphase=absent killpid=
09:33:46.734267844 pdns=7256/0/active/running/ named=0/inactive/dead/ agent=6627/active/ jphase=absent killpid=
09:33:47.017008493 pdns=7256/0/active/running/ named=0/inactive/dead/ agent=6627/active/ jphase=absent killpid=
09:33:47.323920778 pdns=7256/0/active/running/ named=0/inactive/dead/ agent=6627/active/ jphase=absent killpid=
09:33:47.641340505 pdns=7256/0/active/running/ named=0/inactive/dead/ agent=6627/active/ jphase=absent killpid=
09:33:47.924030182 pdns=7256/0/active/running/ named=0/inactive/dead/ agent=6627/active/ jphase=absent killpid=
09:33:48.209022458 pdns=7256/0/active/running/ named=0/inactive/dead/ agent=6627/active/ jphase=absent killpid=
09:33:48.489916025 pdns=7256/0/active/running/ named=0/inactive/dead/ agent=6627/active/ jphase=absent killpid=
09:33:48.773318135 pdns=7256/0/active/running/ named=0/inactive/dead/ agent=6627/active/ jphase=absent killpid=
09:33:49.052837712 pdns=7256/0/active/running/ named=0/inactive/dead/ agent=6627/active/ jphase=absent killpid=
09:33:49.337051822 pdns=7256/0/active/running/ named=0/inactive/dead/ agent=6627/active/ jphase=absent killpid=
09:33:49.637676650 pdns=7256/0/active/running/ named=0/inactive/dead/ agent=6627/active/ jphase=absent killpid=
09:33:49.927228277 pdns=7256/0/active/running/ named=0/inactive/dead/ agent=6627/active/ jphase=absent killpid=
09:33:50.218474811 pdns=7256/0/active/running/ named=0/inactive/dead/ agent=6627/active/ jphase=absent killpid=
09:33:50.518548973 pdns=7256/0/active/running/ named=0/inactive/dead/ agent=6627/active/ jphase=absent killpid=
09:33:50.798852141 pdns=7256/0/active/running/ named=0/inactive/dead/ agent=6627/active/ jphase=absent killpid=
09:33:51.080461624 pdns=7256/0/active/running/ named=0/inactive/dead/ agent=6627/active/ jphase=absent killpid=
09:33:51.362013723 pdns=7256/0/active/running/ named=0/inactive/dead/ agent=6627/active/ jphase=absent killpid=
09:33:51.647171442 pdns=7256/0/active/running/ named=0/inactive/dead/ agent=6627/active/ jphase=absent killpid=
09:33:51.938786450 pdns=7256/0/active/running/ named=0/inactive/dead/ agent=6627/active/ jphase=absent killpid=
09:33:52.228169424 pdns=7256/0/active/running/ named=0/inactive/dead/ agent=6627/active/ jphase=absent killpid=
09:33:52.540433658 pdns=7256/0/active/running/ named=0/inactive/dead/ agent=6627/active/ jphase=absent killpid=
09:33:52.827139002 pdns=7256/0/active/running/ named=0/inactive/dead/ agent=6627/active/ jphase=absent killpid=
09:33:53.109280986 pdns=7256/0/active/running/ named=0/inactive/dead/ agent=6627/active/ jphase=absent killpid=
09:33:53.396270059 pdns=7256/0/active/running/ named=0/inactive/dead/ agent=6627/active/ jphase=absent killpid=
09:33:53.678106085 pdns=7256/0/active/running/ named=0/inactive/dead/ agent=6627/active/ jphase=absent killpid=
09:33:53.961670138 pdns=7256/0/active/running/ named=0/inactive/dead/ agent=6627/active/ jphase=absent killpid=
09:33:54.251438249 pdns=7256/0/active/running/ named=0/inactive/dead/ agent=6627/active/ jphase=absent killpid=
09:33:54.549787312 pdns=7256/0/active/running/ named=0/inactive/dead/ agent=6627/active/ jphase=absent killpid=
09:33:54.832024393 pdns=7256/0/active/running/ named=0/inactive/dead/ agent=6627/active/ jphase=absent killpid=
09:33:55.110905765 pdns=7256/0/active/running/ named=0/inactive/dead/ agent=6627/active/ jphase=absent killpid=
09:33:55.394527490 pdns=7256/0/active/running/ named=0/inactive/dead/ agent=6627/active/ jphase=absent killpid=
09:33:55.677313303 pdns=7256/0/active/running/ named=0/inactive/dead/ agent=6627/active/ jphase=absent killpid=
09:33:55.956267547 pdns=7256/0/active/running/ named=0/inactive/dead/ agent=6627/active/ jphase=absent killpid=
09:33:56.237595772 pdns=7256/0/active/running/ named=0/inactive/dead/ agent=6627/active/ jphase=absent killpid=
09:33:56.520429046 pdns=7256/0/active/running/ named=0/inactive/dead/ agent=6627/active/ jphase=absent killpid=
09:33:56.809197900 pdns=7256/0/active/running/ named=0/inactive/dead/ agent=6627/active/ jphase=absent killpid=
09:33:57.132597785 pdns=7256/0/active/running/ named=0/inactive/dead/ agent=6627/active/ jphase=absent killpid=
09:33:57.430255090 pdns=7256/0/active/running/ named=0/inactive/dead/ agent=6627/active/ jphase=absent killpid=
09:33:57.724128828 pdns=7256/0/active/running/ named=0/inactive/dead/ agent=6627/active/ jphase=absent killpid=
09:33:58.026604206 pdns=7256/0/active/running/ named=0/inactive/dead/ agent=6627/active/ jphase=absent killpid=
09:33:58.330070942 pdns=7256/0/active/running/ named=0/inactive/dead/ agent=6627/active/ jphase=absent killpid=
09:33:58.634961927 pdns=7256/0/active/running/ named=0/inactive/dead/ agent=6627/active/ jphase=absent killpid=
09:33:58.924098924 pdns=7256/0/active/running/ named=0/inactive/dead/ agent=6627/active/ jphase=absent killpid=
09:33:59.209448313 pdns=7256/0/active/running/ named=0/inactive/dead/ agent=6627/active/ jphase=absent killpid=
09:33:59.505694074 pdns=7256/0/active/running/ named=0/inactive/dead/ agent=6627/active/ jphase=absent killpid=
09:33:59.788999038 pdns=7256/0/active/running/ named=0/inactive/dead/ agent=6627/active/ jphase=absent killpid=
09:34:00.077962976 pdns=7256/0/active/running/ named=0/inactive/dead/ agent=6627/active/ jphase=absent killpid=
09:34:00.362882113 pdns=7256/0/active/running/ named=0/inactive/dead/ agent=6627/active/ jphase=absent killpid=
09:34:00.643475433 pdns=7256/0/active/running/ named=0/inactive/dead/ agent=6627/active/ jphase=absent killpid=
09:34:00.926529191 pdns=7256/0/active/running/ named=0/inactive/dead/ agent=6627/active/ jphase=absent killpid=
09:34:01.211367076 pdns=7256/0/active/running/ named=0/inactive/dead/ agent=6627/active/ jphase=absent killpid=
09:34:01.493744745 pdns=7256/0/active/running/ named=0/inactive/dead/ agent=6627/active/ jphase=absent killpid=
09:34:01.774389608 pdns=7256/0/active/running/ named=0/inactive/dead/ agent=6627/active/ jphase=absent killpid=
09:34:02.053537207 pdns=7256/0/active/running/ named=0/inactive/dead/ agent=6627/active/ jphase=absent killpid=
09:34:02.339504800 pdns=7256/0/active/running/ named=0/inactive/dead/ agent=6627/active/ jphase=absent killpid=
09:34:02.622643576 pdns=7256/0/active/running/ named=0/inactive/dead/ agent=6627/active/ jphase=absent killpid=
09:34:02.904835265 pdns=7256/0/active/running/ named=0/inactive/dead/ agent=6627/active/ jphase=absent killpid=
09:34:03.187098177 pdns=7256/0/active/running/ named=0/inactive/dead/ agent=6627/active/ jphase=absent killpid=
09:34:03.469482565 pdns=7256/0/active/running/ named=0/inactive/dead/ agent=6627/active/ jphase=absent killpid=
09:34:03.749984865 pdns=7256/0/active/running/ named=0/inactive/dead/ agent=6627/active/ jphase=absent killpid=
09:34:04.028270848 pdns=7256/0/active/running/ named=0/inactive/dead/ agent=6627/active/ jphase=absent killpid=
09:34:04.310307395 pdns=7256/0/active/running/ named=0/inactive/dead/ agent=6627/active/ jphase=absent killpid=
09:34:04.601832801 pdns=7256/0/active/running/ named=0/inactive/dead/ agent=6627/active/ jphase=absent killpid=
09:34:04.899023152 pdns=7256/0/active/running/ named=0/inactive/dead/ agent=6627/active/ jphase=absent killpid=
done
