20:43:13.937183586 CHANGE journal none -> absent
20:43:13.949469118 CHANGE ledger none -> 177f61d12ed0bb85e6ea535b807b376e26bbe0871405a13867c0b3cb6ea4b211
20:43:13.954066793 CHANGE state none -> absent
20:43:13.958965567 CHANGE pdnsdb none -> absent
20:43:13.962770434 POINTER 
20:43:13.964178486 pdns=0/0/inactive/dead/ named=0/inactive/dead/ agent=0/inactive/ jphase=absent killpid=
20:43:14.239771160 pdns=0/0/inactive/dead/ named=0/inactive/dead/ agent=0/inactive/ jphase=absent killpid=
20:43:14.522092548 pdns=0/0/inactive/dead/ named=0/inactive/dead/ agent=0/inactive/ jphase=absent killpid=
20:43:14.812574191 pdns=0/0/inactive/dead/ named=0/inactive/dead/ agent=0/inactive/ jphase=absent killpid=
20:43:15.102936529 CHANGE ledger 177f61d12ed0bb85e6ea535b807b376e26bbe0871405a13867c0b3cb6ea4b211 -> 701779e9e611c70f66b8b68be8d45ca7d0b8ff9a833bccb9541fce3b97ef71b6
20:43:15.107972314 pdns=0/0/inactive/dead/ named=0/inactive/dead/ agent=0/inactive/ jphase=absent killpid=1810,
20:43:15.410670039 CHANGE ledger 701779e9e611c70f66b8b68be8d45ca7d0b8ff9a833bccb9541fce3b97ef71b6 -> 907ae2d0198a22413e6e4f8175ecd3a21212d6fdb251c295f50bc4e2d0d88300
20:43:15.414663832 pdns=0/0/inactive/dead/ named=0/inactive/dead/ agent=0/inactive/ jphase=absent killpid=1810,1919,
20:43:15.695249224 pdns=0/0/inactive/dead/ named=0/inactive/dead/ agent=0/inactive/ jphase=absent killpid=1810,1919,
20:43:15.978457220 pdns=0/0/inactive/dead/ named=0/inactive/dead/ agent=0/inactive/ jphase=absent killpid=1810,1919,
20:43:16.267787484 pdns=0/0/inactive/dead/ named=0/inactive/dead/ agent=0/inactive/ jphase=absent killpid=1810,1919,
20:43:16.566686828 pdns=0/0/inactive/dead/ named=0/inactive/dead/ agent=0/inactive/ jphase=absent killpid=1810,1919,
20:43:16.846833132 pdns=0/0/inactive/dead/ named=0/inactive/dead/ agent=0/inactive/ jphase=absent killpid=1810,1919,
20:43:17.143563231 pdns=0/0/inactive/dead/ named=0/inactive/dead/ agent=0/inactive/ jphase=absent killpid=1810,1919,
20:43:17.469396636 pdns=0/0/inactive/dead/ named=0/inactive/dead/ agent=0/inactive/ jphase=absent killpid=1810,1919,
20:43:17.782300263 pdns=0/0/inactive/dead/ named=0/inactive/dead/ agent=0/inactive/ jphase=absent killpid=1810,1919,
20:43:18.093067993 pdns=0/0/inactive/dead/ named=0/inactive/dead/ agent=0/inactive/ jphase=absent killpid=1810,1919,
20:43:18.433749112 pdns=0/0/inactive/dead/ named=0/inactive/dead/ agent=0/inactive/ jphase=absent killpid=1810,1919,
20:43:18.757770780 pdns=0/0/inactive/dead/ named=0/inactive/dead/ agent=0/inactive/ jphase=absent killpid=1810,1919,
20:43:19.048294035 pdns=0/0/inactive/dead/ named=0/inactive/dead/ agent=0/inactive/ jphase=absent killpid=1810,1919,
20:43:19.329403046 pdns=0/0/inactive/dead/ named=0/inactive/dead/ agent=0/inactive/ jphase=absent killpid=1810,1919,
20:43:19.622875072 CHANGE ledger 907ae2d0198a22413e6e4f8175ecd3a21212d6fdb251c295f50bc4e2d0d88300 -> 74ad61c378e29de3cc789caf053d46608595eb7da0bbf049ecd8cf800acb2702
20:43:19.627983561 pdns=0/0/inactive/dead/ named=0/inactive/dead/ agent=0/inactive/ jphase=absent killpid=1810,2385,
20:43:20.162483734 CHANGE ledger 74ad61c378e29de3cc789caf053d46608595eb7da0bbf049ecd8cf800acb2702 -> 60028306f7135a3c32339f4a59dc629ecec6216cb1bdd4d709b73bee94f85238
20:43:20.166500592 pdns=0/0/inactive/dead/ named=0/inactive/dead/ agent=0/inactive/ jphase=absent killpid=1810,2428,
20:43:20.459747111 pdns=0/0/inactive/dead/ named=0/inactive/dead/ agent=0/inactive/ jphase=absent killpid=1810,2428,
20:43:20.751872859 pdns=0/0/inactive/dead/ named=0/inactive/dead/ agent=0/inactive/ jphase=absent killpid=1810,2428,
20:43:21.027310842 pdns=0/0/inactive/dead/ named=0/inactive/dead/ agent=0/inactive/ jphase=absent killpid=1810,2428,
20:43:21.317291763 pdns=0/0/inactive/dead/ named=0/inactive/dead/ agent=0/inactive/ jphase=absent killpid=1810,2428,
20:43:21.607164206 pdns=0/0/inactive/dead/ named=0/inactive/dead/ agent=0/inactive/ jphase=absent killpid=1810,2428,
20:43:21.902418952 pdns=0/0/inactive/dead/ named=0/inactive/dead/ agent=0/inactive/ jphase=absent killpid=1810,2428,
20:43:22.193735259 pdns=0/0/inactive/dead/ named=0/inactive/dead/ agent=0/inactive/ jphase=absent killpid=1810,2428,
20:43:22.478206969 pdns=0/0/inactive/dead/ named=0/inactive/dead/ agent=0/inactive/ jphase=absent killpid=1810,2428,
20:43:22.761490752 pdns=0/0/inactive/dead/ named=0/inactive/dead/ agent=0/inactive/ jphase=absent killpid=1810,2428,
20:43:23.046418679 pdns=0/0/inactive/dead/ named=0/inactive/dead/ agent=0/inactive/ jphase=absent killpid=1810,2428,
20:43:23.340386054 pdns=0/0/inactive/dead/ named=0/inactive/dead/ agent=0/inactive/ jphase=absent killpid=1810,2428,
20:43:23.622184306 pdns=0/0/inactive/dead/ named=0/inactive/dead/ agent=0/inactive/ jphase=absent killpid=1810,2428,
20:43:23.902176353 pdns=0/0/inactive/dead/ named=0/inactive/dead/ agent=0/inactive/ jphase=absent killpid=1810,2428,
20:43:24.192369656 CHANGE ledger 60028306f7135a3c32339f4a59dc629ecec6216cb1bdd4d709b73bee94f85238 -> 26862707ec66485013e174936a71ca68ab675eaf11b4640d3cb8c7cee752a374
20:43:24.197140712 pdns=0/0/inactive/dead/ named=0/inactive/dead/ agent=0/inactive/ jphase=absent killpid=1810,2955,
20:43:24.736949026 CHANGE ledger 26862707ec66485013e174936a71ca68ab675eaf11b4640d3cb8c7cee752a374 -> 965c44a0b01aa20710e10f4fa8fd541a9ac8255ceaac3ad1610ff72e9ffcb879
20:43:24.741901122 pdns=0/0/inactive/dead/ named=0/inactive/dead/ agent=0/inactive/ jphase=absent killpid=1810,
20:43:25.062074551 CHANGE ledger 965c44a0b01aa20710e10f4fa8fd541a9ac8255ceaac3ad1610ff72e9ffcb879 -> 519265b0c7438710bed0479b5695a8b977f7fdbf5502bcdfb3fd91363deaac2d
20:43:25.066367815 pdns=0/0/inactive/dead/ named=0/inactive/dead/ agent=0/inactive/ jphase=intent killpid=1810,
20:43:25.385009512 CHANGE journal absent -> 4c280993fa4db5387fb93aac8bf7c087083751094950429a2eb7757a2dd286ea
20:43:25.401081873 CHANGE ledger 519265b0c7438710bed0479b5695a8b977f7fdbf5502bcdfb3fd91363deaac2d -> b0cc1f1d591a4f4ff06146af8d2e8f08a746b5277e55ad9dc93ef442cd8042ce
20:43:25.406292176 pdns=0/0/inactive/dead/ named=0/inactive/dead/ agent=0/inactive/ jphase=intent killpid=1810,
20:43:25.698977712 CHANGE journal 4c280993fa4db5387fb93aac8bf7c087083751094950429a2eb7757a2dd286ea -> e343648bce3995f9c17bf7f59d60a9410d05897368e4a51160b705c338c6111a
20:43:25.710983579 CHANGE ledger b0cc1f1d591a4f4ff06146af8d2e8f08a746b5277e55ad9dc93ef442cd8042ce -> fbaa935cb58b4fb3a2d10fef57b1ce743a5f0838a3749ca3dd9190a38125dba3
20:43:25.725919881 CHANGE pdnsdb absent -> b839d8635e5c7e37093fe785884cf681484ebf9e0f19b8cb1a4c9bbfd00374d1
20:43:25.730415442 pdns=0/0/inactive/dead/ named=0/inactive/dead/ agent=0/inactive/ jphase=target-enable-intent killpid=1810,
20:43:26.033864447 CHANGE ledger fbaa935cb58b4fb3a2d10fef57b1ce743a5f0838a3749ca3dd9190a38125dba3 -> a425286d3408ced5c5135520501dd76eef597e711110d2e514dd6faeac4c9421
20:43:26.042847879 pdns=0/0/inactive/dead/ named=0/inactive/dead/ agent=0/inactive/ jphase=target-enable-intent killpid=1810,
20:43:26.617901115 CHANGE ledger a425286d3408ced5c5135520501dd76eef597e711110d2e514dd6faeac4c9421 -> 7db3ec2e653655150c47378baebd12021d6f03da5b70a2dcffa0c72e04115bfb
20:43:26.631876170 pdns=0/0/inactive/dead/ named=0/inactive/dead/ agent=0/inactive/ jphase=target-enable-intent killpid=1810,
20:43:26.951453051 CHANGE ledger 7db3ec2e653655150c47378baebd12021d6f03da5b70a2dcffa0c72e04115bfb -> 280c2014103a956cb6e5b0061e16abf6612e48dd9a33603d7cac4a64c3f2e28c
20:43:26.965512167 pdns=0/0/inactive/dead/ named=0/inactive/dead/ agent=0/inactive/ jphase=target-enable-intent killpid=1810,3639,
20:43:27.467541003 CHANGE ledger 280c2014103a956cb6e5b0061e16abf6612e48dd9a33603d7cac4a64c3f2e28c -> d23ec058d3f9e466fd4c52f4bf014af1946e30f728474cff42f8a02e44dfc07f
20:43:27.480766682 pdns=0/0/inactive/dead/ named=0/inactive/dead/ agent=0/inactive/ jphase=target-enable-intent killpid=1810,3725,
20:43:27.774424199 CHANGE ledger d23ec058d3f9e466fd4c52f4bf014af1946e30f728474cff42f8a02e44dfc07f -> 7f4174b36825deea9efeb1a5357b11350d09544617cd8ef43d56afa36924f797
20:43:27.785207934 pdns=3797/0/activating/start/ named=0/inactive/dead/ agent=0/inactive/ jphase=target-enable-intent killpid=1810,3779,
20:43:28.061909388 CHANGE journal e343648bce3995f9c17bf7f59d60a9410d05897368e4a51160b705c338c6111a -> 309513d7997f535881d3768481dd3df9d9f974a6fcd4973f3d0019bc2d58fa24
20:43:28.071918617 CHANGE ledger 7f4174b36825deea9efeb1a5357b11350d09544617cd8ef43d56afa36924f797 -> ad9c445f787570a218d14bb4608e636ac7537beb5b7328e363ecfd769f5d458b
20:43:28.085612354 CHANGE pdnsdb b839d8635e5c7e37093fe785884cf681484ebf9e0f19b8cb1a4c9bbfd00374d1 -> 6722bb651f56588643d9fba04ef5c1ee9e490f498d40ca1a48e57c58ddacaee3
20:43:28.090858362 pdns=3797/0/active/running/ named=0/inactive/dead/ agent=3847/active/ jphase=target-started killpid=
20:43:28.475903675 pdns=3797/0/active/running/ named=0/inactive/dead/ agent=3847/active/ jphase=target-started killpid=
20:43:28.771012402 pdns=3797/0/active/running/ named=0/inactive/dead/ agent=3847/active/ jphase=target-started killpid=
20:43:29.071100269 pdns=3797/0/active/running/ named=0/inactive/dead/ agent=3847/active/ jphase=target-started killpid=
20:43:29.372892961 pdns=3797/0/active/running/ named=0/inactive/dead/ agent=3847/active/ jphase=target-started killpid=
20:43:29.658519577 CHANGE journal 309513d7997f535881d3768481dd3df9d9f974a6fcd4973f3d0019bc2d58fa24 -> d4cc0a701d9bcc823f99c40f68ae80e4159ca046dba0222629b3ebb6fffa82cf
20:43:29.673414810 pdns=3797/0/active/running/ named=0/inactive/dead/ agent=3847/active/ jphase=target-started killpid=
20:43:29.966470709 pdns=3797/0/active/running/ named=0/inactive/dead/ agent=3847/active/ jphase=target-started killpid=
20:43:30.261457380 pdns=3797/0/active/running/ named=0/inactive/dead/ agent=3847/active/ jphase=target-started killpid=
20:43:30.561851618 pdns=3797/0/active/running/ named=0/inactive/dead/ agent=3847/active/ jphase=target-started killpid=
20:43:30.866088701 pdns=3797/0/active/running/ named=0/inactive/dead/ agent=3847/active/ jphase=target-started killpid=
20:43:31.175871304 pdns=3797/0/active/running/ named=0/inactive/dead/ agent=3847/active/ jphase=target-started killpid=
20:43:31.498435583 pdns=3797/0/active/running/ named=0/inactive/dead/ agent=3847/active/ jphase=target-started killpid=
20:43:31.788610858 pdns=3797/0/active/running/ named=0/inactive/dead/ agent=3847/active/ jphase=target-started killpid=
20:43:32.093784506 pdns=3797/0/active/running/ named=0/inactive/dead/ agent=3847/active/ jphase=target-started killpid=
20:43:32.394528455 CHANGE state absent -> accb5f9de0319d7f8272207ca31e9e54b286e2bfc6678c417596b587958249ef
20:43:32.405680136 pdns=3797/0/active/running/ named=0/inactive/dead/ agent=3847/active/ jphase=target-started killpid=
20:43:32.736870968 pdns=3797/0/active/running/ named=0/inactive/dead/ agent=3847/active/ jphase=target-started killpid=
20:43:33.058809662 pdns=3797/0/active/running/ named=0/inactive/dead/ agent=3847/active/ jphase=target-started killpid=
20:43:33.387798048 pdns=3797/0/active/running/ named=0/inactive/dead/ agent=3847/active/ jphase=target-started killpid=
20:43:33.687539776 pdns=3797/0/active/running/ named=0/inactive/dead/ agent=3847/active/ jphase=target-started killpid=
20:43:33.997603280 pdns=3797/0/active/running/ named=0/inactive/dead/ agent=3847/active/ jphase=target-started killpid=
20:43:34.312416556 pdns=3797/0/active/running/ named=0/inactive/dead/ agent=3847/active/ jphase=target-started killpid=
20:43:34.606339262 pdns=3797/0/active/running/ named=0/inactive/dead/ agent=3847/active/ jphase=target-started killpid=
20:43:34.921353542 pdns=3797/0/active/running/ named=0/inactive/dead/ agent=3847/active/ jphase=target-started killpid=
20:43:35.210796306 CHANGE journal d4cc0a701d9bcc823f99c40f68ae80e4159ca046dba0222629b3ebb6fffa82cf -> ef27a5fe6e68e514dfdceb0c05b1b0a27d799892ba0b913d46c7d4e268f7d9f0
20:43:35.232890898 pdns=3797/0/active/running/ named=0/inactive/dead/ agent=3847/active/ jphase=target-verified killpid=
20:43:35.535566876 pdns=3797/0/active/running/ named=0/inactive/dead/ agent=3847/active/ jphase=target-verified killpid=
20:43:35.840234788 pdns=3797/0/active/running/ named=0/inactive/dead/ agent=3847/active/ jphase=target-verified killpid=
20:43:36.153813320 pdns=3797/0/active/running/ named=0/inactive/dead/ agent=3847/active/ jphase=target-verified killpid=
20:43:36.461600219 pdns=3797/0/active/running/ named=0/inactive/dead/ agent=3847/active/ jphase=target-verified killpid=
20:43:36.760995188 pdns=3797/0/active/running/ named=0/inactive/dead/ agent=3847/active/ jphase=target-verified killpid=
20:43:37.093485059 pdns=3797/0/active/running/ named=0/inactive/dead/ agent=3847/active/ jphase=target-verified killpid=
20:43:37.395133379 pdns=3797/0/active/running/ named=0/inactive/dead/ agent=3847/active/ jphase=target-verified killpid=
20:43:37.694172845 pdns=3797/0/active/running/ named=0/inactive/dead/ agent=3847/active/ jphase=committed killpid=
20:43:37.982739500 CHANGE journal ef27a5fe6e68e514dfdceb0c05b1b0a27d799892ba0b913d46c7d4e268f7d9f0 -> 1a4f57412a6f0ddd78440f2d39c8fbd7e1a36d5440ed6a924795b63cb7b0e47f
20:43:38.004768414 pdns=3797/0/active/running/ named=0/inactive/dead/ agent=3847/active/ jphase=committed killpid=
20:43:38.300277376 pdns=3797/0/active/running/ named=0/inactive/dead/ agent=3847/active/ jphase=committed killpid=
20:43:38.589630066 pdns=3797/0/active/running/ named=0/inactive/dead/ agent=3847/active/ jphase=committed killpid=
20:43:38.897145084 pdns=3797/0/active/running/ named=0/inactive/dead/ agent=3847/active/ jphase=committed killpid=
20:43:39.225685986 pdns=3797/0/active/running/ named=0/inactive/dead/ agent=3847/active/ jphase=committed killpid=
20:43:39.532275959 pdns=3797/0/active/running/ named=0/inactive/dead/ agent=3847/active/ jphase=committed killpid=
20:43:39.851972760 pdns=3797/0/active/running/ named=0/inactive/dead/ agent=3847/active/ jphase=committed killpid=
20:43:40.164205863 pdns=3797/0/active/running/ named=0/inactive/dead/ agent=3847/active/ jphase=committed killpid=
20:43:40.472959297 pdns=3797/0/active/running/ named=0/inactive/dead/ agent=3847/active/ jphase=committed killpid=
20:43:40.779362269 pdns=3797/0/active/running/ named=0/inactive/dead/ agent=3847/active/ jphase=committed killpid=
20:43:41.082425715 pdns=3797/0/active/running/ named=0/inactive/dead/ agent=3847/active/ jphase=committed killpid=
20:43:41.380526606 pdns=3797/0/active/running/ named=0/inactive/dead/ agent=3847/active/ jphase=committed killpid=
20:43:41.659482984 CHANGE journal 1a4f57412a6f0ddd78440f2d39c8fbd7e1a36d5440ed6a924795b63cb7b0e47f -> absent
20:43:41.679046145 pdns=3797/0/active/running/ named=0/inactive/dead/ agent=3847/active/ jphase=absent killpid=
20:43:41.986029327 pdns=3797/0/active/running/ named=0/inactive/dead/ agent=3847/active/ jphase=absent killpid=
20:43:42.269783520 CHANGE ledger ad9c445f787570a218d14bb4608e636ac7537beb5b7328e363ecfd769f5d458b -> 5c9b4f81a164df55d141c003f1b8a6041a01e18ea983cd21f7da04f246baba8b
20:43:42.285507299 pdns=3797/0/active/running/ named=0/inactive/dead/ agent=3847/active/ jphase=absent killpid=
20:43:42.585736876 pdns=3797/0/active/running/ named=0/inactive/dead/ agent=3847/active/ jphase=absent killpid=
20:43:42.888961674 pdns=3797/0/active/running/ named=0/inactive/dead/ agent=3847/active/ jphase=absent killpid=
20:43:43.179237895 pdns=3797/0/active/running/ named=0/inactive/dead/ agent=3847/active/ jphase=absent killpid=
20:43:43.471335577 pdns=3797/0/active/running/ named=0/inactive/dead/ agent=3847/active/ jphase=absent killpid=
20:43:43.757386879 pdns=3797/0/active/running/ named=0/inactive/dead/ agent=3847/active/ jphase=absent killpid=
20:43:44.055361162 pdns=3797/0/active/running/ named=0/inactive/dead/ agent=3847/active/ jphase=absent killpid=
20:43:44.335862549 pdns=3797/0/active/running/ named=0/inactive/dead/ agent=3847/active/ jphase=absent killpid=
20:43:44.616546493 pdns=3797/0/active/running/ named=0/inactive/dead/ agent=3847/active/ jphase=absent killpid=
20:43:44.899335679 pdns=3797/0/active/running/ named=0/inactive/dead/ agent=3847/active/ jphase=absent killpid=
20:43:45.180370344 pdns=3797/0/active/running/ named=0/inactive/dead/ agent=3847/active/ jphase=absent killpid=
20:43:45.463382635 pdns=3797/0/active/running/ named=0/inactive/dead/ agent=3847/active/ jphase=absent killpid=
20:43:45.747103888 pdns=3797/0/active/running/ named=0/inactive/dead/ agent=3847/active/ jphase=absent killpid=
20:43:46.029981736 pdns=3797/0/active/running/ named=0/inactive/dead/ agent=3847/active/ jphase=absent killpid=
20:43:46.309112740 pdns=3797/0/active/running/ named=0/inactive/dead/ agent=3847/active/ jphase=absent killpid=
20:43:46.875735027 pdns=3797/0/active/running/ named=0/inactive/dead/ agent=3847/active/ jphase=absent killpid=
20:43:47.316935719 pdns=3797/0/active/running/ named=0/inactive/dead/ agent=3847/active/ jphase=absent killpid=
20:43:47.617718424 pdns=3797/0/active/running/ named=0/inactive/dead/ agent=3847/active/ jphase=absent killpid=
20:43:47.899893813 pdns=3797/0/active/running/ named=0/inactive/dead/ agent=3847/active/ jphase=absent killpid=
20:43:48.180147585 pdns=3797/0/active/running/ named=0/inactive/dead/ agent=3847/active/ jphase=absent killpid=
20:43:48.460304438 pdns=3797/0/active/running/ named=0/inactive/dead/ agent=3847/active/ jphase=absent killpid=
20:43:48.743135981 pdns=3797/0/active/running/ named=0/inactive/dead/ agent=3847/active/ jphase=absent killpid=
20:43:49.024425433 pdns=3797/0/active/running/ named=0/inactive/dead/ agent=3847/active/ jphase=absent killpid=
20:43:49.304326403 pdns=3797/0/active/running/ named=0/inactive/dead/ agent=3847/active/ jphase=absent killpid=
20:43:49.587321716 pdns=3797/0/active/running/ named=0/inactive/dead/ agent=3847/active/ jphase=absent killpid=
20:43:49.867637034 pdns=3797/0/active/running/ named=0/inactive/dead/ agent=3847/active/ jphase=absent killpid=
20:43:50.148318918 pdns=3797/0/active/running/ named=0/inactive/dead/ agent=3847/active/ jphase=absent killpid=
20:43:50.429619766 pdns=3797/0/active/running/ named=0/inactive/dead/ agent=3847/active/ jphase=absent killpid=
20:43:50.712635767 pdns=3797/0/active/running/ named=0/inactive/dead/ agent=3847/active/ jphase=absent killpid=
20:43:51.012292766 pdns=3797/0/active/running/ named=0/inactive/dead/ agent=3847/active/ jphase=absent killpid=
20:43:51.292159530 pdns=3797/0/active/running/ named=0/inactive/dead/ agent=3847/active/ jphase=absent killpid=
20:43:51.574470277 pdns=3797/0/active/running/ named=0/inactive/dead/ agent=3847/active/ jphase=absent killpid=
20:43:51.864301621 pdns=3797/0/active/running/ named=0/inactive/dead/ agent=3847/active/ jphase=absent killpid=
20:43:52.149156238 pdns=3797/0/active/running/ named=0/inactive/dead/ agent=3847/active/ jphase=absent killpid=
20:43:52.433022885 pdns=3797/0/active/running/ named=0/inactive/dead/ agent=3847/active/ jphase=absent killpid=
20:43:52.717384619 pdns=3797/0/active/running/ named=0/inactive/dead/ agent=3847/active/ jphase=absent killpid=
20:43:52.998367363 pdns=3797/0/active/running/ named=0/inactive/dead/ agent=3847/active/ jphase=absent killpid=
20:43:53.284844075 pdns=3797/0/active/running/ named=0/inactive/dead/ agent=3847/active/ jphase=absent killpid=
20:43:53.565544868 pdns=3797/0/active/running/ named=0/inactive/dead/ agent=3847/active/ jphase=absent killpid=
20:43:53.857714636 pdns=3797/0/active/running/ named=0/inactive/dead/ agent=3847/active/ jphase=absent killpid=
20:43:54.142145658 pdns=3797/0/active/running/ named=0/inactive/dead/ agent=3847/active/ jphase=absent killpid=
20:43:54.430525413 pdns=3797/0/active/running/ named=0/inactive/dead/ agent=3847/active/ jphase=absent killpid=
20:43:54.741923500 pdns=3797/0/active/running/ named=0/inactive/dead/ agent=3847/active/ jphase=absent killpid=
20:43:55.030072563 pdns=3797/0/active/running/ named=0/inactive/dead/ agent=3847/active/ jphase=absent killpid=
20:43:55.309337756 pdns=3797/0/active/running/ named=0/inactive/dead/ agent=3847/active/ jphase=absent killpid=
20:43:55.592426047 pdns=3797/0/active/running/ named=0/inactive/dead/ agent=3847/active/ jphase=absent killpid=
20:43:55.879243051 pdns=3797/0/active/running/ named=0/inactive/dead/ agent=3847/active/ jphase=absent killpid=
20:43:56.160949965 pdns=3797/0/active/running/ named=0/inactive/dead/ agent=3847/active/ jphase=absent killpid=
20:43:56.441619598 pdns=3797/0/active/running/ named=0/inactive/dead/ agent=3847/active/ jphase=absent killpid=
20:43:56.721888021 pdns=3797/0/active/running/ named=0/inactive/dead/ agent=3847/active/ jphase=absent killpid=
20:43:57.003494917 pdns=3797/0/active/running/ named=0/inactive/dead/ agent=3847/active/ jphase=absent killpid=
20:43:57.284549954 pdns=3797/0/active/running/ named=0/inactive/dead/ agent=3847/active/ jphase=absent killpid=
20:43:57.568377861 pdns=3797/0/active/running/ named=0/inactive/dead/ agent=3847/active/ jphase=absent killpid=
20:43:57.860066240 pdns=3797/0/active/running/ named=0/inactive/dead/ agent=3847/active/ jphase=absent killpid=
20:43:58.147747610 pdns=3797/0/active/running/ named=0/inactive/dead/ agent=3847/active/ jphase=absent killpid=
20:43:58.432735337 pdns=3797/0/active/running/ named=0/inactive/dead/ agent=3847/active/ jphase=absent killpid=
20:43:58.713624742 pdns=3797/0/active/running/ named=0/inactive/dead/ agent=3847/active/ jphase=absent killpid=
20:43:58.996055183 pdns=3797/0/active/running/ named=0/inactive/dead/ agent=3847/active/ jphase=absent killpid=
20:43:59.277619110 pdns=3797/0/active/running/ named=0/inactive/dead/ agent=3847/active/ jphase=absent killpid=
20:43:59.559242546 pdns=3797/0/active/running/ named=0/inactive/dead/ agent=3847/active/ jphase=absent killpid=
20:43:59.840132345 pdns=3797/0/active/running/ named=0/inactive/dead/ agent=3847/active/ jphase=absent killpid=
20:44:00.122151670 pdns=3797/0/active/running/ named=0/inactive/dead/ agent=3847/active/ jphase=absent killpid=
20:44:00.403675821 pdns=3797/0/active/running/ named=0/inactive/dead/ agent=3847/active/ jphase=absent killpid=
20:44:00.683302350 pdns=3797/0/active/running/ named=0/inactive/dead/ agent=3847/active/ jphase=absent killpid=
20:44:00.963112439 pdns=3797/0/active/running/ named=0/inactive/dead/ agent=3847/active/ jphase=absent killpid=
20:44:01.245249785 pdns=3797/0/active/running/ named=0/inactive/dead/ agent=3847/active/ jphase=absent killpid=
20:44:01.529400452 pdns=3797/0/active/running/ named=0/inactive/dead/ agent=3847/active/ jphase=absent killpid=
20:44:01.813494066 pdns=3797/0/active/running/ named=0/inactive/dead/ agent=3847/active/ jphase=absent killpid=
20:44:02.092623843 pdns=3797/0/active/running/ named=0/inactive/dead/ agent=3847/active/ jphase=absent killpid=
20:44:02.381804484 pdns=3797/0/active/running/ named=0/inactive/dead/ agent=3847/active/ jphase=absent killpid=
20:44:02.670444258 pdns=3797/0/active/running/ named=0/inactive/dead/ agent=3847/active/ jphase=absent killpid=
20:44:02.956915892 pdns=3797/0/active/running/ named=0/inactive/dead/ agent=3847/active/ jphase=absent killpid=
20:44:03.236262062 pdns=3797/0/active/running/ named=0/inactive/dead/ agent=3847/active/ jphase=absent killpid=
20:44:03.519570674 pdns=3797/0/active/running/ named=0/inactive/dead/ agent=3847/active/ jphase=absent killpid=
20:44:03.801694548 pdns=3797/0/active/running/ named=0/inactive/dead/ agent=3847/active/ jphase=absent killpid=
20:44:04.093883008 pdns=3797/0/active/running/ named=0/inactive/dead/ agent=3847/active/ jphase=absent killpid=
20:44:04.378257323 pdns=3797/0/active/running/ named=0/inactive/dead/ agent=3847/active/ jphase=absent killpid=
20:44:04.662592764 pdns=3797/0/active/running/ named=0/inactive/dead/ agent=3847/active/ jphase=absent killpid=
20:44:04.976882980 pdns=3797/0/active/running/ named=0/inactive/dead/ agent=3847/active/ jphase=absent killpid=
20:44:05.267228985 pdns=3797/0/active/running/ named=0/inactive/dead/ agent=3847/active/ jphase=absent killpid=
20:44:05.554086952 pdns=3797/0/active/running/ named=0/inactive/dead/ agent=3847/active/ jphase=absent killpid=
20:44:05.834156990 pdns=3797/0/active/running/ named=0/inactive/dead/ agent=3847/active/ jphase=absent killpid=
20:44:06.122687748 pdns=3797/0/active/running/ named=0/inactive/dead/ agent=3847/active/ jphase=absent killpid=
20:44:06.412735638 pdns=3797/0/active/running/ named=0/inactive/dead/ agent=3847/active/ jphase=absent killpid=
20:44:06.693428289 pdns=3797/0/active/running/ named=0/inactive/dead/ agent=3847/active/ jphase=absent killpid=
20:44:06.978654261 pdns=3797/0/active/running/ named=0/inactive/dead/ agent=3847/active/ jphase=absent killpid=
20:44:07.265270491 pdns=3797/0/active/running/ named=0/inactive/dead/ agent=3847/active/ jphase=absent killpid=
20:44:07.544321514 pdns=3797/0/active/running/ named=0/inactive/dead/ agent=3847/active/ jphase=absent killpid=
20:44:07.823667863 pdns=3797/0/active/running/ named=0/inactive/dead/ agent=3847/active/ jphase=absent killpid=
20:44:08.105728838 pdns=3797/0/active/running/ named=0/inactive/dead/ agent=3847/active/ jphase=absent killpid=
20:44:08.393568905 pdns=3797/0/active/running/ named=0/inactive/dead/ agent=3847/active/ jphase=absent killpid=
20:44:08.678061555 pdns=3797/0/active/running/ named=0/inactive/dead/ agent=3847/active/ jphase=absent killpid=
20:44:08.959636031 pdns=3797/0/active/running/ named=0/inactive/dead/ agent=3847/active/ jphase=absent killpid=
20:44:09.239742890 pdns=3797/0/active/running/ named=0/inactive/dead/ agent=3847/active/ jphase=absent killpid=
20:44:09.518904617 pdns=3797/0/active/running/ named=0/inactive/dead/ agent=3847/active/ jphase=absent killpid=
20:44:09.800428300 pdns=3797/0/active/running/ named=0/inactive/dead/ agent=3847/active/ jphase=absent killpid=
20:44:10.080417989 pdns=3797/0/active/running/ named=0/inactive/dead/ agent=3847/active/ jphase=absent killpid=
20:44:10.362723152 pdns=3797/0/active/running/ named=0/inactive/dead/ agent=3847/active/ jphase=absent killpid=
20:44:10.869536215 pdns=3797/0/active/running/ named=0/inactive/dead/ agent=3847/active/ jphase=absent killpid=
20:44:11.157500087 pdns=3797/0/active/running/ named=0/inactive/dead/ agent=3847/active/ jphase=absent killpid=
20:44:11.440429299 pdns=3797/0/active/running/ named=0/inactive/dead/ agent=3847/active/ jphase=absent killpid=
20:44:11.721553749 pdns=3797/0/active/running/ named=0/inactive/dead/ agent=3847/active/ jphase=absent killpid=
20:44:12.016333309 pdns=3797/0/active/running/ named=0/inactive/dead/ agent=3847/active/ jphase=absent killpid=
20:44:12.300953242 pdns=3797/0/active/running/ named=0/inactive/dead/ agent=3847/active/ jphase=absent killpid=
20:44:12.581613453 pdns=3797/0/active/running/ named=0/inactive/dead/ agent=3847/active/ jphase=absent killpid=
20:44:12.865333694 pdns=3797/0/active/running/ named=0/inactive/dead/ agent=3847/active/ jphase=absent killpid=
20:44:13.154315098 pdns=3797/0/active/running/ named=0/inactive/dead/ agent=3847/active/ jphase=absent killpid=
done
