19:04:33.961732885 CHANGE journal none -> absent
19:04:33.969528131 CHANGE ledger none -> e708ce22bd4d650164d80f4140b59adf378cae723fb3b540891e1c2d23e9dd99
19:04:33.977193414 CHANGE state none -> 25f48fe7583490fb112f826423117dffbea4e3882eaca73e56bbd63c5c1b0b90
19:04:33.987639742 CHANGE pdnsdb none -> ee7050cc951ffbff4e275f114683a4278ba686b32a38f656d0e4f349b53e86c6
19:04:33.990576224 POINTER 
19:04:33.992021619 pdns=3084/0/active/running/ named=0/inactive/dead/ agent=0/inactive/ jphase=absent killpid=
19:04:34.267068246 pdns=3084/0/active/running/ named=0/inactive/dead/ agent=0/inactive/ jphase=absent killpid=
19:04:34.557055958 pdns=3084/0/active/running/ named=0/inactive/dead/ agent=0/inactive/ jphase=absent killpid=
19:04:34.845765415 pdns=3084/0/active/running/ named=0/inactive/dead/ agent=0/inactive/ jphase=absent killpid=
19:04:35.123000154 CHANGE ledger e708ce22bd4d650164d80f4140b59adf378cae723fb3b540891e1c2d23e9dd99 -> 3606f92593ddfa56bdb4f33c492f77458761afef543abe62bbcf46b866b4ccdd
19:04:35.132619877 pdns=3084/0/active/running/ named=0/inactive/dead/ agent=0/inactive/ jphase=absent killpid=4035,
19:04:35.411794150 CHANGE ledger 3606f92593ddfa56bdb4f33c492f77458761afef543abe62bbcf46b866b4ccdd -> b58403b2c5a3f02ead3b607178b017f550a28b7ed2ee29772c2d4754d9e59fd6
19:04:35.422441716 pdns=3084/0/active/running/ named=0/inactive/dead/ agent=0/inactive/ jphase=absent killpid=4035,
19:04:35.708002234 CHANGE ledger b58403b2c5a3f02ead3b607178b017f550a28b7ed2ee29772c2d4754d9e59fd6 -> d9d87abfbe85149da3efa279cffbbba6ce4740ba93aa4ee0375bdf16e113665c
19:04:35.721223035 pdns=3084/0/active/running/ named=0/inactive/dead/ agent=0/inactive/ jphase=absent killpid=4035,
19:04:36.004398804 CHANGE ledger d9d87abfbe85149da3efa279cffbbba6ce4740ba93aa4ee0375bdf16e113665c -> 0b4f68bbe8277bcfe3affe6c9ee40f908e380566e8d14b41773cd4c62557eabd
19:04:36.018602714 pdns=3084/0/active/running/ named=0/inactive/dead/ agent=0/inactive/ jphase=absent killpid=4035,4361,
19:04:36.300142306 CHANGE ledger 0b4f68bbe8277bcfe3affe6c9ee40f908e380566e8d14b41773cd4c62557eabd -> 040cbbff02359c0c6e05f7c12d608f075e686e57a795d4e4bc926eec72383e29
19:04:36.315491754 pdns=3084/0/active/running/ named=0/inactive/dead/ agent=0/inactive/ jphase=absent killpid=4035,
19:04:36.600219137 CHANGE ledger 040cbbff02359c0c6e05f7c12d608f075e686e57a795d4e4bc926eec72383e29 -> 891e05c4e6402b5f41728fdb2a5b31f670b92f523565a7b2fe6e69d05a2c18d0
19:04:36.611875776 pdns=3084/0/active/running/ named=0/inactive/dead/ agent=0/inactive/ jphase=absent killpid=4035,
19:04:36.898729838 CHANGE ledger 891e05c4e6402b5f41728fdb2a5b31f670b92f523565a7b2fe6e69d05a2c18d0 -> 1d6b6c3b49771859718568af305cb6c7e3bbcdd1152aa988fa1185f2fa6537f3
19:04:36.919046750 pdns=3084/0/active/running/ named=0/inactive/dead/ agent=0/inactive/ jphase=absent killpid=4035,
19:04:37.214538662 CHANGE ledger 1d6b6c3b49771859718568af305cb6c7e3bbcdd1152aa988fa1185f2fa6537f3 -> 69f9e4478ebffdf77467cd532cc7c284d11fe2209efc29730fc2bfbb08a76598
19:04:37.227874683 pdns=3084/0/active/running/ named=0/inactive/dead/ agent=0/inactive/ jphase=absent killpid=4035,
19:04:37.561968151 CHANGE ledger 69f9e4478ebffdf77467cd532cc7c284d11fe2209efc29730fc2bfbb08a76598 -> 6ebd9c6b06995ad7d427c338b96e8753e0feea60606d1a0828550e33c1c642ab
19:04:37.576179722 pdns=3084/0/active/running/ named=0/inactive/dead/ agent=0/inactive/ jphase=absent killpid=4035,4816,
19:04:37.902843136 CHANGE ledger 6ebd9c6b06995ad7d427c338b96e8753e0feea60606d1a0828550e33c1c642ab -> 8502161d9339967d87d03264833b17869358c22d3cf05913c92451e285b7c78f
19:04:37.915624023 pdns=3084/0/active/running/ named=0/inactive/dead/ agent=0/inactive/ jphase=absent killpid=4035,4816,
19:04:38.197568517 pdns=3084/0/active/running/ named=0/inactive/dead/ agent=0/inactive/ jphase=absent killpid=4035,4816,
19:04:38.472244609 pdns=3084/0/active/running/ named=0/inactive/dead/ agent=0/inactive/ jphase=absent killpid=4035,4816,
19:04:38.752044919 pdns=3084/0/active/running/ named=0/inactive/dead/ agent=0/inactive/ jphase=absent killpid=4035,4816,
19:04:39.032172276 pdns=3084/0/active/running/ named=0/inactive/dead/ agent=0/inactive/ jphase=absent killpid=4035,4816,
19:04:39.323233463 pdns=3084/0/active/running/ named=0/inactive/dead/ agent=0/inactive/ jphase=absent killpid=4035,4816,
19:04:39.604549042 pdns=3084/0/active/running/ named=0/inactive/dead/ agent=0/inactive/ jphase=absent killpid=4035,4816,
19:04:39.893241250 pdns=3084/0/active/running/ named=0/inactive/dead/ agent=0/inactive/ jphase=absent killpid=4035,4816,
19:04:40.179833968 CHANGE ledger 8502161d9339967d87d03264833b17869358c22d3cf05913c92451e285b7c78f -> 2012e5fcd14271c8b7a9957565464f484cca6ccf21e6480e1bf95578ab7e8342
19:04:40.190558310 pdns=3084/0/active/running/ named=0/inactive/dead/ agent=0/inactive/ jphase=absent killpid=4035,4816,
19:04:40.471398346 pdns=3084/0/active/running/ named=0/inactive/dead/ agent=0/inactive/ jphase=absent killpid=4035,4816,
19:04:40.747276673 pdns=3084/0/active/running/ named=0/inactive/dead/ agent=0/inactive/ jphase=absent killpid=4035,4816,
19:04:41.042442147 pdns=3084/0/active/running/ named=0/inactive/dead/ agent=0/inactive/ jphase=absent killpid=4035,4816,
19:04:41.463044597 pdns=3084/0/active/running/ named=0/inactive/dead/ agent=0/inactive/ jphase=absent killpid=4035,4816,
19:04:41.768827283 pdns=3084/0/active/running/ named=0/inactive/dead/ agent=0/inactive/ jphase=absent killpid=4035,4816,
19:04:42.098367024 pdns=3084/0/active/running/ named=0/inactive/dead/ agent=0/inactive/ jphase=absent killpid=4035,4816,
19:04:42.380482589 pdns=3084/0/active/running/ named=0/inactive/dead/ agent=0/inactive/ jphase=absent killpid=4035,4816,
19:04:42.667326676 pdns=3084/0/active/running/ named=0/inactive/dead/ agent=0/inactive/ jphase=absent killpid=4035,4816,
19:04:42.956199112 pdns=3084/0/active/running/ named=0/inactive/dead/ agent=0/inactive/ jphase=absent killpid=4035,4816,
19:04:43.236818017 pdns=3084/0/active/running/ named=0/inactive/dead/ agent=0/inactive/ jphase=absent killpid=4035,5786,
19:04:43.519404678 CHANGE ledger 2012e5fcd14271c8b7a9957565464f484cca6ccf21e6480e1bf95578ab7e8342 -> f6a165a8c5e8d3493c57482657f2af0fa6a9a586a368af377055da8585a2241d
19:04:43.535838424 pdns=3084/0/active/running/ named=0/inactive/dead/ agent=0/inactive/ jphase=absent killpid=4035,5905,
19:04:43.993435933 CHANGE ledger f6a165a8c5e8d3493c57482657f2af0fa6a9a586a368af377055da8585a2241d -> d75b930e090492c54bbc1c91d414e520f6245c1a00562499ad38591c0ae434f6
19:04:44.016528079 pdns=3084/0/active/running/ named=0/inactive/dead/ agent=0/inactive/ jphase=absent killpid=4035,
19:04:44.513497405 CHANGE ledger d75b930e090492c54bbc1c91d414e520f6245c1a00562499ad38591c0ae434f6 -> 2bfb046f5c7b694f1f17f4ecf374e488c7d7ac63d51b30eb5d5932e264f14d3f
19:04:44.526576128 pdns=3084/0/active/running/ named=0/inactive/dead/ agent=0/inactive/ jphase=absent killpid=4035,6139,
19:04:44.809336641 CHANGE ledger 2bfb046f5c7b694f1f17f4ecf374e488c7d7ac63d51b30eb5d5932e264f14d3f -> 858656f63540ad332f613a903338528d21f46656b36171e94f0f38a47f71a30f
19:04:44.819406875 pdns=3084/0/active/running/ named=0/inactive/dead/ agent=0/inactive/ jphase=absent killpid=4035,
19:04:45.098618773 CHANGE ledger 858656f63540ad332f613a903338528d21f46656b36171e94f0f38a47f71a30f -> f747eb9f91db7c5bc93bd870fe417c09f1282f491d8518335f14b1c9cfb19e61
19:04:45.109611842 POINTER /var/cache/bind/celikpanel mtime=2026-09-29 19:04:45.087559956 +0000 ino=131690 /var/cache/bind/celikpanel/current absent 
19:04:45.111158032 pdns=3084/0/active/running/ named=0/inactive/dead/ agent=0/inactive/ jphase=absent killpid=4035,6297,
19:04:45.384870056 CHANGE ledger f747eb9f91db7c5bc93bd870fe417c09f1282f491d8518335f14b1c9cfb19e61 -> 160e1a0a9a5e7aa733bf38058b6641e07b9d3d96327ed9f438375a3549a83fc3
19:04:45.397240275 POINTER /var/cache/bind/celikpanel mtime=2026-09-29 19:04:45.279545239 +0000 ino=131690 /var/cache/bind/celikpanel/current absent 
19:04:45.398603211 pdns=3084/0/active/running/ named=0/inactive/dead/ agent=0/inactive/ jphase=absent killpid=4035,
19:04:45.686000013 CHANGE ledger 160e1a0a9a5e7aa733bf38058b6641e07b9d3d96327ed9f438375a3549a83fc3 -> 17a17483a05ea80a815c40dbea2a0916abcde4ef932bf8ec325fe74818ae6d98
19:04:45.698878340 pdns=3084/0/active/running/ named=0/inactive/dead/ agent=0/inactive/ jphase=absent killpid=4035,
19:04:45.987216866 CHANGE ledger 17a17483a05ea80a815c40dbea2a0916abcde4ef932bf8ec325fe74818ae6d98 -> 80e8fde31090d9eda0fa7dece14b559cc62802fd0de42889f175538383c6bbbe
19:04:45.999093122 pdns=3084/0/active/running/ named=0/inactive/dead/ agent=0/inactive/ jphase=absent killpid=4035,6574,
19:04:46.285684744 CHANGE ledger 80e8fde31090d9eda0fa7dece14b559cc62802fd0de42889f175538383c6bbbe -> d6a1b1077ca9488adfeb68e24a81b1251932f6b07fbd4308abf3bac130342eb1
19:04:46.305272893 pdns=3084/0/active/running/ named=0/inactive/dead/ agent=0/inactive/ jphase=absent killpid=4035,
19:04:46.588032033 CHANGE ledger d6a1b1077ca9488adfeb68e24a81b1251932f6b07fbd4308abf3bac130342eb1 -> 38f0e22e4044380713aeeaa76147abca5d58613b6cd36b04cd10c985cade0016
19:04:46.601758674 pdns=3084/0/active/running/ named=0/inactive/dead/ agent=0/inactive/ jphase=absent killpid=4035,
19:04:46.880191441 CHANGE ledger 38f0e22e4044380713aeeaa76147abca5d58613b6cd36b04cd10c985cade0016 -> 1d4a1a6522dc54d8c6440ee61fc82a2dc74ea28cd37619fe8e63379112b1a04f
19:04:46.892444404 pdns=3084/0/active/running/ named=0/inactive/dead/ agent=0/inactive/ jphase=absent killpid=4035,
19:04:47.177669081 CHANGE ledger 1d4a1a6522dc54d8c6440ee61fc82a2dc74ea28cd37619fe8e63379112b1a04f -> 2b930e4022342ee46e1ed7a4f91f6e660ca132808570923b093fffad37a24e08
19:04:47.192510362 pdns=3084/0/active/running/ named=0/inactive/dead/ agent=0/inactive/ jphase=absent killpid=4035,6949,
19:04:47.477648794 CHANGE ledger 2b930e4022342ee46e1ed7a4f91f6e660ca132808570923b093fffad37a24e08 -> ce1c9e00a8da9e59df02ada58ad0bf5fb6eddd5b6e43ad1c886c816c1c1eb756
19:04:47.494346340 pdns=3084/0/active/running/ named=0/inactive/dead/ agent=0/inactive/ jphase=absent killpid=4035,
19:04:47.771907319 CHANGE ledger ce1c9e00a8da9e59df02ada58ad0bf5fb6eddd5b6e43ad1c886c816c1c1eb756 -> 1cf53ae45caeb0e6e798039996c2cf02f6c61bfcaba71bdf365029a24440aacb
19:04:47.783946804 pdns=3084/0/active/running/ named=0/inactive/dead/ agent=0/inactive/ jphase=absent killpid=4035,7146,
19:04:48.071755923 CHANGE ledger 1cf53ae45caeb0e6e798039996c2cf02f6c61bfcaba71bdf365029a24440aacb -> 3642b446f9e3a1d22320c7e0c8528c264a23976d3351fd07a9a7f4f30c2d7fac
19:04:48.089541617 pdns=3084/0/active/running/ named=0/inactive/dead/ agent=0/inactive/ jphase=absent killpid=4035,
19:04:48.383129199 CHANGE journal absent -> 93e253998b5cfe1d7efce1bcf9a410c241a74828586b154439e1dac908c050b1
19:04:48.390844490 CHANGE ledger 3642b446f9e3a1d22320c7e0c8528c264a23976d3351fd07a9a7f4f30c2d7fac -> a87c3fdff782f52a6d10a81e37ea20eabae51634104ac7483e86104b020c29ab
19:04:48.408199331 POINTER /var/cache/bind/celikpanel mtime=2026-09-29 19:04:48.331318486 +0000 ino=131690 /var/cache/bind/celikpanel/current mtime=2026-09-29 19:04:48.323319057 +0000 ino=131712 -> '/var/cache/bind/celikpanel/current' -> 'generations/887b677d093b6f4cea55ced3c4548a7e35466d6dacf2e41e876d14feeb2e5fd4' 
19:04:48.409505311 pdns=3084/0/active/running/ named=0/inactive/dead/ agent=0/inactive/ jphase=intent killpid=4035,7301,
19:04:48.673554679 CHANGE journal 93e253998b5cfe1d7efce1bcf9a410c241a74828586b154439e1dac908c050b1 -> f9a7dd2a51637466a5674e970e4850f60d1f38103e35511234f0046c8b02418f
19:04:48.685562067 CHANGE ledger a87c3fdff782f52a6d10a81e37ea20eabae51634104ac7483e86104b020c29ab -> 6b93937a515b670a963b0a8d49472a5dcc9a94176e6707a9c8888f65112a7920
19:04:48.699544753 pdns=3084/0/active/running/ named=0/inactive/dead/ agent=0/inactive/ jphase=rolling-back killpid=4035,
19:04:48.983343718 CHANGE ledger 6b93937a515b670a963b0a8d49472a5dcc9a94176e6707a9c8888f65112a7920 -> 862acb8b9f8e8ffc2f015489a5a1915db2b48f9f0ba7192f98fdecc8d704136f
19:04:48.999166843 pdns=3084/0/active/running/ named=0/inactive/dead/ agent=0/inactive/ jphase=rolling-back killpid=4035,
19:04:49.276831297 CHANGE ledger 862acb8b9f8e8ffc2f015489a5a1915db2b48f9f0ba7192f98fdecc8d704136f -> d2d10e0893115595edcf2d7114a0d846b510fed3c5ef66973637f9256f18e591
19:04:49.289700712 pdns=3084/0/active/running/ named=0/inactive/dead/ agent=0/inactive/ jphase=rolling-back killpid=4035,7606,
19:04:49.563691498 CHANGE ledger d2d10e0893115595edcf2d7114a0d846b510fed3c5ef66973637f9256f18e591 -> e5d4920afbe9058a472376d7e96469e3dc5cdaa85bec7e038823744252ca287e
19:04:49.579557678 pdns=3084/0/active/running/ named=0/inactive/dead/ agent=0/inactive/ jphase=rolling-back killpid=4035,7702,
19:04:49.914461146 CHANGE ledger e5d4920afbe9058a472376d7e96469e3dc5cdaa85bec7e038823744252ca287e -> 82a80aa63e74a56e6364e9266bffdadd0f6522cc9fd847847be681acf1178e84
19:04:49.927026784 pdns=3084/0/active/running/ named=0/inactive/dead/ agent=0/inactive/ jphase=rolling-back killpid=4035,
19:04:50.400143542 CHANGE ledger 82a80aa63e74a56e6364e9266bffdadd0f6522cc9fd847847be681acf1178e84 -> 6ebb1c7e284b9505cb88e770bfb325d1da3948c6f6c42a0f2e97b7d0bc3a5049
19:04:50.417603530 pdns=3084/0/active/running/ named=0/inactive/dead/ agent=0/inactive/ jphase=rolling-back killpid=4035,
19:04:50.691823175 CHANGE ledger 6ebb1c7e284b9505cb88e770bfb325d1da3948c6f6c42a0f2e97b7d0bc3a5049 -> 986204595db5d759159fbe8063f345d7541953e77f3ee816c014007959d8e5f0
19:04:50.718071893 pdns=3084/0/active/running/ named=0/inactive/dead/ agent=0/inactive/ jphase=rolling-back killpid=4035,8030,
19:04:51.001041647 CHANGE ledger 986204595db5d759159fbe8063f345d7541953e77f3ee816c014007959d8e5f0 -> 0a41b425efbe7d030992dbfd570d58641c4f2ef16eb89557452287b3b852f63b
19:04:51.014616922 pdns=3084/0/active/running/ named=0/inactive/dead/ agent=0/inactive/ jphase=rolling-back killpid=4035,
19:04:51.300319271 CHANGE ledger 0a41b425efbe7d030992dbfd570d58641c4f2ef16eb89557452287b3b852f63b -> c1c69857760f42d0bff53e96ffa9f3e450b711f266c81325896ef714abd2763f
19:04:51.318784905 pdns=3084/0/active/running/ named=0/inactive/dead/ agent=0/inactive/ jphase=rolling-back killpid=4035,
19:04:51.596789856 CHANGE ledger c1c69857760f42d0bff53e96ffa9f3e450b711f266c81325896ef714abd2763f -> c91f65b85f9b6008d0c46f3952d058c70a3964f165097b2a77a983519dc692d8
19:04:51.613844880 pdns=3084/0/active/running/ named=0/inactive/dead/ agent=0/inactive/ jphase=rolling-back killpid=4035,
19:04:51.895257664 CHANGE ledger c91f65b85f9b6008d0c46f3952d058c70a3964f165097b2a77a983519dc692d8 -> 036c35e39cbe69d20072af8e158456375b6dc7ef8324e3683a528724c9e03a9c
19:04:51.912614104 pdns=3084/0/active/running/ named=0/inactive/dead/ agent=8310/active/ jphase=rolling-back killpid=
19:04:52.310934386 pdns=3084/0/active/running/ named=0/inactive/dead/ agent=8310/active/ jphase=rolling-back killpid=
19:04:52.604192487 pdns=3084/0/active/running/ named=0/inactive/dead/ agent=8310/active/ jphase=rolling-back killpid=
19:04:52.891581048 pdns=3084/0/active/running/ named=0/inactive/dead/ agent=8310/active/ jphase=rolling-back killpid=
19:04:53.189366417 pdns=3084/0/active/running/ named=0/inactive/dead/ agent=8310/active/ jphase=rolling-back killpid=
19:04:53.492159969 pdns=3084/0/active/running/ named=0/inactive/dead/ agent=8310/active/ jphase=rolling-back killpid=
19:04:53.796348842 pdns=3084/0/active/running/ named=0/inactive/dead/ agent=8310/active/ jphase=rolling-back killpid=
19:04:54.115265293 pdns=3084/0/active/running/ named=0/inactive/dead/ agent=8310/active/ jphase=rolling-back killpid=
19:04:54.413693052 pdns=3084/0/active/running/ named=0/inactive/dead/ agent=8310/active/ jphase=rolling-back killpid=
19:04:54.711978895 pdns=3084/0/active/running/ named=0/inactive/dead/ agent=8310/active/ jphase=rolling-back killpid=
19:04:55.018274990 pdns=3084/0/active/running/ named=0/inactive/dead/ agent=8310/active/ jphase=rolling-back killpid=
19:04:55.324107655 POINTER /var/cache/bind/celikpanel mtime=2026-09-29 19:04:55.310857276 +0000 ino=131690 /var/cache/bind/celikpanel/current absent 
19:04:55.325395938 pdns=3084/0/active/running/ named=0/inactive/dead/ agent=8310/active/ jphase=rolling-back killpid=
19:04:55.618788298 POINTER /var/cache/bind/celikpanel mtime=2026-09-29 19:04:55.558842232 +0000 ino=131690 /var/cache/bind/celikpanel/current absent 
19:04:55.620103730 pdns=3084/0/active/running/ named=0/inactive/dead/ agent=8310/active/ jphase=rolling-back killpid=
19:04:55.912215451 pdns=3084/0/active/running/ named=0/inactive/dead/ agent=8310/active/ jphase=rolling-back killpid=
19:04:56.210296868 pdns=3084/0/active/running/ named=0/inactive/dead/ agent=8310/active/ jphase=rolling-back killpid=
19:04:56.512723684 pdns=3084/0/active/running/ named=0/inactive/dead/ agent=8310/active/ jphase=rolling-back killpid=
19:04:56.830983524 pdns=3084/0/active/running/ named=0/inactive/dead/ agent=8310/active/ jphase=rolling-back killpid=
19:04:57.129751127 pdns=3084/0/active/running/ named=0/inactive/dead/ agent=8310/active/ jphase=rolling-back killpid=
19:04:57.440133001 pdns=3084/0/active/running/ named=0/inactive/dead/ agent=8310/active/ jphase=rolling-back killpid=
19:04:57.744483503 pdns=3084/0/active/running/ named=0/inactive/dead/ agent=8310/active/ jphase=rolling-back killpid=
19:04:58.041481868 pdns=3084/0/active/running/ named=0/inactive/dead/ agent=8310/active/ jphase=rolling-back killpid=
19:04:58.340967033 pdns=3084/0/active/running/ named=0/inactive/dead/ agent=8310/active/ jphase=rolling-back killpid=
19:04:58.642853748 pdns=3084/0/active/running/ named=0/inactive/dead/ agent=8310/active/ jphase=rolling-back killpid=
19:04:58.930852368 CHANGE journal f9a7dd2a51637466a5674e970e4850f60d1f38103e35511234f0046c8b02418f -> b05c7f2615882c1c4e10a7a2a5adaefbf76ee51578c55018e264ac4d73d359d5
19:04:58.953306649 pdns=3084/0/active/running/ named=0/inactive/dead/ agent=8310/active/ jphase=rolled-back killpid=
19:04:59.245008110 pdns=3084/0/active/running/ named=0/inactive/dead/ agent=8310/active/ jphase=rolled-back killpid=
19:04:59.550059976 pdns=3084/0/active/running/ named=0/inactive/dead/ agent=8310/active/ jphase=rolled-back killpid=
19:04:59.849738199 pdns=3084/0/active/running/ named=0/inactive/dead/ agent=8310/active/ jphase=rolled-back killpid=
19:05:00.153009843 pdns=3084/0/active/running/ named=0/inactive/dead/ agent=8310/active/ jphase=rolled-back killpid=
19:05:00.423478812 CHANGE journal b05c7f2615882c1c4e10a7a2a5adaefbf76ee51578c55018e264ac4d73d359d5 -> absent
19:05:00.454399126 pdns=3084/0/active/running/ named=0/inactive/dead/ agent=8310/active/ jphase=absent killpid=
19:05:00.746279088 pdns=3084/0/active/running/ named=0/inactive/dead/ agent=8310/active/ jphase=absent killpid=
19:05:01.044887866 pdns=3084/0/active/running/ named=0/inactive/dead/ agent=8310/active/ jphase=absent killpid=
19:05:01.348903177 pdns=3084/0/active/running/ named=0/inactive/dead/ agent=8310/active/ jphase=absent killpid=
19:05:01.650977359 pdns=3084/0/active/running/ named=0/inactive/dead/ agent=8310/active/ jphase=absent killpid=
19:05:01.926831961 pdns=3084/0/active/running/ named=0/inactive/dead/ agent=8310/active/ jphase=absent killpid=
19:05:02.201964636 pdns=3084/0/active/running/ named=0/inactive/dead/ agent=8310/active/ jphase=absent killpid=
19:05:02.475837462 pdns=3084/0/active/running/ named=0/inactive/dead/ agent=8310/active/ jphase=absent killpid=
19:05:02.755293781 pdns=3084/0/active/running/ named=0/inactive/dead/ agent=8310/active/ jphase=absent killpid=
19:05:03.032759905 pdns=3084/0/active/running/ named=0/inactive/dead/ agent=8310/active/ jphase=absent killpid=
19:05:03.309098772 pdns=3084/0/active/running/ named=0/inactive/dead/ agent=8310/active/ jphase=absent killpid=
19:05:03.584872892 pdns=3084/0/active/running/ named=0/inactive/dead/ agent=8310/active/ jphase=absent killpid=
19:05:03.860562629 pdns=3084/0/active/running/ named=0/inactive/dead/ agent=8310/active/ jphase=absent killpid=
19:05:04.135181570 pdns=3084/0/active/running/ named=0/inactive/dead/ agent=8310/active/ jphase=absent killpid=
19:05:04.408469158 pdns=3084/0/active/running/ named=0/inactive/dead/ agent=8310/active/ jphase=absent killpid=
19:05:04.682107920 pdns=3084/0/active/running/ named=0/inactive/dead/ agent=8310/active/ jphase=absent killpid=
19:05:04.957483315 pdns=3084/0/active/running/ named=0/inactive/dead/ agent=8310/active/ jphase=absent killpid=
19:05:05.236270217 pdns=3084/0/active/running/ named=0/inactive/dead/ agent=8310/active/ jphase=absent killpid=
19:05:05.515036860 pdns=3084/0/active/running/ named=0/inactive/dead/ agent=8310/active/ jphase=absent killpid=
19:05:05.790258521 pdns=3084/0/active/running/ named=0/inactive/dead/ agent=8310/active/ jphase=absent killpid=
19:05:06.067918918 pdns=3084/0/active/running/ named=0/inactive/dead/ agent=8310/active/ jphase=absent killpid=
19:05:06.348630885 pdns=3084/0/active/running/ named=0/inactive/dead/ agent=8310/active/ jphase=absent killpid=
19:05:06.623880147 pdns=3084/0/active/running/ named=0/inactive/dead/ agent=8310/active/ jphase=absent killpid=
19:05:06.905118247 pdns=3084/0/active/running/ named=0/inactive/dead/ agent=8310/active/ jphase=absent killpid=
19:05:07.183958405 pdns=3084/0/active/running/ named=0/inactive/dead/ agent=8310/active/ jphase=absent killpid=
19:05:07.460236051 pdns=3084/0/active/running/ named=0/inactive/dead/ agent=8310/active/ jphase=absent killpid=
19:05:07.736063377 pdns=3084/0/active/running/ named=0/inactive/dead/ agent=8310/active/ jphase=absent killpid=
19:05:08.014126694 pdns=3084/0/active/running/ named=0/inactive/dead/ agent=8310/active/ jphase=absent killpid=
19:05:08.293138967 pdns=3084/0/active/running/ named=0/inactive/dead/ agent=8310/active/ jphase=absent killpid=
19:05:08.573085621 pdns=3084/0/active/running/ named=0/inactive/dead/ agent=8310/active/ jphase=absent killpid=
19:05:08.848743356 pdns=3084/0/active/running/ named=0/inactive/dead/ agent=8310/active/ jphase=absent killpid=
19:05:09.132258520 pdns=3084/0/active/running/ named=0/inactive/dead/ agent=8310/active/ jphase=absent killpid=
19:05:09.409819347 pdns=3084/0/active/running/ named=0/inactive/dead/ agent=8310/active/ jphase=absent killpid=
19:05:09.683276027 pdns=3084/0/active/running/ named=0/inactive/dead/ agent=8310/active/ jphase=absent killpid=
19:05:09.962782915 pdns=3084/0/active/running/ named=0/inactive/dead/ agent=8310/active/ jphase=absent killpid=
19:05:10.239194358 pdns=3084/0/active/running/ named=0/inactive/dead/ agent=8310/active/ jphase=absent killpid=
19:05:10.520819032 pdns=3084/0/active/running/ named=0/inactive/dead/ agent=8310/active/ jphase=absent killpid=
19:05:10.794936623 pdns=3084/0/active/running/ named=0/inactive/dead/ agent=8310/active/ jphase=absent killpid=
19:05:11.077865964 pdns=3084/0/active/running/ named=0/inactive/dead/ agent=8310/active/ jphase=absent killpid=
19:05:11.399831936 pdns=3084/0/active/running/ named=0/inactive/dead/ agent=8310/active/ jphase=absent killpid=
19:05:11.677381691 pdns=3084/0/active/running/ named=0/inactive/dead/ agent=8310/active/ jphase=absent killpid=
19:05:11.958230237 pdns=3084/0/active/running/ named=0/inactive/dead/ agent=8310/active/ jphase=absent killpid=
19:05:12.238042855 pdns=3084/0/active/running/ named=0/inactive/dead/ agent=8310/active/ jphase=absent killpid=
19:05:12.516418521 pdns=3084/0/active/running/ named=0/inactive/dead/ agent=8310/active/ jphase=absent killpid=
19:05:12.793418422 pdns=3084/0/active/running/ named=0/inactive/dead/ agent=8310/active/ jphase=absent killpid=
19:05:13.069499870 pdns=3084/0/active/running/ named=0/inactive/dead/ agent=8310/active/ jphase=absent killpid=
19:05:13.349247804 pdns=3084/0/active/running/ named=0/inactive/dead/ agent=8310/active/ jphase=absent killpid=
19:05:13.626838987 pdns=3084/0/active/running/ named=0/inactive/dead/ agent=8310/active/ jphase=absent killpid=
19:05:13.904273338 pdns=3084/0/active/running/ named=0/inactive/dead/ agent=8310/active/ jphase=absent killpid=
19:05:14.190305353 pdns=3084/0/active/running/ named=0/inactive/dead/ agent=8310/active/ jphase=absent killpid=
19:05:14.471023814 pdns=3084/0/active/running/ named=0/inactive/dead/ agent=8310/active/ jphase=absent killpid=
19:05:14.756463717 pdns=3084/0/active/running/ named=0/inactive/dead/ agent=8310/active/ jphase=absent killpid=
19:05:15.044221688 pdns=3084/0/active/running/ named=0/inactive/dead/ agent=8310/active/ jphase=absent killpid=
19:05:15.323312272 pdns=3084/0/active/running/ named=0/inactive/dead/ agent=8310/active/ jphase=absent killpid=
19:05:15.605077177 pdns=3084/0/active/running/ named=0/inactive/dead/ agent=8310/active/ jphase=absent killpid=
19:05:15.904584564 pdns=3084/0/active/running/ named=0/inactive/dead/ agent=8310/active/ jphase=absent killpid=
19:05:16.179616635 pdns=3084/0/active/running/ named=0/inactive/dead/ agent=8310/active/ jphase=absent killpid=
19:05:16.455033374 pdns=3084/0/active/running/ named=0/inactive/dead/ agent=8310/active/ jphase=absent killpid=
19:05:16.735719726 pdns=3084/0/active/running/ named=0/inactive/dead/ agent=8310/active/ jphase=absent killpid=
19:05:17.010968586 pdns=3084/0/active/running/ named=0/inactive/dead/ agent=8310/active/ jphase=absent killpid=
19:05:17.285978391 pdns=3084/0/active/running/ named=0/inactive/dead/ agent=8310/active/ jphase=absent killpid=
19:05:17.565067387 pdns=3084/0/active/running/ named=0/inactive/dead/ agent=8310/active/ jphase=absent killpid=
19:05:17.838777818 pdns=3084/0/active/running/ named=0/inactive/dead/ agent=8310/active/ jphase=absent killpid=
19:05:18.112977657 pdns=3084/0/active/running/ named=0/inactive/dead/ agent=8310/active/ jphase=absent killpid=
19:05:18.387898001 pdns=3084/0/active/running/ named=0/inactive/dead/ agent=8310/active/ jphase=absent killpid=
19:05:18.664919527 pdns=3084/0/active/running/ named=0/inactive/dead/ agent=8310/active/ jphase=absent killpid=
19:05:18.944459490 pdns=3084/0/active/running/ named=0/inactive/dead/ agent=8310/active/ jphase=absent killpid=
19:05:19.218118746 pdns=3084/0/active/running/ named=0/inactive/dead/ agent=8310/active/ jphase=absent killpid=
19:05:19.491915017 pdns=3084/0/active/running/ named=0/inactive/dead/ agent=8310/active/ jphase=absent killpid=
19:05:19.772234720 pdns=3084/0/active/running/ named=0/inactive/dead/ agent=8310/active/ jphase=absent killpid=
19:05:20.056913260 pdns=3084/0/active/running/ named=0/inactive/dead/ agent=8310/active/ jphase=absent killpid=
19:05:20.340006780 pdns=3084/0/active/running/ named=0/inactive/dead/ agent=8310/active/ jphase=absent killpid=
19:05:20.615868415 pdns=3084/0/active/running/ named=0/inactive/dead/ agent=8310/active/ jphase=absent killpid=
19:05:20.890314708 pdns=3084/0/active/running/ named=0/inactive/dead/ agent=8310/active/ jphase=absent killpid=
19:05:21.163823730 pdns=3084/0/active/running/ named=0/inactive/dead/ agent=8310/active/ jphase=absent killpid=
19:05:21.444309894 pdns=3084/0/active/running/ named=0/inactive/dead/ agent=8310/active/ jphase=absent killpid=
19:05:21.722215455 pdns=3084/0/active/running/ named=0/inactive/dead/ agent=8310/active/ jphase=absent killpid=
19:05:21.999130069 pdns=3084/0/active/running/ named=0/inactive/dead/ agent=8310/active/ jphase=absent killpid=
19:05:22.275484361 pdns=3084/0/active/running/ named=0/inactive/dead/ agent=8310/active/ jphase=absent killpid=
19:05:22.560375980 pdns=3084/0/active/running/ named=0/inactive/dead/ agent=8310/active/ jphase=absent killpid=
19:05:22.840379484 pdns=3084/0/active/running/ named=0/inactive/dead/ agent=8310/active/ jphase=absent killpid=
19:05:23.118552159 pdns=3084/0/active/running/ named=0/inactive/dead/ agent=8310/active/ jphase=absent killpid=
19:05:23.391697077 pdns=3084/0/active/running/ named=0/inactive/dead/ agent=8310/active/ jphase=absent killpid=
19:05:23.668645900 pdns=3084/0/active/running/ named=0/inactive/dead/ agent=8310/active/ jphase=absent killpid=
19:05:23.949520572 pdns=3084/0/active/running/ named=0/inactive/dead/ agent=8310/active/ jphase=absent killpid=
19:05:24.226746893 pdns=3084/0/active/running/ named=0/inactive/dead/ agent=8310/active/ jphase=absent killpid=
19:05:24.501152835 pdns=3084/0/active/running/ named=0/inactive/dead/ agent=8310/active/ jphase=absent killpid=
19:05:24.779027557 pdns=3084/0/active/running/ named=0/inactive/dead/ agent=8310/active/ jphase=absent killpid=
19:05:25.052636828 pdns=3084/0/active/running/ named=0/inactive/dead/ agent=8310/active/ jphase=absent killpid=
19:05:25.326995108 pdns=3084/0/active/running/ named=0/inactive/dead/ agent=8310/active/ jphase=absent killpid=
19:05:25.603305793 pdns=3084/0/active/running/ named=0/inactive/dead/ agent=8310/active/ jphase=absent killpid=
19:05:25.883160591 pdns=3084/0/active/running/ named=0/inactive/dead/ agent=8310/active/ jphase=absent killpid=
19:05:26.160004492 pdns=3084/0/active/running/ named=0/inactive/dead/ agent=8310/active/ jphase=absent killpid=
19:05:26.474110144 pdns=3084/0/active/running/ named=0/inactive/dead/ agent=8310/active/ jphase=absent killpid=
19:05:26.747861589 pdns=3084/0/active/running/ named=0/inactive/dead/ agent=8310/active/ jphase=absent killpid=
19:05:27.022934606 pdns=3084/0/active/running/ named=0/inactive/dead/ agent=8310/active/ jphase=absent killpid=
19:05:27.297500059 pdns=3084/0/active/running/ named=0/inactive/dead/ agent=8310/active/ jphase=absent killpid=
19:05:27.571808473 pdns=3084/0/active/running/ named=0/inactive/dead/ agent=8310/active/ jphase=absent killpid=
19:05:27.845924834 pdns=3084/0/active/running/ named=0/inactive/dead/ agent=8310/active/ jphase=absent killpid=
19:05:28.122798675 pdns=3084/0/active/running/ named=0/inactive/dead/ agent=8310/active/ jphase=absent killpid=
19:05:28.404029760 pdns=3084/0/active/running/ named=0/inactive/dead/ agent=8310/active/ jphase=absent killpid=
19:05:28.682824926 pdns=3084/0/active/running/ named=0/inactive/dead/ agent=8310/active/ jphase=absent killpid=
19:05:28.959274055 pdns=3084/0/active/running/ named=0/inactive/dead/ agent=8310/active/ jphase=absent killpid=
19:05:29.237873591 pdns=3084/0/active/running/ named=0/inactive/dead/ agent=8310/active/ jphase=absent killpid=
19:05:29.523379029 pdns=3084/0/active/running/ named=0/inactive/dead/ agent=8310/active/ jphase=absent killpid=
19:05:29.803797349 pdns=3084/0/active/running/ named=0/inactive/dead/ agent=8310/active/ jphase=absent killpid=
19:05:30.079745606 pdns=3084/0/active/running/ named=0/inactive/dead/ agent=8310/active/ jphase=absent killpid=
19:05:30.356121840 pdns=3084/0/active/running/ named=0/inactive/dead/ agent=8310/active/ jphase=absent killpid=
19:05:30.635069103 pdns=3084/0/active/running/ named=0/inactive/dead/ agent=8310/active/ jphase=absent killpid=
19:05:30.912350605 pdns=3084/0/active/running/ named=0/inactive/dead/ agent=8310/active/ jphase=absent killpid=
19:05:31.195268328 pdns=3084/0/active/running/ named=0/inactive/dead/ agent=8310/active/ jphase=absent killpid=
19:05:31.476900563 pdns=3084/0/active/running/ named=0/inactive/dead/ agent=8310/active/ jphase=absent killpid=
done
