16:47:50.968843779 CHANGE journal none -> absent
16:47:50.980712364 CHANGE ledger none -> 177f61d12ed0bb85e6ea535b807b376e26bbe0871405a13867c0b3cb6ea4b211
16:47:50.984911594 CHANGE state none -> absent
16:47:50.991471115 CHANGE pdnsdb none -> absent
16:47:50.994747394 POINTER 
16:47:50.996188109 pdns=0/0/inactive/dead/ named=0/inactive/dead/ agent=0/inactive/ jphase=absent killpid=
16:47:51.273184126 pdns=0/0/inactive/dead/ named=0/inactive/dead/ agent=0/inactive/ jphase=absent killpid=
16:47:51.565630133 pdns=0/0/inactive/dead/ named=0/inactive/dead/ agent=0/inactive/ jphase=absent killpid=
16:47:51.849479527 pdns=0/0/inactive/dead/ named=0/inactive/dead/ agent=0/inactive/ jphase=absent killpid=2412,
16:47:52.127028418 CHANGE ledger 177f61d12ed0bb85e6ea535b807b376e26bbe0871405a13867c0b3cb6ea4b211 -> faa1a5048c6075d4000128dd9b7e6b531caf9f400e1a4407211e10b3e767fde6
16:47:52.130362355 pdns=0/0/inactive/dead/ named=0/inactive/dead/ agent=0/inactive/ jphase=absent killpid=2412,2520,
16:47:52.413869381 CHANGE ledger faa1a5048c6075d4000128dd9b7e6b531caf9f400e1a4407211e10b3e767fde6 -> 1065b43b0e1476f513104557a5d697c87cdbd57b074ca6b0f7a948716b100cc3
16:47:52.417235712 pdns=0/0/inactive/dead/ named=0/inactive/dead/ agent=0/inactive/ jphase=absent killpid=2412,
16:47:52.703435135 CHANGE ledger 1065b43b0e1476f513104557a5d697c87cdbd57b074ca6b0f7a948716b100cc3 -> b2d22e1ad1d687e6f6bae323524bc03c85ebe87597c1d605e2e2576bcc7f2c4f
16:47:52.708668164 pdns=0/0/inactive/dead/ named=0/inactive/dead/ agent=0/inactive/ jphase=absent killpid=2412,
16:47:53.007617369 CHANGE ledger b2d22e1ad1d687e6f6bae323524bc03c85ebe87597c1d605e2e2576bcc7f2c4f -> 92d10d1c1e572cafa8c2d65fcce4ca3ddf593047f36e22a8811b9fc4c1ec6ec6
16:47:53.010956450 pdns=0/0/inactive/dead/ named=0/inactive/dead/ agent=0/inactive/ jphase=absent killpid=2412,2730,
16:47:53.299114304 CHANGE ledger 92d10d1c1e572cafa8c2d65fcce4ca3ddf593047f36e22a8811b9fc4c1ec6ec6 -> ead6db433c598d11cb45659a7a52868ce4833ee686a439b87d51bbc318f758db
16:47:53.302375432 pdns=0/0/inactive/dead/ named=0/inactive/dead/ agent=0/inactive/ jphase=absent killpid=2412,2811,
16:47:53.671622919 CHANGE ledger ead6db433c598d11cb45659a7a52868ce4833ee686a439b87d51bbc318f758db -> 450a8878e541cdda50992654b9883bf5d4d0f1e1caa15a55bb21081d8bdb1cb4
16:47:53.675469896 pdns=0/0/inactive/dead/ named=0/inactive/dead/ agent=0/inactive/ jphase=absent killpid=2412,2883,
16:47:53.958761124 CHANGE ledger 450a8878e541cdda50992654b9883bf5d4d0f1e1caa15a55bb21081d8bdb1cb4 -> 7339b5814a9c8fb9d47156af33b0db0327751f76fc2320c5ffbcc6a7ddf98003
16:47:53.962153049 pdns=0/0/inactive/dead/ named=0/inactive/dead/ agent=0/inactive/ jphase=absent killpid=2412,2961,
16:47:54.298136721 CHANGE ledger 7339b5814a9c8fb9d47156af33b0db0327751f76fc2320c5ffbcc6a7ddf98003 -> 663c2f5901563b5a08f40d821869beec494aa21e1326575599c042c2e7d70fb9
16:47:54.302322413 pdns=0/0/inactive/dead/ named=0/inactive/dead/ agent=0/inactive/ jphase=absent killpid=2412,3028,
16:47:54.605091124 CHANGE ledger 663c2f5901563b5a08f40d821869beec494aa21e1326575599c042c2e7d70fb9 -> aaa700088f6fe21da0765151243e23324b19f10a72b977073c0ceb4cde2b78e7
16:47:54.613059931 pdns=0/0/inactive/dead/ named=0/inactive/dead/ agent=0/inactive/ jphase=absent killpid=2412,
16:47:55.059992027 CHANGE ledger aaa700088f6fe21da0765151243e23324b19f10a72b977073c0ceb4cde2b78e7 -> e12b67e0360742d8747c0975df12b878bc67ad24d0b9ba08bb1a8a957311067b
16:47:55.063807710 pdns=0/0/inactive/dead/ named=0/inactive/dead/ agent=0/inactive/ jphase=absent killpid=2412,
16:47:55.341311193 CHANGE ledger e12b67e0360742d8747c0975df12b878bc67ad24d0b9ba08bb1a8a957311067b -> 6be5bf93a455b994582f8cb676eba39169eacb28fd733ea03e6422ab1e1ac033
16:47:55.345172101 pdns=0/0/inactive/dead/ named=0/inactive/dead/ agent=0/inactive/ jphase=absent killpid=2412,
16:47:55.622408371 CHANGE ledger 6be5bf93a455b994582f8cb676eba39169eacb28fd733ea03e6422ab1e1ac033 -> 93101e037e9b2e9a5c6d47964cc99d80055cd8c62b0eb56398a23ca82035e3f3
16:47:55.626883674 POINTER /var/cache/bind/celikpanel mtime=2026-09-29 16:47:55.622186217 +0000 ino=131587 /var/cache/bind/celikpanel/current absent 
16:47:55.628461333 pdns=0/0/inactive/dead/ named=0/inactive/dead/ agent=0/inactive/ jphase=absent killpid=2412,3365,
16:47:55.913728385 CHANGE ledger 93101e037e9b2e9a5c6d47964cc99d80055cd8c62b0eb56398a23ca82035e3f3 -> e428e4ed94a1a14301a974d94aad9ba3513fa3d17b1191bc572931cbd706daac
16:47:55.917817405 pdns=0/0/inactive/dead/ named=0/inactive/dead/ agent=0/inactive/ jphase=absent killpid=2412,
16:47:56.189412368 CHANGE ledger e428e4ed94a1a14301a974d94aad9ba3513fa3d17b1191bc572931cbd706daac -> 38ceb4acc41b2d5ee11dd76aecbabad32ab97c6f095ce2ee53a896209f7dd04f
16:47:56.194301097 POINTER /var/cache/bind/celikpanel mtime=2026-09-29 16:47:56.142234773 +0000 ino=131587 /var/cache/bind/celikpanel/current absent 
16:47:56.198027346 pdns=0/0/inactive/dead/ named=0/inactive/dead/ agent=0/inactive/ jphase=absent killpid=2412,
16:47:56.479887286 CHANGE journal absent -> 043e48a42ba90aacd5563d9d8460fcf30e08ef490a41aea28c61d0097e323c0c
16:47:56.487654337 CHANGE ledger 38ceb4acc41b2d5ee11dd76aecbabad32ab97c6f095ce2ee53a896209f7dd04f -> 28d0f04b4cca49021774b774a3e56b648fc1568f4016b6177dfdb41fe26c24ab
16:47:56.493145686 POINTER /var/cache/bind/celikpanel mtime=2026-09-29 16:47:56.454263466 +0000 ino=131587 /var/cache/bind/celikpanel/current mtime=2026-09-29 16:47:56.450263098 +0000 ino=131597 -> '/var/cache/bind/celikpanel/current' -> 'generations/895b81c7731b93aa00d5883bc78be70b2fbe0449895f9db8157f05592e01222f' 
16:47:56.494483102 pdns=0/0/inactive/dead/ named=0/inactive/dead/ agent=0/inactive/ jphase=intent killpid=2412,
16:47:56.762781690 CHANGE journal 043e48a42ba90aacd5563d9d8460fcf30e08ef490a41aea28c61d0097e323c0c -> 8d2ef8770c01545856bbfc1e178db40fa6f8b720629ea99efba83dd1d45c1d47
16:47:56.771052345 CHANGE ledger 28d0f04b4cca49021774b774a3e56b648fc1568f4016b6177dfdb41fe26c24ab -> 0d3fc012a45a3f1518eb366e28aab5efcaf71c2616d0a59a0624c69a3664676f
16:47:56.776846096 pdns=0/0/inactive/dead/ named=0/inactive/dead/ agent=0/inactive/ jphase=target-staged killpid=
16:47:57.177418009 CHANGE journal 8d2ef8770c01545856bbfc1e178db40fa6f8b720629ea99efba83dd1d45c1d47 -> 498ae4a48a28e32d0ba98356485b596edd6b7587385552dab766e4737d7c2a14
16:47:57.187638288 pdns=0/0/inactive/dead/ named=0/inactive/dead/ agent=3635/active/ jphase=rolling-back killpid=
16:47:57.734315558 pdns=0/0/inactive/dead/ named=0/inactive/dead/ agent=3635/active/ jphase=rolling-back killpid=
16:47:58.373046416 pdns=0/0/inactive/dead/ named=0/inactive/dead/ agent=3635/active/ jphase=rolling-back killpid=
16:47:58.855443865 POINTER /var/cache/bind/celikpanel mtime=2026-09-29 16:47:58.798474236 +0000 ino=131587 /var/cache/bind/celikpanel/current absent 
16:47:58.856998180 pdns=0/0/inactive/dead/ named=0/inactive/dead/ agent=3635/active/ jphase=rolled-back killpid=
16:47:59.145547773 CHANGE journal 498ae4a48a28e32d0ba98356485b596edd6b7587385552dab766e4737d7c2a14 -> absent
16:47:59.155958177 CHANGE ledger 0d3fc012a45a3f1518eb366e28aab5efcaf71c2616d0a59a0624c69a3664676f -> a9fc12a0aeb8385babe51da05e582f8874714138183e989d6a33ba44d0ed97ae
16:47:59.160628604 pdns=0/0/inactive/dead/ named=0/inactive/dead/ agent=3635/active/ jphase=absent killpid=
16:47:59.446510622 CHANGE ledger a9fc12a0aeb8385babe51da05e582f8874714138183e989d6a33ba44d0ed97ae -> 9a0acf8eee05c9ab0ba79acf5a46f9907a9f2089fba5f5ce2b40861700393778
16:47:59.450940712 pdns=0/0/inactive/dead/ named=0/inactive/dead/ agent=3635/active/ jphase=absent killpid=
16:47:59.734716190 CHANGE ledger 9a0acf8eee05c9ab0ba79acf5a46f9907a9f2089fba5f5ce2b40861700393778 -> 0caf845553ed5e60fa31f23250ddc27f8fa7323535f00ac969d7ad760d84c78d
16:47:59.739714979 pdns=0/0/inactive/dead/ named=0/inactive/dead/ agent=3635/active/ jphase=absent killpid=
16:48:00.031937049 CHANGE ledger 0caf845553ed5e60fa31f23250ddc27f8fa7323535f00ac969d7ad760d84c78d -> 4e333f6271cb030df1deb0b96b26c86e74f2f411a098da956ae26b627eb839bd
16:48:00.036434048 pdns=0/0/inactive/dead/ named=0/inactive/dead/ agent=3635/active/ jphase=absent killpid=
16:48:00.322291265 CHANGE ledger 4e333f6271cb030df1deb0b96b26c86e74f2f411a098da956ae26b627eb839bd -> c561a7fe88c72096fe7010e345ad32783ff0dc9163a69d04fffb21ed8bd182f8
16:48:00.327373608 pdns=0/0/inactive/dead/ named=0/inactive/dead/ agent=3635/active/ jphase=absent killpid=
16:48:00.617742690 CHANGE ledger c561a7fe88c72096fe7010e345ad32783ff0dc9163a69d04fffb21ed8bd182f8 -> 5ca990d82535800f30fe14401649c8d0fd45b57c1654c88c176745a46687542f
16:48:00.621873559 pdns=0/0/inactive/dead/ named=0/inactive/dead/ agent=3635/active/ jphase=absent killpid=
16:48:01.093704233 CHANGE ledger 5ca990d82535800f30fe14401649c8d0fd45b57c1654c88c176745a46687542f -> 6ae88a5ca5ae1778911ea875002ed0826c8dfbd1f9b3fd5b68d7e54bb86a8c5a
16:48:01.098794425 pdns=0/0/inactive/dead/ named=0/inactive/dead/ agent=3635/active/ jphase=absent killpid=
16:48:01.494839763 CHANGE ledger 6ae88a5ca5ae1778911ea875002ed0826c8dfbd1f9b3fd5b68d7e54bb86a8c5a -> f3eb4017cd984b336f61ed19d497c4b54b91a0a7a17d296031c85dae2b63635f
16:48:01.499299305 pdns=0/0/inactive/dead/ named=0/inactive/dead/ agent=3635/active/ jphase=absent killpid=
16:48:01.805097299 CHANGE ledger f3eb4017cd984b336f61ed19d497c4b54b91a0a7a17d296031c85dae2b63635f -> 1d66a5d7d7eb70339b8c0630b74f2f1a405a20bdea94b3e3e430f3624c8c41cb
16:48:01.812551001 pdns=0/0/inactive/dead/ named=0/inactive/dead/ agent=3635/active/ jphase=absent killpid=
16:48:02.218062027 CHANGE ledger 1d66a5d7d7eb70339b8c0630b74f2f1a405a20bdea94b3e3e430f3624c8c41cb -> 70879bb93b668181b0e7de939c14701d4b5c5ee884fb943e3a88da3ea5e7410a
16:48:02.222077769 pdns=0/0/inactive/dead/ named=0/inactive/dead/ agent=3635/active/ jphase=absent killpid=
16:48:02.504847563 CHANGE ledger 70879bb93b668181b0e7de939c14701d4b5c5ee884fb943e3a88da3ea5e7410a -> b4222b7ec66f874181b917671d831259a33cb4f61ecd281bc31a3441243616d0
16:48:02.513256006 pdns=0/0/inactive/dead/ named=0/inactive/dead/ agent=3635/active/ jphase=absent killpid=
16:48:02.790039577 CHANGE ledger b4222b7ec66f874181b917671d831259a33cb4f61ecd281bc31a3441243616d0 -> 4d4dd32775e0d5b4a142fd3e0e5d8be148f5dabc45433faea151578d5e14ca15
16:48:02.795377123 pdns=0/0/inactive/dead/ named=0/inactive/dead/ agent=3635/active/ jphase=absent killpid=
16:48:03.092118751 CHANGE ledger 4d4dd32775e0d5b4a142fd3e0e5d8be148f5dabc45433faea151578d5e14ca15 -> accf89f312ddb921f2f04f89e734b2777c9af7c3b50dc3eb012ab24dacac80a1
16:48:03.096262629 pdns=0/0/inactive/dead/ named=0/inactive/dead/ agent=3635/active/ jphase=absent killpid=
16:48:03.395423589 CHANGE journal absent -> 043e48a42ba90aacd5563d9d8460fcf30e08ef490a41aea28c61d0097e323c0c
16:48:03.404768524 CHANGE ledger accf89f312ddb921f2f04f89e734b2777c9af7c3b50dc3eb012ab24dacac80a1 -> 8aa0f273fd3522c332942c507ab557dd5e2441bc05e6ac602509220bf422ece8
16:48:03.410415772 POINTER /var/cache/bind/celikpanel mtime=2026-09-29 16:48:03.290851482 +0000 ino=131587 /var/cache/bind/celikpanel/current mtime=2026-09-29 16:48:03.278850522 +0000 ino=131619 -> '/var/cache/bind/celikpanel/current' -> 'generations/895b81c7731b93aa00d5883bc78be70b2fbe0449895f9db8157f05592e01222f' 
16:48:03.412114205 pdns=0/0/inactive/dead/ named=0/inactive/dead/ agent=3635/active/ jphase=intent killpid=
16:48:03.681841444 CHANGE journal 043e48a42ba90aacd5563d9d8460fcf30e08ef490a41aea28c61d0097e323c0c -> 16806e86bfbf38e2342c691f615a0c1fbf6f27bd70beadaa64c44282d1739661
16:48:03.691707272 CHANGE ledger 8aa0f273fd3522c332942c507ab557dd5e2441bc05e6ac602509220bf422ece8 -> d31fe92c5826ae22c0b5350cef1224cdd7ef56ca9e3be0b6ffcb9d94b474271c
16:48:03.696852257 pdns=0/0/inactive/dead/ named=0/inactive/dead/ agent=3635/active/ jphase=source-stopped killpid=
16:48:04.013588550 CHANGE ledger d31fe92c5826ae22c0b5350cef1224cdd7ef56ca9e3be0b6ffcb9d94b474271c -> 330324583080384630500f5c102462058d8fd9d6b03b9003f57437d9d512e7c5
16:48:04.028283282 pdns=0/0/inactive/dead/ named=0/inactive/dead/ agent=3635/active/ jphase=source-stopped killpid=
16:48:04.480165844 CHANGE ledger 330324583080384630500f5c102462058d8fd9d6b03b9003f57437d9d512e7c5 -> ed75a39e3b7ac767f0134fb93f658f8aaaa6e66a4ca17eb800afbdde970287c4
16:48:04.489389540 pdns=0/0/inactive/dead/ named=0/inactive/dead/ agent=3635/active/ jphase=source-stopped killpid=
16:48:04.961167273 CHANGE ledger ed75a39e3b7ac767f0134fb93f658f8aaaa6e66a4ca17eb800afbdde970287c4 -> d08b5123027f10290d8c9e179d445c80a7c87685bf8b0b3b4f68c847f1fb65b2
16:48:04.969053621 pdns=0/0/inactive/dead/ named=0/inactive/dead/ agent=3635/active/ jphase=source-stopped killpid=
16:48:05.267939513 CHANGE ledger d08b5123027f10290d8c9e179d445c80a7c87685bf8b0b3b4f68c847f1fb65b2 -> 842a9950c38c39651e3b1c2cbbda1feffa718bc4d5a051228885dcb5c72479e4
16:48:05.277356810 pdns=0/0/inactive/dead/ named=0/inactive/dead/ agent=3635/active/ jphase=source-stopped killpid=
16:48:05.590361690 CHANGE ledger 842a9950c38c39651e3b1c2cbbda1feffa718bc4d5a051228885dcb5c72479e4 -> 76b8012b48b6607ffaed115526c4db155513002cbe3df7737b27d08670c56414
16:48:05.599644578 pdns=0/0/inactive/dead/ named=0/inactive/dead/ agent=3635/active/ jphase=source-stopped killpid=
16:48:06.189263672 CHANGE ledger 76b8012b48b6607ffaed115526c4db155513002cbe3df7737b27d08670c56414 -> 077e1efcda1eeaaf5cbc06b939fc25d3b7574d6a33255aa75b170f6c59315e7d
16:48:06.194646001 pdns=0/0/inactive/dead/ named=0/inactive/dead/ agent=3635/active/ jphase=source-stopped killpid=
16:48:06.685169089 CHANGE ledger 077e1efcda1eeaaf5cbc06b939fc25d3b7574d6a33255aa75b170f6c59315e7d -> c0963fd9171dff52efd3ad160e4b6d6ee9b6e9497d0fbd28eaa9882b11ec4f9f
16:48:06.694240501 pdns=0/0/inactive/dead/ named=0/inactive/dead/ agent=3635/active/ jphase=source-stopped killpid=
16:48:06.986187971 CHANGE ledger c0963fd9171dff52efd3ad160e4b6d6ee9b6e9497d0fbd28eaa9882b11ec4f9f -> dbfa6b213cdff3923ad5c661199620194005f877b6d3fcd96df5e3ca847b5e86
16:48:06.993851525 pdns=0/0/inactive/dead/ named=0/inactive/dead/ agent=3635/active/ jphase=source-stopped killpid=
16:48:07.287586564 CHANGE ledger dbfa6b213cdff3923ad5c661199620194005f877b6d3fcd96df5e3ca847b5e86 -> 22a19a053244d1ac04578fff6eef35cba56c273d6dfd18b99cac6e5af19d1906
16:48:07.293335957 pdns=0/0/inactive/dead/ named=0/inactive/dead/ agent=3635/active/ jphase=source-stopped killpid=
16:48:07.571796783 CHANGE ledger 22a19a053244d1ac04578fff6eef35cba56c273d6dfd18b99cac6e5af19d1906 -> 4720b2703adc0e4ff16a110e8540666140d62a5a166fba6a2a7c3000fd07c538
16:48:07.577311020 pdns=0/0/inactive/dead/ named=6091/active/running/ agent=3635/active/ jphase=source-stopped killpid=
16:48:07.849241850 CHANGE ledger 4720b2703adc0e4ff16a110e8540666140d62a5a166fba6a2a7c3000fd07c538 -> 1538c8494a260acca0c6608a07725407aba11cd8eaa95736b418f812a58d20fd
16:48:07.855344798 pdns=0/0/inactive/dead/ named=6091/active/running/ agent=3635/active/ jphase=source-stopped killpid=
16:48:08.139649024 CHANGE ledger 1538c8494a260acca0c6608a07725407aba11cd8eaa95736b418f812a58d20fd -> 0618c6ee7c88c6eef51c0f05a82497621cee7a81858372bea31f17a9145df9c0
16:48:08.147814530 pdns=0/0/inactive/dead/ named=6091/active/running/ agent=3635/active/ jphase=source-stopped killpid=
16:48:08.421556721 CHANGE ledger 0618c6ee7c88c6eef51c0f05a82497621cee7a81858372bea31f17a9145df9c0 -> 433084b9c9eba9626c0fc6c018738a03d4b5fe481c305ab2b8b501d623771b9e
16:48:08.427322728 pdns=0/0/inactive/dead/ named=6091/active/running/ agent=3635/active/ jphase=source-stopped killpid=
16:48:08.705541511 CHANGE ledger 433084b9c9eba9626c0fc6c018738a03d4b5fe481c305ab2b8b501d623771b9e -> c0bebfbee1c68b321e83d5cc268e12a90fa929b21b4844b3cf51ad97358b7f72
16:48:08.711204492 pdns=0/0/inactive/dead/ named=6091/active/running/ agent=3635/active/ jphase=source-stopped killpid=
16:48:08.988537813 CHANGE ledger c0bebfbee1c68b321e83d5cc268e12a90fa929b21b4844b3cf51ad97358b7f72 -> 61c82777d7dabf60a916d6f6a5861ef3aeed9755bd224f77a71ee061470da539
16:48:08.994211092 pdns=0/0/inactive/dead/ named=6091/active/running/ agent=3635/active/ jphase=source-stopped killpid=
16:48:09.274125425 CHANGE ledger 61c82777d7dabf60a916d6f6a5861ef3aeed9755bd224f77a71ee061470da539 -> d623dd670d0093e10266004178d067a0c871ba9dbcf6481c84deee681abef4e5
16:48:09.280912402 pdns=0/0/inactive/dead/ named=6091/active/running/ agent=3635/active/ jphase=source-stopped killpid=
16:48:09.565662130 CHANGE journal 16806e86bfbf38e2342c691f615a0c1fbf6f27bd70beadaa64c44282d1739661 -> 6560854741effd7c63762b6495bf25edcf3390f9270489825b9d276d8162b394
16:48:09.579251874 CHANGE ledger d623dd670d0093e10266004178d067a0c871ba9dbcf6481c84deee681abef4e5 -> b31e54d1b35cc5651bd813c53c2b267a40d57fa5cc7c727ba48934c226b4c67f
16:48:09.585984825 pdns=0/0/inactive/dead/ named=6091/active/running/ agent=3635/active/ jphase=target-started killpid=
16:48:09.875803378 CHANGE ledger b31e54d1b35cc5651bd813c53c2b267a40d57fa5cc7c727ba48934c226b4c67f -> 2fe6b27573bc2f66fc9fa2eb72a259986227c824b94adab93d62acad0a489ab9
16:48:09.882526597 pdns=0/0/inactive/dead/ named=6091/active/running/ agent=3635/active/ jphase=target-started killpid=
16:48:10.162175480 CHANGE ledger 2fe6b27573bc2f66fc9fa2eb72a259986227c824b94adab93d62acad0a489ab9 -> e47ada34a6e16f5d34c71edc5ff8d3ff51d8883dc6a281c5daa12ddc6a476d90
16:48:10.167549225 pdns=0/0/inactive/dead/ named=6091/active/running/ agent=3635/active/ jphase=target-started killpid=
16:48:10.446811213 CHANGE ledger e47ada34a6e16f5d34c71edc5ff8d3ff51d8883dc6a281c5daa12ddc6a476d90 -> 41c0b0cb843381df7cefc5fe5f3549e684d422143203b4137c484099ff1505e4
16:48:10.457426424 pdns=0/0/inactive/dead/ named=6091/active/running/ agent=3635/active/ jphase=target-started killpid=
16:48:10.752010677 CHANGE ledger 41c0b0cb843381df7cefc5fe5f3549e684d422143203b4137c484099ff1505e4 -> 30a01123a9bbebbf154d0e96757c05d3dab82891c72be669cd2c7a4c62c0e837
16:48:10.759173387 pdns=0/0/inactive/dead/ named=6091/active/running/ agent=3635/active/ jphase=target-started killpid=
16:48:11.042908252 CHANGE journal 6560854741effd7c63762b6495bf25edcf3390f9270489825b9d276d8162b394 -> 381f0fabd0f85d71a1325b46faea9b663fe5a615ff70fe88859c0d30c8a16f45
16:48:11.054220219 CHANGE ledger 30a01123a9bbebbf154d0e96757c05d3dab82891c72be669cd2c7a4c62c0e837 -> 39832a82af0565441438736f419fefd45df096e756848551d531288c3f459535
16:48:11.064676583 CHANGE state absent -> fbdf1fbb016dbf9c42442e9ee82d4748631b6f0d32e258dce2288fa6e915653d
16:48:11.074060944 pdns=0/0/inactive/dead/ named=6091/active/running/ agent=3635/active/ jphase=committed killpid=
16:48:11.387555445 pdns=0/0/inactive/dead/ named=6091/active/running/ agent=3635/active/ jphase=committed killpid=
16:48:11.661722871 CHANGE journal 381f0fabd0f85d71a1325b46faea9b663fe5a615ff70fe88859c0d30c8a16f45 -> absent
16:48:11.669780792 CHANGE ledger 39832a82af0565441438736f419fefd45df096e756848551d531288c3f459535 -> 3b39549d0da37e7c3677d7fb032170c79c2a0cb3cd9f3948770ba64ca96df383
16:48:11.678089489 pdns=0/0/inactive/dead/ named=6091/active/running/ agent=3635/active/ jphase=absent killpid=
16:48:11.966225958 pdns=0/0/inactive/dead/ named=6091/active/running/ agent=3635/active/ jphase=absent killpid=
16:48:12.259636513 pdns=0/0/inactive/dead/ named=6091/active/running/ agent=3635/active/ jphase=absent killpid=
16:48:12.532612912 pdns=0/0/inactive/dead/ named=6091/active/running/ agent=3635/active/ jphase=absent killpid=
16:48:12.802316649 pdns=0/0/inactive/dead/ named=6091/active/running/ agent=3635/active/ jphase=absent killpid=
16:48:13.074414333 pdns=0/0/inactive/dead/ named=6091/active/running/ agent=3635/active/ jphase=absent killpid=
16:48:13.351699674 pdns=0/0/inactive/dead/ named=6091/active/running/ agent=3635/active/ jphase=absent killpid=
16:48:13.638635323 pdns=0/0/inactive/dead/ named=6091/active/running/ agent=3635/active/ jphase=absent killpid=
16:48:13.911362268 pdns=0/0/inactive/dead/ named=6091/active/running/ agent=3635/active/ jphase=absent killpid=
16:48:14.183313092 pdns=0/0/inactive/dead/ named=6091/active/running/ agent=3635/active/ jphase=absent killpid=
16:48:14.457513137 pdns=0/0/inactive/dead/ named=6091/active/running/ agent=3635/active/ jphase=absent killpid=
16:48:14.755587648 pdns=0/0/inactive/dead/ named=6091/active/running/ agent=3635/active/ jphase=absent killpid=
16:48:15.025398534 pdns=0/0/inactive/dead/ named=6091/active/running/ agent=3635/active/ jphase=absent killpid=
16:48:15.297081473 pdns=0/0/inactive/dead/ named=6091/active/running/ agent=3635/active/ jphase=absent killpid=
16:48:15.567997827 pdns=0/0/inactive/dead/ named=6091/active/running/ agent=3635/active/ jphase=absent killpid=
16:48:15.839425000 pdns=0/0/inactive/dead/ named=6091/active/running/ agent=3635/active/ jphase=absent killpid=
16:48:16.113177360 pdns=0/0/inactive/dead/ named=6091/active/running/ agent=3635/active/ jphase=absent killpid=
16:48:16.391943687 pdns=0/0/inactive/dead/ named=6091/active/running/ agent=3635/active/ jphase=absent killpid=
16:48:16.665743112 pdns=0/0/inactive/dead/ named=6091/active/running/ agent=3635/active/ jphase=absent killpid=
16:48:16.936691114 pdns=0/0/inactive/dead/ named=6091/active/running/ agent=3635/active/ jphase=absent killpid=
16:48:17.207122475 pdns=0/0/inactive/dead/ named=6091/active/running/ agent=3635/active/ jphase=absent killpid=
16:48:17.479230207 pdns=0/0/inactive/dead/ named=6091/active/running/ agent=3635/active/ jphase=absent killpid=
16:48:17.754379437 pdns=0/0/inactive/dead/ named=6091/active/running/ agent=3635/active/ jphase=absent killpid=
16:48:18.026832597 pdns=0/0/inactive/dead/ named=6091/active/running/ agent=3635/active/ jphase=absent killpid=
16:48:18.298114343 pdns=0/0/inactive/dead/ named=6091/active/running/ agent=3635/active/ jphase=absent killpid=
16:48:18.571337073 pdns=0/0/inactive/dead/ named=6091/active/running/ agent=3635/active/ jphase=absent killpid=
16:48:18.842145355 pdns=0/0/inactive/dead/ named=6091/active/running/ agent=3635/active/ jphase=absent killpid=
16:48:19.114600992 pdns=0/0/inactive/dead/ named=6091/active/running/ agent=3635/active/ jphase=absent killpid=
16:48:19.385017858 pdns=0/0/inactive/dead/ named=6091/active/running/ agent=3635/active/ jphase=absent killpid=
16:48:19.655985079 pdns=0/0/inactive/dead/ named=6091/active/running/ agent=3635/active/ jphase=absent killpid=
16:48:19.928905241 pdns=0/0/inactive/dead/ named=6091/active/running/ agent=3635/active/ jphase=absent killpid=
16:48:20.207614343 pdns=0/0/inactive/dead/ named=6091/active/running/ agent=3635/active/ jphase=absent killpid=
16:48:20.484381886 pdns=0/0/inactive/dead/ named=6091/active/running/ agent=3635/active/ jphase=absent killpid=
16:48:20.757051436 pdns=0/0/inactive/dead/ named=6091/active/running/ agent=3635/active/ jphase=absent killpid=
16:48:21.029903194 pdns=0/0/inactive/dead/ named=6091/active/running/ agent=3635/active/ jphase=absent killpid=
16:48:21.301145482 pdns=0/0/inactive/dead/ named=6091/active/running/ agent=3635/active/ jphase=absent killpid=
16:48:21.574307646 pdns=0/0/inactive/dead/ named=6091/active/running/ agent=3635/active/ jphase=absent killpid=
16:48:21.856144348 pdns=0/0/inactive/dead/ named=6091/active/running/ agent=3635/active/ jphase=absent killpid=
16:48:22.135414575 pdns=0/0/inactive/dead/ named=6091/active/running/ agent=3635/active/ jphase=absent killpid=
16:48:22.425072186 pdns=0/0/inactive/dead/ named=6091/active/running/ agent=3635/active/ jphase=absent killpid=
16:48:22.702424468 pdns=0/0/inactive/dead/ named=6091/active/running/ agent=3635/active/ jphase=absent killpid=
16:48:22.979148411 pdns=0/0/inactive/dead/ named=6091/active/running/ agent=3635/active/ jphase=absent killpid=
16:48:23.256205824 pdns=0/0/inactive/dead/ named=6091/active/running/ agent=3635/active/ jphase=absent killpid=
16:48:23.527624516 pdns=0/0/inactive/dead/ named=6091/active/running/ agent=3635/active/ jphase=absent killpid=
16:48:23.799871854 pdns=0/0/inactive/dead/ named=6091/active/running/ agent=3635/active/ jphase=absent killpid=
16:48:24.076199611 pdns=0/0/inactive/dead/ named=6091/active/running/ agent=3635/active/ jphase=absent killpid=
16:48:24.348925780 pdns=0/0/inactive/dead/ named=6091/active/running/ agent=3635/active/ jphase=absent killpid=
16:48:24.621416347 pdns=0/0/inactive/dead/ named=6091/active/running/ agent=3635/active/ jphase=absent killpid=
16:48:24.896555300 pdns=0/0/inactive/dead/ named=6091/active/running/ agent=3635/active/ jphase=absent killpid=
16:48:25.170675222 pdns=0/0/inactive/dead/ named=6091/active/running/ agent=3635/active/ jphase=absent killpid=
16:48:25.442085166 pdns=0/0/inactive/dead/ named=6091/active/running/ agent=3635/active/ jphase=absent killpid=
16:48:25.714869089 pdns=0/0/inactive/dead/ named=6091/active/running/ agent=3635/active/ jphase=absent killpid=
16:48:25.987026694 pdns=0/0/inactive/dead/ named=6091/active/running/ agent=3635/active/ jphase=absent killpid=
16:48:26.257827497 pdns=0/0/inactive/dead/ named=6091/active/running/ agent=3635/active/ jphase=absent killpid=
16:48:26.530103585 pdns=0/0/inactive/dead/ named=6091/active/running/ agent=3635/active/ jphase=absent killpid=
16:48:26.802265770 pdns=0/0/inactive/dead/ named=6091/active/running/ agent=3635/active/ jphase=absent killpid=
16:48:27.073597985 pdns=0/0/inactive/dead/ named=6091/active/running/ agent=3635/active/ jphase=absent killpid=
16:48:27.347735454 pdns=0/0/inactive/dead/ named=6091/active/running/ agent=3635/active/ jphase=absent killpid=
16:48:27.625873662 pdns=0/0/inactive/dead/ named=6091/active/running/ agent=3635/active/ jphase=absent killpid=
16:48:27.900297987 pdns=0/0/inactive/dead/ named=6091/active/running/ agent=3635/active/ jphase=absent killpid=
16:48:28.173259483 pdns=0/0/inactive/dead/ named=6091/active/running/ agent=3635/active/ jphase=absent killpid=
16:48:28.447445147 pdns=0/0/inactive/dead/ named=6091/active/running/ agent=3635/active/ jphase=absent killpid=
16:48:28.719401175 pdns=0/0/inactive/dead/ named=6091/active/running/ agent=3635/active/ jphase=absent killpid=
16:48:28.990925609 pdns=0/0/inactive/dead/ named=6091/active/running/ agent=3635/active/ jphase=absent killpid=
16:48:29.264534643 pdns=0/0/inactive/dead/ named=6091/active/running/ agent=3635/active/ jphase=absent killpid=
16:48:29.538925998 pdns=0/0/inactive/dead/ named=6091/active/running/ agent=3635/active/ jphase=absent killpid=
16:48:29.824251261 pdns=0/0/inactive/dead/ named=6091/active/running/ agent=3635/active/ jphase=absent killpid=
16:48:30.107302275 pdns=0/0/inactive/dead/ named=6091/active/running/ agent=3635/active/ jphase=absent killpid=
16:48:30.381362903 pdns=0/0/inactive/dead/ named=6091/active/running/ agent=3635/active/ jphase=absent killpid=
16:48:30.661394591 pdns=0/0/inactive/dead/ named=6091/active/running/ agent=3635/active/ jphase=absent killpid=
16:48:30.944965635 pdns=0/0/inactive/dead/ named=6091/active/running/ agent=3635/active/ jphase=absent killpid=
16:48:31.222443833 pdns=0/0/inactive/dead/ named=6091/active/running/ agent=3635/active/ jphase=absent killpid=
16:48:31.509620977 pdns=0/0/inactive/dead/ named=6091/active/running/ agent=3635/active/ jphase=absent killpid=
16:48:31.787053186 pdns=0/0/inactive/dead/ named=6091/active/running/ agent=3635/active/ jphase=absent killpid=
16:48:32.067434714 pdns=0/0/inactive/dead/ named=6091/active/running/ agent=3635/active/ jphase=absent killpid=
16:48:32.344747869 pdns=0/0/inactive/dead/ named=6091/active/running/ agent=3635/active/ jphase=absent killpid=
16:48:32.618292796 pdns=0/0/inactive/dead/ named=6091/active/running/ agent=3635/active/ jphase=absent killpid=
16:48:32.899073277 pdns=0/0/inactive/dead/ named=6091/active/running/ agent=3635/active/ jphase=absent killpid=
16:48:33.180431143 pdns=0/0/inactive/dead/ named=6091/active/running/ agent=3635/active/ jphase=absent killpid=
16:48:33.458845337 pdns=0/0/inactive/dead/ named=6091/active/running/ agent=3635/active/ jphase=absent killpid=
16:48:33.737386161 pdns=0/0/inactive/dead/ named=6091/active/running/ agent=3635/active/ jphase=absent killpid=
16:48:34.017116148 pdns=0/0/inactive/dead/ named=6091/active/running/ agent=3635/active/ jphase=absent killpid=
16:48:34.299453627 pdns=0/0/inactive/dead/ named=6091/active/running/ agent=3635/active/ jphase=absent killpid=
16:48:34.573755604 pdns=0/0/inactive/dead/ named=6091/active/running/ agent=3635/active/ jphase=absent killpid=
16:48:34.877566996 pdns=0/0/inactive/dead/ named=6091/active/running/ agent=3635/active/ jphase=absent killpid=
16:48:35.157545325 pdns=0/0/inactive/dead/ named=6091/active/running/ agent=3635/active/ jphase=absent killpid=
16:48:35.438663084 pdns=0/0/inactive/dead/ named=6091/active/running/ agent=3635/active/ jphase=absent killpid=
16:48:35.715710940 pdns=0/0/inactive/dead/ named=6091/active/running/ agent=3635/active/ jphase=absent killpid=
16:48:35.991109464 pdns=0/0/inactive/dead/ named=6091/active/running/ agent=3635/active/ jphase=absent killpid=
16:48:36.268944238 pdns=0/0/inactive/dead/ named=6091/active/running/ agent=3635/active/ jphase=absent killpid=
16:48:36.542837438 pdns=0/0/inactive/dead/ named=6091/active/running/ agent=3635/active/ jphase=absent killpid=
16:48:36.820416582 pdns=0/0/inactive/dead/ named=6091/active/running/ agent=3635/active/ jphase=absent killpid=
16:48:37.095710619 pdns=0/0/inactive/dead/ named=6091/active/running/ agent=3635/active/ jphase=absent killpid=
16:48:37.372733309 pdns=0/0/inactive/dead/ named=6091/active/running/ agent=3635/active/ jphase=absent killpid=
16:48:37.645283004 pdns=0/0/inactive/dead/ named=6091/active/running/ agent=3635/active/ jphase=absent killpid=
16:48:37.916886313 pdns=0/0/inactive/dead/ named=6091/active/running/ agent=3635/active/ jphase=absent killpid=
16:48:38.199165954 pdns=0/0/inactive/dead/ named=6091/active/running/ agent=3635/active/ jphase=absent killpid=
16:48:38.476738074 pdns=0/0/inactive/dead/ named=6091/active/running/ agent=3635/active/ jphase=absent killpid=
16:48:38.751413523 pdns=0/0/inactive/dead/ named=6091/active/running/ agent=3635/active/ jphase=absent killpid=
16:48:39.022859632 pdns=0/0/inactive/dead/ named=6091/active/running/ agent=3635/active/ jphase=absent killpid=
16:48:39.298457780 pdns=0/0/inactive/dead/ named=6091/active/running/ agent=3635/active/ jphase=absent killpid=
16:48:39.574179524 pdns=0/0/inactive/dead/ named=6091/active/running/ agent=3635/active/ jphase=absent killpid=
16:48:39.845072272 pdns=0/0/inactive/dead/ named=6091/active/running/ agent=3635/active/ jphase=absent killpid=
16:48:40.116606168 pdns=0/0/inactive/dead/ named=6091/active/running/ agent=3635/active/ jphase=absent killpid=
16:48:40.391179929 pdns=0/0/inactive/dead/ named=6091/active/running/ agent=3635/active/ jphase=absent killpid=
16:48:40.661069910 pdns=0/0/inactive/dead/ named=6091/active/running/ agent=3635/active/ jphase=absent killpid=
16:48:40.932645875 pdns=0/0/inactive/dead/ named=6091/active/running/ agent=3635/active/ jphase=absent killpid=
16:48:41.207689560 pdns=0/0/inactive/dead/ named=6091/active/running/ agent=3635/active/ jphase=absent killpid=
16:48:41.483721292 pdns=0/0/inactive/dead/ named=6091/active/running/ agent=3635/active/ jphase=absent killpid=
16:48:41.756874624 pdns=0/0/inactive/dead/ named=6091/active/running/ agent=3635/active/ jphase=absent killpid=
16:48:42.027354575 pdns=0/0/inactive/dead/ named=6091/active/running/ agent=3635/active/ jphase=absent killpid=
16:48:42.298493810 pdns=0/0/inactive/dead/ named=6091/active/running/ agent=3635/active/ jphase=absent killpid=
done
