13:18:15.581902505 CHANGE journal none -> absent
13:18:15.596526480 CHANGE ledger none -> e4baedb32deaf0b89247d4eef483c635fbdbd26a7919c4b446343e7909f66d00
13:18:15.606442075 CHANGE state none -> 7e16cc4b9491dff57731e8b70cd5da25e4eb8c819053158a43af7bcbccbd2655
13:18:15.607933575 pdns=667/0/active/running/ named=0/inactive/dead/ agent=648/active/ jphase=absent killpid=
13:18:15.957269186 pdns=667/0/active/running/ named=0/inactive/dead/ agent=648/active/ jphase=absent killpid=
13:18:16.275826678 pdns=667/0/active/running/ named=0/inactive/dead/ agent=648/active/ jphase=absent killpid=
13:18:16.563910697 pdns=667/0/active/running/ named=0/inactive/dead/ agent=648/active/ jphase=absent killpid=
13:18:16.858643312 pdns=667/0/active/running/ named=0/inactive/dead/ agent=648/active/ jphase=absent killpid=
13:18:17.133474598 pdns=667/0/active/running/ named=0/inactive/dead/ agent=648/active/ jphase=absent killpid=
13:18:17.407300135 pdns=667/0/active/running/ named=0/inactive/dead/ agent=648/active/ jphase=absent killpid=
13:18:17.684626192 pdns=667/0/active/running/ named=0/inactive/dead/ agent=648/active/ jphase=absent killpid=
13:18:17.961221168 pdns=667/0/active/running/ named=0/inactive/dead/ agent=648/active/ jphase=absent killpid=
13:18:18.261342188 pdns=667/0/active/running/ named=0/inactive/dead/ agent=648/active/ jphase=absent killpid=
13:18:18.632715533 pdns=667/0/active/running/ named=0/inactive/dead/ agent=648/active/ jphase=absent killpid=
13:18:20.848071051 pdns=667/0/active/running/ named=0/inactive/dead/ agent=648/active/ jphase=absent killpid=
13:18:21.134701024 pdns=667/0/active/running/ named=0/inactive/dead/ agent=648/active/ jphase=absent killpid=
13:18:21.417507064 pdns=667/0/active/running/ named=0/inactive/dead/ agent=648/active/ jphase=absent killpid=
13:18:21.693930590 pdns=667/0/active/running/ named=0/inactive/dead/ agent=648/active/ jphase=absent killpid=
13:18:21.974527409 pdns=667/0/active/running/ named=0/inactive/dead/ agent=648/active/ jphase=absent killpid=
13:18:22.247747525 pdns=667/0/active/running/ named=0/inactive/dead/ agent=648/active/ jphase=absent killpid=
13:18:22.519160492 pdns=667/0/active/running/ named=0/inactive/dead/ agent=648/active/ jphase=absent killpid=
13:18:22.795678633 pdns=667/0/active/running/ named=0/inactive/dead/ agent=648/active/ jphase=absent killpid=
13:18:23.069265001 pdns=667/0/active/running/ named=0/inactive/dead/ agent=648/active/ jphase=absent killpid=
13:18:23.343191033 pdns=667/0/active/running/ named=0/inactive/dead/ agent=648/active/ jphase=absent killpid=
13:18:23.614044900 pdns=667/0/active/running/ named=0/inactive/dead/ agent=648/active/ jphase=absent killpid=
13:18:23.889128127 pdns=667/0/active/running/ named=0/inactive/dead/ agent=648/active/ jphase=absent killpid=
13:18:24.167921268 pdns=667/0/active/running/ named=0/inactive/dead/ agent=648/active/ jphase=absent killpid=
13:18:24.444735166 pdns=667/0/active/running/ named=0/inactive/dead/ agent=648/active/ jphase=absent killpid=
13:18:24.719752401 pdns=667/0/active/running/ named=0/inactive/dead/ agent=648/active/ jphase=absent killpid=
13:18:24.999675810 pdns=667/0/active/running/ named=0/inactive/dead/ agent=648/active/ jphase=absent killpid=
13:18:25.270145651 pdns=667/0/active/running/ named=0/inactive/dead/ agent=648/active/ jphase=absent killpid=
13:18:25.538895088 pdns=667/0/active/running/ named=0/inactive/dead/ agent=648/active/ jphase=absent killpid=
13:18:25.808582405 pdns=667/0/active/running/ named=0/inactive/dead/ agent=648/active/ jphase=absent killpid=
13:18:26.086682113 pdns=667/0/active/running/ named=0/inactive/dead/ agent=648/active/ jphase=absent killpid=
13:18:26.359150237 pdns=667/0/active/running/ named=0/inactive/dead/ agent=648/active/ jphase=absent killpid=
13:18:26.628171216 pdns=667/0/active/running/ named=0/inactive/dead/ agent=648/active/ jphase=absent killpid=
13:18:26.901429593 pdns=667/0/active/running/ named=0/inactive/dead/ agent=648/active/ jphase=absent killpid=
13:18:27.173941991 pdns=667/0/active/running/ named=0/inactive/dead/ agent=648/active/ jphase=absent killpid=
13:18:27.444388928 pdns=667/0/active/running/ named=0/inactive/dead/ agent=648/active/ jphase=absent killpid=
13:18:27.715469927 pdns=667/0/active/running/ named=0/inactive/dead/ agent=648/active/ jphase=absent killpid=
13:18:27.988012790 pdns=667/0/active/running/ named=0/inactive/dead/ agent=648/active/ jphase=absent killpid=
13:18:28.255245986 pdns=667/0/active/running/ named=0/inactive/dead/ agent=648/active/ jphase=absent killpid=
13:18:28.524339931 pdns=667/0/active/running/ named=0/inactive/dead/ agent=648/active/ jphase=absent killpid=
13:18:28.796167732 pdns=667/0/active/running/ named=0/inactive/dead/ agent=648/active/ jphase=absent killpid=
13:18:29.065969877 pdns=667/0/active/running/ named=0/inactive/dead/ agent=648/active/ jphase=absent killpid=
13:18:29.346147206 pdns=667/0/active/running/ named=0/inactive/dead/ agent=648/active/ jphase=absent killpid=
13:18:29.619092122 pdns=667/0/active/running/ named=0/inactive/dead/ agent=648/active/ jphase=absent killpid=
13:18:29.893378265 pdns=667/0/active/running/ named=0/inactive/dead/ agent=648/active/ jphase=absent killpid=
13:18:30.165520181 pdns=667/0/active/running/ named=0/inactive/dead/ agent=648/active/ jphase=absent killpid=
13:18:30.435041340 pdns=667/0/active/running/ named=0/inactive/dead/ agent=648/active/ jphase=absent killpid=
13:18:30.705226992 pdns=667/0/active/running/ named=0/inactive/dead/ agent=648/active/ jphase=absent killpid=
13:18:30.974826706 pdns=667/0/active/running/ named=0/inactive/dead/ agent=648/active/ jphase=absent killpid=
13:18:31.255866018 pdns=667/0/active/running/ named=0/inactive/dead/ agent=648/active/ jphase=absent killpid=
13:18:31.532232640 pdns=667/0/active/running/ named=0/inactive/dead/ agent=648/active/ jphase=absent killpid=
13:18:31.806700141 pdns=667/0/active/running/ named=0/inactive/dead/ agent=648/active/ jphase=absent killpid=
13:18:32.075752668 pdns=667/0/active/running/ named=0/inactive/dead/ agent=648/active/ jphase=absent killpid=
13:18:32.349465673 pdns=667/0/active/running/ named=0/inactive/dead/ agent=648/active/ jphase=absent killpid=
13:18:32.626474590 pdns=667/0/active/running/ named=0/inactive/dead/ agent=648/active/ jphase=absent killpid=
13:18:32.906213958 pdns=667/0/active/running/ named=0/inactive/dead/ agent=648/active/ jphase=absent killpid=
13:18:33.192084632 pdns=667/0/active/running/ named=0/inactive/dead/ agent=648/active/ jphase=absent killpid=
13:18:33.482398076 pdns=667/0/active/running/ named=0/inactive/dead/ agent=648/active/ jphase=absent killpid=
13:18:33.755128973 pdns=667/0/active/running/ named=0/inactive/dead/ agent=648/active/ jphase=absent killpid=
13:18:34.038731939 pdns=667/0/active/running/ named=0/inactive/dead/ agent=648/active/ jphase=absent killpid=
13:18:34.325000428 pdns=667/0/active/running/ named=0/inactive/dead/ agent=648/active/ jphase=absent killpid=
13:18:34.604814215 pdns=667/0/active/running/ named=0/inactive/dead/ agent=648/active/ jphase=absent killpid=
13:18:34.886781424 pdns=667/0/active/running/ named=0/inactive/dead/ agent=648/active/ jphase=absent killpid=
13:18:35.170504136 pdns=667/0/active/running/ named=0/inactive/dead/ agent=648/active/ jphase=absent killpid=
13:18:35.449377354 pdns=667/0/active/running/ named=0/inactive/dead/ agent=648/active/ jphase=absent killpid=
13:18:35.724395454 pdns=667/0/active/running/ named=0/inactive/dead/ agent=648/active/ jphase=absent killpid=
13:18:36.002488885 pdns=667/0/active/running/ named=0/inactive/dead/ agent=648/active/ jphase=absent killpid=
13:18:36.274969835 pdns=667/0/active/running/ named=0/inactive/dead/ agent=648/active/ jphase=absent killpid=
13:18:36.562369976 pdns=667/0/active/running/ named=0/inactive/dead/ agent=648/active/ jphase=absent killpid=
13:18:36.852897497 pdns=667/0/active/running/ named=0/inactive/dead/ agent=648/active/ jphase=absent killpid=
13:18:37.131419039 pdns=667/0/active/running/ named=0/inactive/dead/ agent=648/active/ jphase=absent killpid=
13:18:37.416861199 pdns=667/0/active/running/ named=0/inactive/dead/ agent=648/active/ jphase=absent killpid=
13:18:37.689024336 pdns=667/0/active/running/ named=0/inactive/dead/ agent=648/active/ jphase=absent killpid=
13:18:37.960866470 pdns=667/0/active/running/ named=0/inactive/dead/ agent=648/active/ jphase=absent killpid=
13:18:38.233558373 pdns=667/0/active/running/ named=0/inactive/dead/ agent=648/active/ jphase=absent killpid=
13:18:38.507611211 pdns=667/0/active/running/ named=0/inactive/dead/ agent=648/active/ jphase=absent killpid=
13:18:38.781279033 pdns=667/0/active/running/ named=0/inactive/dead/ agent=648/active/ jphase=absent killpid=
13:18:39.084545471 pdns=667/0/active/running/ named=0/inactive/dead/ agent=648/active/ jphase=absent killpid=
13:18:39.365104496 pdns=667/0/active/running/ named=0/inactive/dead/ agent=648/active/ jphase=absent killpid=
13:18:39.637415156 pdns=667/0/active/running/ named=0/inactive/dead/ agent=648/active/ jphase=absent killpid=
13:18:39.912800028 pdns=667/0/active/running/ named=0/inactive/dead/ agent=648/active/ jphase=absent killpid=
13:18:40.205123719 pdns=667/0/active/running/ named=0/inactive/dead/ agent=648/active/ jphase=absent killpid=
13:18:40.480208758 pdns=667/0/active/running/ named=0/inactive/dead/ agent=648/active/ jphase=absent killpid=
13:18:40.752100413 pdns=667/0/active/running/ named=0/inactive/dead/ agent=648/active/ jphase=absent killpid=
13:18:41.025255106 pdns=667/0/active/running/ named=0/inactive/dead/ agent=648/active/ jphase=absent killpid=
13:18:41.294707748 pdns=667/0/active/running/ named=0/inactive/dead/ agent=648/active/ jphase=absent killpid=
13:18:41.569243467 pdns=667/0/active/running/ named=0/inactive/dead/ agent=648/active/ jphase=absent killpid=
13:18:41.837950511 pdns=667/0/active/running/ named=0/inactive/dead/ agent=648/active/ jphase=absent killpid=
13:18:42.116211410 pdns=667/0/active/running/ named=0/inactive/dead/ agent=648/active/ jphase=absent killpid=
13:18:42.390231690 pdns=667/0/active/running/ named=0/inactive/dead/ agent=648/active/ jphase=absent killpid=
13:18:42.660042841 pdns=667/0/active/running/ named=0/inactive/dead/ agent=648/active/ jphase=absent killpid=
13:18:43.688818882 pdns=667/0/active/running/ named=0/inactive/dead/ agent=648/active/ jphase=absent killpid=
13:18:43.960108643 pdns=667/0/active/running/ named=0/inactive/dead/ agent=648/active/ jphase=absent killpid=
13:18:44.229675048 pdns=667/0/active/running/ named=0/inactive/dead/ agent=648/active/ jphase=absent killpid=
13:18:44.499786369 pdns=667/0/active/running/ named=0/inactive/dead/ agent=648/active/ jphase=absent killpid=
13:18:44.772241279 pdns=667/0/active/running/ named=0/inactive/dead/ agent=648/active/ jphase=absent killpid=
13:18:45.043348485 pdns=667/0/active/running/ named=0/inactive/dead/ agent=648/active/ jphase=absent killpid=
13:18:45.311948795 pdns=667/0/active/running/ named=0/inactive/dead/ agent=648/active/ jphase=absent killpid=
13:18:45.581136905 pdns=667/0/active/running/ named=0/inactive/dead/ agent=648/active/ jphase=absent killpid=
13:18:45.850574667 pdns=667/0/active/running/ named=0/inactive/dead/ agent=648/active/ jphase=absent killpid=
13:18:46.128926617 pdns=667/0/active/running/ named=0/inactive/dead/ agent=648/active/ jphase=absent killpid=
13:18:46.400325328 pdns=667/0/active/running/ named=0/inactive/dead/ agent=648/active/ jphase=absent killpid=
13:18:46.669877707 pdns=667/0/active/running/ named=0/inactive/dead/ agent=648/active/ jphase=absent killpid=
13:18:46.939952407 pdns=667/0/active/running/ named=0/inactive/dead/ agent=648/active/ jphase=absent killpid=
13:18:47.215881014 pdns=667/0/active/running/ named=0/inactive/dead/ agent=648/active/ jphase=absent killpid=
13:18:47.484481950 pdns=667/0/active/running/ named=0/inactive/dead/ agent=648/active/ jphase=absent killpid=
13:18:47.754958732 pdns=667/0/active/running/ named=0/inactive/dead/ agent=648/active/ jphase=absent killpid=
done
