### collect 2026-09-30T08:58:49.278113984Z
last watcher dir: /var/tmp/cp-b12-watch-boot2
request id: c59b537aac13c590e71b4682a88ed7b1
ownerpost rc=0
smstatus rc=1
probe rc=0
pdnsdb rc=0
notifycap rc=0
bindsec rc=0
peer journal rc=0
peerloop rc=0 lines=217
cell directory: /var/tmp/cp-b12-1001/r2/cells/e05b4787635364e83414f682
total 36
drwx------ 2 root root 4096 Sep 30 11:55 .
drwxr-xr-x 3 root root 4096 Sep 30 11:59 ..
-rw------- 1 root root 2997 Sep 30 11:55 peer-verdict-after-reboot.json
-rw------- 1 root root 1433 Sep 30 11:51 peer-verdict.json
-rw------- 1 root root  896 Sep 30 11:51 zone-lifecycle-held.json
-rw------- 1 root root 7111 Sep 30 11:51 zone-lifecycle.json
-rw------- 1 root root 4578 Sep 30 11:53 zone-lifecycle-recover.json
==> /var/tmp/cp-b12-watch-db/timeline.log <==
08:52:20.778107677 CHANGE pdnsdb 704e66637d08d2f454745356b9ab3414795e69ab3b455aec0d63cba60527de37 -> eed824d39ba88b6dd833feca656d0fa77ea79f0b23d09e5a6182141273d6d753 pdns=5345/active/
08:53:39.516618247 CHANGE pdnsdb eed824d39ba88b6dd833feca656d0fa77ea79f0b23d09e5a6182141273d6d753 -> b7b525c9bf478474906d304329e4686d4044ebdae86567f7e966b0a47f9f38e3 pdns=5345/active/
08:54:21.291111495 CHANGE pdnsdb b7b525c9bf478474906d304329e4686d4044ebdae86567f7e966b0a47f9f38e3 -> 46fac957357c9bfbff6f1dbbef071a684f8f14d8e8018eaa328a411d717f00e3 pdns=5345/active/

==> /var/tmp/cp-b12-watch-dbboot2/timeline.log <==
08:54:52.329441030 start boot_id=11dc2ac9-7645-421b-819c-3acb2be0366d
08:54:52.346298101 CHANGE pdnsdb none -> 96e00dbe62d14048b60c371e7a3c39feceed2e6f8f2df7407f3718feba81f5b6 pdns=642/active/
done
tar rc=0 size=8038400
extract rc=0
/var/tmp/cp-b12-1001/evidence/z05-zero-started-zl-rb/agent-journal-all-boots.txt
/var/tmp/cp-b12-1001/evidence/z05-zero-started-zl-rb/agent-journal-hold-rollback-lines.txt
/var/tmp/cp-b12-1001/evidence/z05-zero-started-zl-rb/bind-secondary-state-post-collect.txt
/var/tmp/cp-b12-1001/evidence/z05-zero-started-zl-rb/bind-secondary-state-pre-run.txt
/var/tmp/cp-b12-1001/evidence/z05-zero-started-zl-rb/boot-monitor.log
/var/tmp/cp-b12-1001/evidence/z05-zero-started-zl-rb/catalog-lines-agent-journal.txt
/var/tmp/cp-b12-1001/evidence/z05-zero-started-zl-rb/catalog-serial-history.txt
/var/tmp/cp-b12-1001/evidence/z05-zero-started-zl-rb/collect.log
/var/tmp/cp-b12-1001/evidence/z05-zero-started-zl-rb/dns-post-collect-guest.txt
/var/tmp/cp-b12-1001/evidence/z05-zero-started-zl-rb/dns-post-collect-peer.txt
/var/tmp/cp-b12-1001/evidence/z05-zero-started-zl-rb/dns-pre-run-guest.txt
/var/tmp/cp-b12-1001/evidence/z05-zero-started-zl-rb/dns-pre-run-peer.txt
/var/tmp/cp-b12-1001/evidence/z05-zero-started-zl-rb/driver.log
/var/tmp/cp-b12-1001/evidence/z05-zero-started-zl-rb/enroll.log
/var/tmp/cp-b12-1001/evidence/z05-zero-started-zl-rb/enroll-recovery-runtime.log
/var/tmp/cp-b12-1001/evidence/z05-zero-started-zl-rb/fresh-primary-peer/peer-verdict-after-reboot.json
/var/tmp/cp-b12-1001/evidence/z05-zero-started-zl-rb/fresh-primary-peer/peer-verdict.json
/var/tmp/cp-b12-1001/evidence/z05-zero-started-zl-rb/fresh-primary-peer/zone-lifecycle-held.json
/var/tmp/cp-b12-1001/evidence/z05-zero-started-zl-rb/fresh-primary-peer/zone-lifecycle.json
/var/tmp/cp-b12-1001/evidence/z05-zero-started-zl-rb/fresh-primary-peer/zone-lifecycle-recover.json
/var/tmp/cp-b12-1001/evidence/z05-zero-started-zl-rb/guest-identity.txt
/var/tmp/cp-b12-1001/evidence/z05-zero-started-zl-rb/guest-recovery-probe-post-collect.json
/var/tmp/cp-b12-1001/evidence/z05-zero-started-zl-rb/held-state-before-enroll.txt
/var/tmp/cp-b12-1001/evidence/z05-zero-started-zl-rb/held-state-before-resume.txt
/var/tmp/cp-b12-1001/evidence/z05-zero-started-zl-rb/install.log
/var/tmp/cp-b12-1001/evidence/z05-zero-started-zl-rb/ledwatch-timeline-snapshot.txt
/var/tmp/cp-b12-1001/evidence/z05-zero-started-zl-rb/native-and-outage.json
/var/tmp/cp-b12-1001/evidence/z05-zero-started-zl-rb/owner-post-state.txt
/var/tmp/cp-b12-1001/evidence/z05-zero-started-zl-rb/pdns-db-post-collect.txt
/var/tmp/cp-b12-1001/evidence/z05-zero-started-zl-rb/pdns-db-pre-run.txt
/var/tmp/cp-b12-1001/evidence/z05-zero-started-zl-rb/pdns-db-timeline.txt
/var/tmp/cp-b12-1001/evidence/z05-zero-started-zl-rb/pdns-notify-journal-and-also-notify.txt
/var/tmp/cp-b12-1001/evidence/z05-zero-started-zl-rb/peer-daemon-journal.txt
/var/tmp/cp-b12-1001/evidence/z05-zero-started-zl-rb/peer-dns-sampler.log
/var/tmp/cp-b12-1001/evidence/z05-zero-started-zl-rb/peer-facts-post-collect.txt
/var/tmp/cp-b12-1001/evidence/z05-zero-started-zl-rb/peer-facts-pre-run.txt
/var/tmp/cp-b12-1001/evidence/z05-zero-started-zl-rb/peer-identity.txt
/var/tmp/cp-b12-1001/evidence/z05-zero-started-zl-rb/peer-prepare.log
/var/tmp/cp-b12-1001/evidence/z05-zero-started-zl-rb/post-state.txt
/var/tmp/cp-b12-1001/evidence/z05-zero-started-zl-rb/prepare.json
/var/tmp/cp-b12-1001/evidence/z05-zero-started-zl-rb/prepare-source.log
/var/tmp/cp-b12-1001/evidence/z05-zero-started-zl-rb/pre-run-units.txt
/var/tmp/cp-b12-1001/evidence/z05-zero-started-zl-rb/primary-state-post-collect.txt
/var/tmp/cp-b12-1001/evidence/z05-zero-started-zl-rb/primary-state-pre-run.txt
/var/tmp/cp-b12-1001/evidence/z05-zero-started-zl-rb/probe-argv.json
/var/tmp/cp-b12-1001/evidence/z05-zero-started-zl-rb/raw/fixture/controller-argv.json
/var/tmp/cp-b12-1001/evidence/z05-zero-started-zl-rb/raw/fixture/coordinator-stop-proof.json
/var/tmp/cp-b12-1001/evidence/z05-zero-started-zl-rb/raw/fixture/installed-binaries.sha256
/var/tmp/cp-b12-1001/evidence/z05-zero-started-zl-rb/raw/fixture/ls.txt
/var/tmp/cp-b12-1001/evidence/z05-zero-started-zl-rb/raw/fixture/measured/trigger-identity.json
/var/tmp/cp-b12-1001/evidence/z05-zero-started-zl-rb/raw/fixture/scenario.json
/var/tmp/cp-b12-1001/evidence/z05-zero-started-zl-rb/raw/fixture/source-proof.json
/var/tmp/cp-b12-1001/evidence/z05-zero-started-zl-rb/raw/journald/bind9.service.txt
/var/tmp/cp-b12-1001/evidence/z05-zero-started-zl-rb/raw/journald/celikpanel-agent.service.txt
/var/tmp/cp-b12-1001/evidence/z05-zero-started-zl-rb/raw/journald/celikpanel-panel.service.txt
/var/tmp/cp-b12-1001/evidence/z05-zero-started-zl-rb/raw/journald/list-boots.txt
/var/tmp/cp-b12-1001/evidence/z05-zero-started-zl-rb/raw/journald/named.service.txt
/var/tmp/cp-b12-1001/evidence/z05-zero-started-zl-rb/raw/journald/pdns.service.txt
/var/tmp/cp-b12-1001/evidence/z05-zero-started-zl-rb/raw/results/pdns-switch__target-started__after-write__paired-primary__peer-reachable/boundary-marker.json
/var/tmp/cp-b12-1001/evidence/z05-zero-started-zl-rb/raw/results/pdns-switch__target-started__after-write__paired-primary__peer-reachable/kill-proof.json
/var/tmp/cp-b12-1001/evidence/z05-zero-started-zl-rb/raw/results/pdns-switch__target-started__after-write__paired-primary__peer-reachable/reboot-checkpoint-1.json
/var/tmp/cp-b12-1001/evidence/z05-zero-started-zl-rb/raw/results/pdns-switch__target-started__after-write__paired-primary__peer-reachable/reboot-checkpoint-2.json
/var/tmp/cp-b12-1001/evidence/z05-zero-started-zl-rb/raw/results/pdns-switch__target-started__after-write__paired-primary__peer-reachable/reboot-resumed-1.json
/var/tmp/cp-b12-1001/evidence/z05-zero-started-zl-rb/raw/results/pdns-switch__target-started__after-write__paired-primary__peer-reachable/reboot-resumed-2.json
/var/tmp/cp-b12-1001/evidence/z05-zero-started-zl-rb/raw/results/pdns-switch__target-started__after-write__paired-primary__peer-reachable/result.json
/var/tmp/cp-b12-1001/evidence/z05-zero-started-zl-rb/raw/results/pdns-switch__target-started__after-write__paired-primary__peer-reachable/transcript-after-reboot-1.jsonl
/var/tmp/cp-b12-1001/evidence/z05-zero-started-zl-rb/raw/results/pdns-switch__target-started__after-write__paired-primary__peer-reachable/transcript-after-reboot-2.jsonl
/var/tmp/cp-b12-1001/evidence/z05-zero-started-zl-rb/raw/results/pdns-switch__target-started__after-write__paired-primary__peer-reachable/transcript.jsonl
/var/tmp/cp-b12-1001/evidence/z05-zero-started-zl-rb/raw/state/dns-engine-ownership-pdns.json
/var/tmp/cp-b12-1001/evidence/z05-zero-started-zl-rb/raw/state/dns-engine-state.json
/var/tmp/cp-b12-1001/evidence/z05-zero-started-zl-rb/raw/state/dns-engine-switch-v3-archive-c59b537aac13c590e71b4682a88ed7b1-b9d83ffe8a6d99833b591ffb92c0e04da9f79c0e954cbfcb9c995bf4abb9fca8.json
/var/tmp/cp-b12-1001/evidence/z05-zero-started-zl-rb/raw/state/ls.txt
/var/tmp/cp-b12-1001/evidence/z05-zero-started-zl-rb/raw/state/service-mutations.json
/var/tmp/cp-b12-1001/evidence/z05-zero-started-zl-rb/raw/watch/cp-b12-watch-boot2/copies/085452.229-ledger-462c0058fb46.json
/var/tmp/cp-b12-1001/evidence/z05-zero-started-zl-rb/raw/watch/cp-b12-watch-boot2/copies/085452.238-state-b9d83ffe8a6d.json
/var/tmp/cp-b12-1001/evidence/z05-zero-started-zl-rb/raw/watch/cp-b12-watch-boot2/copies/085452.246-96e00dbe62d1.sqlite3
/var/tmp/cp-b12-1001/evidence/z05-zero-started-zl-rb/raw/watch/cp-b12-watch-boot2/copies/085452.246-96e00dbe62d1.sqlite3-wal
/var/tmp/cp-b12-1001/evidence/z05-zero-started-zl-rb/raw/watch/cp-b12-watch-boot2/pdns-at-at-kill-proof.sqlite3
/var/tmp/cp-b12-1001/evidence/z05-zero-started-zl-rb/raw/watch/cp-b12-watch-boot2/pdns-at-at-kill-proof.sqlite3-wal
/var/tmp/cp-b12-1001/evidence/z05-zero-started-zl-rb/raw/watch/cp-b12-watch-boot2/pdns-at-at-result.sqlite3
/var/tmp/cp-b12-1001/evidence/z05-zero-started-zl-rb/raw/watch/cp-b12-watch-boot2/pdns-at-at-result.sqlite3-wal
/var/tmp/cp-b12-1001/evidence/z05-zero-started-zl-rb/raw/watch/cp-b12-watch-boot2/pdns-at-start.sqlite3
/var/tmp/cp-b12-1001/evidence/z05-zero-started-zl-rb/raw/watch/cp-b12-watch-boot2/pdns-at-start.sqlite3-wal
/var/tmp/cp-b12-1001/evidence/z05-zero-started-zl-rb/raw/watch/cp-b12-watch-boot2/snap-at-kill-proof.txt
/var/tmp/cp-b12-1001/evidence/z05-zero-started-zl-rb/raw/watch/cp-b12-watch-boot2/snap-at-result.txt
/var/tmp/cp-b12-1001/evidence/z05-zero-started-zl-rb/raw/watch/cp-b12-watch-boot2/snap-start.txt
/var/tmp/cp-b12-1001/evidence/z05-zero-started-zl-rb/raw/watch/cp-b12-watch-boot2/timeline.log
/var/tmp/cp-b12-1001/evidence/z05-zero-started-zl-rb/raw/watch/cp-b12-watch/copies/085003.756-ledger-177f61d12ed0.json
/var/tmp/cp-b12-1001/evidence/z05-zero-started-zl-rb/raw/watch/cp-b12-watch/copies/085007.048-ledger-4f27368480cd.json
/var/tmp/cp-b12-1001/evidence/z05-zero-started-zl-rb/raw/watch/cp-b12-watch/copies/085007.341-ledger-69c9e1d3dbca.json
/var/tmp/cp-b12-1001/evidence/z05-zero-started-zl-rb/raw/watch/cp-b12-watch/copies/085007.657-ledger-01aeba469d5e.json
/var/tmp/cp-b12-1001/evidence/z05-zero-started-zl-rb/raw/watch/cp-b12-watch/copies/085010.505-ledger-1807e47cc267.json
/var/tmp/cp-b12-1001/evidence/z05-zero-started-zl-rb/raw/watch/cp-b12-watch/copies/085010.796-ledger-7375c4bf4152.json
/var/tmp/cp-b12-1001/evidence/z05-zero-started-zl-rb/raw/watch/cp-b12-watch/copies/085011.086-ledger-6c335a18e8ec.json
/var/tmp/cp-b12-1001/evidence/z05-zero-started-zl-rb/raw/watch/cp-b12-watch/copies/085011.372-ledger-9aaafcb01e1c.json
/var/tmp/cp-b12-1001/evidence/z05-zero-started-zl-rb/raw/watch/cp-b12-watch/copies/085012.216-ledger-cf196c25dac2.json
/var/tmp/cp-b12-1001/evidence/z05-zero-started-zl-rb/raw/watch/cp-b12-watch/copies/085015.805-ledger-1781458e75bc.json
/var/tmp/cp-b12-1001/evidence/z05-zero-started-zl-rb/raw/watch/cp-b12-watch/copies/085016.198-ledger-5c22b1347a77.json
/var/tmp/cp-b12-1001/evidence/z05-zero-started-zl-rb/raw/watch/cp-b12-watch/copies/085016.497-ledger-44d53e8b473d.json
/var/tmp/cp-b12-1001/evidence/z05-zero-started-zl-rb/raw/watch/cp-b12-watch/copies/085016.791-ledger-726caa709730.json
/var/tmp/cp-b12-1001/evidence/z05-zero-started-zl-rb/raw/watch/cp-b12-watch/copies/085017.068-journal-d6a9ee2f774d.json
/var/tmp/cp-b12-1001/evidence/z05-zero-started-zl-rb/raw/watch/cp-b12-watch/copies/085017.077-ledger-97a10a8734a2.json
/var/tmp/cp-b12-1001/evidence/z05-zero-started-zl-rb/raw/watch/cp-b12-watch/copies/085017.621-journal-bacb9971d07f.json
/var/tmp/cp-b12-1001/evidence/z05-zero-started-zl-rb/raw/watch/cp-b12-watch/copies/085017.639-ledger-8822c4c677b5.json
/var/tmp/cp-b12-1001/evidence/z05-zero-started-zl-rb/raw/watch/cp-b12-watch/copies/085017.935-journal-292d61f8b2fa.json
/var/tmp/cp-b12-1001/evidence/z05-zero-started-zl-rb/raw/watch/cp-b12-watch/copies/085017.960-ledger-34252c0d3f75.json
/var/tmp/cp-b12-1001/evidence/z05-zero-started-zl-rb/raw/watch/cp-b12-watch/copies/085017.971-35cdac176bec.sqlite3
/var/tmp/cp-b12-1001/evidence/z05-zero-started-zl-rb/raw/watch/cp-b12-watch/copies/085018.265-ledger-36a467517495.json
/var/tmp/cp-b12-1001/evidence/z05-zero-started-zl-rb/raw/watch/cp-b12-watch/copies/085018.745-ledger-f3e066faecc9.json
/var/tmp/cp-b12-1001/evidence/z05-zero-started-zl-rb/raw/watch/cp-b12-watch/copies/085019.258-ledger-bca73118426c.json
/var/tmp/cp-b12-1001/evidence/z05-zero-started-zl-rb/raw/watch/cp-b12-watch/copies/085019.567-ledger-cb234f374089.json
/var/tmp/cp-b12-1001/evidence/z05-zero-started-zl-rb/raw/watch/cp-b12-watch/copies/085019.963-ledger-281444ee42b1.json
/var/tmp/cp-b12-1001/evidence/z05-zero-started-zl-rb/raw/watch/cp-b12-watch/copies/085020.270-ledger-da9a692d44d3.json
/var/tmp/cp-b12-1001/evidence/z05-zero-started-zl-rb/raw/watch/cp-b12-watch/copies/085020.555-ledger-0a1c5e89d561.json
/var/tmp/cp-b12-1001/evidence/z05-zero-started-zl-rb/raw/watch/cp-b12-watch/copies/085020.565-687ea661ee73.sqlite3
/var/tmp/cp-b12-1001/evidence/z05-zero-started-zl-rb/raw/watch/cp-b12-watch/copies/085020.565-687ea661ee73.sqlite3-wal
/var/tmp/cp-b12-1001/evidence/z05-zero-started-zl-rb/raw/watch/cp-b12-watch/copies/085020.842-journal-f58f5b3607fd.json
/var/tmp/cp-b12-1001/evidence/z05-zero-started-zl-rb/raw/watch/cp-b12-watch/copies/085020.852-ledger-a24a5ecba168.json
/var/tmp/cp-b12-1001/evidence/z05-zero-started-zl-rb/raw/watch/cp-b12-watch/copies/085020.863-8cc6e813400c.sqlite3
/var/tmp/cp-b12-1001/evidence/z05-zero-started-zl-rb/raw/watch/cp-b12-watch/copies/085020.863-8cc6e813400c.sqlite3-wal
/var/tmp/cp-b12-1001/evidence/z05-zero-started-zl-rb/raw/watch/cp-b12-watch/copies/085022.108-journal-8c0461591be9.json
/var/tmp/cp-b12-1001/evidence/z05-zero-started-zl-rb/raw/watch/cp-b12-watch/copies/085024.484-state-b9d83ffe8a6d.json
/var/tmp/cp-b12-1001/evidence/z05-zero-started-zl-rb/raw/watch/cp-b12-watch/copies/085026.549-journal-d638a8470b39.json
/var/tmp/cp-b12-1001/evidence/z05-zero-started-zl-rb/raw/watch/cp-b12-watch/copies/085028.949-journal-5d646323eee9.json
/var/tmp/cp-b12-1001/evidence/z05-zero-started-zl-rb/raw/watch/cp-b12-watch/copies/085032.820-ledger-f989c2df7f4f.json
/var/tmp/cp-b12-1001/evidence/z05-zero-started-zl-rb/raw/watch/cp-b12-watch/copies/085106.032-ledger-cc1f5e7644a8.json
/var/tmp/cp-b12-1001/evidence/z05-zero-started-zl-rb/raw/watch/cp-b12-watch/copies/085106.334-ledger-c00b24e51bb9.json
/var/tmp/cp-b12-1001/evidence/z05-zero-started-zl-rb/raw/watch/cp-b12-watch/copies/085106.657-ledger-149ff07f852d.json
/var/tmp/cp-b12-1001/evidence/z05-zero-started-zl-rb/raw/watch/cp-b12-watch/copies/085106.971-ledger-25742828b6b9.json
/var/tmp/cp-b12-1001/evidence/z05-zero-started-zl-rb/raw/watch/cp-b12-watch/copies/085107.275-ledger-ab6c0c858846.json
/var/tmp/cp-b12-1001/evidence/z05-zero-started-zl-rb/raw/watch/cp-b12-watch/copies/085107.585-ledger-55db2301364f.json
/var/tmp/cp-b12-1001/evidence/z05-zero-started-zl-rb/raw/watch/cp-b12-watch/copies/085107.871-ledger-5910a0a1f165.json
/var/tmp/cp-b12-1001/evidence/z05-zero-started-zl-rb/raw/watch/cp-b12-watch/copies/085107.890-8f094b4eacfb.sqlite3
/var/tmp/cp-b12-1001/evidence/z05-zero-started-zl-rb/raw/watch/cp-b12-watch/copies/085107.890-8f094b4eacfb.sqlite3-wal
/var/tmp/cp-b12-1001/evidence/z05-zero-started-zl-rb/raw/watch/cp-b12-watch/copies/085108.185-ledger-2318336db62e.json
/var/tmp/cp-b12-1001/evidence/z05-zero-started-zl-rb/raw/watch/cp-b12-watch/copies/085108.486-ledger-298a54673c09.json
/var/tmp/cp-b12-1001/evidence/z05-zero-started-zl-rb/raw/watch/cp-b12-watch/copies/085108.781-ledger-5595d21363d3.json
/var/tmp/cp-b12-1001/evidence/z05-zero-started-zl-rb/raw/watch/cp-b12-watch/copies/085109.090-ledger-373621104875.json
/var/tmp/cp-b12-1001/evidence/z05-zero-started-zl-rb/raw/watch/cp-b12-watch/copies/085109.386-ledger-5e64027fae1c.json
/var/tmp/cp-b12-1001/evidence/z05-zero-started-zl-rb/raw/watch/cp-b12-watch/copies/085109.692-ledger-e447fddd3c41.json
/var/tmp/cp-b12-1001/evidence/z05-zero-started-zl-rb/raw/watch/cp-b12-watch/copies/085110.259-ledger-0d0f35167b51.json
/var/tmp/cp-b12-1001/evidence/z05-zero-started-zl-rb/raw/watch/cp-b12-watch/copies/085113.615-ledger-eb4b6442fd32.json
/var/tmp/cp-b12-1001/evidence/z05-zero-started-zl-rb/raw/watch/cp-b12-watch/copies/085113.912-ledger-2b01c6920b1b.json
/var/tmp/cp-b12-1001/evidence/z05-zero-started-zl-rb/raw/watch/cp-b12-watch/copies/085114.204-ledger-9187240c6c86.json
/var/tmp/cp-b12-1001/evidence/z05-zero-started-zl-rb/raw/watch/cp-b12-watch/copies/085114.498-ledger-9f44dbc611ff.json
/var/tmp/cp-b12-1001/evidence/z05-zero-started-zl-rb/raw/watch/cp-b12-watch/copies/085114.803-ledger-f405093b9b18.json
/var/tmp/cp-b12-1001/evidence/z05-zero-started-zl-rb/raw/watch/cp-b12-watch/copies/085115.102-ledger-26ed80a7beff.json
/var/tmp/cp-b12-1001/evidence/z05-zero-started-zl-rb/raw/watch/cp-b12-watch/copies/085115.400-ledger-4bd6e71349b7.json
/var/tmp/cp-b12-1001/evidence/z05-zero-started-zl-rb/raw/watch/cp-b12-watch/copies/085115.415-41da2a06a460.sqlite3
/var/tmp/cp-b12-1001/evidence/z05-zero-started-zl-rb/raw/watch/cp-b12-watch/copies/085115.415-41da2a06a460.sqlite3-wal
/var/tmp/cp-b12-1001/evidence/z05-zero-started-zl-rb/raw/watch/cp-b12-watch/copies/085115.703-ledger-a7fdbc7097dc.json
/var/tmp/cp-b12-1001/evidence/z05-zero-started-zl-rb/raw/watch/cp-b12-watch/copies/085116.011-ledger-6bb52f1d9e0b.json
/var/tmp/cp-b12-1001/evidence/z05-zero-started-zl-rb/raw/watch/cp-b12-watch/copies/085116.327-ledger-c54f30701c2d.json
/var/tmp/cp-b12-1001/evidence/z05-zero-started-zl-rb/raw/watch/cp-b12-watch/copies/085116.635-ledger-78403945bb80.json
/var/tmp/cp-b12-1001/evidence/z05-zero-started-zl-rb/raw/watch/cp-b12-watch/copies/085116.954-ledger-098331a3cb0e.json
/var/tmp/cp-b12-1001/evidence/z05-zero-started-zl-rb/raw/watch/cp-b12-watch/copies/085117.260-ledger-1e399305d74a.json
/var/tmp/cp-b12-1001/evidence/z05-zero-started-zl-rb/raw/watch/cp-b12-watch/copies/085117.542-ledger-2d186cda6106.json
/var/tmp/cp-b12-1001/evidence/z05-zero-started-zl-rb/raw/watch/cp-b12-watch/copies/085120.898-8a171458d4fd.sqlite3
/var/tmp/cp-b12-1001/evidence/z05-zero-started-zl-rb/raw/watch/cp-b12-watch/copies/085120.898-8a171458d4fd.sqlite3-wal
/var/tmp/cp-b12-1001/evidence/z05-zero-started-zl-rb/raw/watch/cp-b12-watch/copies/085121.198-ledger-70deceeffb9c.json
/var/tmp/cp-b12-1001/evidence/z05-zero-started-zl-rb/raw/watch/cp-b12-watch/copies/085121.507-ledger-0ee55073960a.json
/var/tmp/cp-b12-1001/evidence/z05-zero-started-zl-rb/raw/watch/cp-b12-watch/copies/085121.832-ledger-af311fd46a52.json
/var/tmp/cp-b12-1001/evidence/z05-zero-started-zl-rb/raw/watch/cp-b12-watch/copies/085122.145-ledger-993e11e25da9.json
/var/tmp/cp-b12-1001/evidence/z05-zero-started-zl-rb/raw/watch/cp-b12-watch/copies/085122.461-ledger-37880c59ba54.json
/var/tmp/cp-b12-1001/evidence/z05-zero-started-zl-rb/raw/watch/cp-b12-watch/copies/085122.477-704e66637d08.sqlite3
/var/tmp/cp-b12-1001/evidence/z05-zero-started-zl-rb/raw/watch/cp-b12-watch/copies/085122.477-704e66637d08.sqlite3-wal
/var/tmp/cp-b12-1001/evidence/z05-zero-started-zl-rb/raw/watch/cp-b12-watch/copies/085122.785-ledger-811be45a8f3b.json
/var/tmp/cp-b12-1001/evidence/z05-zero-started-zl-rb/raw/watch/cp-b12-watch/copies/085123.115-ledger-37bd97e9a190.json
/var/tmp/cp-b12-1001/evidence/z05-zero-started-zl-rb/raw/watch/cp-b12-watch/copies/085123.438-ledger-1bc6a6cd41ff.json
/var/tmp/cp-b12-1001/evidence/z05-zero-started-zl-rb/raw/watch/cp-b12-watch/copies/085123.753-ledger-52fa93af708c.json
/var/tmp/cp-b12-1001/evidence/z05-zero-started-zl-rb/raw/watch/cp-b12-watch/copies/085126.152-ledger-406e26d06cc0.json
/var/tmp/cp-b12-1001/evidence/z05-zero-started-zl-rb/raw/watch/cp-b12-watch/copies/085127.138-ledger-2e7f194fc916.json
/var/tmp/cp-b12-1001/evidence/z05-zero-started-zl-rb/raw/watch/cp-b12-watch/copies/085220.736-008ca4eff7e3.sqlite3
/var/tmp/cp-b12-1001/evidence/z05-zero-started-zl-rb/raw/watch/cp-b12-watch/copies/085220.736-008ca4eff7e3.sqlite3-wal
/var/tmp/cp-b12-1001/evidence/z05-zero-started-zl-rb/raw/watch/cp-b12-watch/copies/085221.077-eed824d39ba8.sqlite3
/var/tmp/cp-b12-1001/evidence/z05-zero-started-zl-rb/raw/watch/cp-b12-watch/copies/085221.077-eed824d39ba8.sqlite3-wal
/var/tmp/cp-b12-1001/evidence/z05-zero-started-zl-rb/raw/watch/cp-b12-watch/copies/085310.112-ledger-c8057266a4da.json
/var/tmp/cp-b12-1001/evidence/z05-zero-started-zl-rb/raw/watch/cp-b12-watch/copies/085310.410-ledger-fb9217e6692e.json
/var/tmp/cp-b12-1001/evidence/z05-zero-started-zl-rb/raw/watch/cp-b12-watch/copies/085310.721-ledger-fbef7ac110d6.json
/var/tmp/cp-b12-1001/evidence/z05-zero-started-zl-rb/raw/watch/cp-b12-watch/copies/085311.030-ledger-e5022769234a.json
/var/tmp/cp-b12-1001/evidence/z05-zero-started-zl-rb/raw/watch/cp-b12-watch/copies/085311.333-ledger-9e2eea29a237.json
/var/tmp/cp-b12-1001/evidence/z05-zero-started-zl-rb/raw/watch/cp-b12-watch/copies/085311.628-ledger-b4aad7e8b22e.json
/var/tmp/cp-b12-1001/evidence/z05-zero-started-zl-rb/raw/watch/cp-b12-watch/copies/085311.917-ledger-e1246fe078de.json
/var/tmp/cp-b12-1001/evidence/z05-zero-started-zl-rb/raw/watch/cp-b12-watch/copies/085312.242-ledger-a32ad2b7538d.json
/var/tmp/cp-b12-1001/evidence/z05-zero-started-zl-rb/raw/watch/cp-b12-watch/copies/085312.587-ledger-37a18675d591.json
/var/tmp/cp-b12-1001/evidence/z05-zero-started-zl-rb/raw/watch/cp-b12-watch/copies/085312.928-ledger-bbd4c3856879.json
/var/tmp/cp-b12-1001/evidence/z05-zero-started-zl-rb/raw/watch/cp-b12-watch/copies/085313.247-ledger-075fbb3f106b.json
/var/tmp/cp-b12-1001/evidence/z05-zero-started-zl-rb/raw/watch/cp-b12-watch/copies/085313.589-ledger-2098d8f56c50.json
/var/tmp/cp-b12-1001/evidence/z05-zero-started-zl-rb/raw/watch/cp-b12-watch/copies/085314.056-ledger-ad8cd79e9465.json
/var/tmp/cp-b12-1001/evidence/z05-zero-started-zl-rb/raw/watch/cp-b12-watch/copies/085314.486-ledger-75380d002be0.json
/var/tmp/cp-b12-1001/evidence/z05-zero-started-zl-rb/raw/watch/cp-b12-watch/copies/085314.831-ledger-d2d1dc138f21.json
/var/tmp/cp-b12-1001/evidence/z05-zero-started-zl-rb/raw/watch/cp-b12-watch/copies/085315.254-ledger-88606fdd81c0.json
/var/tmp/cp-b12-1001/evidence/z05-zero-started-zl-rb/raw/watch/cp-b12-watch/copies/085320.035-ledger-af96ce1ec38c.json
/var/tmp/cp-b12-1001/evidence/z05-zero-started-zl-rb/raw/watch/cp-b12-watch/copies/085320.409-ledger-90aac2c8c757.json
/var/tmp/cp-b12-1001/evidence/z05-zero-started-zl-rb/raw/watch/cp-b12-watch/copies/085320.721-ledger-3b41114bfa09.json
/var/tmp/cp-b12-1001/evidence/z05-zero-started-zl-rb/raw/watch/cp-b12-watch/copies/085321.033-ledger-44f5f738e013.json
/var/tmp/cp-b12-1001/evidence/z05-zero-started-zl-rb/raw/watch/cp-b12-watch/copies/085321.373-ledger-c898e3574946.json
/var/tmp/cp-b12-1001/evidence/z05-zero-started-zl-rb/raw/watch/cp-b12-watch/copies/085321.682-ledger-1362d6e7c575.json
/var/tmp/cp-b12-1001/evidence/z05-zero-started-zl-rb/raw/watch/cp-b12-watch/copies/085322.006-ledger-6cf12c7aafb0.json
/var/tmp/cp-b12-1001/evidence/z05-zero-started-zl-rb/raw/watch/cp-b12-watch/copies/085322.336-ledger-4d1a7c6e6835.json
/var/tmp/cp-b12-1001/evidence/z05-zero-started-zl-rb/raw/watch/cp-b12-watch/copies/085322.657-ledger-6e21b9c587a1.json
/var/tmp/cp-b12-1001/evidence/z05-zero-started-zl-rb/raw/watch/cp-b12-watch/copies/085322.970-ledger-af2a25306082.json
/var/tmp/cp-b12-1001/evidence/z05-zero-started-zl-rb/raw/watch/cp-b12-watch/copies/085323.295-ledger-f2803980b318.json
/var/tmp/cp-b12-1001/evidence/z05-zero-started-zl-rb/raw/watch/cp-b12-watch/copies/085323.621-ledger-dc3191767093.json
/var/tmp/cp-b12-1001/evidence/z05-zero-started-zl-rb/raw/watch/cp-b12-watch/copies/085323.992-ledger-1e52f4c5c5cb.json
/var/tmp/cp-b12-1001/evidence/z05-zero-started-zl-rb/raw/watch/cp-b12-watch/copies/085324.337-ledger-91dc8e020bf4.json
/var/tmp/cp-b12-1001/evidence/z05-zero-started-zl-rb/raw/watch/cp-b12-watch/copies/085325.411-ledger-bb042d2e9e1a.json
/var/tmp/cp-b12-1001/evidence/z05-zero-started-zl-rb/raw/watch/cp-b12-watch/copies/085325.752-ledger-f332baf60647.json
/var/tmp/cp-b12-1001/evidence/z05-zero-started-zl-rb/raw/watch/cp-b12-watch/copies/085326.187-ledger-063d4015ea07.json
/var/tmp/cp-b12-1001/evidence/z05-zero-started-zl-rb/raw/watch/cp-b12-watch/copies/085326.572-ledger-2a9474b78686.json
/var/tmp/cp-b12-1001/evidence/z05-zero-started-zl-rb/raw/watch/cp-b12-watch/copies/085326.912-ledger-6fb8c4e53938.json
/var/tmp/cp-b12-1001/evidence/z05-zero-started-zl-rb/raw/watch/cp-b12-watch/copies/085327.543-ledger-3c4ab28567a3.json
/var/tmp/cp-b12-1001/evidence/z05-zero-started-zl-rb/raw/watch/cp-b12-watch/copies/085327.929-ledger-e762987c75ec.json
/var/tmp/cp-b12-1001/evidence/z05-zero-started-zl-rb/raw/watch/cp-b12-watch/copies/085328.304-ledger-21c73e5cb4b7.json
/var/tmp/cp-b12-1001/evidence/z05-zero-started-zl-rb/raw/watch/cp-b12-watch/copies/085328.629-ledger-e5032e0baa97.json
/var/tmp/cp-b12-1001/evidence/z05-zero-started-zl-rb/raw/watch/cp-b12-watch/copies/085328.973-ledger-b309b760fe45.json
/var/tmp/cp-b12-1001/evidence/z05-zero-started-zl-rb/raw/watch/cp-b12-watch/copies/085329.307-ledger-dac28e9a24e9.json
/var/tmp/cp-b12-1001/evidence/z05-zero-started-zl-rb/raw/watch/cp-b12-watch/copies/085329.638-ledger-7109d41e7c9c.json
/var/tmp/cp-b12-1001/evidence/z05-zero-started-zl-rb/raw/watch/cp-b12-watch/copies/085329.963-ledger-483353145d11.json
/var/tmp/cp-b12-1001/evidence/z05-zero-started-zl-rb/raw/watch/cp-b12-watch/copies/085330.276-ledger-002b62f24438.json
/var/tmp/cp-b12-1001/evidence/z05-zero-started-zl-rb/raw/watch/cp-b12-watch/copies/085330.593-ledger-591ee4fc920d.json
/var/tmp/cp-b12-1001/evidence/z05-zero-started-zl-rb/raw/watch/cp-b12-watch/copies/085330.901-ledger-d1a260ae231a.json
/var/tmp/cp-b12-1001/evidence/z05-zero-started-zl-rb/raw/watch/cp-b12-watch/copies/085331.215-ledger-6ee8f400b39a.json
/var/tmp/cp-b12-1001/evidence/z05-zero-started-zl-rb/raw/watch/cp-b12-watch/copies/085331.537-ledger-3b081c3fb5b1.json
/var/tmp/cp-b12-1001/evidence/z05-zero-started-zl-rb/raw/watch/cp-b12-watch/copies/085331.842-ledger-db5ffa349a2e.json
/var/tmp/cp-b12-1001/evidence/z05-zero-started-zl-rb/raw/watch/cp-b12-watch/copies/085332.168-ledger-49b68e716212.json
/var/tmp/cp-b12-1001/evidence/z05-zero-started-zl-rb/raw/watch/cp-b12-watch/copies/085332.478-ledger-f6a686cfdf12.json
/var/tmp/cp-b12-1001/evidence/z05-zero-started-zl-rb/raw/watch/cp-b12-watch/copies/085332.789-ledger-21736576ba03.json
/var/tmp/cp-b12-1001/evidence/z05-zero-started-zl-rb/raw/watch/cp-b12-watch/copies/085333.113-ledger-899c33a6c123.json
/var/tmp/cp-b12-1001/evidence/z05-zero-started-zl-rb/raw/watch/cp-b12-watch/copies/085333.442-ledger-a4382acc4982.json
/var/tmp/cp-b12-1001/evidence/z05-zero-started-zl-rb/raw/watch/cp-b12-watch/copies/085333.760-ledger-d060741f1b1f.json
/var/tmp/cp-b12-1001/evidence/z05-zero-started-zl-rb/raw/watch/cp-b12-watch/copies/085334.053-ledger-c2f89f49e634.json
/var/tmp/cp-b12-1001/evidence/z05-zero-started-zl-rb/raw/watch/cp-b12-watch/copies/085334.356-ledger-5d260f3524bb.json
/var/tmp/cp-b12-1001/evidence/z05-zero-started-zl-rb/raw/watch/cp-b12-watch/copies/085334.661-ledger-caf84f3f8a36.json
/var/tmp/cp-b12-1001/evidence/z05-zero-started-zl-rb/raw/watch/cp-b12-watch/copies/085334.970-ledger-97ac48567820.json
/var/tmp/cp-b12-1001/evidence/z05-zero-started-zl-rb/raw/watch/cp-b12-watch/copies/085335.270-ledger-e40a4e3bffd7.json
/var/tmp/cp-b12-1001/evidence/z05-zero-started-zl-rb/raw/watch/cp-b12-watch/copies/085335.567-ledger-6172b7a2e3fa.json
/var/tmp/cp-b12-1001/evidence/z05-zero-started-zl-rb/raw/watch/cp-b12-watch/copies/085335.867-ledger-3f0a7ae2adc1.json
/var/tmp/cp-b12-1001/evidence/z05-zero-started-zl-rb/raw/watch/cp-b12-watch/copies/085336.159-ledger-3fa56fe937c2.json
/var/tmp/cp-b12-1001/evidence/z05-zero-started-zl-rb/raw/watch/cp-b12-watch/copies/085338.142-ledger-d6cf9916c086.json
/var/tmp/cp-b12-1001/evidence/z05-zero-started-zl-rb/raw/watch/cp-b12-watch/copies/085338.441-ledger-def29a64df7c.json
/var/tmp/cp-b12-1001/evidence/z05-zero-started-zl-rb/raw/watch/cp-b12-watch/copies/085338.740-ledger-72aea98463ec.json
/var/tmp/cp-b12-1001/evidence/z05-zero-started-zl-rb/raw/watch/cp-b12-watch/copies/085339.042-ledger-773dcd5411f6.json
/var/tmp/cp-b12-1001/evidence/z05-zero-started-zl-rb/raw/watch/cp-b12-watch/copies/085339.350-ledger-349a9635b5db.json
/var/tmp/cp-b12-1001/evidence/z05-zero-started-zl-rb/raw/watch/cp-b12-watch/copies/085339.371-b7b525c9bf47.sqlite3
/var/tmp/cp-b12-1001/evidence/z05-zero-started-zl-rb/raw/watch/cp-b12-watch/copies/085339.371-b7b525c9bf47.sqlite3-wal
/var/tmp/cp-b12-1001/evidence/z05-zero-started-zl-rb/raw/watch/cp-b12-watch/copies/085339.690-ledger-0d7289de770c.json
/var/tmp/cp-b12-1001/evidence/z05-zero-started-zl-rb/raw/watch/cp-b12-watch/copies/085340.015-ledger-7c4e29b67c0c.json
/var/tmp/cp-b12-1001/evidence/z05-zero-started-zl-rb/raw/watch/cp-b12-watch/copies/085340.332-ledger-bfb81bb4d51d.json
/var/tmp/cp-b12-1001/evidence/z05-zero-started-zl-rb/raw/watch/cp-b12-watch/copies/085340.651-ledger-6e4e016ead91.json
/var/tmp/cp-b12-1001/evidence/z05-zero-started-zl-rb/raw/watch/cp-b12-watch/copies/085341.218-ledger-462c0058fb46.json
/var/tmp/cp-b12-1001/evidence/z05-zero-started-zl-rb/raw/watch/cp-b12-watch/copies/085420.862-46fac957357c.sqlite3
/var/tmp/cp-b12-1001/evidence/z05-zero-started-zl-rb/raw/watch/cp-b12-watch/copies/085420.862-46fac957357c.sqlite3-wal
/var/tmp/cp-b12-1001/evidence/z05-zero-started-zl-rb/raw/watch/cp-b12-watch-dbboot2/copies/085452.339-96e00dbe62d1.sqlite3
/var/tmp/cp-b12-1001/evidence/z05-zero-started-zl-rb/raw/watch/cp-b12-watch-dbboot2/copies/085452.339-96e00dbe62d1.sqlite3-wal
/var/tmp/cp-b12-1001/evidence/z05-zero-started-zl-rb/raw/watch/cp-b12-watch-dbboot2/timeline.log
/var/tmp/cp-b12-1001/evidence/z05-zero-started-zl-rb/raw/watch/cp-b12-watch-db/copies/085018.315-35cdac176bec.sqlite3
/var/tmp/cp-b12-1001/evidence/z05-zero-started-zl-rb/raw/watch/cp-b12-watch-db/copies/085021.048-8cc6e813400c.sqlite3
/var/tmp/cp-b12-1001/evidence/z05-zero-started-zl-rb/raw/watch/cp-b12-watch-db/copies/085021.048-8cc6e813400c.sqlite3-wal
/var/tmp/cp-b12-1001/evidence/z05-zero-started-zl-rb/raw/watch/cp-b12-watch-db/copies/085107.927-8f094b4eacfb.sqlite3
/var/tmp/cp-b12-1001/evidence/z05-zero-started-zl-rb/raw/watch/cp-b12-watch-db/copies/085107.927-8f094b4eacfb.sqlite3-wal
/var/tmp/cp-b12-1001/evidence/z05-zero-started-zl-rb/raw/watch/cp-b12-watch-db/copies/085115.609-41da2a06a460.sqlite3
/var/tmp/cp-b12-1001/evidence/z05-zero-started-zl-rb/raw/watch/cp-b12-watch-db/copies/085115.609-41da2a06a460.sqlite3-wal
/var/tmp/cp-b12-1001/evidence/z05-zero-started-zl-rb/raw/watch/cp-b12-watch-db/copies/085120.709-8a171458d4fd.sqlite3
/var/tmp/cp-b12-1001/evidence/z05-zero-started-zl-rb/raw/watch/cp-b12-watch-db/copies/085120.709-8a171458d4fd.sqlite3-wal
/var/tmp/cp-b12-1001/evidence/z05-zero-started-zl-rb/raw/watch/cp-b12-watch-db/copies/085122.768-704e66637d08.sqlite3
/var/tmp/cp-b12-1001/evidence/z05-zero-started-zl-rb/raw/watch/cp-b12-watch-db/copies/085122.768-704e66637d08.sqlite3-wal
/var/tmp/cp-b12-1001/evidence/z05-zero-started-zl-rb/raw/watch/cp-b12-watch-db/copies/085220.761-eed824d39ba8.sqlite3
/var/tmp/cp-b12-1001/evidence/z05-zero-started-zl-rb/raw/watch/cp-b12-watch-db/copies/085220.761-eed824d39ba8.sqlite3-wal
/var/tmp/cp-b12-1001/evidence/z05-zero-started-zl-rb/raw/watch/cp-b12-watch-db/copies/085339.509-b7b525c9bf47.sqlite3
/var/tmp/cp-b12-1001/evidence/z05-zero-started-zl-rb/raw/watch/cp-b12-watch-db/copies/085339.509-b7b525c9bf47.sqlite3-wal
/var/tmp/cp-b12-1001/evidence/z05-zero-started-zl-rb/raw/watch/cp-b12-watch-db/copies/085421.286-46fac957357c.sqlite3
/var/tmp/cp-b12-1001/evidence/z05-zero-started-zl-rb/raw/watch/cp-b12-watch-db/copies/085421.286-46fac957357c.sqlite3-wal
/var/tmp/cp-b12-1001/evidence/z05-zero-started-zl-rb/raw/watch/cp-b12-watch-db/timeline.log
/var/tmp/cp-b12-1001/evidence/z05-zero-started-zl-rb/raw/watch/cp-b12-watch/journal-at-at-kill-proof.json
/var/tmp/cp-b12-1001/evidence/z05-zero-started-zl-rb/raw/watch/cp-b12-watch-ledboot2/copies/085452.574-ledger-462c0058fb46.json
/var/tmp/cp-b12-1001/evidence/z05-zero-started-zl-rb/raw/watch/cp-b12-watch-ledboot2/timeline.log
/var/tmp/cp-b12-1001/evidence/z05-zero-started-zl-rb/raw/watch/cp-b12-watch-led/copies/085004.687-ledger-177f61d12ed0.json
/var/tmp/cp-b12-1001/evidence/z05-zero-started-zl-rb/raw/watch/cp-b12-watch-led/copies/085007.069-ledger-183b828c8617.json
/var/tmp/cp-b12-1001/evidence/z05-zero-started-zl-rb/raw/watch/cp-b12-watch-led/copies/085007.232-ledger-0fd7ef6f3b37.json
/var/tmp/cp-b12-1001/evidence/z05-zero-started-zl-rb/raw/watch/cp-b12-watch-led/copies/085007.395-ledger-6b10be22edb0.json
/var/tmp/cp-b12-1001/evidence/z05-zero-started-zl-rb/raw/watch/cp-b12-watch-led/copies/085007.547-ledger-01aeba469d5e.json
/var/tmp/cp-b12-1001/evidence/z05-zero-started-zl-rb/raw/watch/cp-b12-watch-led/copies/085010.324-ledger-b19a89cfecec.json
/var/tmp/cp-b12-1001/evidence/z05-zero-started-zl-rb/raw/watch/cp-b12-watch-led/copies/085010.471-ledger-132dbee08dfc.json
/var/tmp/cp-b12-1001/evidence/z05-zero-started-zl-rb/raw/watch/cp-b12-watch-led/copies/085010.610-ledger-7375c4bf4152.json
/var/tmp/cp-b12-1001/evidence/z05-zero-started-zl-rb/raw/watch/cp-b12-watch-led/copies/085010.902-ledger-e737a2815441.json
/var/tmp/cp-b12-1001/evidence/z05-zero-started-zl-rb/raw/watch/cp-b12-watch-led/copies/085011.047-ledger-38b5091ddb51.json
/var/tmp/cp-b12-1001/evidence/z05-zero-started-zl-rb/raw/watch/cp-b12-watch-led/copies/085011.192-ledger-9aaafcb01e1c.json
/var/tmp/cp-b12-1001/evidence/z05-zero-started-zl-rb/raw/watch/cp-b12-watch-led/copies/085012.095-ledger-cf196c25dac2.json
/var/tmp/cp-b12-1001/evidence/z05-zero-started-zl-rb/raw/watch/cp-b12-watch-led/copies/085015.782-ledger-1781458e75bc.json
/var/tmp/cp-b12-1001/evidence/z05-zero-started-zl-rb/raw/watch/cp-b12-watch-led/copies/085016.026-ledger-c5be47a7cde6.json
/var/tmp/cp-b12-1001/evidence/z05-zero-started-zl-rb/raw/watch/cp-b12-watch-led/copies/085016.295-ledger-c41da1c51fd4.json
/var/tmp/cp-b12-1001/evidence/z05-zero-started-zl-rb/raw/watch/cp-b12-watch-led/copies/085016.439-ledger-1544e327a971.json
/var/tmp/cp-b12-1001/evidence/z05-zero-started-zl-rb/raw/watch/cp-b12-watch-led/copies/085016.583-ledger-749b5c6369e5.json
/var/tmp/cp-b12-1001/evidence/z05-zero-started-zl-rb/raw/watch/cp-b12-watch-led/copies/085016.729-ledger-564f85afa29a.json
/var/tmp/cp-b12-1001/evidence/z05-zero-started-zl-rb/raw/watch/cp-b12-watch-led/copies/085016.870-ledger-8940332e8976.json
/var/tmp/cp-b12-1001/evidence/z05-zero-started-zl-rb/raw/watch/cp-b12-watch-led/copies/085017.014-ledger-79b2931cee47.json
/var/tmp/cp-b12-1001/evidence/z05-zero-started-zl-rb/raw/watch/cp-b12-watch-led/copies/085017.154-ledger-97a10a8734a2.json
/var/tmp/cp-b12-1001/evidence/z05-zero-started-zl-rb/raw/watch/cp-b12-watch-led/copies/085017.615-ledger-8822c4c677b5.json
/var/tmp/cp-b12-1001/evidence/z05-zero-started-zl-rb/raw/watch/cp-b12-watch-led/copies/085017.769-ledger-f07c83e0240b.json
/var/tmp/cp-b12-1001/evidence/z05-zero-started-zl-rb/raw/watch/cp-b12-watch-led/copies/085017.911-ledger-b8464900ace5.json
/var/tmp/cp-b12-1001/evidence/z05-zero-started-zl-rb/raw/watch/cp-b12-watch-led/copies/085018.065-ledger-702457001feb.json
/var/tmp/cp-b12-1001/evidence/z05-zero-started-zl-rb/raw/watch/cp-b12-watch-led/copies/085018.213-ledger-36a467517495.json
/var/tmp/cp-b12-1001/evidence/z05-zero-started-zl-rb/raw/watch/cp-b12-watch-led/copies/085018.576-ledger-f3e066faecc9.json
/var/tmp/cp-b12-1001/evidence/z05-zero-started-zl-rb/raw/watch/cp-b12-watch-led/copies/085018.851-ledger-96b40c6f54cd.json
/var/tmp/cp-b12-1001/evidence/z05-zero-started-zl-rb/raw/watch/cp-b12-watch-led/copies/085019.119-ledger-1ad764bec927.json
/var/tmp/cp-b12-1001/evidence/z05-zero-started-zl-rb/raw/watch/cp-b12-watch-led/copies/085019.263-ledger-bca73118426c.json
/var/tmp/cp-b12-1001/evidence/z05-zero-started-zl-rb/raw/watch/cp-b12-watch-led/copies/085019.425-ledger-3577f37dad28.json
/var/tmp/cp-b12-1001/evidence/z05-zero-started-zl-rb/raw/watch/cp-b12-watch-led/copies/085019.791-ledger-3135fa962140.json
/var/tmp/cp-b12-1001/evidence/z05-zero-started-zl-rb/raw/watch/cp-b12-watch-led/copies/085020.068-ledger-abb44bd27648.json
/var/tmp/cp-b12-1001/evidence/z05-zero-started-zl-rb/raw/watch/cp-b12-watch-led/copies/085020.210-ledger-91c2ce3cf53f.json
/var/tmp/cp-b12-1001/evidence/z05-zero-started-zl-rb/raw/watch/cp-b12-watch-led/copies/085020.354-ledger-d7bd279fbe19.json
/var/tmp/cp-b12-1001/evidence/z05-zero-started-zl-rb/raw/watch/cp-b12-watch-led/copies/085020.503-ledger-0a1c5e89d561.json
/var/tmp/cp-b12-1001/evidence/z05-zero-started-zl-rb/raw/watch/cp-b12-watch-led/copies/085020.645-ledger-a24a5ecba168.json
/var/tmp/cp-b12-1001/evidence/z05-zero-started-zl-rb/raw/watch/cp-b12-watch-led/copies/085032.647-ledger-f989c2df7f4f.json
/var/tmp/cp-b12-1001/evidence/z05-zero-started-zl-rb/raw/watch/cp-b12-watch-led/copies/085105.743-ledger-729aeb8984a1.json
/var/tmp/cp-b12-1001/evidence/z05-zero-started-zl-rb/raw/watch/cp-b12-watch-led/copies/085105.907-ledger-9e6c02ad4839.json
/var/tmp/cp-b12-1001/evidence/z05-zero-started-zl-rb/raw/watch/cp-b12-watch-led/copies/085106.051-ledger-720d02fe0926.json
/var/tmp/cp-b12-1001/evidence/z05-zero-started-zl-rb/raw/watch/cp-b12-watch-led/copies/085106.210-ledger-33efef0ed568.json
/var/tmp/cp-b12-1001/evidence/z05-zero-started-zl-rb/raw/watch/cp-b12-watch-led/copies/085106.364-ledger-e1e11f2e1d5b.json
/var/tmp/cp-b12-1001/evidence/z05-zero-started-zl-rb/raw/watch/cp-b12-watch-led/copies/085106.547-ledger-f04a2d34c2ee.json
/var/tmp/cp-b12-1001/evidence/z05-zero-started-zl-rb/raw/watch/cp-b12-watch-led/copies/085106.689-ledger-21a4bb51dca3.json
/var/tmp/cp-b12-1001/evidence/z05-zero-started-zl-rb/raw/watch/cp-b12-watch-led/copies/085106.853-ledger-c5a757b68603.json
/var/tmp/cp-b12-1001/evidence/z05-zero-started-zl-rb/raw/watch/cp-b12-watch-led/copies/085107.004-ledger-1e8bf87ff7d6.json
/var/tmp/cp-b12-1001/evidence/z05-zero-started-zl-rb/raw/watch/cp-b12-watch-led/copies/085107.159-ledger-655562bc2e15.json
/var/tmp/cp-b12-1001/evidence/z05-zero-started-zl-rb/raw/watch/cp-b12-watch-led/copies/085107.305-ledger-d3ac631af4a5.json
/var/tmp/cp-b12-1001/evidence/z05-zero-started-zl-rb/raw/watch/cp-b12-watch-led/copies/085107.475-ledger-55db2301364f.json
/var/tmp/cp-b12-1001/evidence/z05-zero-started-zl-rb/raw/watch/cp-b12-watch-led/copies/085107.828-ledger-546e6bdb0ff3.json
/var/tmp/cp-b12-1001/evidence/z05-zero-started-zl-rb/raw/watch/cp-b12-watch-led/copies/085107.979-ledger-4fb38dcb8d91.json
/var/tmp/cp-b12-1001/evidence/z05-zero-started-zl-rb/raw/watch/cp-b12-watch-led/copies/085108.129-ledger-844f1e3d24a0.json
/var/tmp/cp-b12-1001/evidence/z05-zero-started-zl-rb/raw/watch/cp-b12-watch-led/copies/085108.277-ledger-8c6b8bba5586.json
/var/tmp/cp-b12-1001/evidence/z05-zero-started-zl-rb/raw/watch/cp-b12-watch-led/copies/085108.424-ledger-16f64be67850.json
/var/tmp/cp-b12-1001/evidence/z05-zero-started-zl-rb/raw/watch/cp-b12-watch-led/copies/085108.570-ledger-3d1c05ae4706.json
/var/tmp/cp-b12-1001/evidence/z05-zero-started-zl-rb/raw/watch/cp-b12-watch-led/copies/085108.719-ledger-5a116646c42e.json
/var/tmp/cp-b12-1001/evidence/z05-zero-started-zl-rb/raw/watch/cp-b12-watch-led/copies/085108.877-ledger-43e52166d660.json
/var/tmp/cp-b12-1001/evidence/z05-zero-started-zl-rb/raw/watch/cp-b12-watch-led/copies/085109.030-ledger-1f44009ccddd.json
/var/tmp/cp-b12-1001/evidence/z05-zero-started-zl-rb/raw/watch/cp-b12-watch-led/copies/085109.181-ledger-30f82d85f007.json
/var/tmp/cp-b12-1001/evidence/z05-zero-started-zl-rb/raw/watch/cp-b12-watch-led/copies/085109.325-ledger-96e75375f3f0.json
/var/tmp/cp-b12-1001/evidence/z05-zero-started-zl-rb/raw/watch/cp-b12-watch-led/copies/085109.473-ledger-e73a85ee7417.json
/var/tmp/cp-b12-1001/evidence/z05-zero-started-zl-rb/raw/watch/cp-b12-watch-led/copies/085109.622-ledger-d9c8efec67b5.json
/var/tmp/cp-b12-1001/evidence/z05-zero-started-zl-rb/raw/watch/cp-b12-watch-led/copies/085109.764-ledger-e447fddd3c41.json
/var/tmp/cp-b12-1001/evidence/z05-zero-started-zl-rb/raw/watch/cp-b12-watch-led/copies/085110.120-ledger-0d0f35167b51.json
/var/tmp/cp-b12-1001/evidence/z05-zero-started-zl-rb/raw/watch/cp-b12-watch-led/copies/085113.576-ledger-27992119c155.json
/var/tmp/cp-b12-1001/evidence/z05-zero-started-zl-rb/raw/watch/cp-b12-watch-led/copies/085113.721-ledger-3fc29f8225ec.json
/var/tmp/cp-b12-1001/evidence/z05-zero-started-zl-rb/raw/watch/cp-b12-watch-led/copies/085113.867-ledger-40cfc3b6eac2.json
/var/tmp/cp-b12-1001/evidence/z05-zero-started-zl-rb/raw/watch/cp-b12-watch-led/copies/085114.012-ledger-532e958860ed.json
/var/tmp/cp-b12-1001/evidence/z05-zero-started-zl-rb/raw/watch/cp-b12-watch-led/copies/085114.155-ledger-5d5048932cb6.json
/var/tmp/cp-b12-1001/evidence/z05-zero-started-zl-rb/raw/watch/cp-b12-watch-led/copies/085114.300-ledger-f172c08d64f5.json
/var/tmp/cp-b12-1001/evidence/z05-zero-started-zl-rb/raw/watch/cp-b12-watch-led/copies/085114.447-ledger-c9628136b96b.json
/var/tmp/cp-b12-1001/evidence/z05-zero-started-zl-rb/raw/watch/cp-b12-watch-led/copies/085114.591-ledger-07f2d1d75617.json
/var/tmp/cp-b12-1001/evidence/z05-zero-started-zl-rb/raw/watch/cp-b12-watch-led/copies/085114.743-ledger-0ae19364ae24.json
/var/tmp/cp-b12-1001/evidence/z05-zero-started-zl-rb/raw/watch/cp-b12-watch-led/copies/085114.889-ledger-d021bd7485ea.json
/var/tmp/cp-b12-1001/evidence/z05-zero-started-zl-rb/raw/watch/cp-b12-watch-led/copies/085115.039-ledger-80e4c01ebea2.json
/var/tmp/cp-b12-1001/evidence/z05-zero-started-zl-rb/raw/watch/cp-b12-watch-led/copies/085115.191-ledger-6c3ac2187e40.json
/var/tmp/cp-b12-1001/evidence/z05-zero-started-zl-rb/raw/watch/cp-b12-watch-led/copies/085115.338-ledger-442c34945220.json
/var/tmp/cp-b12-1001/evidence/z05-zero-started-zl-rb/raw/watch/cp-b12-watch-led/copies/085115.488-ledger-a4736dd2e90a.json
/var/tmp/cp-b12-1001/evidence/z05-zero-started-zl-rb/raw/watch/cp-b12-watch-led/copies/085115.634-ledger-3cc8a8dc8929.json
/var/tmp/cp-b12-1001/evidence/z05-zero-started-zl-rb/raw/watch/cp-b12-watch-led/copies/085115.779-ledger-a63f70dbeedd.json
/var/tmp/cp-b12-1001/evidence/z05-zero-started-zl-rb/raw/watch/cp-b12-watch-led/copies/085115.931-ledger-59a4f10d33c3.json
/var/tmp/cp-b12-1001/evidence/z05-zero-started-zl-rb/raw/watch/cp-b12-watch-led/copies/085116.080-ledger-7f0bd6282f24.json
/var/tmp/cp-b12-1001/evidence/z05-zero-started-zl-rb/raw/watch/cp-b12-watch-led/copies/085116.234-ledger-84f2414e8f35.json
/var/tmp/cp-b12-1001/evidence/z05-zero-started-zl-rb/raw/watch/cp-b12-watch-led/copies/085116.379-ledger-c9083cfdb82f.json
/var/tmp/cp-b12-1001/evidence/z05-zero-started-zl-rb/raw/watch/cp-b12-watch-led/copies/085116.537-ledger-8e8233b975ac.json
/var/tmp/cp-b12-1001/evidence/z05-zero-started-zl-rb/raw/watch/cp-b12-watch-led/copies/085116.690-ledger-704de2e7674d.json
/var/tmp/cp-b12-1001/evidence/z05-zero-started-zl-rb/raw/watch/cp-b12-watch-led/copies/085116.852-ledger-06ca363bf113.json
/var/tmp/cp-b12-1001/evidence/z05-zero-started-zl-rb/raw/watch/cp-b12-watch-led/copies/085117.003-ledger-2d5996d54be3.json
/var/tmp/cp-b12-1001/evidence/z05-zero-started-zl-rb/raw/watch/cp-b12-watch-led/copies/085117.159-ledger-1e399305d74a.json
/var/tmp/cp-b12-1001/evidence/z05-zero-started-zl-rb/raw/watch/cp-b12-watch-led/copies/085117.403-ledger-2d186cda6106.json
/var/tmp/cp-b12-1001/evidence/z05-zero-started-zl-rb/raw/watch/cp-b12-watch-led/copies/085120.967-ledger-e62e904e0508.json
/var/tmp/cp-b12-1001/evidence/z05-zero-started-zl-rb/raw/watch/cp-b12-watch-led/copies/085121.123-ledger-00d30a7fe200.json
/var/tmp/cp-b12-1001/evidence/z05-zero-started-zl-rb/raw/watch/cp-b12-watch-led/copies/085121.265-ledger-3b1b8b90519d.json
/var/tmp/cp-b12-1001/evidence/z05-zero-started-zl-rb/raw/watch/cp-b12-watch-led/copies/085121.426-ledger-230a9ea4ce40.json
/var/tmp/cp-b12-1001/evidence/z05-zero-started-zl-rb/raw/watch/cp-b12-watch-led/copies/085121.578-ledger-76fea149f041.json
/var/tmp/cp-b12-1001/evidence/z05-zero-started-zl-rb/raw/watch/cp-b12-watch-led/copies/085121.741-ledger-8c581c29451e.json
/var/tmp/cp-b12-1001/evidence/z05-zero-started-zl-rb/raw/watch/cp-b12-watch-led/copies/085121.887-ledger-c5596b09ea64.json
/var/tmp/cp-b12-1001/evidence/z05-zero-started-zl-rb/raw/watch/cp-b12-watch-led/copies/085122.050-ledger-884747571580.json
/var/tmp/cp-b12-1001/evidence/z05-zero-started-zl-rb/raw/watch/cp-b12-watch-led/copies/085122.203-ledger-441c47a3980e.json
/var/tmp/cp-b12-1001/evidence/z05-zero-started-zl-rb/raw/watch/cp-b12-watch-led/copies/085122.359-ledger-c5105bdbbaec.json
/var/tmp/cp-b12-1001/evidence/z05-zero-started-zl-rb/raw/watch/cp-b12-watch-led/copies/085122.513-ledger-2673c834fa0e.json
/var/tmp/cp-b12-1001/evidence/z05-zero-started-zl-rb/raw/watch/cp-b12-watch-led/copies/085122.664-ledger-b6e1403ac1db.json
/var/tmp/cp-b12-1001/evidence/z05-zero-started-zl-rb/raw/watch/cp-b12-watch-led/copies/085122.814-ledger-b0a6e1dca3f4.json
/var/tmp/cp-b12-1001/evidence/z05-zero-started-zl-rb/raw/watch/cp-b12-watch-led/copies/085122.990-ledger-6091b9018677.json
/var/tmp/cp-b12-1001/evidence/z05-zero-started-zl-rb/raw/watch/cp-b12-watch-led/copies/085123.139-ledger-100630603feb.json
/var/tmp/cp-b12-1001/evidence/z05-zero-started-zl-rb/raw/watch/cp-b12-watch-led/copies/085123.315-ledger-a87d7f4ad208.json
/var/tmp/cp-b12-1001/evidence/z05-zero-started-zl-rb/raw/watch/cp-b12-watch-led/copies/085123.464-ledger-1a1daccc819f.json
/var/tmp/cp-b12-1001/evidence/z05-zero-started-zl-rb/raw/watch/cp-b12-watch-led/copies/085123.624-ledger-332d059264f1.json
/var/tmp/cp-b12-1001/evidence/z05-zero-started-zl-rb/raw/watch/cp-b12-watch-led/copies/085123.776-ledger-52fa93af708c.json
/var/tmp/cp-b12-1001/evidence/z05-zero-started-zl-rb/raw/watch/cp-b12-watch-led/copies/085126.007-ledger-406e26d06cc0.json
/var/tmp/cp-b12-1001/evidence/z05-zero-started-zl-rb/raw/watch/cp-b12-watch-led/copies/085127.047-ledger-2e7f194fc916.json
/var/tmp/cp-b12-1001/evidence/z05-zero-started-zl-rb/raw/watch/cp-b12-watch-led/copies/085310.064-ledger-a0cd6b5efce4.json
/var/tmp/cp-b12-1001/evidence/z05-zero-started-zl-rb/raw/watch/cp-b12-watch-led/copies/085310.210-ledger-605cad73d82e.json
/var/tmp/cp-b12-1001/evidence/z05-zero-started-zl-rb/raw/watch/cp-b12-watch-led/copies/085310.359-ledger-51df0b000e71.json
/var/tmp/cp-b12-1001/evidence/z05-zero-started-zl-rb/raw/watch/cp-b12-watch-led/copies/085310.516-ledger-142819f13c4c.json
/var/tmp/cp-b12-1001/evidence/z05-zero-started-zl-rb/raw/watch/cp-b12-watch-led/copies/085310.669-ledger-825d0aaf983e.json
/var/tmp/cp-b12-1001/evidence/z05-zero-started-zl-rb/raw/watch/cp-b12-watch-led/copies/085310.819-ledger-8cb4694d9238.json
/var/tmp/cp-b12-1001/evidence/z05-zero-started-zl-rb/raw/watch/cp-b12-watch-led/copies/085310.965-ledger-9c5bd06bc7ba.json
/var/tmp/cp-b12-1001/evidence/z05-zero-started-zl-rb/raw/watch/cp-b12-watch-led/copies/085311.112-ledger-fc754a64969d.json
/var/tmp/cp-b12-1001/evidence/z05-zero-started-zl-rb/raw/watch/cp-b12-watch-led/copies/085311.264-ledger-8acaea00ce2b.json
/var/tmp/cp-b12-1001/evidence/z05-zero-started-zl-rb/raw/watch/cp-b12-watch-led/copies/085311.412-ledger-b4aad7e8b22e.json
/var/tmp/cp-b12-1001/evidence/z05-zero-started-zl-rb/raw/watch/cp-b12-watch-led/copies/085311.770-ledger-e1cda17a931a.json
/var/tmp/cp-b12-1001/evidence/z05-zero-started-zl-rb/raw/watch/cp-b12-watch-led/copies/085311.930-ledger-827816be6edf.json
/var/tmp/cp-b12-1001/evidence/z05-zero-started-zl-rb/raw/watch/cp-b12-watch-led/copies/085312.100-ledger-f1eb5c25d68a.json
/var/tmp/cp-b12-1001/evidence/z05-zero-started-zl-rb/raw/watch/cp-b12-watch-led/copies/085312.245-ledger-4c20a3aa9b08.json
/var/tmp/cp-b12-1001/evidence/z05-zero-started-zl-rb/raw/watch/cp-b12-watch-led/copies/085312.419-ledger-f85209418e0b.json
/var/tmp/cp-b12-1001/evidence/z05-zero-started-zl-rb/raw/watch/cp-b12-watch-led/copies/085312.568-ledger-c837178e47d1.json
/var/tmp/cp-b12-1001/evidence/z05-zero-started-zl-rb/raw/watch/cp-b12-watch-led/copies/085312.748-ledger-59381f17d130.json
/var/tmp/cp-b12-1001/evidence/z05-zero-started-zl-rb/raw/watch/cp-b12-watch-led/copies/085312.895-ledger-7a786ea4fe6a.json
/var/tmp/cp-b12-1001/evidence/z05-zero-started-zl-rb/raw/watch/cp-b12-watch-led/copies/085313.054-ledger-52b4f216edde.json
/var/tmp/cp-b12-1001/evidence/z05-zero-started-zl-rb/raw/watch/cp-b12-watch-led/copies/085313.208-ledger-c119f3010495.json
/var/tmp/cp-b12-1001/evidence/z05-zero-started-zl-rb/raw/watch/cp-b12-watch-led/copies/085313.388-ledger-ae739228cace.json
/var/tmp/cp-b12-1001/evidence/z05-zero-started-zl-rb/raw/watch/cp-b12-watch-led/copies/085313.550-ledger-a79f88bcf796.json
/var/tmp/cp-b12-1001/evidence/z05-zero-started-zl-rb/raw/watch/cp-b12-watch-led/copies/085313.743-ledger-9627bf5871f7.json
/var/tmp/cp-b12-1001/evidence/z05-zero-started-zl-rb/raw/watch/cp-b12-watch-led/copies/085313.956-ledger-b18ad23c0691.json
/var/tmp/cp-b12-1001/evidence/z05-zero-started-zl-rb/raw/watch/cp-b12-watch-led/copies/085314.140-ledger-adc78e8ca9fa.json
/var/tmp/cp-b12-1001/evidence/z05-zero-started-zl-rb/raw/watch/cp-b12-watch-led/copies/085314.373-ledger-1833a5bf6a57.json
/var/tmp/cp-b12-1001/evidence/z05-zero-started-zl-rb/raw/watch/cp-b12-watch-led/copies/085314.553-ledger-88581780e254.json
/var/tmp/cp-b12-1001/evidence/z05-zero-started-zl-rb/raw/watch/cp-b12-watch-led/copies/085314.718-ledger-069ff2bc4cff.json
/var/tmp/cp-b12-1001/evidence/z05-zero-started-zl-rb/raw/watch/cp-b12-watch-led/copies/085314.891-ledger-9905e6b7d76e.json
/var/tmp/cp-b12-1001/evidence/z05-zero-started-zl-rb/raw/watch/cp-b12-watch-led/copies/085315.104-ledger-3a6caaf98492.json
/var/tmp/cp-b12-1001/evidence/z05-zero-started-zl-rb/raw/watch/cp-b12-watch-led/copies/085315.297-ledger-ded9f9686e68.json
/var/tmp/cp-b12-1001/evidence/z05-zero-started-zl-rb/raw/watch/cp-b12-watch-led/copies/085316.943-ledger-28480ecd5c1c.json
/var/tmp/cp-b12-1001/evidence/z05-zero-started-zl-rb/raw/watch/cp-b12-watch-led/copies/085320.199-ledger-6803b9b7f52b.json
/var/tmp/cp-b12-1001/evidence/z05-zero-started-zl-rb/raw/watch/cp-b12-watch-led/copies/085320.359-ledger-057b8c105792.json
/var/tmp/cp-b12-1001/evidence/z05-zero-started-zl-rb/raw/watch/cp-b12-watch-led/copies/085320.519-ledger-3827bd5d8cbc.json
/var/tmp/cp-b12-1001/evidence/z05-zero-started-zl-rb/raw/watch/cp-b12-watch-led/copies/085320.676-ledger-5812fd3d149e.json
/var/tmp/cp-b12-1001/evidence/z05-zero-started-zl-rb/raw/watch/cp-b12-watch-led/copies/085320.831-ledger-34414ac08322.json
/var/tmp/cp-b12-1001/evidence/z05-zero-started-zl-rb/raw/watch/cp-b12-watch-led/copies/085320.984-ledger-59db0704fe67.json
/var/tmp/cp-b12-1001/evidence/z05-zero-started-zl-rb/raw/watch/cp-b12-watch-led/copies/085321.148-ledger-b3a6793ddf09.json
/var/tmp/cp-b12-1001/evidence/z05-zero-started-zl-rb/raw/watch/cp-b12-watch-led/copies/085321.300-ledger-59dc307db4bf.json
/var/tmp/cp-b12-1001/evidence/z05-zero-started-zl-rb/raw/watch/cp-b12-watch-led/copies/085321.465-ledger-188790001f00.json
/var/tmp/cp-b12-1001/evidence/z05-zero-started-zl-rb/raw/watch/cp-b12-watch-led/copies/085321.612-ledger-82c0e3f58c44.json
/var/tmp/cp-b12-1001/evidence/z05-zero-started-zl-rb/raw/watch/cp-b12-watch-led/copies/085321.759-ledger-6ab01e4e53b3.json
/var/tmp/cp-b12-1001/evidence/z05-zero-started-zl-rb/raw/watch/cp-b12-watch-led/copies/085321.910-ledger-569e0098b863.json
/var/tmp/cp-b12-1001/evidence/z05-zero-started-zl-rb/raw/watch/cp-b12-watch-led/copies/085322.065-ledger-aacc753436c9.json
/var/tmp/cp-b12-1001/evidence/z05-zero-started-zl-rb/raw/watch/cp-b12-watch-led/copies/085322.227-ledger-2322c0b264cf.json
/var/tmp/cp-b12-1001/evidence/z05-zero-started-zl-rb/raw/watch/cp-b12-watch-led/copies/085322.380-ledger-2fb1725d1091.json
/var/tmp/cp-b12-1001/evidence/z05-zero-started-zl-rb/raw/watch/cp-b12-watch-led/copies/085322.540-ledger-d1e2e85fa1a4.json
/var/tmp/cp-b12-1001/evidence/z05-zero-started-zl-rb/raw/watch/cp-b12-watch-led/copies/085322.690-ledger-4f2a81d0ca44.json
/var/tmp/cp-b12-1001/evidence/z05-zero-started-zl-rb/raw/watch/cp-b12-watch-led/copies/085322.858-ledger-b9205b61e698.json
/var/tmp/cp-b12-1001/evidence/z05-zero-started-zl-rb/raw/watch/cp-b12-watch-led/copies/085323.009-ledger-40e09e647e2c.json
/var/tmp/cp-b12-1001/evidence/z05-zero-started-zl-rb/raw/watch/cp-b12-watch-led/copies/085323.189-ledger-792d5deb6cf9.json
/var/tmp/cp-b12-1001/evidence/z05-zero-started-zl-rb/raw/watch/cp-b12-watch-led/copies/085323.339-ledger-97fa5717d916.json
/var/tmp/cp-b12-1001/evidence/z05-zero-started-zl-rb/raw/watch/cp-b12-watch-led/copies/085323.507-ledger-810736322667.json
/var/tmp/cp-b12-1001/evidence/z05-zero-started-zl-rb/raw/watch/cp-b12-watch-led/copies/085323.657-ledger-889c897c52fc.json
/var/tmp/cp-b12-1001/evidence/z05-zero-started-zl-rb/raw/watch/cp-b12-watch-led/copies/085323.875-ledger-feba6ac0a14a.json
/var/tmp/cp-b12-1001/evidence/z05-zero-started-zl-rb/raw/watch/cp-b12-watch-led/copies/085324.026-ledger-0455efdfa269.json
/var/tmp/cp-b12-1001/evidence/z05-zero-started-zl-rb/raw/watch/cp-b12-watch-led/copies/085324.198-ledger-20b9f8657d8b.json
/var/tmp/cp-b12-1001/evidence/z05-zero-started-zl-rb/raw/watch/cp-b12-watch-led/copies/085324.344-ledger-91dc8e020bf4.json
/var/tmp/cp-b12-1001/evidence/z05-zero-started-zl-rb/raw/watch/cp-b12-watch-led/copies/085325.070-ledger-fcd5c5b9454c.json
/var/tmp/cp-b12-1001/evidence/z05-zero-started-zl-rb/raw/watch/cp-b12-watch-led/copies/085325.270-ledger-47b595a5ea45.json
/var/tmp/cp-b12-1001/evidence/z05-zero-started-zl-rb/raw/watch/cp-b12-watch-led/copies/085325.444-ledger-e44d4141f306.json
/var/tmp/cp-b12-1001/evidence/z05-zero-started-zl-rb/raw/watch/cp-b12-watch-led/copies/085325.619-ledger-f8c5413998f3.json
/var/tmp/cp-b12-1001/evidence/z05-zero-started-zl-rb/raw/watch/cp-b12-watch-led/copies/085325.804-ledger-47e70cf44092.json
/var/tmp/cp-b12-1001/evidence/z05-zero-started-zl-rb/raw/watch/cp-b12-watch-led/copies/085326.019-ledger-f69c295e9ded.json
/var/tmp/cp-b12-1001/evidence/z05-zero-started-zl-rb/raw/watch/cp-b12-watch-led/copies/085326.187-ledger-063d4015ea07.json
/var/tmp/cp-b12-1001/evidence/z05-zero-started-zl-rb/raw/watch/cp-b12-watch-led/copies/085326.387-ledger-382cb7674214.json
/var/tmp/cp-b12-1001/evidence/z05-zero-started-zl-rb/raw/watch/cp-b12-watch-led/copies/085326.559-ledger-2a9474b78686.json
/var/tmp/cp-b12-1001/evidence/z05-zero-started-zl-rb/raw/watch/cp-b12-watch-led/copies/085326.735-ledger-23c823964ade.json
/var/tmp/cp-b12-1001/evidence/z05-zero-started-zl-rb/raw/watch/cp-b12-watch-led/copies/085326.886-ledger-6fb8c4e53938.json
/var/tmp/cp-b12-1001/evidence/z05-zero-started-zl-rb/raw/watch/cp-b12-watch-led/copies/085327.256-ledger-e917ee34d308.json
/var/tmp/cp-b12-1001/evidence/z05-zero-started-zl-rb/raw/watch/cp-b12-watch-led/copies/085327.433-ledger-a2c527a87f95.json
/var/tmp/cp-b12-1001/evidence/z05-zero-started-zl-rb/raw/watch/cp-b12-watch-led/copies/085327.614-ledger-b38cb3c5d1f1.json
/var/tmp/cp-b12-1001/evidence/z05-zero-started-zl-rb/raw/watch/cp-b12-watch-led/copies/085327.801-ledger-db603e6a828d.json
/var/tmp/cp-b12-1001/evidence/z05-zero-started-zl-rb/raw/watch/cp-b12-watch-led/copies/085327.961-ledger-30dbc03d2207.json
/var/tmp/cp-b12-1001/evidence/z05-zero-started-zl-rb/raw/watch/cp-b12-watch-led/copies/085328.167-ledger-b4453accc97b.json
/var/tmp/cp-b12-1001/evidence/z05-zero-started-zl-rb/raw/watch/cp-b12-watch-led/copies/085328.327-ledger-5b2f463b8a47.json
/var/tmp/cp-b12-1001/evidence/z05-zero-started-zl-rb/raw/watch/cp-b12-watch-led/copies/085328.505-ledger-41194b925e65.json
/var/tmp/cp-b12-1001/evidence/z05-zero-started-zl-rb/raw/watch/cp-b12-watch-led/copies/085328.672-ledger-6284f619b6e2.json
/var/tmp/cp-b12-1001/evidence/z05-zero-started-zl-rb/raw/watch/cp-b12-watch-led/copies/085328.848-ledger-162cbab4c50c.json
/var/tmp/cp-b12-1001/evidence/z05-zero-started-zl-rb/raw/watch/cp-b12-watch-led/copies/085329.009-ledger-8fbed3613cfe.json
/var/tmp/cp-b12-1001/evidence/z05-zero-started-zl-rb/raw/watch/cp-b12-watch-led/copies/085329.179-ledger-670b8ebef27c.json
/var/tmp/cp-b12-1001/evidence/z05-zero-started-zl-rb/raw/watch/cp-b12-watch-led/copies/085329.330-ledger-2b5fe0876bbc.json
/var/tmp/cp-b12-1001/evidence/z05-zero-started-zl-rb/raw/watch/cp-b12-watch-led/copies/085329.496-ledger-8852233243f4.json
/var/tmp/cp-b12-1001/evidence/z05-zero-started-zl-rb/raw/watch/cp-b12-watch-led/copies/085329.645-ledger-acf19d338f07.json
/var/tmp/cp-b12-1001/evidence/z05-zero-started-zl-rb/raw/watch/cp-b12-watch-led/copies/085329.809-ledger-33f2cec820a6.json
/var/tmp/cp-b12-1001/evidence/z05-zero-started-zl-rb/raw/watch/cp-b12-watch-led/copies/085329.953-ledger-ea03f2488ddf.json
/var/tmp/cp-b12-1001/evidence/z05-zero-started-zl-rb/raw/watch/cp-b12-watch-led/copies/085330.105-ledger-758d2f1900f2.json
/var/tmp/cp-b12-1001/evidence/z05-zero-started-zl-rb/raw/watch/cp-b12-watch-led/copies/085330.249-ledger-8003b5a020c5.json
/var/tmp/cp-b12-1001/evidence/z05-zero-started-zl-rb/raw/watch/cp-b12-watch-led/copies/085330.394-ledger-d893c96c222c.json
/var/tmp/cp-b12-1001/evidence/z05-zero-started-zl-rb/raw/watch/cp-b12-watch-led/copies/085330.539-ledger-63f3e7b6d2bd.json
/var/tmp/cp-b12-1001/evidence/z05-zero-started-zl-rb/raw/watch/cp-b12-watch-led/copies/085330.695-ledger-e060bfb93b13.json
/var/tmp/cp-b12-1001/evidence/z05-zero-started-zl-rb/raw/watch/cp-b12-watch-led/copies/085330.837-ledger-e97f74698101.json
/var/tmp/cp-b12-1001/evidence/z05-zero-started-zl-rb/raw/watch/cp-b12-watch-led/copies/085330.997-ledger-0fc97bd31f83.json
/var/tmp/cp-b12-1001/evidence/z05-zero-started-zl-rb/raw/watch/cp-b12-watch-led/copies/085331.146-ledger-0c64979ce720.json
/var/tmp/cp-b12-1001/evidence/z05-zero-started-zl-rb/raw/watch/cp-b12-watch-led/copies/085331.307-ledger-ddd8872c2c97.json
/var/tmp/cp-b12-1001/evidence/z05-zero-started-zl-rb/raw/watch/cp-b12-watch-led/copies/085331.467-ledger-4134ea8cd25e.json
/var/tmp/cp-b12-1001/evidence/z05-zero-started-zl-rb/raw/watch/cp-b12-watch-led/copies/085331.616-ledger-e1536a2216be.json
/var/tmp/cp-b12-1001/evidence/z05-zero-started-zl-rb/raw/watch/cp-b12-watch-led/copies/085331.763-ledger-96d113a6ac3a.json
/var/tmp/cp-b12-1001/evidence/z05-zero-started-zl-rb/raw/watch/cp-b12-watch-led/copies/085331.920-ledger-48c36a6c7c81.json
/var/tmp/cp-b12-1001/evidence/z05-zero-started-zl-rb/raw/watch/cp-b12-watch-led/copies/085332.065-ledger-63f31c63b674.json
/var/tmp/cp-b12-1001/evidence/z05-zero-started-zl-rb/raw/watch/cp-b12-watch-led/copies/085332.214-ledger-bdf471fb2f8d.json
/var/tmp/cp-b12-1001/evidence/z05-zero-started-zl-rb/raw/watch/cp-b12-watch-led/copies/085332.381-ledger-9d2f700eada0.json
/var/tmp/cp-b12-1001/evidence/z05-zero-started-zl-rb/raw/watch/cp-b12-watch-led/copies/085332.525-ledger-eee213b65538.json
/var/tmp/cp-b12-1001/evidence/z05-zero-started-zl-rb/raw/watch/cp-b12-watch-led/copies/085332.676-ledger-4002bb7563f3.json
/var/tmp/cp-b12-1001/evidence/z05-zero-started-zl-rb/raw/watch/cp-b12-watch-led/copies/085332.823-ledger-b45d5df21467.json
/var/tmp/cp-b12-1001/evidence/z05-zero-started-zl-rb/raw/watch/cp-b12-watch-led/copies/085332.985-ledger-c84db9521450.json
/var/tmp/cp-b12-1001/evidence/z05-zero-started-zl-rb/raw/watch/cp-b12-watch-led/copies/085333.129-ledger-a0bfcf3ee184.json
/var/tmp/cp-b12-1001/evidence/z05-zero-started-zl-rb/raw/watch/cp-b12-watch-led/copies/085333.282-ledger-b74370afc10c.json
/var/tmp/cp-b12-1001/evidence/z05-zero-started-zl-rb/raw/watch/cp-b12-watch-led/copies/085333.431-ledger-a4382acc4982.json
/var/tmp/cp-b12-1001/evidence/z05-zero-started-zl-rb/raw/watch/cp-b12-watch-led/copies/085333.583-ledger-795b2b5b9b1a.json
/var/tmp/cp-b12-1001/evidence/z05-zero-started-zl-rb/raw/watch/cp-b12-watch-led/copies/085333.722-ledger-301a63059802.json
/var/tmp/cp-b12-1001/evidence/z05-zero-started-zl-rb/raw/watch/cp-b12-watch-led/copies/085333.862-ledger-7b568b80544b.json
/var/tmp/cp-b12-1001/evidence/z05-zero-started-zl-rb/raw/watch/cp-b12-watch-led/copies/085334.008-ledger-d49c093b1b96.json
/var/tmp/cp-b12-1001/evidence/z05-zero-started-zl-rb/raw/watch/cp-b12-watch-led/copies/085334.156-ledger-bcca0ffef06a.json
/var/tmp/cp-b12-1001/evidence/z05-zero-started-zl-rb/raw/watch/cp-b12-watch-led/copies/085334.308-ledger-a7eb9a3c35cf.json
/var/tmp/cp-b12-1001/evidence/z05-zero-started-zl-rb/raw/watch/cp-b12-watch-led/copies/085334.463-ledger-d6018e33dd4e.json
/var/tmp/cp-b12-1001/evidence/z05-zero-started-zl-rb/raw/watch/cp-b12-watch-led/copies/085334.622-ledger-446b5a15fa57.json
/var/tmp/cp-b12-1001/evidence/z05-zero-started-zl-rb/raw/watch/cp-b12-watch-led/copies/085334.772-ledger-09733693e266.json
/var/tmp/cp-b12-1001/evidence/z05-zero-started-zl-rb/raw/watch/cp-b12-watch-led/copies/085334.924-ledger-f8e415fbdd83.json
/var/tmp/cp-b12-1001/evidence/z05-zero-started-zl-rb/raw/watch/cp-b12-watch-led/copies/085335.076-ledger-79b97f2af80a.json
/var/tmp/cp-b12-1001/evidence/z05-zero-started-zl-rb/raw/watch/cp-b12-watch-led/copies/085335.221-ledger-d936d975fdc6.json
/var/tmp/cp-b12-1001/evidence/z05-zero-started-zl-rb/raw/watch/cp-b12-watch-led/copies/085335.368-ledger-2e26b0c8cf50.json
/var/tmp/cp-b12-1001/evidence/z05-zero-started-zl-rb/raw/watch/cp-b12-watch-led/copies/085335.519-ledger-6463199ef96c.json
/var/tmp/cp-b12-1001/evidence/z05-zero-started-zl-rb/raw/watch/cp-b12-watch-led/copies/085335.663-ledger-9f3afea89835.json
/var/tmp/cp-b12-1001/evidence/z05-zero-started-zl-rb/raw/watch/cp-b12-watch-led/copies/085335.811-ledger-b860e0f2ec91.json
/var/tmp/cp-b12-1001/evidence/z05-zero-started-zl-rb/raw/watch/cp-b12-watch-led/copies/085335.957-ledger-3fa56fe937c2.json
/var/tmp/cp-b12-1001/evidence/z05-zero-started-zl-rb/raw/watch/cp-b12-watch-led/copies/085337.915-ledger-cde74ebf29d8.json
/var/tmp/cp-b12-1001/evidence/z05-zero-started-zl-rb/raw/watch/cp-b12-watch-led/copies/085338.067-ledger-e5513e75c5d2.json
/var/tmp/cp-b12-1001/evidence/z05-zero-started-zl-rb/raw/watch/cp-b12-watch-led/copies/085338.217-ledger-82d9d94bf627.json
/var/tmp/cp-b12-1001/evidence/z05-zero-started-zl-rb/raw/watch/cp-b12-watch-led/copies/085338.366-ledger-c322f3224d3e.json
/var/tmp/cp-b12-1001/evidence/z05-zero-started-zl-rb/raw/watch/cp-b12-watch-led/copies/085338.516-ledger-a182cd59d4f4.json
/var/tmp/cp-b12-1001/evidence/z05-zero-started-zl-rb/raw/watch/cp-b12-watch-led/copies/085338.665-ledger-4785fc4157b2.json
/var/tmp/cp-b12-1001/evidence/z05-zero-started-zl-rb/raw/watch/cp-b12-watch-led/copies/085338.809-ledger-035e173e39b6.json
/var/tmp/cp-b12-1001/evidence/z05-zero-started-zl-rb/raw/watch/cp-b12-watch-led/copies/085338.966-ledger-52fdf16907d5.json
/var/tmp/cp-b12-1001/evidence/z05-zero-started-zl-rb/raw/watch/cp-b12-watch-led/copies/085339.129-ledger-3d96aa69a7cb.json
/var/tmp/cp-b12-1001/evidence/z05-zero-started-zl-rb/raw/watch/cp-b12-watch-led/copies/085339.274-ledger-53d439b19d4f.json
/var/tmp/cp-b12-1001/evidence/z05-zero-started-zl-rb/raw/watch/cp-b12-watch-led/copies/085339.427-ledger-c04c3402e66b.json
/var/tmp/cp-b12-1001/evidence/z05-zero-started-zl-rb/raw/watch/cp-b12-watch-led/copies/085339.581-ledger-c42a05ed0c35.json
/var/tmp/cp-b12-1001/evidence/z05-zero-started-zl-rb/raw/watch/cp-b12-watch-led/copies/085339.728-ledger-ec15804c07e0.json
/var/tmp/cp-b12-1001/evidence/z05-zero-started-zl-rb/raw/watch/cp-b12-watch-led/copies/085339.883-ledger-287d844edd48.json
/var/tmp/cp-b12-1001/evidence/z05-zero-started-zl-rb/raw/watch/cp-b12-watch-led/copies/085340.052-ledger-26d7757ec9d8.json
/var/tmp/cp-b12-1001/evidence/z05-zero-started-zl-rb/raw/watch/cp-b12-watch-led/copies/085340.217-ledger-b2392819e624.json
/var/tmp/cp-b12-1001/evidence/z05-zero-started-zl-rb/raw/watch/cp-b12-watch-led/copies/085340.372-ledger-8d3ffadf97a0.json
/var/tmp/cp-b12-1001/evidence/z05-zero-started-zl-rb/raw/watch/cp-b12-watch-led/copies/085340.544-ledger-c43178f74428.json
/var/tmp/cp-b12-1001/evidence/z05-zero-started-zl-rb/raw/watch/cp-b12-watch-led/copies/085340.693-ledger-6e4e016ead91.json
/var/tmp/cp-b12-1001/evidence/z05-zero-started-zl-rb/raw/watch/cp-b12-watch-led/copies/085341.052-ledger-462c0058fb46.json
/var/tmp/cp-b12-1001/evidence/z05-zero-started-zl-rb/raw/watch/cp-b12-watch-led/timeline.log
/var/tmp/cp-b12-1001/evidence/z05-zero-started-zl-rb/raw/watch/cp-b12-watch/pdns-at-at-kill-proof.sqlite3
/var/tmp/cp-b12-1001/evidence/z05-zero-started-zl-rb/raw/watch/cp-b12-watch/pdns-at-at-kill-proof.sqlite3-wal
/var/tmp/cp-b12-1001/evidence/z05-zero-started-zl-rb/raw/watch/cp-b12-watch/snap-at-kill-proof.txt
/var/tmp/cp-b12-1001/evidence/z05-zero-started-zl-rb/raw/watch/cp-b12-watch/snap-start.txt
/var/tmp/cp-b12-1001/evidence/z05-zero-started-zl-rb/raw/watch/cp-b12-watch/timeline.log
/var/tmp/cp-b12-1001/evidence/z05-zero-started-zl-rb/resume-dryrun.log
/var/tmp/cp-b12-1001/evidence/z05-zero-started-zl-rb/resume.log
/var/tmp/cp-b12-1001/evidence/z05-zero-started-zl-rb/resume-pacing-gate.txt
/var/tmp/cp-b12-1001/evidence/z05-zero-started-zl-rb/run-prepared-dryrun-early.log
/var/tmp/cp-b12-1001/evidence/z05-zero-started-zl-rb/run-prepared-dryrun.log
/var/tmp/cp-b12-1001/evidence/z05-zero-started-zl-rb/run-prepared.log
/var/tmp/cp-b12-1001/evidence/z05-zero-started-zl-rb/run-prepared.rc
/var/tmp/cp-b12-1001/evidence/z05-zero-started-zl-rb/secondary-after-resume.txt
/var/tmp/cp-b12-1001/evidence/z05-zero-started-zl-rb/secondary-inspector-window-previous-boot.txt
/var/tmp/cp-b12-1001/evidence/z05-zero-started-zl-rb/secondary-rndc-prerequisite-after-prepare.txt
/var/tmp/cp-b12-1001/evidence/z05-zero-started-zl-rb/secondary-rndc-prerequisite-before-enroll.txt
/var/tmp/cp-b12-1001/evidence/z05-zero-started-zl-rb/secondary-rndc-prerequisite-before-resume.txt
/var/tmp/cp-b12-1001/evidence/z05-zero-started-zl-rb/service-mutation-status-post-collect.json
/var/tmp/cp-b12-1001/evidence/z05-zero-started-zl-rb/smstatus.stderr
/var/tmp/cp-b12-1001/evidence/z05-zero-started-zl-rb/start.json
/var/tmp/cp-b12-1001/evidence/z05-zero-started-zl-rb/versions-post-collect-guest.txt
/var/tmp/cp-b12-1001/evidence/z05-zero-started-zl-rb/versions-post-collect-peer.txt
/var/tmp/cp-b12-1001/evidence/z05-zero-started-zl-rb/versions-pre-run-guest.txt
/var/tmp/cp-b12-1001/evidence/z05-zero-started-zl-rb/versions-pre-run-peer.txt
/var/tmp/cp-b12-1001/evidence/z05-zero-started-zl-rb/wait-ssh.json
/var/tmp/cp-b12-1001/evidence/z05-zero-started-zl-rb/work-root.txt
### collect done 2026-09-30T08:59:18.717632145Z
