19:53:32.881473674 CHANGE journal none -> absent
19:53:32.892036361 CHANGE ledger none -> 177f61d12ed0bb85e6ea535b807b376e26bbe0871405a13867c0b3cb6ea4b211
19:53:32.895742877 CHANGE state none -> absent
19:53:32.898900675 CHANGE pdnsdb none -> absent
19:53:32.902947036 POINTER 
19:53:32.904185128 pdns=0/0/inactive/dead/ named=0/inactive/dead/ agent=0/inactive/ jphase=absent killpid=
19:53:33.175608980 pdns=0/0/inactive/dead/ named=0/inactive/dead/ agent=0/inactive/ jphase=absent killpid=
19:53:33.451215501 pdns=0/0/inactive/dead/ named=0/inactive/dead/ agent=0/inactive/ jphase=absent killpid=
19:53:33.723754832 pdns=0/0/inactive/dead/ named=0/inactive/dead/ agent=0/inactive/ jphase=absent killpid=
19:53:33.993832386 pdns=0/0/inactive/dead/ named=0/inactive/dead/ agent=0/inactive/ jphase=absent killpid=
19:53:34.280280531 pdns=0/0/inactive/dead/ named=0/inactive/dead/ agent=0/inactive/ jphase=absent killpid=1787,
19:53:34.553275390 CHANGE ledger 177f61d12ed0bb85e6ea535b807b376e26bbe0871405a13867c0b3cb6ea4b211 -> a35193b73c7f3d8b1c7cd37718cd392802ea116d6cdcdcb0659e202b8dda6909
19:53:34.556509337 pdns=0/0/inactive/dead/ named=0/inactive/dead/ agent=0/inactive/ jphase=absent killpid=1787,
19:53:34.838488685 CHANGE ledger a35193b73c7f3d8b1c7cd37718cd392802ea116d6cdcdcb0659e202b8dda6909 -> 7137a5293a77c1f0884f263766b215bb3fdbebf2d9b30f372f2a971f7f859c49
19:53:34.845703084 pdns=0/0/inactive/dead/ named=0/inactive/dead/ agent=0/inactive/ jphase=absent killpid=1787,
19:53:35.261639769 CHANGE ledger 7137a5293a77c1f0884f263766b215bb3fdbebf2d9b30f372f2a971f7f859c49 -> 2c18b43d529243b819cdfad2a95c539cb0b526ecc21e21400cf3f49f1530dc88
19:53:35.265261307 pdns=0/0/inactive/dead/ named=0/inactive/dead/ agent=0/inactive/ jphase=absent killpid=1787,1970,
19:53:35.545033253 pdns=0/0/inactive/dead/ named=0/inactive/dead/ agent=0/inactive/ jphase=absent killpid=1787,1970,
19:53:35.816974592 pdns=0/0/inactive/dead/ named=0/inactive/dead/ agent=0/inactive/ jphase=absent killpid=1787,1970,
19:53:36.096272193 pdns=0/0/inactive/dead/ named=0/inactive/dead/ agent=0/inactive/ jphase=absent killpid=1787,1970,
19:53:36.378080995 pdns=0/0/inactive/dead/ named=0/inactive/dead/ agent=0/inactive/ jphase=absent killpid=1787,1970,
19:53:36.655041780 pdns=0/0/inactive/dead/ named=0/inactive/dead/ agent=0/inactive/ jphase=absent killpid=1787,1970,
19:53:36.938364922 pdns=0/0/inactive/dead/ named=0/inactive/dead/ agent=0/inactive/ jphase=absent killpid=1787,1970,
19:53:37.231927712 pdns=0/0/inactive/dead/ named=0/inactive/dead/ agent=0/inactive/ jphase=absent killpid=1787,1970,
19:53:37.520003930 pdns=0/0/inactive/dead/ named=0/inactive/dead/ agent=0/inactive/ jphase=absent killpid=1787,1970,
19:53:37.807413614 pdns=0/0/inactive/dead/ named=0/inactive/dead/ agent=0/inactive/ jphase=absent killpid=1787,1970,
19:53:38.091688828 pdns=0/0/inactive/dead/ named=0/inactive/dead/ agent=0/inactive/ jphase=absent killpid=1787,1970,
19:53:38.367991768 pdns=0/0/inactive/dead/ named=0/inactive/dead/ agent=0/inactive/ jphase=absent killpid=1787,1970,
19:53:38.646512930 pdns=0/0/inactive/dead/ named=0/inactive/dead/ agent=0/inactive/ jphase=absent killpid=1787,1970,
19:53:38.922844855 CHANGE ledger 2c18b43d529243b819cdfad2a95c539cb0b526ecc21e21400cf3f49f1530dc88 -> 2460d2a3794e79ff7beed0cf23dfa27461d217690c389f0dce4ab39a90a0fa02
19:53:38.926252669 pdns=0/0/inactive/dead/ named=0/inactive/dead/ agent=0/inactive/ jphase=absent killpid=1787,2308,
19:53:39.205003380 pdns=0/0/inactive/dead/ named=0/inactive/dead/ agent=0/inactive/ jphase=absent killpid=1787,2308,
19:53:39.486695987 CHANGE ledger 2460d2a3794e79ff7beed0cf23dfa27461d217690c389f0dce4ab39a90a0fa02 -> 4a0c3811f7d46b4c682181b092bc7a616179fcce2aeb3972924beea419441f7e
19:53:39.490556980 pdns=0/0/inactive/dead/ named=0/inactive/dead/ agent=0/inactive/ jphase=absent killpid=1787,2308,
19:53:39.783793742 pdns=0/0/inactive/dead/ named=0/inactive/dead/ agent=0/inactive/ jphase=absent killpid=1787,2308,
19:53:40.067648151 pdns=0/0/inactive/dead/ named=0/inactive/dead/ agent=0/inactive/ jphase=absent killpid=1787,2308,
19:53:40.357982494 pdns=0/0/inactive/dead/ named=0/inactive/dead/ agent=0/inactive/ jphase=absent killpid=1787,2308,
19:53:40.635045057 pdns=0/0/inactive/dead/ named=0/inactive/dead/ agent=0/inactive/ jphase=absent killpid=1787,2308,
19:53:40.913194956 pdns=0/0/inactive/dead/ named=0/inactive/dead/ agent=0/inactive/ jphase=absent killpid=1787,2308,
19:53:41.186200752 pdns=0/0/inactive/dead/ named=0/inactive/dead/ agent=0/inactive/ jphase=absent killpid=1787,2308,
19:53:41.463583426 pdns=0/0/inactive/dead/ named=0/inactive/dead/ agent=0/inactive/ jphase=absent killpid=1787,2308,
19:53:41.741692424 pdns=0/0/inactive/dead/ named=0/inactive/dead/ agent=0/inactive/ jphase=absent killpid=1787,2308,
19:53:42.011007992 pdns=0/0/inactive/dead/ named=0/inactive/dead/ agent=0/inactive/ jphase=absent killpid=1787,2308,
19:53:42.279663626 pdns=0/0/inactive/dead/ named=0/inactive/dead/ agent=0/inactive/ jphase=absent killpid=1787,2308,
19:53:42.555301851 pdns=0/0/inactive/dead/ named=0/inactive/dead/ agent=0/inactive/ jphase=absent killpid=1787,2308,
19:53:42.835669058 CHANGE ledger 4a0c3811f7d46b4c682181b092bc7a616179fcce2aeb3972924beea419441f7e -> 7b03619c251412b29ad4f3f79839b2a523813f0bb33732b502b147acd38b5aeb
19:53:42.839094030 pdns=0/0/inactive/dead/ named=0/inactive/dead/ agent=0/inactive/ jphase=absent killpid=1787,2840,
19:53:43.188839112 CHANGE ledger 7b03619c251412b29ad4f3f79839b2a523813f0bb33732b502b147acd38b5aeb -> 05ca3304c5054ecad37647f07cce26f40bee161cf6ff7b263e2ac2366edfe9b6
19:53:43.192654687 pdns=0/0/inactive/dead/ named=0/inactive/dead/ agent=0/inactive/ jphase=absent killpid=1787,
19:53:43.479026850 CHANGE journal absent -> 5b401ff2a14c82de7aaf0e38d7d98902fb65f5ca3ab37385b7969b1d662c15a7
19:53:43.487710195 CHANGE ledger 05ca3304c5054ecad37647f07cce26f40bee161cf6ff7b263e2ac2366edfe9b6 -> 9a8514f70e699708cffec94a21030512986799b8a8036debe3fa023794cbf4e4
19:53:43.492161462 pdns=0/0/inactive/dead/ named=0/inactive/dead/ agent=0/inactive/ jphase=intent killpid=1787,
19:53:43.761495842 pdns=0/0/inactive/dead/ named=0/inactive/dead/ agent=0/inactive/ jphase=intent killpid=1787,
19:53:44.022684316 pdns=0/0/inactive/dead/ named=0/inactive/dead/ agent=0/inactive/ jphase=intent killpid=1787,
19:53:44.289513732 CHANGE journal 5b401ff2a14c82de7aaf0e38d7d98902fb65f5ca3ab37385b7969b1d662c15a7 -> 486d1250f22eda8756d4b1ea448af822f78ad02b94f39fce6a07eca002c78198
19:53:44.298198095 CHANGE ledger 9a8514f70e699708cffec94a21030512986799b8a8036debe3fa023794cbf4e4 -> c0a2326df7b93be555595df9fa4efdabafc82a7a0ce8afc1efa95ed320b034ab
19:53:44.302804421 pdns=0/0/inactive/dead/ named=0/inactive/dead/ agent=0/inactive/ jphase=source-stopped killpid=1787,
19:53:44.598389459 CHANGE journal 486d1250f22eda8756d4b1ea448af822f78ad02b94f39fce6a07eca002c78198 -> a02f25fc660aca3ed41a594557aa3752f591648a1f8da19d31edd2d48b21b3e9
19:53:44.617937314 CHANGE ledger c0a2326df7b93be555595df9fa4efdabafc82a7a0ce8afc1efa95ed320b034ab -> 112ecfa23aab96029b8bd5d1d54507244df181ee65a4b75e57da9240fedb420c
19:53:44.631776640 CHANGE pdnsdb absent -> 2728d608c842fa65f045d239c161ab5ca82df29dd0147963d846ef716790c610
19:53:44.636412169 pdns=0/0/inactive/dead/ named=0/inactive/dead/ agent=0/inactive/ jphase=source-stopped killpid=1787,
19:53:45.239108667 CHANGE ledger 112ecfa23aab96029b8bd5d1d54507244df181ee65a4b75e57da9240fedb420c -> a50bbf6c79dbaed2e1177e400f04c2c1d853a2321a559a5dc521fa6109c118f2
19:53:45.248431635 pdns=0/0/inactive/dead/ named=0/inactive/dead/ agent=0/inactive/ jphase=source-stopped killpid=1787,
19:53:45.546954679 CHANGE ledger a50bbf6c79dbaed2e1177e400f04c2c1d853a2321a559a5dc521fa6109c118f2 -> d2a483d5eb32c1a6645b8bf2a8c7a26e7fe719bed1b94345f5272371dfa10342
19:53:45.556932225 pdns=0/0/inactive/dead/ named=0/inactive/dead/ agent=0/inactive/ jphase=source-stopped killpid=1787,3531,
19:53:46.010595698 CHANGE ledger d2a483d5eb32c1a6645b8bf2a8c7a26e7fe719bed1b94345f5272371dfa10342 -> 42e49c7a3a1a10e344b31fea718e539f276a4638ce49899545003ebe1aecefa1
19:53:46.019264786 pdns=0/0/inactive/dead/ named=0/inactive/dead/ agent=0/inactive/ jphase=source-stopped killpid=1787,3631,
19:53:46.308195030 CHANGE ledger 42e49c7a3a1a10e344b31fea718e539f276a4638ce49899545003ebe1aecefa1 -> a16b4d6cd940f1c0dfaab2f673901d1f6c33d84fb8df90cd7c2a365f2846b380
19:53:46.323364356 pdns=3677/0/activating/start/ named=0/inactive/dead/ agent=0/inactive/ jphase=source-stopped killpid=1787,
19:53:46.612966122 CHANGE journal a02f25fc660aca3ed41a594557aa3752f591648a1f8da19d31edd2d48b21b3e9 -> 971d170b29c192f730741b229f8c0ea46a0049d5b2cb693afd03e648f85cb860
19:53:46.620461043 CHANGE ledger a16b4d6cd940f1c0dfaab2f673901d1f6c33d84fb8df90cd7c2a365f2846b380 -> 735f310711cd65cb839956fba89c9beca8132779ad8cb99a855e9fb383197733
19:53:46.632032086 CHANGE pdnsdb 2728d608c842fa65f045d239c161ab5ca82df29dd0147963d846ef716790c610 -> 10e85b626a156669e1cc7d04a04563efe99e379d67e9e745270464d1fe2b5af2
19:53:46.635583071 pdns=3677/0/active/running/ named=0/inactive/dead/ agent=0/inactive/ jphase=target-started killpid=1787,
19:53:46.906686007 CHANGE ledger 735f310711cd65cb839956fba89c9beca8132779ad8cb99a855e9fb383197733 -> c599d40394ca38a0a07ab7171ef405b1790b7b58195be7b589750cc747df4a53
19:53:46.915801939 pdns=3677/0/active/running/ named=0/inactive/dead/ agent=0/inactive/ jphase=target-started killpid=1787,3899,
19:53:47.205873814 CHANGE ledger c599d40394ca38a0a07ab7171ef405b1790b7b58195be7b589750cc747df4a53 -> 484fd57d91d33d6a4081b19cc84a4cd82ccfebdbf4e368e81d06ad56298085c0
19:53:47.219906277 pdns=3677/0/active/running/ named=0/inactive/dead/ agent=0/inactive/ jphase=target-started killpid=1787,
19:53:47.502291065 CHANGE ledger 484fd57d91d33d6a4081b19cc84a4cd82ccfebdbf4e368e81d06ad56298085c0 -> 539ffdb7bf9fca1dd1f471d0161f7182a4569c32faf73049d7a9e6b2e18f12f0
19:53:47.511451669 pdns=3677/0/active/running/ named=0/inactive/dead/ agent=0/inactive/ jphase=target-started killpid=1787,
19:53:47.796276020 CHANGE ledger 539ffdb7bf9fca1dd1f471d0161f7182a4569c32faf73049d7a9e6b2e18f12f0 -> 6fcf2dbbddc417ac5cfdc79c4af4128bd4c56c2c23318e97d94fdd76f807341b
19:53:47.803855232 pdns=3677/0/active/running/ named=0/inactive/dead/ agent=0/inactive/ jphase=target-started killpid=1787,
19:53:48.069107284 CHANGE journal 971d170b29c192f730741b229f8c0ea46a0049d5b2cb693afd03e648f85cb860 -> 875c0870eddca5203106238391182a0e3452a58810a1fdf7bb6bc44fcd99c6b4
19:53:48.079393175 CHANGE state absent -> 0debfc5bf3b088a65cc8f55cb14a952236a765cd9bcf8ff38483aae8ec59f92b
19:53:48.087617667 pdns=3677/0/active/running/ named=0/inactive/dead/ agent=4191/active/ jphase=committed killpid=
19:53:48.445440998 pdns=3677/0/active/running/ named=0/inactive/dead/ agent=4191/active/ jphase=committed killpid=
19:53:48.734914935 pdns=3677/0/active/running/ named=0/inactive/dead/ agent=4191/active/ jphase=committed killpid=
19:53:49.006568070 pdns=3677/0/active/running/ named=0/inactive/dead/ agent=4191/active/ jphase=committed killpid=
19:53:49.281863360 pdns=3677/0/active/running/ named=0/inactive/dead/ agent=4191/active/ jphase=committed killpid=
19:53:49.569850337 pdns=3677/0/active/running/ named=0/inactive/dead/ agent=4191/active/ jphase=committed killpid=
19:53:49.835230772 CHANGE journal 875c0870eddca5203106238391182a0e3452a58810a1fdf7bb6bc44fcd99c6b4 -> absent
19:53:49.849556842 CHANGE ledger 6fcf2dbbddc417ac5cfdc79c4af4128bd4c56c2c23318e97d94fdd76f807341b -> 3f572e9624da0f38be10c48c3ef0d2a8a076737903ab732ab8763f31864d0e20
19:53:49.860012361 pdns=3677/0/active/running/ named=0/inactive/dead/ agent=4191/active/ jphase=absent killpid=
19:53:50.164097609 pdns=3677/0/active/running/ named=0/inactive/dead/ agent=4191/active/ jphase=absent killpid=
19:53:50.467705322 pdns=3677/0/active/running/ named=0/inactive/dead/ agent=4191/active/ jphase=absent killpid=
19:53:50.755886940 pdns=3677/0/active/running/ named=0/inactive/dead/ agent=4191/active/ jphase=absent killpid=
19:53:51.033237071 pdns=3677/0/active/running/ named=0/inactive/dead/ agent=4191/active/ jphase=absent killpid=
19:53:51.309588419 pdns=3677/0/active/running/ named=0/inactive/dead/ agent=4191/active/ jphase=absent killpid=
19:53:51.585823465 pdns=3677/0/active/running/ named=0/inactive/dead/ agent=4191/active/ jphase=absent killpid=
19:53:51.859294449 pdns=3677/0/active/running/ named=0/inactive/dead/ agent=4191/active/ jphase=absent killpid=
19:53:52.133075166 pdns=3677/0/active/running/ named=0/inactive/dead/ agent=4191/active/ jphase=absent killpid=
19:53:52.405904337 pdns=3677/0/active/running/ named=0/inactive/dead/ agent=4191/active/ jphase=absent killpid=
19:53:52.684027776 pdns=3677/0/active/running/ named=0/inactive/dead/ agent=4191/active/ jphase=absent killpid=
19:53:52.962967421 pdns=3677/0/active/running/ named=0/inactive/dead/ agent=4191/active/ jphase=absent killpid=
19:53:53.237300421 pdns=3677/0/active/running/ named=0/inactive/dead/ agent=4191/active/ jphase=absent killpid=
19:53:53.513346214 pdns=3677/0/active/running/ named=0/inactive/dead/ agent=4191/active/ jphase=absent killpid=
19:53:53.786784517 pdns=3677/0/active/running/ named=0/inactive/dead/ agent=4191/active/ jphase=absent killpid=
19:53:54.061887149 pdns=3677/0/active/running/ named=0/inactive/dead/ agent=4191/active/ jphase=absent killpid=
19:53:54.333752848 pdns=3677/0/active/running/ named=0/inactive/dead/ agent=4191/active/ jphase=absent killpid=
19:53:54.609891565 pdns=3677/0/active/running/ named=0/inactive/dead/ agent=4191/active/ jphase=absent killpid=
19:53:54.887612504 pdns=3677/0/active/running/ named=0/inactive/dead/ agent=4191/active/ jphase=absent killpid=
19:53:55.164633394 pdns=3677/0/active/running/ named=0/inactive/dead/ agent=4191/active/ jphase=absent killpid=
19:53:55.437671209 pdns=3677/0/active/running/ named=0/inactive/dead/ agent=4191/active/ jphase=absent killpid=
19:53:55.712216347 pdns=3677/0/active/running/ named=0/inactive/dead/ agent=4191/active/ jphase=absent killpid=
19:53:56.000753853 pdns=3677/0/active/running/ named=0/inactive/dead/ agent=4191/active/ jphase=absent killpid=
19:53:56.284219092 pdns=3677/0/active/running/ named=0/inactive/dead/ agent=4191/active/ jphase=absent killpid=
19:53:56.560290479 pdns=3677/0/active/running/ named=0/inactive/dead/ agent=4191/active/ jphase=absent killpid=
19:53:56.833613986 pdns=3677/0/active/running/ named=0/inactive/dead/ agent=4191/active/ jphase=absent killpid=
19:53:57.107799908 pdns=3677/0/active/running/ named=0/inactive/dead/ agent=4191/active/ jphase=absent killpid=
19:53:57.382034212 pdns=3677/0/active/running/ named=0/inactive/dead/ agent=4191/active/ jphase=absent killpid=
19:53:57.657222924 pdns=3677/0/active/running/ named=0/inactive/dead/ agent=4191/active/ jphase=absent killpid=
19:53:57.937054906 pdns=3677/0/active/running/ named=0/inactive/dead/ agent=4191/active/ jphase=absent killpid=
19:53:58.217795642 pdns=3677/0/active/running/ named=0/inactive/dead/ agent=4191/active/ jphase=absent killpid=
19:53:58.494532607 pdns=3677/0/active/running/ named=0/inactive/dead/ agent=4191/active/ jphase=absent killpid=
19:53:58.770424100 pdns=3677/0/active/running/ named=0/inactive/dead/ agent=4191/active/ jphase=absent killpid=
19:53:59.046111464 pdns=3677/0/active/running/ named=0/inactive/dead/ agent=4191/active/ jphase=absent killpid=
19:53:59.321498763 pdns=3677/0/active/running/ named=0/inactive/dead/ agent=4191/active/ jphase=absent killpid=
19:53:59.600790053 pdns=3677/0/active/running/ named=0/inactive/dead/ agent=4191/active/ jphase=absent killpid=
19:53:59.874882513 pdns=3677/0/active/running/ named=0/inactive/dead/ agent=4191/active/ jphase=absent killpid=
19:54:00.153181275 pdns=3677/0/active/running/ named=0/inactive/dead/ agent=4191/active/ jphase=absent killpid=
19:54:00.428403318 pdns=3677/0/active/running/ named=0/inactive/dead/ agent=4191/active/ jphase=absent killpid=
19:54:00.709072159 pdns=3677/0/active/running/ named=0/inactive/dead/ agent=4191/active/ jphase=absent killpid=
19:54:00.991960094 pdns=3677/0/active/running/ named=0/inactive/dead/ agent=4191/active/ jphase=absent killpid=
19:54:01.267218757 pdns=3677/0/active/running/ named=0/inactive/dead/ agent=4191/active/ jphase=absent killpid=
19:54:01.543360761 pdns=3677/0/active/running/ named=0/inactive/dead/ agent=4191/active/ jphase=absent killpid=
19:54:01.819295372 pdns=3677/0/active/running/ named=0/inactive/dead/ agent=4191/active/ jphase=absent killpid=
19:54:02.096118662 pdns=3677/0/active/running/ named=0/inactive/dead/ agent=4191/active/ jphase=absent killpid=
19:54:02.369186794 pdns=3677/0/active/running/ named=0/inactive/dead/ agent=4191/active/ jphase=absent killpid=
19:54:02.645390245 pdns=3677/0/active/running/ named=0/inactive/dead/ agent=4191/active/ jphase=absent killpid=
19:54:02.918574570 pdns=3677/0/active/running/ named=0/inactive/dead/ agent=4191/active/ jphase=absent killpid=
19:54:03.192434487 pdns=3677/0/active/running/ named=0/inactive/dead/ agent=4191/active/ jphase=absent killpid=
19:54:03.467239945 pdns=3677/0/active/running/ named=0/inactive/dead/ agent=4191/active/ jphase=absent killpid=
19:54:03.742565135 pdns=3677/0/active/running/ named=0/inactive/dead/ agent=4191/active/ jphase=absent killpid=
19:54:04.013309032 pdns=3677/0/active/running/ named=0/inactive/dead/ agent=4191/active/ jphase=absent killpid=
19:54:04.286979210 pdns=3677/0/active/running/ named=0/inactive/dead/ agent=4191/active/ jphase=absent killpid=
19:54:04.561057803 pdns=3677/0/active/running/ named=0/inactive/dead/ agent=4191/active/ jphase=absent killpid=
19:54:04.834055787 pdns=3677/0/active/running/ named=0/inactive/dead/ agent=4191/active/ jphase=absent killpid=
19:54:05.106157459 pdns=3677/0/active/running/ named=0/inactive/dead/ agent=4191/active/ jphase=absent killpid=
19:54:05.381829265 pdns=3677/0/active/running/ named=0/inactive/dead/ agent=4191/active/ jphase=absent killpid=
19:54:05.656778820 pdns=3677/0/active/running/ named=0/inactive/dead/ agent=4191/active/ jphase=absent killpid=
19:54:05.936563329 pdns=3677/0/active/running/ named=0/inactive/dead/ agent=4191/active/ jphase=absent killpid=
19:54:06.218314864 pdns=3677/0/active/running/ named=0/inactive/dead/ agent=4191/active/ jphase=absent killpid=
19:54:06.493139135 pdns=3677/0/active/running/ named=0/inactive/dead/ agent=4191/active/ jphase=absent killpid=
19:54:06.765658292 pdns=3677/0/active/running/ named=0/inactive/dead/ agent=4191/active/ jphase=absent killpid=
19:54:07.040638992 pdns=3677/0/active/running/ named=0/inactive/dead/ agent=4191/active/ jphase=absent killpid=
19:54:07.319017160 pdns=3677/0/active/running/ named=0/inactive/dead/ agent=4191/active/ jphase=absent killpid=
19:54:07.593249910 pdns=3677/0/active/running/ named=0/inactive/dead/ agent=4191/active/ jphase=absent killpid=
19:54:07.867230757 pdns=3677/0/active/running/ named=0/inactive/dead/ agent=4191/active/ jphase=absent killpid=
19:54:08.145723027 pdns=3677/0/active/running/ named=0/inactive/dead/ agent=4191/active/ jphase=absent killpid=
19:54:08.420694509 pdns=3677/0/active/running/ named=0/inactive/dead/ agent=4191/active/ jphase=absent killpid=
19:54:08.697201349 pdns=3677/0/active/running/ named=0/inactive/dead/ agent=4191/active/ jphase=absent killpid=
19:54:08.974547723 pdns=3677/0/active/running/ named=0/inactive/dead/ agent=4191/active/ jphase=absent killpid=
19:54:09.276614438 pdns=3677/0/active/running/ named=0/inactive/dead/ agent=4191/active/ jphase=absent killpid=
19:54:09.557439810 pdns=3677/0/active/running/ named=0/inactive/dead/ agent=4191/active/ jphase=absent killpid=
19:54:09.842923696 pdns=3677/0/active/running/ named=0/inactive/dead/ agent=4191/active/ jphase=absent killpid=
19:54:10.116885391 pdns=3677/0/active/running/ named=0/inactive/dead/ agent=4191/active/ jphase=absent killpid=
19:54:10.407609674 pdns=3677/0/active/running/ named=0/inactive/dead/ agent=4191/active/ jphase=absent killpid=
19:54:10.685015153 pdns=3677/0/active/running/ named=0/inactive/dead/ agent=4191/active/ jphase=absent killpid=
19:54:10.959627508 pdns=3677/0/active/running/ named=0/inactive/dead/ agent=4191/active/ jphase=absent killpid=
19:54:11.238448593 pdns=3677/0/active/running/ named=0/inactive/dead/ agent=4191/active/ jphase=absent killpid=
19:54:11.518379347 pdns=3677/0/active/running/ named=0/inactive/dead/ agent=4191/active/ jphase=absent killpid=
19:54:11.793609951 pdns=3677/0/active/running/ named=0/inactive/dead/ agent=4191/active/ jphase=absent killpid=
19:54:12.072163539 pdns=3677/0/active/running/ named=0/inactive/dead/ agent=4191/active/ jphase=absent killpid=
19:54:12.358492141 pdns=3677/0/active/running/ named=0/inactive/dead/ agent=4191/active/ jphase=absent killpid=
19:54:12.632171431 pdns=3677/0/active/running/ named=0/inactive/dead/ agent=4191/active/ jphase=absent killpid=
19:54:12.905043312 pdns=3677/0/active/running/ named=0/inactive/dead/ agent=4191/active/ jphase=absent killpid=
19:54:13.178882738 pdns=3677/0/active/running/ named=0/inactive/dead/ agent=4191/active/ jphase=absent killpid=
19:54:13.450926580 pdns=3677/0/active/running/ named=0/inactive/dead/ agent=4191/active/ jphase=absent killpid=
19:54:13.727121152 pdns=3677/0/active/running/ named=0/inactive/dead/ agent=4191/active/ jphase=absent killpid=
19:54:13.998995777 pdns=3677/0/active/running/ named=0/inactive/dead/ agent=4191/active/ jphase=absent killpid=
19:54:14.272771825 pdns=3677/0/active/running/ named=0/inactive/dead/ agent=4191/active/ jphase=absent killpid=
19:54:14.547700471 pdns=3677/0/active/running/ named=0/inactive/dead/ agent=4191/active/ jphase=absent killpid=
19:54:14.824955857 pdns=3677/0/active/running/ named=0/inactive/dead/ agent=4191/active/ jphase=absent killpid=
19:54:15.097769926 pdns=3677/0/active/running/ named=0/inactive/dead/ agent=4191/active/ jphase=absent killpid=
19:54:15.373757555 pdns=3677/0/active/running/ named=0/inactive/dead/ agent=4191/active/ jphase=absent killpid=
19:54:15.649775154 pdns=3677/0/active/running/ named=0/inactive/dead/ agent=4191/active/ jphase=absent killpid=
19:54:15.922205099 pdns=3677/0/active/running/ named=0/inactive/dead/ agent=4191/active/ jphase=absent killpid=
19:54:16.195769344 pdns=3677/0/active/running/ named=0/inactive/dead/ agent=4191/active/ jphase=absent killpid=
19:54:16.473198147 pdns=3677/0/active/running/ named=0/inactive/dead/ agent=4191/active/ jphase=absent killpid=
19:54:16.748508239 pdns=3677/0/active/running/ named=0/inactive/dead/ agent=4191/active/ jphase=absent killpid=
19:54:17.021757578 pdns=3677/0/active/running/ named=0/inactive/dead/ agent=4191/active/ jphase=absent killpid=
19:54:17.293584720 pdns=3677/0/active/running/ named=0/inactive/dead/ agent=4191/active/ jphase=absent killpid=
19:54:17.566768947 pdns=3677/0/active/running/ named=0/inactive/dead/ agent=4191/active/ jphase=absent killpid=
19:54:17.841351620 pdns=3677/0/active/running/ named=0/inactive/dead/ agent=4191/active/ jphase=absent killpid=
19:54:18.113055055 pdns=3677/0/active/running/ named=0/inactive/dead/ agent=4191/active/ jphase=absent killpid=
19:54:18.386572989 pdns=3677/0/active/running/ named=0/inactive/dead/ agent=4191/active/ jphase=absent killpid=
19:54:18.660002384 pdns=3677/0/active/running/ named=0/inactive/dead/ agent=4191/active/ jphase=absent killpid=
19:54:18.961462695 pdns=3677/0/active/running/ named=0/inactive/dead/ agent=4191/active/ jphase=absent killpid=
19:54:19.234682032 pdns=3677/0/active/running/ named=0/inactive/dead/ agent=4191/active/ jphase=absent killpid=
19:54:19.506928799 pdns=3677/0/active/running/ named=0/inactive/dead/ agent=4191/active/ jphase=absent killpid=
19:54:19.787014740 pdns=3677/0/active/running/ named=0/inactive/dead/ agent=4191/active/ jphase=absent killpid=
19:54:20.059886235 pdns=3677/0/active/running/ named=0/inactive/dead/ agent=4191/active/ jphase=absent killpid=
19:54:20.332598700 pdns=3677/0/active/running/ named=0/inactive/dead/ agent=4191/active/ jphase=absent killpid=
19:54:20.607579553 pdns=3677/0/active/running/ named=0/inactive/dead/ agent=4191/active/ jphase=absent killpid=
19:54:20.892722987 pdns=3677/0/active/running/ named=0/inactive/dead/ agent=0/inactive/ jphase=absent killpid=
19:54:21.200265323 pdns=3677/0/active/running/ named=0/inactive/dead/ agent=0/inactive/ jphase=absent killpid=
19:54:21.483985319 pdns=3677/0/active/running/ named=0/inactive/dead/ agent=0/inactive/ jphase=absent killpid=
19:54:21.766252159 pdns=3677/0/active/running/ named=0/inactive/dead/ agent=0/inactive/ jphase=absent killpid=
19:54:22.053255435 pdns=3677/0/active/running/ named=0/inactive/dead/ agent=0/inactive/ jphase=absent killpid=
