### collect 2026-09-30T03:11:19.770975243Z
last watcher dir: /var/tmp/cp-b10-watch
Traceback (most recent call last):
  File "<string>", line 1, in <module>
    import json;print(json.load(open("/var/lib/celikpanel-dns-kill-matrix/results/pdns-switch__target-started__after-write__paired-primary__peer-reachable/result.json"))["request_id"])
                                ~~~~^^^^^^^^^^^^^^^^^^^^^^^^^^^^^^^^^^^^^^^^^^^^^^^^^^^^^^^^^^^^^^^^^^^^^^^^^^^^^^^^^^^^^^^^^^^^^^^^^^^^^^^^^^^^^^^^^^^^^^^^^^^^^^^^^^^^
FileNotFoundError: [Errno 2] No such file or directory: '/var/lib/celikpanel-dns-kill-matrix/results/pdns-switch__target-started__after-write__paired-primary__peer-reachable/result.json'
request id: 
ownerpost rc=0
smstatus rc=2
probe rc=0
pdnsdb rc=0
notifycap rc=0
bindsec rc=0
peer journal rc=0
peerloop rc=0 lines=196
cell directory: /var/tmp/cp-b10-1001/r1/cells/e05b4787635364e83414f682
total 28
drwx------ 2 root root 4096 Sep 30 06:07 .
drwxr-xr-x 3 root root 4096 Sep 30 06:12 ..
-rw------- 1 root root 1405 Sep 30 06:06 peer-verdict.json
-rw------- 1 root root  868 Sep 30 06:06 zone-lifecycle-held.json
-rw------- 1 root root 7055 Sep 30 06:06 zone-lifecycle.json
-rw------- 1 root root 1977 Sep 30 06:07 zone-lifecycle-recover.json
03:06:50.373473363 CHANGE pdnsdb c6c19dfd76ba5c051331e6e531499c8248658ffbb4ad242c9a3ad616457d5c63 -> d91625ef4c5049d7577b6ac219a9c244b4c925b66faf10594c68972c9e390157 pdns=5370/active/
03:07:50.086922158 CHANGE pdnsdb d91625ef4c5049d7577b6ac219a9c244b4c925b66faf10594c68972c9e390157 -> e3500019d2bbebc28cdb7fc3990e8169ec1a71fd6bb45d2e71775c683178c5c5 pdns=5370/active/
done
tar rc=0 size=4689920
/var/tmp/cp-b10-1001/evidence/z05-held-resume/agent-journal-hold-rollback-lines.txt
/var/tmp/cp-b10-1001/evidence/z05-held-resume/agent-journal-this-boot.txt
/var/tmp/cp-b10-1001/evidence/z05-held-resume/bind-secondary-state-post-collect.txt
/var/tmp/cp-b10-1001/evidence/z05-held-resume/bind-secondary-state-pre-run.txt
/var/tmp/cp-b10-1001/evidence/z05-held-resume/boot-monitor.log
/var/tmp/cp-b10-1001/evidence/z05-held-resume/catalog-lines-agent-journal.txt
/var/tmp/cp-b10-1001/evidence/z05-held-resume/catalog-serial-history.txt
/var/tmp/cp-b10-1001/evidence/z05-held-resume/collect.log
/var/tmp/cp-b10-1001/evidence/z05-held-resume/dns-post-collect-guest.txt
/var/tmp/cp-b10-1001/evidence/z05-held-resume/dns-post-collect-peer.txt
/var/tmp/cp-b10-1001/evidence/z05-held-resume/dns-pre-run-guest.txt
/var/tmp/cp-b10-1001/evidence/z05-held-resume/dns-pre-run-peer.txt
/var/tmp/cp-b10-1001/evidence/z05-held-resume/driver.log
/var/tmp/cp-b10-1001/evidence/z05-held-resume/enroll.log
/var/tmp/cp-b10-1001/evidence/z05-held-resume/enroll-recovery-runtime.log
/var/tmp/cp-b10-1001/evidence/z05-held-resume/fresh-primary-peer/peer-verdict.json
/var/tmp/cp-b10-1001/evidence/z05-held-resume/fresh-primary-peer/zone-lifecycle-held.json
/var/tmp/cp-b10-1001/evidence/z05-held-resume/fresh-primary-peer/zone-lifecycle.json
/var/tmp/cp-b10-1001/evidence/z05-held-resume/fresh-primary-peer/zone-lifecycle-recover.json
/var/tmp/cp-b10-1001/evidence/z05-held-resume/guest-identity.txt
/var/tmp/cp-b10-1001/evidence/z05-held-resume/guest-recovery-probe-post-collect.json
/var/tmp/cp-b10-1001/evidence/z05-held-resume/held-state-after-resume.txt
/var/tmp/cp-b10-1001/evidence/z05-held-resume/held-state-before-enroll.txt
/var/tmp/cp-b10-1001/evidence/z05-held-resume/held-state-before-resume.txt
/var/tmp/cp-b10-1001/evidence/z05-held-resume/install.log
/var/tmp/cp-b10-1001/evidence/z05-held-resume/ledwatch-timeline-snapshot.txt
/var/tmp/cp-b10-1001/evidence/z05-held-resume/owner-post-state.txt
/var/tmp/cp-b10-1001/evidence/z05-held-resume/pdns-db-post-collect.txt
/var/tmp/cp-b10-1001/evidence/z05-held-resume/pdns-db-pre-run.txt
/var/tmp/cp-b10-1001/evidence/z05-held-resume/pdns-db-timeline.txt
/var/tmp/cp-b10-1001/evidence/z05-held-resume/pdns-notify-journal-and-also-notify.txt
/var/tmp/cp-b10-1001/evidence/z05-held-resume/peer-daemon-journal.txt
/var/tmp/cp-b10-1001/evidence/z05-held-resume/peer-dns-sampler.log
/var/tmp/cp-b10-1001/evidence/z05-held-resume/peer-facts-post-collect.txt
/var/tmp/cp-b10-1001/evidence/z05-held-resume/peer-facts-pre-run.txt
/var/tmp/cp-b10-1001/evidence/z05-held-resume/peer-identity.txt
/var/tmp/cp-b10-1001/evidence/z05-held-resume/peer-prepare.log
/var/tmp/cp-b10-1001/evidence/z05-held-resume/post-state.txt
/var/tmp/cp-b10-1001/evidence/z05-held-resume/prepare.json
/var/tmp/cp-b10-1001/evidence/z05-held-resume/prepare-source.log
/var/tmp/cp-b10-1001/evidence/z05-held-resume/pre-run-units.txt
/var/tmp/cp-b10-1001/evidence/z05-held-resume/primary-state-post-collect.txt
/var/tmp/cp-b10-1001/evidence/z05-held-resume/primary-state-pre-run.txt
/var/tmp/cp-b10-1001/evidence/z05-held-resume/probe-argv.json
/var/tmp/cp-b10-1001/evidence/z05-held-resume/raw/fixture/controller-argv.json
/var/tmp/cp-b10-1001/evidence/z05-held-resume/raw/fixture/coordinator-stop-proof.json
/var/tmp/cp-b10-1001/evidence/z05-held-resume/raw/fixture/installed-binaries.sha256
/var/tmp/cp-b10-1001/evidence/z05-held-resume/raw/fixture/ls.txt
/var/tmp/cp-b10-1001/evidence/z05-held-resume/raw/fixture/measured/trigger-identity.json
/var/tmp/cp-b10-1001/evidence/z05-held-resume/raw/fixture/scenario.json
/var/tmp/cp-b10-1001/evidence/z05-held-resume/raw/fixture/source-proof.json
/var/tmp/cp-b10-1001/evidence/z05-held-resume/raw/journald/bind9.service.txt
/var/tmp/cp-b10-1001/evidence/z05-held-resume/raw/journald/celikpanel-agent.service.txt
/var/tmp/cp-b10-1001/evidence/z05-held-resume/raw/journald/celikpanel-panel.service.txt
/var/tmp/cp-b10-1001/evidence/z05-held-resume/raw/journald/list-boots.txt
/var/tmp/cp-b10-1001/evidence/z05-held-resume/raw/journald/named.service.txt
/var/tmp/cp-b10-1001/evidence/z05-held-resume/raw/journald/pdns.service.txt
/var/tmp/cp-b10-1001/evidence/z05-held-resume/raw/results/pdns-switch__target-started__after-write__paired-primary__peer-reachable/boundary-marker.json
/var/tmp/cp-b10-1001/evidence/z05-held-resume/raw/results/pdns-switch__target-started__after-write__paired-primary__peer-reachable/kill-proof.json
/var/tmp/cp-b10-1001/evidence/z05-held-resume/raw/results/pdns-switch__target-started__after-write__paired-primary__peer-reachable/reboot-checkpoint-1.json
/var/tmp/cp-b10-1001/evidence/z05-held-resume/raw/results/pdns-switch__target-started__after-write__paired-primary__peer-reachable/transcript.jsonl
/var/tmp/cp-b10-1001/evidence/z05-held-resume/raw/state/dns-engine-ownership-pdns.json
/var/tmp/cp-b10-1001/evidence/z05-held-resume/raw/state/dns-engine-state.json
/var/tmp/cp-b10-1001/evidence/z05-held-resume/raw/state/dns-engine-switch-v3-archive-c59b537aac13c590e71b4682a88ed7b1-a71e4501815c1f40fa0d067797b331653b2607d76ef65c4de46ee161ec1efa91.json
/var/tmp/cp-b10-1001/evidence/z05-held-resume/raw/state/ls.txt
/var/tmp/cp-b10-1001/evidence/z05-held-resume/raw/state/service-mutations.json
/var/tmp/cp-b10-1001/evidence/z05-held-resume/raw/watch/cp-b10-watch/copies/030530.998-ledger-177f61d12ed0.json
/var/tmp/cp-b10-1001/evidence/z05-held-resume/raw/watch/cp-b10-watch/copies/030534.682-ledger-19a3a9c232ca.json
/var/tmp/cp-b10-1001/evidence/z05-held-resume/raw/watch/cp-b10-watch/copies/030534.998-ledger-04279a043a08.json
/var/tmp/cp-b10-1001/evidence/z05-held-resume/raw/watch/cp-b10-watch/copies/030539.688-ledger-5211169fc8b7.json
/var/tmp/cp-b10-1001/evidence/z05-held-resume/raw/watch/cp-b10-watch/copies/030541.602-ledger-a08b24d5cb62.json
/var/tmp/cp-b10-1001/evidence/z05-held-resume/raw/watch/cp-b10-watch/copies/030541.921-ledger-fc18c394e20e.json
/var/tmp/cp-b10-1001/evidence/z05-held-resume/raw/watch/cp-b10-watch/copies/030542.227-ledger-a8c9e6f90bac.json
/var/tmp/cp-b10-1001/evidence/z05-held-resume/raw/watch/cp-b10-watch/copies/030544.835-ledger-72762c276a06.json
/var/tmp/cp-b10-1001/evidence/z05-held-resume/raw/watch/cp-b10-watch/copies/030546.527-ledger-58af027c20aa.json
/var/tmp/cp-b10-1001/evidence/z05-held-resume/raw/watch/cp-b10-watch/copies/030546.835-ledger-796fdc5d9f8a.json
/var/tmp/cp-b10-1001/evidence/z05-held-resume/raw/watch/cp-b10-watch/copies/030547.134-journal-d6a9ee2f774d.json
/var/tmp/cp-b10-1001/evidence/z05-held-resume/raw/watch/cp-b10-watch/copies/030547.144-ledger-84c8f34b44b1.json
/var/tmp/cp-b10-1001/evidence/z05-held-resume/raw/watch/cp-b10-watch/copies/030547.431-journal-0235c1ad2bdd.json
/var/tmp/cp-b10-1001/evidence/z05-held-resume/raw/watch/cp-b10-watch/copies/030547.442-ledger-ca424d288673.json
/var/tmp/cp-b10-1001/evidence/z05-held-resume/raw/watch/cp-b10-watch/copies/030547.453-35cdac176bec.sqlite3
/var/tmp/cp-b10-1001/evidence/z05-held-resume/raw/watch/cp-b10-watch/copies/030547.778-ledger-5fdf238f5364.json
/var/tmp/cp-b10-1001/evidence/z05-held-resume/raw/watch/cp-b10-watch/copies/030548.447-ledger-f7c40611b100.json
/var/tmp/cp-b10-1001/evidence/z05-held-resume/raw/watch/cp-b10-watch/copies/030548.783-ledger-0d6d7bdd42b7.json
/var/tmp/cp-b10-1001/evidence/z05-held-resume/raw/watch/cp-b10-watch/copies/030549.402-ledger-4d12433bca09.json
/var/tmp/cp-b10-1001/evidence/z05-held-resume/raw/watch/cp-b10-watch/copies/030549.747-ledger-6ddab52656f8.json
/var/tmp/cp-b10-1001/evidence/z05-held-resume/raw/watch/cp-b10-watch/copies/030549.768-395ddb82afa7.sqlite3
/var/tmp/cp-b10-1001/evidence/z05-held-resume/raw/watch/cp-b10-watch/copies/030549.768-395ddb82afa7.sqlite3-wal
/var/tmp/cp-b10-1001/evidence/z05-held-resume/raw/watch/cp-b10-watch/copies/030550.186-journal-bbaf51e6a4a6.json
/var/tmp/cp-b10-1001/evidence/z05-held-resume/raw/watch/cp-b10-watch/copies/030550.202-2b6f5e1ae2d9.sqlite3
/var/tmp/cp-b10-1001/evidence/z05-held-resume/raw/watch/cp-b10-watch/copies/030550.202-2b6f5e1ae2d9.sqlite3-wal
/var/tmp/cp-b10-1001/evidence/z05-held-resume/raw/watch/cp-b10-watch/copies/030551.438-journal-709e1082a50c.json
/var/tmp/cp-b10-1001/evidence/z05-held-resume/raw/watch/cp-b10-watch/copies/030554.158-state-a71e4501815c.json
/var/tmp/cp-b10-1001/evidence/z05-held-resume/raw/watch/cp-b10-watch/copies/030556.735-journal-3bb2e9007715.json
/var/tmp/cp-b10-1001/evidence/z05-held-resume/raw/watch/cp-b10-watch/copies/030559.548-journal-287f55d28aad.json
/var/tmp/cp-b10-1001/evidence/z05-held-resume/raw/watch/cp-b10-watch/copies/030603.648-ledger-5f7db220ffe8.json
/var/tmp/cp-b10-1001/evidence/z05-held-resume/raw/watch/cp-b10-watch/copies/030636.195-ledger-4401b7d0d410.json
/var/tmp/cp-b10-1001/evidence/z05-held-resume/raw/watch/cp-b10-watch/copies/030636.550-ledger-092bff41f82e.json
/var/tmp/cp-b10-1001/evidence/z05-held-resume/raw/watch/cp-b10-watch/copies/030636.932-ledger-f667efa66103.json
/var/tmp/cp-b10-1001/evidence/z05-held-resume/raw/watch/cp-b10-watch/copies/030637.327-ledger-0c897eaf7af5.json
/var/tmp/cp-b10-1001/evidence/z05-held-resume/raw/watch/cp-b10-watch/copies/030637.658-ledger-28e1ab1ef90d.json
/var/tmp/cp-b10-1001/evidence/z05-held-resume/raw/watch/cp-b10-watch/copies/030637.677-8fed318ab75c.sqlite3
/var/tmp/cp-b10-1001/evidence/z05-held-resume/raw/watch/cp-b10-watch/copies/030637.677-8fed318ab75c.sqlite3-wal
/var/tmp/cp-b10-1001/evidence/z05-held-resume/raw/watch/cp-b10-watch/copies/030638.008-ledger-ef3d8d18f409.json
/var/tmp/cp-b10-1001/evidence/z05-held-resume/raw/watch/cp-b10-watch/copies/030638.343-ledger-79689a623cd4.json
/var/tmp/cp-b10-1001/evidence/z05-held-resume/raw/watch/cp-b10-watch/copies/030638.668-ledger-6860fc67b714.json
/var/tmp/cp-b10-1001/evidence/z05-held-resume/raw/watch/cp-b10-watch/copies/030638.999-ledger-27fbc94b9316.json
/var/tmp/cp-b10-1001/evidence/z05-held-resume/raw/watch/cp-b10-watch/copies/030639.335-ledger-87e83c322405.json
/var/tmp/cp-b10-1001/evidence/z05-held-resume/raw/watch/cp-b10-watch/copies/030642.819-ledger-ca5d1cf8ef67.json
/var/tmp/cp-b10-1001/evidence/z05-held-resume/raw/watch/cp-b10-watch/copies/030643.143-ledger-fdb0e422166e.json
/var/tmp/cp-b10-1001/evidence/z05-held-resume/raw/watch/cp-b10-watch/copies/030643.503-ledger-3f1595d90ba3.json
/var/tmp/cp-b10-1001/evidence/z05-held-resume/raw/watch/cp-b10-watch/copies/030643.822-ledger-3594693672dd.json
/var/tmp/cp-b10-1001/evidence/z05-held-resume/raw/watch/cp-b10-watch/copies/030643.847-fc3f087691c6.sqlite3
/var/tmp/cp-b10-1001/evidence/z05-held-resume/raw/watch/cp-b10-watch/copies/030643.847-fc3f087691c6.sqlite3-wal
/var/tmp/cp-b10-1001/evidence/z05-held-resume/raw/watch/cp-b10-watch/copies/030644.189-ledger-a40d5e17e452.json
/var/tmp/cp-b10-1001/evidence/z05-held-resume/raw/watch/cp-b10-watch/copies/030644.518-ledger-db04212a3a74.json
/var/tmp/cp-b10-1001/evidence/z05-held-resume/raw/watch/cp-b10-watch/copies/030644.849-ledger-c7fa7aa98ca5.json
/var/tmp/cp-b10-1001/evidence/z05-held-resume/raw/watch/cp-b10-watch/copies/030645.183-ledger-5c9fbcf7de95.json
/var/tmp/cp-b10-1001/evidence/z05-held-resume/raw/watch/cp-b10-watch/copies/030645.766-ledger-c98a964858d0.json
/var/tmp/cp-b10-1001/evidence/z05-held-resume/raw/watch/cp-b10-watch/copies/030648.981-ledger-37a41db280d8.json
/var/tmp/cp-b10-1001/evidence/z05-held-resume/raw/watch/cp-b10-watch/copies/030649.312-ledger-3d0705acc292.json
/var/tmp/cp-b10-1001/evidence/z05-held-resume/raw/watch/cp-b10-watch/copies/030649.644-ledger-ce16de3a28ed.json
/var/tmp/cp-b10-1001/evidence/z05-held-resume/raw/watch/cp-b10-watch/copies/030650.006-ledger-515d1bdefd7c.json
/var/tmp/cp-b10-1001/evidence/z05-held-resume/raw/watch/cp-b10-watch/copies/030650.093-d17e6187ffad.sqlite3
/var/tmp/cp-b10-1001/evidence/z05-held-resume/raw/watch/cp-b10-watch/copies/030650.093-d17e6187ffad.sqlite3-wal
/var/tmp/cp-b10-1001/evidence/z05-held-resume/raw/watch/cp-b10-watch/copies/030650.481-ledger-40b64d3bee34.json
/var/tmp/cp-b10-1001/evidence/z05-held-resume/raw/watch/cp-b10-watch/copies/030650.504-d91625ef4c50.sqlite3
/var/tmp/cp-b10-1001/evidence/z05-held-resume/raw/watch/cp-b10-watch/copies/030650.504-d91625ef4c50.sqlite3-wal
/var/tmp/cp-b10-1001/evidence/z05-held-resume/raw/watch/cp-b10-watch/copies/030650.824-ledger-c2a7445a8d5e.json
/var/tmp/cp-b10-1001/evidence/z05-held-resume/raw/watch/cp-b10-watch/copies/030651.183-ledger-b53325f77d17.json
/var/tmp/cp-b10-1001/evidence/z05-held-resume/raw/watch/cp-b10-watch/copies/030651.555-ledger-147beab9c632.json
/var/tmp/cp-b10-1001/evidence/z05-held-resume/raw/watch/cp-b10-watch/copies/030651.859-ledger-93eb2522a832.json
/var/tmp/cp-b10-1001/evidence/z05-held-resume/raw/watch/cp-b10-watch/copies/030654.143-ledger-e4ae10a49fb9.json
/var/tmp/cp-b10-1001/evidence/z05-held-resume/raw/watch/cp-b10-watch/copies/030656.477-ledger-300d7dfe1d17.json
/var/tmp/cp-b10-1001/evidence/z05-held-resume/raw/watch/cp-b10-watch/copies/030750.001-ledger-e392533be358.json
/var/tmp/cp-b10-1001/evidence/z05-held-resume/raw/watch/cp-b10-watch/copies/030750.019-e3500019d2bb.sqlite3
/var/tmp/cp-b10-1001/evidence/z05-held-resume/raw/watch/cp-b10-watch/copies/030750.019-e3500019d2bb.sqlite3-wal
/var/tmp/cp-b10-1001/evidence/z05-held-resume/raw/watch/cp-b10-watch/copies/030750.364-ledger-4f85ce3f2705.json
/var/tmp/cp-b10-1001/evidence/z05-held-resume/raw/watch/cp-b10-watch/copies/030750.712-ledger-bd3f3b633d37.json
/var/tmp/cp-b10-1001/evidence/z05-held-resume/raw/watch/cp-b10-watch/copies/030751.062-ledger-c3c147e122ef.json
/var/tmp/cp-b10-1001/evidence/z05-held-resume/raw/watch/cp-b10-watch/copies/030751.382-ledger-fd4d1728e5dd.json
/var/tmp/cp-b10-1001/evidence/z05-held-resume/raw/watch/cp-b10-watch/copies/030751.688-ledger-6241669fcf0a.json
/var/tmp/cp-b10-1001/evidence/z05-held-resume/raw/watch/cp-b10-watch/copies/030752.018-ledger-d7df0f2b106d.json
/var/tmp/cp-b10-1001/evidence/z05-held-resume/raw/watch/cp-b10-watch/copies/030752.338-ledger-ab5069f3ab7c.json
/var/tmp/cp-b10-1001/evidence/z05-held-resume/raw/watch/cp-b10-watch/copies/030752.677-ledger-846523d5ca7e.json
/var/tmp/cp-b10-1001/evidence/z05-held-resume/raw/watch/cp-b10-watch/copies/030753.138-ledger-715b8523f9be.json
/var/tmp/cp-b10-1001/evidence/z05-held-resume/raw/watch/cp-b10-watch/copies/030753.500-ledger-d2756b036f47.json
/var/tmp/cp-b10-1001/evidence/z05-held-resume/raw/watch/cp-b10-watch/copies/030753.865-ledger-1621007f0fff.json
/var/tmp/cp-b10-1001/evidence/z05-held-resume/raw/watch/cp-b10-watch/copies/030754.224-ledger-4d7f786d722a.json
/var/tmp/cp-b10-1001/evidence/z05-held-resume/raw/watch/cp-b10-watch/copies/030754.548-ledger-76d1fe2507b0.json
/var/tmp/cp-b10-1001/evidence/z05-held-resume/raw/watch/cp-b10-watch/copies/030754.893-ledger-414398bf773b.json
/var/tmp/cp-b10-1001/evidence/z05-held-resume/raw/watch/cp-b10-watch/copies/030755.242-ledger-2677c773a617.json
/var/tmp/cp-b10-1001/evidence/z05-held-resume/raw/watch/cp-b10-watch/copies/030755.598-ledger-d6a20832c54f.json
/var/tmp/cp-b10-1001/evidence/z05-held-resume/raw/watch/cp-b10-watch/copies/030755.936-ledger-28dbf9aa7689.json
/var/tmp/cp-b10-1001/evidence/z05-held-resume/raw/watch/cp-b10-watch/copies/030756.342-ledger-e89e5c4c53e8.json
/var/tmp/cp-b10-1001/evidence/z05-held-resume/raw/watch/cp-b10-watch/copies/030756.702-ledger-92251a7c2e03.json
/var/tmp/cp-b10-1001/evidence/z05-held-resume/raw/watch/cp-b10-watch/copies/030757.091-ledger-1ed36b0a147c.json
/var/tmp/cp-b10-1001/evidence/z05-held-resume/raw/watch/cp-b10-watch/copies/030757.450-ledger-981109fd7420.json
/var/tmp/cp-b10-1001/evidence/z05-held-resume/raw/watch/cp-b10-watch/copies/030757.790-ledger-246a10416908.json
/var/tmp/cp-b10-1001/evidence/z05-held-resume/raw/watch/cp-b10-watch/copies/030758.381-ledger-4d9d2242dd6f.json
/var/tmp/cp-b10-1001/evidence/z05-held-resume/raw/watch/cp-b10-watch-db/copies/030547.698-35cdac176bec.sqlite3
/var/tmp/cp-b10-1001/evidence/z05-held-resume/raw/watch/cp-b10-watch-db/copies/030549.995-2b6f5e1ae2d9.sqlite3
/var/tmp/cp-b10-1001/evidence/z05-held-resume/raw/watch/cp-b10-watch-db/copies/030549.995-2b6f5e1ae2d9.sqlite3-wal
/var/tmp/cp-b10-1001/evidence/z05-held-resume/raw/watch/cp-b10-watch-db/copies/030637.989-8fed318ab75c.sqlite3
/var/tmp/cp-b10-1001/evidence/z05-held-resume/raw/watch/cp-b10-watch-db/copies/030637.989-8fed318ab75c.sqlite3-wal
/var/tmp/cp-b10-1001/evidence/z05-held-resume/raw/watch/cp-b10-watch-db/copies/030644.160-fc3f087691c6.sqlite3
/var/tmp/cp-b10-1001/evidence/z05-held-resume/raw/watch/cp-b10-watch-db/copies/030644.160-fc3f087691c6.sqlite3-wal
/var/tmp/cp-b10-1001/evidence/z05-held-resume/raw/watch/cp-b10-watch-db/copies/030649.826-c6c19dfd76ba.sqlite3
/var/tmp/cp-b10-1001/evidence/z05-held-resume/raw/watch/cp-b10-watch-db/copies/030649.826-c6c19dfd76ba.sqlite3-wal
/var/tmp/cp-b10-1001/evidence/z05-held-resume/raw/watch/cp-b10-watch-db/copies/030650.365-d91625ef4c50.sqlite3
/var/tmp/cp-b10-1001/evidence/z05-held-resume/raw/watch/cp-b10-watch-db/copies/030650.365-d91625ef4c50.sqlite3-wal
/var/tmp/cp-b10-1001/evidence/z05-held-resume/raw/watch/cp-b10-watch-db/copies/030750.075-e3500019d2bb.sqlite3
/var/tmp/cp-b10-1001/evidence/z05-held-resume/raw/watch/cp-b10-watch-db/copies/030750.075-e3500019d2bb.sqlite3-wal
/var/tmp/cp-b10-1001/evidence/z05-held-resume/raw/watch/cp-b10-watch-db/timeline.log
/var/tmp/cp-b10-1001/evidence/z05-held-resume/raw/watch/cp-b10-watch/journal-at-at-kill-proof.json
/var/tmp/cp-b10-1001/evidence/z05-held-resume/raw/watch/cp-b10-watch-led/copies/030532.073-ledger-177f61d12ed0.json
/var/tmp/cp-b10-1001/evidence/z05-held-resume/raw/watch/cp-b10-watch-led/copies/030534.597-ledger-44b1ebfeb428.json
/var/tmp/cp-b10-1001/evidence/z05-held-resume/raw/watch/cp-b10-watch-led/copies/030534.754-ledger-9379be3eea4d.json
/var/tmp/cp-b10-1001/evidence/z05-held-resume/raw/watch/cp-b10-watch-led/copies/030534.916-ledger-04279a043a08.json
/var/tmp/cp-b10-1001/evidence/z05-held-resume/raw/watch/cp-b10-watch-led/copies/030539.638-ledger-5211169fc8b7.json
/var/tmp/cp-b10-1001/evidence/z05-held-resume/raw/watch/cp-b10-watch-led/copies/030541.607-ledger-c27422788b48.json
/var/tmp/cp-b10-1001/evidence/z05-held-resume/raw/watch/cp-b10-watch-led/copies/030541.776-ledger-0fcf4ea11e1c.json
/var/tmp/cp-b10-1001/evidence/z05-held-resume/raw/watch/cp-b10-watch-led/copies/030542.023-ledger-51135cf25c0a.json
/var/tmp/cp-b10-1001/evidence/z05-held-resume/raw/watch/cp-b10-watch-led/copies/030542.166-ledger-a8c9e6f90bac.json
/var/tmp/cp-b10-1001/evidence/z05-held-resume/raw/watch/cp-b10-watch-led/copies/030544.599-ledger-72762c276a06.json
/var/tmp/cp-b10-1001/evidence/z05-held-resume/raw/watch/cp-b10-watch-led/copies/030546.057-ledger-89e2e6b74534.json
/var/tmp/cp-b10-1001/evidence/z05-held-resume/raw/watch/cp-b10-watch-led/copies/030546.379-ledger-303534694fbf.json
/var/tmp/cp-b10-1001/evidence/z05-held-resume/raw/watch/cp-b10-watch-led/copies/030546.626-ledger-0234008b405c.json
/var/tmp/cp-b10-1001/evidence/z05-held-resume/raw/watch/cp-b10-watch-led/copies/030546.791-ledger-1168634c5b28.json
/var/tmp/cp-b10-1001/evidence/z05-held-resume/raw/watch/cp-b10-watch-led/copies/030546.941-ledger-cd9828095c5c.json
/var/tmp/cp-b10-1001/evidence/z05-held-resume/raw/watch/cp-b10-watch-led/copies/030547.086-ledger-84c8f34b44b1.json
/var/tmp/cp-b10-1001/evidence/z05-held-resume/raw/watch/cp-b10-watch-led/copies/030547.349-ledger-3e160671fa41.json
/var/tmp/cp-b10-1001/evidence/z05-held-resume/raw/watch/cp-b10-watch-led/copies/030547.517-ledger-cc3ae12d6bab.json
/var/tmp/cp-b10-1001/evidence/z05-held-resume/raw/watch/cp-b10-watch-led/copies/030547.702-ledger-5fdf238f5364.json
/var/tmp/cp-b10-1001/evidence/z05-held-resume/raw/watch/cp-b10-watch-led/copies/030548.050-ledger-625b0a614982.json
/var/tmp/cp-b10-1001/evidence/z05-held-resume/raw/watch/cp-b10-watch-led/copies/030548.273-ledger-f7c40611b100.json
/var/tmp/cp-b10-1001/evidence/z05-held-resume/raw/watch/cp-b10-watch-led/copies/030548.568-ledger-71eeb92a171f.json
/var/tmp/cp-b10-1001/evidence/z05-held-resume/raw/watch/cp-b10-watch-led/copies/030548.712-ledger-90eedcde41da.json
/var/tmp/cp-b10-1001/evidence/z05-held-resume/raw/watch/cp-b10-watch-led/copies/030548.875-ledger-0d6d7bdd42b7.json
/var/tmp/cp-b10-1001/evidence/z05-held-resume/raw/watch/cp-b10-watch-led/copies/030549.155-ledger-df21dab64ac3.json
/var/tmp/cp-b10-1001/evidence/z05-held-resume/raw/watch/cp-b10-watch-led/copies/030549.426-ledger-4d12433bca09.json
/var/tmp/cp-b10-1001/evidence/z05-held-resume/raw/watch/cp-b10-watch-led/copies/030549.606-ledger-975bfb759ac6.json
/var/tmp/cp-b10-1001/evidence/z05-held-resume/raw/watch/cp-b10-watch-led/copies/030549.772-ledger-6ddab52656f8.json
/var/tmp/cp-b10-1001/evidence/z05-held-resume/raw/watch/cp-b10-watch-led/copies/030603.403-ledger-5f7db220ffe8.json
/var/tmp/cp-b10-1001/evidence/z05-held-resume/raw/watch/cp-b10-watch-led/copies/030636.238-ledger-c39aac6c0201.json
/var/tmp/cp-b10-1001/evidence/z05-held-resume/raw/watch/cp-b10-watch-led/copies/030636.399-ledger-b2f698dd299b.json
/var/tmp/cp-b10-1001/evidence/z05-held-resume/raw/watch/cp-b10-watch-led/copies/030636.578-ledger-f41c86eaeef7.json
/var/tmp/cp-b10-1001/evidence/z05-held-resume/raw/watch/cp-b10-watch-led/copies/030636.802-ledger-909b5e14277d.json
/var/tmp/cp-b10-1001/evidence/z05-held-resume/raw/watch/cp-b10-watch-led/copies/030636.982-ledger-d57c5e1bd502.json
/var/tmp/cp-b10-1001/evidence/z05-held-resume/raw/watch/cp-b10-watch-led/copies/030637.211-ledger-818d0fd6e078.json
/var/tmp/cp-b10-1001/evidence/z05-held-resume/raw/watch/cp-b10-watch-led/copies/030637.411-ledger-1e1218502b9a.json
/var/tmp/cp-b10-1001/evidence/z05-held-resume/raw/watch/cp-b10-watch-led/copies/030637.574-ledger-160fead79959.json
/var/tmp/cp-b10-1001/evidence/z05-held-resume/raw/watch/cp-b10-watch-led/copies/030637.732-ledger-b4fd2cbc654f.json
/var/tmp/cp-b10-1001/evidence/z05-held-resume/raw/watch/cp-b10-watch-led/copies/030637.904-ledger-9cc04fbde698.json
/var/tmp/cp-b10-1001/evidence/z05-held-resume/raw/watch/cp-b10-watch-led/copies/030638.057-ledger-1e64adaee0c9.json
/var/tmp/cp-b10-1001/evidence/z05-held-resume/raw/watch/cp-b10-watch-led/copies/030638.224-ledger-42b07cb58221.json
/var/tmp/cp-b10-1001/evidence/z05-held-resume/raw/watch/cp-b10-watch-led/copies/030638.391-ledger-74c476643155.json
/var/tmp/cp-b10-1001/evidence/z05-held-resume/raw/watch/cp-b10-watch-led/copies/030638.561-ledger-1d35eb8624e3.json
/var/tmp/cp-b10-1001/evidence/z05-held-resume/raw/watch/cp-b10-watch-led/copies/030638.721-ledger-a026af1a9067.json
/var/tmp/cp-b10-1001/evidence/z05-held-resume/raw/watch/cp-b10-watch-led/copies/030638.878-ledger-d12a179c1790.json
/var/tmp/cp-b10-1001/evidence/z05-held-resume/raw/watch/cp-b10-watch-led/copies/030639.044-ledger-27fbc94b9316.json
/var/tmp/cp-b10-1001/evidence/z05-held-resume/raw/watch/cp-b10-watch-led/copies/030639.311-ledger-87e83c322405.json
/var/tmp/cp-b10-1001/evidence/z05-held-resume/raw/watch/cp-b10-watch-led/copies/030642.699-ledger-d24c94beb3af.json
/var/tmp/cp-b10-1001/evidence/z05-held-resume/raw/watch/cp-b10-watch-led/copies/030642.860-ledger-1e351d0bdd8c.json
/var/tmp/cp-b10-1001/evidence/z05-held-resume/raw/watch/cp-b10-watch-led/copies/030643.030-ledger-ab01d8aad951.json
/var/tmp/cp-b10-1001/evidence/z05-held-resume/raw/watch/cp-b10-watch-led/copies/030643.189-ledger-e16a5f8e449e.json
/var/tmp/cp-b10-1001/evidence/z05-held-resume/raw/watch/cp-b10-watch-led/copies/030643.349-ledger-68a8e43c30b6.json
/var/tmp/cp-b10-1001/evidence/z05-held-resume/raw/watch/cp-b10-watch-led/copies/030643.493-ledger-10990255fd16.json
/var/tmp/cp-b10-1001/evidence/z05-held-resume/raw/watch/cp-b10-watch-led/copies/030643.666-ledger-0d05fcd026ed.json
/var/tmp/cp-b10-1001/evidence/z05-held-resume/raw/watch/cp-b10-watch-led/copies/030643.836-ledger-b106ffb1b22e.json
/var/tmp/cp-b10-1001/evidence/z05-held-resume/raw/watch/cp-b10-watch-led/copies/030644.041-ledger-3b4d31f63699.json
/var/tmp/cp-b10-1001/evidence/z05-held-resume/raw/watch/cp-b10-watch-led/copies/030644.200-ledger-a40d5e17e452.json
/var/tmp/cp-b10-1001/evidence/z05-held-resume/raw/watch/cp-b10-watch-led/copies/030644.377-ledger-12660d792338.json
/var/tmp/cp-b10-1001/evidence/z05-held-resume/raw/watch/cp-b10-watch-led/copies/030644.526-ledger-db04212a3a74.json
/var/tmp/cp-b10-1001/evidence/z05-held-resume/raw/watch/cp-b10-watch-led/copies/030644.701-ledger-bc7a000add9d.json
/var/tmp/cp-b10-1001/evidence/z05-held-resume/raw/watch/cp-b10-watch-led/copies/030644.858-ledger-88c7a259b013.json
/var/tmp/cp-b10-1001/evidence/z05-held-resume/raw/watch/cp-b10-watch-led/copies/030645.041-ledger-e3fd47469558.json
/var/tmp/cp-b10-1001/evidence/z05-held-resume/raw/watch/cp-b10-watch-led/copies/030645.201-ledger-5c9fbcf7de95.json
/var/tmp/cp-b10-1001/evidence/z05-held-resume/raw/watch/cp-b10-watch-led/copies/030645.570-ledger-c98a964858d0.json
/var/tmp/cp-b10-1001/evidence/z05-held-resume/raw/watch/cp-b10-watch-led/copies/030648.949-ledger-c17d85e5b9cc.json
/var/tmp/cp-b10-1001/evidence/z05-held-resume/raw/watch/cp-b10-watch-led/copies/030649.116-ledger-a65a316b31ce.json
/var/tmp/cp-b10-1001/evidence/z05-held-resume/raw/watch/cp-b10-watch-led/copies/030649.269-ledger-90f3ac6a5eb0.json
/var/tmp/cp-b10-1001/evidence/z05-held-resume/raw/watch/cp-b10-watch-led/copies/030649.433-ledger-0d7ed707ea66.json
/var/tmp/cp-b10-1001/evidence/z05-held-resume/raw/watch/cp-b10-watch-led/copies/030649.595-ledger-fc28d53fb009.json
/var/tmp/cp-b10-1001/evidence/z05-held-resume/raw/watch/cp-b10-watch-led/copies/030649.790-ledger-60945e6416d9.json
/var/tmp/cp-b10-1001/evidence/z05-held-resume/raw/watch/cp-b10-watch-led/copies/030649.980-ledger-cd119c53d8ab.json
/var/tmp/cp-b10-1001/evidence/z05-held-resume/raw/watch/cp-b10-watch-led/copies/030650.235-ledger-9e367091a7a6.json
/var/tmp/cp-b10-1001/evidence/z05-held-resume/raw/watch/cp-b10-watch-led/copies/030650.410-ledger-32b069c0522a.json
/var/tmp/cp-b10-1001/evidence/z05-held-resume/raw/watch/cp-b10-watch-led/copies/030650.575-ledger-3bd371e4e8fc.json
/var/tmp/cp-b10-1001/evidence/z05-held-resume/raw/watch/cp-b10-watch-led/copies/030650.745-ledger-fab465a87456.json
/var/tmp/cp-b10-1001/evidence/z05-held-resume/raw/watch/cp-b10-watch-led/copies/030650.907-ledger-400ee344cb69.json
/var/tmp/cp-b10-1001/evidence/z05-held-resume/raw/watch/cp-b10-watch-led/copies/030651.115-ledger-0b671175d795.json
/var/tmp/cp-b10-1001/evidence/z05-held-resume/raw/watch/cp-b10-watch-led/copies/030651.294-ledger-bc5126e51caf.json
/var/tmp/cp-b10-1001/evidence/z05-held-resume/raw/watch/cp-b10-watch-led/copies/030651.464-ledger-f3e537d75519.json
/var/tmp/cp-b10-1001/evidence/z05-held-resume/raw/watch/cp-b10-watch-led/copies/030651.617-ledger-93eb2522a832.json
/var/tmp/cp-b10-1001/evidence/z05-held-resume/raw/watch/cp-b10-watch-led/copies/030654.017-ledger-e4ae10a49fb9.json
/var/tmp/cp-b10-1001/evidence/z05-held-resume/raw/watch/cp-b10-watch-led/copies/030656.460-ledger-300d7dfe1d17.json
/var/tmp/cp-b10-1001/evidence/z05-held-resume/raw/watch/cp-b10-watch-led/copies/030750.057-ledger-6482ff08be45.json
/var/tmp/cp-b10-1001/evidence/z05-held-resume/raw/watch/cp-b10-watch-led/copies/030750.248-ledger-673fdf290446.json
/var/tmp/cp-b10-1001/evidence/z05-held-resume/raw/watch/cp-b10-watch-led/copies/030750.406-ledger-79e1449ebfb5.json
/var/tmp/cp-b10-1001/evidence/z05-held-resume/raw/watch/cp-b10-watch-led/copies/030750.581-ledger-b6c5ea3a2aae.json
/var/tmp/cp-b10-1001/evidence/z05-held-resume/raw/watch/cp-b10-watch-led/copies/030750.743-ledger-2934b6d88212.json
/var/tmp/cp-b10-1001/evidence/z05-held-resume/raw/watch/cp-b10-watch-led/copies/030750.929-ledger-d0a88ce43dd7.json
/var/tmp/cp-b10-1001/evidence/z05-held-resume/raw/watch/cp-b10-watch-led/copies/030751.085-ledger-42824aad4cef.json
/var/tmp/cp-b10-1001/evidence/z05-held-resume/raw/watch/cp-b10-watch-led/copies/030751.241-ledger-fd4d1728e5dd.json
/var/tmp/cp-b10-1001/evidence/z05-held-resume/raw/watch/cp-b10-watch-led/copies/030751.515-ledger-60a888d265db.json
/var/tmp/cp-b10-1001/evidence/z05-held-resume/raw/watch/cp-b10-watch-led/copies/030751.670-ledger-6241669fcf0a.json
/var/tmp/cp-b10-1001/evidence/z05-held-resume/raw/watch/cp-b10-watch-led/copies/030751.841-ledger-f576c2e772a1.json
/var/tmp/cp-b10-1001/evidence/z05-held-resume/raw/watch/cp-b10-watch-led/copies/030751.995-ledger-a2d1d7381f10.json
/var/tmp/cp-b10-1001/evidence/z05-held-resume/raw/watch/cp-b10-watch-led/copies/030752.160-ledger-398e5da66ca9.json
/var/tmp/cp-b10-1001/evidence/z05-held-resume/raw/watch/cp-b10-watch-led/copies/030752.315-ledger-860c52a64c50.json
/var/tmp/cp-b10-1001/evidence/z05-held-resume/raw/watch/cp-b10-watch-led/copies/030752.479-ledger-ad242cb40e8e.json
/var/tmp/cp-b10-1001/evidence/z05-held-resume/raw/watch/cp-b10-watch-led/copies/030752.640-ledger-3c676f5009ca.json
/var/tmp/cp-b10-1001/evidence/z05-held-resume/raw/watch/cp-b10-watch-led/copies/030752.874-ledger-5d3f8200275b.json
/var/tmp/cp-b10-1001/evidence/z05-held-resume/raw/watch/cp-b10-watch-led/copies/030753.076-ledger-c494a40491e2.json
/var/tmp/cp-b10-1001/evidence/z05-held-resume/raw/watch/cp-b10-watch-led/copies/030753.237-ledger-a4cd6b34b61d.json
/var/tmp/cp-b10-1001/evidence/z05-held-resume/raw/watch/cp-b10-watch-led/copies/030753.425-ledger-1ee5083fdcb2.json
/var/tmp/cp-b10-1001/evidence/z05-held-resume/raw/watch/cp-b10-watch-led/copies/030753.587-ledger-a38aac13bb50.json
/var/tmp/cp-b10-1001/evidence/z05-held-resume/raw/watch/cp-b10-watch-led/copies/030753.766-ledger-8a2e407c2a9e.json
/var/tmp/cp-b10-1001/evidence/z05-held-resume/raw/watch/cp-b10-watch-led/copies/030753.926-ledger-4b5385df541d.json
/var/tmp/cp-b10-1001/evidence/z05-held-resume/raw/watch/cp-b10-watch-led/copies/030754.109-ledger-5178231765d0.json
/var/tmp/cp-b10-1001/evidence/z05-held-resume/raw/watch/cp-b10-watch-led/copies/030754.275-ledger-85338af723e6.json
/var/tmp/cp-b10-1001/evidence/z05-held-resume/raw/watch/cp-b10-watch-led/copies/030754.459-ledger-2a4fb509865b.json
/var/tmp/cp-b10-1001/evidence/z05-held-resume/raw/watch/cp-b10-watch-led/copies/030754.619-ledger-c7a1e206c156.json
/var/tmp/cp-b10-1001/evidence/z05-held-resume/raw/watch/cp-b10-watch-led/copies/030754.798-ledger-03cb6c7c0f80.json
/var/tmp/cp-b10-1001/evidence/z05-held-resume/raw/watch/cp-b10-watch-led/copies/030754.955-ledger-0b3bf1ffcebc.json
/var/tmp/cp-b10-1001/evidence/z05-held-resume/raw/watch/cp-b10-watch-led/copies/030755.115-ledger-4be6b7a1a448.json
/var/tmp/cp-b10-1001/evidence/z05-held-resume/raw/watch/cp-b10-watch-led/copies/030755.275-ledger-19a91d27d77a.json
/var/tmp/cp-b10-1001/evidence/z05-held-resume/raw/watch/cp-b10-watch-led/copies/030755.461-ledger-59f4ab064d7a.json
/var/tmp/cp-b10-1001/evidence/z05-held-resume/raw/watch/cp-b10-watch-led/copies/030755.616-ledger-ee1f9d0e53bc.json
/var/tmp/cp-b10-1001/evidence/z05-held-resume/raw/watch/cp-b10-watch-led/copies/030755.783-ledger-27e6eefad043.json
/var/tmp/cp-b10-1001/evidence/z05-held-resume/raw/watch/cp-b10-watch-led/copies/030755.972-ledger-54b91f466d7a.json
/var/tmp/cp-b10-1001/evidence/z05-held-resume/raw/watch/cp-b10-watch-led/copies/030756.162-ledger-46775f3f6360.json
/var/tmp/cp-b10-1001/evidence/z05-held-resume/raw/watch/cp-b10-watch-led/copies/030756.327-ledger-5a9158909d9d.json
/var/tmp/cp-b10-1001/evidence/z05-held-resume/raw/watch/cp-b10-watch-led/copies/030756.490-ledger-0fd7e1e5e244.json
/var/tmp/cp-b10-1001/evidence/z05-held-resume/raw/watch/cp-b10-watch-led/copies/030756.644-ledger-dc5fed071ddf.json
/var/tmp/cp-b10-1001/evidence/z05-held-resume/raw/watch/cp-b10-watch-led/copies/030756.847-ledger-c2ffb2c2db08.json
/var/tmp/cp-b10-1001/evidence/z05-held-resume/raw/watch/cp-b10-watch-led/copies/030757.022-ledger-6e9fed0acc11.json
/var/tmp/cp-b10-1001/evidence/z05-held-resume/raw/watch/cp-b10-watch-led/copies/030757.194-ledger-b3bec126ee9f.json
/var/tmp/cp-b10-1001/evidence/z05-held-resume/raw/watch/cp-b10-watch-led/copies/030757.374-ledger-712374629748.json
/var/tmp/cp-b10-1001/evidence/z05-held-resume/raw/watch/cp-b10-watch-led/copies/030757.535-ledger-3e460708d195.json
/var/tmp/cp-b10-1001/evidence/z05-held-resume/raw/watch/cp-b10-watch-led/copies/030757.698-ledger-246a10416908.json
/var/tmp/cp-b10-1001/evidence/z05-held-resume/raw/watch/cp-b10-watch-led/copies/030758.172-ledger-4d9d2242dd6f.json
/var/tmp/cp-b10-1001/evidence/z05-held-resume/raw/watch/cp-b10-watch-led/timeline.log
/var/tmp/cp-b10-1001/evidence/z05-held-resume/raw/watch/cp-b10-watch/pdns-at-at-kill-proof.sqlite3
/var/tmp/cp-b10-1001/evidence/z05-held-resume/raw/watch/cp-b10-watch/pdns-at-at-kill-proof.sqlite3-wal
/var/tmp/cp-b10-1001/evidence/z05-held-resume/raw/watch/cp-b10-watch/snap-at-kill-proof.txt
/var/tmp/cp-b10-1001/evidence/z05-held-resume/raw/watch/cp-b10-watch/snap-start.txt
/var/tmp/cp-b10-1001/evidence/z05-held-resume/raw/watch/cp-b10-watch/timeline.log
/var/tmp/cp-b10-1001/evidence/z05-held-resume/resume-dryrun.log
/var/tmp/cp-b10-1001/evidence/z05-held-resume/resume.log
/var/tmp/cp-b10-1001/evidence/z05-held-resume/run-prepared-dryrun-early.log
/var/tmp/cp-b10-1001/evidence/z05-held-resume/run-prepared-dryrun.log
/var/tmp/cp-b10-1001/evidence/z05-held-resume/run-prepared.log
/var/tmp/cp-b10-1001/evidence/z05-held-resume/run-prepared.rc
/var/tmp/cp-b10-1001/evidence/z05-held-resume/secondary-after-resume.txt
/var/tmp/cp-b10-1001/evidence/z05-held-resume/secondary-rndc-prerequisite-after-resume.txt
/var/tmp/cp-b10-1001/evidence/z05-held-resume/secondary-rndc-prerequisite-before-enroll.txt
/var/tmp/cp-b10-1001/evidence/z05-held-resume/secondary-rndc-prerequisite-before-resume.txt
/var/tmp/cp-b10-1001/evidence/z05-held-resume/service-mutation-status-post-collect.json
/var/tmp/cp-b10-1001/evidence/z05-held-resume/smstatus.stderr
/var/tmp/cp-b10-1001/evidence/z05-held-resume/start.json
/var/tmp/cp-b10-1001/evidence/z05-held-resume/versions-post-collect-guest.txt
/var/tmp/cp-b10-1001/evidence/z05-held-resume/versions-post-collect-peer.txt
/var/tmp/cp-b10-1001/evidence/z05-held-resume/versions-pre-run-guest.txt
/var/tmp/cp-b10-1001/evidence/z05-held-resume/versions-pre-run-peer.txt
/var/tmp/cp-b10-1001/evidence/z05-held-resume/wait-ssh.json
/var/tmp/cp-b10-1001/evidence/z05-held-resume/work-root.txt
### collect done 2026-09-30T03:13:03.872658239Z
