
### 2026-09-30T03:07:33.319Z owner-enrollment start cell=pdns-switch__target-started__after-write__paired-primary__peer-reachable root=/var/tmp/cp-b10-1001/r1
5b089fbc03ff952a9c1c4427bfce44b8ea9168b75f003752f385b7a72c675f8a  /var/tmp/cp-b10-1001/r1/artifacts/dns-owner-tools/dns-peer-enroll
b2f297dfbf585d74737419d5567261155847774c63f4cf934bf02f27bea09a2c  /var/tmp/cp-b10-1001/r1/artifacts/dns-owner-tools/bind-peer-inspect

### 2026-09-30T03:07:33.331Z boot ids before enrollment
$ [primary] cat /proc/sys/kernel/random/boot_id
2bdbdb71-090a-45fe-b717-b3f5461c91c0
[rc=0]
$ [secondary] cat /proc/sys/kernel/random/boot_id
bd579b8e-4d96-4d81-ac1a-f3a9fad27d03
[rc=0]

### 2026-09-30T03:07:34.091Z copy the packaged owner tools to the guests (root-owned, 0755, under /root/dns-owner-tools)
scp primary rc=0
scp secondary rc=0
$ [primary] sudo install -d -o root -g root -m 0700 /root/dns-owner-tools && sudo install -o root -g root -m 0755 /tmp/dns-peer-enroll /root/dns-owner-tools/dns-peer-enroll && sudo sha256sum /root/dns-owner-tools/dns-peer-enroll
5b089fbc03ff952a9c1c4427bfce44b8ea9168b75f003752f385b7a72c675f8a  /root/dns-owner-tools/dns-peer-enroll
[rc=0]
$ [secondary] sudo install -d -o root -g root -m 0700 /root/dns-owner-tools && sudo install -o root -g root -m 0755 /tmp/dns-peer-enroll /root/dns-owner-tools/dns-peer-enroll && sudo install -o root -g root -m 0755 /tmp/bind-peer-inspect /root/dns-owner-tools/bind-peer-inspect && sudo sh -c 'sha256sum /root/dns-owner-tools/*'
b2f297dfbf585d74737419d5567261155847774c63f4cf934bf02f27bea09a2c  /root/dns-owner-tools/bind-peer-inspect
5b089fbc03ff952a9c1c4427bfce44b8ea9168b75f003752f385b7a72c675f8a  /root/dns-owner-tools/dns-peer-enroll
[rc=0]

### 2026-09-30T03:07:35.157Z status before
$ [primary] sudo /root/dns-owner-tools/dns-peer-enroll primary-status
{"next_action":"Prepare an owner enrollment only if parentless deletion proof is required.","state":"disabled"}
[rc=0]
$ [secondary] sudo /root/dns-owner-tools/dns-peer-enroll secondary-status
{"state":"disabled","reason":"reviewed BIND inspector policy is absent","next_action":"Run secondary-install locally with reviewed pair and key"}
[rc=0]

### 2026-09-30T03:07:35.676Z primary-prepare (primary owner)
$ [primary] sudo /root/dns-owner-tools/dns-peer-enroll primary-prepare
{"state":"prepared","credential_id":"9a64875069d518009eb5304402ea199a","public_key":"ssh-ed25519 AAAAC3NzaC1lZDI1NTE5AAAAIJfvhyTW1tWbjXSg2OwHP+eutxSDwi7YwSs0oysdHmSx","public_key_sha256":"77004c7648396df1434db3ee551672b8732d09d5e429680420bc7686fdc53dba","next_action":"Give only the displayed public key to the secondary owner; ask them to run secondary-install locally and return their independently reviewed Ed25519 SSH host-key SHA-256."}
[rc=0]
credential_id=9a64875069d518009eb5304402ea199a

### 2026-09-30T03:07:35.976Z secondary owner saves the reviewed public key (root-owned 0600 regular file /root/celikpanel-primary-inspector.pub)
$ [secondary] (stdin: the displayed public key) sudo bash -c 'umask 077; test ! -e P; cat > P; chown root:root P; chmod 0600 P'
-rw------- 1 root root 81 Sep 30 03:07 /root/celikpanel-primary-inspector.pub
392566604f2371d15fc4111c295c0ad1c9e5c51652dbb021832282409d3dff45  /root/celikpanel-primary-inspector.pub
[rc=0]

### 2026-09-30T03:07:36.281Z secondary-install (secondary owner, BIND)
$ [secondary] sudo /root/dns-owner-tools/dns-peer-enroll secondary-install --primary-ip 192.0.2.10 --peer-ip 192.0.2.11 --catalog catalog-c000020a.celikpanel.invalid --primary-public-key /root/celikpanel-primary-inspector.pub --inspector /root/dns-owner-tools/bind-peer-inspect
{"next_action":"Run secondary-host-key and give its Ed25519 SSH host-key SHA-256 to the primary owner through a trusted channel for primary-activate. No owner command tests live authentication; the primary Agent makes the first authenticated read-only inspector exchange only while reconciling an admitted pending deletion, and reports its result on that operation.","state":"configured"}
[rc=0]

### 2026-09-30T03:07:36.795Z secondary-host-key
$ [secondary] sudo /root/dns-owner-tools/dns-peer-enroll secondary-host-key
{"host_key_sha256":"2d12e15cf9810c9fa1f648211592f5a30b2f7810af4ca5d0f61992c3285955c2","next_action":"Compare this digest through a trusted channel before primary-activate; the primary must not learn it from an unauthenticated SSH connection."}
[rc=0]

### 2026-09-30T03:07:37.106Z primary owner checks the digest independently (SHA-256 of the decoded Ed25519 public key blob read from /etc/ssh/ssh_host_ed25519_key.pub; same SSH management channel, so this is a consistency check, not an out-of-band trust anchor)
tool digest:        2d12e15cf9810c9fa1f648211592f5a30b2f7810af4ca5d0f61992c3285955c2
independent digest: 2d12e15cf9810c9fa1f648211592f5a30b2f7810af4ca5d0f61992c3285955c2
DIGEST MATCH

### 2026-09-30T03:07:37.377Z primary-activate (primary owner)
$ [primary] sudo /root/dns-owner-tools/dns-peer-enroll primary-activate --credential-id 9a64875069d518009eb5304402ea199a --primary-ip 192.0.2.10 --peer-ip 192.0.2.11 --catalog catalog-c000020a.celikpanel.invalid --host-key-sha256 2d12e15cf9810c9fa1f648211592f5a30b2f7810af4ca5d0f61992c3285955c2
{"state":"configured","enrollment_id":"fce0329caee1ed699167573bbca6c309","next_action":"For an admitted pending DNS deletion, use that exact operation's recovery action; enrollment alone does not enable a blocked DNS topology, and status polling does not retry the mutation."}
[rc=0]

### 2026-09-30T03:07:37.673Z status after
$ [primary] sudo /root/dns-owner-tools/dns-peer-enroll primary-status
{"catalog_name":"catalog-c000020a.celikpanel.invalid","client_public_key_sha256":"77004c7648396df1434db3ee551672b8732d09d5e429680420bc7686fdc53dba","enrollment_id":"fce0329caee1ed699167573bbca6c309","host_key_sha256":"2d12e15cf9810c9fa1f648211592f5a30b2f7810af4ca5d0f61992c3285955c2","peer_ip":"192.0.2.11","primary_ip":"192.0.2.10","state":"configured"}
[rc=0]
$ [secondary] sudo /root/dns-owner-tools/dns-peer-enroll secondary-status
{"state":"configured","reason":"local policy and SSH configuration verified; live authentication is unproven","next_action":"No owner action is needed now. No status command tests live authentication: the primary Agent makes the first authenticated read-only inspector exchange only while reconciling an admitted pending deletion, and reports its result on that operation","primary_ip":"192.0.2.10","peer_ip":"192.0.2.11","catalog_name":"catalog-c000020a.celikpanel.invalid","primary_key_sha256":"77004c7648396df1434db3ee551672b8732d09d5e429680420bc7686fdc53dba"}
[rc=0]

### 2026-09-30T03:07:38.494Z boot ids after enrollment
$ [primary] cat /proc/sys/kernel/random/boot_id
2bdbdb71-090a-45fe-b717-b3f5461c91c0
[rc=0]
$ [secondary] cat /proc/sys/kernel/random/boot_id
bd579b8e-4d96-4d81-ac1a-f3a9fad27d03
[rc=0]

### 2026-09-30T03:07:39.008Z owner-enrollment done
ENROLL-DONE
