19:27:40.355739161 CHANGE journal none -> absent
19:27:40.370126846 CHANGE ledger none -> 177f61d12ed0bb85e6ea535b807b376e26bbe0871405a13867c0b3cb6ea4b211
19:27:40.374330327 CHANGE state none -> absent
19:27:40.378479934 CHANGE pdnsdb none -> absent
19:27:40.381892200 POINTER 
19:27:40.383274913 pdns=0/0/inactive/dead/ named=0/inactive/dead/ agent=0/inactive/ jphase=absent killpid=
19:27:40.653465517 pdns=0/0/inactive/dead/ named=0/inactive/dead/ agent=0/inactive/ jphase=absent killpid=
19:27:40.925353351 pdns=0/0/inactive/dead/ named=0/inactive/dead/ agent=0/inactive/ jphase=absent killpid=
19:27:41.213838748 CHANGE ledger 177f61d12ed0bb85e6ea535b807b376e26bbe0871405a13867c0b3cb6ea4b211 -> 673cbbd82f08f120bda1d3fc4ec4cc04bdd23a54348c99e9fcc17bdf1a615df2
19:27:41.218806564 pdns=0/0/inactive/dead/ named=0/inactive/dead/ agent=0/inactive/ jphase=absent killpid=1721,
19:27:41.495123380 CHANGE ledger 673cbbd82f08f120bda1d3fc4ec4cc04bdd23a54348c99e9fcc17bdf1a615df2 -> 728325b2c6e2d2cc9f8c50e28feeeeaa910fc61940712073aee5d59768df5dfa
19:27:41.498323807 pdns=0/0/inactive/dead/ named=0/inactive/dead/ agent=0/inactive/ jphase=absent killpid=1721,
19:27:41.784648192 CHANGE ledger 728325b2c6e2d2cc9f8c50e28feeeeaa910fc61940712073aee5d59768df5dfa -> d520a82c1e366891e7fb9da91a592932726baedd5fd511a08d40dead60ddc2ba
19:27:41.790731150 pdns=0/0/inactive/dead/ named=0/inactive/dead/ agent=0/inactive/ jphase=absent killpid=1721,1912,
19:27:42.191784953 CHANGE ledger d520a82c1e366891e7fb9da91a592932726baedd5fd511a08d40dead60ddc2ba -> 53618964c09576f60ce88b66ce5112259fe720436e41ed39953991d8f7000f86
19:27:42.194956612 pdns=0/0/inactive/dead/ named=0/inactive/dead/ agent=0/inactive/ jphase=absent killpid=1721,1929,
19:27:42.461221754 pdns=0/0/inactive/dead/ named=0/inactive/dead/ agent=0/inactive/ jphase=absent killpid=1721,1929,
19:27:42.733588345 pdns=0/0/inactive/dead/ named=0/inactive/dead/ agent=0/inactive/ jphase=absent killpid=1721,1929,
19:27:43.008484386 pdns=0/0/inactive/dead/ named=0/inactive/dead/ agent=0/inactive/ jphase=absent killpid=1721,1929,
19:27:43.288471620 pdns=0/0/inactive/dead/ named=0/inactive/dead/ agent=0/inactive/ jphase=absent killpid=1721,1929,
19:27:43.568089503 pdns=0/0/inactive/dead/ named=0/inactive/dead/ agent=0/inactive/ jphase=absent killpid=1721,1929,
19:27:43.851495284 pdns=0/0/inactive/dead/ named=0/inactive/dead/ agent=0/inactive/ jphase=absent killpid=1721,1929,
19:27:44.134823478 pdns=0/0/inactive/dead/ named=0/inactive/dead/ agent=0/inactive/ jphase=absent killpid=1721,1929,
19:27:44.427852053 pdns=0/0/inactive/dead/ named=0/inactive/dead/ agent=0/inactive/ jphase=absent killpid=1721,1929,
19:27:44.714909987 pdns=0/0/inactive/dead/ named=0/inactive/dead/ agent=0/inactive/ jphase=absent killpid=1721,1929,
19:27:44.995761482 pdns=0/0/inactive/dead/ named=0/inactive/dead/ agent=0/inactive/ jphase=absent killpid=1721,1929,
19:27:45.278483515 pdns=0/0/inactive/dead/ named=0/inactive/dead/ agent=0/inactive/ jphase=absent killpid=1721,1929,
19:27:45.558374597 pdns=0/0/inactive/dead/ named=0/inactive/dead/ agent=0/inactive/ jphase=absent killpid=1721,1929,
19:27:45.836681084 pdns=0/0/inactive/dead/ named=0/inactive/dead/ agent=0/inactive/ jphase=absent killpid=1721,1929,
19:27:46.102130622 pdns=0/0/inactive/dead/ named=0/inactive/dead/ agent=0/inactive/ jphase=absent killpid=1721,1929,
19:27:46.369435449 CHANGE ledger 53618964c09576f60ce88b66ce5112259fe720436e41ed39953991d8f7000f86 -> 83370b048c2d9258e67218dcc17098e70802f074266a606a1929c7fdfe399c73
19:27:46.372708013 pdns=0/0/inactive/dead/ named=0/inactive/dead/ agent=0/inactive/ jphase=absent killpid=1721,1929,
19:27:46.637725752 pdns=0/0/inactive/dead/ named=0/inactive/dead/ agent=0/inactive/ jphase=absent killpid=1721,1929,
19:27:46.924019790 pdns=0/0/inactive/dead/ named=0/inactive/dead/ agent=0/inactive/ jphase=absent killpid=1721,1929,
19:27:47.188771002 pdns=0/0/inactive/dead/ named=0/inactive/dead/ agent=0/inactive/ jphase=absent killpid=1721,1929,
19:27:47.456919806 pdns=0/0/inactive/dead/ named=0/inactive/dead/ agent=0/inactive/ jphase=absent killpid=1721,1929,
19:27:47.726788112 pdns=0/0/inactive/dead/ named=0/inactive/dead/ agent=0/inactive/ jphase=absent killpid=1721,1929,
19:27:47.996657797 pdns=0/0/inactive/dead/ named=0/inactive/dead/ agent=0/inactive/ jphase=absent killpid=1721,1929,
19:27:48.268688798 pdns=0/0/inactive/dead/ named=0/inactive/dead/ agent=0/inactive/ jphase=absent killpid=1721,1929,
19:27:48.536562510 pdns=0/0/inactive/dead/ named=0/inactive/dead/ agent=0/inactive/ jphase=absent killpid=1721,1929,
19:27:48.803283794 pdns=0/0/inactive/dead/ named=0/inactive/dead/ agent=0/inactive/ jphase=absent killpid=1721,1929,
19:27:49.072392934 pdns=0/0/inactive/dead/ named=0/inactive/dead/ agent=0/inactive/ jphase=absent killpid=1721,1929,
19:27:49.337513069 pdns=0/0/inactive/dead/ named=0/inactive/dead/ agent=0/inactive/ jphase=absent killpid=1721,1929,
19:27:49.602823881 pdns=0/0/inactive/dead/ named=0/inactive/dead/ agent=0/inactive/ jphase=absent killpid=1721,1929,
19:27:49.870122294 pdns=0/0/inactive/dead/ named=0/inactive/dead/ agent=0/inactive/ jphase=absent killpid=1721,1929,
19:27:50.141129793 pdns=0/0/inactive/dead/ named=0/inactive/dead/ agent=0/inactive/ jphase=absent killpid=1721,1929,
19:27:50.409570526 pdns=0/0/inactive/dead/ named=0/inactive/dead/ agent=0/inactive/ jphase=absent killpid=1721,1929,
19:27:50.680486527 pdns=0/0/inactive/dead/ named=0/inactive/dead/ agent=0/inactive/ jphase=absent killpid=1721,1929,
19:27:50.944363573 pdns=0/0/inactive/dead/ named=0/inactive/dead/ agent=0/inactive/ jphase=absent killpid=1721,1929,
19:27:51.209263376 pdns=0/0/inactive/dead/ named=0/inactive/dead/ agent=0/inactive/ jphase=absent killpid=1721,1929,
19:27:51.478583238 CHANGE ledger 83370b048c2d9258e67218dcc17098e70802f074266a606a1929c7fdfe399c73 -> 6611b28f8c02ea38b4e2a02889045785caae8f494c08bbed09545a7889790ca8
19:27:51.481980843 pdns=0/0/inactive/dead/ named=0/inactive/dead/ agent=0/inactive/ jphase=absent killpid=1721,1929,
19:27:51.745107093 pdns=0/0/inactive/dead/ named=0/inactive/dead/ agent=0/inactive/ jphase=absent killpid=1721,1929,
19:27:52.008600297 pdns=0/0/inactive/dead/ named=0/inactive/dead/ agent=0/inactive/ jphase=absent killpid=1721,1929,
19:27:52.272171709 pdns=0/0/inactive/dead/ named=0/inactive/dead/ agent=0/inactive/ jphase=absent killpid=1721,1929,
19:27:52.538483002 pdns=0/0/inactive/dead/ named=0/inactive/dead/ agent=0/inactive/ jphase=absent killpid=1721,1929,
19:27:52.807829155 pdns=0/0/inactive/dead/ named=0/inactive/dead/ agent=0/inactive/ jphase=absent killpid=1721,1929,
19:27:53.074322127 pdns=0/0/inactive/dead/ named=0/inactive/dead/ agent=0/inactive/ jphase=absent killpid=1721,1929,
19:27:53.340106073 pdns=0/0/inactive/dead/ named=0/inactive/dead/ agent=0/inactive/ jphase=absent killpid=1721,1929,
19:27:53.605523690 pdns=0/0/inactive/dead/ named=0/inactive/dead/ agent=0/inactive/ jphase=absent killpid=1721,1929,
19:27:53.874416025 pdns=0/0/inactive/dead/ named=0/inactive/dead/ agent=0/inactive/ jphase=absent killpid=1721,1929,
19:27:54.142322133 pdns=0/0/inactive/dead/ named=0/inactive/dead/ agent=0/inactive/ jphase=absent killpid=1721,1929,
19:27:54.408734651 pdns=0/0/inactive/dead/ named=0/inactive/dead/ agent=0/inactive/ jphase=absent killpid=1721,1929,
19:27:54.673123471 pdns=0/0/inactive/dead/ named=0/inactive/dead/ agent=0/inactive/ jphase=absent killpid=1721,1929,
19:27:54.940773764 pdns=0/0/inactive/dead/ named=0/inactive/dead/ agent=0/inactive/ jphase=absent killpid=1721,1929,
19:27:55.205552061 pdns=0/0/inactive/dead/ named=0/inactive/dead/ agent=0/inactive/ jphase=absent killpid=1721,1929,
19:27:55.471151833 pdns=0/0/inactive/dead/ named=0/inactive/dead/ agent=0/inactive/ jphase=absent killpid=1721,1929,
19:27:55.743610986 pdns=0/0/inactive/dead/ named=0/inactive/dead/ agent=0/inactive/ jphase=absent killpid=1721,1929,
19:27:56.008991824 pdns=0/0/inactive/dead/ named=0/inactive/dead/ agent=0/inactive/ jphase=absent killpid=1721,1929,
19:27:56.285282527 CHANGE ledger 6611b28f8c02ea38b4e2a02889045785caae8f494c08bbed09545a7889790ca8 -> cc9058c818cb5eccd555a0ad37aedd1c75d317ed04e360691e5d9036f108bf16
19:27:56.288419267 pdns=0/0/inactive/dead/ named=0/inactive/dead/ agent=0/inactive/ jphase=absent killpid=1721,1929,
19:27:56.553715733 pdns=0/0/inactive/dead/ named=0/inactive/dead/ agent=0/inactive/ jphase=absent killpid=1721,1929,
19:27:56.819480431 pdns=0/0/inactive/dead/ named=0/inactive/dead/ agent=0/inactive/ jphase=absent killpid=1721,1929,
19:27:57.087609948 pdns=0/0/inactive/dead/ named=0/inactive/dead/ agent=0/inactive/ jphase=absent killpid=1721,1929,
19:27:57.354114491 pdns=0/0/inactive/dead/ named=0/inactive/dead/ agent=0/inactive/ jphase=absent killpid=1721,1929,
19:27:57.619181048 pdns=0/0/inactive/dead/ named=0/inactive/dead/ agent=0/inactive/ jphase=absent killpid=1721,1929,
19:27:57.887762004 pdns=0/0/inactive/dead/ named=0/inactive/dead/ agent=0/inactive/ jphase=absent killpid=1721,1929,
19:27:58.160379012 pdns=0/0/inactive/dead/ named=0/inactive/dead/ agent=0/inactive/ jphase=absent killpid=1721,1929,
19:27:58.428328124 pdns=0/0/inactive/dead/ named=0/inactive/dead/ agent=0/inactive/ jphase=absent killpid=1721,1929,
19:27:58.694627461 pdns=0/0/inactive/dead/ named=0/inactive/dead/ agent=0/inactive/ jphase=absent killpid=1721,1929,
19:27:58.962903038 pdns=0/0/inactive/dead/ named=0/inactive/dead/ agent=0/inactive/ jphase=absent killpid=1721,1929,
19:27:59.228262172 pdns=0/0/inactive/dead/ named=0/inactive/dead/ agent=0/inactive/ jphase=absent killpid=1721,1929,
19:27:59.493619029 pdns=0/0/inactive/dead/ named=0/inactive/dead/ agent=0/inactive/ jphase=absent killpid=1721,1929,
19:27:59.759834208 pdns=0/0/inactive/dead/ named=0/inactive/dead/ agent=0/inactive/ jphase=absent killpid=1721,1929,
19:28:00.031237804 pdns=0/0/inactive/dead/ named=0/inactive/dead/ agent=0/inactive/ jphase=absent killpid=1721,1929,
19:28:00.303961485 pdns=0/0/inactive/dead/ named=0/inactive/dead/ agent=0/inactive/ jphase=absent killpid=1721,1929,
19:28:00.570645268 pdns=0/0/inactive/dead/ named=0/inactive/dead/ agent=0/inactive/ jphase=absent killpid=1721,1929,
19:28:00.838544590 pdns=0/0/inactive/dead/ named=0/inactive/dead/ agent=0/inactive/ jphase=absent killpid=1721,1929,
19:28:01.107366167 pdns=0/0/inactive/dead/ named=0/inactive/dead/ agent=0/inactive/ jphase=absent killpid=1721,1929,
19:28:01.373518434 CHANGE ledger cc9058c818cb5eccd555a0ad37aedd1c75d317ed04e360691e5d9036f108bf16 -> 543dfc66352cfbd6518365582ac185885b446f0ba40ecbcc08f21335d4399bd1
19:28:01.376655895 pdns=0/0/inactive/dead/ named=0/inactive/dead/ agent=0/inactive/ jphase=absent killpid=1721,1929,
19:28:01.641110691 pdns=0/0/inactive/dead/ named=0/inactive/dead/ agent=0/inactive/ jphase=absent killpid=1721,1929,
19:28:01.904906808 pdns=0/0/inactive/dead/ named=0/inactive/dead/ agent=0/inactive/ jphase=absent killpid=1721,1929,
19:28:02.171068025 pdns=0/0/inactive/dead/ named=0/inactive/dead/ agent=0/inactive/ jphase=absent killpid=1721,1929,
19:28:02.439054362 pdns=0/0/inactive/dead/ named=0/inactive/dead/ agent=0/inactive/ jphase=absent killpid=1721,1929,
19:28:02.702829598 pdns=0/0/inactive/dead/ named=0/inactive/dead/ agent=0/inactive/ jphase=absent killpid=1721,1929,
19:28:02.969206846 pdns=0/0/inactive/dead/ named=0/inactive/dead/ agent=0/inactive/ jphase=absent killpid=1721,1929,
19:28:03.236952997 pdns=0/0/inactive/dead/ named=0/inactive/dead/ agent=0/inactive/ jphase=absent killpid=1721,1929,
19:28:03.508860024 pdns=0/0/inactive/dead/ named=0/inactive/dead/ agent=0/inactive/ jphase=absent killpid=1721,1929,
19:28:03.775598266 pdns=0/0/inactive/dead/ named=0/inactive/dead/ agent=0/inactive/ jphase=absent killpid=1721,1929,
19:28:04.043613052 pdns=0/0/inactive/dead/ named=0/inactive/dead/ agent=0/inactive/ jphase=absent killpid=1721,1929,
19:28:04.313099905 pdns=0/0/inactive/dead/ named=0/inactive/dead/ agent=0/inactive/ jphase=absent killpid=1721,1929,
19:28:04.582036895 pdns=0/0/inactive/dead/ named=0/inactive/dead/ agent=0/inactive/ jphase=absent killpid=1721,1929,
19:28:04.852184905 pdns=0/0/inactive/dead/ named=0/inactive/dead/ agent=0/inactive/ jphase=absent killpid=1721,1929,
19:28:05.117296484 pdns=0/0/inactive/dead/ named=0/inactive/dead/ agent=0/inactive/ jphase=absent killpid=1721,1929,
19:28:05.381685359 pdns=0/0/inactive/dead/ named=0/inactive/dead/ agent=0/inactive/ jphase=absent killpid=1721,1929,
19:28:05.645787949 pdns=0/0/inactive/dead/ named=0/inactive/dead/ agent=0/inactive/ jphase=absent killpid=1721,1929,
19:28:05.909618631 pdns=0/0/inactive/dead/ named=0/inactive/dead/ agent=0/inactive/ jphase=absent killpid=1721,1929,
19:28:06.173751873 pdns=0/0/inactive/dead/ named=0/inactive/dead/ agent=0/inactive/ jphase=absent killpid=1721,1929,
19:28:06.450115186 CHANGE ledger 543dfc66352cfbd6518365582ac185885b446f0ba40ecbcc08f21335d4399bd1 -> 179eb0a3162f82852f1309b34cc1d10f9c0a9e79e7f4334ceb643b235d02d1be
19:28:06.453689609 pdns=0/0/inactive/dead/ named=0/inactive/dead/ agent=0/inactive/ jphase=absent killpid=1721,1929,
19:28:06.723252638 pdns=0/0/inactive/dead/ named=0/inactive/dead/ agent=0/inactive/ jphase=absent killpid=1721,1929,
19:28:06.993102945 pdns=0/0/inactive/dead/ named=0/inactive/dead/ agent=0/inactive/ jphase=absent killpid=1721,1929,
19:28:07.261526549 pdns=0/0/inactive/dead/ named=0/inactive/dead/ agent=0/inactive/ jphase=absent killpid=1721,1929,
19:28:07.527378244 pdns=0/0/inactive/dead/ named=0/inactive/dead/ agent=0/inactive/ jphase=absent killpid=1721,1929,
19:28:07.794062945 pdns=0/0/inactive/dead/ named=0/inactive/dead/ agent=0/inactive/ jphase=absent killpid=1721,1929,
19:28:08.058861962 pdns=0/0/inactive/dead/ named=0/inactive/dead/ agent=0/inactive/ jphase=absent killpid=1721,1929,
19:28:08.324079598 pdns=0/0/inactive/dead/ named=0/inactive/dead/ agent=0/inactive/ jphase=absent killpid=1721,1929,
19:28:08.587767192 pdns=0/0/inactive/dead/ named=0/inactive/dead/ agent=0/inactive/ jphase=absent killpid=1721,1929,
19:28:08.853245451 pdns=0/0/inactive/dead/ named=0/inactive/dead/ agent=0/inactive/ jphase=absent killpid=1721,1929,
19:28:09.121586158 pdns=0/0/inactive/dead/ named=0/inactive/dead/ agent=0/inactive/ jphase=absent killpid=1721,1929,
19:28:09.390959674 pdns=0/0/inactive/dead/ named=0/inactive/dead/ agent=0/inactive/ jphase=absent killpid=1721,1929,
19:28:09.658788364 pdns=0/0/inactive/dead/ named=0/inactive/dead/ agent=0/inactive/ jphase=absent killpid=1721,1929,
19:28:09.931646386 pdns=0/0/inactive/dead/ named=0/inactive/dead/ agent=0/inactive/ jphase=absent killpid=1721,1929,
19:28:10.200279558 pdns=0/0/inactive/dead/ named=0/inactive/dead/ agent=0/inactive/ jphase=absent killpid=1721,1929,
19:28:10.475179219 pdns=0/0/inactive/dead/ named=0/inactive/dead/ agent=0/inactive/ jphase=absent killpid=1721,1929,
19:28:10.745143602 pdns=0/0/inactive/dead/ named=0/inactive/dead/ agent=0/inactive/ jphase=absent killpid=1721,1929,
19:28:11.013920213 pdns=0/0/inactive/dead/ named=0/inactive/dead/ agent=0/inactive/ jphase=absent killpid=1721,1929,
19:28:11.282846541 CHANGE ledger 179eb0a3162f82852f1309b34cc1d10f9c0a9e79e7f4334ceb643b235d02d1be -> d2fb53d50f91da4790c063a1cbdca6ab68b3d4228d27654bdc1313969f126d37
19:28:11.286250291 pdns=0/0/inactive/dead/ named=0/inactive/dead/ agent=0/inactive/ jphase=absent killpid=1721,1929,
19:28:11.553655506 pdns=0/0/inactive/dead/ named=0/inactive/dead/ agent=0/inactive/ jphase=absent killpid=1721,1929,
19:28:11.820996191 pdns=0/0/inactive/dead/ named=0/inactive/dead/ agent=0/inactive/ jphase=absent killpid=1721,1929,
19:28:12.093059933 pdns=0/0/inactive/dead/ named=0/inactive/dead/ agent=0/inactive/ jphase=absent killpid=1721,1929,
19:28:12.358684094 pdns=0/0/inactive/dead/ named=0/inactive/dead/ agent=0/inactive/ jphase=absent killpid=1721,1929,
19:28:12.624943869 pdns=0/0/inactive/dead/ named=0/inactive/dead/ agent=0/inactive/ jphase=absent killpid=1721,1929,
19:28:12.889052453 pdns=0/0/inactive/dead/ named=0/inactive/dead/ agent=0/inactive/ jphase=absent killpid=1721,1929,
19:28:13.157416840 pdns=0/0/inactive/dead/ named=0/inactive/dead/ agent=0/inactive/ jphase=absent killpid=1721,1929,
19:28:13.422484236 pdns=0/0/inactive/dead/ named=0/inactive/dead/ agent=0/inactive/ jphase=absent killpid=1721,1929,
19:28:13.686976906 pdns=0/0/inactive/dead/ named=0/inactive/dead/ agent=0/inactive/ jphase=absent killpid=1721,1929,
19:28:13.952796454 pdns=0/0/inactive/dead/ named=0/inactive/dead/ agent=0/inactive/ jphase=absent killpid=1721,1929,
19:28:14.218407671 pdns=0/0/inactive/dead/ named=0/inactive/dead/ agent=0/inactive/ jphase=absent killpid=1721,1929,
19:28:14.485425464 pdns=0/0/inactive/dead/ named=0/inactive/dead/ agent=0/inactive/ jphase=absent killpid=1721,1929,
19:28:14.752134629 pdns=0/0/inactive/dead/ named=0/inactive/dead/ agent=0/inactive/ jphase=absent killpid=1721,1929,
19:28:15.018377890 pdns=0/0/inactive/dead/ named=0/inactive/dead/ agent=0/inactive/ jphase=absent killpid=1721,1929,
19:28:15.286746245 pdns=0/0/inactive/dead/ named=0/inactive/dead/ agent=0/inactive/ jphase=absent killpid=1721,1929,
19:28:15.553541972 pdns=0/0/inactive/dead/ named=0/inactive/dead/ agent=0/inactive/ jphase=absent killpid=1721,1929,
19:28:15.823353071 pdns=0/0/inactive/dead/ named=0/inactive/dead/ agent=0/inactive/ jphase=absent killpid=1721,1929,
19:28:16.101828427 pdns=0/0/inactive/dead/ named=0/inactive/dead/ agent=0/inactive/ jphase=absent killpid=1721,1929,
19:28:16.380923199 CHANGE ledger d2fb53d50f91da4790c063a1cbdca6ab68b3d4228d27654bdc1313969f126d37 -> 06982946af5b7ac504956f5d8a31c33431a2913a0576ea1d47418125f1a37add
19:28:16.384380578 pdns=0/0/inactive/dead/ named=0/inactive/dead/ agent=0/inactive/ jphase=absent killpid=1721,1929,
19:28:16.660491759 CHANGE ledger 06982946af5b7ac504956f5d8a31c33431a2913a0576ea1d47418125f1a37add -> 5f1263deb438fc2dd5a888a39e29934cc86eae71354753a98db1c450f2cfb465
19:28:16.663793556 pdns=0/0/inactive/dead/ named=0/inactive/dead/ agent=0/inactive/ jphase=absent killpid=1721,5058,
19:28:16.939852036 pdns=0/0/inactive/dead/ named=0/inactive/dead/ agent=0/inactive/ jphase=absent killpid=1721,5058,
19:28:17.222537325 pdns=0/0/inactive/dead/ named=0/inactive/dead/ agent=0/inactive/ jphase=absent killpid=1721,5058,
19:28:17.493403526 pdns=0/0/inactive/dead/ named=0/inactive/dead/ agent=0/inactive/ jphase=absent killpid=1721,5058,
19:28:17.772564824 pdns=0/0/inactive/dead/ named=0/inactive/dead/ agent=0/inactive/ jphase=absent killpid=1721,5058,
19:28:18.053015878 pdns=0/0/inactive/dead/ named=0/inactive/dead/ agent=0/inactive/ jphase=absent killpid=1721,5058,
19:28:18.322176994 pdns=0/0/inactive/dead/ named=0/inactive/dead/ agent=0/inactive/ jphase=absent killpid=1721,5058,
19:28:18.598274238 pdns=0/0/inactive/dead/ named=0/inactive/dead/ agent=0/inactive/ jphase=absent killpid=1721,5058,
19:28:18.871144757 pdns=0/0/inactive/dead/ named=0/inactive/dead/ agent=0/inactive/ jphase=absent killpid=1721,5058,
19:28:19.145550990 pdns=0/0/inactive/dead/ named=0/inactive/dead/ agent=0/inactive/ jphase=absent killpid=1721,5058,
19:28:19.418907360 pdns=0/0/inactive/dead/ named=0/inactive/dead/ agent=0/inactive/ jphase=absent killpid=1721,5058,
19:28:19.688309152 pdns=0/0/inactive/dead/ named=0/inactive/dead/ agent=0/inactive/ jphase=absent killpid=1721,5058,
19:28:19.961567866 pdns=0/0/inactive/dead/ named=0/inactive/dead/ agent=0/inactive/ jphase=absent killpid=1721,5058,
19:28:20.231198436 pdns=0/0/inactive/dead/ named=0/inactive/dead/ agent=0/inactive/ jphase=absent killpid=1721,5058,
19:28:20.508835979 pdns=0/0/inactive/dead/ named=0/inactive/dead/ agent=0/inactive/ jphase=absent killpid=1721,5058,
19:28:20.783928132 pdns=0/0/inactive/dead/ named=0/inactive/dead/ agent=0/inactive/ jphase=absent killpid=1721,5058,
19:28:21.057241311 pdns=0/0/inactive/dead/ named=0/inactive/dead/ agent=0/inactive/ jphase=absent killpid=1721,5058,
19:28:21.338650165 CHANGE ledger 5f1263deb438fc2dd5a888a39e29934cc86eae71354753a98db1c450f2cfb465 -> 110e4b457ef107552f6fb3f5d4dae5fae5eabc743d3cf47f59ca1dd0300103be
19:28:21.342679740 pdns=0/0/inactive/dead/ named=0/inactive/dead/ agent=0/inactive/ jphase=absent killpid=1721,5058,
19:28:21.635249934 CHANGE ledger 110e4b457ef107552f6fb3f5d4dae5fae5eabc743d3cf47f59ca1dd0300103be -> 17715dcf3136aa1fa5cc74221a8b3a68b4b9cc7dfe5c2cdf4dcd13351cfd91a2
19:28:21.638622701 pdns=0/0/inactive/dead/ named=0/inactive/dead/ agent=0/inactive/ jphase=absent killpid=1721,5685,
19:28:21.955212639 CHANGE ledger 17715dcf3136aa1fa5cc74221a8b3a68b4b9cc7dfe5c2cdf4dcd13351cfd91a2 -> df697f7e3646f2592dbdfb7e132070cae5d13217b3bd77ff6f3a24bb7506a2be
19:28:21.958485057 pdns=0/0/inactive/dead/ named=0/inactive/dead/ agent=0/inactive/ jphase=absent killpid=1721,
19:28:22.234751264 CHANGE ledger df697f7e3646f2592dbdfb7e132070cae5d13217b3bd77ff6f3a24bb7506a2be -> 887d9d7a35d88d1b90592cafe92dd7a169931692ecf020093e2104d34b7b4d99
19:28:22.238895477 pdns=0/0/inactive/dead/ named=0/inactive/dead/ agent=0/inactive/ jphase=absent killpid=1721,
19:28:22.520610680 CHANGE journal absent -> 3accf5671574acfa8e870e9db821524f4ccae3e4c0898cf5cd20f34e96061d18
19:28:22.529976541 CHANGE ledger 887d9d7a35d88d1b90592cafe92dd7a169931692ecf020093e2104d34b7b4d99 -> b41063ba38694f114ab4c606d6f3d647c6b0b5577dc5320e4b8c99aed092cdb7
19:28:22.534646205 pdns=0/0/inactive/dead/ named=0/inactive/dead/ agent=0/inactive/ jphase=intent killpid=
19:28:22.940672475 CHANGE journal 3accf5671574acfa8e870e9db821524f4ccae3e4c0898cf5cd20f34e96061d18 -> 7601103d8df096fed80972b757e1a039bcb6544b6d3a410210bc46e8ad2ac300
19:28:22.949606674 pdns=0/0/inactive/dead/ named=0/inactive/dead/ agent=5907/active/ jphase=rolling-back killpid=
19:28:23.516450581 CHANGE journal 7601103d8df096fed80972b757e1a039bcb6544b6d3a410210bc46e8ad2ac300 -> absent
19:28:23.531841428 CHANGE ledger b41063ba38694f114ab4c606d6f3d647c6b0b5577dc5320e4b8c99aed092cdb7 -> c81f52c8c95f7ec968c3632b92e105fc3bee8e69e61daefaace2b3fe418f4503
19:28:23.534910432 pdns=0/0/inactive/dead/ named=0/inactive/dead/ agent=5907/active/ jphase=absent killpid=
19:28:23.812673172 CHANGE ledger c81f52c8c95f7ec968c3632b92e105fc3bee8e69e61daefaace2b3fe418f4503 -> 05496a30d1c26e9236b1e156c1c912ba7efce2ec296eb430e7140fd680e7f413
19:28:23.816818824 pdns=0/0/inactive/dead/ named=0/inactive/dead/ agent=5907/active/ jphase=absent killpid=
19:28:24.093531076 CHANGE ledger 05496a30d1c26e9236b1e156c1c912ba7efce2ec296eb430e7140fd680e7f413 -> e74e5a26b7c5bdfc5d087624eecd3452112381b9cc00529b24e78073f9d45762
19:28:24.097850765 pdns=0/0/inactive/dead/ named=0/inactive/dead/ agent=5907/active/ jphase=absent killpid=
19:28:24.377548013 CHANGE journal absent -> 3accf5671574acfa8e870e9db821524f4ccae3e4c0898cf5cd20f34e96061d18
19:28:24.386405576 CHANGE ledger e74e5a26b7c5bdfc5d087624eecd3452112381b9cc00529b24e78073f9d45762 -> 3c55802254c5d43f42a4b73f49be5527762754864106a7807e59781096ccf197
19:28:24.390073936 pdns=0/0/inactive/dead/ named=0/inactive/dead/ agent=5907/active/ jphase=intent killpid=
19:28:24.655697602 pdns=0/0/inactive/dead/ named=0/inactive/dead/ agent=5907/active/ jphase=intent killpid=
19:28:24.919725940 pdns=0/0/inactive/dead/ named=0/inactive/dead/ agent=5907/active/ jphase=intent killpid=
19:28:25.186867042 CHANGE journal 3accf5671574acfa8e870e9db821524f4ccae3e4c0898cf5cd20f34e96061d18 -> 343d9e0b0a149215437eba334909b4a09069ec785ac8ab76767c9c70bec64bd2
19:28:25.195498157 CHANGE ledger 3c55802254c5d43f42a4b73f49be5527762754864106a7807e59781096ccf197 -> 680e421a291c5a2c7b8c7f2e90ce6a6e71b94c2ef49c3555703e63ee7ee9d921
19:28:25.204895116 CHANGE pdnsdb absent -> 76bb46eb1a45215b5822fec0a4fc9423978e9172b3c74243f102a4585f6cedd6
19:28:25.208258265 pdns=0/0/inactive/dead/ named=0/inactive/dead/ agent=5907/active/ jphase=source-stopped killpid=
19:28:25.487373119 CHANGE ledger 680e421a291c5a2c7b8c7f2e90ce6a6e71b94c2ef49c3555703e63ee7ee9d921 -> 1bc7ac232b965249d77e103e2b74534a0546a11945f2c4605c285e04e144cdb9
19:28:25.494119168 pdns=0/0/inactive/dead/ named=0/inactive/dead/ agent=5907/active/ jphase=source-stopped killpid=
19:28:25.978742776 CHANGE ledger 1bc7ac232b965249d77e103e2b74534a0546a11945f2c4605c285e04e144cdb9 -> d1303574e3c1c878daab9e80dac8c06a5387835a038cb51075fbc1b3eec9ef19
19:28:25.986209524 pdns=0/0/inactive/dead/ named=0/inactive/dead/ agent=5907/active/ jphase=source-stopped killpid=
19:28:26.312555996 CHANGE ledger d1303574e3c1c878daab9e80dac8c06a5387835a038cb51075fbc1b3eec9ef19 -> 31187d23444ec5e3ecab7dc367f4b821df219d85cc793d8a0782372bc535bab9
19:28:26.319675910 pdns=0/0/inactive/dead/ named=0/inactive/dead/ agent=5907/active/ jphase=source-stopped killpid=
19:28:26.607691624 CHANGE ledger 31187d23444ec5e3ecab7dc367f4b821df219d85cc793d8a0782372bc535bab9 -> d12508504e7243d9459f5394fbe8c9c8e97f68a5ed38db743112fe93018e9bf4
19:28:26.617724869 pdns=0/0/inactive/dead/ named=0/inactive/dead/ agent=5907/active/ jphase=source-stopped killpid=
19:28:26.901534285 CHANGE ledger d12508504e7243d9459f5394fbe8c9c8e97f68a5ed38db743112fe93018e9bf4 -> 8afb16eeb5568e049096404659947d918e2de977374b32e0862a301ad6a7fe7f
19:28:26.910902372 pdns=0/0/inactive/dead/ named=0/inactive/dead/ agent=5907/active/ jphase=source-stopped killpid=
19:28:27.212366096 CHANGE ledger 8afb16eeb5568e049096404659947d918e2de977374b32e0862a301ad6a7fe7f -> c7e225336c005bc8dd2e18c081ee43dec610ae36e1332304efcae43fa30a8f1d
19:28:27.219620890 pdns=0/0/inactive/dead/ named=0/inactive/dead/ agent=5907/active/ jphase=source-stopped killpid=
19:28:27.495984706 CHANGE ledger c7e225336c005bc8dd2e18c081ee43dec610ae36e1332304efcae43fa30a8f1d -> 1d6a506cbfc24cfac878406678c2fb0dceacc23f7c87922cd27a29a706c5e3f1
19:28:27.503409074 pdns=0/0/inactive/dead/ named=0/inactive/dead/ agent=5907/active/ jphase=source-stopped killpid=
19:28:27.779862751 CHANGE journal 343d9e0b0a149215437eba334909b4a09069ec785ac8ab76767c9c70bec64bd2 -> 9a021345e13b7441b658fbf4a1cdcbeef157a7b55f274ece8649d8dfa040e4b8
19:28:27.787871981 CHANGE ledger 1d6a506cbfc24cfac878406678c2fb0dceacc23f7c87922cd27a29a706c5e3f1 -> 404a1b05595bd28592d30ddab82555492f355e0f5518ba9645e5a3fc77b35792
19:28:27.809915356 CHANGE pdnsdb 76bb46eb1a45215b5822fec0a4fc9423978e9172b3c74243f102a4585f6cedd6 -> 775f927624cd2b9a79d09569a2831fa38511161750de83d1c397e87b0985a1ad
19:28:27.814078831 pdns=7075/0/active/running/ named=0/inactive/dead/ agent=5907/active/ jphase=target-started killpid=
19:28:28.103826596 CHANGE ledger 404a1b05595bd28592d30ddab82555492f355e0f5518ba9645e5a3fc77b35792 -> c741c75129ff0e6afb02e7347d932bf2e25a6ef666de045232aaabe3a27255d5
19:28:28.114047880 pdns=7075/0/active/running/ named=0/inactive/dead/ agent=5907/active/ jphase=target-started killpid=
19:28:28.407568400 CHANGE ledger c741c75129ff0e6afb02e7347d932bf2e25a6ef666de045232aaabe3a27255d5 -> 487aadaed480057ff54671ca4b82e374bd88a69631fd22f6c09af74901c23cae
19:28:28.422484561 pdns=7075/0/active/running/ named=0/inactive/dead/ agent=5907/active/ jphase=target-started killpid=
19:28:28.701690057 CHANGE ledger 487aadaed480057ff54671ca4b82e374bd88a69631fd22f6c09af74901c23cae -> 2a717322d08ef918b03120d87d4f578ee1dc65a9bb30d3a9804c4d4fdfbd7696
19:28:28.710816657 pdns=7075/0/active/running/ named=0/inactive/dead/ agent=5907/active/ jphase=target-started killpid=
19:28:28.982756154 CHANGE ledger 2a717322d08ef918b03120d87d4f578ee1dc65a9bb30d3a9804c4d4fdfbd7696 -> 70375c26026c666d9b870b3db9d4944c3dd15e083e9d2bea695c31621bbda5f3
19:28:28.989578983 pdns=7075/0/active/running/ named=0/inactive/dead/ agent=5907/active/ jphase=target-started killpid=
19:28:29.272912212 CHANGE ledger 70375c26026c666d9b870b3db9d4944c3dd15e083e9d2bea695c31621bbda5f3 -> beb0618cabeb70815fc9c62c047aacbc80d46295d42dbdfb52db9b8689694305
19:28:29.281003220 pdns=7075/0/active/running/ named=0/inactive/dead/ agent=5907/active/ jphase=target-started killpid=
19:28:29.569051476 CHANGE journal 9a021345e13b7441b658fbf4a1cdcbeef157a7b55f274ece8649d8dfa040e4b8 -> 8e8ae4f4470bfe87197f2404a31067fc8499b6ccb9d520497a764a5766c2ce9b
19:28:29.579247314 CHANGE ledger beb0618cabeb70815fc9c62c047aacbc80d46295d42dbdfb52db9b8689694305 -> ee05bf8442dfc964bf2949b38262597e1814628316fc3c3daf5ba70ff8703c74
19:28:29.589530837 CHANGE state absent -> 3c181cffef2b8a194f02cab2f1bc9eac7a8fe3e042270efb39ff247e3839ea5d
19:28:29.598085110 pdns=7075/0/active/running/ named=0/inactive/dead/ agent=5907/active/ jphase=committed killpid=
19:28:29.874189753 pdns=7075/0/active/running/ named=0/inactive/dead/ agent=5907/active/ jphase=absent killpid=
19:28:30.150307384 CHANGE journal 8e8ae4f4470bfe87197f2404a31067fc8499b6ccb9d520497a764a5766c2ce9b -> absent
19:28:30.162684539 CHANGE ledger ee05bf8442dfc964bf2949b38262597e1814628316fc3c3daf5ba70ff8703c74 -> 668aa8e230e590a07c32abb625536ac914c70f344d28f62664c80bcf1165ec10
19:28:30.175098324 pdns=7075/0/active/running/ named=0/inactive/dead/ agent=5907/active/ jphase=absent killpid=
19:28:30.481472157 pdns=7075/0/active/running/ named=0/inactive/dead/ agent=5907/active/ jphase=absent killpid=
19:28:30.754543764 pdns=7075/0/active/running/ named=0/inactive/dead/ agent=5907/active/ jphase=absent killpid=
19:28:31.027195956 pdns=7075/0/active/running/ named=0/inactive/dead/ agent=5907/active/ jphase=absent killpid=
19:28:31.301734800 pdns=7075/0/active/running/ named=0/inactive/dead/ agent=5907/active/ jphase=absent killpid=
19:28:31.585775659 pdns=7075/0/active/running/ named=0/inactive/dead/ agent=5907/active/ jphase=absent killpid=
19:28:31.861847760 pdns=7075/0/active/running/ named=0/inactive/dead/ agent=5907/active/ jphase=absent killpid=
19:28:32.139374671 pdns=7075/0/active/running/ named=0/inactive/dead/ agent=5907/active/ jphase=absent killpid=
19:28:32.418834104 pdns=7075/0/active/running/ named=0/inactive/dead/ agent=5907/active/ jphase=absent killpid=
19:28:32.697863925 pdns=7075/0/active/running/ named=0/inactive/dead/ agent=5907/active/ jphase=absent killpid=
19:28:32.971682510 pdns=7075/0/active/running/ named=0/inactive/dead/ agent=5907/active/ jphase=absent killpid=
19:28:33.245482405 pdns=7075/0/active/running/ named=0/inactive/dead/ agent=5907/active/ jphase=absent killpid=
19:28:33.526191000 pdns=7075/0/active/running/ named=0/inactive/dead/ agent=5907/active/ jphase=absent killpid=
19:28:33.803341364 pdns=7075/0/active/running/ named=0/inactive/dead/ agent=5907/active/ jphase=absent killpid=
19:28:34.078403603 pdns=7075/0/active/running/ named=0/inactive/dead/ agent=5907/active/ jphase=absent killpid=
19:28:34.355422813 pdns=7075/0/active/running/ named=0/inactive/dead/ agent=5907/active/ jphase=absent killpid=
19:28:34.626423841 pdns=7075/0/active/running/ named=0/inactive/dead/ agent=5907/active/ jphase=absent killpid=
19:28:34.900110053 pdns=7075/0/active/running/ named=0/inactive/dead/ agent=5907/active/ jphase=absent killpid=
19:28:35.174457159 pdns=7075/0/active/running/ named=0/inactive/dead/ agent=5907/active/ jphase=absent killpid=
19:28:35.448975064 pdns=7075/0/active/running/ named=0/inactive/dead/ agent=5907/active/ jphase=absent killpid=
19:28:35.727543155 pdns=7075/0/active/running/ named=0/inactive/dead/ agent=5907/active/ jphase=absent killpid=
19:28:36.023306005 pdns=7075/0/active/running/ named=0/inactive/dead/ agent=5907/active/ jphase=absent killpid=
19:28:36.297811674 pdns=7075/0/active/running/ named=0/inactive/dead/ agent=5907/active/ jphase=absent killpid=
19:28:36.574314956 pdns=7075/0/active/running/ named=0/inactive/dead/ agent=5907/active/ jphase=absent killpid=
19:28:36.847518647 pdns=7075/0/active/running/ named=0/inactive/dead/ agent=5907/active/ jphase=absent killpid=
19:28:37.118994501 pdns=7075/0/active/running/ named=0/inactive/dead/ agent=5907/active/ jphase=absent killpid=
19:28:37.393791174 pdns=7075/0/active/running/ named=0/inactive/dead/ agent=5907/active/ jphase=absent killpid=
19:28:37.667762654 pdns=7075/0/active/running/ named=0/inactive/dead/ agent=5907/active/ jphase=absent killpid=
19:28:37.943546453 pdns=7075/0/active/running/ named=0/inactive/dead/ agent=5907/active/ jphase=absent killpid=
19:28:38.217132490 pdns=7075/0/active/running/ named=0/inactive/dead/ agent=5907/active/ jphase=absent killpid=
19:28:38.491276182 pdns=7075/0/active/running/ named=0/inactive/dead/ agent=5907/active/ jphase=absent killpid=
19:28:38.764115364 pdns=7075/0/active/running/ named=0/inactive/dead/ agent=5907/active/ jphase=absent killpid=
19:28:39.036024063 pdns=7075/0/active/running/ named=0/inactive/dead/ agent=5907/active/ jphase=absent killpid=
19:28:39.311747106 pdns=7075/0/active/running/ named=0/inactive/dead/ agent=5907/active/ jphase=absent killpid=
19:28:39.589280098 pdns=7075/0/active/running/ named=0/inactive/dead/ agent=5907/active/ jphase=absent killpid=
19:28:39.861493932 pdns=7075/0/active/running/ named=0/inactive/dead/ agent=5907/active/ jphase=absent killpid=
19:28:40.135574561 pdns=7075/0/active/running/ named=0/inactive/dead/ agent=5907/active/ jphase=absent killpid=
19:28:40.408349968 pdns=7075/0/active/running/ named=0/inactive/dead/ agent=5907/active/ jphase=absent killpid=
19:28:40.687673845 pdns=7075/0/active/running/ named=0/inactive/dead/ agent=5907/active/ jphase=absent killpid=
19:28:40.959568652 pdns=7075/0/active/running/ named=0/inactive/dead/ agent=5907/active/ jphase=absent killpid=
19:28:41.230999494 pdns=7075/0/active/running/ named=0/inactive/dead/ agent=5907/active/ jphase=absent killpid=
19:28:41.503257122 pdns=7075/0/active/running/ named=0/inactive/dead/ agent=5907/active/ jphase=absent killpid=
19:28:41.775697197 pdns=7075/0/active/running/ named=0/inactive/dead/ agent=5907/active/ jphase=absent killpid=
19:28:42.054293094 pdns=7075/0/active/running/ named=0/inactive/dead/ agent=5907/active/ jphase=absent killpid=
19:28:42.333514866 pdns=7075/0/active/running/ named=0/inactive/dead/ agent=5907/active/ jphase=absent killpid=
19:28:42.608484210 pdns=7075/0/active/running/ named=0/inactive/dead/ agent=5907/active/ jphase=absent killpid=
19:28:42.885607303 pdns=7075/0/active/running/ named=0/inactive/dead/ agent=5907/active/ jphase=absent killpid=
19:28:43.159602747 pdns=7075/0/active/running/ named=0/inactive/dead/ agent=5907/active/ jphase=absent killpid=
19:28:43.435410864 pdns=7075/0/active/running/ named=0/inactive/dead/ agent=5907/active/ jphase=absent killpid=
19:28:43.707475204 pdns=7075/0/active/running/ named=0/inactive/dead/ agent=5907/active/ jphase=absent killpid=
19:28:43.979614967 pdns=7075/0/active/running/ named=0/inactive/dead/ agent=5907/active/ jphase=absent killpid=
19:28:44.253141508 pdns=7075/0/active/running/ named=0/inactive/dead/ agent=5907/active/ jphase=absent killpid=
19:28:44.527084317 pdns=7075/0/active/running/ named=0/inactive/dead/ agent=5907/active/ jphase=absent killpid=
19:28:44.800453016 pdns=7075/0/active/running/ named=0/inactive/dead/ agent=5907/active/ jphase=absent killpid=
19:28:45.074199126 pdns=7075/0/active/running/ named=0/inactive/dead/ agent=5907/active/ jphase=absent killpid=
19:28:45.351586366 pdns=7075/0/active/running/ named=0/inactive/dead/ agent=5907/active/ jphase=absent killpid=
19:28:45.628889591 pdns=7075/0/active/running/ named=0/inactive/dead/ agent=5907/active/ jphase=absent killpid=
19:28:45.902679103 pdns=7075/0/active/running/ named=0/inactive/dead/ agent=5907/active/ jphase=absent killpid=
19:28:46.178757241 pdns=7075/0/active/running/ named=0/inactive/dead/ agent=5907/active/ jphase=absent killpid=
19:28:46.455307528 pdns=7075/0/active/running/ named=0/inactive/dead/ agent=5907/active/ jphase=absent killpid=
19:28:46.729787367 pdns=7075/0/active/running/ named=0/inactive/dead/ agent=5907/active/ jphase=absent killpid=
19:28:47.011862745 pdns=7075/0/active/running/ named=0/inactive/dead/ agent=5907/active/ jphase=absent killpid=
19:28:47.287265345 pdns=7075/0/active/running/ named=0/inactive/dead/ agent=5907/active/ jphase=absent killpid=
19:28:47.561903844 pdns=7075/0/active/running/ named=0/inactive/dead/ agent=5907/active/ jphase=absent killpid=
19:28:47.836728979 pdns=7075/0/active/running/ named=0/inactive/dead/ agent=5907/active/ jphase=absent killpid=
19:28:48.107671996 pdns=7075/0/active/running/ named=0/inactive/dead/ agent=5907/active/ jphase=absent killpid=
19:28:48.379448396 pdns=7075/0/active/running/ named=0/inactive/dead/ agent=5907/active/ jphase=absent killpid=
19:28:48.656770323 pdns=7075/0/active/running/ named=0/inactive/dead/ agent=5907/active/ jphase=absent killpid=
19:28:48.933724444 pdns=7075/0/active/running/ named=0/inactive/dead/ agent=5907/active/ jphase=absent killpid=
19:28:49.205190991 pdns=7075/0/active/running/ named=0/inactive/dead/ agent=5907/active/ jphase=absent killpid=
19:28:49.478169538 pdns=7075/0/active/running/ named=0/inactive/dead/ agent=5907/active/ jphase=absent killpid=
19:28:49.749945192 pdns=7075/0/active/running/ named=0/inactive/dead/ agent=5907/active/ jphase=absent killpid=
19:28:50.023658378 pdns=7075/0/active/running/ named=0/inactive/dead/ agent=5907/active/ jphase=absent killpid=
19:28:50.295319701 pdns=7075/0/active/running/ named=0/inactive/dead/ agent=5907/active/ jphase=absent killpid=
19:28:50.570744798 pdns=7075/0/active/running/ named=0/inactive/dead/ agent=5907/active/ jphase=absent killpid=
19:28:50.846537936 pdns=7075/0/active/running/ named=0/inactive/dead/ agent=5907/active/ jphase=absent killpid=
19:28:51.119146648 pdns=7075/0/active/running/ named=0/inactive/dead/ agent=5907/active/ jphase=absent killpid=
19:28:51.397561144 pdns=7075/0/active/running/ named=0/inactive/dead/ agent=5907/active/ jphase=absent killpid=
19:28:51.675533241 pdns=7075/0/active/running/ named=0/inactive/dead/ agent=5907/active/ jphase=absent killpid=
19:28:51.951398876 pdns=7075/0/active/running/ named=0/inactive/dead/ agent=5907/active/ jphase=absent killpid=
19:28:52.223728201 pdns=7075/0/active/running/ named=0/inactive/dead/ agent=5907/active/ jphase=absent killpid=
19:28:52.499294954 pdns=7075/0/active/running/ named=0/inactive/dead/ agent=5907/active/ jphase=absent killpid=
19:28:52.780805156 pdns=7075/0/active/running/ named=0/inactive/dead/ agent=5907/active/ jphase=absent killpid=
19:28:53.074662080 pdns=7075/0/active/running/ named=0/inactive/dead/ agent=5907/active/ jphase=absent killpid=
19:28:53.350862544 pdns=7075/0/active/running/ named=0/inactive/dead/ agent=5907/active/ jphase=absent killpid=
19:28:53.623529459 pdns=7075/0/active/running/ named=0/inactive/dead/ agent=5907/active/ jphase=absent killpid=
19:28:53.896091410 pdns=7075/0/active/running/ named=0/inactive/dead/ agent=5907/active/ jphase=absent killpid=
19:28:54.176200815 pdns=7075/0/active/running/ named=0/inactive/dead/ agent=5907/active/ jphase=absent killpid=
19:28:54.449966021 pdns=7075/0/active/running/ named=0/inactive/dead/ agent=5907/active/ jphase=absent killpid=
19:28:54.723331715 pdns=7075/0/active/running/ named=0/inactive/dead/ agent=5907/active/ jphase=absent killpid=
19:28:54.996585363 pdns=7075/0/active/running/ named=0/inactive/dead/ agent=5907/active/ jphase=absent killpid=
19:28:55.274435974 pdns=7075/0/active/running/ named=0/inactive/dead/ agent=5907/active/ jphase=absent killpid=
19:28:55.549139093 pdns=7075/0/active/running/ named=0/inactive/dead/ agent=5907/active/ jphase=absent killpid=
19:28:55.825173682 pdns=7075/0/active/running/ named=0/inactive/dead/ agent=5907/active/ jphase=absent killpid=
19:28:56.103989090 pdns=7075/0/active/running/ named=0/inactive/dead/ agent=5907/active/ jphase=absent killpid=
19:28:56.375091371 pdns=7075/0/active/running/ named=0/inactive/dead/ agent=5907/active/ jphase=absent killpid=
19:28:56.646725939 pdns=7075/0/active/running/ named=0/inactive/dead/ agent=5907/active/ jphase=absent killpid=
19:28:56.919573840 pdns=7075/0/active/running/ named=0/inactive/dead/ agent=5907/active/ jphase=absent killpid=
19:28:57.191811225 pdns=7075/0/active/running/ named=0/inactive/dead/ agent=5907/active/ jphase=absent killpid=
19:28:57.465555157 pdns=7075/0/active/running/ named=0/inactive/dead/ agent=5907/active/ jphase=absent killpid=
19:28:57.739372527 pdns=7075/0/active/running/ named=0/inactive/dead/ agent=5907/active/ jphase=absent killpid=
19:28:58.015855454 pdns=7075/0/active/running/ named=0/inactive/dead/ agent=5907/active/ jphase=absent killpid=
19:28:58.296848660 pdns=7075/0/active/running/ named=0/inactive/dead/ agent=5907/active/ jphase=absent killpid=
19:28:58.591213311 pdns=7075/0/active/running/ named=0/inactive/dead/ agent=5907/active/ jphase=absent killpid=
19:28:58.863427798 pdns=7075/0/active/running/ named=0/inactive/dead/ agent=5907/active/ jphase=absent killpid=
19:28:59.135075510 pdns=7075/0/active/running/ named=0/inactive/dead/ agent=5907/active/ jphase=absent killpid=
19:28:59.407356221 pdns=7075/0/active/running/ named=0/inactive/dead/ agent=5907/active/ jphase=absent killpid=
19:28:59.682459457 pdns=7075/0/active/running/ named=0/inactive/dead/ agent=5907/active/ jphase=absent killpid=
19:28:59.955160476 pdns=7075/0/active/running/ named=0/inactive/dead/ agent=5907/active/ jphase=absent killpid=
19:29:00.227212862 pdns=7075/0/active/running/ named=0/inactive/dead/ agent=5907/active/ jphase=absent killpid=
19:29:00.506033024 pdns=7075/0/active/running/ named=0/inactive/dead/ agent=5907/active/ jphase=absent killpid=
19:29:00.795507873 pdns=7075/0/active/running/ named=0/inactive/dead/ agent=5907/active/ jphase=absent killpid=
19:29:01.068623139 pdns=7075/0/active/running/ named=0/inactive/dead/ agent=5907/active/ jphase=absent killpid=
