15:38:37.502942978 CHANGE journal none -> absent
15:38:37.514205848 CHANGE ledger none -> 177f61d12ed0bb85e6ea535b807b376e26bbe0871405a13867c0b3cb6ea4b211
15:38:37.517913700 CHANGE state none -> absent
15:38:37.521434110 POINTER 
15:38:37.522836950 pdns=0/0/inactive/dead/ named=0/inactive/dead/ agent=0/inactive/ jphase=absent killpid=
15:38:37.797967684 pdns=0/0/inactive/dead/ named=0/inactive/dead/ agent=0/inactive/ jphase=absent killpid=
15:38:38.087303258 pdns=0/0/inactive/dead/ named=0/inactive/dead/ agent=0/inactive/ jphase=absent killpid=
15:38:38.376600699 pdns=0/0/inactive/dead/ named=0/inactive/dead/ agent=0/inactive/ jphase=absent killpid=
15:38:38.660844140 pdns=0/0/inactive/dead/ named=0/inactive/dead/ agent=0/inactive/ jphase=absent killpid=
15:38:38.959934412 pdns=0/0/inactive/dead/ named=0/inactive/dead/ agent=0/inactive/ jphase=absent killpid=
15:38:39.287813567 CHANGE ledger 177f61d12ed0bb85e6ea535b807b376e26bbe0871405a13867c0b3cb6ea4b211 -> d5dc6cf5577b7b47a02490717ecbdffdfd34d72d2c960f84a1e017a38170452d
15:38:39.295001632 pdns=0/0/inactive/dead/ named=0/inactive/dead/ agent=0/inactive/ jphase=absent killpid=1761,1815,
15:38:39.702410967 CHANGE ledger d5dc6cf5577b7b47a02490717ecbdffdfd34d72d2c960f84a1e017a38170452d -> 1d7934a7564587eedc120fa989aae2cf7c7fa7283a964d58cbed736a89af44bc
15:38:39.707283991 pdns=0/0/inactive/dead/ named=0/inactive/dead/ agent=0/inactive/ jphase=absent killpid=1761,
15:38:40.013008317 CHANGE ledger 1d7934a7564587eedc120fa989aae2cf7c7fa7283a964d58cbed736a89af44bc -> 7f8e557ad279be1dc9d66c4e5f59abe1d6deb4d7677eb2a206c659d18b090343
15:38:40.020391257 pdns=0/0/inactive/dead/ named=0/inactive/dead/ agent=0/inactive/ jphase=absent killpid=1761,
15:38:40.333039219 CHANGE ledger 7f8e557ad279be1dc9d66c4e5f59abe1d6deb4d7677eb2a206c659d18b090343 -> e4e59082617067b60588fff68fe82e51c01816453a82c0d8bfb6f27d56de4e87
15:38:40.336972874 pdns=0/0/inactive/dead/ named=0/inactive/dead/ agent=0/inactive/ jphase=absent killpid=1761,2033,
15:38:40.641683676 CHANGE ledger e4e59082617067b60588fff68fe82e51c01816453a82c0d8bfb6f27d56de4e87 -> 24241b9e652eb6b92011297e2e37f5c9b474ff46d572d50b3fee11bf0ec0feba
15:38:40.644761992 pdns=0/0/inactive/dead/ named=0/inactive/dead/ agent=0/inactive/ jphase=absent killpid=1761,
15:38:40.931915615 CHANGE ledger 24241b9e652eb6b92011297e2e37f5c9b474ff46d572d50b3fee11bf0ec0feba -> 2e18afb44fe0c44ea3e7ac5f7f890be147ea6633d935e96ab8c47bdad575ba0a
15:38:40.935149335 pdns=0/0/inactive/dead/ named=0/inactive/dead/ agent=0/inactive/ jphase=absent killpid=1761,2122,
15:38:41.203387872 pdns=0/0/inactive/dead/ named=0/inactive/dead/ agent=0/inactive/ jphase=absent killpid=1761,2122,
15:38:41.483187490 pdns=0/0/inactive/dead/ named=0/inactive/dead/ agent=0/inactive/ jphase=absent killpid=1761,2122,
15:38:41.759406057 pdns=0/0/inactive/dead/ named=0/inactive/dead/ agent=0/inactive/ jphase=absent killpid=1761,2122,
15:38:42.041209228 pdns=0/0/inactive/dead/ named=0/inactive/dead/ agent=0/inactive/ jphase=absent killpid=1761,2122,
15:38:42.354185309 pdns=0/0/inactive/dead/ named=0/inactive/dead/ agent=0/inactive/ jphase=absent killpid=1761,2122,
15:38:42.636882808 pdns=0/0/inactive/dead/ named=0/inactive/dead/ agent=0/inactive/ jphase=absent killpid=1761,2122,
15:38:42.927944188 pdns=0/0/inactive/dead/ named=0/inactive/dead/ agent=0/inactive/ jphase=absent killpid=1761,2122,
15:38:43.232253024 pdns=0/0/inactive/dead/ named=0/inactive/dead/ agent=0/inactive/ jphase=absent killpid=1761,2122,
15:38:43.565829241 pdns=0/0/inactive/dead/ named=0/inactive/dead/ agent=0/inactive/ jphase=absent killpid=1761,2122,
15:38:43.841250452 pdns=0/0/inactive/dead/ named=0/inactive/dead/ agent=0/inactive/ jphase=absent killpid=1761,2122,
15:38:44.156202297 pdns=0/0/inactive/dead/ named=0/inactive/dead/ agent=0/inactive/ jphase=absent killpid=1761,2122,
15:38:44.458492482 CHANGE ledger 2e18afb44fe0c44ea3e7ac5f7f890be147ea6633d935e96ab8c47bdad575ba0a -> 78270d8673ae759bb53cc923489e2797d5a72ad7bbb6b619c343ac92b3fa325f
15:38:44.461857848 pdns=0/0/inactive/dead/ named=0/inactive/dead/ agent=0/inactive/ jphase=absent killpid=1761,2122,
15:38:44.752094486 pdns=0/0/inactive/dead/ named=0/inactive/dead/ agent=0/inactive/ jphase=absent killpid=1761,2122,
15:38:45.111646069 pdns=0/0/inactive/dead/ named=0/inactive/dead/ agent=0/inactive/ jphase=absent killpid=1761,2122,
15:38:45.440924753 pdns=0/0/inactive/dead/ named=0/inactive/dead/ agent=0/inactive/ jphase=absent killpid=1761,2122,
15:38:45.728905316 pdns=0/0/inactive/dead/ named=0/inactive/dead/ agent=0/inactive/ jphase=absent killpid=1761,2122,
15:38:46.004435959 pdns=0/0/inactive/dead/ named=0/inactive/dead/ agent=0/inactive/ jphase=absent killpid=1761,2122,
15:38:46.370791387 pdns=0/0/inactive/dead/ named=0/inactive/dead/ agent=0/inactive/ jphase=absent killpid=1761,2122,
15:38:46.730583183 pdns=0/0/inactive/dead/ named=0/inactive/dead/ agent=0/inactive/ jphase=absent killpid=1761,2122,
15:38:47.029754737 pdns=0/0/inactive/dead/ named=0/inactive/dead/ agent=0/inactive/ jphase=absent killpid=1761,2122,
15:38:47.333500555 pdns=0/0/inactive/dead/ named=0/inactive/dead/ agent=0/inactive/ jphase=absent killpid=1761,2122,
15:38:47.664805104 CHANGE ledger 78270d8673ae759bb53cc923489e2797d5a72ad7bbb6b619c343ac92b3fa325f -> b5a7e3835255b1bcfaf7d11130c5f6b889c167561c775dc4cdd22b65e835d75e
15:38:47.672855616 pdns=0/0/inactive/dead/ named=0/inactive/dead/ agent=0/inactive/ jphase=absent killpid=1761,2683,
15:38:47.995346238 pdns=0/0/inactive/dead/ named=0/inactive/dead/ agent=0/inactive/ jphase=absent killpid=1761,2683,
15:38:48.291374834 pdns=0/0/inactive/dead/ named=0/inactive/dead/ agent=0/inactive/ jphase=absent killpid=1761,2683,
15:38:48.573145084 pdns=0/0/inactive/dead/ named=0/inactive/dead/ agent=0/inactive/ jphase=absent killpid=1761,2683,
15:38:48.905606435 pdns=0/0/inactive/dead/ named=0/inactive/dead/ agent=0/inactive/ jphase=absent killpid=1761,2683,
15:38:49.209107824 pdns=0/0/inactive/dead/ named=0/inactive/dead/ agent=0/inactive/ jphase=absent killpid=1761,2683,
15:38:49.517225995 CHANGE ledger b5a7e3835255b1bcfaf7d11130c5f6b889c167561c775dc4cdd22b65e835d75e -> e78f16119c46fc8f0536c594ed2fbffb12d2707dd5a1a68d7f2875fcba3857bf
15:38:49.522275761 pdns=0/0/inactive/dead/ named=0/inactive/dead/ agent=0/inactive/ jphase=absent killpid=1761,2683,
15:38:49.819706787 pdns=0/0/inactive/dead/ named=0/inactive/dead/ agent=0/inactive/ jphase=absent killpid=1761,2683,
15:38:50.108273570 pdns=0/0/inactive/dead/ named=0/inactive/dead/ agent=0/inactive/ jphase=absent killpid=1761,2683,
15:38:50.463264283 pdns=0/0/inactive/dead/ named=0/inactive/dead/ agent=0/inactive/ jphase=absent killpid=1761,2683,
15:38:50.749980042 pdns=0/0/inactive/dead/ named=0/inactive/dead/ agent=0/inactive/ jphase=absent killpid=1761,2683,
15:38:51.035855199 pdns=0/0/inactive/dead/ named=0/inactive/dead/ agent=0/inactive/ jphase=absent killpid=1761,2683,
15:38:51.342114726 pdns=0/0/inactive/dead/ named=0/inactive/dead/ agent=0/inactive/ jphase=absent killpid=1761,2683,
15:38:51.663136699 pdns=0/0/inactive/dead/ named=0/inactive/dead/ agent=0/inactive/ jphase=absent killpid=1761,2683,
15:38:51.973732247 pdns=0/0/inactive/dead/ named=0/inactive/dead/ agent=0/inactive/ jphase=absent killpid=1761,2683,
15:38:52.312314496 pdns=0/0/inactive/dead/ named=0/inactive/dead/ agent=0/inactive/ jphase=absent killpid=1761,2683,
15:38:52.585866672 pdns=0/0/inactive/dead/ named=0/inactive/dead/ agent=0/inactive/ jphase=absent killpid=1761,2683,
15:38:52.862297224 pdns=0/0/inactive/dead/ named=0/inactive/dead/ agent=0/inactive/ jphase=absent killpid=1761,2683,
15:38:53.141096773 pdns=0/0/inactive/dead/ named=0/inactive/dead/ agent=0/inactive/ jphase=absent killpid=1761,2683,
15:38:53.435141172 pdns=0/0/inactive/dead/ named=0/inactive/dead/ agent=0/inactive/ jphase=absent killpid=1761,2683,
15:38:53.717181580 pdns=0/0/inactive/dead/ named=0/inactive/dead/ agent=0/inactive/ jphase=absent killpid=1761,2683,
15:38:54.038697362 CHANGE ledger e78f16119c46fc8f0536c594ed2fbffb12d2707dd5a1a68d7f2875fcba3857bf -> 3b489db50df4ae06562e6f8aec6dff03a16155552546d8159306a9a942c4c044
15:38:54.042800759 pdns=0/0/inactive/dead/ named=0/inactive/dead/ agent=0/inactive/ jphase=absent killpid=1761,3632,
15:38:54.373141261 CHANGE ledger 3b489db50df4ae06562e6f8aec6dff03a16155552546d8159306a9a942c4c044 -> 1b2d61b5909b2aa811bb9ddf00b782621cd92933957ec78a6b48eef6e8347fed
15:38:54.378415919 pdns=0/0/inactive/dead/ named=0/inactive/dead/ agent=0/inactive/ jphase=absent killpid=1761,3758,
15:38:54.882870284 CHANGE ledger 1b2d61b5909b2aa811bb9ddf00b782621cd92933957ec78a6b48eef6e8347fed -> b75480c519f6c2b69893d0854dfc5e4df8422f559601c0a6943ad262ae57b58c
15:38:54.886789841 pdns=0/0/inactive/dead/ named=0/inactive/dead/ agent=0/inactive/ jphase=absent killpid=1761,
15:38:55.187093236 CHANGE ledger b75480c519f6c2b69893d0854dfc5e4df8422f559601c0a6943ad262ae57b58c -> d9f9482afbfd5b42fe2d8695f074fd942426512be27e37d4f7e4f3b213576504
15:38:55.191568213 pdns=0/0/inactive/dead/ named=0/inactive/dead/ agent=0/inactive/ jphase=absent killpid=1761,
15:38:55.542896328 CHANGE ledger d9f9482afbfd5b42fe2d8695f074fd942426512be27e37d4f7e4f3b213576504 -> aa57ea4fb5ca41709e1c0e9b27a66cb4f5ebeb2579edf5b40072587eab98b99c
15:38:55.547553311 POINTER /var/cache/bind/celikpanel mtime=2026-09-29 15:38:55.366537868 +0000 ino=131543 /var/cache/bind/celikpanel/current absent 
15:38:55.549280467 pdns=0/0/inactive/dead/ named=0/inactive/dead/ agent=0/inactive/ jphase=absent killpid=1761,
15:38:55.837047617 CHANGE journal absent -> 38181e1e28ca5515d44a2c1f2d41b4fd04760e9dd6e6d7414915d8d0a6ad4309
15:38:55.849784084 CHANGE ledger aa57ea4fb5ca41709e1c0e9b27a66cb4f5ebeb2579edf5b40072587eab98b99c -> 6ee3b125f7b0a683dbb59f528823376f21f9164ff53735cd73edf4b3c0ebf336
15:38:55.860438380 POINTER /var/cache/bind/celikpanel mtime=2026-09-29 15:38:55.794579156 +0000 ino=131543 /var/cache/bind/celikpanel/current mtime=2026-09-29 15:38:55.790578770 +0000 ino=131554 -> '/var/cache/bind/celikpanel/current' -> 'generations/74c26315936f7313d3130d7a80a331fa18a426779477e4b49f6569c15b8d0e77' 
15:38:55.862102573 pdns=0/0/inactive/dead/ named=0/inactive/dead/ agent=0/inactive/ jphase=intent killpid=1761,4120,
15:38:56.139021975 CHANGE journal 38181e1e28ca5515d44a2c1f2d41b4fd04760e9dd6e6d7414915d8d0a6ad4309 -> b568dd26c092df6a3f78a16b433b684e78c03dd091519d743a1cd423c15f192d
15:38:56.148388338 CHANGE ledger 6ee3b125f7b0a683dbb59f528823376f21f9164ff53735cd73edf4b3c0ebf336 -> d7683d9a61de98a42c01807273c6cbe3708d4149bf86ac38b0d6052b10ac9893
15:38:56.158597235 pdns=0/0/inactive/dead/ named=0/inactive/dead/ agent=0/inactive/ jphase=source-stopped killpid=1761,4216,
15:38:56.472480670 CHANGE ledger d7683d9a61de98a42c01807273c6cbe3708d4149bf86ac38b0d6052b10ac9893 -> e8415cdbcf8d28fa7966076ad815554e109bed91431285a911bcc3bb8c95e0dd
15:38:56.484399455 pdns=0/0/inactive/dead/ named=0/inactive/dead/ agent=0/inactive/ jphase=source-stopped killpid=1761,4328,
15:38:56.935579384 CHANGE ledger e8415cdbcf8d28fa7966076ad815554e109bed91431285a911bcc3bb8c95e0dd -> 85f22b12e75a054afe0251496a703c6fa8afe2ed1fc74505662e2a3a3c5e3cf5
15:38:56.941360057 pdns=0/0/inactive/dead/ named=0/inactive/dead/ agent=0/inactive/ jphase=source-stopped killpid=1761,
15:38:57.400385834 CHANGE ledger 85f22b12e75a054afe0251496a703c6fa8afe2ed1fc74505662e2a3a3c5e3cf5 -> 24ccf58686042f9809d976d7e96d441c8f62fa26a4a6a42d6a23ac89de42d04d
15:38:57.412408381 pdns=0/0/inactive/dead/ named=0/inactive/dead/ agent=0/inactive/ jphase=source-stopped killpid=1761,
15:38:57.717805502 CHANGE ledger 24ccf58686042f9809d976d7e96d441c8f62fa26a4a6a42d6a23ac89de42d04d -> 33a40dfee837673c9ca19a089c825c54f9b80eea3b6fff370390f4d3ad96342f
15:38:57.725879383 pdns=0/0/inactive/dead/ named=0/inactive/dead/ agent=0/inactive/ jphase=source-stopped killpid=1761,4600,
15:38:58.478740748 CHANGE ledger 33a40dfee837673c9ca19a089c825c54f9b80eea3b6fff370390f4d3ad96342f -> 34506ff9bcbbdf8eaa585340ffd424bb88c53b56e966468e3c7a90adf7344360
15:38:58.491540090 pdns=0/0/inactive/dead/ named=0/inactive/dead/ agent=0/inactive/ jphase=source-stopped killpid=1761,
15:38:58.935206181 CHANGE ledger 34506ff9bcbbdf8eaa585340ffd424bb88c53b56e966468e3c7a90adf7344360 -> 41ccd584a77a1c0d07d74eb9b5d805be696e2e3d960fe1c02e9cc66c8f02b8d7
15:38:58.944249296 pdns=0/0/inactive/dead/ named=0/inactive/dead/ agent=0/inactive/ jphase=source-stopped killpid=1761,
15:38:59.230958300 CHANGE ledger 41ccd584a77a1c0d07d74eb9b5d805be696e2e3d960fe1c02e9cc66c8f02b8d7 -> d78805b9e31c8201dcc488b7f22e0eb822901a1e8366578984bc727d3025eb01
15:38:59.240070062 pdns=0/0/inactive/dead/ named=4995/activating/start/ agent=0/inactive/ jphase=source-stopped killpid=1761,
15:38:59.565868625 CHANGE ledger d78805b9e31c8201dcc488b7f22e0eb822901a1e8366578984bc727d3025eb01 -> dfb6741aa38acabf5cd7ada34e8153a9fac72254456a4d3f4adaa77e34dd8dfc
15:38:59.573220091 pdns=0/0/inactive/dead/ named=4995/active/running/ agent=0/inactive/ jphase=source-stopped killpid=1761,
15:38:59.887676643 CHANGE ledger dfb6741aa38acabf5cd7ada34e8153a9fac72254456a4d3f4adaa77e34dd8dfc -> a44ea86c66bc8da07f56d9be7bce7d211d8ddf8ef401d9a2140e649b5991a907
15:38:59.905729610 pdns=0/0/inactive/dead/ named=4995/active/running/ agent=0/inactive/ jphase=source-stopped killpid=1761,5185,
15:39:00.353207550 CHANGE ledger a44ea86c66bc8da07f56d9be7bce7d211d8ddf8ef401d9a2140e649b5991a907 -> 87644c57f15d1ee7b7be8b6e92c3f4d3ceb902087abd34b2073ba92d128f07b1
15:39:00.374963643 pdns=0/0/inactive/dead/ named=4995/active/running/ agent=0/inactive/ jphase=source-stopped killpid=1761,5255,
15:39:00.761073385 CHANGE ledger 87644c57f15d1ee7b7be8b6e92c3f4d3ceb902087abd34b2073ba92d128f07b1 -> 04d03ce40e625bae790f2493f32557b1b4feea45d0076092a3d5cee240407833
15:39:00.775765136 pdns=0/0/inactive/dead/ named=4995/active/running/ agent=0/inactive/ jphase=source-stopped killpid=1761,
15:39:01.218017629 CHANGE ledger 04d03ce40e625bae790f2493f32557b1b4feea45d0076092a3d5cee240407833 -> 52cd557841b2b4d8f050e46cfb6bc29708bd2b8f449de6bcb3d4f6a8b1c6024a
15:39:01.264060866 pdns=0/0/inactive/dead/ named=4995/active/running/ agent=0/inactive/ jphase=source-stopped killpid=1761,5398,
15:39:01.691842264 CHANGE ledger 52cd557841b2b4d8f050e46cfb6bc29708bd2b8f449de6bcb3d4f6a8b1c6024a -> 2b205b5492a1bd96b9d6e2498ca0437049ae2fa651739c8689dc2476e0b612cc
15:39:01.713687449 pdns=0/0/inactive/dead/ named=4995/active/running/ agent=0/inactive/ jphase=source-stopped killpid=1761,5467,
15:39:02.075698506 CHANGE journal b568dd26c092df6a3f78a16b433b684e78c03dd091519d743a1cd423c15f192d -> c5e30a5622cee11e9a3e1a5a2f0cb495382f5212b63968aba546de79afb4ef99
15:39:02.085961396 CHANGE ledger 2b205b5492a1bd96b9d6e2498ca0437049ae2fa651739c8689dc2476e0b612cc -> 1059926431f2db0aa8e177fb5e53a3ac6d7af9a954456e96454084f772eb5e3c
15:39:02.096593884 pdns=0/0/inactive/dead/ named=4995/active/running/ agent=0/inactive/ jphase=target-started killpid=1761,5559,
15:39:02.388594644 CHANGE ledger 1059926431f2db0aa8e177fb5e53a3ac6d7af9a954456e96454084f772eb5e3c -> d6cbf8ca01d7c944bc8e5f14bfaffc315acc0676eabd187a4f03ca1f95ed8228
15:39:02.396245517 pdns=0/0/inactive/dead/ named=4995/active/running/ agent=0/inactive/ jphase=target-started killpid=1761,5663,
15:39:02.696682376 CHANGE ledger d6cbf8ca01d7c944bc8e5f14bfaffc315acc0676eabd187a4f03ca1f95ed8228 -> 0885b147eb7c73fa4e1608eaca422bd57278434d291e3e595649c77250fb322f
15:39:02.703746947 pdns=0/0/inactive/dead/ named=4995/active/running/ agent=0/inactive/ jphase=target-started killpid=1761,
15:39:02.994089952 CHANGE ledger 0885b147eb7c73fa4e1608eaca422bd57278434d291e3e595649c77250fb322f -> 571f37dd3ba79a15d1372e868b212059aadf9cd66b97da823a8ff4a1bd87e70b
15:39:03.004893462 pdns=0/0/inactive/dead/ named=4995/active/running/ agent=0/inactive/ jphase=target-started killpid=1761,5861,
15:39:03.299802909 CHANGE ledger 571f37dd3ba79a15d1372e868b212059aadf9cd66b97da823a8ff4a1bd87e70b -> 3bd2fffff12c377f54bdb49c0b258ee7f898e540b8efe640e7f2993a3bce8331
15:39:03.306808059 pdns=0/0/inactive/dead/ named=4995/active/running/ agent=0/inactive/ jphase=target-started killpid=1761,
15:39:03.583515542 CHANGE journal c5e30a5622cee11e9a3e1a5a2f0cb495382f5212b63968aba546de79afb4ef99 -> d30ac9413b50a872623aa209fd308d5f3e24d9ff48a0a941c6e828ad62e472b3
15:39:03.604312227 CHANGE state absent -> eae4ab1ed1a027dc98071dbebb3e75a21dc5da0a24f7739d039099c7905b0618
15:39:03.614121244 pdns=0/0/inactive/dead/ named=4995/active/running/ agent=5934/active/ jphase=target-verified killpid=
15:39:04.013987526 pdns=0/0/inactive/dead/ named=4995/active/running/ agent=5934/active/ jphase=target-verified killpid=
15:39:04.310775726 pdns=0/0/inactive/dead/ named=4995/active/running/ agent=5934/active/ jphase=target-verified killpid=
15:39:04.585821490 CHANGE journal d30ac9413b50a872623aa209fd308d5f3e24d9ff48a0a941c6e828ad62e472b3 -> 5224674101f143e4c1052aea5351672a0938eff4c17e4e5bda1196ceeca6846d
15:39:04.602234335 pdns=0/0/inactive/dead/ named=4995/active/running/ agent=5934/active/ jphase=committed killpid=
15:39:04.927092671 pdns=0/0/inactive/dead/ named=4995/active/running/ agent=5934/active/ jphase=committed killpid=
15:39:05.226763156 pdns=0/0/inactive/dead/ named=4995/active/running/ agent=5934/active/ jphase=committed killpid=
15:39:05.495191312 CHANGE journal 5224674101f143e4c1052aea5351672a0938eff4c17e4e5bda1196ceeca6846d -> absent
15:39:05.509789200 CHANGE ledger 3bd2fffff12c377f54bdb49c0b258ee7f898e540b8efe640e7f2993a3bce8331 -> d69774a4ee782d849a97fa900e44afed943b0562e180300ca84ee1b8999fe9d2
15:39:05.521401837 pdns=0/0/inactive/dead/ named=4995/active/running/ agent=5934/active/ jphase=absent killpid=
15:39:05.817584120 pdns=0/0/inactive/dead/ named=4995/active/running/ agent=5934/active/ jphase=absent killpid=
15:39:06.118616976 pdns=0/0/inactive/dead/ named=4995/active/running/ agent=5934/active/ jphase=absent killpid=
15:39:06.404629458 pdns=0/0/inactive/dead/ named=4995/active/running/ agent=5934/active/ jphase=absent killpid=
15:39:06.692402115 pdns=0/0/inactive/dead/ named=4995/active/running/ agent=5934/active/ jphase=absent killpid=
15:39:06.970438580 pdns=0/0/inactive/dead/ named=4995/active/running/ agent=5934/active/ jphase=absent killpid=
15:39:07.245396552 pdns=0/0/inactive/dead/ named=4995/active/running/ agent=5934/active/ jphase=absent killpid=
15:39:07.537289279 pdns=0/0/inactive/dead/ named=4995/active/running/ agent=5934/active/ jphase=absent killpid=
15:39:07.815657677 pdns=0/0/inactive/dead/ named=4995/active/running/ agent=5934/active/ jphase=absent killpid=
15:39:08.090798848 pdns=0/0/inactive/dead/ named=4995/active/running/ agent=5934/active/ jphase=absent killpid=
15:39:08.370241116 pdns=0/0/inactive/dead/ named=4995/active/running/ agent=5934/active/ jphase=absent killpid=
15:39:08.646545002 pdns=0/0/inactive/dead/ named=4995/active/running/ agent=5934/active/ jphase=absent killpid=
15:39:08.943747550 pdns=0/0/inactive/dead/ named=4995/active/running/ agent=5934/active/ jphase=absent killpid=
15:39:09.222334504 pdns=0/0/inactive/dead/ named=4995/active/running/ agent=5934/active/ jphase=absent killpid=
15:39:09.504986275 pdns=0/0/inactive/dead/ named=4995/active/running/ agent=5934/active/ jphase=absent killpid=
15:39:09.794737688 pdns=0/0/inactive/dead/ named=4995/active/running/ agent=5934/active/ jphase=absent killpid=
15:39:10.070500072 pdns=0/0/inactive/dead/ named=4995/active/running/ agent=5934/active/ jphase=absent killpid=
15:39:10.352052651 pdns=0/0/inactive/dead/ named=4995/active/running/ agent=5934/active/ jphase=absent killpid=
15:39:10.630094192 pdns=0/0/inactive/dead/ named=4995/active/running/ agent=5934/active/ jphase=absent killpid=
15:39:10.908098879 pdns=0/0/inactive/dead/ named=4995/active/running/ agent=5934/active/ jphase=absent killpid=
15:39:11.213806787 pdns=0/0/inactive/dead/ named=4995/active/running/ agent=5934/active/ jphase=absent killpid=
15:39:11.542792651 pdns=0/0/inactive/dead/ named=4995/active/running/ agent=5934/active/ jphase=absent killpid=
15:39:11.822348870 pdns=0/0/inactive/dead/ named=4995/active/running/ agent=5934/active/ jphase=absent killpid=
15:39:12.098230855 pdns=0/0/inactive/dead/ named=4995/active/running/ agent=5934/active/ jphase=absent killpid=
15:39:12.375152922 pdns=0/0/inactive/dead/ named=4995/active/running/ agent=5934/active/ jphase=absent killpid=
15:39:12.651514968 pdns=0/0/inactive/dead/ named=4995/active/running/ agent=5934/active/ jphase=absent killpid=
15:39:12.928049899 pdns=0/0/inactive/dead/ named=4995/active/running/ agent=5934/active/ jphase=absent killpid=
15:39:13.203578385 pdns=0/0/inactive/dead/ named=4995/active/running/ agent=5934/active/ jphase=absent killpid=
15:39:13.479575221 pdns=0/0/inactive/dead/ named=4995/active/running/ agent=5934/active/ jphase=absent killpid=
15:39:13.754529480 pdns=0/0/inactive/dead/ named=4995/active/running/ agent=5934/active/ jphase=absent killpid=
15:39:14.031898052 pdns=0/0/inactive/dead/ named=4995/active/running/ agent=5934/active/ jphase=absent killpid=
15:39:14.324057791 pdns=0/0/inactive/dead/ named=4995/active/running/ agent=5934/active/ jphase=absent killpid=
15:39:14.626826806 pdns=0/0/inactive/dead/ named=4995/active/running/ agent=5934/active/ jphase=absent killpid=
15:39:14.907412473 pdns=0/0/inactive/dead/ named=4995/active/running/ agent=5934/active/ jphase=absent killpid=
15:39:15.193134220 pdns=0/0/inactive/dead/ named=4995/active/running/ agent=5934/active/ jphase=absent killpid=
15:39:15.498579650 pdns=0/0/inactive/dead/ named=4995/active/running/ agent=5934/active/ jphase=absent killpid=
15:39:15.773376965 pdns=0/0/inactive/dead/ named=4995/active/running/ agent=5934/active/ jphase=absent killpid=
15:39:16.051218082 pdns=0/0/inactive/dead/ named=4995/active/running/ agent=5934/active/ jphase=absent killpid=
15:39:16.327760763 pdns=0/0/inactive/dead/ named=4995/active/running/ agent=5934/active/ jphase=absent killpid=
15:39:16.615723289 pdns=0/0/inactive/dead/ named=4995/active/running/ agent=5934/active/ jphase=absent killpid=
15:39:16.896621851 pdns=0/0/inactive/dead/ named=4995/active/running/ agent=5934/active/ jphase=absent killpid=
15:39:17.180715122 pdns=0/0/inactive/dead/ named=4995/active/running/ agent=5934/active/ jphase=absent killpid=
15:39:17.458152087 pdns=0/0/inactive/dead/ named=4995/active/running/ agent=5934/active/ jphase=absent killpid=
15:39:17.749708479 pdns=0/0/inactive/dead/ named=4995/active/running/ agent=5934/active/ jphase=absent killpid=
15:39:18.024094103 pdns=0/0/inactive/dead/ named=4995/active/running/ agent=5934/active/ jphase=absent killpid=
15:39:18.304285304 pdns=0/0/inactive/dead/ named=4995/active/running/ agent=5934/active/ jphase=absent killpid=
15:39:18.582476866 pdns=0/0/inactive/dead/ named=4995/active/running/ agent=5934/active/ jphase=absent killpid=
15:39:18.869598775 pdns=0/0/inactive/dead/ named=4995/active/running/ agent=5934/active/ jphase=absent killpid=
15:39:19.151788309 pdns=0/0/inactive/dead/ named=4995/active/running/ agent=5934/active/ jphase=absent killpid=
15:39:19.433610568 pdns=0/0/inactive/dead/ named=4995/active/running/ agent=5934/active/ jphase=absent killpid=
15:39:19.755725010 pdns=0/0/inactive/dead/ named=4995/active/running/ agent=5934/active/ jphase=absent killpid=
15:39:20.190046126 pdns=0/0/inactive/dead/ named=4995/active/running/ agent=5934/active/ jphase=absent killpid=
15:39:20.601229703 pdns=0/0/inactive/dead/ named=4995/active/running/ agent=5934/active/ jphase=absent killpid=
15:39:21.000612176 pdns=0/0/inactive/dead/ named=4995/active/running/ agent=5934/active/ jphase=absent killpid=
15:39:21.432421547 pdns=0/0/inactive/dead/ named=4995/active/running/ agent=5934/active/ jphase=absent killpid=
15:39:21.879358429 pdns=0/0/inactive/dead/ named=4995/active/running/ agent=5934/active/ jphase=absent killpid=
15:39:22.255737551 pdns=0/0/inactive/dead/ named=4995/active/running/ agent=5934/active/ jphase=absent killpid=
15:39:22.542322140 pdns=0/0/inactive/dead/ named=4995/active/running/ agent=5934/active/ jphase=absent killpid=
15:39:22.833487015 pdns=0/0/inactive/dead/ named=4995/active/running/ agent=5934/active/ jphase=absent killpid=
15:39:23.120262385 pdns=0/0/inactive/dead/ named=4995/active/running/ agent=5934/active/ jphase=absent killpid=
15:39:23.404315557 pdns=0/0/inactive/dead/ named=4995/active/running/ agent=5934/active/ jphase=absent killpid=
15:39:23.690225283 pdns=0/0/inactive/dead/ named=4995/active/running/ agent=5934/active/ jphase=absent killpid=
15:39:23.976872272 pdns=0/0/inactive/dead/ named=4995/active/running/ agent=5934/active/ jphase=absent killpid=
15:39:24.292773049 pdns=0/0/inactive/dead/ named=4995/active/running/ agent=5934/active/ jphase=absent killpid=
15:39:24.580697270 pdns=0/0/inactive/dead/ named=4995/active/running/ agent=5934/active/ jphase=absent killpid=
15:39:24.864084201 pdns=0/0/inactive/dead/ named=4995/active/running/ agent=5934/active/ jphase=absent killpid=
15:39:25.155779260 pdns=0/0/inactive/dead/ named=4995/active/running/ agent=5934/active/ jphase=absent killpid=
15:39:25.459367883 pdns=0/0/inactive/dead/ named=4995/active/running/ agent=5934/active/ jphase=absent killpid=
15:39:25.747740818 pdns=0/0/inactive/dead/ named=4995/active/running/ agent=5934/active/ jphase=absent killpid=
15:39:26.041609383 pdns=0/0/inactive/dead/ named=4995/active/running/ agent=5934/active/ jphase=absent killpid=
15:39:26.327292655 pdns=0/0/inactive/dead/ named=4995/active/running/ agent=5934/active/ jphase=absent killpid=
15:39:26.611615153 pdns=0/0/inactive/dead/ named=4995/active/running/ agent=5934/active/ jphase=absent killpid=
15:39:26.888236502 pdns=0/0/inactive/dead/ named=4995/active/running/ agent=5934/active/ jphase=absent killpid=
15:39:27.162946147 pdns=0/0/inactive/dead/ named=4995/active/running/ agent=5934/active/ jphase=absent killpid=
15:39:27.437020291 pdns=0/0/inactive/dead/ named=4995/active/running/ agent=5934/active/ jphase=absent killpid=
15:39:27.716143139 pdns=0/0/inactive/dead/ named=4995/active/running/ agent=5934/active/ jphase=absent killpid=
15:39:27.988706009 pdns=0/0/inactive/dead/ named=4995/active/running/ agent=5934/active/ jphase=absent killpid=
15:39:28.262408493 pdns=0/0/inactive/dead/ named=4995/active/running/ agent=5934/active/ jphase=absent killpid=
15:39:28.544430070 pdns=0/0/inactive/dead/ named=4995/active/running/ agent=5934/active/ jphase=absent killpid=
15:39:28.825545504 pdns=0/0/inactive/dead/ named=4995/active/running/ agent=5934/active/ jphase=absent killpid=
15:39:29.118004639 pdns=0/0/inactive/dead/ named=4995/active/running/ agent=5934/active/ jphase=absent killpid=
15:39:29.395159287 pdns=0/0/inactive/dead/ named=4995/active/running/ agent=5934/active/ jphase=absent killpid=
15:39:29.675399964 pdns=0/0/inactive/dead/ named=4995/active/running/ agent=5934/active/ jphase=absent killpid=
15:39:29.948182106 pdns=0/0/inactive/dead/ named=4995/active/running/ agent=5934/active/ jphase=absent killpid=
15:39:30.222017938 pdns=0/0/inactive/dead/ named=4995/active/running/ agent=5934/active/ jphase=absent killpid=
15:39:30.496402499 pdns=0/0/inactive/dead/ named=4995/active/running/ agent=5934/active/ jphase=absent killpid=
15:39:30.769312311 pdns=0/0/inactive/dead/ named=4995/active/running/ agent=5934/active/ jphase=absent killpid=
15:39:31.044349332 pdns=0/0/inactive/dead/ named=4995/active/running/ agent=5934/active/ jphase=absent killpid=
15:39:31.321719345 pdns=0/0/inactive/dead/ named=4995/active/running/ agent=5934/active/ jphase=absent killpid=
15:39:31.601746701 pdns=0/0/inactive/dead/ named=4995/active/running/ agent=5934/active/ jphase=absent killpid=
15:39:31.877670514 pdns=0/0/inactive/dead/ named=4995/active/running/ agent=5934/active/ jphase=absent killpid=
15:39:32.151202840 pdns=0/0/inactive/dead/ named=4995/active/running/ agent=5934/active/ jphase=absent killpid=
15:39:32.426368038 pdns=0/0/inactive/dead/ named=4995/active/running/ agent=5934/active/ jphase=absent killpid=
15:39:32.703188493 pdns=0/0/inactive/dead/ named=4995/active/running/ agent=5934/active/ jphase=absent killpid=
15:39:32.979619545 pdns=0/0/inactive/dead/ named=4995/active/running/ agent=5934/active/ jphase=absent killpid=
15:39:33.258362109 pdns=0/0/inactive/dead/ named=4995/active/running/ agent=5934/active/ jphase=absent killpid=
15:39:33.534846745 pdns=0/0/inactive/dead/ named=4995/active/running/ agent=5934/active/ jphase=absent killpid=
15:39:33.811523215 pdns=0/0/inactive/dead/ named=4995/active/running/ agent=5934/active/ jphase=absent killpid=
15:39:34.098900822 pdns=0/0/inactive/dead/ named=4995/active/running/ agent=5934/active/ jphase=absent killpid=
15:39:34.374296904 pdns=0/0/inactive/dead/ named=4995/active/running/ agent=5934/active/ jphase=absent killpid=
15:39:34.646883791 pdns=0/0/inactive/dead/ named=4995/active/running/ agent=5934/active/ jphase=absent killpid=
15:39:34.922612636 pdns=0/0/inactive/dead/ named=4995/active/running/ agent=5934/active/ jphase=absent killpid=
15:39:35.197879383 pdns=0/0/inactive/dead/ named=4995/active/running/ agent=5934/active/ jphase=absent killpid=
15:39:35.472196133 pdns=0/0/inactive/dead/ named=4995/active/running/ agent=5934/active/ jphase=absent killpid=
15:39:35.749372067 pdns=0/0/inactive/dead/ named=4995/active/running/ agent=5934/active/ jphase=absent killpid=
15:39:36.023352890 pdns=0/0/inactive/dead/ named=4995/active/running/ agent=5934/active/ jphase=absent killpid=
15:39:36.299313179 pdns=0/0/inactive/dead/ named=4995/active/running/ agent=5934/active/ jphase=absent killpid=
15:39:36.586597769 pdns=0/0/inactive/dead/ named=4995/active/running/ agent=5934/deactivating/ jphase=absent killpid=
15:39:36.927344353 pdns=0/0/inactive/dead/ named=4995/active/running/ agent=0/inactive/ jphase=absent killpid=
15:39:37.208356018 pdns=0/0/inactive/dead/ named=4995/active/running/ agent=0/inactive/ jphase=absent killpid=
15:39:37.489341773 pdns=0/0/inactive/dead/ named=4995/active/running/ agent=0/inactive/ jphase=absent killpid=
15:39:37.765767275 pdns=0/0/inactive/dead/ named=4995/active/running/ agent=0/inactive/ jphase=absent killpid=
15:39:38.045354511 pdns=0/0/inactive/dead/ named=4995/active/running/ agent=0/inactive/ jphase=absent killpid=
15:39:38.323567184 pdns=0/0/inactive/dead/ named=4995/active/running/ agent=0/inactive/ jphase=absent killpid=
15:39:38.601832459 pdns=0/0/inactive/dead/ named=4995/active/running/ agent=0/inactive/ jphase=absent killpid=
15:39:38.898025901 pdns=0/0/inactive/dead/ named=4995/active/running/ agent=0/inactive/ jphase=absent killpid=
15:39:39.238830529 pdns=0/0/inactive/dead/ named=4995/active/running/ agent=0/inactive/ jphase=absent killpid=
