19:39:08.462894481 CHANGE journal none -> absent
19:39:08.471795883 CHANGE ledger none -> 5d3e6ae9892639c320bf8d44e9b268962de9180093e0ecf28638684821ca35e8
19:39:08.479563762 CHANGE state none -> 55ca70d0069f7d5187f9c7dbb89f5c1d0363907fd43d14b6af593613c966d7f8
19:39:08.489765608 CHANGE pdnsdb none -> 1adb231ac7a965f5a36e2b08658f83207411d403b721889b546b9fcd5471250b
19:39:08.492674289 POINTER 
19:39:08.493956539 pdns=654/0/active/running/ named=0/inactive/dead/ agent=636/active/ jphase=absent killpid=
19:39:08.840607585 pdns=654/0/active/running/ named=0/inactive/dead/ agent=636/active/ jphase=absent killpid=
19:39:09.116954800 pdns=654/0/active/running/ named=0/inactive/dead/ agent=636/active/ jphase=absent killpid=
19:39:09.390208266 pdns=654/0/active/running/ named=0/inactive/dead/ agent=636/active/ jphase=absent killpid=
19:39:09.682442154 pdns=654/0/active/running/ named=0/inactive/dead/ agent=636/active/ jphase=absent killpid=
19:39:09.954096221 pdns=654/0/active/running/ named=0/inactive/dead/ agent=636/active/ jphase=absent killpid=
19:39:10.297821673 pdns=654/0/active/running/ named=0/inactive/dead/ agent=636/active/ jphase=absent killpid=
19:39:10.692803025 pdns=654/0/active/running/ named=0/inactive/dead/ agent=636/active/ jphase=absent killpid=
19:39:11.122979748 pdns=654/0/active/running/ named=0/inactive/dead/ agent=636/active/ jphase=absent killpid=
19:39:11.602393015 pdns=654/0/active/running/ named=0/inactive/dead/ agent=636/active/ jphase=absent killpid=
19:39:12.047370348 pdns=654/0/active/running/ named=0/inactive/dead/ agent=636/active/ jphase=absent killpid=
19:39:12.511966124 pdns=654/0/active/running/ named=0/inactive/dead/ agent=636/active/ jphase=absent killpid=
19:39:12.794339636 pdns=654/0/active/running/ named=0/inactive/dead/ agent=636/active/ jphase=absent killpid=
19:39:13.097989377 pdns=654/0/active/running/ named=0/inactive/dead/ agent=636/active/ jphase=absent killpid=
19:39:13.386807425 pdns=654/0/active/running/ named=0/inactive/dead/ agent=636/active/ jphase=absent killpid=
19:39:13.679207341 pdns=654/0/active/running/ named=0/inactive/dead/ agent=636/active/ jphase=absent killpid=
19:39:13.957871694 pdns=654/0/active/running/ named=0/inactive/dead/ agent=636/active/ jphase=absent killpid=
19:39:14.239178974 pdns=654/0/active/running/ named=0/inactive/dead/ agent=636/active/ jphase=absent killpid=
19:39:14.522227039 pdns=654/0/active/running/ named=0/inactive/dead/ agent=636/active/ jphase=absent killpid=
19:39:14.796312056 pdns=654/0/active/running/ named=0/inactive/dead/ agent=636/active/ jphase=absent killpid=
19:39:15.092700744 pdns=654/0/active/running/ named=0/inactive/dead/ agent=636/active/ jphase=absent killpid=
19:39:15.401900617 pdns=654/0/active/running/ named=0/inactive/dead/ agent=636/active/ jphase=absent killpid=
19:39:15.681758485 pdns=654/0/active/running/ named=0/inactive/dead/ agent=636/active/ jphase=absent killpid=
19:39:15.961495486 pdns=654/0/active/running/ named=0/inactive/dead/ agent=636/active/ jphase=absent killpid=
19:39:16.242436962 pdns=654/0/active/running/ named=0/inactive/dead/ agent=636/active/ jphase=absent killpid=
19:39:16.525926249 pdns=654/0/active/running/ named=0/inactive/dead/ agent=636/active/ jphase=absent killpid=
19:39:16.801350316 pdns=654/0/active/running/ named=0/inactive/dead/ agent=636/active/ jphase=absent killpid=
19:39:17.091599319 pdns=654/0/active/running/ named=0/inactive/dead/ agent=636/active/ jphase=absent killpid=
19:39:17.390749551 pdns=654/0/active/running/ named=0/inactive/dead/ agent=636/active/ jphase=absent killpid=
19:39:17.668841455 pdns=654/0/active/running/ named=0/inactive/dead/ agent=636/active/ jphase=absent killpid=
19:39:17.944919868 pdns=654/0/active/running/ named=0/inactive/dead/ agent=636/active/ jphase=absent killpid=
19:39:18.221741829 pdns=654/0/active/running/ named=0/inactive/dead/ agent=636/active/ jphase=absent killpid=
19:39:18.495845872 pdns=654/0/active/running/ named=0/inactive/dead/ agent=636/active/ jphase=absent killpid=
19:39:18.773906355 pdns=654/0/active/running/ named=0/inactive/dead/ agent=636/active/ jphase=absent killpid=
19:39:19.045924069 pdns=654/0/active/running/ named=0/inactive/dead/ agent=636/active/ jphase=absent killpid=
19:39:19.325840358 pdns=654/0/active/running/ named=0/inactive/dead/ agent=636/active/ jphase=absent killpid=
19:39:19.596487481 pdns=654/0/active/running/ named=0/inactive/dead/ agent=636/active/ jphase=absent killpid=
19:39:19.865821464 pdns=654/0/active/running/ named=0/inactive/dead/ agent=636/active/ jphase=absent killpid=
19:39:20.139848157 pdns=654/0/active/running/ named=0/inactive/dead/ agent=636/active/ jphase=absent killpid=
19:39:20.414084372 pdns=654/0/active/running/ named=0/inactive/dead/ agent=636/active/ jphase=absent killpid=
19:39:20.684159190 pdns=654/0/active/running/ named=0/inactive/dead/ agent=636/active/ jphase=absent killpid=
19:39:20.954135745 pdns=654/0/active/running/ named=0/inactive/dead/ agent=636/active/ jphase=absent killpid=
19:39:21.225829456 pdns=654/0/active/running/ named=0/inactive/dead/ agent=636/active/ jphase=absent killpid=
19:39:21.497264423 pdns=654/0/active/running/ named=0/inactive/dead/ agent=636/active/ jphase=absent killpid=
19:39:21.766191327 pdns=654/0/active/running/ named=0/inactive/dead/ agent=636/active/ jphase=absent killpid=
19:39:22.043935905 pdns=654/0/active/running/ named=0/inactive/dead/ agent=636/active/ jphase=absent killpid=
19:39:22.320357819 pdns=654/0/active/running/ named=0/inactive/dead/ agent=636/active/ jphase=absent killpid=
19:39:22.589702462 pdns=654/0/active/running/ named=0/inactive/dead/ agent=636/active/ jphase=absent killpid=
19:39:22.859663613 pdns=654/0/active/running/ named=0/inactive/dead/ agent=636/active/ jphase=absent killpid=
19:39:23.133788977 pdns=654/0/active/running/ named=0/inactive/dead/ agent=636/active/ jphase=absent killpid=
19:39:23.413958496 pdns=654/0/active/running/ named=0/inactive/dead/ agent=636/active/ jphase=absent killpid=
19:39:23.683210224 pdns=654/0/active/running/ named=0/inactive/dead/ agent=636/active/ jphase=absent killpid=
19:39:23.955207219 pdns=654/0/active/running/ named=0/inactive/dead/ agent=636/active/ jphase=absent killpid=
19:39:24.227464691 pdns=654/0/active/running/ named=0/inactive/dead/ agent=636/active/ jphase=absent killpid=
19:39:24.498031140 pdns=654/0/active/running/ named=0/inactive/dead/ agent=636/active/ jphase=absent killpid=
19:39:24.765976684 pdns=654/0/active/running/ named=0/inactive/dead/ agent=636/active/ jphase=absent killpid=
19:39:25.046029324 pdns=654/0/active/running/ named=0/inactive/dead/ agent=636/active/ jphase=absent killpid=
19:39:25.320750519 pdns=654/0/active/running/ named=0/inactive/dead/ agent=636/active/ jphase=absent killpid=
19:39:25.595143439 pdns=654/0/active/running/ named=0/inactive/dead/ agent=636/active/ jphase=absent killpid=
19:39:25.875806612 pdns=654/0/active/running/ named=0/inactive/dead/ agent=636/active/ jphase=absent killpid=
19:39:26.156837235 pdns=654/0/active/running/ named=0/inactive/dead/ agent=636/active/ jphase=absent killpid=
19:39:26.440122778 pdns=654/0/active/running/ named=0/inactive/dead/ agent=636/active/ jphase=absent killpid=
19:39:26.719604593 pdns=654/0/active/running/ named=0/inactive/dead/ agent=636/active/ jphase=absent killpid=
19:39:26.990087993 pdns=654/0/active/running/ named=0/inactive/dead/ agent=636/active/ jphase=absent killpid=
19:39:27.261975996 pdns=654/0/active/running/ named=0/inactive/dead/ agent=636/active/ jphase=absent killpid=
19:39:27.541482037 pdns=654/0/active/running/ named=0/inactive/dead/ agent=636/active/ jphase=absent killpid=
19:39:27.826154548 pdns=654/0/active/running/ named=0/inactive/dead/ agent=636/active/ jphase=absent killpid=
19:39:28.106142458 pdns=654/0/active/running/ named=0/inactive/dead/ agent=636/active/ jphase=absent killpid=
19:39:28.388206090 pdns=654/0/active/running/ named=0/inactive/dead/ agent=636/active/ jphase=absent killpid=
19:39:28.661270165 pdns=654/0/active/running/ named=0/inactive/dead/ agent=636/active/ jphase=absent killpid=
19:39:28.937228604 pdns=654/0/active/running/ named=0/inactive/dead/ agent=636/active/ jphase=absent killpid=
19:39:29.216445798 pdns=654/0/active/running/ named=0/inactive/dead/ agent=636/active/ jphase=absent killpid=
19:39:29.501047048 pdns=654/0/active/running/ named=0/inactive/dead/ agent=636/active/ jphase=absent killpid=
19:39:29.773805010 pdns=654/0/active/running/ named=0/inactive/dead/ agent=636/active/ jphase=absent killpid=
19:39:30.049148374 pdns=654/0/active/running/ named=0/inactive/dead/ agent=636/active/ jphase=absent killpid=
19:39:30.325220236 pdns=654/0/active/running/ named=0/inactive/dead/ agent=636/active/ jphase=absent killpid=
19:39:30.597777767 pdns=654/0/active/running/ named=0/inactive/dead/ agent=636/active/ jphase=absent killpid=
19:39:30.869497897 pdns=654/0/active/running/ named=0/inactive/dead/ agent=636/active/ jphase=absent killpid=
19:39:31.157828778 pdns=654/0/active/running/ named=0/inactive/dead/ agent=636/active/ jphase=absent killpid=
19:39:31.433610399 pdns=654/0/active/running/ named=0/inactive/dead/ agent=636/active/ jphase=absent killpid=
19:39:31.730698292 pdns=654/0/active/running/ named=0/inactive/dead/ agent=636/active/ jphase=absent killpid=
19:39:32.009111043 pdns=654/0/active/running/ named=0/inactive/dead/ agent=636/active/ jphase=absent killpid=
19:39:32.302028224 pdns=654/0/active/running/ named=0/inactive/dead/ agent=636/active/ jphase=absent killpid=
19:39:32.582342805 pdns=654/0/active/running/ named=0/inactive/dead/ agent=636/active/ jphase=absent killpid=
19:39:32.856279547 pdns=654/0/active/running/ named=0/inactive/dead/ agent=636/active/ jphase=absent killpid=
19:39:33.136435240 pdns=654/0/active/running/ named=0/inactive/dead/ agent=636/active/ jphase=absent killpid=
19:39:33.414205266 pdns=654/0/active/running/ named=0/inactive/dead/ agent=636/active/ jphase=absent killpid=
19:39:33.688506428 pdns=654/0/active/running/ named=0/inactive/dead/ agent=636/active/ jphase=absent killpid=
19:39:33.961981167 pdns=654/0/active/running/ named=0/inactive/dead/ agent=636/active/ jphase=absent killpid=
19:39:34.246047490 pdns=654/0/active/running/ named=0/inactive/dead/ agent=636/active/ jphase=absent killpid=
19:39:34.518816364 pdns=654/0/active/running/ named=0/inactive/dead/ agent=636/active/ jphase=absent killpid=
19:39:34.796037197 pdns=654/0/active/running/ named=0/inactive/dead/ agent=636/active/ jphase=absent killpid=
19:39:35.083225118 pdns=654/0/active/running/ named=0/inactive/dead/ agent=636/active/ jphase=absent killpid=
19:39:35.381471802 pdns=654/0/active/running/ named=0/inactive/dead/ agent=636/active/ jphase=absent killpid=
19:39:35.668295533 pdns=654/0/active/running/ named=0/inactive/dead/ agent=636/active/ jphase=absent killpid=
19:39:35.940785127 pdns=654/0/active/running/ named=0/inactive/dead/ agent=636/active/ jphase=absent killpid=
19:39:36.214222508 pdns=654/0/active/running/ named=0/inactive/dead/ agent=636/active/ jphase=absent killpid=
19:39:36.486098346 pdns=654/0/active/running/ named=0/inactive/dead/ agent=636/active/ jphase=absent killpid=
19:39:36.762633430 pdns=654/0/active/running/ named=0/inactive/dead/ agent=636/active/ jphase=absent killpid=
19:39:37.043956812 pdns=654/0/active/running/ named=0/inactive/dead/ agent=636/active/ jphase=absent killpid=
19:39:37.320972903 pdns=654/0/active/running/ named=0/inactive/dead/ agent=636/active/ jphase=absent killpid=
19:39:37.598177225 pdns=654/0/active/running/ named=0/inactive/dead/ agent=636/active/ jphase=absent killpid=
19:39:37.870089563 pdns=654/0/active/running/ named=0/inactive/dead/ agent=636/active/ jphase=absent killpid=
19:39:38.153834671 pdns=654/0/active/running/ named=0/inactive/dead/ agent=636/active/ jphase=absent killpid=
19:39:38.432652765 pdns=654/0/active/running/ named=0/inactive/dead/ agent=636/active/ jphase=absent killpid=
19:39:38.713864936 pdns=654/0/active/running/ named=0/inactive/dead/ agent=636/active/ jphase=absent killpid=
19:39:38.993188971 pdns=654/0/active/running/ named=0/inactive/dead/ agent=636/active/ jphase=absent killpid=
19:39:39.290863689 pdns=654/0/active/running/ named=0/inactive/dead/ agent=636/active/ jphase=absent killpid=
19:39:39.567760676 pdns=654/0/active/running/ named=0/inactive/dead/ agent=636/active/ jphase=absent killpid=
19:39:39.859517042 pdns=654/0/active/running/ named=0/inactive/dead/ agent=636/active/ jphase=absent killpid=
19:39:40.148613815 pdns=654/0/active/running/ named=0/inactive/dead/ agent=636/active/ jphase=absent killpid=
19:39:40.424971640 pdns=654/0/active/running/ named=0/inactive/dead/ agent=636/active/ jphase=absent killpid=
19:39:40.701778059 pdns=654/0/active/running/ named=0/inactive/dead/ agent=636/active/ jphase=absent killpid=
19:39:40.977991484 pdns=654/0/active/running/ named=0/inactive/dead/ agent=636/active/ jphase=absent killpid=
19:39:41.256115215 pdns=654/0/active/running/ named=0/inactive/dead/ agent=636/active/ jphase=absent killpid=
19:39:41.532778791 pdns=654/0/active/running/ named=0/inactive/dead/ agent=636/active/ jphase=absent killpid=
19:39:41.808182370 pdns=654/0/active/running/ named=0/inactive/dead/ agent=636/active/ jphase=absent killpid=
19:39:42.078202150 pdns=654/0/active/running/ named=0/inactive/dead/ agent=636/active/ jphase=absent killpid=
19:39:42.361685656 pdns=654/0/active/running/ named=0/inactive/dead/ agent=636/active/ jphase=absent killpid=
19:39:42.635361010 pdns=654/0/active/running/ named=0/inactive/dead/ agent=636/active/ jphase=absent killpid=
19:39:42.905935760 pdns=654/0/active/running/ named=0/inactive/dead/ agent=636/active/ jphase=absent killpid=
19:39:43.177699680 pdns=654/0/active/running/ named=0/inactive/dead/ agent=636/active/ jphase=absent killpid=
done
