00:45:13.951385142 CHANGE journal none -> absent
00:45:13.962728021 CHANGE ledger none -> 177f61d12ed0bb85e6ea535b807b376e26bbe0871405a13867c0b3cb6ea4b211
00:45:13.966292208 CHANGE state none -> absent
00:45:13.970261822 CHANGE pdnsdb none -> absent
00:45:13.974242780 POINTER 
00:45:13.975983527 pdns=0/0/inactive/dead/ named=0/inactive/dead/ agent=0/inactive/ jphase=absent killpid=
00:45:14.256371173 pdns=0/0/inactive/dead/ named=0/inactive/dead/ agent=0/inactive/ jphase=absent killpid=
00:45:14.529938970 pdns=0/0/inactive/dead/ named=0/inactive/dead/ agent=0/inactive/ jphase=absent killpid=
00:45:14.801717677 pdns=0/0/inactive/dead/ named=0/inactive/dead/ agent=0/inactive/ jphase=absent killpid=
00:45:15.074793476 pdns=0/0/inactive/dead/ named=0/inactive/dead/ agent=0/inactive/ jphase=absent killpid=
00:45:15.360891421 pdns=0/0/inactive/dead/ named=0/inactive/dead/ agent=0/inactive/ jphase=absent killpid=
00:45:15.641927060 pdns=0/0/inactive/dead/ named=0/inactive/dead/ agent=0/inactive/ jphase=absent killpid=
00:45:15.935766802 pdns=0/0/inactive/dead/ named=0/inactive/dead/ agent=0/inactive/ jphase=absent killpid=1929,
00:45:16.242182823 pdns=0/0/inactive/dead/ named=0/inactive/dead/ agent=0/inactive/ jphase=absent killpid=1929,
00:45:16.513802066 pdns=0/0/inactive/dead/ named=0/inactive/dead/ agent=0/inactive/ jphase=absent killpid=1929,
00:45:16.791582315 pdns=0/0/inactive/dead/ named=0/inactive/dead/ agent=0/inactive/ jphase=absent killpid=1929,2051,
00:45:17.078836312 CHANGE ledger 177f61d12ed0bb85e6ea535b807b376e26bbe0871405a13867c0b3cb6ea4b211 -> cb5400ea8368e929d10bf9793dbc2a7602ac312766e3f6c98902633884506c6d
00:45:17.083429523 pdns=0/0/inactive/dead/ named=0/inactive/dead/ agent=0/inactive/ jphase=absent killpid=1929,2121,
00:45:17.390054051 CHANGE ledger cb5400ea8368e929d10bf9793dbc2a7602ac312766e3f6c98902633884506c6d -> b878f8a6fcd015743cff3f6d291c92fed96d5e00ebcba274975661edb62b1887
00:45:17.393529909 pdns=0/0/inactive/dead/ named=0/inactive/dead/ agent=0/inactive/ jphase=absent killpid=1929,2121,
00:45:17.666813991 pdns=0/0/inactive/dead/ named=0/inactive/dead/ agent=0/inactive/ jphase=absent killpid=1929,2121,
00:45:17.945132880 pdns=0/0/inactive/dead/ named=0/inactive/dead/ agent=0/inactive/ jphase=absent killpid=1929,2121,
00:45:18.220855086 pdns=0/0/inactive/dead/ named=0/inactive/dead/ agent=0/inactive/ jphase=absent killpid=1929,2121,
00:45:18.502835816 pdns=0/0/inactive/dead/ named=0/inactive/dead/ agent=0/inactive/ jphase=absent killpid=1929,2121,
00:45:18.784971235 pdns=0/0/inactive/dead/ named=0/inactive/dead/ agent=0/inactive/ jphase=absent killpid=1929,2121,
00:45:19.084475284 pdns=0/0/inactive/dead/ named=0/inactive/dead/ agent=0/inactive/ jphase=absent killpid=1929,2121,
00:45:19.387768477 pdns=0/0/inactive/dead/ named=0/inactive/dead/ agent=0/inactive/ jphase=absent killpid=1929,2121,
00:45:19.690605835 pdns=0/0/inactive/dead/ named=0/inactive/dead/ agent=0/inactive/ jphase=absent killpid=1929,2121,
00:45:19.985817863 pdns=0/0/inactive/dead/ named=0/inactive/dead/ agent=0/inactive/ jphase=absent killpid=1929,2121,
00:45:20.335796399 pdns=0/0/inactive/dead/ named=0/inactive/dead/ agent=0/inactive/ jphase=absent killpid=1929,2121,
00:45:20.612873975 pdns=0/0/inactive/dead/ named=0/inactive/dead/ agent=0/inactive/ jphase=absent killpid=1929,2121,
00:45:20.892814950 pdns=0/0/inactive/dead/ named=0/inactive/dead/ agent=0/inactive/ jphase=absent killpid=1929,2121,
00:45:21.179652642 pdns=0/0/inactive/dead/ named=0/inactive/dead/ agent=0/inactive/ jphase=absent killpid=1929,2121,
00:45:21.462906335 CHANGE ledger b878f8a6fcd015743cff3f6d291c92fed96d5e00ebcba274975661edb62b1887 -> 1fe053d92152b3c0cd321ed8b41898defe225aa1863d1100550836eaeec078bf
00:45:21.466984829 pdns=0/0/inactive/dead/ named=0/inactive/dead/ agent=0/inactive/ jphase=absent killpid=1929,
00:45:21.754669317 CHANGE ledger 1fe053d92152b3c0cd321ed8b41898defe225aa1863d1100550836eaeec078bf -> 25f55314c812255fcf68b6958913f500b8600130f43adf7712fd30dd7a6d58f7
00:45:21.758302189 pdns=0/0/inactive/dead/ named=0/inactive/dead/ agent=0/inactive/ jphase=absent killpid=1929,
00:45:22.104108798 CHANGE ledger 25f55314c812255fcf68b6958913f500b8600130f43adf7712fd30dd7a6d58f7 -> 10b721352702e8d205a762f96eedbd9078b04cd008a9a01e475bcf5a5b5de481
00:45:22.108029659 pdns=0/0/inactive/dead/ named=0/inactive/dead/ agent=0/inactive/ jphase=absent killpid=1929,2704,
00:45:22.403897296 pdns=0/0/inactive/dead/ named=0/inactive/dead/ agent=0/inactive/ jphase=absent killpid=1929,2704,
00:45:22.686286802 pdns=0/0/inactive/dead/ named=0/inactive/dead/ agent=0/inactive/ jphase=absent killpid=1929,2704,
00:45:22.965395536 pdns=0/0/inactive/dead/ named=0/inactive/dead/ agent=0/inactive/ jphase=absent killpid=1929,2704,
00:45:23.247091233 pdns=0/0/inactive/dead/ named=0/inactive/dead/ agent=0/inactive/ jphase=absent killpid=1929,2704,
00:45:23.541453337 pdns=0/0/inactive/dead/ named=0/inactive/dead/ agent=0/inactive/ jphase=absent killpid=1929,2704,
00:45:23.832907234 pdns=0/0/inactive/dead/ named=0/inactive/dead/ agent=0/inactive/ jphase=absent killpid=1929,2704,
00:45:24.121610136 pdns=0/0/inactive/dead/ named=0/inactive/dead/ agent=0/inactive/ jphase=absent killpid=1929,2704,
00:45:24.418259459 pdns=0/0/inactive/dead/ named=0/inactive/dead/ agent=0/inactive/ jphase=absent killpid=1929,2704,
00:45:24.702578911 pdns=0/0/inactive/dead/ named=0/inactive/dead/ agent=0/inactive/ jphase=absent killpid=1929,2704,
00:45:24.987798447 pdns=0/0/inactive/dead/ named=0/inactive/dead/ agent=0/inactive/ jphase=absent killpid=1929,2704,
00:45:25.287563227 pdns=0/0/inactive/dead/ named=0/inactive/dead/ agent=0/inactive/ jphase=absent killpid=1929,2704,
00:45:25.567767386 pdns=0/0/inactive/dead/ named=0/inactive/dead/ agent=0/inactive/ jphase=absent killpid=1929,2704,
00:45:25.853391786 pdns=0/0/inactive/dead/ named=0/inactive/dead/ agent=0/inactive/ jphase=absent killpid=1929,3193,
00:45:26.160046904 CHANGE ledger 10b721352702e8d205a762f96eedbd9078b04cd008a9a01e475bcf5a5b5de481 -> b855c5337de2952e892c2b021b7827c98007726b180fc1bca47adb5f9ce60d17
00:45:26.163974135 pdns=0/0/inactive/dead/ named=0/inactive/dead/ agent=0/inactive/ jphase=absent killpid=1929,3317,
00:45:26.670042888 CHANGE ledger b855c5337de2952e892c2b021b7827c98007726b180fc1bca47adb5f9ce60d17 -> bfbdd737cd2a618d73f76bd5434384c84a8aefc96b15d439f676233daf0bb462
00:45:26.674291641 pdns=0/0/inactive/dead/ named=0/inactive/dead/ agent=0/inactive/ jphase=absent killpid=1929,
00:45:26.969841926 CHANGE journal absent -> 4c280993fa4db5387fb93aac8bf7c087083751094950429a2eb7757a2dd286ea
00:45:26.984530222 CHANGE ledger bfbdd737cd2a618d73f76bd5434384c84a8aefc96b15d439f676233daf0bb462 -> bb5cba5822a8f08f81fd1546d6423aa35f26bb0bf44d73e5b91acbf892aa5ced
00:45:26.990275002 pdns=0/0/inactive/dead/ named=0/inactive/dead/ agent=0/inactive/ jphase=intent killpid=1929,
00:45:27.272144456 CHANGE journal 4c280993fa4db5387fb93aac8bf7c087083751094950429a2eb7757a2dd286ea -> 5f67440868d8f6183c394679a258842e8dea6dc028466b93c2047e259e316da1
00:45:27.282909534 CHANGE ledger bb5cba5822a8f08f81fd1546d6423aa35f26bb0bf44d73e5b91acbf892aa5ced -> 06886b1d9d11a5c8c5f964fead142b9541eb9c9dacbedc5763da7ccca5724ddc
00:45:27.296932370 CHANGE pdnsdb absent -> b839d8635e5c7e37093fe785884cf681484ebf9e0f19b8cb1a4c9bbfd00374d1
00:45:27.301278914 pdns=0/0/inactive/dead/ named=0/inactive/dead/ agent=0/inactive/ jphase=target-enable-intent killpid=1929,3560,
00:45:27.598759819 CHANGE ledger 06886b1d9d11a5c8c5f964fead142b9541eb9c9dacbedc5763da7ccca5724ddc -> 08f4bab28a7bfbcf721e89fe317d0b77e599e453bca55826a2e0c0704dbb8e08
00:45:27.617973062 pdns=0/0/inactive/dead/ named=0/inactive/dead/ agent=0/inactive/ jphase=target-enable-intent killpid=1929,
00:45:28.238027434 CHANGE ledger 08f4bab28a7bfbcf721e89fe317d0b77e599e453bca55826a2e0c0704dbb8e08 -> 9fa66b4ec44724691bbb618cd3b7b09b6bfee9483c18b427b3f112ad8cc95e3e
00:45:28.247682416 pdns=0/0/inactive/dead/ named=0/inactive/dead/ agent=0/inactive/ jphase=target-enable-intent killpid=1929,3816,
00:45:28.555150795 CHANGE ledger 9fa66b4ec44724691bbb618cd3b7b09b6bfee9483c18b427b3f112ad8cc95e3e -> 328cc05d97ab03ce692389e180a617c54dc8c5573dc57063205e925155a9522d
00:45:28.572780385 pdns=0/0/inactive/dead/ named=0/inactive/dead/ agent=0/inactive/ jphase=target-enable-intent killpid=1929,3937,
00:45:29.051874091 CHANGE ledger 328cc05d97ab03ce692389e180a617c54dc8c5573dc57063205e925155a9522d -> 356af617929696509b15058ef922a52eca3bc60cfa59b60cb51c1c3ccb598cb3
00:45:29.061221352 pdns=0/0/inactive/dead/ named=0/inactive/dead/ agent=0/inactive/ jphase=target-enable-intent killpid=1929,4034,
00:45:29.358734794 CHANGE ledger 356af617929696509b15058ef922a52eca3bc60cfa59b60cb51c1c3ccb598cb3 -> a83cbb0d29dcd363414047aa5a8554edd12d2386ac46259bc4e36ed39ab1e33b
00:45:29.368356588 pdns=4095/0/activating/start/ named=0/inactive/dead/ agent=0/inactive/ jphase=target-enable-intent killpid=1929,
00:45:29.673297343 CHANGE journal 5f67440868d8f6183c394679a258842e8dea6dc028466b93c2047e259e316da1 -> de6c64f2e1ede909673040ebbaa944e6027a11bb8e8b0c7b6711323cb89291b3
00:45:29.687991602 CHANGE ledger a83cbb0d29dcd363414047aa5a8554edd12d2386ac46259bc4e36ed39ab1e33b -> 6354f8652e2bdf8150739811bb28c1e913279a64f9166dfb4dc770e1d892107c
00:45:29.704693252 CHANGE pdnsdb b839d8635e5c7e37093fe785884cf681484ebf9e0f19b8cb1a4c9bbfd00374d1 -> c3bdd32d24032f8ae912519b714b0ec810153c74827c3bafecde424dafefbda2
00:45:29.709441046 pdns=4095/0/active/running/ named=0/inactive/dead/ agent=4164/active/ jphase=target-started killpid=
00:45:30.090893983 pdns=4095/0/active/running/ named=0/inactive/dead/ agent=4164/active/ jphase=target-started killpid=
00:45:30.384171150 pdns=4095/0/active/running/ named=0/inactive/dead/ agent=4164/active/ jphase=target-started killpid=
00:45:30.678064800 pdns=4095/0/active/running/ named=0/inactive/dead/ agent=4164/active/ jphase=target-started killpid=
00:45:30.959019858 CHANGE journal de6c64f2e1ede909673040ebbaa944e6027a11bb8e8b0c7b6711323cb89291b3 -> 973e93c30f033845b1e469472ad7e1ac8a5a713d69ef8fd3cc58e4757054a441
00:45:30.972732787 pdns=4095/0/active/running/ named=0/inactive/dead/ agent=4164/active/ jphase=target-started killpid=
00:45:31.262734695 pdns=4095/0/active/running/ named=0/inactive/dead/ agent=4164/active/ jphase=target-started killpid=
00:45:31.578302163 pdns=4095/0/active/running/ named=0/inactive/dead/ agent=4164/active/ jphase=target-started killpid=
00:45:31.882378265 pdns=4095/0/active/running/ named=0/inactive/dead/ agent=4164/active/ jphase=target-started killpid=
00:45:32.171262558 pdns=4095/0/active/running/ named=0/inactive/dead/ agent=4164/active/ jphase=target-started killpid=
00:45:32.457005283 pdns=4095/0/active/running/ named=0/inactive/dead/ agent=4164/active/ jphase=target-started killpid=
00:45:32.758795166 pdns=4095/0/active/running/ named=0/inactive/dead/ agent=4164/active/ jphase=target-started killpid=
00:45:33.062874294 pdns=4095/0/active/running/ named=0/inactive/dead/ agent=4164/active/ jphase=target-started killpid=
00:45:33.356544714 pdns=4095/0/active/running/ named=0/inactive/dead/ agent=4164/active/ jphase=target-started killpid=
00:45:33.657435676 CHANGE state absent -> 71c04f08f5a2cd585f72dc42fed72600eb08865eace410deee44d3806348e1a6
00:45:33.666677276 pdns=4095/0/active/running/ named=0/inactive/dead/ agent=4164/active/ jphase=target-started killpid=
00:45:33.963726876 pdns=4095/0/active/running/ named=0/inactive/dead/ agent=4164/active/ jphase=target-started killpid=
00:45:34.265962092 pdns=4095/0/active/running/ named=0/inactive/dead/ agent=4164/active/ jphase=target-started killpid=
00:45:34.569097554 pdns=4095/0/active/running/ named=0/inactive/dead/ agent=4164/active/ jphase=target-started killpid=
00:45:34.865550798 pdns=4095/0/active/running/ named=0/inactive/dead/ agent=4164/active/ jphase=target-started killpid=
00:45:35.155785016 pdns=4095/0/active/running/ named=0/inactive/dead/ agent=4164/active/ jphase=target-started killpid=
00:45:35.454478302 pdns=4095/0/active/running/ named=0/inactive/dead/ agent=4164/active/ jphase=target-started killpid=
00:45:35.752018215 pdns=4095/0/active/running/ named=0/inactive/dead/ agent=4164/active/ jphase=target-started killpid=
00:45:36.037736833 CHANGE journal 973e93c30f033845b1e469472ad7e1ac8a5a713d69ef8fd3cc58e4757054a441 -> 09e8773d033d7a3fe9c40d19fd0b8b48daef48c78ea3a572c2f7a59ed55fda26
00:45:36.055321751 pdns=4095/0/active/running/ named=0/inactive/dead/ agent=4164/active/ jphase=target-verified killpid=
00:45:36.352429670 pdns=4095/0/active/running/ named=0/inactive/dead/ agent=4164/active/ jphase=target-verified killpid=
00:45:36.659087325 pdns=4095/0/active/running/ named=0/inactive/dead/ agent=4164/active/ jphase=target-verified killpid=
00:45:36.954193724 pdns=4095/0/active/running/ named=0/inactive/dead/ agent=4164/active/ jphase=target-verified killpid=
00:45:37.255692384 pdns=4095/0/active/running/ named=0/inactive/dead/ agent=4164/active/ jphase=target-verified killpid=
00:45:37.556462277 pdns=4095/0/active/running/ named=0/inactive/dead/ agent=4164/active/ jphase=target-verified killpid=
00:45:37.852933314 pdns=4095/0/active/running/ named=0/inactive/dead/ agent=4164/active/ jphase=target-verified killpid=
00:45:38.140857730 pdns=4095/0/active/running/ named=0/inactive/dead/ agent=4164/active/ jphase=target-verified killpid=
00:45:38.438228358 pdns=4095/0/active/running/ named=0/inactive/dead/ agent=4164/active/ jphase=target-verified killpid=
00:45:38.724511104 CHANGE journal 09e8773d033d7a3fe9c40d19fd0b8b48daef48c78ea3a572c2f7a59ed55fda26 -> 76ba0a589952fe6514abe18249a4b6cb353675497ff2da9fc0d38291ca429faf
00:45:38.744865597 pdns=4095/0/active/running/ named=0/inactive/dead/ agent=4164/active/ jphase=committed killpid=
00:45:39.048459266 pdns=4095/0/active/running/ named=0/inactive/dead/ agent=4164/active/ jphase=committed killpid=
00:45:39.352947483 pdns=4095/0/active/running/ named=0/inactive/dead/ agent=4164/active/ jphase=committed killpid=
00:45:39.649799973 pdns=4095/0/active/running/ named=0/inactive/dead/ agent=4164/active/ jphase=committed killpid=
00:45:39.949954952 pdns=4095/0/active/running/ named=0/inactive/dead/ agent=4164/active/ jphase=committed killpid=
00:45:40.293102562 pdns=4095/0/active/running/ named=0/inactive/dead/ agent=4164/active/ jphase=committed killpid=
00:45:40.593293623 pdns=4095/0/active/running/ named=0/inactive/dead/ agent=4164/active/ jphase=committed killpid=
00:45:40.895205164 pdns=4095/0/active/running/ named=0/inactive/dead/ agent=4164/active/ jphase=committed killpid=
00:45:41.193697797 pdns=4095/0/active/running/ named=0/inactive/dead/ agent=4164/active/ jphase=committed killpid=
00:45:41.481950762 pdns=4095/0/active/running/ named=0/inactive/dead/ agent=4164/active/ jphase=committed killpid=
00:45:41.775957598 pdns=4095/0/active/running/ named=0/inactive/dead/ agent=4164/active/ jphase=committed killpid=
00:45:42.061277405 CHANGE journal 76ba0a589952fe6514abe18249a4b6cb353675497ff2da9fc0d38291ca429faf -> absent
00:45:42.087596285 pdns=4095/0/active/running/ named=0/inactive/dead/ agent=4164/active/ jphase=absent killpid=
00:45:42.394317484 pdns=4095/0/active/running/ named=0/inactive/dead/ agent=4164/active/ jphase=absent killpid=
00:45:42.686409432 CHANGE ledger 6354f8652e2bdf8150739811bb28c1e913279a64f9166dfb4dc770e1d892107c -> b8af63ca9d7bbc5a4ddab532879980b61bfbeb1ebda10d156df709268aa90285
00:45:42.696753025 pdns=4095/0/active/running/ named=0/inactive/dead/ agent=4164/active/ jphase=absent killpid=
00:45:42.981997337 pdns=4095/0/active/running/ named=0/inactive/dead/ agent=4164/active/ jphase=absent killpid=
00:45:43.272034587 pdns=4095/0/active/running/ named=0/inactive/dead/ agent=4164/active/ jphase=absent killpid=
00:45:43.570376105 pdns=4095/0/active/running/ named=0/inactive/dead/ agent=4164/active/ jphase=absent killpid=
00:45:43.856426783 pdns=4095/0/active/running/ named=0/inactive/dead/ agent=4164/active/ jphase=absent killpid=
00:45:44.136953837 pdns=4095/0/active/running/ named=0/inactive/dead/ agent=4164/active/ jphase=absent killpid=
00:45:44.419939545 pdns=4095/0/active/running/ named=0/inactive/dead/ agent=4164/active/ jphase=absent killpid=
00:45:44.702899615 pdns=4095/0/active/running/ named=0/inactive/dead/ agent=4164/active/ jphase=absent killpid=
00:45:44.982218091 pdns=4095/0/active/running/ named=0/inactive/dead/ agent=4164/active/ jphase=absent killpid=
00:45:45.263314114 pdns=4095/0/active/running/ named=0/inactive/dead/ agent=4164/active/ jphase=absent killpid=
00:45:45.544684584 pdns=4095/0/active/running/ named=0/inactive/dead/ agent=4164/active/ jphase=absent killpid=
00:45:45.828790210 pdns=4095/0/active/running/ named=0/inactive/dead/ agent=4164/active/ jphase=absent killpid=
00:45:46.111733839 pdns=4095/0/active/running/ named=0/inactive/dead/ agent=4164/active/ jphase=absent killpid=
00:45:46.392765061 pdns=4095/0/active/running/ named=0/inactive/dead/ agent=4164/active/ jphase=absent killpid=
00:45:46.671692011 pdns=4095/0/active/running/ named=0/inactive/dead/ agent=4164/active/ jphase=absent killpid=
00:45:46.953290816 pdns=4095/0/active/running/ named=0/inactive/dead/ agent=4164/active/ jphase=absent killpid=
00:45:47.238369368 pdns=4095/0/active/running/ named=0/inactive/dead/ agent=4164/active/ jphase=absent killpid=
00:45:47.520303588 pdns=4095/0/active/running/ named=0/inactive/dead/ agent=4164/active/ jphase=absent killpid=
00:45:47.799591954 pdns=4095/0/active/running/ named=0/inactive/dead/ agent=4164/active/ jphase=absent killpid=
00:45:48.078076823 pdns=4095/0/active/running/ named=0/inactive/dead/ agent=4164/active/ jphase=absent killpid=
00:45:48.359316625 pdns=4095/0/active/running/ named=0/inactive/dead/ agent=4164/active/ jphase=absent killpid=
00:45:48.640905450 pdns=4095/0/active/running/ named=0/inactive/dead/ agent=4164/active/ jphase=absent killpid=
00:45:48.920297639 pdns=4095/0/active/running/ named=0/inactive/dead/ agent=4164/active/ jphase=absent killpid=
00:45:49.203391621 pdns=4095/0/active/running/ named=0/inactive/dead/ agent=4164/active/ jphase=absent killpid=
00:45:49.484232554 pdns=4095/0/active/running/ named=0/inactive/dead/ agent=4164/active/ jphase=absent killpid=
00:45:49.764378739 pdns=4095/0/active/running/ named=0/inactive/dead/ agent=4164/active/ jphase=absent killpid=
00:45:50.044201142 pdns=4095/0/active/running/ named=0/inactive/dead/ agent=4164/active/ jphase=absent killpid=
00:45:50.325405921 pdns=4095/0/active/running/ named=0/inactive/dead/ agent=4164/active/ jphase=absent killpid=
00:45:50.608331272 pdns=4095/0/active/running/ named=0/inactive/dead/ agent=4164/active/ jphase=absent killpid=
00:45:50.889945763 pdns=4095/0/active/running/ named=0/inactive/dead/ agent=4164/active/ jphase=absent killpid=
00:45:51.168515623 pdns=4095/0/active/running/ named=0/inactive/dead/ agent=4164/active/ jphase=absent killpid=
00:45:51.450875615 pdns=4095/0/active/running/ named=0/inactive/dead/ agent=4164/active/ jphase=absent killpid=
00:45:51.752342505 pdns=4095/0/active/running/ named=0/inactive/dead/ agent=4164/active/ jphase=absent killpid=
00:45:52.036785349 pdns=4095/0/active/running/ named=0/inactive/dead/ agent=4164/active/ jphase=absent killpid=
00:45:52.320834727 pdns=4095/0/active/running/ named=0/inactive/dead/ agent=4164/active/ jphase=absent killpid=
00:45:52.600416355 pdns=4095/0/active/running/ named=0/inactive/dead/ agent=4164/active/ jphase=absent killpid=
00:45:52.882095966 pdns=4095/0/active/running/ named=0/inactive/dead/ agent=4164/active/ jphase=absent killpid=
00:45:53.160812689 pdns=4095/0/active/running/ named=0/inactive/dead/ agent=4164/active/ jphase=absent killpid=
00:45:53.438969460 pdns=4095/0/active/running/ named=0/inactive/dead/ agent=4164/active/ jphase=absent killpid=
00:45:53.716928356 pdns=4095/0/active/running/ named=0/inactive/dead/ agent=4164/active/ jphase=absent killpid=
00:45:53.999072564 pdns=4095/0/active/running/ named=0/inactive/dead/ agent=4164/active/ jphase=absent killpid=
00:45:54.303425795 pdns=4095/0/active/running/ named=0/inactive/dead/ agent=4164/active/ jphase=absent killpid=
00:45:54.586002777 pdns=4095/0/active/running/ named=0/inactive/dead/ agent=4164/active/ jphase=absent killpid=
00:45:54.867211183 pdns=4095/0/active/running/ named=0/inactive/dead/ agent=4164/active/ jphase=absent killpid=
00:45:55.144299444 pdns=4095/0/active/running/ named=0/inactive/dead/ agent=4164/active/ jphase=absent killpid=
00:45:55.421697369 pdns=4095/0/active/running/ named=0/inactive/dead/ agent=4164/active/ jphase=absent killpid=
00:45:55.700054136 pdns=4095/0/active/running/ named=0/inactive/dead/ agent=4164/active/ jphase=absent killpid=
00:45:55.976676355 pdns=4095/0/active/running/ named=0/inactive/dead/ agent=4164/active/ jphase=absent killpid=
00:45:56.255304193 pdns=4095/0/active/running/ named=0/inactive/dead/ agent=4164/active/ jphase=absent killpid=
00:45:56.534681906 pdns=4095/0/active/running/ named=0/inactive/dead/ agent=4164/active/ jphase=absent killpid=
00:45:56.815158139 pdns=4095/0/active/running/ named=0/inactive/dead/ agent=4164/active/ jphase=absent killpid=
00:45:57.110905948 pdns=4095/0/active/running/ named=0/inactive/dead/ agent=4164/active/ jphase=absent killpid=
00:45:57.391810809 pdns=4095/0/active/running/ named=0/inactive/dead/ agent=4164/active/ jphase=absent killpid=
00:45:57.674834413 pdns=4095/0/active/running/ named=0/inactive/dead/ agent=4164/active/ jphase=absent killpid=
00:45:57.954518634 pdns=4095/0/active/running/ named=0/inactive/dead/ agent=4164/active/ jphase=absent killpid=
00:45:58.232899363 pdns=4095/0/active/running/ named=0/inactive/dead/ agent=4164/active/ jphase=absent killpid=
00:45:58.510475735 pdns=4095/0/active/running/ named=0/inactive/dead/ agent=4164/active/ jphase=absent killpid=
00:45:58.800092693 pdns=4095/0/active/running/ named=0/inactive/dead/ agent=4164/active/ jphase=absent killpid=
00:45:59.081120866 pdns=4095/0/active/running/ named=0/inactive/dead/ agent=4164/active/ jphase=absent killpid=
00:45:59.358977659 pdns=4095/0/active/running/ named=0/inactive/dead/ agent=4164/active/ jphase=absent killpid=
00:45:59.639176918 pdns=4095/0/active/running/ named=0/inactive/dead/ agent=4164/active/ jphase=absent killpid=
00:45:59.918786262 pdns=4095/0/active/running/ named=0/inactive/dead/ agent=4164/active/ jphase=absent killpid=
00:46:00.200609037 pdns=4095/0/active/running/ named=0/inactive/dead/ agent=4164/active/ jphase=absent killpid=
00:46:00.480488955 pdns=4095/0/active/running/ named=0/inactive/dead/ agent=4164/active/ jphase=absent killpid=
00:46:00.758166731 pdns=4095/0/active/running/ named=0/inactive/dead/ agent=4164/active/ jphase=absent killpid=
00:46:01.041318164 pdns=4095/0/active/running/ named=0/inactive/dead/ agent=4164/active/ jphase=absent killpid=
00:46:01.324147775 pdns=4095/0/active/running/ named=0/inactive/dead/ agent=4164/active/ jphase=absent killpid=
00:46:01.605168603 pdns=4095/0/active/running/ named=0/inactive/dead/ agent=4164/active/ jphase=absent killpid=
00:46:01.886926086 pdns=4095/0/active/running/ named=0/inactive/dead/ agent=4164/active/ jphase=absent killpid=
00:46:02.176367270 pdns=4095/0/active/running/ named=0/inactive/dead/ agent=4164/active/ jphase=absent killpid=
00:46:02.464704411 pdns=4095/0/active/running/ named=0/inactive/dead/ agent=4164/active/ jphase=absent killpid=
00:46:02.750600424 pdns=4095/0/active/running/ named=0/inactive/dead/ agent=4164/active/ jphase=absent killpid=
00:46:03.028387038 pdns=4095/0/active/running/ named=0/inactive/dead/ agent=4164/active/ jphase=absent killpid=
00:46:03.308851676 pdns=4095/0/active/running/ named=0/inactive/dead/ agent=4164/active/ jphase=absent killpid=
00:46:03.589843407 pdns=4095/0/active/running/ named=0/inactive/dead/ agent=4164/active/ jphase=absent killpid=
00:46:03.868785813 pdns=4095/0/active/running/ named=0/inactive/dead/ agent=4164/active/ jphase=absent killpid=
00:46:04.148595066 pdns=4095/0/active/running/ named=0/inactive/dead/ agent=4164/active/ jphase=absent killpid=
00:46:04.430123805 pdns=4095/0/active/running/ named=0/inactive/dead/ agent=4164/active/ jphase=absent killpid=
00:46:04.712254435 pdns=4095/0/active/running/ named=0/inactive/dead/ agent=4164/active/ jphase=absent killpid=
00:46:04.994035060 pdns=4095/0/active/running/ named=0/inactive/dead/ agent=4164/active/ jphase=absent killpid=
00:46:05.274225533 pdns=4095/0/active/running/ named=0/inactive/dead/ agent=4164/active/ jphase=absent killpid=
00:46:05.556489228 pdns=4095/0/active/running/ named=0/inactive/dead/ agent=4164/active/ jphase=absent killpid=
00:46:05.836191307 pdns=4095/0/active/running/ named=0/inactive/dead/ agent=4164/active/ jphase=absent killpid=
00:46:06.115240895 pdns=4095/0/active/running/ named=0/inactive/dead/ agent=4164/active/ jphase=absent killpid=
00:46:06.396927724 pdns=4095/0/active/running/ named=0/inactive/dead/ agent=4164/active/ jphase=absent killpid=
00:46:06.676413669 pdns=4095/0/active/running/ named=0/inactive/dead/ agent=4164/active/ jphase=absent killpid=
00:46:06.959000068 pdns=4095/0/active/running/ named=0/inactive/dead/ agent=4164/active/ jphase=absent killpid=
00:46:07.239137951 pdns=4095/0/active/running/ named=0/inactive/dead/ agent=4164/active/ jphase=absent killpid=
00:46:07.519081231 pdns=4095/0/active/running/ named=0/inactive/dead/ agent=4164/active/ jphase=absent killpid=
00:46:07.803926249 pdns=4095/0/active/running/ named=0/inactive/dead/ agent=4164/active/ jphase=absent killpid=
00:46:08.087693895 pdns=4095/0/active/running/ named=0/inactive/dead/ agent=4164/active/ jphase=absent killpid=
00:46:08.370044924 pdns=4095/0/active/running/ named=0/inactive/dead/ agent=4164/active/ jphase=absent killpid=
00:46:08.649186327 pdns=4095/0/active/running/ named=0/inactive/dead/ agent=4164/active/ jphase=absent killpid=
00:46:08.928233006 pdns=4095/0/active/running/ named=0/inactive/dead/ agent=4164/active/ jphase=absent killpid=
00:46:09.213104019 pdns=4095/0/active/running/ named=0/inactive/dead/ agent=4164/active/ jphase=absent killpid=
00:46:09.492407536 pdns=4095/0/active/running/ named=0/inactive/dead/ agent=4164/active/ jphase=absent killpid=
00:46:09.771168029 pdns=4095/0/active/running/ named=0/inactive/dead/ agent=4164/active/ jphase=absent killpid=
00:46:10.049630834 pdns=4095/0/active/running/ named=0/inactive/dead/ agent=4164/active/ jphase=absent killpid=
00:46:10.330038165 pdns=4095/0/active/running/ named=0/inactive/dead/ agent=4164/active/ jphase=absent killpid=
00:46:10.609240587 pdns=4095/0/active/running/ named=0/inactive/dead/ agent=4164/active/ jphase=absent killpid=
00:46:10.895800656 pdns=4095/0/active/running/ named=0/inactive/dead/ agent=4164/active/ jphase=absent killpid=
00:46:11.176197418 pdns=4095/0/active/running/ named=0/inactive/dead/ agent=4164/active/ jphase=absent killpid=
00:46:11.456570439 pdns=4095/0/active/running/ named=0/inactive/dead/ agent=4164/active/ jphase=absent killpid=
00:46:11.742535698 pdns=4095/0/active/running/ named=0/inactive/dead/ agent=4164/active/ jphase=absent killpid=
00:46:12.024713955 pdns=4095/0/active/running/ named=0/inactive/dead/ agent=4164/active/ jphase=absent killpid=
00:46:12.304632533 pdns=4095/0/active/running/ named=0/inactive/dead/ agent=4164/active/ jphase=absent killpid=
00:46:12.587034225 pdns=4095/0/active/running/ named=0/inactive/dead/ agent=4164/active/ jphase=absent killpid=
00:46:12.868262892 pdns=4095/0/active/running/ named=0/inactive/dead/ agent=4164/active/ jphase=absent killpid=
00:46:13.155892503 pdns=4095/0/active/running/ named=0/inactive/dead/ agent=4164/active/ jphase=absent killpid=
00:46:13.442417081 pdns=4095/0/active/running/ named=0/inactive/dead/ agent=4164/active/ jphase=absent killpid=
00:46:13.723578061 pdns=4095/0/active/running/ named=0/inactive/dead/ agent=4164/active/ jphase=absent killpid=
00:46:14.012653598 pdns=4095/0/active/running/ named=0/inactive/dead/ agent=4164/active/ jphase=absent killpid=
00:46:14.292490227 pdns=4095/0/active/running/ named=0/inactive/dead/ agent=4164/active/ jphase=absent killpid=
00:46:14.571508362 pdns=4095/0/active/running/ named=0/inactive/dead/ agent=4164/active/ jphase=absent killpid=
00:46:14.852834205 pdns=4095/0/active/running/ named=0/inactive/dead/ agent=4164/active/ jphase=absent killpid=
00:46:15.135932849 pdns=4095/0/active/running/ named=0/inactive/dead/ agent=4164/active/ jphase=absent killpid=
00:46:15.420187755 pdns=4095/0/active/running/ named=0/inactive/dead/ agent=4164/active/ jphase=absent killpid=
00:46:15.699537591 pdns=4095/0/active/running/ named=0/inactive/dead/ agent=4164/active/ jphase=absent killpid=
00:46:15.983080253 pdns=4095/0/active/running/ named=0/inactive/dead/ agent=4164/active/ jphase=absent killpid=
00:46:16.266211618 pdns=4095/0/active/running/ named=0/inactive/dead/ agent=4164/active/ jphase=absent killpid=
00:46:16.563538960 CHANGE ledger b8af63ca9d7bbc5a4ddab532879980b61bfbeb1ebda10d156df709268aa90285 -> 203fbdfc295eec02c8cf12ef5a57fb3ab09c2468b6782a8b12fe0de8bfdebf9a
00:46:16.577000474 pdns=4095/0/active/running/ named=0/inactive/dead/ agent=4164/active/ jphase=absent killpid=
00:46:16.871424373 CHANGE ledger 203fbdfc295eec02c8cf12ef5a57fb3ab09c2468b6782a8b12fe0de8bfdebf9a -> e51c2a4c8f5affe142e9324892d345a4029cf6a1bc60e7626d3fb4a9afbfee20
00:46:16.884295857 pdns=4095/0/active/running/ named=0/inactive/dead/ agent=4164/active/ jphase=absent killpid=
00:46:17.185590643 CHANGE ledger e51c2a4c8f5affe142e9324892d345a4029cf6a1bc60e7626d3fb4a9afbfee20 -> 1de7b96d2f4ea36e5bee13f186a1b1ebe9de798fc4d079987ca583995a8e0e32
00:46:17.200832411 pdns=4095/0/active/running/ named=0/inactive/dead/ agent=4164/active/ jphase=absent killpid=
00:46:17.493411141 CHANGE ledger 1de7b96d2f4ea36e5bee13f186a1b1ebe9de798fc4d079987ca583995a8e0e32 -> 525fbe7b47ef4b61160717c4e2408f3af907172bd84ef2ac0d7d117cdc827061
00:46:17.511686693 CHANGE pdnsdb c3bdd32d24032f8ae912519b714b0ec810153c74827c3bafecde424dafefbda2 -> 9c70a06a3c84586514dcd47470e711b8556416644ba24965a61e88ec00dd379f
00:46:17.515699125 pdns=4095/0/active/running/ named=0/inactive/dead/ agent=4164/active/ jphase=absent killpid=
00:46:17.806496948 CHANGE ledger 525fbe7b47ef4b61160717c4e2408f3af907172bd84ef2ac0d7d117cdc827061 -> 0d00777c615336e5e9e37341dfa2bb623934ac5f74c5c3a5f2c2c5da217e2763
00:46:17.820122860 pdns=4095/0/active/running/ named=0/inactive/dead/ agent=4164/active/ jphase=absent killpid=
00:46:18.114832948 CHANGE ledger 0d00777c615336e5e9e37341dfa2bb623934ac5f74c5c3a5f2c2c5da217e2763 -> 367b7372604a2b20441c831c19b5412845825c951fe21c70c76b0af0ee52f989
00:46:18.137194760 pdns=4095/0/active/running/ named=0/inactive/dead/ agent=4164/active/ jphase=absent killpid=
00:46:18.434276913 CHANGE ledger 367b7372604a2b20441c831c19b5412845825c951fe21c70c76b0af0ee52f989 -> 169aed02f519c04e9ad7ceaf267144b0b9c67b98c6df11379386a9b9d24cf4e4
00:46:18.444938899 pdns=4095/0/active/running/ named=0/inactive/dead/ agent=4164/active/ jphase=absent killpid=
00:46:18.724298102 pdns=4095/0/active/running/ named=0/inactive/dead/ agent=4164/active/ jphase=absent killpid=
00:46:19.005994357 CHANGE ledger 169aed02f519c04e9ad7ceaf267144b0b9c67b98c6df11379386a9b9d24cf4e4 -> 4c6f3051f62ef9f32e22ab5550aacef90848f531ba210e6c64f01f3b28210b78
00:46:19.017090796 pdns=4095/0/active/running/ named=0/inactive/dead/ agent=4164/active/ jphase=absent killpid=
00:46:19.301717510 pdns=4095/0/active/running/ named=0/inactive/dead/ agent=4164/active/ jphase=absent killpid=
00:46:19.583288287 pdns=4095/0/active/running/ named=0/inactive/dead/ agent=4164/active/ jphase=absent killpid=
00:46:19.862941895 pdns=4095/0/active/running/ named=0/inactive/dead/ agent=4164/active/ jphase=absent killpid=
00:46:20.142399808 pdns=4095/0/active/running/ named=0/inactive/dead/ agent=4164/active/ jphase=absent killpid=
00:46:20.420754142 pdns=4095/0/active/running/ named=0/inactive/dead/ agent=4164/active/ jphase=absent killpid=
00:46:20.702433350 pdns=4095/0/active/running/ named=0/inactive/dead/ agent=4164/active/ jphase=absent killpid=
00:46:20.982487817 pdns=4095/0/active/running/ named=0/inactive/dead/ agent=4164/active/ jphase=absent killpid=
00:46:21.261245785 pdns=4095/0/active/running/ named=0/inactive/dead/ agent=4164/active/ jphase=absent killpid=
00:46:21.542283792 pdns=4095/0/active/running/ named=0/inactive/dead/ agent=4164/active/ jphase=absent killpid=
00:46:21.823698766 pdns=4095/0/active/running/ named=0/inactive/dead/ agent=4164/active/ jphase=absent killpid=
00:46:22.113377321 pdns=4095/0/active/running/ named=0/inactive/dead/ agent=4164/active/ jphase=absent killpid=
00:46:22.408298495 CHANGE ledger 4c6f3051f62ef9f32e22ab5550aacef90848f531ba210e6c64f01f3b28210b78 -> e0705d4700bceaa6bab448127c39ef23d65ae7d732577e55611575798b301a61
00:46:22.423837987 pdns=4095/0/active/running/ named=0/inactive/dead/ agent=4164/active/ jphase=absent killpid=
00:46:22.713873667 CHANGE ledger e0705d4700bceaa6bab448127c39ef23d65ae7d732577e55611575798b301a61 -> b53096628f0aea1f70710450eedfe43a2f58b2be479a7bb604382990c9fe744d
00:46:22.728026866 pdns=4095/0/active/running/ named=0/inactive/dead/ agent=4164/active/ jphase=absent killpid=
00:46:23.022325909 CHANGE ledger b53096628f0aea1f70710450eedfe43a2f58b2be479a7bb604382990c9fe744d -> ea7e76c8f6ba083bd88ae12e95adc3532dcfed2cfe8ae9a64122b61c6e526081
00:46:23.035418844 pdns=4095/0/active/running/ named=0/inactive/dead/ agent=4164/active/ jphase=absent killpid=
00:46:23.332537481 CHANGE ledger ea7e76c8f6ba083bd88ae12e95adc3532dcfed2cfe8ae9a64122b61c6e526081 -> 3118658d1ea46ab9fe1117a8e1debfd2bc64a0be5b82085af692dc57e7229d1f
00:46:23.354724430 CHANGE pdnsdb 9c70a06a3c84586514dcd47470e711b8556416644ba24965a61e88ec00dd379f -> 30f4ecf8be3b13ff3fead173e71e421e21d3751ca12815e1a3fc6cfff171b83b
00:46:23.359280142 pdns=4095/0/active/running/ named=0/inactive/dead/ agent=4164/active/ jphase=absent killpid=
00:46:23.672459627 CHANGE ledger 3118658d1ea46ab9fe1117a8e1debfd2bc64a0be5b82085af692dc57e7229d1f -> d7d4ded5e8d82f2cf05d4af94cc2d8a85fc47a9109ede8aead7e50fbe03733df
00:46:23.687967239 pdns=4095/0/active/running/ named=0/inactive/dead/ agent=4164/active/ jphase=absent killpid=
00:46:23.984308868 CHANGE ledger d7d4ded5e8d82f2cf05d4af94cc2d8a85fc47a9109ede8aead7e50fbe03733df -> 869f539f7bc125d522bac8346209760d471f0027183e707d80f4b164f137bc27
00:46:24.003982113 pdns=4095/0/active/running/ named=0/inactive/dead/ agent=4164/active/ jphase=absent killpid=
00:46:24.292974220 CHANGE ledger 869f539f7bc125d522bac8346209760d471f0027183e707d80f4b164f137bc27 -> 23e7cd82546af4cd6061742f58c80355941a1384d93b81195104530da7976ed8
00:46:24.309683287 pdns=4095/0/active/running/ named=0/inactive/dead/ agent=4164/active/ jphase=absent killpid=
00:46:24.587776330 CHANGE ledger 23e7cd82546af4cd6061742f58c80355941a1384d93b81195104530da7976ed8 -> 8de23831bb8efa79323f5ff0bde6ce8711e6c735239c53ddd5f2af81f8bb7191
00:46:24.598590090 pdns=4095/0/active/running/ named=0/inactive/dead/ agent=4164/active/ jphase=absent killpid=
00:46:24.872091991 CHANGE ledger 8de23831bb8efa79323f5ff0bde6ce8711e6c735239c53ddd5f2af81f8bb7191 -> aa3c96079e8f4936ae8d51c5c6d352c8afcc241a232fb930e2e370531d432069
00:46:24.882887717 pdns=4095/0/active/running/ named=0/inactive/dead/ agent=4164/active/ jphase=absent killpid=
00:46:25.162501727 pdns=4095/0/active/running/ named=0/inactive/dead/ agent=4164/active/ jphase=absent killpid=
00:46:25.446050980 pdns=4095/0/active/running/ named=0/inactive/dead/ agent=4164/active/ jphase=absent killpid=
00:46:25.731748012 pdns=4095/0/active/running/ named=0/inactive/dead/ agent=4164/active/ jphase=absent killpid=
00:46:26.012930277 pdns=4095/0/active/running/ named=0/inactive/dead/ agent=4164/active/ jphase=absent killpid=
00:46:26.294610894 pdns=4095/0/active/running/ named=0/inactive/dead/ agent=4164/active/ jphase=absent killpid=
00:46:26.576449952 pdns=4095/0/active/running/ named=0/inactive/dead/ agent=4164/active/ jphase=absent killpid=
00:46:26.856880404 pdns=4095/0/active/running/ named=0/inactive/dead/ agent=4164/active/ jphase=absent killpid=
00:46:27.134173024 pdns=4095/0/active/running/ named=0/inactive/dead/ agent=4164/active/ jphase=absent killpid=
00:46:27.415274663 pdns=4095/0/active/running/ named=0/inactive/dead/ agent=4164/active/ jphase=absent killpid=
00:46:27.716102611 pdns=4095/0/active/running/ named=0/inactive/dead/ agent=4164/active/ jphase=absent killpid=
00:46:28.007645190 pdns=4095/0/active/running/ named=0/inactive/dead/ agent=4164/active/ jphase=absent killpid=
00:46:28.302351982 CHANGE ledger aa3c96079e8f4936ae8d51c5c6d352c8afcc241a232fb930e2e370531d432069 -> 69e272e3208d7ec577dac415cd2134db1da5ec9aae171d2b23ba2b74b78cebde
00:46:28.316583000 pdns=4095/0/active/running/ named=0/inactive/dead/ agent=4164/active/ jphase=absent killpid=
00:46:28.602778753 CHANGE ledger 69e272e3208d7ec577dac415cd2134db1da5ec9aae171d2b23ba2b74b78cebde -> c23f55ef5c05edd9264bbddda6f4dbbcb73436f884decd607c2598b36413c5fc
00:46:28.619376350 pdns=4095/0/active/running/ named=0/inactive/dead/ agent=4164/active/ jphase=absent killpid=
00:46:28.914959198 CHANGE ledger c23f55ef5c05edd9264bbddda6f4dbbcb73436f884decd607c2598b36413c5fc -> 853a93840647a695ba6fc675aa29d99b1968edf4977768ce12024ed5b4946613
00:46:28.929217378 pdns=4095/0/active/running/ named=0/inactive/dead/ agent=4164/active/ jphase=absent killpid=
00:46:29.248246905 CHANGE ledger 853a93840647a695ba6fc675aa29d99b1968edf4977768ce12024ed5b4946613 -> a043906501b78de325aa43f03afbf2d90299ff6c90d582939ea7ec881512905e
00:46:29.268567586 CHANGE pdnsdb 30f4ecf8be3b13ff3fead173e71e421e21d3751ca12815e1a3fc6cfff171b83b -> 6de924f0b4c3abf26e1d495564cf720235cc4bb4a6946b3b15ad9d7441771bdb
00:46:29.272145322 pdns=4095/0/active/running/ named=0/inactive/dead/ agent=4164/active/ jphase=absent killpid=
00:46:29.572250067 CHANGE ledger a043906501b78de325aa43f03afbf2d90299ff6c90d582939ea7ec881512905e -> 87e6f61af8c8614c1d0a24113fb20951dc3d418234f924f90a79ae1627f0c65a
00:46:29.593859126 pdns=4095/0/active/running/ named=0/inactive/dead/ agent=4164/active/ jphase=absent killpid=
00:46:29.887574170 CHANGE ledger 87e6f61af8c8614c1d0a24113fb20951dc3d418234f924f90a79ae1627f0c65a -> 87c5423ffd50daabca42a2164abbc33a5cf7d447b787108d8a632da02fc52e71
00:46:29.902280611 pdns=4095/0/active/running/ named=0/inactive/dead/ agent=4164/active/ jphase=absent killpid=
00:46:30.189832116 CHANGE ledger 87c5423ffd50daabca42a2164abbc33a5cf7d447b787108d8a632da02fc52e71 -> 81946108c400bb34fe59db5fc5fe7980e796005c5cb543026e81c783aa78269e
00:46:30.200220577 pdns=4095/0/active/running/ named=0/inactive/dead/ agent=4164/active/ jphase=absent killpid=
00:46:30.480710638 pdns=4095/0/active/running/ named=0/inactive/dead/ agent=4164/active/ jphase=absent killpid=
00:46:30.758900078 CHANGE ledger 81946108c400bb34fe59db5fc5fe7980e796005c5cb543026e81c783aa78269e -> d060f8b96c9c7b693e9544f1e9b0de6ce89ebe35ffbe185433df4e4664f7956a
00:46:30.769969556 pdns=4095/0/active/running/ named=0/inactive/dead/ agent=4164/active/ jphase=absent killpid=
00:46:31.049280589 pdns=4095/0/active/running/ named=0/inactive/dead/ agent=4164/active/ jphase=absent killpid=
00:46:31.335950542 pdns=4095/0/active/running/ named=0/inactive/dead/ agent=4164/active/ jphase=absent killpid=
00:46:31.620150693 pdns=4095/0/active/running/ named=0/inactive/dead/ agent=4164/active/ jphase=absent killpid=
00:46:31.896703884 pdns=4095/0/active/running/ named=0/inactive/dead/ agent=4164/active/ jphase=absent killpid=
00:46:32.186009580 pdns=4095/0/active/running/ named=0/inactive/dead/ agent=4164/active/ jphase=absent killpid=
00:46:32.463124974 CHANGE ledger d060f8b96c9c7b693e9544f1e9b0de6ce89ebe35ffbe185433df4e4664f7956a -> 8192e1bebb6fd8547617d28644ef99770830b388e12dbc1011fe3bd456c7351f
00:46:32.478764195 pdns=4095/0/active/running/ named=0/inactive/dead/ agent=4164/active/ jphase=absent killpid=
00:46:32.784461432 CHANGE ledger 8192e1bebb6fd8547617d28644ef99770830b388e12dbc1011fe3bd456c7351f -> 2a5d783d743a5cc6d72e10ace4a63c05f7e339d994a3d5e615a9a8e5662d3ce0
00:46:32.801161561 pdns=4095/0/active/running/ named=0/inactive/dead/ agent=4164/active/ jphase=absent killpid=
00:46:33.104321040 CHANGE ledger 2a5d783d743a5cc6d72e10ace4a63c05f7e339d994a3d5e615a9a8e5662d3ce0 -> 6ceac107debda6c34f2c7335e917e34cdf772568ffee720e25a8fd20418e4721
00:46:33.119131018 pdns=4095/0/active/running/ named=0/inactive/dead/ agent=4164/active/ jphase=absent killpid=
00:46:33.414041926 CHANGE ledger 6ceac107debda6c34f2c7335e917e34cdf772568ffee720e25a8fd20418e4721 -> f25a58568f4084b05f03497618b14d715d0c1256325e0e3303dd23d5b75af02c
00:46:33.432013494 CHANGE pdnsdb 6de924f0b4c3abf26e1d495564cf720235cc4bb4a6946b3b15ad9d7441771bdb -> 32a8d2e8dd01a4f3717ad0ce9e232b456070e8254d6488992aed52de188062ea
00:46:33.435606942 pdns=4095/0/active/running/ named=0/inactive/dead/ agent=4164/active/ jphase=absent killpid=
00:46:33.736113906 CHANGE ledger f25a58568f4084b05f03497618b14d715d0c1256325e0e3303dd23d5b75af02c -> 5ba42d10ee8c45febb5c68b4428a312dca08e26836ca1bd49c7981af5d892e0a
00:46:33.750427986 pdns=4095/0/active/running/ named=0/inactive/dead/ agent=4164/active/ jphase=absent killpid=
00:46:34.059824541 CHANGE ledger 5ba42d10ee8c45febb5c68b4428a312dca08e26836ca1bd49c7981af5d892e0a -> 093691fc4d69a13c4206fa957a2cc50a4347940074cdf622c9b0aab57d43c498
00:46:34.084463543 pdns=4095/0/active/running/ named=0/inactive/dead/ agent=4164/active/ jphase=absent killpid=
00:46:34.401131490 CHANGE ledger 093691fc4d69a13c4206fa957a2cc50a4347940074cdf622c9b0aab57d43c498 -> 2c114f81d70a63e05f0b98b0114f7c31e0f43882f085caf64e9962c0e7edf463
00:46:34.417132808 pdns=4095/0/active/running/ named=0/inactive/dead/ agent=4164/active/ jphase=absent killpid=
00:46:34.707955781 CHANGE ledger 2c114f81d70a63e05f0b98b0114f7c31e0f43882f085caf64e9962c0e7edf463 -> c148b6554e970fa7c8f14b718ada4422b97b9f391f581d4ed5bd785f63e4edce
00:46:34.719913966 pdns=4095/0/active/running/ named=0/inactive/dead/ agent=4164/active/ jphase=absent killpid=
00:46:34.999508425 pdns=4095/0/active/running/ named=0/inactive/dead/ agent=4164/active/ jphase=absent killpid=
00:46:35.278051490 pdns=4095/0/active/running/ named=0/inactive/dead/ agent=4164/active/ jphase=absent killpid=
00:46:35.552847545 CHANGE ledger c148b6554e970fa7c8f14b718ada4422b97b9f391f581d4ed5bd785f63e4edce -> fd2f15bda01993a07096a0655aba7fe1acd19a8dbf092a73950b5935096ff90e
00:46:35.564058804 pdns=4095/0/active/running/ named=0/inactive/dead/ agent=4164/active/ jphase=absent killpid=
00:46:35.849474792 pdns=4095/0/active/running/ named=0/inactive/dead/ agent=4164/active/ jphase=absent killpid=
00:46:36.132072596 pdns=4095/0/active/running/ named=0/inactive/dead/ agent=4164/active/ jphase=absent killpid=
00:46:36.420761227 pdns=4095/0/active/running/ named=0/inactive/dead/ agent=4164/active/ jphase=absent killpid=
00:46:36.704831743 pdns=4095/0/active/running/ named=0/inactive/dead/ agent=4164/active/ jphase=absent killpid=
00:46:36.988410471 pdns=4095/0/active/running/ named=0/inactive/dead/ agent=4164/active/ jphase=absent killpid=
00:46:37.271290868 pdns=4095/0/active/running/ named=0/inactive/dead/ agent=4164/active/ jphase=absent killpid=
00:46:37.548656046 pdns=4095/0/active/running/ named=0/inactive/dead/ agent=4164/active/ jphase=absent killpid=
00:46:37.831584644 pdns=4095/0/active/running/ named=0/inactive/dead/ agent=4164/active/ jphase=absent killpid=
00:46:38.130587986 pdns=4095/0/active/running/ named=0/inactive/dead/ agent=4164/active/ jphase=absent killpid=
00:46:38.411977054 pdns=4095/0/active/running/ named=0/inactive/dead/ agent=4164/active/ jphase=absent killpid=
00:46:38.694683355 pdns=4095/0/active/running/ named=0/inactive/dead/ agent=4164/active/ jphase=absent killpid=
00:46:38.984680786 pdns=4095/0/active/running/ named=0/inactive/dead/ agent=4164/active/ jphase=absent killpid=
00:46:39.279127779 pdns=4095/0/active/running/ named=0/inactive/dead/ agent=0/inactive/ jphase=absent killpid=
00:46:39.686759504 pdns=4095/0/active/running/ named=0/inactive/dead/ agent=0/inactive/ jphase=absent killpid=
00:46:39.979891645 pdns=4095/0/active/running/ named=0/inactive/dead/ agent=0/inactive/ jphase=absent killpid=
00:46:40.313258493 pdns=4095/0/active/running/ named=0/inactive/dead/ agent=0/inactive/ jphase=absent killpid=
00:46:40.595349324 pdns=4095/0/active/running/ named=0/inactive/dead/ agent=0/inactive/ jphase=absent killpid=
00:46:40.877928596 pdns=4095/0/active/running/ named=0/inactive/dead/ agent=0/inactive/ jphase=absent killpid=
00:46:41.160434273 pdns=4095/0/active/running/ named=0/inactive/dead/ agent=0/inactive/ jphase=absent killpid=
00:46:41.443513335 pdns=4095/0/active/running/ named=0/inactive/dead/ agent=0/inactive/ jphase=absent killpid=
00:46:41.724856174 pdns=4095/0/active/running/ named=0/inactive/dead/ agent=0/inactive/ jphase=absent killpid=
00:46:42.012810788 pdns=4095/0/active/running/ named=0/inactive/dead/ agent=0/inactive/ jphase=absent killpid=
00:46:42.304041627 pdns=4095/0/active/running/ named=0/inactive/dead/ agent=0/inactive/ jphase=absent killpid=
00:46:42.590917480 pdns=4095/0/active/running/ named=0/inactive/dead/ agent=0/inactive/ jphase=absent killpid=
00:46:42.879891542 pdns=4095/0/active/running/ named=0/inactive/dead/ agent=0/inactive/ jphase=absent killpid=
00:46:43.160831040 pdns=4095/0/active/running/ named=0/inactive/dead/ agent=0/inactive/ jphase=absent killpid=
00:46:43.443258817 pdns=4095/0/active/running/ named=0/inactive/dead/ agent=0/inactive/ jphase=absent killpid=
00:46:43.728084154 pdns=4095/0/active/running/ named=0/inactive/dead/ agent=0/inactive/ jphase=absent killpid=
00:46:44.012890926 pdns=4095/0/active/running/ named=0/inactive/dead/ agent=0/inactive/ jphase=absent killpid=
00:46:44.296897075 pdns=4095/0/active/running/ named=0/inactive/dead/ agent=0/inactive/ jphase=absent killpid=
00:46:44.582173238 pdns=4095/0/active/running/ named=0/inactive/dead/ agent=0/inactive/ jphase=absent killpid=
00:46:44.873129415 pdns=4095/0/active/running/ named=0/inactive/dead/ agent=0/inactive/ jphase=absent killpid=
00:46:45.170667806 pdns=4095/0/active/running/ named=0/inactive/dead/ agent=0/inactive/ jphase=absent killpid=
00:46:45.455320791 pdns=4095/0/active/running/ named=0/inactive/dead/ agent=0/inactive/ jphase=absent killpid=
00:46:45.744606857 pdns=4095/0/active/running/ named=0/inactive/dead/ agent=0/inactive/ jphase=absent killpid=
00:46:46.028451466 pdns=4095/0/active/running/ named=0/inactive/dead/ agent=0/inactive/ jphase=absent killpid=
00:46:46.309262028 pdns=4095/0/active/running/ named=0/inactive/dead/ agent=0/inactive/ jphase=absent killpid=
00:46:46.590269803 pdns=4095/0/active/running/ named=0/inactive/dead/ agent=0/inactive/ jphase=absent killpid=
00:46:46.871947000 pdns=4095/0/active/running/ named=0/inactive/dead/ agent=0/inactive/ jphase=absent killpid=
00:46:47.154688349 pdns=4095/0/active/running/ named=0/inactive/dead/ agent=0/inactive/ jphase=absent killpid=
00:46:47.450280698 pdns=4095/0/active/running/ named=0/inactive/dead/ agent=0/inactive/ jphase=absent killpid=
00:46:47.731422543 pdns=4095/0/active/running/ named=0/inactive/dead/ agent=0/inactive/ jphase=absent killpid=
00:46:48.011401010 pdns=4095/0/active/running/ named=0/inactive/dead/ agent=0/inactive/ jphase=absent killpid=
00:46:48.293550327 pdns=4095/0/active/running/ named=0/inactive/dead/ agent=0/inactive/ jphase=absent killpid=
00:46:48.577384092 pdns=4095/0/active/running/ named=0/inactive/dead/ agent=0/inactive/ jphase=absent killpid=
00:46:48.860739686 pdns=4095/0/active/running/ named=0/inactive/dead/ agent=0/inactive/ jphase=absent killpid=
00:46:49.144937067 pdns=4095/0/active/running/ named=0/inactive/dead/ agent=0/inactive/ jphase=absent killpid=
00:46:49.429058609 pdns=4095/0/active/running/ named=0/inactive/dead/ agent=0/inactive/ jphase=absent killpid=
00:46:49.720858368 pdns=4095/0/active/running/ named=0/inactive/dead/ agent=0/inactive/ jphase=absent killpid=
00:46:50.016381723 pdns=4095/0/active/running/ named=0/inactive/dead/ agent=0/inactive/ jphase=absent killpid=
00:46:50.304706913 pdns=4095/0/active/running/ named=0/inactive/dead/ agent=0/inactive/ jphase=absent killpid=
00:46:50.588566493 pdns=4095/0/active/running/ named=0/inactive/dead/ agent=0/inactive/ jphase=absent killpid=
00:46:50.872061307 pdns=4095/0/active/running/ named=0/inactive/dead/ agent=0/inactive/ jphase=absent killpid=
00:46:51.158877157 pdns=4095/0/active/running/ named=0/inactive/dead/ agent=0/inactive/ jphase=absent killpid=
00:46:51.444608405 pdns=4095/0/active/running/ named=0/inactive/dead/ agent=0/inactive/ jphase=absent killpid=
00:46:51.731007984 pdns=4095/0/active/running/ named=0/inactive/dead/ agent=0/inactive/ jphase=absent killpid=
00:46:52.014469150 pdns=4095/0/active/running/ named=0/inactive/dead/ agent=0/inactive/ jphase=absent killpid=
00:46:52.298782275 pdns=4095/0/active/running/ named=0/inactive/dead/ agent=0/inactive/ jphase=absent killpid=
00:46:52.583884602 pdns=4095/0/active/running/ named=0/inactive/dead/ agent=0/inactive/ jphase=absent killpid=
00:46:52.868468288 pdns=4095/0/active/running/ named=0/inactive/dead/ agent=0/inactive/ jphase=absent killpid=
00:46:53.153501408 pdns=4095/0/active/running/ named=0/inactive/dead/ agent=0/inactive/ jphase=absent killpid=
00:46:53.439632278 pdns=4095/0/active/running/ named=0/inactive/dead/ agent=0/inactive/ jphase=absent killpid=
00:46:53.720823270 pdns=4095/0/active/running/ named=0/inactive/dead/ agent=0/inactive/ jphase=absent killpid=
00:46:54.004398493 pdns=4095/0/active/running/ named=0/inactive/dead/ agent=0/inactive/ jphase=absent killpid=
00:46:54.291582510 pdns=4095/0/active/running/ named=0/inactive/dead/ agent=0/inactive/ jphase=absent killpid=
00:46:54.572969495 pdns=4095/0/active/running/ named=0/inactive/dead/ agent=0/inactive/ jphase=absent killpid=
00:46:54.856533666 pdns=4095/0/active/running/ named=0/inactive/dead/ agent=0/inactive/ jphase=absent killpid=
00:46:55.147031319 pdns=4095/0/active/running/ named=0/inactive/dead/ agent=0/inactive/ jphase=absent killpid=
00:46:55.438810158 pdns=4095/0/active/running/ named=0/inactive/dead/ agent=0/inactive/ jphase=absent killpid=
00:46:55.741638462 pdns=4095/0/active/running/ named=0/inactive/dead/ agent=0/inactive/ jphase=absent killpid=
00:46:56.040550109 pdns=4095/0/active/running/ named=0/inactive/dead/ agent=0/inactive/ jphase=absent killpid=
00:46:56.325944326 pdns=4095/0/active/running/ named=0/inactive/dead/ agent=0/inactive/ jphase=absent killpid=
00:46:56.615417430 pdns=4095/0/active/running/ named=0/inactive/dead/ agent=0/inactive/ jphase=absent killpid=
00:46:56.908219876 pdns=4095/0/active/running/ named=0/inactive/dead/ agent=0/inactive/ jphase=absent killpid=
00:46:57.188424289 pdns=4095/0/active/running/ named=0/inactive/dead/ agent=0/inactive/ jphase=absent killpid=
00:46:57.470455409 pdns=4095/0/active/running/ named=0/inactive/dead/ agent=0/inactive/ jphase=absent killpid=
00:46:57.753668486 pdns=4095/0/active/running/ named=0/inactive/dead/ agent=0/inactive/ jphase=absent killpid=
00:46:58.045535806 pdns=4095/0/active/running/ named=0/inactive/dead/ agent=0/inactive/ jphase=absent killpid=
00:46:58.334179095 pdns=4095/0/active/running/ named=0/inactive/dead/ agent=0/inactive/ jphase=absent killpid=
00:46:58.620338377 pdns=4095/0/active/running/ named=0/inactive/dead/ agent=0/inactive/ jphase=absent killpid=
00:46:58.912227558 pdns=4095/0/active/running/ named=0/inactive/dead/ agent=0/inactive/ jphase=absent killpid=
00:46:59.192897062 pdns=4095/0/active/running/ named=0/inactive/dead/ agent=0/inactive/ jphase=absent killpid=
00:46:59.475272878 pdns=4095/0/active/running/ named=0/inactive/dead/ agent=0/inactive/ jphase=absent killpid=
00:46:59.760525563 pdns=4095/0/active/running/ named=0/inactive/dead/ agent=0/inactive/ jphase=absent killpid=
00:47:00.047064832 pdns=4095/0/active/running/ named=0/inactive/dead/ agent=0/inactive/ jphase=absent killpid=
00:47:00.333002266 pdns=4095/0/active/running/ named=0/inactive/dead/ agent=0/inactive/ jphase=absent killpid=
00:47:00.614476512 pdns=4095/0/active/running/ named=0/inactive/dead/ agent=0/inactive/ jphase=absent killpid=
00:47:00.900185804 pdns=4095/0/active/running/ named=0/inactive/dead/ agent=0/inactive/ jphase=absent killpid=
00:47:01.183346158 pdns=4095/0/active/running/ named=0/inactive/dead/ agent=0/inactive/ jphase=absent killpid=
00:47:01.470727379 pdns=4095/0/active/running/ named=0/inactive/dead/ agent=0/inactive/ jphase=absent killpid=
00:47:01.755051547 pdns=4095/0/active/running/ named=0/inactive/dead/ agent=0/inactive/ jphase=absent killpid=
00:47:02.037587291 pdns=4095/0/active/running/ named=0/inactive/dead/ agent=0/inactive/ jphase=absent killpid=
00:47:02.328550509 pdns=4095/0/active/running/ named=0/inactive/dead/ agent=0/inactive/ jphase=absent killpid=
00:47:02.609779541 pdns=4095/0/active/running/ named=0/inactive/dead/ agent=0/inactive/ jphase=absent killpid=
00:47:02.890788201 pdns=4095/0/active/running/ named=0/inactive/dead/ agent=0/inactive/ jphase=absent killpid=
00:47:03.172796996 pdns=4095/0/active/running/ named=0/inactive/dead/ agent=0/inactive/ jphase=absent killpid=
00:47:03.456147858 pdns=4095/0/active/running/ named=0/inactive/dead/ agent=0/inactive/ jphase=absent killpid=
00:47:03.735893350 pdns=4095/0/active/running/ named=0/inactive/dead/ agent=0/inactive/ jphase=absent killpid=
00:47:04.019633394 pdns=4095/0/active/running/ named=0/inactive/dead/ agent=0/inactive/ jphase=absent killpid=
00:47:04.302228703 pdns=4095/0/active/running/ named=0/inactive/dead/ agent=0/inactive/ jphase=absent killpid=
00:47:04.583804798 pdns=4095/0/active/running/ named=0/inactive/dead/ agent=0/inactive/ jphase=absent killpid=
00:47:04.872590309 pdns=4095/0/active/running/ named=0/inactive/dead/ agent=0/inactive/ jphase=absent killpid=
00:47:05.162452403 pdns=4095/0/active/running/ named=0/inactive/dead/ agent=0/inactive/ jphase=absent killpid=
00:47:05.491330132 pdns=4095/0/active/running/ named=0/inactive/dead/ agent=0/inactive/ jphase=absent killpid=
00:47:05.776461313 pdns=4095/0/active/running/ named=0/inactive/dead/ agent=0/inactive/ jphase=absent killpid=
00:47:06.061115438 pdns=4095/0/active/running/ named=0/inactive/dead/ agent=0/inactive/ jphase=absent killpid=
00:47:06.345909997 pdns=4095/0/active/running/ named=0/inactive/dead/ agent=0/inactive/ jphase=absent killpid=
00:47:06.628871937 pdns=4095/0/active/running/ named=0/inactive/dead/ agent=0/inactive/ jphase=absent killpid=
00:47:06.914169609 pdns=4095/0/active/running/ named=0/inactive/dead/ agent=0/inactive/ jphase=absent killpid=
00:47:07.198741619 pdns=4095/0/active/running/ named=0/inactive/dead/ agent=0/inactive/ jphase=absent killpid=
00:47:07.482312027 pdns=4095/0/active/running/ named=0/inactive/dead/ agent=0/inactive/ jphase=absent killpid=
00:47:07.764649832 pdns=4095/0/active/running/ named=0/inactive/dead/ agent=0/inactive/ jphase=absent killpid=
00:47:08.048242810 pdns=4095/0/active/running/ named=0/inactive/dead/ agent=0/inactive/ jphase=absent killpid=
00:47:08.338308944 pdns=4095/0/active/running/ named=0/inactive/dead/ agent=0/inactive/ jphase=absent killpid=
00:47:08.624449195 pdns=4095/0/active/running/ named=0/inactive/dead/ agent=0/inactive/ jphase=absent killpid=
00:47:08.909694883 pdns=4095/0/active/running/ named=0/inactive/dead/ agent=0/inactive/ jphase=absent killpid=
00:47:09.191925834 pdns=4095/0/active/running/ named=0/inactive/dead/ agent=0/inactive/ jphase=absent killpid=
00:47:09.472304801 pdns=4095/0/active/running/ named=0/inactive/dead/ agent=0/inactive/ jphase=absent killpid=
00:47:09.754086956 pdns=4095/0/active/running/ named=0/inactive/dead/ agent=0/inactive/ jphase=absent killpid=
00:47:10.038916305 pdns=4095/0/active/running/ named=0/inactive/dead/ agent=0/inactive/ jphase=absent killpid=
00:47:10.322575643 pdns=4095/0/active/running/ named=0/inactive/dead/ agent=0/inactive/ jphase=absent killpid=
00:47:10.603762000 pdns=4095/0/active/running/ named=0/inactive/dead/ agent=0/inactive/ jphase=absent killpid=
00:47:10.888055624 pdns=4095/0/active/running/ named=0/inactive/dead/ agent=0/inactive/ jphase=absent killpid=
00:47:11.169810712 pdns=4095/0/active/running/ named=0/inactive/dead/ agent=0/inactive/ jphase=absent killpid=
00:47:11.453959452 pdns=4095/0/active/running/ named=0/inactive/dead/ agent=0/inactive/ jphase=absent killpid=
00:47:11.744504924 pdns=4095/0/active/running/ named=0/inactive/dead/ agent=0/inactive/ jphase=absent killpid=
00:47:12.050198314 pdns=4095/0/active/running/ named=0/inactive/dead/ agent=0/inactive/ jphase=absent killpid=
00:47:12.332771295 pdns=4095/0/active/running/ named=0/inactive/dead/ agent=0/inactive/ jphase=absent killpid=
00:47:12.616369312 pdns=4095/0/active/running/ named=0/inactive/dead/ agent=0/inactive/ jphase=absent killpid=
00:47:12.920731385 pdns=4095/0/active/running/ named=0/inactive/dead/ agent=0/inactive/ jphase=absent killpid=
00:47:13.203588233 pdns=4095/0/active/running/ named=0/inactive/dead/ agent=0/inactive/ jphase=absent killpid=
00:47:13.486260930 pdns=4095/0/active/running/ named=0/inactive/dead/ agent=0/inactive/ jphase=absent killpid=
00:47:13.770407351 pdns=4095/0/active/running/ named=0/inactive/dead/ agent=0/inactive/ jphase=absent killpid=
00:47:14.051254661 pdns=4095/0/active/running/ named=0/inactive/dead/ agent=0/inactive/ jphase=absent killpid=
00:47:14.332109144 pdns=4095/0/active/running/ named=0/inactive/dead/ agent=0/inactive/ jphase=absent killpid=
00:47:14.616367457 pdns=4095/0/active/running/ named=0/inactive/dead/ agent=0/inactive/ jphase=absent killpid=
00:47:14.909087292 pdns=4095/0/active/running/ named=0/inactive/dead/ agent=0/inactive/ jphase=absent killpid=
00:47:15.191678541 pdns=4095/0/active/running/ named=0/inactive/dead/ agent=0/inactive/ jphase=absent killpid=
00:47:15.474387655 pdns=4095/0/active/running/ named=0/inactive/dead/ agent=0/inactive/ jphase=absent killpid=
00:47:15.755414970 pdns=4095/0/active/running/ named=0/inactive/dead/ agent=0/inactive/ jphase=absent killpid=
00:47:16.037812665 pdns=4095/0/active/running/ named=0/inactive/dead/ agent=0/inactive/ jphase=absent killpid=
00:47:16.317722571 pdns=4095/0/active/running/ named=0/inactive/dead/ agent=0/inactive/ jphase=absent killpid=
00:47:16.600627059 pdns=4095/0/active/running/ named=0/inactive/dead/ agent=0/inactive/ jphase=absent killpid=
00:47:16.885056344 pdns=4095/0/active/running/ named=0/inactive/dead/ agent=0/inactive/ jphase=absent killpid=
00:47:17.172829274 pdns=4095/0/active/running/ named=0/inactive/dead/ agent=0/inactive/ jphase=absent killpid=
00:47:17.466040551 pdns=4095/0/active/running/ named=0/inactive/dead/ agent=0/inactive/ jphase=absent killpid=
00:47:17.778521639 pdns=4095/0/active/running/ named=0/inactive/dead/ agent=0/inactive/ jphase=absent killpid=
00:47:18.069505261 pdns=4095/0/active/running/ named=0/inactive/dead/ agent=0/inactive/ jphase=absent killpid=
00:47:18.366545810 pdns=4095/0/active/running/ named=0/inactive/dead/ agent=0/inactive/ jphase=absent killpid=
00:47:18.650463108 pdns=4095/0/active/running/ named=0/inactive/dead/ agent=0/inactive/ jphase=absent killpid=
00:47:18.935370683 pdns=4095/0/active/running/ named=0/inactive/dead/ agent=0/inactive/ jphase=absent killpid=
00:47:19.216494587 pdns=4095/0/active/running/ named=0/inactive/dead/ agent=0/inactive/ jphase=absent killpid=
00:47:19.498567746 pdns=4095/0/active/running/ named=0/inactive/dead/ agent=0/inactive/ jphase=absent killpid=
00:47:19.780499310 pdns=4095/0/active/running/ named=0/inactive/dead/ agent=0/inactive/ jphase=absent killpid=
00:47:20.062219393 pdns=4095/0/active/running/ named=0/inactive/dead/ agent=0/inactive/ jphase=absent killpid=
00:47:20.343609195 pdns=4095/0/active/running/ named=0/inactive/dead/ agent=0/inactive/ jphase=absent killpid=
00:47:20.626984215 pdns=4095/0/active/running/ named=0/inactive/dead/ agent=0/inactive/ jphase=absent killpid=
00:47:20.909228741 pdns=4095/0/active/running/ named=0/inactive/dead/ agent=0/inactive/ jphase=absent killpid=
00:47:21.190669518 pdns=4095/0/active/running/ named=0/inactive/dead/ agent=0/inactive/ jphase=absent killpid=
00:47:21.475495037 pdns=4095/0/active/running/ named=0/inactive/dead/ agent=0/inactive/ jphase=absent killpid=
00:47:21.762027870 pdns=4095/0/active/running/ named=0/inactive/dead/ agent=0/inactive/ jphase=absent killpid=
00:47:22.044435976 pdns=4095/0/active/running/ named=0/inactive/dead/ agent=0/inactive/ jphase=absent killpid=
00:47:22.330955900 pdns=4095/0/active/running/ named=0/inactive/dead/ agent=0/inactive/ jphase=absent killpid=
00:47:22.612794603 pdns=4095/0/active/running/ named=0/inactive/dead/ agent=0/inactive/ jphase=absent killpid=
00:47:22.894335074 pdns=4095/0/active/running/ named=0/inactive/dead/ agent=0/inactive/ jphase=absent killpid=
00:47:23.175695956 pdns=4095/0/active/running/ named=0/inactive/dead/ agent=0/inactive/ jphase=absent killpid=
00:47:23.457356739 pdns=4095/0/active/running/ named=0/inactive/dead/ agent=0/inactive/ jphase=absent killpid=
00:47:23.738583200 pdns=4095/0/active/running/ named=0/inactive/dead/ agent=0/inactive/ jphase=absent killpid=
00:47:24.020433123 pdns=4095/0/active/running/ named=0/inactive/dead/ agent=0/inactive/ jphase=absent killpid=
00:47:24.302272350 pdns=4095/0/active/running/ named=0/inactive/dead/ agent=0/inactive/ jphase=absent killpid=
00:47:24.585573567 pdns=4095/0/active/running/ named=0/inactive/dead/ agent=0/inactive/ jphase=absent killpid=
00:47:24.871106910 pdns=4095/0/active/running/ named=0/inactive/dead/ agent=0/inactive/ jphase=absent killpid=
00:47:25.156405946 pdns=4095/0/active/running/ named=0/inactive/dead/ agent=0/inactive/ jphase=absent killpid=
00:47:25.438189658 pdns=4095/0/active/running/ named=0/inactive/dead/ agent=0/inactive/ jphase=absent killpid=
00:47:25.720728620 pdns=4095/0/active/running/ named=0/inactive/dead/ agent=0/inactive/ jphase=absent killpid=
00:47:26.001667700 pdns=4095/0/active/running/ named=0/inactive/dead/ agent=0/inactive/ jphase=absent killpid=
00:47:26.282445990 pdns=4095/0/active/running/ named=0/inactive/dead/ agent=0/inactive/ jphase=absent killpid=
00:47:26.564103100 pdns=4095/0/active/running/ named=0/inactive/dead/ agent=0/inactive/ jphase=absent killpid=
00:47:26.846326666 pdns=4095/0/active/running/ named=0/inactive/dead/ agent=0/inactive/ jphase=absent killpid=
00:47:27.128064469 pdns=4095/0/active/running/ named=0/inactive/dead/ agent=0/inactive/ jphase=absent killpid=
00:47:27.412809037 pdns=4095/0/active/running/ named=0/inactive/dead/ agent=0/inactive/ jphase=absent killpid=
00:47:27.699431943 pdns=4095/0/active/running/ named=0/inactive/dead/ agent=0/inactive/ jphase=absent killpid=
00:47:27.982867477 pdns=4095/0/active/running/ named=0/inactive/dead/ agent=0/inactive/ jphase=absent killpid=
00:47:28.274372773 pdns=4095/0/active/running/ named=0/inactive/dead/ agent=0/inactive/ jphase=absent killpid=
00:47:28.557850732 pdns=4095/0/active/running/ named=0/inactive/dead/ agent=0/inactive/ jphase=absent killpid=
00:47:28.841264686 pdns=4095/0/active/running/ named=0/inactive/dead/ agent=0/inactive/ jphase=absent killpid=
00:47:29.125713394 pdns=4095/0/active/running/ named=0/inactive/dead/ agent=0/inactive/ jphase=absent killpid=
00:47:29.410576364 pdns=4095/0/active/running/ named=0/inactive/dead/ agent=0/inactive/ jphase=absent killpid=
00:47:29.696434980 CHANGE pdnsdb 32a8d2e8dd01a4f3717ad0ce9e232b456070e8254d6488992aed52de188062ea -> b310ba10fc0f4c0a2a36dcc7c3ffc69df9df5426fd1c76d72cacdd9d0d032f32
00:47:29.699855542 pdns=4095/0/active/running/ named=0/inactive/dead/ agent=0/inactive/ jphase=absent killpid=
00:47:29.982223363 pdns=4095/0/active/running/ named=0/inactive/dead/ agent=0/inactive/ jphase=absent killpid=
00:47:30.265561138 pdns=4095/0/active/running/ named=0/inactive/dead/ agent=0/inactive/ jphase=absent killpid=
00:47:30.546897748 pdns=4095/0/active/running/ named=0/inactive/dead/ agent=0/inactive/ jphase=absent killpid=
00:47:30.826922477 pdns=4095/0/active/running/ named=0/inactive/dead/ agent=0/inactive/ jphase=absent killpid=
00:47:31.108442959 pdns=4095/0/active/running/ named=0/inactive/dead/ agent=0/inactive/ jphase=absent killpid=
00:47:31.392219970 pdns=4095/0/active/running/ named=0/inactive/dead/ agent=0/inactive/ jphase=absent killpid=
00:47:31.679547813 pdns=4095/0/active/running/ named=0/inactive/dead/ agent=0/inactive/ jphase=absent killpid=
00:47:31.968458282 pdns=4095/0/active/running/ named=0/inactive/dead/ agent=0/inactive/ jphase=absent killpid=
00:47:32.262387103 pdns=4095/0/active/running/ named=0/inactive/dead/ agent=0/inactive/ jphase=absent killpid=
00:47:32.549986935 pdns=4095/0/active/running/ named=0/inactive/dead/ agent=0/inactive/ jphase=absent killpid=
00:47:32.844305758 pdns=4095/0/active/running/ named=0/inactive/dead/ agent=0/inactive/ jphase=absent killpid=
00:47:33.126901994 pdns=4095/0/active/running/ named=0/inactive/dead/ agent=0/inactive/ jphase=absent killpid=
00:47:33.409975531 pdns=4095/0/active/running/ named=0/inactive/dead/ agent=0/inactive/ jphase=absent killpid=
00:47:33.690905708 pdns=4095/0/active/running/ named=0/inactive/dead/ agent=0/inactive/ jphase=absent killpid=
00:47:33.974102845 pdns=4095/0/active/running/ named=0/inactive/dead/ agent=0/inactive/ jphase=absent killpid=
00:47:34.258501887 pdns=4095/0/active/running/ named=0/inactive/dead/ agent=0/inactive/ jphase=absent killpid=
00:47:34.541126645 pdns=4095/0/active/running/ named=0/inactive/dead/ agent=0/inactive/ jphase=absent killpid=
00:47:34.825439240 pdns=4095/0/active/running/ named=0/inactive/dead/ agent=0/inactive/ jphase=absent killpid=
00:47:35.118731039 pdns=4095/0/active/running/ named=0/inactive/dead/ agent=0/inactive/ jphase=absent killpid=
00:47:35.402624152 pdns=4095/0/active/running/ named=0/inactive/dead/ agent=0/inactive/ jphase=absent killpid=
00:47:35.683426301 pdns=4095/0/active/running/ named=0/inactive/dead/ agent=0/inactive/ jphase=absent killpid=
00:47:35.964921334 pdns=4095/0/active/running/ named=0/inactive/dead/ agent=0/inactive/ jphase=absent killpid=
00:47:36.247092480 pdns=4095/0/active/running/ named=0/inactive/dead/ agent=0/inactive/ jphase=absent killpid=
00:47:36.533005909 pdns=4095/0/active/running/ named=0/inactive/dead/ agent=0/inactive/ jphase=absent killpid=
00:47:36.813143966 pdns=4095/0/active/running/ named=0/inactive/dead/ agent=0/inactive/ jphase=absent killpid=
00:47:37.093504067 pdns=4095/0/active/running/ named=0/inactive/dead/ agent=0/inactive/ jphase=absent killpid=
00:47:37.390030883 pdns=4095/0/active/running/ named=0/inactive/dead/ agent=0/inactive/ jphase=absent killpid=
00:47:37.681447747 pdns=4095/0/active/running/ named=0/inactive/dead/ agent=0/inactive/ jphase=absent killpid=
00:47:37.981487344 pdns=4095/0/active/running/ named=0/inactive/dead/ agent=0/inactive/ jphase=absent killpid=
00:47:38.271615154 pdns=4095/0/active/running/ named=0/inactive/dead/ agent=0/inactive/ jphase=absent killpid=
00:47:38.559772917 pdns=4095/0/active/running/ named=0/inactive/dead/ agent=0/inactive/ jphase=absent killpid=
00:47:38.840184892 pdns=4095/0/active/running/ named=0/inactive/dead/ agent=0/inactive/ jphase=absent killpid=
00:47:39.128053280 pdns=4095/0/active/running/ named=0/inactive/dead/ agent=0/inactive/ jphase=absent killpid=
00:47:39.410624611 pdns=4095/0/active/running/ named=0/inactive/dead/ agent=0/inactive/ jphase=absent killpid=
00:47:39.696753979 pdns=4095/0/active/running/ named=0/inactive/dead/ agent=0/inactive/ jphase=absent killpid=
00:47:39.988128458 pdns=4095/0/active/running/ named=0/inactive/dead/ agent=0/inactive/ jphase=absent killpid=
00:47:40.321306908 pdns=4095/0/active/running/ named=0/inactive/dead/ agent=0/inactive/ jphase=absent killpid=
00:47:40.613468767 pdns=4095/0/active/running/ named=0/inactive/dead/ agent=0/inactive/ jphase=absent killpid=
00:47:40.895981673 pdns=4095/0/active/running/ named=0/inactive/dead/ agent=0/inactive/ jphase=absent killpid=
00:47:41.181446501 pdns=4095/0/active/running/ named=0/inactive/dead/ agent=0/inactive/ jphase=absent killpid=
00:47:41.466903289 pdns=4095/0/active/running/ named=0/inactive/dead/ agent=0/inactive/ jphase=absent killpid=
00:47:41.757460579 pdns=4095/0/active/running/ named=0/inactive/dead/ agent=0/inactive/ jphase=absent killpid=
00:47:42.040520044 pdns=4095/0/active/running/ named=0/inactive/dead/ agent=0/inactive/ jphase=absent killpid=
00:47:42.322676747 pdns=4095/0/active/running/ named=0/inactive/dead/ agent=0/inactive/ jphase=absent killpid=
00:47:42.608260275 pdns=4095/0/active/running/ named=0/inactive/dead/ agent=0/inactive/ jphase=absent killpid=
00:47:42.889509418 pdns=4095/0/active/running/ named=0/inactive/dead/ agent=0/inactive/ jphase=absent killpid=
00:47:43.173089039 pdns=4095/0/active/running/ named=0/inactive/dead/ agent=0/inactive/ jphase=absent killpid=
00:47:43.455327363 pdns=4095/0/active/running/ named=0/inactive/dead/ agent=0/inactive/ jphase=absent killpid=
00:47:43.739943562 pdns=4095/0/active/running/ named=0/inactive/dead/ agent=0/inactive/ jphase=absent killpid=
00:47:44.024327587 pdns=4095/0/active/running/ named=0/inactive/dead/ agent=0/inactive/ jphase=absent killpid=
00:47:44.310066867 pdns=4095/0/active/running/ named=0/inactive/dead/ agent=0/inactive/ jphase=absent killpid=
00:47:44.599004505 pdns=4095/0/active/running/ named=0/inactive/dead/ agent=0/inactive/ jphase=absent killpid=
00:47:44.892435784 pdns=4095/0/active/running/ named=0/inactive/dead/ agent=0/inactive/ jphase=absent killpid=
00:47:45.193907613 pdns=4095/0/active/running/ named=0/inactive/dead/ agent=0/inactive/ jphase=absent killpid=
00:47:45.475551566 pdns=4095/0/active/running/ named=0/inactive/dead/ agent=0/inactive/ jphase=absent killpid=
00:47:45.755949557 pdns=4095/0/active/running/ named=0/inactive/dead/ agent=0/inactive/ jphase=absent killpid=
00:47:46.038186587 pdns=4095/0/active/running/ named=0/inactive/dead/ agent=0/inactive/ jphase=absent killpid=
00:47:46.330711247 pdns=4095/0/active/running/ named=0/inactive/dead/ agent=0/inactive/ jphase=absent killpid=
00:47:46.613988157 pdns=4095/0/active/running/ named=0/inactive/dead/ agent=0/inactive/ jphase=absent killpid=
00:47:46.897374407 pdns=4095/0/active/running/ named=0/inactive/dead/ agent=0/inactive/ jphase=absent killpid=
00:47:47.183102877 pdns=4095/0/active/running/ named=0/inactive/dead/ agent=0/inactive/ jphase=absent killpid=
00:47:47.465713278 pdns=4095/0/active/running/ named=0/inactive/dead/ agent=0/inactive/ jphase=absent killpid=
00:47:47.748402350 pdns=4095/0/active/running/ named=0/inactive/dead/ agent=0/inactive/ jphase=absent killpid=
00:47:48.036160330 pdns=4095/0/active/running/ named=0/inactive/dead/ agent=0/inactive/ jphase=absent killpid=
00:47:48.326948372 pdns=4095/0/active/running/ named=0/inactive/dead/ agent=0/inactive/ jphase=absent killpid=
00:47:48.613093552 pdns=4095/0/active/running/ named=0/inactive/dead/ agent=0/inactive/ jphase=absent killpid=
00:47:48.898834839 pdns=4095/0/active/running/ named=0/inactive/dead/ agent=0/inactive/ jphase=absent killpid=
00:47:49.180225486 pdns=4095/0/active/running/ named=0/inactive/dead/ agent=0/inactive/ jphase=absent killpid=
00:47:49.464793194 pdns=4095/0/active/running/ named=0/inactive/dead/ agent=0/inactive/ jphase=absent killpid=
00:47:49.747067928 pdns=4095/0/active/running/ named=0/inactive/dead/ agent=0/inactive/ jphase=absent killpid=
00:47:50.030354692 pdns=4095/0/active/running/ named=0/inactive/dead/ agent=0/inactive/ jphase=absent killpid=
00:47:50.310385429 pdns=4095/0/active/running/ named=0/inactive/dead/ agent=0/inactive/ jphase=absent killpid=
00:47:50.590868340 pdns=4095/0/active/running/ named=0/inactive/dead/ agent=0/inactive/ jphase=absent killpid=
00:47:50.881876549 pdns=4095/0/active/running/ named=0/inactive/dead/ agent=0/inactive/ jphase=absent killpid=
00:47:51.197227844 pdns=4095/0/active/running/ named=0/inactive/dead/ agent=0/inactive/ jphase=absent killpid=
00:47:51.479438364 pdns=4095/0/active/running/ named=0/inactive/dead/ agent=0/inactive/ jphase=absent killpid=
00:47:51.770853609 pdns=4095/0/active/running/ named=0/inactive/dead/ agent=0/inactive/ jphase=absent killpid=
00:47:52.055667144 pdns=4095/0/active/running/ named=0/inactive/dead/ agent=0/inactive/ jphase=absent killpid=
00:47:52.341023614 pdns=4095/0/active/running/ named=0/inactive/dead/ agent=0/inactive/ jphase=absent killpid=
00:47:52.624058917 pdns=4095/0/active/running/ named=0/inactive/dead/ agent=0/inactive/ jphase=absent killpid=
00:47:52.905669771 pdns=4095/0/active/running/ named=0/inactive/dead/ agent=0/inactive/ jphase=absent killpid=
00:47:53.185888796 pdns=4095/0/active/running/ named=0/inactive/dead/ agent=0/inactive/ jphase=absent killpid=
00:47:53.469106402 pdns=4095/0/active/running/ named=0/inactive/dead/ agent=0/inactive/ jphase=absent killpid=
00:47:53.756169025 pdns=4095/0/active/running/ named=0/inactive/dead/ agent=0/inactive/ jphase=absent killpid=
00:47:54.039284523 pdns=4095/0/active/running/ named=0/inactive/dead/ agent=0/inactive/ jphase=absent killpid=
00:47:54.324320461 pdns=4095/0/active/running/ named=0/inactive/dead/ agent=0/inactive/ jphase=absent killpid=
00:47:54.607287635 pdns=4095/0/active/running/ named=0/inactive/dead/ agent=0/inactive/ jphase=absent killpid=
00:47:54.898179329 pdns=4095/0/active/running/ named=0/inactive/dead/ agent=0/inactive/ jphase=absent killpid=
00:47:55.222580341 pdns=4095/0/active/running/ named=0/inactive/dead/ agent=0/inactive/ jphase=absent killpid=
00:47:55.506098455 pdns=4095/0/active/running/ named=0/inactive/dead/ agent=0/inactive/ jphase=absent killpid=
00:47:55.788421292 pdns=4095/0/active/running/ named=0/inactive/dead/ agent=0/inactive/ jphase=absent killpid=
00:47:56.071710535 pdns=4095/0/active/running/ named=0/inactive/dead/ agent=0/inactive/ jphase=absent killpid=
00:47:56.356168417 pdns=4095/0/active/running/ named=0/inactive/dead/ agent=0/inactive/ jphase=absent killpid=
00:47:56.639301653 pdns=4095/0/active/running/ named=0/inactive/dead/ agent=0/inactive/ jphase=absent killpid=
00:47:56.935868110 pdns=4095/0/active/running/ named=0/inactive/dead/ agent=0/inactive/ jphase=absent killpid=
00:47:57.232950220 pdns=4095/0/active/running/ named=0/inactive/dead/ agent=0/inactive/ jphase=absent killpid=
00:47:57.515348776 pdns=4095/0/active/running/ named=0/inactive/dead/ agent=0/inactive/ jphase=absent killpid=
00:47:57.800849450 pdns=4095/0/active/running/ named=0/inactive/dead/ agent=0/inactive/ jphase=absent killpid=
00:47:58.080907285 pdns=4095/0/active/running/ named=0/inactive/dead/ agent=0/inactive/ jphase=absent killpid=
00:47:58.370706496 pdns=4095/0/active/running/ named=0/inactive/dead/ agent=0/inactive/ jphase=absent killpid=
00:47:58.660157581 pdns=4095/0/active/running/ named=0/inactive/dead/ agent=0/inactive/ jphase=absent killpid=
00:47:58.942253575 pdns=4095/0/active/running/ named=0/inactive/dead/ agent=0/inactive/ jphase=absent killpid=
00:47:59.225116567 pdns=4095/0/active/running/ named=0/inactive/dead/ agent=0/inactive/ jphase=absent killpid=
00:47:59.516083292 pdns=4095/0/active/running/ named=0/inactive/dead/ agent=0/inactive/ jphase=absent killpid=
00:47:59.800990807 pdns=4095/0/active/running/ named=0/inactive/dead/ agent=0/inactive/ jphase=absent killpid=
00:48:00.080697299 pdns=4095/0/active/running/ named=0/inactive/dead/ agent=0/inactive/ jphase=absent killpid=
00:48:00.363596871 pdns=4095/0/active/running/ named=0/inactive/dead/ agent=0/inactive/ jphase=absent killpid=
00:48:00.644425986 pdns=4095/0/active/running/ named=0/inactive/dead/ agent=0/inactive/ jphase=absent killpid=
00:48:00.928043031 pdns=4095/0/active/running/ named=0/inactive/dead/ agent=0/inactive/ jphase=absent killpid=
00:48:01.208896279 pdns=4095/0/active/running/ named=0/inactive/dead/ agent=0/inactive/ jphase=absent killpid=
00:48:01.493803672 pdns=4095/0/active/running/ named=0/inactive/dead/ agent=0/inactive/ jphase=absent killpid=
00:48:01.786125520 pdns=4095/0/active/running/ named=0/inactive/dead/ agent=0/inactive/ jphase=absent killpid=
00:48:02.070522136 pdns=4095/0/active/running/ named=0/inactive/dead/ agent=0/inactive/ jphase=absent killpid=
00:48:02.350115080 pdns=4095/0/active/running/ named=0/inactive/dead/ agent=0/inactive/ jphase=absent killpid=
00:48:02.633313782 pdns=4095/0/active/running/ named=0/inactive/dead/ agent=0/inactive/ jphase=absent killpid=
00:48:02.914012537 pdns=4095/0/active/running/ named=0/inactive/dead/ agent=0/inactive/ jphase=absent killpid=
00:48:03.196674411 pdns=4095/0/active/running/ named=0/inactive/dead/ agent=0/inactive/ jphase=absent killpid=
00:48:03.480407932 pdns=4095/0/active/running/ named=0/inactive/dead/ agent=0/inactive/ jphase=absent killpid=
00:48:03.765044851 pdns=4095/0/active/running/ named=0/inactive/dead/ agent=0/inactive/ jphase=absent killpid=
00:48:04.047923786 pdns=4095/0/active/running/ named=0/inactive/dead/ agent=0/inactive/ jphase=absent killpid=
00:48:04.337943416 pdns=4095/0/active/running/ named=0/inactive/dead/ agent=0/inactive/ jphase=absent killpid=
00:48:04.619902095 pdns=4095/0/active/running/ named=0/inactive/dead/ agent=0/inactive/ jphase=absent killpid=
00:48:04.910006806 pdns=4095/0/active/running/ named=0/inactive/dead/ agent=0/inactive/ jphase=absent killpid=
00:48:05.202745610 pdns=4095/0/active/running/ named=0/inactive/dead/ agent=0/inactive/ jphase=absent killpid=
00:48:05.497353063 pdns=4095/0/active/running/ named=0/inactive/dead/ agent=0/inactive/ jphase=absent killpid=
00:48:05.788580049 pdns=4095/0/active/running/ named=0/inactive/dead/ agent=0/inactive/ jphase=absent killpid=
00:48:06.069015300 pdns=4095/0/active/running/ named=0/inactive/dead/ agent=0/inactive/ jphase=absent killpid=
00:48:06.351704467 pdns=4095/0/active/running/ named=0/inactive/dead/ agent=0/inactive/ jphase=absent killpid=
00:48:06.636284539 pdns=4095/0/active/running/ named=0/inactive/dead/ agent=0/inactive/ jphase=absent killpid=
00:48:06.917496296 pdns=4095/0/active/running/ named=0/inactive/dead/ agent=0/inactive/ jphase=absent killpid=
00:48:07.202738320 pdns=4095/0/active/running/ named=0/inactive/dead/ agent=0/inactive/ jphase=absent killpid=
00:48:07.496490669 pdns=4095/0/active/running/ named=0/inactive/dead/ agent=0/inactive/ jphase=absent killpid=
00:48:07.778296488 pdns=4095/0/active/running/ named=0/inactive/dead/ agent=0/inactive/ jphase=absent killpid=
00:48:08.061927279 pdns=4095/0/active/running/ named=0/inactive/dead/ agent=0/inactive/ jphase=absent killpid=
00:48:08.344685919 pdns=4095/0/active/running/ named=0/inactive/dead/ agent=0/inactive/ jphase=absent killpid=
00:48:08.655569398 pdns=4095/0/active/running/ named=0/inactive/dead/ agent=0/inactive/ jphase=absent killpid=
00:48:08.939975187 pdns=4095/0/active/running/ named=0/inactive/dead/ agent=0/inactive/ jphase=absent killpid=
00:48:09.222545615 pdns=4095/0/active/running/ named=0/inactive/dead/ agent=0/inactive/ jphase=absent killpid=
00:48:09.503977863 pdns=4095/0/active/running/ named=0/inactive/dead/ agent=0/inactive/ jphase=absent killpid=
00:48:09.787677114 pdns=4095/0/active/running/ named=0/inactive/dead/ agent=0/inactive/ jphase=absent killpid=
00:48:10.073399748 pdns=4095/0/active/running/ named=0/inactive/dead/ agent=0/inactive/ jphase=absent killpid=
00:48:10.358441839 pdns=4095/0/active/running/ named=0/inactive/dead/ agent=0/inactive/ jphase=absent killpid=
00:48:10.640649534 pdns=4095/0/active/running/ named=0/inactive/dead/ agent=0/inactive/ jphase=absent killpid=
00:48:10.924143401 pdns=4095/0/active/running/ named=0/inactive/dead/ agent=0/inactive/ jphase=absent killpid=
00:48:11.206299104 pdns=4095/0/active/running/ named=0/inactive/dead/ agent=0/inactive/ jphase=absent killpid=
00:48:11.493075873 pdns=4095/0/active/running/ named=0/inactive/dead/ agent=0/inactive/ jphase=absent killpid=
00:48:11.781849500 pdns=4095/0/active/running/ named=0/inactive/dead/ agent=0/inactive/ jphase=absent killpid=
00:48:12.071772494 pdns=4095/0/active/running/ named=0/inactive/dead/ agent=0/inactive/ jphase=absent killpid=
00:48:12.378265161 pdns=4095/0/active/running/ named=0/inactive/dead/ agent=0/inactive/ jphase=absent killpid=
00:48:12.663251664 pdns=4095/0/active/running/ named=0/inactive/dead/ agent=0/inactive/ jphase=absent killpid=
00:48:12.944652335 pdns=4095/0/active/running/ named=0/inactive/dead/ agent=0/inactive/ jphase=absent killpid=
00:48:13.226269179 pdns=4095/0/active/running/ named=0/inactive/dead/ agent=0/inactive/ jphase=absent killpid=
00:48:13.507259072 pdns=4095/0/active/running/ named=0/inactive/dead/ agent=0/inactive/ jphase=absent killpid=
00:48:13.788402692 pdns=4095/0/active/running/ named=0/inactive/dead/ agent=0/inactive/ jphase=absent killpid=
00:48:14.068379833 pdns=4095/0/active/running/ named=0/inactive/dead/ agent=0/inactive/ jphase=absent killpid=
