21:07:27.718628593 CHANGE journal none -> absent
21:07:27.730622065 CHANGE ledger none -> 177f61d12ed0bb85e6ea535b807b376e26bbe0871405a13867c0b3cb6ea4b211
21:07:27.734363391 CHANGE state none -> absent
21:07:27.738438583 CHANGE pdnsdb none -> absent
21:07:27.742065638 POINTER 
21:07:27.743389584 pdns=0/0/inactive/dead/ named=0/inactive/dead/ agent=0/inactive/ jphase=absent killpid=
21:07:28.020994765 pdns=0/0/inactive/dead/ named=0/inactive/dead/ agent=0/inactive/ jphase=absent killpid=
21:07:28.293492589 pdns=0/0/inactive/dead/ named=0/inactive/dead/ agent=0/inactive/ jphase=absent killpid=
21:07:28.570134305 pdns=0/0/inactive/dead/ named=0/inactive/dead/ agent=0/inactive/ jphase=absent killpid=
21:07:28.858455954 pdns=0/0/inactive/dead/ named=0/inactive/dead/ agent=0/inactive/ jphase=absent killpid=1806,1851,
21:07:29.151447391 CHANGE ledger 177f61d12ed0bb85e6ea535b807b376e26bbe0871405a13867c0b3cb6ea4b211 -> e0767c29944926b3c8b89562f54e31fbd1c51df060e4a99db4ac3afaa38e7553
21:07:29.155182418 pdns=0/0/inactive/dead/ named=0/inactive/dead/ agent=0/inactive/ jphase=absent killpid=1806,1910,
21:07:29.435561335 pdns=0/0/inactive/dead/ named=0/inactive/dead/ agent=0/inactive/ jphase=absent killpid=1806,1910,
21:07:29.712895455 pdns=0/0/inactive/dead/ named=0/inactive/dead/ agent=0/inactive/ jphase=absent killpid=1806,1910,
21:07:30.001237252 pdns=0/0/inactive/dead/ named=0/inactive/dead/ agent=0/inactive/ jphase=absent killpid=1806,1910,
21:07:30.276336375 pdns=0/0/inactive/dead/ named=0/inactive/dead/ agent=0/inactive/ jphase=absent killpid=1806,1910,
21:07:30.556099903 pdns=0/0/inactive/dead/ named=0/inactive/dead/ agent=0/inactive/ jphase=absent killpid=1806,1910,
21:07:30.842827154 pdns=0/0/inactive/dead/ named=0/inactive/dead/ agent=0/inactive/ jphase=absent killpid=1806,1910,
21:07:31.118458309 pdns=0/0/inactive/dead/ named=0/inactive/dead/ agent=0/inactive/ jphase=absent killpid=1806,1910,
21:07:31.393320631 pdns=0/0/inactive/dead/ named=0/inactive/dead/ agent=0/inactive/ jphase=absent killpid=1806,1910,
21:07:31.670100948 pdns=0/0/inactive/dead/ named=0/inactive/dead/ agent=0/inactive/ jphase=absent killpid=1806,1910,
21:07:31.948193660 pdns=0/0/inactive/dead/ named=0/inactive/dead/ agent=0/inactive/ jphase=absent killpid=1806,1910,
21:07:32.251504316 pdns=0/0/inactive/dead/ named=0/inactive/dead/ agent=0/inactive/ jphase=absent killpid=1806,1910,
21:07:32.533443406 pdns=0/0/inactive/dead/ named=0/inactive/dead/ agent=0/inactive/ jphase=absent killpid=1806,1910,
21:07:32.821417854 pdns=0/0/inactive/dead/ named=0/inactive/dead/ agent=0/inactive/ jphase=absent killpid=1806,1910,
21:07:33.116529507 pdns=0/0/inactive/dead/ named=0/inactive/dead/ agent=0/inactive/ jphase=absent killpid=1806,1910,
21:07:33.392684723 pdns=0/0/inactive/dead/ named=0/inactive/dead/ agent=0/inactive/ jphase=absent killpid=1806,1910,
21:07:33.671884724 pdns=0/0/inactive/dead/ named=0/inactive/dead/ agent=0/inactive/ jphase=absent killpid=1806,1910,
21:07:33.954088402 CHANGE ledger e0767c29944926b3c8b89562f54e31fbd1c51df060e4a99db4ac3afaa38e7553 -> 392b2ee05fd09e0a46f5d3d3eb994009a5701ed2620bc7acff0361e502fd850c
21:07:33.958197337 pdns=0/0/inactive/dead/ named=0/inactive/dead/ agent=0/inactive/ jphase=absent killpid=1806,1910,
21:07:34.235791187 pdns=0/0/inactive/dead/ named=0/inactive/dead/ agent=0/inactive/ jphase=absent killpid=1806,1910,
21:07:34.763300896 pdns=0/0/inactive/dead/ named=0/inactive/dead/ agent=0/inactive/ jphase=absent killpid=1806,1910,
21:07:35.203263062 pdns=0/0/inactive/dead/ named=0/inactive/dead/ agent=0/inactive/ jphase=absent killpid=1806,1910,
21:07:35.494264370 pdns=0/0/inactive/dead/ named=0/inactive/dead/ agent=0/inactive/ jphase=absent killpid=1806,1910,
21:07:35.785157354 pdns=0/0/inactive/dead/ named=0/inactive/dead/ agent=0/inactive/ jphase=absent killpid=1806,1910,
21:07:36.081066858 pdns=0/0/inactive/dead/ named=0/inactive/dead/ agent=0/inactive/ jphase=absent killpid=1806,1910,
21:07:36.364873253 pdns=0/0/inactive/dead/ named=0/inactive/dead/ agent=0/inactive/ jphase=absent killpid=1806,1910,
21:07:36.647177327 pdns=0/0/inactive/dead/ named=0/inactive/dead/ agent=0/inactive/ jphase=absent killpid=1806,1910,
21:07:36.932637827 CHANGE ledger 392b2ee05fd09e0a46f5d3d3eb994009a5701ed2620bc7acff0361e502fd850c -> 12a37e95418a7113b0d5cb7921c6e8d7f88ff7ed1e467345d83f1519e3706a1c
21:07:36.937150927 pdns=0/0/inactive/dead/ named=0/inactive/dead/ agent=0/inactive/ jphase=absent killpid=1806,
21:07:37.221969450 CHANGE ledger 12a37e95418a7113b0d5cb7921c6e8d7f88ff7ed1e467345d83f1519e3706a1c -> 89efccb7cca52e2ea8d9b462df04fb3dbdacac4b8936dbffb320f3b01bc9ba5e
21:07:37.225505734 pdns=0/0/inactive/dead/ named=0/inactive/dead/ agent=0/inactive/ jphase=absent killpid=1806,
21:07:37.563824544 CHANGE ledger 89efccb7cca52e2ea8d9b462df04fb3dbdacac4b8936dbffb320f3b01bc9ba5e -> fcd67b7857f54c2cef81d3a93a13948a4e5d26d9c6887c6c0850c0e876059fdb
21:07:37.567629329 pdns=0/0/inactive/dead/ named=0/inactive/dead/ agent=0/inactive/ jphase=absent killpid=1806,2740,
21:07:37.845895545 pdns=0/0/inactive/dead/ named=0/inactive/dead/ agent=0/inactive/ jphase=absent killpid=1806,2740,
21:07:38.126558073 pdns=0/0/inactive/dead/ named=0/inactive/dead/ agent=0/inactive/ jphase=absent killpid=1806,2740,
21:07:38.402759579 pdns=0/0/inactive/dead/ named=0/inactive/dead/ agent=0/inactive/ jphase=absent killpid=1806,2740,
21:07:38.685679369 pdns=0/0/inactive/dead/ named=0/inactive/dead/ agent=0/inactive/ jphase=absent killpid=1806,2740,
21:07:38.974982029 CHANGE ledger fcd67b7857f54c2cef81d3a93a13948a4e5d26d9c6887c6c0850c0e876059fdb -> fc03df8d3340b36b1f68026b6408de3206a75dcfaa22b23306f380092d77be4e
21:07:38.980664415 pdns=0/0/inactive/dead/ named=0/inactive/dead/ agent=0/inactive/ jphase=absent killpid=1806,2740,
21:07:39.287983116 pdns=0/0/inactive/dead/ named=0/inactive/dead/ agent=0/inactive/ jphase=absent killpid=1806,2740,
21:07:39.567657450 pdns=0/0/inactive/dead/ named=0/inactive/dead/ agent=0/inactive/ jphase=absent killpid=1806,2740,
21:07:39.848979219 pdns=0/0/inactive/dead/ named=0/inactive/dead/ agent=0/inactive/ jphase=absent killpid=1806,2740,
21:07:40.127380686 pdns=0/0/inactive/dead/ named=0/inactive/dead/ agent=0/inactive/ jphase=absent killpid=1806,2740,
21:07:40.405133386 pdns=0/0/inactive/dead/ named=0/inactive/dead/ agent=0/inactive/ jphase=absent killpid=1806,2740,
21:07:40.691525022 pdns=0/0/inactive/dead/ named=0/inactive/dead/ agent=0/inactive/ jphase=absent killpid=1806,2740,
21:07:40.980840992 pdns=0/0/inactive/dead/ named=0/inactive/dead/ agent=0/inactive/ jphase=absent killpid=1806,2740,
21:07:41.259828869 pdns=0/0/inactive/dead/ named=0/inactive/dead/ agent=0/inactive/ jphase=absent killpid=1806,2740,
21:07:41.544452187 CHANGE ledger fc03df8d3340b36b1f68026b6408de3206a75dcfaa22b23306f380092d77be4e -> 85e203b549becb826f5d9a167e615e1556ebaa0b26f3b7503ea833f5db0846ec
21:07:41.548196950 pdns=0/0/inactive/dead/ named=0/inactive/dead/ agent=0/inactive/ jphase=absent killpid=1806,3275,
21:07:41.942169008 CHANGE ledger 85e203b549becb826f5d9a167e615e1556ebaa0b26f3b7503ea833f5db0846ec -> 461edf722f69c9bf4d53a3c6325035c1bd57ec51eebfe8da78f7d2de57f6f27b
21:07:41.947641336 pdns=0/0/inactive/dead/ named=0/inactive/dead/ agent=0/inactive/ jphase=absent killpid=1806,3374,
21:07:42.242980658 CHANGE journal absent -> df9e0818b79f4604475edc36b6e6e11ccacbef2af7ee2b7d681cf9428274b44c
21:07:42.257978084 CHANGE ledger 461edf722f69c9bf4d53a3c6325035c1bd57ec51eebfe8da78f7d2de57f6f27b -> e8f105dbcf2c53211b3dc24b68014c68f8e138294712c02632f651a3f81122c8
21:07:42.261852699 pdns=0/0/inactive/dead/ named=0/inactive/dead/ agent=0/inactive/ jphase=intent killpid=1806,
21:07:42.541033336 CHANGE ledger e8f105dbcf2c53211b3dc24b68014c68f8e138294712c02632f651a3f81122c8 -> 8285655361f4af253d865126c26a7deeae883b552265454cc9f24045e92cb777
21:07:42.545746652 pdns=0/0/inactive/dead/ named=0/inactive/dead/ agent=0/inactive/ jphase=target-staged killpid=
21:07:42.975108354 CHANGE journal df9e0818b79f4604475edc36b6e6e11ccacbef2af7ee2b7d681cf9428274b44c -> be5a83778d7db001313826468136e036fcb17063d7693dc8360e084346f7079e
21:07:42.983514954 CHANGE ledger 8285655361f4af253d865126c26a7deeae883b552265454cc9f24045e92cb777 -> db7d1926f998586e75667cd79b745622f8a16526bed06474e9f68cc3eca8b22e
21:07:42.987343153 pdns=0/0/inactive/dead/ named=0/inactive/dead/ agent=3529/active/ jphase=target-staged killpid=
21:07:43.271430318 pdns=0/0/inactive/dead/ named=0/inactive/dead/ agent=3529/active/ jphase=target-staged killpid=
21:07:43.548416423 CHANGE journal be5a83778d7db001313826468136e036fcb17063d7693dc8360e084346f7079e -> c662c753472ca866aa99a4e2b96dffcc39a545f3e8fe89cfe93ab98ee61a2586
21:07:43.556876904 pdns=0/0/inactive/dead/ named=0/inactive/dead/ agent=3529/active/ jphase=rolling-back killpid=
21:07:43.857041395 pdns=0/0/inactive/dead/ named=0/inactive/dead/ agent=3529/active/ jphase=rolling-back killpid=
21:07:44.152118394 pdns=0/0/inactive/dead/ named=0/inactive/dead/ agent=3529/active/ jphase=rolling-back killpid=
21:07:44.445764853 CHANGE journal c662c753472ca866aa99a4e2b96dffcc39a545f3e8fe89cfe93ab98ee61a2586 -> 37769720b4d7ff78288f8c78eca5dfeb6ba5ef8c88cbbe253327d6902ee726a8
21:07:44.453983527 pdns=0/0/inactive/dead/ named=0/inactive/dead/ agent=3529/active/ jphase=absent killpid=
21:07:44.737504758 CHANGE journal 37769720b4d7ff78288f8c78eca5dfeb6ba5ef8c88cbbe253327d6902ee726a8 -> absent
21:07:44.744657142 pdns=0/0/inactive/dead/ named=0/inactive/dead/ agent=3529/active/ jphase=absent killpid=
21:07:45.030628918 pdns=0/0/inactive/dead/ named=0/inactive/dead/ agent=3529/active/ jphase=absent killpid=
21:07:45.325516930 pdns=0/0/inactive/dead/ named=0/inactive/dead/ agent=3529/active/ jphase=absent killpid=
21:07:45.597890569 pdns=0/0/inactive/dead/ named=0/inactive/dead/ agent=3529/active/ jphase=absent killpid=
21:07:45.868677276 pdns=0/0/inactive/dead/ named=0/inactive/dead/ agent=3529/active/ jphase=absent killpid=
21:07:46.141792992 pdns=0/0/inactive/dead/ named=0/inactive/dead/ agent=3529/active/ jphase=absent killpid=
21:07:46.424680873 pdns=0/0/inactive/dead/ named=0/inactive/dead/ agent=3529/active/ jphase=absent killpid=
21:07:46.706390599 pdns=0/0/inactive/dead/ named=0/inactive/dead/ agent=3529/active/ jphase=absent killpid=
21:07:46.985619149 pdns=0/0/inactive/dead/ named=0/inactive/dead/ agent=3529/active/ jphase=absent killpid=
21:07:47.259681193 pdns=0/0/inactive/dead/ named=0/inactive/dead/ agent=3529/active/ jphase=absent killpid=
21:07:47.532208327 pdns=0/0/inactive/dead/ named=0/inactive/dead/ agent=3529/active/ jphase=absent killpid=
21:07:47.807539179 pdns=0/0/inactive/dead/ named=0/inactive/dead/ agent=3529/active/ jphase=absent killpid=
21:07:48.079722124 pdns=0/0/inactive/dead/ named=0/inactive/dead/ agent=3529/active/ jphase=absent killpid=
21:07:48.351089285 pdns=0/0/inactive/dead/ named=0/inactive/dead/ agent=3529/active/ jphase=absent killpid=
21:07:48.624866380 pdns=0/0/inactive/dead/ named=0/inactive/dead/ agent=3529/active/ jphase=absent killpid=
21:07:48.901826919 pdns=0/0/inactive/dead/ named=0/inactive/dead/ agent=3529/active/ jphase=absent killpid=
21:07:49.191134667 pdns=0/0/inactive/dead/ named=0/inactive/dead/ agent=3529/active/ jphase=absent killpid=
21:07:49.464847401 pdns=0/0/inactive/dead/ named=0/inactive/dead/ agent=3529/active/ jphase=absent killpid=
21:07:49.739877163 pdns=0/0/inactive/dead/ named=0/inactive/dead/ agent=3529/active/ jphase=absent killpid=
21:07:50.014967566 pdns=0/0/inactive/dead/ named=0/inactive/dead/ agent=3529/active/ jphase=absent killpid=
21:07:50.285545603 pdns=0/0/inactive/dead/ named=0/inactive/dead/ agent=3529/active/ jphase=absent killpid=
21:07:50.557634887 pdns=0/0/inactive/dead/ named=0/inactive/dead/ agent=3529/active/ jphase=absent killpid=
21:07:50.829562095 pdns=0/0/inactive/dead/ named=0/inactive/dead/ agent=3529/active/ jphase=absent killpid=
21:07:51.103249114 pdns=0/0/inactive/dead/ named=0/inactive/dead/ agent=3529/active/ jphase=absent killpid=
21:07:51.374318580 pdns=0/0/inactive/dead/ named=0/inactive/dead/ agent=3529/active/ jphase=absent killpid=
21:07:51.648034116 pdns=0/0/inactive/dead/ named=0/inactive/dead/ agent=3529/active/ jphase=absent killpid=
21:07:51.921090302 pdns=0/0/inactive/dead/ named=0/inactive/dead/ agent=3529/active/ jphase=absent killpid=
21:07:52.192985416 pdns=0/0/inactive/dead/ named=0/inactive/dead/ agent=3529/active/ jphase=absent killpid=
21:07:52.466432219 pdns=0/0/inactive/dead/ named=0/inactive/dead/ agent=3529/active/ jphase=absent killpid=
21:07:52.738666202 pdns=0/0/inactive/dead/ named=0/inactive/dead/ agent=3529/active/ jphase=absent killpid=
21:07:53.012588469 pdns=0/0/inactive/dead/ named=0/inactive/dead/ agent=3529/active/ jphase=absent killpid=
21:07:53.287942276 pdns=0/0/inactive/dead/ named=0/inactive/dead/ agent=3529/active/ jphase=absent killpid=
21:07:53.558713405 pdns=0/0/inactive/dead/ named=0/inactive/dead/ agent=3529/active/ jphase=absent killpid=
21:07:53.831743481 pdns=0/0/inactive/dead/ named=0/inactive/dead/ agent=3529/active/ jphase=absent killpid=
21:07:54.103806423 pdns=0/0/inactive/dead/ named=0/inactive/dead/ agent=3529/active/ jphase=absent killpid=
21:07:54.376495283 pdns=0/0/inactive/dead/ named=0/inactive/dead/ agent=3529/active/ jphase=absent killpid=
21:07:54.647568585 pdns=0/0/inactive/dead/ named=0/inactive/dead/ agent=3529/active/ jphase=absent killpid=
21:07:54.925047127 pdns=0/0/inactive/dead/ named=0/inactive/dead/ agent=3529/active/ jphase=absent killpid=
21:07:55.197361597 pdns=0/0/inactive/dead/ named=0/inactive/dead/ agent=3529/active/ jphase=absent killpid=
21:07:55.472885273 pdns=0/0/inactive/dead/ named=0/inactive/dead/ agent=3529/active/ jphase=absent killpid=
21:07:55.743978900 pdns=0/0/inactive/dead/ named=0/inactive/dead/ agent=3529/active/ jphase=absent killpid=
21:07:56.018087880 pdns=0/0/inactive/dead/ named=0/inactive/dead/ agent=3529/active/ jphase=absent killpid=
21:07:56.289966496 pdns=0/0/inactive/dead/ named=0/inactive/dead/ agent=3529/active/ jphase=absent killpid=
21:07:56.561151832 pdns=0/0/inactive/dead/ named=0/inactive/dead/ agent=3529/active/ jphase=absent killpid=
21:07:56.840551605 pdns=0/0/inactive/dead/ named=0/inactive/dead/ agent=3529/active/ jphase=absent killpid=
21:07:57.119983334 pdns=0/0/inactive/dead/ named=0/inactive/dead/ agent=3529/active/ jphase=absent killpid=
21:07:57.395207312 pdns=0/0/inactive/dead/ named=0/inactive/dead/ agent=3529/active/ jphase=absent killpid=
21:07:57.668753923 pdns=0/0/inactive/dead/ named=0/inactive/dead/ agent=3529/active/ jphase=absent killpid=
21:07:57.946892236 pdns=0/0/inactive/dead/ named=0/inactive/dead/ agent=3529/active/ jphase=absent killpid=
21:07:58.243040101 pdns=0/0/inactive/dead/ named=0/inactive/dead/ agent=3529/active/ jphase=absent killpid=
21:07:58.514937908 pdns=0/0/inactive/dead/ named=0/inactive/dead/ agent=3529/active/ jphase=absent killpid=
21:07:58.785291267 pdns=0/0/inactive/dead/ named=0/inactive/dead/ agent=3529/active/ jphase=absent killpid=
21:07:59.057088728 pdns=0/0/inactive/dead/ named=0/inactive/dead/ agent=3529/active/ jphase=absent killpid=
21:07:59.327719315 pdns=0/0/inactive/dead/ named=0/inactive/dead/ agent=3529/active/ jphase=absent killpid=
21:07:59.599871662 pdns=0/0/inactive/dead/ named=0/inactive/dead/ agent=3529/active/ jphase=absent killpid=
21:07:59.871680811 pdns=0/0/inactive/dead/ named=0/inactive/dead/ agent=3529/active/ jphase=absent killpid=
21:08:00.144255472 pdns=0/0/inactive/dead/ named=0/inactive/dead/ agent=3529/active/ jphase=absent killpid=
21:08:00.421672379 pdns=0/0/inactive/dead/ named=0/inactive/dead/ agent=3529/active/ jphase=absent killpid=
21:08:00.695565073 pdns=0/0/inactive/dead/ named=0/inactive/dead/ agent=3529/active/ jphase=absent killpid=
21:08:00.968480249 pdns=0/0/inactive/dead/ named=0/inactive/dead/ agent=3529/active/ jphase=absent killpid=
21:08:01.241253122 pdns=0/0/inactive/dead/ named=0/inactive/dead/ agent=3529/active/ jphase=absent killpid=
21:08:01.514333330 pdns=0/0/inactive/dead/ named=0/inactive/dead/ agent=3529/active/ jphase=absent killpid=
21:08:01.786425603 pdns=0/0/inactive/dead/ named=0/inactive/dead/ agent=3529/active/ jphase=absent killpid=
21:08:02.066690070 pdns=0/0/inactive/dead/ named=0/inactive/dead/ agent=3529/active/ jphase=absent killpid=
21:08:02.338778124 pdns=0/0/inactive/dead/ named=0/inactive/dead/ agent=3529/active/ jphase=absent killpid=
21:08:02.612757512 pdns=0/0/inactive/dead/ named=0/inactive/dead/ agent=3529/active/ jphase=absent killpid=
21:08:02.885855364 pdns=0/0/inactive/dead/ named=0/inactive/dead/ agent=3529/active/ jphase=absent killpid=
21:08:03.159212620 pdns=0/0/inactive/dead/ named=0/inactive/dead/ agent=3529/active/ jphase=absent killpid=
21:08:03.430886446 pdns=0/0/inactive/dead/ named=0/inactive/dead/ agent=3529/active/ jphase=absent killpid=
21:08:03.706283587 pdns=0/0/inactive/dead/ named=0/inactive/dead/ agent=3529/active/ jphase=absent killpid=
21:08:03.981217181 pdns=0/0/inactive/dead/ named=0/inactive/dead/ agent=3529/active/ jphase=absent killpid=
21:08:04.251722182 pdns=0/0/inactive/dead/ named=0/inactive/dead/ agent=3529/active/ jphase=absent killpid=
21:08:04.523400128 pdns=0/0/inactive/dead/ named=0/inactive/dead/ agent=3529/active/ jphase=absent killpid=
21:08:04.803931103 pdns=0/0/inactive/dead/ named=0/inactive/dead/ agent=3529/active/ jphase=absent killpid=
21:08:05.086873629 pdns=0/0/inactive/dead/ named=0/inactive/dead/ agent=3529/active/ jphase=absent killpid=
21:08:05.359835033 pdns=0/0/inactive/dead/ named=0/inactive/dead/ agent=3529/active/ jphase=absent killpid=
21:08:05.631656132 pdns=0/0/inactive/dead/ named=0/inactive/dead/ agent=3529/active/ jphase=absent killpid=
21:08:05.903874714 pdns=0/0/inactive/dead/ named=0/inactive/dead/ agent=3529/active/ jphase=absent killpid=
21:08:06.175806944 pdns=0/0/inactive/dead/ named=0/inactive/dead/ agent=3529/active/ jphase=absent killpid=
21:08:06.462969628 pdns=0/0/inactive/dead/ named=0/inactive/dead/ agent=3529/active/ jphase=absent killpid=
21:08:06.735455967 pdns=0/0/inactive/dead/ named=0/inactive/dead/ agent=3529/active/ jphase=absent killpid=
21:08:07.019811728 pdns=0/0/inactive/dead/ named=0/inactive/dead/ agent=3529/active/ jphase=absent killpid=
21:08:07.294545681 pdns=0/0/inactive/dead/ named=0/inactive/dead/ agent=3529/active/ jphase=absent killpid=
21:08:07.580627381 pdns=0/0/inactive/dead/ named=0/inactive/dead/ agent=3529/active/ jphase=absent killpid=
21:08:07.863266097 pdns=0/0/inactive/dead/ named=0/inactive/dead/ agent=3529/active/ jphase=absent killpid=
21:08:08.142974349 pdns=0/0/inactive/dead/ named=0/inactive/dead/ agent=3529/active/ jphase=absent killpid=
21:08:08.422129148 pdns=0/0/inactive/dead/ named=0/inactive/dead/ agent=3529/active/ jphase=absent killpid=
21:08:08.705301838 pdns=0/0/inactive/dead/ named=0/inactive/dead/ agent=3529/active/ jphase=absent killpid=
21:08:08.998626372 pdns=0/0/inactive/dead/ named=0/inactive/dead/ agent=3529/active/ jphase=absent killpid=
21:08:09.269826718 pdns=0/0/inactive/dead/ named=0/inactive/dead/ agent=3529/active/ jphase=absent killpid=
21:08:09.543475903 pdns=0/0/inactive/dead/ named=0/inactive/dead/ agent=3529/active/ jphase=absent killpid=
21:08:09.814762645 pdns=0/0/inactive/dead/ named=0/inactive/dead/ agent=3529/active/ jphase=absent killpid=
21:08:10.096035199 pdns=0/0/inactive/dead/ named=0/inactive/dead/ agent=3529/active/ jphase=absent killpid=
21:08:10.366720146 pdns=0/0/inactive/dead/ named=0/inactive/dead/ agent=3529/active/ jphase=absent killpid=
21:08:10.640511944 pdns=0/0/inactive/dead/ named=0/inactive/dead/ agent=3529/active/ jphase=absent killpid=
21:08:10.930171781 pdns=0/0/inactive/dead/ named=0/inactive/dead/ agent=3529/active/ jphase=absent killpid=
21:08:11.205335419 pdns=0/0/inactive/dead/ named=0/inactive/dead/ agent=3529/active/ jphase=absent killpid=
21:08:11.481941815 pdns=0/0/inactive/dead/ named=0/inactive/dead/ agent=3529/active/ jphase=absent killpid=
21:08:11.753559483 pdns=0/0/inactive/dead/ named=0/inactive/dead/ agent=3529/active/ jphase=absent killpid=
21:08:12.025550966 pdns=0/0/inactive/dead/ named=0/inactive/dead/ agent=3529/active/ jphase=absent killpid=
21:08:12.297136388 pdns=0/0/inactive/dead/ named=0/inactive/dead/ agent=3529/active/ jphase=absent killpid=
21:08:12.571088879 pdns=0/0/inactive/dead/ named=0/inactive/dead/ agent=3529/active/ jphase=absent killpid=
21:08:12.847946641 pdns=0/0/inactive/dead/ named=0/inactive/dead/ agent=3529/active/ jphase=absent killpid=
21:08:13.123411364 pdns=0/0/inactive/dead/ named=0/inactive/dead/ agent=3529/active/ jphase=absent killpid=
21:08:13.395464798 pdns=0/0/inactive/dead/ named=0/inactive/dead/ agent=3529/active/ jphase=absent killpid=
21:08:13.672738041 pdns=0/0/inactive/dead/ named=0/inactive/dead/ agent=3529/active/ jphase=absent killpid=
21:08:13.949258812 pdns=0/0/inactive/dead/ named=0/inactive/dead/ agent=3529/active/ jphase=absent killpid=
21:08:14.226205984 pdns=0/0/inactive/dead/ named=0/inactive/dead/ agent=3529/active/ jphase=absent killpid=
21:08:14.501607701 pdns=0/0/inactive/dead/ named=0/inactive/dead/ agent=3529/active/ jphase=absent killpid=
21:08:14.773447233 pdns=0/0/inactive/dead/ named=0/inactive/dead/ agent=3529/active/ jphase=absent killpid=
21:08:15.063958084 pdns=0/0/inactive/dead/ named=0/inactive/dead/ agent=3529/active/ jphase=absent killpid=
21:08:15.336392905 pdns=0/0/inactive/dead/ named=0/inactive/dead/ agent=3529/active/ jphase=absent killpid=
done
