2026-09-30T05:05:58Z
repository HEAD at build time (record only): bdd0b58c6d5211a8d7d972ffa9fd31b6fd337440
tested commit: 542ccc8ef108c30aef1b94033a280132d52d8d5c
branch accept/pdns-primary-gate-open-8: 542ccc8ef108c30aef1b94033a280132d52d8d5c
parent of tested commit: bdd0b58c6d5211a8d7d972ffa9fd31b6fd337440
main line bdd0b58c: bdd0b58c6d5211a8d7d972ffa9fd31b6fd337440
web/dist absent in the archive (untracked build output)
go version go1.26.5 linux/amd64
go1.26.5

https://proxy.golang.org,direct
/root/go/pkg/mod
d376dbc607e7776fc7a41138f0de2a973175cdccd32371fdf4c9aa65521c51b4
== artifacts
395d59272d8c6222656e2189705585786f38b7c1ce98ac80979135d389158c5f  /root/cp-b11-artifacts/agent
a072d916f545d0dc4ca0c67638856cf18c96b392c70ab65839936c4501fe4e54  /root/cp-b11-artifacts/agent.kill
39a71a2832b6656c399a353f7487698d24edc687b099a28d6dff5d130257a3e4  /root/cp-b11-artifacts/panel
361014c041f99f40511437df770c2d42c4788fd2156e60d037f75d2f1cb89123  /root/cp-b11-artifacts/dns-kill-trigger
e31944223b5be78b297e30efa093f271163cfc6f4113cee25e110c3bc8f6d77d  /root/cp-b11-artifacts/recovery
84863f47e44eddebd29b973f71454f0c598cab96b7571b6f41cc39dcfd927bc7  /root/cp-b11-artifacts/agent-checker
029c40dabbd92fcb58d7098dc57ba39d14c5a07fcc59156d8f079793619b4b85  /root/cp-b11-artifacts/panel-checker
fe277c46ea8b50f00a80e71976198f28db89667789a737e0a78c0f4a83e9cb87  /root/cp-b11-artifacts/schema17-bridge
ac28c467051e646f7443becc1222ecdff3897db0831c200a1facae3befa1c81c  /root/cp-b11-artifacts/dns-owner-tools/bind-peer-inspect
75e0e4eec2498d3a95b2cd2190a95c9ad03c3fffeca5a0b163de5ae3ac306520  /root/cp-b11-artifacts/dns-owner-tools/dns-peer-enroll
0e7c0212746aa0a43d708c00efaef51e429ae1bc6498c30940db332a381d1709  /root/cp-b11-artifacts/dns-owner-tools/pdns-peer-inspect
67ea9ca83bffa57ab290755cb9435cf37bc41348da27ca9fc9053e612bc22f42  /root/cp-b11-artifacts/dns-owner-tools/README.md
== recovery-runtime
84863f47e44eddebd29b973f71454f0c598cab96b7571b6f41cc39dcfd927bc7  ./bin/agent-checker
029c40dabbd92fcb58d7098dc57ba39d14c5a07fcc59156d8f079793619b4b85  ./bin/panel-checker
e31944223b5be78b297e30efa093f271163cfc6f4113cee25e110c3bc8f6d77d  ./bin/recovery
fe277c46ea8b50f00a80e71976198f28db89667789a737e0a78c0f4a83e9cb87  ./bin/schema17-bridge
6645927653114b4d59fbf6e29147f12920ceaec058d0ecc7b92faa71fd1bf6c3  ./deploy/panel-tls-snapshot.sh
391eba13d077e0f8016cdfc8e95ce5fb67711b1e9b4a91ed7446ebdbb4ccf004  ./deploy/recovery/runtime-entry.sh
f499446812b90aee362112743f4e491d5ecfa40511a510d08cbb006babdd48b0  ./deploy/release-recovery-foundation.sh
db3e2dd23d4b81d9e533354e5d345d26eb43b7943ba20cf7b4ba19fac20cea1e  ./deploy/release-recovery-observation.sh
4543920d5cc7a4d76c5c3ff91e8a03f4f02bd0e005577b40dc5c740af32c8257  ./deploy/release-transaction-guard.sh
f163b496a8f48ae55a12658f34125f666c45672eccc4b27c03d58b7367848fc2  ./deploy/release-unit-transition.sh
cbe3841aef57c62d0242a2957f728100fceca84a7a23135d51156562006ac822  ./rollback.sh
d376dbc607e7776fc7a41138f0de2a973175cdccd32371fdf4c9aa65521c51b4  ./runtime.manifest
dea6eafb9608e1b956e8fee7ddc85908e649056fa6727be9c373cec233154db8  ./update.sh
38706f6c5ec48416e70fb88caa536ec4393926ea4a9d81d17c459dc8cd29c4c3  /root/cp-b11-tools/oi-smstatus
990d478f9bba182c425093afa04a281803dc44f8d21c8d5dc2a5725c3faa4ead  /root/cp-b11-tools/overlay.json
57823885e8778d4fa5f67b3458042fc1f0cab7cb3a0603af00ec2bd202d85077  /root/cp-b11-tools/smstatus.go
/root/cp-b11-artifacts/agent: go1.26.5
	path	github.com/alicelik/celikpanel/cmd/agent
	mod	github.com/alicelik/celikpanel	(devel)	
== comparison with the 0d4c0324 batch-10 build (/root/cp-b10-artifacts, read only)
DIFFERENT agent
DIFFERENT agent.kill
DIFFERENT panel
DIFFERENT dns-kill-trigger
DIFFERENT recovery
DIFFERENT agent-checker
DIFFERENT panel-checker
IDENTICAL schema17-bridge
DIFFERENT recovery-runtime/runtime.manifest
DIFFERENT dns-owner-tools/dns-peer-enroll
DIFFERENT dns-owner-tools/bind-peer-inspect
DIFFERENT dns-owner-tools/pdns-peer-inspect
1,3c1,3
< 4590da5313436648d5a891e32f03a9f3bb45fcc1e68d436fef16f35ea7951bde  ./bin/agent-checker
< 33951fd96f75b4ecc3dceedcc673dc693c0954639fc85c67a2ed7e2d35bc4bdf  ./bin/panel-checker
< 60bd04bee1e1c784bb4a1199aa7bbb6f307605b6acbcc963a7d2c186e962de6e  ./bin/recovery
---
> 84863f47e44eddebd29b973f71454f0c598cab96b7571b6f41cc39dcfd927bc7  ./bin/agent-checker
> 029c40dabbd92fcb58d7098dc57ba39d14c5a07fcc59156d8f079793619b4b85  ./bin/panel-checker
> e31944223b5be78b297e30efa093f271163cfc6f4113cee25e110c3bc8f6d77d  ./bin/recovery
12c12
< fdcc379d0f7056d2c261e64f8417dc384f92b623dc10cc474985d84df80b0ca1  ./runtime.manifest
---
> d376dbc607e7776fc7a41138f0de2a973175cdccd32371fdf4c9aa65521c51b4  ./runtime.manifest
recovery-runtime tree DIFFERENT
DIFFERENT oi-smstatus
== gate constants in the tested source
cmd/agent/dns_engine_pdns_switch.go:48:const freshPairedPDNSPrimaryAdmitted = true
cmd/panel/dns_engine.go:1290:const freshPairedPDNSPrimaryOffered = true
== changed code paths 0d4c0324..542ccc8e (cmd/ internal/ deploy/e2e/dns-kill-matrix/*.py, excluding evidence)
 cmd/panel/domain_delete_saga.go                    |  13 +-
 cmd/panel/domain_deletion_status.go                |  40 +-
 cmd/panel/domain_handlers.go                       |  21 +-
 cmd/panel/httperr.go                               |   6 +-
 cmd/pdns-peer-inspect/main_linux.go                |  12 +-
 cmd/pdns-peer-inspect/main_linux_test.go           |  42 ++
 deploy/e2e/dns-kill-matrix/guest_bootstrap.py      |  71 +-
 .../e2e/dns-kill-matrix/native_pdns_bind_peer.py   |  70 +-
 deploy/e2e/dns-kill-matrix/native_primary_peer.py  |  11 +
 .../test_fresh_primary_batch8_fixes.py             |   4 +-
 .../test_fresh_primary_serial_zero_zone.py         |   2 +
 .../dns-kill-matrix/test_native_pdns_bind_peer.py  |  77 ++-
 .../dns-kill-matrix/test_zone_lifecycle_recover.py | 114 +++-
 internal/binddns/delta.go                          |  10 +-
 internal/binddns/manifest.go                       |  31 +-
 internal/binddns/pairing.go                        |  44 +-
 internal/binddns/secondary_config_test.go          |   4 +-
 internal/binddns/secondary_transfer_test.go        | 162 +++++
 internal/binddns/types.go                          |   9 +
 internal/bindpeerinspector/inspector.go            |  36 +-
 internal/bindpeerinspector/inspector_linux_test.go |  14 +
 internal/bindpeerinspector/native_linux.go         |  60 +-
 internal/dnspeerproof/inspector_reason.go          |  50 ++
 internal/dnspeertransport/transport_linux.go       |  97 ++-
 internal/dnspeertransport/transport_linux_test.go  |  40 ++
 internal/pdnsmanagedconf/render.go                 | 101 +++
 internal/pdnsmanagedconf/render_test.go            |  77 +++
 internal/pdnspeerinspector/README.md               |   7 +
 internal/pdnspeerinspector/config_linux.go         | 411 ++++++++++++
 internal/pdnspeerinspector/config_linux_test.go    | 438 ++++++++++++
 internal/pdnspeerinspector/inspector.go            |  25 +
 internal/pdnspeerinspector/native_linux.go         | 100 +--
 internal/pdnspeerinspector/protocol.go             |  31 +-
 internal/pdnspeerinspector/testdata/.gitattributes |   2 +
 .../testdata/debian13-package-pdns.conf            | 740 +++++++++++++++++++++
 internal/pdnspeertransport/transport_linux.go      |  19 +
 internal/pdnspeertransport/transport_linux_test.go |  39 ++
 internal/transport/dns_peer_pending_codes.go       |  86 ++-
 internal/transport/dns_peer_pending_codes_test.go  |  28 +
 62 files changed, 4175 insertions(+), 277 deletions(-)
== harness file hashes
a0ae7f57f58304688a085e94a14845b5f49f5dbaaa698f5bba3343b2912be168  fixture.py
05b89ea9561cb791d699070f2834b33980de053be5712077cf51064f8b47cdbf  guest_bootstrap.py
d900f9f039e83b85faf974bd8199deb63f66d46325735701063662673363a19a  guest_bootstrap.sh
3b6187eb087e96d1acf0056afc14ac191dce8cbd9fcbbf7b3c9b37b2a1e57c69  run_cell.py
ef5a749a1f7d9015261d54a75c266aa7a6be5d68bb29c9d08d36e5a93a3b54ed  guest_recovery_probe.py
a140f22d622337045d20e3acd41d93fc7527d920a493eb73724828ab6a7033c2  native_pdns_bind_peer.py
a6a9d464061bc63a08429b644668100d414467eb2dd9969b8d6c6515bc0ff80a  native_pdns_peer_probe.py
dcf6e09c026864ee15566a03b3c4aa30d6e1805333d548753b58d070e7fd1229  manifest.json
== offline harness tests (from the archive): all kill-matrix Python tests
............................................................................................................................................................................................................................................................................................................
----------------------------------------------------------------------
Ran 472 tests in 5.686s

OK
{"action": "prepare-native-pdns-peer", "catalog": "catalog-c000020a.celikpanel.invalid", "cell_id": "pdns-switch__intent__after-write__paired-primary__peer-reachable", "execute": false, "management_installed_on_secondary": false, "primary_ip": "192.0.2.10", "secondary_ip": "192.0.2.11"}
python unittest discover rc=0
direct test_fixture.py: ran=12 ok=1
direct test_fresh_primary_batch8_fixes.py: ran=24 ok=1
direct test_fresh_primary_serial_zero_zone.py: ran=37 ok=1
direct test_fresh_primary_v3.py: ran=38 ok=1
direct test_guest_bootstrap.py: ran=82 ok=1
direct test_guest_recovery_probe.py: ran=16 ok=1
direct test_manifest.py: ran=11 ok=1
direct test_native_bind_inspector_channel.py: ran=7 ok=1
direct test_native_bind_pdns_authority.py: ran=3 ok=1
direct test_native_bind_peer.py: ran=2 ok=1
direct test_native_pdns_bind_peer.py: ran=8 ok=1
direct test_native_pdns_pdns_pair.py: ran=6 ok=1
direct test_native_pdns_peer.py: ran=? ok=1
direct test_native_primary_peer.py: ran=30 ok=1
direct test_paired_secondary_provenance.py: ran=42 ok=1
direct test_run_cell.py: ran=132 ok=1
direct test_zone_lifecycle_recover.py: ran=13 ok=1
direct total ran=463
== offline trigger tests (go test -v ./cmd/dns-kill-matrix-trigger)
go test rc=0
top-level PASS: 60 FAIL: 0 SKIP: 0
=== RUN   TestFreshPrimaryZoneRecoveryResumesOnlyAPendingDeletion
--- PASS: TestFreshPrimaryZoneRecoveryResumesOnlyAPendingDeletion (0.00s)
=== RUN   TestFreshPrimaryZoneRecoveryResumesThePendingChildDeletion
--- PASS: TestFreshPrimaryZoneRecoveryResumesThePendingChildDeletion (0.00s)
=== RUN   TestFreshPrimaryZoneRecoveryRefusesTheParentNameAndOtherShapes
--- PASS: TestFreshPrimaryZoneRecoveryRefusesTheParentNameAndOtherShapes (0.00s)
--- PASS: TestNativeV3RecoverRejectsWrongResumedPhaseBeforeRecovery (0.00s)
PASS
ok  	github.com/alicelik/celikpanel/cmd/dns-kill-matrix-trigger	0.016s
2026-09-30T05:06:33Z
BUILD-OK
