13:26:44.731794135 CHANGE journal none -> 4d6af030580a60853af4c607b35ecc182e8f6f49a7267d04601849d0737eaaaa
13:26:44.741819772 CHANGE ledger none -> 31437a1382eedb5096aec933d7da7f1874e50395048cc970b1aed7eb6ee08c46
13:26:44.751258435 CHANGE state none -> 98f5fd3cb0f9911da66f1f5016885fd37522d486350f50ce8096a4396d10ad0e
13:26:44.752511431 pdns=0/0/inactive/dead/ named=0/failed/failed/ agent=637/active/ jphase=target-verified killpid=
13:26:45.103066233 pdns=0/0/inactive/dead/ named=0/failed/failed/ agent=637/active/ jphase=target-verified killpid=
13:26:45.371581249 pdns=0/0/inactive/dead/ named=0/failed/failed/ agent=637/active/ jphase=target-verified killpid=
13:26:45.635701423 pdns=0/0/inactive/dead/ named=0/failed/failed/ agent=637/active/ jphase=target-verified killpid=
13:26:45.899133304 pdns=0/0/inactive/dead/ named=0/failed/failed/ agent=637/active/ jphase=target-verified killpid=
13:26:46.159919634 pdns=0/0/inactive/dead/ named=0/failed/failed/ agent=637/active/ jphase=target-verified killpid=
13:26:46.426369340 pdns=0/0/inactive/dead/ named=0/failed/failed/ agent=637/active/ jphase=target-verified killpid=
13:26:46.689104141 pdns=0/0/inactive/dead/ named=0/failed/failed/ agent=637/active/ jphase=target-verified killpid=
13:26:46.951832852 pdns=0/0/inactive/dead/ named=0/failed/failed/ agent=637/active/ jphase=target-verified killpid=
13:26:47.215213056 pdns=0/0/inactive/dead/ named=0/failed/failed/ agent=637/active/ jphase=target-verified killpid=
13:26:47.476090265 pdns=0/0/inactive/dead/ named=0/failed/failed/ agent=637/active/ jphase=target-verified killpid=
13:26:47.743452603 pdns=0/0/inactive/dead/ named=0/failed/failed/ agent=637/active/ jphase=target-verified killpid=
13:26:48.015436820 pdns=0/0/inactive/dead/ named=0/failed/failed/ agent=637/active/ jphase=target-verified killpid=
13:26:48.277137995 pdns=0/0/inactive/dead/ named=0/failed/failed/ agent=637/active/ jphase=target-verified killpid=
13:26:48.538088803 pdns=0/0/inactive/dead/ named=0/failed/failed/ agent=637/active/ jphase=target-verified killpid=
13:26:48.801593523 pdns=0/0/inactive/dead/ named=0/failed/failed/ agent=637/active/ jphase=target-verified killpid=
13:26:49.063116977 pdns=0/0/inactive/dead/ named=0/failed/failed/ agent=637/active/ jphase=target-verified killpid=
13:26:49.322678398 pdns=0/0/inactive/dead/ named=0/failed/failed/ agent=637/active/ jphase=target-verified killpid=
13:26:49.583534438 pdns=0/0/inactive/dead/ named=0/failed/failed/ agent=637/active/ jphase=target-verified killpid=
13:26:49.843856298 pdns=0/0/inactive/dead/ named=0/failed/failed/ agent=637/active/ jphase=target-verified killpid=
13:26:50.106095149 pdns=0/0/inactive/dead/ named=0/failed/failed/ agent=637/active/ jphase=target-verified killpid=
13:26:50.370839782 pdns=0/0/inactive/dead/ named=0/failed/failed/ agent=637/active/ jphase=target-verified killpid=
13:26:50.634633633 pdns=0/0/inactive/dead/ named=0/failed/failed/ agent=637/active/ jphase=target-verified killpid=
13:26:50.901619704 pdns=0/0/inactive/dead/ named=0/failed/failed/ agent=637/active/ jphase=target-verified killpid=
13:26:51.170309725 pdns=0/0/inactive/dead/ named=0/failed/failed/ agent=637/active/ jphase=target-verified killpid=
13:26:51.431241762 pdns=0/0/inactive/dead/ named=0/failed/failed/ agent=637/active/ jphase=target-verified killpid=
13:26:51.691352864 pdns=0/0/inactive/dead/ named=0/failed/failed/ agent=637/active/ jphase=target-verified killpid=
13:26:51.951837626 pdns=0/0/inactive/dead/ named=0/failed/failed/ agent=637/active/ jphase=target-verified killpid=
13:26:52.212686217 pdns=0/0/inactive/dead/ named=0/failed/failed/ agent=637/active/ jphase=target-verified killpid=
13:26:52.473167704 pdns=0/0/inactive/dead/ named=0/failed/failed/ agent=637/active/ jphase=target-verified killpid=
13:26:52.732027898 pdns=0/0/inactive/dead/ named=0/failed/failed/ agent=637/active/ jphase=target-verified killpid=
13:26:52.991816478 pdns=0/0/inactive/dead/ named=0/failed/failed/ agent=637/active/ jphase=target-verified killpid=
13:26:53.250834167 pdns=0/0/inactive/dead/ named=0/failed/failed/ agent=637/active/ jphase=target-verified killpid=
13:26:53.510590116 pdns=0/0/inactive/dead/ named=0/failed/failed/ agent=637/active/ jphase=target-verified killpid=
13:26:53.770381075 pdns=0/0/inactive/dead/ named=0/failed/failed/ agent=637/active/ jphase=target-verified killpid=
13:26:54.031190665 pdns=0/0/inactive/dead/ named=0/failed/failed/ agent=637/active/ jphase=target-verified killpid=
13:26:54.297908018 pdns=0/0/inactive/dead/ named=0/failed/failed/ agent=637/active/ jphase=target-verified killpid=
13:26:54.557905898 pdns=0/0/inactive/dead/ named=0/failed/failed/ agent=637/active/ jphase=target-verified killpid=
13:26:54.816958857 pdns=0/0/inactive/dead/ named=0/failed/failed/ agent=637/active/ jphase=target-verified killpid=
13:26:55.076712222 pdns=0/0/inactive/dead/ named=0/failed/failed/ agent=637/active/ jphase=target-verified killpid=
13:26:55.336029546 pdns=0/0/inactive/dead/ named=0/failed/failed/ agent=637/active/ jphase=target-verified killpid=
13:26:55.596633864 pdns=0/0/inactive/dead/ named=0/failed/failed/ agent=637/active/ jphase=target-verified killpid=
13:26:55.857309954 pdns=0/0/inactive/dead/ named=0/failed/failed/ agent=637/active/ jphase=target-verified killpid=
13:26:56.117964132 pdns=0/0/inactive/dead/ named=0/failed/failed/ agent=637/active/ jphase=target-verified killpid=
13:26:56.380027688 pdns=0/0/inactive/dead/ named=0/failed/failed/ agent=637/active/ jphase=target-verified killpid=
13:26:56.640424987 pdns=0/0/inactive/dead/ named=0/failed/failed/ agent=637/active/ jphase=target-verified killpid=
13:26:56.899546119 pdns=0/0/inactive/dead/ named=0/failed/failed/ agent=637/active/ jphase=target-verified killpid=
13:26:57.160715918 pdns=0/0/inactive/dead/ named=0/failed/failed/ agent=637/active/ jphase=target-verified killpid=
13:26:57.425849116 pdns=0/0/inactive/dead/ named=0/failed/failed/ agent=637/active/ jphase=target-verified killpid=
13:26:57.684884992 pdns=0/0/inactive/dead/ named=0/failed/failed/ agent=637/active/ jphase=target-verified killpid=
13:26:57.943099048 pdns=0/0/inactive/dead/ named=0/failed/failed/ agent=637/active/ jphase=target-verified killpid=
13:26:58.205558070 pdns=0/0/inactive/dead/ named=0/failed/failed/ agent=637/active/ jphase=target-verified killpid=
13:26:58.470449653 pdns=0/0/inactive/dead/ named=0/failed/failed/ agent=637/active/ jphase=target-verified killpid=
13:26:58.729873873 pdns=0/0/inactive/dead/ named=0/failed/failed/ agent=637/active/ jphase=target-verified killpid=
13:26:58.990767022 pdns=0/0/inactive/dead/ named=0/failed/failed/ agent=637/active/ jphase=target-verified killpid=
13:26:59.250975385 pdns=0/0/inactive/dead/ named=0/failed/failed/ agent=637/active/ jphase=target-verified killpid=
13:26:59.513661696 pdns=0/0/inactive/dead/ named=0/failed/failed/ agent=637/active/ jphase=target-verified killpid=
13:26:59.771863604 pdns=0/0/inactive/dead/ named=0/failed/failed/ agent=637/active/ jphase=target-verified killpid=
13:27:00.030599802 pdns=0/0/inactive/dead/ named=0/failed/failed/ agent=637/active/ jphase=target-verified killpid=
13:27:00.291628744 pdns=0/0/inactive/dead/ named=0/failed/failed/ agent=637/active/ jphase=target-verified killpid=
13:27:00.560193042 pdns=0/0/inactive/dead/ named=0/failed/failed/ agent=637/active/ jphase=target-verified killpid=
13:27:00.847169683 pdns=0/0/inactive/dead/ named=0/failed/failed/ agent=637/active/ jphase=target-verified killpid=
13:27:01.111429658 pdns=0/0/inactive/dead/ named=0/failed/failed/ agent=637/active/ jphase=target-verified killpid=
13:27:01.371996228 pdns=0/0/inactive/dead/ named=0/failed/failed/ agent=637/active/ jphase=target-verified killpid=
13:27:01.631706282 pdns=0/0/inactive/dead/ named=0/failed/failed/ agent=637/active/ jphase=target-verified killpid=
13:27:01.891431905 pdns=0/0/inactive/dead/ named=0/failed/failed/ agent=637/active/ jphase=target-verified killpid=
13:27:02.152757194 pdns=0/0/inactive/dead/ named=0/failed/failed/ agent=637/active/ jphase=target-verified killpid=
13:27:02.420020602 pdns=0/0/inactive/dead/ named=0/failed/failed/ agent=637/active/ jphase=target-verified killpid=
13:27:02.679368982 pdns=0/0/inactive/dead/ named=0/failed/failed/ agent=637/active/ jphase=target-verified killpid=
13:27:02.938883120 pdns=0/0/inactive/dead/ named=0/failed/failed/ agent=637/active/ jphase=target-verified killpid=
13:27:03.198847378 pdns=0/0/inactive/dead/ named=0/failed/failed/ agent=637/active/ jphase=target-verified killpid=
13:27:03.460504841 pdns=0/0/inactive/dead/ named=0/failed/failed/ agent=637/active/ jphase=target-verified killpid=
13:27:03.727440784 pdns=0/0/inactive/dead/ named=0/failed/failed/ agent=637/active/ jphase=target-verified killpid=
13:27:03.992866161 pdns=0/0/inactive/dead/ named=0/failed/failed/ agent=637/active/ jphase=target-verified killpid=
13:27:04.254077142 pdns=0/0/inactive/dead/ named=0/failed/failed/ agent=637/active/ jphase=target-verified killpid=
13:27:04.518283808 pdns=0/0/inactive/dead/ named=0/failed/failed/ agent=637/active/ jphase=target-verified killpid=
13:27:04.784046963 pdns=0/0/inactive/dead/ named=0/failed/failed/ agent=637/active/ jphase=target-verified killpid=
13:27:05.048862063 pdns=0/0/inactive/dead/ named=0/failed/failed/ agent=637/active/ jphase=target-verified killpid=
13:27:05.311398614 pdns=0/0/inactive/dead/ named=0/failed/failed/ agent=637/active/ jphase=target-verified killpid=
13:27:05.574679434 pdns=0/0/inactive/dead/ named=0/failed/failed/ agent=637/active/ jphase=target-verified killpid=
13:27:05.837729323 pdns=0/0/inactive/dead/ named=0/failed/failed/ agent=637/active/ jphase=target-verified killpid=
13:27:06.102962922 pdns=0/0/inactive/dead/ named=0/failed/failed/ agent=637/active/ jphase=target-verified killpid=
13:27:06.369478081 pdns=0/0/inactive/dead/ named=0/failed/failed/ agent=637/active/ jphase=target-verified killpid=
13:27:06.637667208 pdns=0/0/inactive/dead/ named=0/failed/failed/ agent=637/active/ jphase=target-verified killpid=
13:27:06.908676560 pdns=0/0/inactive/dead/ named=0/failed/failed/ agent=637/active/ jphase=target-verified killpid=
13:27:07.190554587 pdns=0/0/inactive/dead/ named=0/failed/failed/ agent=637/active/ jphase=target-verified killpid=
13:27:07.456123481 pdns=0/0/inactive/dead/ named=0/failed/failed/ agent=637/active/ jphase=target-verified killpid=
13:27:07.718759809 pdns=0/0/inactive/dead/ named=0/failed/failed/ agent=637/active/ jphase=target-verified killpid=
13:27:07.981476027 pdns=0/0/inactive/dead/ named=0/failed/failed/ agent=637/active/ jphase=target-verified killpid=
13:27:08.244643235 pdns=0/0/inactive/dead/ named=0/failed/failed/ agent=637/active/ jphase=target-verified killpid=
13:27:08.517058360 pdns=0/0/inactive/dead/ named=0/failed/failed/ agent=637/active/ jphase=target-verified killpid=
13:27:08.791929222 pdns=0/0/inactive/dead/ named=0/failed/failed/ agent=637/active/ jphase=target-verified killpid=
13:27:09.058615850 pdns=0/0/inactive/dead/ named=0/failed/failed/ agent=637/active/ jphase=target-verified killpid=
13:27:09.328799786 pdns=0/0/inactive/dead/ named=0/failed/failed/ agent=637/active/ jphase=target-verified killpid=
13:27:09.593490834 pdns=0/0/inactive/dead/ named=0/failed/failed/ agent=637/active/ jphase=target-verified killpid=
13:27:09.862064580 pdns=0/0/inactive/dead/ named=0/failed/failed/ agent=637/active/ jphase=target-verified killpid=
13:27:10.137167925 pdns=0/0/inactive/dead/ named=0/failed/failed/ agent=637/active/ jphase=target-verified killpid=
13:27:10.411012493 pdns=0/0/inactive/dead/ named=0/failed/failed/ agent=637/active/ jphase=target-verified killpid=
13:27:10.687093293 pdns=0/0/inactive/dead/ named=0/failed/failed/ agent=637/active/ jphase=target-verified killpid=
13:27:10.949362226 pdns=0/0/inactive/dead/ named=0/failed/failed/ agent=637/active/ jphase=target-verified killpid=
13:27:11.209930444 pdns=0/0/inactive/dead/ named=0/failed/failed/ agent=637/active/ jphase=target-verified killpid=
13:27:11.477465849 pdns=0/0/inactive/dead/ named=0/failed/failed/ agent=637/active/ jphase=target-verified killpid=
13:27:11.750480021 pdns=0/0/inactive/dead/ named=0/failed/failed/ agent=637/active/ jphase=target-verified killpid=
13:27:12.012595004 pdns=0/0/inactive/dead/ named=0/failed/failed/ agent=637/active/ jphase=target-verified killpid=
13:27:12.272651704 pdns=0/0/inactive/dead/ named=0/failed/failed/ agent=637/active/ jphase=target-verified killpid=
13:27:12.530848085 pdns=0/0/inactive/dead/ named=0/failed/failed/ agent=637/active/ jphase=target-verified killpid=
13:27:12.789497276 pdns=0/0/inactive/dead/ named=0/failed/failed/ agent=637/active/ jphase=target-verified killpid=
13:27:13.049383765 pdns=0/0/inactive/dead/ named=0/failed/failed/ agent=637/active/ jphase=target-verified killpid=
13:27:13.308350204 pdns=0/0/inactive/dead/ named=0/failed/failed/ agent=637/active/ jphase=target-verified killpid=
13:27:13.570471268 pdns=0/0/inactive/dead/ named=0/failed/failed/ agent=637/active/ jphase=target-verified killpid=
13:27:13.835100623 pdns=0/0/inactive/dead/ named=0/failed/failed/ agent=637/active/ jphase=target-verified killpid=
13:27:14.102776158 pdns=0/0/inactive/dead/ named=0/failed/failed/ agent=637/active/ jphase=target-verified killpid=
13:27:14.361754199 pdns=0/0/inactive/dead/ named=0/failed/failed/ agent=637/active/ jphase=target-verified killpid=
13:27:14.618616068 pdns=0/0/inactive/dead/ named=0/failed/failed/ agent=637/active/ jphase=target-verified killpid=
13:27:14.880740954 pdns=0/0/inactive/dead/ named=0/failed/failed/ agent=637/active/ jphase=target-verified killpid=
13:27:15.140390522 pdns=0/0/inactive/dead/ named=0/failed/failed/ agent=637/active/ jphase=target-verified killpid=
13:27:15.404344596 pdns=0/0/inactive/dead/ named=0/failed/failed/ agent=637/active/ jphase=target-verified killpid=
done
