16:52:00.829847599 CHANGE journal none -> absent
16:52:00.840489615 CHANGE ledger none -> 177f61d12ed0bb85e6ea535b807b376e26bbe0871405a13867c0b3cb6ea4b211
16:52:00.844345088 CHANGE state none -> absent
16:52:00.848372374 CHANGE pdnsdb none -> absent
16:52:00.851727141 POINTER 
16:52:00.852893492 pdns=0/0/inactive/dead/ named=0/inactive/dead/ agent=0/inactive/ jphase=absent killpid=
16:52:01.120164816 pdns=0/0/inactive/dead/ named=0/inactive/dead/ agent=0/inactive/ jphase=absent killpid=
16:52:01.405483822 pdns=0/0/inactive/dead/ named=0/inactive/dead/ agent=0/inactive/ jphase=absent killpid=
16:52:01.680466687 pdns=0/0/inactive/dead/ named=0/inactive/dead/ agent=0/inactive/ jphase=absent killpid=
16:52:01.954373910 pdns=0/0/inactive/dead/ named=0/inactive/dead/ agent=0/inactive/ jphase=absent killpid=
16:52:02.234013791 pdns=0/0/inactive/dead/ named=0/inactive/dead/ agent=0/inactive/ jphase=absent killpid=
16:52:02.520319424 CHANGE ledger 177f61d12ed0bb85e6ea535b807b376e26bbe0871405a13867c0b3cb6ea4b211 -> e25fa57aaf37746232cbf4cf813100f56768891e6a59a48014f757428b96ff99
16:52:02.524367696 pdns=0/0/inactive/dead/ named=0/inactive/dead/ agent=0/inactive/ jphase=absent killpid=1777,
16:52:02.808276007 CHANGE ledger e25fa57aaf37746232cbf4cf813100f56768891e6a59a48014f757428b96ff99 -> c349ae3849470c8d2f8595cd9527e3af94705d934810fdfeb5bfcbbdaa86313f
16:52:02.812172454 pdns=0/0/inactive/dead/ named=0/inactive/dead/ agent=0/inactive/ jphase=absent killpid=1777,
16:52:03.102246130 CHANGE ledger c349ae3849470c8d2f8595cd9527e3af94705d934810fdfeb5bfcbbdaa86313f -> b34d23fc9a81dee84835d7483def60ec583cff4f49d18b1ae31a994ba767a97d
16:52:03.105533702 pdns=0/0/inactive/dead/ named=0/inactive/dead/ agent=0/inactive/ jphase=absent killpid=1777,
16:52:03.501209789 CHANGE ledger b34d23fc9a81dee84835d7483def60ec583cff4f49d18b1ae31a994ba767a97d -> e1a03863b6410ae6e6a65b2841878c3548780227fd35d2871df88ddb8fd03bfc
16:52:03.504286814 pdns=0/0/inactive/dead/ named=0/inactive/dead/ agent=0/inactive/ jphase=absent killpid=1777,1984,
16:52:03.771306076 pdns=0/0/inactive/dead/ named=0/inactive/dead/ agent=0/inactive/ jphase=absent killpid=1777,1984,
16:52:04.042870101 pdns=0/0/inactive/dead/ named=0/inactive/dead/ agent=0/inactive/ jphase=absent killpid=1777,1984,
16:52:04.330911250 pdns=0/0/inactive/dead/ named=0/inactive/dead/ agent=0/inactive/ jphase=absent killpid=1777,1984,
16:52:04.627213765 pdns=0/0/inactive/dead/ named=0/inactive/dead/ agent=0/inactive/ jphase=absent killpid=1777,1984,
16:52:04.936145110 pdns=0/0/inactive/dead/ named=0/inactive/dead/ agent=0/inactive/ jphase=absent killpid=1777,1984,
16:52:05.209104411 pdns=0/0/inactive/dead/ named=0/inactive/dead/ agent=0/inactive/ jphase=absent killpid=1777,1984,
16:52:05.492417514 pdns=0/0/inactive/dead/ named=0/inactive/dead/ agent=0/inactive/ jphase=absent killpid=1777,1984,
16:52:05.764679861 pdns=0/0/inactive/dead/ named=0/inactive/dead/ agent=0/inactive/ jphase=absent killpid=1777,1984,
16:52:06.031942861 pdns=0/0/inactive/dead/ named=0/inactive/dead/ agent=0/inactive/ jphase=absent killpid=1777,1984,
16:52:07.342614104 pdns=0/0/inactive/dead/ named=0/inactive/dead/ agent=0/inactive/ jphase=absent killpid=1777,1984,
16:52:07.626575367 CHANGE ledger e1a03863b6410ae6e6a65b2841878c3548780227fd35d2871df88ddb8fd03bfc -> 3ff04dc3506e38d799fa5ab206b74bc96357beb942ba81a28ddbffba6d2d766d
16:52:07.631130325 pdns=0/0/inactive/dead/ named=0/inactive/dead/ agent=0/inactive/ jphase=absent killpid=1777,1984,
16:52:07.912409582 pdns=0/0/inactive/dead/ named=0/inactive/dead/ agent=0/inactive/ jphase=absent killpid=1777,1984,
16:52:08.191741693 pdns=0/0/inactive/dead/ named=0/inactive/dead/ agent=0/inactive/ jphase=absent killpid=1777,1984,
16:52:08.470385520 pdns=0/0/inactive/dead/ named=0/inactive/dead/ agent=0/inactive/ jphase=absent killpid=1777,1984,
16:52:08.757974012 pdns=0/0/inactive/dead/ named=0/inactive/dead/ agent=0/inactive/ jphase=absent killpid=1777,1984,
16:52:09.038447802 pdns=0/0/inactive/dead/ named=0/inactive/dead/ agent=0/inactive/ jphase=absent killpid=1777,1984,
16:52:09.315366213 pdns=0/0/inactive/dead/ named=0/inactive/dead/ agent=0/inactive/ jphase=absent killpid=1777,1984,
16:52:09.594199544 pdns=0/0/inactive/dead/ named=0/inactive/dead/ agent=0/inactive/ jphase=absent killpid=1777,1984,
16:52:09.875147335 pdns=0/0/inactive/dead/ named=0/inactive/dead/ agent=0/inactive/ jphase=absent killpid=1777,1984,
16:52:10.149588290 pdns=0/0/inactive/dead/ named=0/inactive/dead/ agent=0/inactive/ jphase=absent killpid=1777,1984,
16:52:10.421420428 pdns=0/0/inactive/dead/ named=0/inactive/dead/ agent=0/inactive/ jphase=absent killpid=1777,1984,
16:52:10.686784577 pdns=0/0/inactive/dead/ named=0/inactive/dead/ agent=0/inactive/ jphase=absent killpid=1777,1984,
16:52:10.956024582 pdns=0/0/inactive/dead/ named=0/inactive/dead/ agent=0/inactive/ jphase=absent killpid=1777,1984,
16:52:11.226159388 pdns=0/0/inactive/dead/ named=0/inactive/dead/ agent=0/inactive/ jphase=absent killpid=1777,1984,
16:52:11.496694900 pdns=0/0/inactive/dead/ named=0/inactive/dead/ agent=0/inactive/ jphase=absent killpid=1777,1984,
16:52:11.763851496 pdns=0/0/inactive/dead/ named=0/inactive/dead/ agent=0/inactive/ jphase=absent killpid=1777,1984,
16:52:12.036688200 pdns=0/0/inactive/dead/ named=0/inactive/dead/ agent=0/inactive/ jphase=absent killpid=1777,1984,
16:52:12.307233886 pdns=0/0/inactive/dead/ named=0/inactive/dead/ agent=0/inactive/ jphase=absent killpid=1777,1984,
16:52:12.600431010 CHANGE ledger 3ff04dc3506e38d799fa5ab206b74bc96357beb942ba81a28ddbffba6d2d766d -> 7cb2ad94bb2fe4dbcd0277662f5b65505888c2408b655f994da92b237f1c0b02
16:52:12.603991054 pdns=0/0/inactive/dead/ named=0/inactive/dead/ agent=0/inactive/ jphase=absent killpid=1777,1984,
16:52:12.877590599 pdns=0/0/inactive/dead/ named=0/inactive/dead/ agent=0/inactive/ jphase=absent killpid=1777,1984,
16:52:13.147893713 pdns=0/0/inactive/dead/ named=0/inactive/dead/ agent=0/inactive/ jphase=absent killpid=1777,1984,
16:52:13.414750414 pdns=0/0/inactive/dead/ named=0/inactive/dead/ agent=0/inactive/ jphase=absent killpid=1777,1984,
16:52:13.687409804 pdns=0/0/inactive/dead/ named=0/inactive/dead/ agent=0/inactive/ jphase=absent killpid=1777,1984,
16:52:13.953206562 pdns=0/0/inactive/dead/ named=0/inactive/dead/ agent=0/inactive/ jphase=absent killpid=1777,1984,
16:52:14.226944949 pdns=0/0/inactive/dead/ named=0/inactive/dead/ agent=0/inactive/ jphase=absent killpid=1777,1984,
16:52:14.532667884 pdns=0/0/inactive/dead/ named=0/inactive/dead/ agent=0/inactive/ jphase=absent killpid=1777,1984,
16:52:14.805482249 pdns=0/0/inactive/dead/ named=0/inactive/dead/ agent=0/inactive/ jphase=absent killpid=1777,1984,
16:52:15.074995753 pdns=0/0/inactive/dead/ named=0/inactive/dead/ agent=0/inactive/ jphase=absent killpid=1777,1984,
16:52:15.342003021 pdns=0/0/inactive/dead/ named=0/inactive/dead/ agent=0/inactive/ jphase=absent killpid=1777,1984,
16:52:15.610525946 pdns=0/0/inactive/dead/ named=0/inactive/dead/ agent=0/inactive/ jphase=absent killpid=1777,1984,
16:52:15.884157488 pdns=0/0/inactive/dead/ named=0/inactive/dead/ agent=0/inactive/ jphase=absent killpid=1777,1984,
16:52:16.156939988 pdns=0/0/inactive/dead/ named=0/inactive/dead/ agent=0/inactive/ jphase=absent killpid=1777,1984,
16:52:16.427018346 pdns=0/0/inactive/dead/ named=0/inactive/dead/ agent=0/inactive/ jphase=absent killpid=1777,1984,
16:52:16.696605886 pdns=0/0/inactive/dead/ named=0/inactive/dead/ agent=0/inactive/ jphase=absent killpid=1777,1984,
16:52:16.961332206 pdns=0/0/inactive/dead/ named=0/inactive/dead/ agent=0/inactive/ jphase=absent killpid=1777,1984,
16:52:17.230120307 pdns=0/0/inactive/dead/ named=0/inactive/dead/ agent=0/inactive/ jphase=absent killpid=1777,1984,
16:52:17.501993493 CHANGE ledger 7cb2ad94bb2fe4dbcd0277662f5b65505888c2408b655f994da92b237f1c0b02 -> ea04a2d20209391f2a3a8bc1da746786b091f2dd88d9e207736d4bfb155d4043
16:52:17.505229209 pdns=0/0/inactive/dead/ named=0/inactive/dead/ agent=0/inactive/ jphase=absent killpid=1777,1984,
16:52:17.784734448 pdns=0/0/inactive/dead/ named=0/inactive/dead/ agent=0/inactive/ jphase=absent killpid=1777,1984,
16:52:18.051081946 pdns=0/0/inactive/dead/ named=0/inactive/dead/ agent=0/inactive/ jphase=absent killpid=1777,1984,
16:52:18.317351963 pdns=0/0/inactive/dead/ named=0/inactive/dead/ agent=0/inactive/ jphase=absent killpid=1777,1984,
16:52:18.584621774 pdns=0/0/inactive/dead/ named=0/inactive/dead/ agent=0/inactive/ jphase=absent killpid=1777,1984,
16:52:18.850791859 pdns=0/0/inactive/dead/ named=0/inactive/dead/ agent=0/inactive/ jphase=absent killpid=1777,1984,
16:52:19.118383648 pdns=0/0/inactive/dead/ named=0/inactive/dead/ agent=0/inactive/ jphase=absent killpid=1777,1984,
16:52:19.387989606 pdns=0/0/inactive/dead/ named=0/inactive/dead/ agent=0/inactive/ jphase=absent killpid=1777,1984,
16:52:19.653363033 pdns=0/0/inactive/dead/ named=0/inactive/dead/ agent=0/inactive/ jphase=absent killpid=1777,1984,
16:52:19.918615974 pdns=0/0/inactive/dead/ named=0/inactive/dead/ agent=0/inactive/ jphase=absent killpid=1777,1984,
16:52:20.185185600 pdns=0/0/inactive/dead/ named=0/inactive/dead/ agent=0/inactive/ jphase=absent killpid=1777,1984,
16:52:20.453103242 pdns=0/0/inactive/dead/ named=0/inactive/dead/ agent=0/inactive/ jphase=absent killpid=1777,1984,
16:52:20.725935910 pdns=0/0/inactive/dead/ named=0/inactive/dead/ agent=0/inactive/ jphase=absent killpid=1777,1984,
16:52:21.001474902 pdns=0/0/inactive/dead/ named=0/inactive/dead/ agent=0/inactive/ jphase=absent killpid=1777,1984,
16:52:21.270049039 pdns=0/0/inactive/dead/ named=0/inactive/dead/ agent=0/inactive/ jphase=absent killpid=1777,1984,
16:52:21.545482631 pdns=0/0/inactive/dead/ named=0/inactive/dead/ agent=0/inactive/ jphase=absent killpid=1777,1984,
16:52:21.811079458 pdns=0/0/inactive/dead/ named=0/inactive/dead/ agent=0/inactive/ jphase=absent killpid=1777,1984,
16:52:22.080446631 pdns=0/0/inactive/dead/ named=0/inactive/dead/ agent=0/inactive/ jphase=absent killpid=1777,1984,
16:52:22.357582018 pdns=0/0/inactive/dead/ named=0/inactive/dead/ agent=0/inactive/ jphase=absent killpid=1777,1984,
16:52:22.631799181 CHANGE ledger ea04a2d20209391f2a3a8bc1da746786b091f2dd88d9e207736d4bfb155d4043 -> 84dd4748b8572c63e6fe71594de47889f2229cc2027ba82011b084aef5925a57
16:52:22.635615302 pdns=0/0/inactive/dead/ named=0/inactive/dead/ agent=0/inactive/ jphase=absent killpid=1777,1984,
16:52:22.908180302 pdns=0/0/inactive/dead/ named=0/inactive/dead/ agent=0/inactive/ jphase=absent killpid=1777,1984,
16:52:23.179955030 pdns=0/0/inactive/dead/ named=0/inactive/dead/ agent=0/inactive/ jphase=absent killpid=1777,1984,
16:52:23.446223841 pdns=0/0/inactive/dead/ named=0/inactive/dead/ agent=0/inactive/ jphase=absent killpid=1777,1984,
16:52:23.712686706 pdns=0/0/inactive/dead/ named=0/inactive/dead/ agent=0/inactive/ jphase=absent killpid=1777,1984,
16:52:23.986890290 pdns=0/0/inactive/dead/ named=0/inactive/dead/ agent=0/inactive/ jphase=absent killpid=1777,1984,
16:52:24.259383112 pdns=0/0/inactive/dead/ named=0/inactive/dead/ agent=0/inactive/ jphase=absent killpid=1777,1984,
16:52:24.526497813 pdns=0/0/inactive/dead/ named=0/inactive/dead/ agent=0/inactive/ jphase=absent killpid=1777,1984,
16:52:24.792329170 pdns=0/0/inactive/dead/ named=0/inactive/dead/ agent=0/inactive/ jphase=absent killpid=1777,1984,
16:52:25.058188661 pdns=0/0/inactive/dead/ named=0/inactive/dead/ agent=0/inactive/ jphase=absent killpid=1777,1984,
16:52:25.326585491 pdns=0/0/inactive/dead/ named=0/inactive/dead/ agent=0/inactive/ jphase=absent killpid=1777,1984,
16:52:25.596625331 pdns=0/0/inactive/dead/ named=0/inactive/dead/ agent=0/inactive/ jphase=absent killpid=1777,1984,
16:52:25.873121378 pdns=0/0/inactive/dead/ named=0/inactive/dead/ agent=0/inactive/ jphase=absent killpid=1777,1984,
16:52:26.155199957 pdns=0/0/inactive/dead/ named=0/inactive/dead/ agent=0/inactive/ jphase=absent killpid=1777,1984,
16:52:26.422128194 pdns=0/0/inactive/dead/ named=0/inactive/dead/ agent=0/inactive/ jphase=absent killpid=1777,1984,
16:52:26.688208620 pdns=0/0/inactive/dead/ named=0/inactive/dead/ agent=0/inactive/ jphase=absent killpid=1777,1984,
16:52:26.954303838 pdns=0/0/inactive/dead/ named=0/inactive/dead/ agent=0/inactive/ jphase=absent killpid=1777,1984,
16:52:27.222257000 pdns=0/0/inactive/dead/ named=0/inactive/dead/ agent=0/inactive/ jphase=absent killpid=1777,1984,
16:52:27.492133431 CHANGE ledger 84dd4748b8572c63e6fe71594de47889f2229cc2027ba82011b084aef5925a57 -> 0d6f4920e2c9394decad040b9a7d266398b38b240be91f4a001491ff3c9ae856
16:52:27.495505133 pdns=0/0/inactive/dead/ named=0/inactive/dead/ agent=0/inactive/ jphase=absent killpid=1777,1984,
16:52:27.762047294 pdns=0/0/inactive/dead/ named=0/inactive/dead/ agent=0/inactive/ jphase=absent killpid=1777,1984,
16:52:28.028233142 pdns=0/0/inactive/dead/ named=0/inactive/dead/ agent=0/inactive/ jphase=absent killpid=1777,1984,
16:52:28.295463915 pdns=0/0/inactive/dead/ named=0/inactive/dead/ agent=0/inactive/ jphase=absent killpid=1777,1984,
16:52:28.565803916 pdns=0/0/inactive/dead/ named=0/inactive/dead/ agent=0/inactive/ jphase=absent killpid=1777,1984,
16:52:28.834512106 pdns=0/0/inactive/dead/ named=0/inactive/dead/ agent=0/inactive/ jphase=absent killpid=1777,1984,
16:52:29.108944400 pdns=0/0/inactive/dead/ named=0/inactive/dead/ agent=0/inactive/ jphase=absent killpid=1777,1984,
16:52:29.390589226 pdns=0/0/inactive/dead/ named=0/inactive/dead/ agent=0/inactive/ jphase=absent killpid=1777,1984,
16:52:29.656970751 pdns=0/0/inactive/dead/ named=0/inactive/dead/ agent=0/inactive/ jphase=absent killpid=1777,1984,
16:52:29.924509087 pdns=0/0/inactive/dead/ named=0/inactive/dead/ agent=0/inactive/ jphase=absent killpid=1777,1984,
16:52:30.196649946 pdns=0/0/inactive/dead/ named=0/inactive/dead/ agent=0/inactive/ jphase=absent killpid=1777,1984,
16:52:30.474219431 pdns=0/0/inactive/dead/ named=0/inactive/dead/ agent=0/inactive/ jphase=absent killpid=1777,1984,
16:52:30.753876589 pdns=0/0/inactive/dead/ named=0/inactive/dead/ agent=0/inactive/ jphase=absent killpid=1777,1984,
16:52:31.018564247 pdns=0/0/inactive/dead/ named=0/inactive/dead/ agent=0/inactive/ jphase=absent killpid=1777,1984,
16:52:31.286070008 pdns=0/0/inactive/dead/ named=0/inactive/dead/ agent=0/inactive/ jphase=absent killpid=1777,1984,
16:52:31.555112620 pdns=0/0/inactive/dead/ named=0/inactive/dead/ agent=0/inactive/ jphase=absent killpid=1777,1984,
16:52:31.821886297 pdns=0/0/inactive/dead/ named=0/inactive/dead/ agent=0/inactive/ jphase=absent killpid=1777,1984,
16:52:32.088425260 pdns=0/0/inactive/dead/ named=0/inactive/dead/ agent=0/inactive/ jphase=absent killpid=1777,1984,
16:52:32.355819650 pdns=0/0/inactive/dead/ named=0/inactive/dead/ agent=0/inactive/ jphase=absent killpid=1777,1984,
16:52:32.623760320 CHANGE ledger 0d6f4920e2c9394decad040b9a7d266398b38b240be91f4a001491ff3c9ae856 -> 8ec9cf605dae00a2516b6b66eccc6dbd64a641055a47367f0365a4b2e6dd4710
16:52:32.626994185 pdns=0/0/inactive/dead/ named=0/inactive/dead/ agent=0/inactive/ jphase=absent killpid=1777,1984,
16:52:32.895251066 pdns=0/0/inactive/dead/ named=0/inactive/dead/ agent=0/inactive/ jphase=absent killpid=1777,1984,
16:52:33.179319029 pdns=0/0/inactive/dead/ named=0/inactive/dead/ agent=0/inactive/ jphase=absent killpid=1777,1984,
16:52:33.448532280 pdns=0/0/inactive/dead/ named=0/inactive/dead/ agent=0/inactive/ jphase=absent killpid=1777,1984,
16:52:33.718060709 pdns=0/0/inactive/dead/ named=0/inactive/dead/ agent=0/inactive/ jphase=absent killpid=1777,1984,
16:52:33.986807032 pdns=0/0/inactive/dead/ named=0/inactive/dead/ agent=0/inactive/ jphase=absent killpid=1777,1984,
16:52:34.255098396 pdns=0/0/inactive/dead/ named=0/inactive/dead/ agent=0/inactive/ jphase=absent killpid=1777,1984,
16:52:34.520646338 pdns=0/0/inactive/dead/ named=0/inactive/dead/ agent=0/inactive/ jphase=absent killpid=1777,1984,
16:52:34.788278737 pdns=0/0/inactive/dead/ named=0/inactive/dead/ agent=0/inactive/ jphase=absent killpid=1777,1984,
16:52:35.057223144 pdns=0/0/inactive/dead/ named=0/inactive/dead/ agent=0/inactive/ jphase=absent killpid=1777,1984,
16:52:35.333112498 pdns=0/0/inactive/dead/ named=0/inactive/dead/ agent=0/inactive/ jphase=absent killpid=1777,1984,
16:52:35.605833764 pdns=0/0/inactive/dead/ named=0/inactive/dead/ agent=0/inactive/ jphase=absent killpid=1777,1984,
16:52:35.888708817 CHANGE ledger 8ec9cf605dae00a2516b6b66eccc6dbd64a641055a47367f0365a4b2e6dd4710 -> 9997506ca58db5efbb0314c115c3832cce27f788178760ca07442d20a97f904b
16:52:35.891954618 pdns=0/0/inactive/dead/ named=0/inactive/dead/ agent=0/inactive/ jphase=absent killpid=1777,4797,
16:52:36.166958193 pdns=0/0/inactive/dead/ named=0/inactive/dead/ agent=0/inactive/ jphase=absent killpid=1777,4797,
16:52:36.447464250 pdns=0/0/inactive/dead/ named=0/inactive/dead/ agent=0/inactive/ jphase=absent killpid=1777,4797,
16:52:36.723024928 pdns=0/0/inactive/dead/ named=0/inactive/dead/ agent=0/inactive/ jphase=absent killpid=1777,4797,
16:52:37.000953403 pdns=0/0/inactive/dead/ named=0/inactive/dead/ agent=0/inactive/ jphase=absent killpid=1777,4797,
16:52:37.275064514 pdns=0/0/inactive/dead/ named=0/inactive/dead/ agent=0/inactive/ jphase=absent killpid=1777,4797,
16:52:37.564659678 CHANGE ledger 9997506ca58db5efbb0314c115c3832cce27f788178760ca07442d20a97f904b -> 87e64d3ee5747ca36a97bf1986215efe63c01695cfad8c03a6d31788bc57e5f8
16:52:37.568024966 pdns=0/0/inactive/dead/ named=0/inactive/dead/ agent=0/inactive/ jphase=absent killpid=1777,4797,
16:52:37.853402524 pdns=0/0/inactive/dead/ named=0/inactive/dead/ agent=0/inactive/ jphase=absent killpid=1777,4797,
16:52:38.132557648 pdns=0/0/inactive/dead/ named=0/inactive/dead/ agent=0/inactive/ jphase=absent killpid=1777,4797,
16:52:38.409736055 pdns=0/0/inactive/dead/ named=0/inactive/dead/ agent=0/inactive/ jphase=absent killpid=1777,4797,
16:52:38.691014806 pdns=0/0/inactive/dead/ named=0/inactive/dead/ agent=0/inactive/ jphase=absent killpid=1777,4797,
16:52:38.962434412 pdns=0/0/inactive/dead/ named=0/inactive/dead/ agent=0/inactive/ jphase=absent killpid=1777,4797,
16:52:39.244132171 pdns=0/0/inactive/dead/ named=0/inactive/dead/ agent=0/inactive/ jphase=absent killpid=1777,4797,
16:52:39.518132396 pdns=0/0/inactive/dead/ named=0/inactive/dead/ agent=0/inactive/ jphase=absent killpid=1777,4797,
16:52:39.789398929 pdns=0/0/inactive/dead/ named=0/inactive/dead/ agent=0/inactive/ jphase=absent killpid=1777,4797,
16:52:40.061435903 pdns=0/0/inactive/dead/ named=0/inactive/dead/ agent=0/inactive/ jphase=absent killpid=1777,4797,
16:52:40.335281053 pdns=0/0/inactive/dead/ named=0/inactive/dead/ agent=0/inactive/ jphase=absent killpid=1777,4797,
16:52:40.617047284 CHANGE ledger 87e64d3ee5747ca36a97bf1986215efe63c01695cfad8c03a6d31788bc57e5f8 -> 6e30c840e89abeaf8cbd9d176a11e881bbe54317f26af430cc594ccf328a21cf
16:52:40.621251938 pdns=0/0/inactive/dead/ named=0/inactive/dead/ agent=0/inactive/ jphase=absent killpid=1777,5413,
16:52:40.968287507 CHANGE ledger 6e30c840e89abeaf8cbd9d176a11e881bbe54317f26af430cc594ccf328a21cf -> d75e38f2f6244101408efeacbe26090441295213db3d4959a18e7df8b8ebc7cc
16:52:40.971473105 pdns=0/0/inactive/dead/ named=0/inactive/dead/ agent=0/inactive/ jphase=absent killpid=1777,
16:52:41.273441944 CHANGE ledger d75e38f2f6244101408efeacbe26090441295213db3d4959a18e7df8b8ebc7cc -> d9f6b78b6bb234dacbf6c2aa83483de38b954214c0f64fb825497cbe1f8df82a
16:52:41.277877365 pdns=0/0/inactive/dead/ named=0/inactive/dead/ agent=0/inactive/ jphase=absent killpid=1777,
16:52:41.553701270 CHANGE journal absent -> a14345c9b22afcf40f975c66df37fc7cb61c8b6210663a136d977525d83e36d4
16:52:41.561483521 CHANGE ledger d9f6b78b6bb234dacbf6c2aa83483de38b954214c0f64fb825497cbe1f8df82a -> 205c5c3a767a3a95e872a7dbdd209817d040e04f770751c37d2d4c2790e90db8
16:52:41.564725156 pdns=0/0/inactive/dead/ named=0/inactive/dead/ agent=0/inactive/ jphase=intent killpid=1777,
16:52:41.830589868 pdns=0/0/inactive/dead/ named=0/inactive/dead/ agent=0/inactive/ jphase=intent killpid=1777,
16:52:42.098467951 pdns=0/0/inactive/dead/ named=0/inactive/dead/ agent=0/inactive/ jphase=intent killpid=1777,
16:52:42.365690970 pdns=0/0/inactive/dead/ named=0/inactive/dead/ agent=0/inactive/ jphase=intent killpid=1777,
16:52:42.633034293 CHANGE ledger 205c5c3a767a3a95e872a7dbdd209817d040e04f770751c37d2d4c2790e90db8 -> bd97c0d9420d132761a334901ea513b70c8e8df6b68d47e47b76a038fa4fed3d
16:52:42.636214244 pdns=0/0/inactive/dead/ named=0/inactive/dead/ agent=0/inactive/ jphase=intent killpid=1777,
16:52:42.908599521 CHANGE journal a14345c9b22afcf40f975c66df37fc7cb61c8b6210663a136d977525d83e36d4 -> be8b2996d69bdd1d3834b49179bb21673e884ba4f28379a9d3943ec6fec2113f
16:52:42.919569977 CHANGE ledger bd97c0d9420d132761a334901ea513b70c8e8df6b68d47e47b76a038fa4fed3d -> 72186e4d788085a859b0e301b5fc280e69226741e8e90539b9310207c3004641
16:52:42.924749042 pdns=0/0/inactive/dead/ named=0/inactive/dead/ agent=5756/active/ jphase=rolling-back killpid=
16:52:43.306958137 pdns=0/0/inactive/dead/ named=0/inactive/dead/ agent=5756/active/ jphase=rolling-back killpid=
16:52:43.783849314 CHANGE journal be8b2996d69bdd1d3834b49179bb21673e884ba4f28379a9d3943ec6fec2113f -> absent
16:52:43.791705161 CHANGE ledger 72186e4d788085a859b0e301b5fc280e69226741e8e90539b9310207c3004641 -> 32f10b6e7ec82f61afeaab7b5e0ad363938d794d222d9ab643608ee737e7edd2
16:52:43.795380567 pdns=0/0/inactive/dead/ named=0/inactive/dead/ agent=5756/active/ jphase=absent killpid=
16:52:44.067414160 CHANGE ledger 32f10b6e7ec82f61afeaab7b5e0ad363938d794d222d9ab643608ee737e7edd2 -> 290ea78c73e442e5a7f9f9e7b31d3afa1b0075bb46cc726cfeaba3b99792ea89
16:52:44.070730181 pdns=0/0/inactive/dead/ named=0/inactive/dead/ agent=5756/active/ jphase=absent killpid=
16:52:44.341361865 CHANGE ledger 290ea78c73e442e5a7f9f9e7b31d3afa1b0075bb46cc726cfeaba3b99792ea89 -> 6f0f7efac374395f5abded90d5885d1005ba0b74ddd8881ad9eb96d7d787ab91
16:52:44.344762029 pdns=0/0/inactive/dead/ named=0/inactive/dead/ agent=5756/active/ jphase=absent killpid=
16:52:44.630946577 CHANGE ledger 6f0f7efac374395f5abded90d5885d1005ba0b74ddd8881ad9eb96d7d787ab91 -> 868565544845b4747e510f5d41331e007226321609f34f4b36f01719e69bacc0
16:52:44.634559799 pdns=0/0/inactive/dead/ named=0/inactive/dead/ agent=5756/active/ jphase=absent killpid=
16:52:44.918552099 CHANGE journal absent -> a14345c9b22afcf40f975c66df37fc7cb61c8b6210663a136d977525d83e36d4
16:52:44.926789101 CHANGE ledger 868565544845b4747e510f5d41331e007226321609f34f4b36f01719e69bacc0 -> dc45e1daf81fcb121e7a50f0ad9a36786b69ed45c7f932124880af4b3eb0d4cb
16:52:44.930609973 pdns=0/0/inactive/dead/ named=0/inactive/dead/ agent=5756/active/ jphase=intent killpid=
16:52:45.201368335 pdns=0/0/inactive/dead/ named=0/inactive/dead/ agent=5756/active/ jphase=intent killpid=
16:52:45.467466036 pdns=0/0/inactive/dead/ named=0/inactive/dead/ agent=5756/active/ jphase=intent killpid=
16:52:45.729790906 pdns=0/0/inactive/dead/ named=0/inactive/dead/ agent=5756/active/ jphase=intent killpid=
16:52:45.995398428 CHANGE ledger dc45e1daf81fcb121e7a50f0ad9a36786b69ed45c7f932124880af4b3eb0d4cb -> 4be1135a4923a8187c232b5e4c09604377fddd84f0121b4434f0f3417cf52a51
16:52:45.998662313 pdns=0/0/inactive/dead/ named=0/inactive/dead/ agent=5756/active/ jphase=target-staged killpid=
16:52:46.269755720 CHANGE journal a14345c9b22afcf40f975c66df37fc7cb61c8b6210663a136d977525d83e36d4 -> 6be96c5d844e21d6d7d653bf343e9ed95136db72867e5b70797544005c886304
16:52:46.278274127 CHANGE ledger 4be1135a4923a8187c232b5e4c09604377fddd84f0121b4434f0f3417cf52a51 -> 9e927af0631f02390b340e9fa143067e4af12cf520317cb2510f9bc785f01551
16:52:46.290803434 CHANGE pdnsdb absent -> 1b86fd156917c7bbcb1786508f9d6703dcd1be3e473498964719abf7d216c51a
16:52:46.294284771 pdns=0/0/inactive/dead/ named=0/inactive/dead/ agent=5756/active/ jphase=source-stopped killpid=
16:52:46.571704271 CHANGE ledger 9e927af0631f02390b340e9fa143067e4af12cf520317cb2510f9bc785f01551 -> 4a85290fd86417b8110df2dfb71e0946f908fcb53b9a107fe24a346812a575f9
16:52:46.579416289 pdns=0/0/inactive/dead/ named=0/inactive/dead/ agent=5756/active/ jphase=source-stopped killpid=
16:52:46.919437744 CHANGE ledger 4a85290fd86417b8110df2dfb71e0946f908fcb53b9a107fe24a346812a575f9 -> 2ce9a667e32236e636ae17cfb9f400a17c0e39106d6e23073f97d44c62b04090
16:52:46.940974040 pdns=0/0/inactive/dead/ named=0/inactive/dead/ agent=5756/active/ jphase=source-stopped killpid=
16:52:47.444821873 CHANGE ledger 2ce9a667e32236e636ae17cfb9f400a17c0e39106d6e23073f97d44c62b04090 -> c3927650e698cfded2c5ef9dea2c6a33a4528ffe4fb954c0ea74a32245558802
16:52:47.452378167 pdns=0/0/inactive/dead/ named=0/inactive/dead/ agent=5756/active/ jphase=source-stopped killpid=
16:52:47.740535714 CHANGE ledger c3927650e698cfded2c5ef9dea2c6a33a4528ffe4fb954c0ea74a32245558802 -> 5e8ee9c72f7bb469b2624c4fd409b277ce8ff12ea1f53467b4261cd15520cfb1
16:52:47.749837444 pdns=0/0/inactive/dead/ named=0/inactive/dead/ agent=5756/active/ jphase=source-stopped killpid=
16:52:48.108581844 CHANGE ledger 5e8ee9c72f7bb469b2624c4fd409b277ce8ff12ea1f53467b4261cd15520cfb1 -> 66693bd515c5b6ca1f2f8d50ad8a7fea7cb5bdd85d521c053c401d580772e1e2
16:52:48.118037913 pdns=0/0/inactive/dead/ named=0/inactive/dead/ agent=5756/active/ jphase=source-stopped killpid=
16:52:48.388208431 CHANGE ledger 66693bd515c5b6ca1f2f8d50ad8a7fea7cb5bdd85d521c053c401d580772e1e2 -> ac295878fe68fe60a84c849a116fd178efecc006f95c61503b60ed1b8d2ed8b9
16:52:48.398128788 pdns=0/0/inactive/dead/ named=0/inactive/dead/ agent=5756/active/ jphase=source-stopped killpid=
16:52:48.672322027 CHANGE ledger ac295878fe68fe60a84c849a116fd178efecc006f95c61503b60ed1b8d2ed8b9 -> 3bd17958bce1c48de9cc152602c013c14c74e2f48e4f9c540f9b4985adf91b75
16:52:48.683104235 CHANGE pdnsdb 1b86fd156917c7bbcb1786508f9d6703dcd1be3e473498964719abf7d216c51a -> fd12605d15d2fe29c66d08957203769f11d713cdc65c32f37585a42c3e7f408f
16:52:48.686247035 pdns=7013/0/active/running/ named=0/inactive/dead/ agent=5756/active/ jphase=source-stopped killpid=
16:52:48.953990252 CHANGE journal 6be96c5d844e21d6d7d653bf343e9ed95136db72867e5b70797544005c886304 -> 01e66b351850995296fea895ff365c2a768090c08b61d05510bf3116c08d7632
16:52:48.961854464 CHANGE ledger 3bd17958bce1c48de9cc152602c013c14c74e2f48e4f9c540f9b4985adf91b75 -> b20841021f3a9fe9ac8556f3dc9f70b28559bb795d91654ed6abbae2eedf9bef
16:52:48.972371722 CHANGE pdnsdb fd12605d15d2fe29c66d08957203769f11d713cdc65c32f37585a42c3e7f408f -> 0dfde13932b0f35a0273735e5adb85d935e2cf607770aeda428e52143e4ffadf
16:52:48.975485367 pdns=7013/0/active/running/ named=0/inactive/dead/ agent=5756/active/ jphase=target-started killpid=
16:52:49.244054790 CHANGE ledger b20841021f3a9fe9ac8556f3dc9f70b28559bb795d91654ed6abbae2eedf9bef -> 1daec3f6eb2804dbb7f0f8bc0c1fe80b35952040bb55813d000b5d273c9129d4
16:52:49.254177655 pdns=7013/0/active/running/ named=0/inactive/dead/ agent=5756/active/ jphase=target-started killpid=
16:52:49.531650237 CHANGE ledger 1daec3f6eb2804dbb7f0f8bc0c1fe80b35952040bb55813d000b5d273c9129d4 -> 31a26cd3f74aab663405be42b2fe149bd7ceed60a1269da1436ab2e2c410eca8
16:52:49.538915415 pdns=7013/0/active/running/ named=0/inactive/dead/ agent=5756/active/ jphase=target-started killpid=
16:52:49.813230883 CHANGE ledger 31a26cd3f74aab663405be42b2fe149bd7ceed60a1269da1436ab2e2c410eca8 -> 1eb4ba2e0384dde34ad89865f9fc6e5c3e327c4f3068ebc437205781540d5556
16:52:49.821304198 pdns=7013/0/active/running/ named=0/inactive/dead/ agent=5756/active/ jphase=target-started killpid=
16:52:50.100252208 CHANGE ledger 1eb4ba2e0384dde34ad89865f9fc6e5c3e327c4f3068ebc437205781540d5556 -> 385f30fda0d02c107ab82fe81520d2c3d76eddb40bf8c6aff7002bfd03af7ce9
16:52:50.114501154 pdns=7013/0/active/running/ named=0/inactive/dead/ agent=5756/active/ jphase=target-started killpid=
16:52:50.431582592 CHANGE ledger 385f30fda0d02c107ab82fe81520d2c3d76eddb40bf8c6aff7002bfd03af7ce9 -> 96661011c68492a55f84b8cc177452e5425e1d95e8a79536e3083d029e95c7fe
16:52:50.449160362 pdns=7013/0/active/running/ named=0/inactive/dead/ agent=5756/active/ jphase=target-started killpid=
16:52:50.788480618 CHANGE ledger 96661011c68492a55f84b8cc177452e5425e1d95e8a79536e3083d029e95c7fe -> 8f3fafd4fb64f4d27e4f9ecf3490ccab1ba654f0974e69f5330c4db5bc37a663
16:52:50.796969987 pdns=7013/0/active/running/ named=0/inactive/dead/ agent=5756/active/ jphase=target-started killpid=
16:52:51.064621636 CHANGE journal 01e66b351850995296fea895ff365c2a768090c08b61d05510bf3116c08d7632 -> 51ade593ec8e8f79d404048d0f416a8f6e67b3b9c0c84671146310218a3e8f16
16:52:51.079376141 CHANGE state absent -> ced00c8bd117e440f67c0c1345687c1a8d846570be3d0c691ee5cdcb4ba02cd4
16:52:51.088127956 pdns=7013/0/active/running/ named=0/inactive/dead/ agent=5756/active/ jphase=committed killpid=
16:52:51.370588822 pdns=7013/0/active/running/ named=0/inactive/dead/ agent=5756/active/ jphase=committed killpid=
16:52:51.657710707 pdns=7013/0/active/running/ named=0/inactive/dead/ agent=5756/active/ jphase=committed killpid=
16:52:51.917025112 CHANGE journal 51ade593ec8e8f79d404048d0f416a8f6e67b3b9c0c84671146310218a3e8f16 -> absent
16:52:51.927156164 CHANGE ledger 8f3fafd4fb64f4d27e4f9ecf3490ccab1ba654f0974e69f5330c4db5bc37a663 -> 9af4327f6523b8e1616f5f528205ba52d7c27cfa30fd3aa7ee938647c850109e
16:52:51.945400524 pdns=7013/0/active/running/ named=0/inactive/dead/ agent=5756/active/ jphase=absent killpid=
16:52:52.280505463 pdns=7013/0/active/running/ named=0/inactive/dead/ agent=5756/active/ jphase=absent killpid=
16:52:52.602926260 pdns=7013/0/active/running/ named=0/inactive/dead/ agent=5756/active/ jphase=absent killpid=
16:52:52.878140465 pdns=7013/0/active/running/ named=0/inactive/dead/ agent=5756/active/ jphase=absent killpid=
16:52:53.153039575 pdns=7013/0/active/running/ named=0/inactive/dead/ agent=5756/active/ jphase=absent killpid=
16:52:53.426183873 pdns=7013/0/active/running/ named=0/inactive/dead/ agent=5756/active/ jphase=absent killpid=
16:52:53.699646280 pdns=7013/0/active/running/ named=0/inactive/dead/ agent=5756/active/ jphase=absent killpid=
16:52:53.977747775 pdns=7013/0/active/running/ named=0/inactive/dead/ agent=5756/active/ jphase=absent killpid=
16:52:54.255515093 pdns=7013/0/active/running/ named=0/inactive/dead/ agent=5756/active/ jphase=absent killpid=
16:52:54.533849454 pdns=7013/0/active/running/ named=0/inactive/dead/ agent=5756/active/ jphase=absent killpid=
16:52:54.814160007 pdns=7013/0/active/running/ named=0/inactive/dead/ agent=5756/active/ jphase=absent killpid=
16:52:55.097944921 pdns=7013/0/active/running/ named=0/inactive/dead/ agent=5756/active/ jphase=absent killpid=
16:52:55.374400972 pdns=7013/0/active/running/ named=0/inactive/dead/ agent=5756/active/ jphase=absent killpid=
16:52:55.654308869 pdns=7013/0/active/running/ named=0/inactive/dead/ agent=5756/active/ jphase=absent killpid=
16:52:55.933083324 pdns=7013/0/active/running/ named=0/inactive/dead/ agent=5756/active/ jphase=absent killpid=
16:52:56.210638197 pdns=7013/0/active/running/ named=0/inactive/dead/ agent=5756/active/ jphase=absent killpid=
16:52:56.483518340 pdns=7013/0/active/running/ named=0/inactive/dead/ agent=5756/active/ jphase=absent killpid=
16:52:56.759999281 pdns=7013/0/active/running/ named=0/inactive/dead/ agent=5756/active/ jphase=absent killpid=
16:52:57.032866337 pdns=7013/0/active/running/ named=0/inactive/dead/ agent=5756/active/ jphase=absent killpid=
16:52:57.307422320 pdns=7013/0/active/running/ named=0/inactive/dead/ agent=5756/active/ jphase=absent killpid=
16:52:57.582292664 pdns=7013/0/active/running/ named=0/inactive/dead/ agent=5756/active/ jphase=absent killpid=
16:52:57.858637249 pdns=7013/0/active/running/ named=0/inactive/dead/ agent=5756/active/ jphase=absent killpid=
16:52:58.141994239 pdns=7013/0/active/running/ named=0/inactive/dead/ agent=5756/active/ jphase=absent killpid=
16:52:58.419013563 pdns=7013/0/active/running/ named=0/inactive/dead/ agent=5756/active/ jphase=absent killpid=
16:52:58.695256192 pdns=7013/0/active/running/ named=0/inactive/dead/ agent=5756/active/ jphase=absent killpid=
16:52:58.969937273 pdns=7013/0/active/running/ named=0/inactive/dead/ agent=5756/active/ jphase=absent killpid=
16:52:59.249332296 pdns=7013/0/active/running/ named=0/inactive/dead/ agent=5756/active/ jphase=absent killpid=
16:52:59.525131834 pdns=7013/0/active/running/ named=0/inactive/dead/ agent=5756/active/ jphase=absent killpid=
16:52:59.804859487 pdns=7013/0/active/running/ named=0/inactive/dead/ agent=5756/active/ jphase=absent killpid=
16:53:00.100176018 pdns=7013/0/active/running/ named=0/inactive/dead/ agent=5756/active/ jphase=absent killpid=
16:53:00.373867624 pdns=7013/0/active/running/ named=0/inactive/dead/ agent=5756/active/ jphase=absent killpid=
16:53:00.647922990 pdns=7013/0/active/running/ named=0/inactive/dead/ agent=5756/active/ jphase=absent killpid=
16:53:00.922832755 pdns=7013/0/active/running/ named=0/inactive/dead/ agent=5756/active/ jphase=absent killpid=
16:53:01.196068718 pdns=7013/0/active/running/ named=0/inactive/dead/ agent=5756/active/ jphase=absent killpid=
16:53:01.470517598 pdns=7013/0/active/running/ named=0/inactive/dead/ agent=5756/active/ jphase=absent killpid=
16:53:01.750235997 pdns=7013/0/active/running/ named=0/inactive/dead/ agent=5756/active/ jphase=absent killpid=
16:53:02.042256686 pdns=7013/0/active/running/ named=0/inactive/dead/ agent=5756/active/ jphase=absent killpid=
16:53:02.319523815 pdns=7013/0/active/running/ named=0/inactive/dead/ agent=5756/active/ jphase=absent killpid=
16:53:02.592627784 pdns=7013/0/active/running/ named=0/inactive/dead/ agent=5756/active/ jphase=absent killpid=
16:53:02.869868858 pdns=7013/0/active/running/ named=0/inactive/dead/ agent=5756/active/ jphase=absent killpid=
16:53:03.150436639 pdns=7013/0/active/running/ named=0/inactive/dead/ agent=5756/active/ jphase=absent killpid=
16:53:03.424621803 pdns=7013/0/active/running/ named=0/inactive/dead/ agent=5756/active/ jphase=absent killpid=
16:53:03.699692223 pdns=7013/0/active/running/ named=0/inactive/dead/ agent=5756/active/ jphase=absent killpid=
16:53:03.974038198 pdns=7013/0/active/running/ named=0/inactive/dead/ agent=5756/active/ jphase=absent killpid=
16:53:04.249818331 pdns=7013/0/active/running/ named=0/inactive/dead/ agent=5756/active/ jphase=absent killpid=
16:53:04.526089117 pdns=7013/0/active/running/ named=0/inactive/dead/ agent=5756/active/ jphase=absent killpid=
16:53:04.805310649 pdns=7013/0/active/running/ named=0/inactive/dead/ agent=5756/active/ jphase=absent killpid=
16:53:05.081453617 pdns=7013/0/active/running/ named=0/inactive/dead/ agent=5756/active/ jphase=absent killpid=
16:53:05.360210626 pdns=7013/0/active/running/ named=0/inactive/dead/ agent=5756/active/ jphase=absent killpid=
16:53:05.635261469 pdns=7013/0/active/running/ named=0/inactive/dead/ agent=5756/active/ jphase=absent killpid=
16:53:05.909830763 pdns=7013/0/active/running/ named=0/inactive/dead/ agent=5756/active/ jphase=absent killpid=
16:53:06.187999574 pdns=7013/0/active/running/ named=0/inactive/dead/ agent=5756/active/ jphase=absent killpid=
16:53:06.474684400 pdns=7013/0/active/running/ named=0/inactive/dead/ agent=5756/active/ jphase=absent killpid=
16:53:06.751177448 pdns=7013/0/active/running/ named=0/inactive/dead/ agent=5756/active/ jphase=absent killpid=
16:53:07.027009829 pdns=7013/0/active/running/ named=0/inactive/dead/ agent=5756/active/ jphase=absent killpid=
16:53:07.303940463 pdns=7013/0/active/running/ named=0/inactive/dead/ agent=5756/active/ jphase=absent killpid=
16:53:07.580819350 pdns=7013/0/active/running/ named=0/inactive/dead/ agent=5756/active/ jphase=absent killpid=
16:53:07.857575788 pdns=7013/0/active/running/ named=0/inactive/dead/ agent=5756/active/ jphase=absent killpid=
16:53:08.138876375 pdns=7013/0/active/running/ named=0/inactive/dead/ agent=5756/active/ jphase=absent killpid=
16:53:08.421033814 pdns=7013/0/active/running/ named=0/inactive/dead/ agent=5756/active/ jphase=absent killpid=
16:53:08.698000973 pdns=7013/0/active/running/ named=0/inactive/dead/ agent=5756/active/ jphase=absent killpid=
16:53:08.980231446 pdns=7013/0/active/running/ named=0/inactive/dead/ agent=5756/active/ jphase=absent killpid=
16:53:09.273038428 pdns=7013/0/active/running/ named=0/inactive/dead/ agent=5756/active/ jphase=absent killpid=
16:53:09.556625234 pdns=7013/0/active/running/ named=0/inactive/dead/ agent=5756/active/ jphase=absent killpid=
16:53:09.845354201 pdns=7013/0/active/running/ named=0/inactive/dead/ agent=5756/active/ jphase=absent killpid=
16:53:10.129517643 pdns=7013/0/active/running/ named=0/inactive/dead/ agent=5756/active/ jphase=absent killpid=
16:53:10.422905919 pdns=7013/0/active/running/ named=0/inactive/dead/ agent=5756/active/ jphase=absent killpid=
16:53:10.710456489 pdns=7013/0/active/running/ named=0/inactive/dead/ agent=5756/active/ jphase=absent killpid=
16:53:11.016334409 pdns=7013/0/active/running/ named=0/inactive/dead/ agent=5756/active/ jphase=absent killpid=
16:53:11.303602581 pdns=7013/0/active/running/ named=0/inactive/dead/ agent=5756/active/ jphase=absent killpid=
16:53:11.584324011 pdns=7013/0/active/running/ named=0/inactive/dead/ agent=5756/active/ jphase=absent killpid=
16:53:11.864784639 pdns=7013/0/active/running/ named=0/inactive/dead/ agent=5756/active/ jphase=absent killpid=
16:53:12.152550485 pdns=7013/0/active/running/ named=0/inactive/dead/ agent=5756/active/ jphase=absent killpid=
16:53:12.434163833 pdns=7013/0/active/running/ named=0/inactive/dead/ agent=5756/active/ jphase=absent killpid=
16:53:12.724300501 pdns=7013/0/active/running/ named=0/inactive/dead/ agent=5756/active/ jphase=absent killpid=
16:53:13.013811513 pdns=7013/0/active/running/ named=0/inactive/dead/ agent=5756/active/ jphase=absent killpid=
16:53:13.299343216 pdns=7013/0/active/running/ named=0/inactive/dead/ agent=5756/active/ jphase=absent killpid=
16:53:13.588430070 pdns=7013/0/active/running/ named=0/inactive/dead/ agent=5756/active/ jphase=absent killpid=
16:53:13.870499049 pdns=7013/0/active/running/ named=0/inactive/dead/ agent=5756/active/ jphase=absent killpid=
16:53:14.153662749 pdns=7013/0/active/running/ named=0/inactive/dead/ agent=5756/active/ jphase=absent killpid=
16:53:14.434019042 pdns=7013/0/active/running/ named=0/inactive/dead/ agent=5756/active/ jphase=absent killpid=
16:53:14.716282485 pdns=7013/0/active/running/ named=0/inactive/dead/ agent=5756/active/ jphase=absent killpid=
16:53:14.996704145 pdns=7013/0/active/running/ named=0/inactive/dead/ agent=5756/active/ jphase=absent killpid=
16:53:15.279310559 pdns=7013/0/active/running/ named=0/inactive/dead/ agent=5756/active/ jphase=absent killpid=
16:53:15.563262090 pdns=7013/0/active/running/ named=0/inactive/dead/ agent=5756/active/ jphase=absent killpid=
16:53:15.846955589 pdns=7013/0/active/running/ named=0/inactive/dead/ agent=5756/active/ jphase=absent killpid=
16:53:16.131327797 pdns=7013/0/active/running/ named=0/inactive/dead/ agent=5756/active/ jphase=absent killpid=
16:53:16.420692284 pdns=7013/0/active/running/ named=0/inactive/dead/ agent=5756/active/ jphase=absent killpid=
16:53:16.715151494 pdns=7013/0/active/running/ named=0/inactive/dead/ agent=5756/active/ jphase=absent killpid=
16:53:17.006846634 pdns=7013/0/active/running/ named=0/inactive/dead/ agent=5756/active/ jphase=absent killpid=
16:53:17.305687655 pdns=7013/0/active/running/ named=0/inactive/dead/ agent=5756/active/ jphase=absent killpid=
16:53:17.590115069 pdns=7013/0/active/running/ named=0/inactive/dead/ agent=5756/active/ jphase=absent killpid=
16:53:17.875687262 pdns=7013/0/active/running/ named=0/inactive/dead/ agent=5756/active/ jphase=absent killpid=
16:53:18.158877649 pdns=7013/0/active/running/ named=0/inactive/dead/ agent=5756/active/ jphase=absent killpid=
16:53:18.438572698 pdns=7013/0/active/running/ named=0/inactive/dead/ agent=5756/active/ jphase=absent killpid=
16:53:18.722584286 pdns=7013/0/active/running/ named=0/inactive/dead/ agent=5756/active/ jphase=absent killpid=
16:53:19.008182744 pdns=7013/0/active/running/ named=0/inactive/dead/ agent=5756/active/ jphase=absent killpid=
16:53:19.301034150 pdns=7013/0/active/running/ named=0/inactive/dead/ agent=5756/active/ jphase=absent killpid=
16:53:19.596546897 pdns=7013/0/active/running/ named=0/inactive/dead/ agent=5756/active/ jphase=absent killpid=
16:53:19.876612299 pdns=7013/0/active/running/ named=0/inactive/dead/ agent=5756/active/ jphase=absent killpid=
16:53:20.157545967 pdns=7013/0/active/running/ named=0/inactive/dead/ agent=5756/active/ jphase=absent killpid=
16:53:20.436936963 pdns=7013/0/active/running/ named=0/inactive/dead/ agent=5756/active/ jphase=absent killpid=
16:53:20.718115584 pdns=7013/0/active/running/ named=0/inactive/dead/ agent=5756/active/ jphase=absent killpid=
16:53:20.995255090 pdns=7013/0/active/running/ named=0/inactive/dead/ agent=5756/active/ jphase=absent killpid=
16:53:21.274473928 pdns=7013/0/active/running/ named=0/inactive/dead/ agent=5756/active/ jphase=absent killpid=
16:53:21.550908181 pdns=7013/0/active/running/ named=0/inactive/dead/ agent=5756/active/ jphase=absent killpid=
16:53:21.828459377 pdns=7013/0/active/running/ named=0/inactive/dead/ agent=5756/active/ jphase=absent killpid=
16:53:22.106864717 pdns=7013/0/active/running/ named=0/inactive/dead/ agent=5756/active/ jphase=absent killpid=
16:53:22.382648466 pdns=7013/0/active/running/ named=0/inactive/dead/ agent=5756/active/ jphase=absent killpid=
16:53:22.666378042 pdns=7013/0/active/running/ named=0/inactive/dead/ agent=5756/active/ jphase=absent killpid=
done
