14:51:54.694257869 CHANGE journal none -> absent
14:51:54.706137810 CHANGE ledger none -> 177f61d12ed0bb85e6ea535b807b376e26bbe0871405a13867c0b3cb6ea4b211
14:51:54.709810106 CHANGE state none -> absent
14:51:54.714255106 POINTER 
14:51:54.716273535 pdns=0/0/inactive/dead/ named=0/inactive/dead/ agent=0/inactive/ jphase=absent killpid=
14:51:54.993297812 pdns=0/0/inactive/dead/ named=0/inactive/dead/ agent=0/inactive/ jphase=absent killpid=
14:51:55.271850429 pdns=0/0/inactive/dead/ named=0/inactive/dead/ agent=0/inactive/ jphase=absent killpid=
14:51:55.564963131 CHANGE ledger 177f61d12ed0bb85e6ea535b807b376e26bbe0871405a13867c0b3cb6ea4b211 -> 6051782a06500e6f4722f382dc3c51dddf2cf75ed9249f2cd9f3104b98809b39
14:51:55.569227614 pdns=0/0/inactive/dead/ named=0/inactive/dead/ agent=0/inactive/ jphase=absent killpid=1702,1761,
14:51:55.869330893 CHANGE ledger 6051782a06500e6f4722f382dc3c51dddf2cf75ed9249f2cd9f3104b98809b39 -> 0f851cf01d4153e5499bcc19b1d81583e7798c0c44d566125c88046cf0adada4
14:51:55.874841748 pdns=0/0/inactive/dead/ named=0/inactive/dead/ agent=0/inactive/ jphase=absent killpid=1702,
14:51:56.311116534 CHANGE ledger 0f851cf01d4153e5499bcc19b1d81583e7798c0c44d566125c88046cf0adada4 -> c48ba077c18c9e314f6ef94f47fafdd0950f4b639dbb37c334757ac31b9c15ae
14:51:56.314947030 pdns=0/0/inactive/dead/ named=0/inactive/dead/ agent=0/inactive/ jphase=absent killpid=1702,1879,
14:51:56.596759134 pdns=0/0/inactive/dead/ named=0/inactive/dead/ agent=0/inactive/ jphase=absent killpid=1702,1879,
14:51:56.874725174 pdns=0/0/inactive/dead/ named=0/inactive/dead/ agent=0/inactive/ jphase=absent killpid=1702,1879,
14:51:57.153020466 pdns=0/0/inactive/dead/ named=0/inactive/dead/ agent=0/inactive/ jphase=absent killpid=1702,1879,
14:51:57.447844395 pdns=0/0/inactive/dead/ named=0/inactive/dead/ agent=0/inactive/ jphase=absent killpid=1702,1879,
14:51:57.756004221 pdns=0/0/inactive/dead/ named=0/inactive/dead/ agent=0/inactive/ jphase=absent killpid=1702,1879,
14:51:58.058248654 pdns=0/0/inactive/dead/ named=0/inactive/dead/ agent=0/inactive/ jphase=absent killpid=1702,1879,
14:51:58.380858779 pdns=0/0/inactive/dead/ named=0/inactive/dead/ agent=0/inactive/ jphase=absent killpid=1702,1879,
14:51:58.772172357 pdns=0/0/inactive/dead/ named=0/inactive/dead/ agent=0/inactive/ jphase=absent killpid=1702,1879,
14:51:59.067289730 pdns=0/0/inactive/dead/ named=0/inactive/dead/ agent=0/inactive/ jphase=absent killpid=1702,1879,
14:51:59.357684472 pdns=0/0/inactive/dead/ named=0/inactive/dead/ agent=0/inactive/ jphase=absent killpid=1702,1879,
14:51:59.657019289 pdns=0/0/inactive/dead/ named=0/inactive/dead/ agent=0/inactive/ jphase=absent killpid=1702,1879,
14:51:59.946355080 pdns=0/0/inactive/dead/ named=0/inactive/dead/ agent=0/inactive/ jphase=absent killpid=1702,1879,
14:52:00.229663896 pdns=0/0/inactive/dead/ named=0/inactive/dead/ agent=0/inactive/ jphase=absent killpid=1702,1879,
14:52:00.525467165 CHANGE ledger c48ba077c18c9e314f6ef94f47fafdd0950f4b639dbb37c334757ac31b9c15ae -> 893f0f4591fd59a87c7e96a4dcf6e7d1ccb8399adce0d9998bda0baffd3bd319
14:52:00.529347819 pdns=0/0/inactive/dead/ named=0/inactive/dead/ agent=0/inactive/ jphase=absent killpid=1702,2241,
14:52:00.816916670 CHANGE ledger 893f0f4591fd59a87c7e96a4dcf6e7d1ccb8399adce0d9998bda0baffd3bd319 -> 6b3d3a015f2fd0a89fd93dc61d167ece7c3ead206d2ca90bac4effee744fc19c
14:52:00.821721960 pdns=0/0/inactive/dead/ named=0/inactive/dead/ agent=0/inactive/ jphase=absent killpid=1702,2241,
14:52:01.105864372 pdns=0/0/inactive/dead/ named=0/inactive/dead/ agent=0/inactive/ jphase=absent killpid=1702,2241,
14:52:01.380596471 pdns=0/0/inactive/dead/ named=0/inactive/dead/ agent=0/inactive/ jphase=absent killpid=1702,2241,
14:52:01.667272370 pdns=0/0/inactive/dead/ named=0/inactive/dead/ agent=0/inactive/ jphase=absent killpid=1702,2241,
14:52:01.946749315 pdns=0/0/inactive/dead/ named=0/inactive/dead/ agent=0/inactive/ jphase=absent killpid=1702,2241,
14:52:02.235988612 pdns=0/0/inactive/dead/ named=0/inactive/dead/ agent=0/inactive/ jphase=absent killpid=1702,2241,
14:52:02.513667450 pdns=0/0/inactive/dead/ named=0/inactive/dead/ agent=0/inactive/ jphase=absent killpid=1702,2241,
14:52:02.786673970 pdns=0/0/inactive/dead/ named=0/inactive/dead/ agent=0/inactive/ jphase=absent killpid=1702,2241,
14:52:03.064487526 pdns=0/0/inactive/dead/ named=0/inactive/dead/ agent=0/inactive/ jphase=absent killpid=1702,2241,
14:52:03.345197923 pdns=0/0/inactive/dead/ named=0/inactive/dead/ agent=0/inactive/ jphase=absent killpid=1702,2241,
14:52:03.618369422 pdns=0/0/inactive/dead/ named=0/inactive/dead/ agent=0/inactive/ jphase=absent killpid=1702,2241,
14:52:03.898611644 pdns=0/0/inactive/dead/ named=0/inactive/dead/ agent=0/inactive/ jphase=absent killpid=1702,2241,
14:52:04.182623104 pdns=0/0/inactive/dead/ named=0/inactive/dead/ agent=0/inactive/ jphase=absent killpid=1702,2241,
14:52:04.904671676 pdns=0/0/inactive/dead/ named=0/inactive/dead/ agent=0/inactive/ jphase=absent killpid=1702,2737,
14:52:05.368447578 CHANGE ledger 6b3d3a015f2fd0a89fd93dc61d167ece7c3ead206d2ca90bac4effee744fc19c -> 02ca3614bcb9296d696d5c000e45c1541126cf56aa88277ba08f09677fe8997e
14:52:05.381134725 pdns=0/0/inactive/dead/ named=0/inactive/dead/ agent=0/inactive/ jphase=absent killpid=1702,2863,
14:52:05.861871019 CHANGE journal absent -> 0518ea541bddbabb0a24175bd3c3b3459928d7f79fb400e4b28225a6da720677
14:52:05.877238772 CHANGE ledger 02ca3614bcb9296d696d5c000e45c1541126cf56aa88277ba08f09677fe8997e -> f3422e211b6f2c7df95b7b91c957e8262ecdaea48e0d8413b21595672d1e7d8a
14:52:05.881710545 pdns=0/0/inactive/dead/ named=0/inactive/dead/ agent=0/inactive/ jphase=intent killpid=1702,
14:52:06.158567877 CHANGE ledger f3422e211b6f2c7df95b7b91c957e8262ecdaea48e0d8413b21595672d1e7d8a -> adea66860e9f3d7fc7a28d03146965a79f23d8f2ae6a0ab418cfb692541cb335
14:52:06.162324191 pdns=0/0/inactive/dead/ named=0/inactive/dead/ agent=0/inactive/ jphase=intent killpid=1702,
14:52:06.440434906 CHANGE journal 0518ea541bddbabb0a24175bd3c3b3459928d7f79fb400e4b28225a6da720677 -> ed09d91eb727e1a558808bedcc7c956e92a79ceaf850bd2c577c3cfeb532f22d
14:52:06.450667513 CHANGE ledger adea66860e9f3d7fc7a28d03146965a79f23d8f2ae6a0ab418cfb692541cb335 -> eece2749a96d4663633f47c9615845d8e2edb06bd1936a43864572ef52d5791b
14:52:06.454296963 pdns=0/0/inactive/dead/ named=0/inactive/dead/ agent=3030/active/ jphase=rolling-back killpid=
14:52:07.200060896 CHANGE journal ed09d91eb727e1a558808bedcc7c956e92a79ceaf850bd2c577c3cfeb532f22d -> absent
14:52:07.208851510 CHANGE ledger eece2749a96d4663633f47c9615845d8e2edb06bd1936a43864572ef52d5791b -> 9ac4f601ee107406acf2b0ea054e4649cd1ec3869ecc951972c333014e4d3dda
14:52:07.212501991 pdns=0/0/inactive/dead/ named=0/inactive/dead/ agent=3030/active/ jphase=absent killpid=
14:52:07.506494208 CHANGE ledger 9ac4f601ee107406acf2b0ea054e4649cd1ec3869ecc951972c333014e4d3dda -> 1b77dd3e3784a22cf9b298db6033a809803b8200ade711fcaf64373fc71ee112
14:52:07.510965061 pdns=0/0/inactive/dead/ named=0/inactive/dead/ agent=3030/active/ jphase=absent killpid=
14:52:07.802728906 CHANGE journal absent -> 0518ea541bddbabb0a24175bd3c3b3459928d7f79fb400e4b28225a6da720677
14:52:07.812538997 CHANGE ledger 1b77dd3e3784a22cf9b298db6033a809803b8200ade711fcaf64373fc71ee112 -> 18e86e61995d69373726858f331eee4051b222cb5366465214534e77bb108c47
14:52:07.816942499 pdns=0/0/inactive/dead/ named=0/inactive/dead/ agent=3030/active/ jphase=intent killpid=
14:52:08.105425826 CHANGE ledger 18e86e61995d69373726858f331eee4051b222cb5366465214534e77bb108c47 -> 6e521d561db9a52d002118bc2ea1cca6a8104606ed6805f65ed5d6f7049e5faf
14:52:08.112111492 pdns=0/0/inactive/dead/ named=0/inactive/dead/ agent=3030/active/ jphase=source-stopped killpid=
14:52:08.455178993 CHANGE journal 0518ea541bddbabb0a24175bd3c3b3459928d7f79fb400e4b28225a6da720677 -> e01999c05e5e86d043933d7d4df3b1d9e55ab7289402b56992bab1fbf59d0141
14:52:08.467447172 CHANGE ledger 6e521d561db9a52d002118bc2ea1cca6a8104606ed6805f65ed5d6f7049e5faf -> d85915bd33028a1dbe6a67e646d89e6570f00f317cd933b5d67ca21946bb8bb3
14:52:08.479645698 pdns=0/0/inactive/dead/ named=0/inactive/dead/ agent=3030/active/ jphase=source-stopped killpid=
14:52:08.826151099 CHANGE ledger d85915bd33028a1dbe6a67e646d89e6570f00f317cd933b5d67ca21946bb8bb3 -> e8b282602817277e86c6ed45e6192f318c9b63a503dd542fc6e027ac0fbc4f9d
14:52:08.833068221 pdns=0/0/inactive/dead/ named=0/inactive/dead/ agent=3030/active/ jphase=source-stopped killpid=
14:52:09.342472891 CHANGE ledger e8b282602817277e86c6ed45e6192f318c9b63a503dd542fc6e027ac0fbc4f9d -> da5e985afd4b0a96def59183ff54e595d28329d7bc79246279c4db84a434fa4d
14:52:09.347045273 pdns=0/0/inactive/dead/ named=0/inactive/dead/ agent=3030/active/ jphase=source-stopped killpid=
14:52:09.628085953 CHANGE ledger da5e985afd4b0a96def59183ff54e595d28329d7bc79246279c4db84a434fa4d -> a42ed4daa68c5d6ef4f89a637d8523d4135d95f16dd5839903bf1c8fda96ad04
14:52:09.631296057 pdns=0/0/inactive/dead/ named=0/inactive/dead/ agent=3030/active/ jphase=source-stopped killpid=
14:52:10.092666247 CHANGE ledger a42ed4daa68c5d6ef4f89a637d8523d4135d95f16dd5839903bf1c8fda96ad04 -> 9e2ed7a36bd17d57908890ee1ccb1a966291ace6e18778281757d9c4f32ddbaf
14:52:10.096990108 pdns=0/0/inactive/dead/ named=0/inactive/dead/ agent=3030/active/ jphase=source-stopped killpid=
14:52:10.383919525 CHANGE ledger 9e2ed7a36bd17d57908890ee1ccb1a966291ace6e18778281757d9c4f32ddbaf -> 4f7f97b2cd5e643ea8e6ae0f11444869045fb1ed5a9523bcad39f301fd813938
14:52:10.387613353 pdns=4018/0/activating/start/ named=0/inactive/dead/ agent=3030/active/ jphase=source-stopped killpid=
14:52:10.678873415 CHANGE journal e01999c05e5e86d043933d7d4df3b1d9e55ab7289402b56992bab1fbf59d0141 -> 1ac232202e16e6035757e967825a06435bc57d89a4d11e9a269ad78f492c4b92
14:52:10.690701065 CHANGE ledger 4f7f97b2cd5e643ea8e6ae0f11444869045fb1ed5a9523bcad39f301fd813938 -> 0274d7efe81c215cebd0efd333e4029a7e88dc5a8b1bd5c663569903bf1cd4ed
14:52:10.696159716 pdns=4018/0/active/running/ named=0/inactive/dead/ agent=3030/active/ jphase=target-started killpid=
14:52:11.002422020 CHANGE ledger 0274d7efe81c215cebd0efd333e4029a7e88dc5a8b1bd5c663569903bf1cd4ed -> 86536ab3f8b6527d93d41f09a447d3e3d0eafa16c31d6b8a976e56161a69042b
14:52:11.007480272 pdns=4018/0/active/running/ named=0/inactive/dead/ agent=3030/active/ jphase=target-started killpid=
14:52:11.302030925 CHANGE ledger 86536ab3f8b6527d93d41f09a447d3e3d0eafa16c31d6b8a976e56161a69042b -> 70029bbb12b608acd66e586d8242af264f7f224b79881fc6dd47ae89f2d2303b
14:52:11.306873807 pdns=4018/0/active/running/ named=0/inactive/dead/ agent=3030/active/ jphase=target-started killpid=
14:52:11.594271079 CHANGE ledger 70029bbb12b608acd66e586d8242af264f7f224b79881fc6dd47ae89f2d2303b -> ceede7e6830a772086b6fd53a2d5b70c2bc9bdc9e44a9ce24ef8ab16d3542e60
14:52:11.597652733 pdns=4018/0/active/running/ named=0/inactive/dead/ agent=3030/active/ jphase=committed killpid=
14:52:11.875088628 CHANGE journal 1ac232202e16e6035757e967825a06435bc57d89a4d11e9a269ad78f492c4b92 -> 969c7424c3155d5cecfc5294d69637bcd39d12cf16ac4a3bb3b95254e5613fe1
14:52:11.894695258 CHANGE state absent -> 08f6266b4d1319087f9f791952c8836c4d699aabc814e02de8c8252fbbdd2478
14:52:11.898702974 pdns=4018/0/active/running/ named=0/inactive/dead/ agent=3030/active/ jphase=committed killpid=
14:52:12.190086151 CHANGE journal 969c7424c3155d5cecfc5294d69637bcd39d12cf16ac4a3bb3b95254e5613fe1 -> absent
14:52:12.198090038 CHANGE ledger ceede7e6830a772086b6fd53a2d5b70c2bc9bdc9e44a9ce24ef8ab16d3542e60 -> f452262c5d62be532618ed83068c0aecd196925f857399c99154e5dd9da343d9
14:52:12.206915301 pdns=4018/0/active/running/ named=0/inactive/dead/ agent=3030/active/ jphase=absent killpid=
14:52:12.523140552 pdns=4018/0/active/running/ named=0/inactive/dead/ agent=3030/active/ jphase=absent killpid=
14:52:12.817019589 pdns=4018/0/active/running/ named=0/inactive/dead/ agent=3030/active/ jphase=absent killpid=
14:52:13.092014706 pdns=4018/0/active/running/ named=0/inactive/dead/ agent=3030/active/ jphase=absent killpid=
14:52:13.372161826 pdns=4018/0/active/running/ named=0/inactive/dead/ agent=3030/active/ jphase=absent killpid=
14:52:13.647253808 pdns=4018/0/active/running/ named=0/inactive/dead/ agent=3030/active/ jphase=absent killpid=
14:52:13.921722496 pdns=4018/0/active/running/ named=0/inactive/dead/ agent=3030/active/ jphase=absent killpid=
14:52:14.197270125 pdns=4018/0/active/running/ named=0/inactive/dead/ agent=3030/active/ jphase=absent killpid=
14:52:14.481768000 pdns=4018/0/active/running/ named=0/inactive/dead/ agent=3030/active/ jphase=absent killpid=
14:52:14.789778097 pdns=4018/0/active/running/ named=0/inactive/dead/ agent=3030/active/ jphase=absent killpid=
14:52:15.077147684 pdns=4018/0/active/running/ named=0/inactive/dead/ agent=3030/active/ jphase=absent killpid=
14:52:15.374772900 pdns=4018/0/active/running/ named=0/inactive/dead/ agent=3030/active/ jphase=absent killpid=
14:52:15.667116184 pdns=4018/0/active/running/ named=0/inactive/dead/ agent=3030/active/ jphase=absent killpid=
14:52:15.959324776 pdns=4018/0/active/running/ named=0/inactive/dead/ agent=3030/active/ jphase=absent killpid=
14:52:16.237939619 pdns=4018/0/active/running/ named=0/inactive/dead/ agent=3030/active/ jphase=absent killpid=
14:52:16.522229075 pdns=4018/0/active/running/ named=0/inactive/dead/ agent=3030/active/ jphase=absent killpid=
14:52:16.805232438 pdns=4018/0/active/running/ named=0/inactive/dead/ agent=3030/active/ jphase=absent killpid=
14:52:17.087542495 pdns=4018/0/active/running/ named=0/inactive/dead/ agent=3030/active/ jphase=absent killpid=
14:52:17.371768555 pdns=4018/0/active/running/ named=0/inactive/dead/ agent=3030/active/ jphase=absent killpid=
14:52:17.665714754 pdns=4018/0/active/running/ named=0/inactive/dead/ agent=3030/active/ jphase=absent killpid=
14:52:17.948845948 pdns=4018/0/active/running/ named=0/inactive/dead/ agent=3030/active/ jphase=absent killpid=
14:52:18.234586456 pdns=4018/0/active/running/ named=0/inactive/dead/ agent=3030/active/ jphase=absent killpid=
14:52:18.518820595 pdns=4018/0/active/running/ named=0/inactive/dead/ agent=3030/active/ jphase=absent killpid=
14:52:18.806341939 pdns=4018/0/active/running/ named=0/inactive/dead/ agent=3030/active/ jphase=absent killpid=
14:52:19.096506275 pdns=4018/0/active/running/ named=0/inactive/dead/ agent=3030/active/ jphase=absent killpid=
14:52:19.383664190 pdns=4018/0/active/running/ named=0/inactive/dead/ agent=3030/active/ jphase=absent killpid=
14:52:19.671948105 pdns=4018/0/active/running/ named=0/inactive/dead/ agent=3030/active/ jphase=absent killpid=
14:52:19.959778692 pdns=4018/0/active/running/ named=0/inactive/dead/ agent=3030/active/ jphase=absent killpid=
14:52:20.237681602 pdns=4018/0/active/running/ named=0/inactive/dead/ agent=3030/active/ jphase=absent killpid=
14:52:20.521740037 pdns=4018/0/active/running/ named=0/inactive/dead/ agent=3030/active/ jphase=absent killpid=
14:52:20.807802930 pdns=4018/0/active/running/ named=0/inactive/dead/ agent=3030/active/ jphase=absent killpid=
14:52:21.087871897 pdns=4018/0/active/running/ named=0/inactive/dead/ agent=3030/active/ jphase=absent killpid=
14:52:21.374237667 pdns=4018/0/active/running/ named=0/inactive/dead/ agent=3030/active/ jphase=absent killpid=
14:52:21.656155464 pdns=4018/0/active/running/ named=0/inactive/dead/ agent=3030/active/ jphase=absent killpid=
14:52:21.937189696 pdns=4018/0/active/running/ named=0/inactive/dead/ agent=3030/active/ jphase=absent killpid=
14:52:22.217250280 pdns=4018/0/active/running/ named=0/inactive/dead/ agent=3030/active/ jphase=absent killpid=
14:52:22.521695186 pdns=4018/0/active/running/ named=0/inactive/dead/ agent=3030/active/ jphase=absent killpid=
14:52:22.807570099 pdns=4018/0/active/running/ named=0/inactive/dead/ agent=3030/active/ jphase=absent killpid=
14:52:23.099283767 pdns=4018/0/active/running/ named=0/inactive/dead/ agent=3030/active/ jphase=absent killpid=
14:52:23.387354184 pdns=4018/0/active/running/ named=0/inactive/dead/ agent=3030/active/ jphase=absent killpid=
14:52:23.668392092 pdns=4018/0/active/running/ named=0/inactive/dead/ agent=3030/active/ jphase=absent killpid=
14:52:23.949294943 pdns=4018/0/active/running/ named=0/inactive/dead/ agent=3030/active/ jphase=absent killpid=
14:52:24.233997431 pdns=4018/0/active/running/ named=0/inactive/dead/ agent=3030/active/ jphase=absent killpid=
14:52:24.529011621 pdns=4018/0/active/running/ named=0/inactive/dead/ agent=3030/active/ jphase=absent killpid=
14:52:24.829021547 pdns=4018/0/active/running/ named=0/inactive/dead/ agent=3030/active/ jphase=absent killpid=
14:52:25.110550741 pdns=4018/0/active/running/ named=0/inactive/dead/ agent=3030/active/ jphase=absent killpid=
14:52:25.442367257 pdns=4018/0/active/running/ named=0/inactive/dead/ agent=3030/active/ jphase=absent killpid=
14:52:26.002347441 pdns=4018/0/active/running/ named=0/inactive/dead/ agent=3030/active/ jphase=absent killpid=
14:52:27.231156451 pdns=4018/0/active/running/ named=0/inactive/dead/ agent=3030/active/ jphase=absent killpid=
14:52:27.803317953 pdns=4018/0/active/running/ named=0/inactive/dead/ agent=3030/active/ jphase=absent killpid=
14:52:28.240594789 pdns=4018/0/active/running/ named=0/inactive/dead/ agent=3030/active/ jphase=absent killpid=
14:52:28.648713061 pdns=4018/0/active/running/ named=0/inactive/dead/ agent=3030/active/ jphase=absent killpid=
14:52:29.030319142 pdns=4018/0/active/running/ named=0/inactive/dead/ agent=3030/active/ jphase=absent killpid=
14:52:29.411835014 pdns=4018/0/active/running/ named=0/inactive/dead/ agent=3030/active/ jphase=absent killpid=
14:52:29.804331751 pdns=4018/0/active/running/ named=0/inactive/dead/ agent=3030/active/ jphase=absent killpid=
14:52:30.191317586 pdns=4018/0/active/running/ named=0/inactive/dead/ agent=3030/active/ jphase=absent killpid=
14:52:30.645278582 pdns=4018/0/active/running/ named=0/inactive/dead/ agent=3030/active/ jphase=absent killpid=
14:52:31.102976992 pdns=4018/0/active/running/ named=0/inactive/dead/ agent=3030/active/ jphase=absent killpid=
14:52:31.683520565 pdns=4018/0/active/running/ named=0/inactive/dead/ agent=3030/active/ jphase=absent killpid=
14:52:32.087926134 pdns=4018/0/active/running/ named=0/inactive/dead/ agent=3030/active/ jphase=absent killpid=
14:52:32.396304108 pdns=4018/0/active/running/ named=0/inactive/dead/ agent=3030/active/ jphase=absent killpid=
14:52:32.686651495 pdns=4018/0/active/running/ named=0/inactive/dead/ agent=3030/active/ jphase=absent killpid=
14:52:32.975717437 pdns=4018/0/active/running/ named=0/inactive/dead/ agent=3030/active/ jphase=absent killpid=
14:52:33.261945790 pdns=4018/0/active/running/ named=0/inactive/dead/ agent=3030/active/ jphase=absent killpid=
14:52:33.559695006 pdns=4018/0/active/running/ named=0/inactive/dead/ agent=3030/active/ jphase=absent killpid=
14:52:33.836404707 pdns=4018/0/active/running/ named=0/inactive/dead/ agent=3030/active/ jphase=absent killpid=
14:52:34.110571092 pdns=4018/0/active/running/ named=0/inactive/dead/ agent=3030/active/ jphase=absent killpid=
14:52:34.387337216 pdns=4018/0/active/running/ named=0/inactive/dead/ agent=3030/active/ jphase=absent killpid=
14:52:34.662069381 pdns=4018/0/active/running/ named=0/inactive/dead/ agent=3030/active/ jphase=absent killpid=
14:52:34.938486778 pdns=4018/0/active/running/ named=0/inactive/dead/ agent=3030/active/ jphase=absent killpid=
14:52:35.222945616 pdns=4018/0/active/running/ named=0/inactive/dead/ agent=3030/active/ jphase=absent killpid=
14:52:35.513587180 pdns=4018/0/active/running/ named=0/inactive/dead/ agent=3030/active/ jphase=absent killpid=
14:52:35.785832238 pdns=4018/0/active/running/ named=0/inactive/dead/ agent=3030/active/ jphase=absent killpid=
14:52:36.057378673 pdns=4018/0/active/running/ named=0/inactive/dead/ agent=3030/active/ jphase=absent killpid=
14:52:36.333665160 pdns=4018/0/active/running/ named=0/inactive/dead/ agent=3030/active/ jphase=absent killpid=
14:52:36.610250271 pdns=4018/0/active/running/ named=0/inactive/dead/ agent=3030/active/ jphase=absent killpid=
14:52:36.888534731 pdns=4018/0/active/running/ named=0/inactive/dead/ agent=3030/active/ jphase=absent killpid=
14:52:37.160929683 pdns=4018/0/active/running/ named=0/inactive/dead/ agent=3030/active/ jphase=absent killpid=
14:52:37.445288419 pdns=4018/0/active/running/ named=0/inactive/dead/ agent=3030/active/ jphase=absent killpid=
14:52:37.723656839 pdns=4018/0/active/running/ named=0/inactive/dead/ agent=3030/active/ jphase=absent killpid=
14:52:37.999889664 pdns=4018/0/active/running/ named=0/inactive/dead/ agent=3030/active/ jphase=absent killpid=
14:52:38.280063708 pdns=4018/0/active/running/ named=0/inactive/dead/ agent=3030/active/ jphase=absent killpid=
14:52:38.557429204 pdns=4018/0/active/running/ named=0/inactive/dead/ agent=3030/active/ jphase=absent killpid=
14:52:38.833400046 pdns=4018/0/active/running/ named=0/inactive/dead/ agent=3030/active/ jphase=absent killpid=
14:52:39.112234106 pdns=4018/0/active/running/ named=0/inactive/dead/ agent=3030/active/ jphase=absent killpid=
14:52:39.398117327 pdns=4018/0/active/running/ named=0/inactive/dead/ agent=3030/active/ jphase=absent killpid=
14:52:39.687284685 pdns=4018/0/active/running/ named=0/inactive/dead/ agent=3030/active/ jphase=absent killpid=
14:52:39.963568824 pdns=4018/0/active/running/ named=0/inactive/dead/ agent=3030/active/ jphase=absent killpid=
14:52:40.240027786 pdns=4018/0/active/running/ named=0/inactive/dead/ agent=3030/active/ jphase=absent killpid=
14:52:40.535707447 pdns=4018/0/active/running/ named=0/inactive/dead/ agent=3030/active/ jphase=absent killpid=
14:52:40.825247275 pdns=4018/0/active/running/ named=0/inactive/dead/ agent=3030/active/ jphase=absent killpid=
14:52:41.112706456 pdns=4018/0/active/running/ named=0/inactive/dead/ agent=3030/active/ jphase=absent killpid=
14:52:41.393014410 pdns=4018/0/active/running/ named=0/inactive/dead/ agent=3030/active/ jphase=absent killpid=
14:52:41.675442915 pdns=4018/0/active/running/ named=0/inactive/dead/ agent=3030/active/ jphase=absent killpid=
14:52:41.954569222 pdns=4018/0/active/running/ named=0/inactive/dead/ agent=3030/active/ jphase=absent killpid=
14:52:42.235574918 pdns=4018/0/active/running/ named=0/inactive/dead/ agent=3030/active/ jphase=absent killpid=
14:52:42.527993931 pdns=4018/0/active/running/ named=0/inactive/dead/ agent=3030/active/ jphase=absent killpid=
14:52:42.810944473 pdns=4018/0/active/running/ named=0/inactive/dead/ agent=3030/active/ jphase=absent killpid=
14:52:43.126055917 pdns=4018/0/active/running/ named=0/inactive/dead/ agent=3030/active/ jphase=absent killpid=
14:52:43.411473081 pdns=4018/0/active/running/ named=0/inactive/dead/ agent=3030/active/ jphase=absent killpid=
14:52:43.693804316 pdns=4018/0/active/running/ named=0/inactive/dead/ agent=3030/active/ jphase=absent killpid=
14:52:43.979052737 pdns=4018/0/active/running/ named=0/inactive/dead/ agent=3030/active/ jphase=absent killpid=
