19:42:58.060829242 CHANGE journal none -> absent
19:42:58.073089208 CHANGE ledger none -> 177f61d12ed0bb85e6ea535b807b376e26bbe0871405a13867c0b3cb6ea4b211
19:42:58.077201229 CHANGE state none -> absent
19:42:58.080591904 CHANGE pdnsdb none -> absent
19:42:58.083985154 POINTER 
19:42:58.085329278 pdns=0/0/inactive/dead/ named=0/inactive/dead/ agent=0/inactive/ jphase=absent killpid=
19:42:58.355083163 pdns=0/0/inactive/dead/ named=0/inactive/dead/ agent=0/inactive/ jphase=absent killpid=
19:42:58.625609446 pdns=0/0/inactive/dead/ named=0/inactive/dead/ agent=0/inactive/ jphase=absent killpid=
19:42:58.886812897 pdns=0/0/inactive/dead/ named=0/inactive/dead/ agent=0/inactive/ jphase=absent killpid=
19:42:59.151497950 pdns=0/0/inactive/dead/ named=0/inactive/dead/ agent=0/inactive/ jphase=absent killpid=
19:42:59.423749862 pdns=0/0/inactive/dead/ named=0/inactive/dead/ agent=0/inactive/ jphase=absent killpid=
19:42:59.701572254 CHANGE ledger 177f61d12ed0bb85e6ea535b807b376e26bbe0871405a13867c0b3cb6ea4b211 -> 0342b0cc685737b56be5c8e1311a4d1855b38cc044e967cbb7baf65e9058a7d8
19:42:59.704572720 pdns=0/0/inactive/dead/ named=0/inactive/dead/ agent=0/inactive/ jphase=absent killpid=1791,
19:42:59.981416100 CHANGE ledger 0342b0cc685737b56be5c8e1311a4d1855b38cc044e967cbb7baf65e9058a7d8 -> d84c7992dc0ede51f1bf0208cb96ac6478b7c0da2ef64a94c3b087fb82cb5f25
19:42:59.985115005 pdns=0/0/inactive/dead/ named=0/inactive/dead/ agent=0/inactive/ jphase=absent killpid=1791,
19:43:00.257366827 CHANGE ledger d84c7992dc0ede51f1bf0208cb96ac6478b7c0da2ef64a94c3b087fb82cb5f25 -> c275709b43f523b20ecfbac4cc0ba4c6626677977395cbd62441d8f802b6ff34
19:43:00.262700411 pdns=0/0/inactive/dead/ named=0/inactive/dead/ agent=0/inactive/ jphase=absent killpid=1791,1966,
19:43:00.567216021 CHANGE ledger c275709b43f523b20ecfbac4cc0ba4c6626677977395cbd62441d8f802b6ff34 -> e4aced1faaf7a50529b4489f3ddcc2790603a84a175c7f2334d75753aa04f024
19:43:00.570906280 pdns=0/0/inactive/dead/ named=0/inactive/dead/ agent=0/inactive/ jphase=absent killpid=1791,
19:43:01.030222326 CHANGE ledger e4aced1faaf7a50529b4489f3ddcc2790603a84a175c7f2334d75753aa04f024 -> 76438d29fe6e3f27a8ce4240b661abfa8974c53f92f2abf3c5b0f498d0949b59
19:43:01.035220691 pdns=0/0/inactive/dead/ named=0/inactive/dead/ agent=0/inactive/ jphase=absent killpid=1791,2140,
19:43:01.316165550 CHANGE ledger 76438d29fe6e3f27a8ce4240b661abfa8974c53f92f2abf3c5b0f498d0949b59 -> 08198ba1064cef0cbc74e437b3fe61b2627ea41cd9907803d82776e1237f8ccf
19:43:01.319937226 pdns=0/0/inactive/dead/ named=0/inactive/dead/ agent=0/inactive/ jphase=absent killpid=1791,2151,
19:43:01.603973199 pdns=0/0/inactive/dead/ named=0/inactive/dead/ agent=0/inactive/ jphase=absent killpid=1791,2151,
19:43:01.890458888 pdns=0/0/inactive/dead/ named=0/inactive/dead/ agent=0/inactive/ jphase=absent killpid=1791,2151,
19:43:02.169085451 pdns=0/0/inactive/dead/ named=0/inactive/dead/ agent=0/inactive/ jphase=absent killpid=1791,2151,
19:43:02.446329167 pdns=0/0/inactive/dead/ named=0/inactive/dead/ agent=0/inactive/ jphase=absent killpid=1791,2151,
19:43:02.722868876 pdns=0/0/inactive/dead/ named=0/inactive/dead/ agent=0/inactive/ jphase=absent killpid=1791,2151,
19:43:02.997003679 pdns=0/0/inactive/dead/ named=0/inactive/dead/ agent=0/inactive/ jphase=absent killpid=1791,2151,
19:43:03.268493630 pdns=0/0/inactive/dead/ named=0/inactive/dead/ agent=0/inactive/ jphase=absent killpid=1791,2151,
19:43:03.568453360 pdns=0/0/inactive/dead/ named=0/inactive/dead/ agent=0/inactive/ jphase=absent killpid=1791,2151,
19:43:03.859669494 pdns=0/0/inactive/dead/ named=0/inactive/dead/ agent=0/inactive/ jphase=absent killpid=1791,2151,
19:43:04.125213999 pdns=0/0/inactive/dead/ named=0/inactive/dead/ agent=0/inactive/ jphase=absent killpid=1791,2151,
19:43:04.401139677 pdns=0/0/inactive/dead/ named=0/inactive/dead/ agent=0/inactive/ jphase=absent killpid=1791,2151,
19:43:04.675274231 CHANGE ledger 08198ba1064cef0cbc74e437b3fe61b2627ea41cd9907803d82776e1237f8ccf -> 52bcd2aba1803792c80d5465cd645386b416b9741a511c2dccd07737773f61ba
19:43:04.678347802 pdns=0/0/inactive/dead/ named=0/inactive/dead/ agent=0/inactive/ jphase=absent killpid=1791,2151,
19:43:04.948518054 pdns=0/0/inactive/dead/ named=0/inactive/dead/ agent=0/inactive/ jphase=absent killpid=1791,2151,
19:43:05.248317698 pdns=0/0/inactive/dead/ named=0/inactive/dead/ agent=0/inactive/ jphase=absent killpid=1791,2151,
19:43:05.511902276 pdns=0/0/inactive/dead/ named=0/inactive/dead/ agent=0/inactive/ jphase=absent killpid=1791,2151,
19:43:05.775293679 pdns=0/0/inactive/dead/ named=0/inactive/dead/ agent=0/inactive/ jphase=absent killpid=1791,2151,
19:43:06.038186761 pdns=0/0/inactive/dead/ named=0/inactive/dead/ agent=0/inactive/ jphase=absent killpid=1791,2151,
19:43:06.301046204 pdns=0/0/inactive/dead/ named=0/inactive/dead/ agent=0/inactive/ jphase=absent killpid=1791,2151,
19:43:06.568889425 pdns=0/0/inactive/dead/ named=0/inactive/dead/ agent=0/inactive/ jphase=absent killpid=1791,2151,
19:43:06.834519201 pdns=0/0/inactive/dead/ named=0/inactive/dead/ agent=0/inactive/ jphase=absent killpid=1791,2151,
19:43:07.097488694 pdns=0/0/inactive/dead/ named=0/inactive/dead/ agent=0/inactive/ jphase=absent killpid=1791,2151,
19:43:07.364545026 pdns=0/0/inactive/dead/ named=0/inactive/dead/ agent=0/inactive/ jphase=absent killpid=1791,2151,
19:43:07.629846718 pdns=0/0/inactive/dead/ named=0/inactive/dead/ agent=0/inactive/ jphase=absent killpid=1791,2151,
19:43:07.893680198 pdns=0/0/inactive/dead/ named=0/inactive/dead/ agent=0/inactive/ jphase=absent killpid=1791,2151,
19:43:08.162743524 pdns=0/0/inactive/dead/ named=0/inactive/dead/ agent=0/inactive/ jphase=absent killpid=1791,2151,
19:43:08.465121458 pdns=0/0/inactive/dead/ named=0/inactive/dead/ agent=0/inactive/ jphase=absent killpid=1791,2151,
19:43:08.728987447 pdns=0/0/inactive/dead/ named=0/inactive/dead/ agent=0/inactive/ jphase=absent killpid=1791,2151,
19:43:08.991521656 pdns=0/0/inactive/dead/ named=0/inactive/dead/ agent=0/inactive/ jphase=absent killpid=1791,2151,
19:43:09.255494560 pdns=0/0/inactive/dead/ named=0/inactive/dead/ agent=0/inactive/ jphase=absent killpid=1791,2151,
19:43:09.519174096 pdns=0/0/inactive/dead/ named=0/inactive/dead/ agent=0/inactive/ jphase=absent killpid=1791,2151,
19:43:09.782976366 CHANGE ledger 52bcd2aba1803792c80d5465cd645386b416b9741a511c2dccd07737773f61ba -> 4168025fde5d2453d9e6f149a0eab89bfc2144cdacebed60d95a8819cfa18bf8
19:43:09.786132489 pdns=0/0/inactive/dead/ named=0/inactive/dead/ agent=0/inactive/ jphase=absent killpid=1791,2151,
19:43:10.050115495 pdns=0/0/inactive/dead/ named=0/inactive/dead/ agent=0/inactive/ jphase=absent killpid=1791,2151,
19:43:10.321629589 pdns=0/0/inactive/dead/ named=0/inactive/dead/ agent=0/inactive/ jphase=absent killpid=1791,2151,
19:43:10.593096908 pdns=0/0/inactive/dead/ named=0/inactive/dead/ agent=0/inactive/ jphase=absent killpid=1791,2151,
19:43:10.856721003 pdns=0/0/inactive/dead/ named=0/inactive/dead/ agent=0/inactive/ jphase=absent killpid=1791,2151,
19:43:11.120622195 pdns=0/0/inactive/dead/ named=0/inactive/dead/ agent=0/inactive/ jphase=absent killpid=1791,2151,
19:43:11.389660443 pdns=0/0/inactive/dead/ named=0/inactive/dead/ agent=0/inactive/ jphase=absent killpid=1791,2151,
19:43:11.670781570 pdns=0/0/inactive/dead/ named=0/inactive/dead/ agent=0/inactive/ jphase=absent killpid=1791,2151,
19:43:11.933982145 pdns=0/0/inactive/dead/ named=0/inactive/dead/ agent=0/inactive/ jphase=absent killpid=1791,2151,
19:43:12.195636324 pdns=0/0/inactive/dead/ named=0/inactive/dead/ agent=0/inactive/ jphase=absent killpid=1791,2151,
19:43:12.457706305 pdns=0/0/inactive/dead/ named=0/inactive/dead/ agent=0/inactive/ jphase=absent killpid=1791,2151,
19:43:12.720691168 pdns=0/0/inactive/dead/ named=0/inactive/dead/ agent=0/inactive/ jphase=absent killpid=1791,2151,
19:43:12.985104087 pdns=0/0/inactive/dead/ named=0/inactive/dead/ agent=0/inactive/ jphase=absent killpid=1791,2151,
19:43:13.247317101 pdns=0/0/inactive/dead/ named=0/inactive/dead/ agent=0/inactive/ jphase=absent killpid=1791,2151,
19:43:13.508847557 pdns=0/0/inactive/dead/ named=0/inactive/dead/ agent=0/inactive/ jphase=absent killpid=1791,2151,
19:43:13.772782527 pdns=0/0/inactive/dead/ named=0/inactive/dead/ agent=0/inactive/ jphase=absent killpid=1791,2151,
19:43:14.035044249 pdns=0/0/inactive/dead/ named=0/inactive/dead/ agent=0/inactive/ jphase=absent killpid=1791,2151,
19:43:14.307944926 pdns=0/0/inactive/dead/ named=0/inactive/dead/ agent=0/inactive/ jphase=absent killpid=1791,2151,
19:43:14.571553036 pdns=0/0/inactive/dead/ named=0/inactive/dead/ agent=0/inactive/ jphase=absent killpid=1791,2151,
19:43:14.850354528 CHANGE ledger 4168025fde5d2453d9e6f149a0eab89bfc2144cdacebed60d95a8819cfa18bf8 -> eeada327252ebc80c2f96f15290a9f2a246e114142f74778655c6d4260c9d4cf
19:43:14.853387330 pdns=0/0/inactive/dead/ named=0/inactive/dead/ agent=0/inactive/ jphase=absent killpid=1791,2151,
19:43:15.115703932 pdns=0/0/inactive/dead/ named=0/inactive/dead/ agent=0/inactive/ jphase=absent killpid=1791,2151,
19:43:15.381771179 pdns=0/0/inactive/dead/ named=0/inactive/dead/ agent=0/inactive/ jphase=absent killpid=1791,2151,
19:43:15.647849641 pdns=0/0/inactive/dead/ named=0/inactive/dead/ agent=0/inactive/ jphase=absent killpid=1791,2151,
19:43:15.926081264 pdns=0/0/inactive/dead/ named=0/inactive/dead/ agent=0/inactive/ jphase=absent killpid=1791,2151,
19:43:16.202750141 pdns=0/0/inactive/dead/ named=0/inactive/dead/ agent=0/inactive/ jphase=absent killpid=1791,2151,
19:43:16.483677759 pdns=0/0/inactive/dead/ named=0/inactive/dead/ agent=0/inactive/ jphase=absent killpid=1791,2151,
19:43:16.809831037 pdns=0/0/inactive/dead/ named=0/inactive/dead/ agent=0/inactive/ jphase=absent killpid=1791,2151,
19:43:17.085118787 pdns=0/0/inactive/dead/ named=0/inactive/dead/ agent=0/inactive/ jphase=absent killpid=1791,2151,
19:43:17.353215437 pdns=0/0/inactive/dead/ named=0/inactive/dead/ agent=0/inactive/ jphase=absent killpid=1791,2151,
19:43:17.628409693 pdns=0/0/inactive/dead/ named=0/inactive/dead/ agent=0/inactive/ jphase=absent killpid=1791,2151,
19:43:18.037901183 pdns=0/0/inactive/dead/ named=0/inactive/dead/ agent=0/inactive/ jphase=absent killpid=1791,2151,
19:43:18.314946635 pdns=0/0/inactive/dead/ named=0/inactive/dead/ agent=0/inactive/ jphase=absent killpid=1791,2151,
19:43:18.592214687 pdns=0/0/inactive/dead/ named=0/inactive/dead/ agent=0/inactive/ jphase=absent killpid=1791,2151,
19:43:18.863078387 pdns=0/0/inactive/dead/ named=0/inactive/dead/ agent=0/inactive/ jphase=absent killpid=1791,2151,
19:43:19.129301158 pdns=0/0/inactive/dead/ named=0/inactive/dead/ agent=0/inactive/ jphase=absent killpid=1791,2151,
19:43:19.400063588 pdns=0/0/inactive/dead/ named=0/inactive/dead/ agent=0/inactive/ jphase=absent killpid=1791,2151,
19:43:19.687232830 CHANGE ledger eeada327252ebc80c2f96f15290a9f2a246e114142f74778655c6d4260c9d4cf -> 12f8ae2077b92e34ca2e3649b42c5e17e0a696e380ff5eda2377c1635f031e3a
19:43:19.690262225 pdns=0/0/inactive/dead/ named=0/inactive/dead/ agent=0/inactive/ jphase=absent killpid=1791,2151,
19:43:19.953709940 pdns=0/0/inactive/dead/ named=0/inactive/dead/ agent=0/inactive/ jphase=absent killpid=1791,2151,
19:43:20.215451551 pdns=0/0/inactive/dead/ named=0/inactive/dead/ agent=0/inactive/ jphase=absent killpid=1791,2151,
19:43:20.480138329 pdns=0/0/inactive/dead/ named=0/inactive/dead/ agent=0/inactive/ jphase=absent killpid=1791,2151,
19:43:20.743676608 pdns=0/0/inactive/dead/ named=0/inactive/dead/ agent=0/inactive/ jphase=absent killpid=1791,2151,
19:43:21.011810840 pdns=0/0/inactive/dead/ named=0/inactive/dead/ agent=0/inactive/ jphase=absent killpid=1791,2151,
19:43:21.273931043 pdns=0/0/inactive/dead/ named=0/inactive/dead/ agent=0/inactive/ jphase=absent killpid=1791,2151,
19:43:21.538540489 pdns=0/0/inactive/dead/ named=0/inactive/dead/ agent=0/inactive/ jphase=absent killpid=1791,2151,
19:43:21.804930359 pdns=0/0/inactive/dead/ named=0/inactive/dead/ agent=0/inactive/ jphase=absent killpid=1791,2151,
19:43:22.068571525 pdns=0/0/inactive/dead/ named=0/inactive/dead/ agent=0/inactive/ jphase=absent killpid=1791,2151,
19:43:22.331413244 pdns=0/0/inactive/dead/ named=0/inactive/dead/ agent=0/inactive/ jphase=absent killpid=1791,2151,
19:43:22.605875168 pdns=0/0/inactive/dead/ named=0/inactive/dead/ agent=0/inactive/ jphase=absent killpid=1791,2151,
19:43:22.868856425 pdns=0/0/inactive/dead/ named=0/inactive/dead/ agent=0/inactive/ jphase=absent killpid=1791,2151,
19:43:23.134902874 pdns=0/0/inactive/dead/ named=0/inactive/dead/ agent=0/inactive/ jphase=absent killpid=1791,2151,
19:43:23.399296923 pdns=0/0/inactive/dead/ named=0/inactive/dead/ agent=0/inactive/ jphase=absent killpid=1791,2151,
19:43:23.663626198 pdns=0/0/inactive/dead/ named=0/inactive/dead/ agent=0/inactive/ jphase=absent killpid=1791,2151,
19:43:23.947212010 pdns=0/0/inactive/dead/ named=0/inactive/dead/ agent=0/inactive/ jphase=absent killpid=1791,2151,
19:43:24.209241409 pdns=0/0/inactive/dead/ named=0/inactive/dead/ agent=0/inactive/ jphase=absent killpid=1791,2151,
19:43:24.473323917 pdns=0/0/inactive/dead/ named=0/inactive/dead/ agent=0/inactive/ jphase=absent killpid=1791,2151,
19:43:24.740951877 CHANGE ledger 12f8ae2077b92e34ca2e3649b42c5e17e0a696e380ff5eda2377c1635f031e3a -> 0c01f4c8e6a90efb8a43bc1315d4af9cc58cc8d2b3ff952176a5a3a76b1c733b
19:43:24.744047885 pdns=0/0/inactive/dead/ named=0/inactive/dead/ agent=0/inactive/ jphase=absent killpid=1791,2151,
19:43:25.010820522 pdns=0/0/inactive/dead/ named=0/inactive/dead/ agent=0/inactive/ jphase=absent killpid=1791,2151,
19:43:25.276138567 pdns=0/0/inactive/dead/ named=0/inactive/dead/ agent=0/inactive/ jphase=absent killpid=1791,2151,
19:43:25.540154349 pdns=0/0/inactive/dead/ named=0/inactive/dead/ agent=0/inactive/ jphase=absent killpid=1791,2151,
19:43:25.803142285 pdns=0/0/inactive/dead/ named=0/inactive/dead/ agent=0/inactive/ jphase=absent killpid=1791,2151,
19:43:26.072913515 pdns=0/0/inactive/dead/ named=0/inactive/dead/ agent=0/inactive/ jphase=absent killpid=1791,2151,
19:43:26.342839978 pdns=0/0/inactive/dead/ named=0/inactive/dead/ agent=0/inactive/ jphase=absent killpid=1791,2151,
19:43:26.607080876 pdns=0/0/inactive/dead/ named=0/inactive/dead/ agent=0/inactive/ jphase=absent killpid=1791,2151,
19:43:26.872125395 pdns=0/0/inactive/dead/ named=0/inactive/dead/ agent=0/inactive/ jphase=absent killpid=1791,2151,
19:43:27.139502590 pdns=0/0/inactive/dead/ named=0/inactive/dead/ agent=0/inactive/ jphase=absent killpid=1791,2151,
19:43:27.407291352 pdns=0/0/inactive/dead/ named=0/inactive/dead/ agent=0/inactive/ jphase=absent killpid=1791,2151,
19:43:27.669973587 pdns=0/0/inactive/dead/ named=0/inactive/dead/ agent=0/inactive/ jphase=absent killpid=1791,2151,
19:43:27.939822643 pdns=0/0/inactive/dead/ named=0/inactive/dead/ agent=0/inactive/ jphase=absent killpid=1791,2151,
19:43:28.245169373 pdns=0/0/inactive/dead/ named=0/inactive/dead/ agent=0/inactive/ jphase=absent killpid=1791,2151,
19:43:28.515838791 pdns=0/0/inactive/dead/ named=0/inactive/dead/ agent=0/inactive/ jphase=absent killpid=1791,2151,
19:43:28.785696528 pdns=0/0/inactive/dead/ named=0/inactive/dead/ agent=0/inactive/ jphase=absent killpid=1791,2151,
19:43:29.049733087 pdns=0/0/inactive/dead/ named=0/inactive/dead/ agent=0/inactive/ jphase=absent killpid=1791,2151,
19:43:29.323228096 pdns=0/0/inactive/dead/ named=0/inactive/dead/ agent=0/inactive/ jphase=absent killpid=1791,2151,
19:43:29.591203211 pdns=0/0/inactive/dead/ named=0/inactive/dead/ agent=0/inactive/ jphase=absent killpid=1791,2151,
19:43:29.856592566 CHANGE ledger 0c01f4c8e6a90efb8a43bc1315d4af9cc58cc8d2b3ff952176a5a3a76b1c733b -> afb3c87f2bf0a1dfca78ee3a140741fa01782a4702c1cec5cac6ba4f2364b470
19:43:29.859894513 pdns=0/0/inactive/dead/ named=0/inactive/dead/ agent=0/inactive/ jphase=absent killpid=1791,2151,
19:43:30.121967253 pdns=0/0/inactive/dead/ named=0/inactive/dead/ agent=0/inactive/ jphase=absent killpid=1791,2151,
19:43:30.388955511 pdns=0/0/inactive/dead/ named=0/inactive/dead/ agent=0/inactive/ jphase=absent killpid=1791,2151,
19:43:30.654322155 pdns=0/0/inactive/dead/ named=0/inactive/dead/ agent=0/inactive/ jphase=absent killpid=1791,2151,
19:43:30.916477393 pdns=0/0/inactive/dead/ named=0/inactive/dead/ agent=0/inactive/ jphase=absent killpid=1791,2151,
19:43:31.185797010 pdns=0/0/inactive/dead/ named=0/inactive/dead/ agent=0/inactive/ jphase=absent killpid=1791,2151,
19:43:31.456442860 pdns=0/0/inactive/dead/ named=0/inactive/dead/ agent=0/inactive/ jphase=absent killpid=1791,2151,
19:43:31.719501930 pdns=0/0/inactive/dead/ named=0/inactive/dead/ agent=0/inactive/ jphase=absent killpid=1791,2151,
19:43:31.983729153 pdns=0/0/inactive/dead/ named=0/inactive/dead/ agent=0/inactive/ jphase=absent killpid=1791,2151,
19:43:32.246340166 pdns=0/0/inactive/dead/ named=0/inactive/dead/ agent=0/inactive/ jphase=absent killpid=1791,2151,
19:43:32.513922936 pdns=0/0/inactive/dead/ named=0/inactive/dead/ agent=0/inactive/ jphase=absent killpid=1791,2151,
19:43:32.782301208 pdns=0/0/inactive/dead/ named=0/inactive/dead/ agent=0/inactive/ jphase=absent killpid=1791,2151,
19:43:33.047145343 pdns=0/0/inactive/dead/ named=0/inactive/dead/ agent=0/inactive/ jphase=absent killpid=1791,2151,
19:43:33.314955917 pdns=0/0/inactive/dead/ named=0/inactive/dead/ agent=0/inactive/ jphase=absent killpid=1791,2151,
19:43:33.585376372 pdns=0/0/inactive/dead/ named=0/inactive/dead/ agent=0/inactive/ jphase=absent killpid=1791,2151,
19:43:33.850893900 pdns=0/0/inactive/dead/ named=0/inactive/dead/ agent=0/inactive/ jphase=absent killpid=1791,2151,
19:43:34.116578788 pdns=0/0/inactive/dead/ named=0/inactive/dead/ agent=0/inactive/ jphase=absent killpid=1791,2151,
19:43:34.396568363 pdns=0/0/inactive/dead/ named=0/inactive/dead/ agent=0/inactive/ jphase=absent killpid=1791,2151,
19:43:34.668459040 CHANGE ledger afb3c87f2bf0a1dfca78ee3a140741fa01782a4702c1cec5cac6ba4f2364b470 -> 72d70f474c56db3697098914a54633d1725cb790a5abf33aeeb4d28e269b1bcc
19:43:34.671773267 pdns=0/0/inactive/dead/ named=0/inactive/dead/ agent=0/inactive/ jphase=absent killpid=1791,2151,
19:43:34.939454874 pdns=0/0/inactive/dead/ named=0/inactive/dead/ agent=0/inactive/ jphase=absent killpid=1791,2151,
19:43:35.214647362 pdns=0/0/inactive/dead/ named=0/inactive/dead/ agent=0/inactive/ jphase=absent killpid=1791,2151,
19:43:35.495435881 pdns=0/0/inactive/dead/ named=0/inactive/dead/ agent=0/inactive/ jphase=absent killpid=1791,2151,
19:43:35.789950301 pdns=0/0/inactive/dead/ named=0/inactive/dead/ agent=0/inactive/ jphase=absent killpid=1791,
19:43:36.062110378 CHANGE ledger 72d70f474c56db3697098914a54633d1725cb790a5abf33aeeb4d28e269b1bcc -> e1f74e5a6ecd7ddd2084ce82580bcdded7319d6749996f8e7205da1d53145c47
19:43:36.065197588 pdns=0/0/inactive/dead/ named=0/inactive/dead/ agent=0/inactive/ jphase=absent killpid=1791,5280,
19:43:36.351187049 pdns=0/0/inactive/dead/ named=0/inactive/dead/ agent=0/inactive/ jphase=absent killpid=1791,5280,
19:43:36.626074900 pdns=0/0/inactive/dead/ named=0/inactive/dead/ agent=0/inactive/ jphase=absent killpid=1791,5280,
19:43:36.892543705 pdns=0/0/inactive/dead/ named=0/inactive/dead/ agent=0/inactive/ jphase=absent killpid=1791,5280,
19:43:37.164123272 pdns=0/0/inactive/dead/ named=0/inactive/dead/ agent=0/inactive/ jphase=absent killpid=1791,5280,
19:43:37.447789616 pdns=0/0/inactive/dead/ named=0/inactive/dead/ agent=0/inactive/ jphase=absent killpid=1791,5280,
19:43:37.732014272 pdns=0/0/inactive/dead/ named=0/inactive/dead/ agent=0/inactive/ jphase=absent killpid=1791,5280,
19:43:38.002852412 pdns=0/0/inactive/dead/ named=0/inactive/dead/ agent=0/inactive/ jphase=absent killpid=1791,5280,
19:43:38.290645785 pdns=0/0/inactive/dead/ named=0/inactive/dead/ agent=0/inactive/ jphase=absent killpid=1791,5280,
19:43:38.577724717 pdns=0/0/inactive/dead/ named=0/inactive/dead/ agent=0/inactive/ jphase=absent killpid=1791,5280,
19:43:38.855538674 pdns=0/0/inactive/dead/ named=0/inactive/dead/ agent=0/inactive/ jphase=absent killpid=1791,5280,
19:43:39.132678326 pdns=0/0/inactive/dead/ named=0/inactive/dead/ agent=0/inactive/ jphase=absent killpid=1791,5280,
19:43:39.407770158 pdns=0/0/inactive/dead/ named=0/inactive/dead/ agent=0/inactive/ jphase=absent killpid=1791,5280,
19:43:39.692583974 CHANGE ledger e1f74e5a6ecd7ddd2084ce82580bcdded7319d6749996f8e7205da1d53145c47 -> 18ef63b3c8eb305cb8ae17d615027e550237d0596be52f85b6a95402b0768d0c
19:43:39.696726387 pdns=0/0/inactive/dead/ named=0/inactive/dead/ agent=0/inactive/ jphase=absent killpid=1791,5280,
19:43:39.971617998 pdns=0/0/inactive/dead/ named=0/inactive/dead/ agent=0/inactive/ jphase=absent killpid=1791,5280,
19:43:40.302526959 pdns=0/0/inactive/dead/ named=0/inactive/dead/ agent=0/inactive/ jphase=absent killpid=1791,5280,
19:43:40.624188697 pdns=0/0/inactive/dead/ named=0/inactive/dead/ agent=0/inactive/ jphase=absent killpid=1791,5280,
19:43:40.965649195 pdns=0/0/inactive/dead/ named=0/inactive/dead/ agent=0/inactive/ jphase=absent killpid=1791,5280,
19:43:41.240727722 pdns=0/0/inactive/dead/ named=0/inactive/dead/ agent=0/inactive/ jphase=absent killpid=1791,5280,
19:43:41.517846457 pdns=0/0/inactive/dead/ named=0/inactive/dead/ agent=0/inactive/ jphase=absent killpid=1791,5280,
19:43:41.797629614 pdns=0/0/inactive/dead/ named=0/inactive/dead/ agent=0/inactive/ jphase=absent killpid=1791,5280,
19:43:42.070114445 pdns=0/0/inactive/dead/ named=0/inactive/dead/ agent=0/inactive/ jphase=absent killpid=1791,5280,
19:43:42.342096033 pdns=0/0/inactive/dead/ named=0/inactive/dead/ agent=0/inactive/ jphase=absent killpid=1791,5280,
19:43:42.618641265 pdns=0/0/inactive/dead/ named=0/inactive/dead/ agent=0/inactive/ jphase=absent killpid=1791,5280,
19:43:42.902993929 CHANGE ledger 18ef63b3c8eb305cb8ae17d615027e550237d0596be52f85b6a95402b0768d0c -> 64e256c29a474fbb748531b322334ecf38f5e78935cf4733e46fd11bbf29f6fa
19:43:42.906529763 pdns=0/0/inactive/dead/ named=0/inactive/dead/ agent=0/inactive/ jphase=absent killpid=1791,6301,
19:43:43.231992261 CHANGE ledger 64e256c29a474fbb748531b322334ecf38f5e78935cf4733e46fd11bbf29f6fa -> 741773c16d0b8420656202180e4cfe7d50b8587e08c5fbe0f4186241c54b37a3
19:43:43.235372968 pdns=0/0/inactive/dead/ named=0/inactive/dead/ agent=0/inactive/ jphase=absent killpid=1791,6374,
19:43:43.521233444 CHANGE ledger 741773c16d0b8420656202180e4cfe7d50b8587e08c5fbe0f4186241c54b37a3 -> f2fdb5ae50af1ca86efbefd42a5031bd08a1ae054df9f88a076178bcdb0b0232
19:43:43.525527567 pdns=0/0/inactive/dead/ named=0/inactive/dead/ agent=0/inactive/ jphase=absent killpid=1791,
19:43:44.003169631 CHANGE ledger f2fdb5ae50af1ca86efbefd42a5031bd08a1ae054df9f88a076178bcdb0b0232 -> 39c050db93c816af5830c978acd2f822f699be78c2b1949a8a6c28ad1df8cd1a
19:43:44.007338020 pdns=0/0/inactive/dead/ named=0/inactive/dead/ agent=0/inactive/ jphase=absent killpid=1791,
19:43:44.285929221 CHANGE ledger 39c050db93c816af5830c978acd2f822f699be78c2b1949a8a6c28ad1df8cd1a -> 75a2b6bac5dcbdbcc8a9a612aca2ef094aa9d6daf92191c0415476bd12a35806
19:43:44.289391152 pdns=0/0/inactive/dead/ named=0/inactive/dead/ agent=0/inactive/ jphase=absent killpid=1791,6629,
19:43:44.574105093 CHANGE ledger 75a2b6bac5dcbdbcc8a9a612aca2ef094aa9d6daf92191c0415476bd12a35806 -> 0403545e29729b42672c8578ace0fb2118612d657fa175fcf870c8d664af2e01
19:43:44.578002679 pdns=0/0/inactive/dead/ named=0/inactive/dead/ agent=0/inactive/ jphase=absent killpid=1791,6694,
19:43:44.854020938 CHANGE ledger 0403545e29729b42672c8578ace0fb2118612d657fa175fcf870c8d664af2e01 -> c8b6fef45a18fecb8b73b5b478ad14a934ad85ebaccdf804798121405e4dd192
19:43:44.858179982 POINTER /var/cache/bind/celikpanel mtime=2026-09-29 19:43:44.602228241 +0000 ino=131552 /var/cache/bind/celikpanel/current absent 
19:43:44.859550655 pdns=0/0/inactive/dead/ named=0/inactive/dead/ agent=0/inactive/ jphase=absent killpid=1791,
19:43:45.142887145 CHANGE ledger c8b6fef45a18fecb8b73b5b478ad14a934ad85ebaccdf804798121405e4dd192 -> 67f801ab447bf4f753f371d6d9ca4d50638ea8b14ccb69bf770a93b92824f255
19:43:45.147845674 POINTER /var/cache/bind/celikpanel mtime=2026-09-29 19:43:45.010260873 +0000 ino=131552 /var/cache/bind/celikpanel/current absent 
19:43:45.150789760 pdns=0/0/inactive/dead/ named=0/inactive/dead/ agent=0/inactive/ jphase=absent killpid=1791,
19:43:45.438430526 CHANGE journal absent -> b74b6cab5380afd68968271471005bc95a21aba278c07f37a9e12ced88685467
19:43:45.447137193 CHANGE ledger 67f801ab447bf4f753f371d6d9ca4d50638ea8b14ccb69bf770a93b92824f255 -> 0d193952bbaeeae63cc294fb891731319d2b9cd2827b1afacb78faca52cbf253
19:43:45.453736841 pdns=0/0/inactive/dead/ named=0/inactive/dead/ agent=6845/active/ jphase=rolling-back killpid=
19:43:46.195109870 CHANGE journal b74b6cab5380afd68968271471005bc95a21aba278c07f37a9e12ced88685467 -> 2fa53c11d0dcc9cbb9664ce326aaf613df2d69a2e2eb8e726a4bf024faa194ad
19:43:46.206646022 pdns=0/0/inactive/dead/ named=0/inactive/dead/ agent=6845/active/ jphase=rolling-back killpid=
19:43:46.625410883 pdns=0/0/inactive/dead/ named=0/inactive/dead/ agent=6845/active/ jphase=rolling-back killpid=
19:43:47.251247720 pdns=0/0/inactive/dead/ named=0/inactive/dead/ agent=6845/active/ jphase=absent killpid=
19:43:47.519733241 CHANGE journal 2fa53c11d0dcc9cbb9664ce326aaf613df2d69a2e2eb8e726a4bf024faa194ad -> absent
19:43:47.527916338 CHANGE ledger 0d193952bbaeeae63cc294fb891731319d2b9cd2827b1afacb78faca52cbf253 -> 4a70c39b92a6801206042d7d9a0cf02411f52d6bcbe37dfee8a73a5ecd7c009b
19:43:47.533319569 pdns=0/0/inactive/dead/ named=0/inactive/dead/ agent=6845/active/ jphase=absent killpid=
19:43:47.833990296 CHANGE ledger 4a70c39b92a6801206042d7d9a0cf02411f52d6bcbe37dfee8a73a5ecd7c009b -> cc583110f5a6c46c03b29abeca7e5794bab2f405cae15a8b6a0978185d335153
19:43:47.839149993 pdns=0/0/inactive/dead/ named=0/inactive/dead/ agent=6845/active/ jphase=absent killpid=
19:43:48.126293277 CHANGE ledger cc583110f5a6c46c03b29abeca7e5794bab2f405cae15a8b6a0978185d335153 -> 4418cb17c0227f1d9d9c5ace2a61804637405c52d2d33fa2838a944cbe5b3891
19:43:48.130357666 pdns=0/0/inactive/dead/ named=0/inactive/dead/ agent=6845/active/ jphase=absent killpid=
19:43:48.415884919 CHANGE ledger 4418cb17c0227f1d9d9c5ace2a61804637405c52d2d33fa2838a944cbe5b3891 -> 8ae899770b53427b0f0888ad40f62c4b2105569afe406cf7316364aeb338134d
19:43:48.421672488 pdns=0/0/inactive/dead/ named=0/inactive/dead/ agent=6845/active/ jphase=absent killpid=
19:43:48.698632323 CHANGE ledger 8ae899770b53427b0f0888ad40f62c4b2105569afe406cf7316364aeb338134d -> 62815540da3a135c8fc15f7c9e24aaccca8c85a681faeae0ab1c55fd73fd31b7
19:43:48.703231740 pdns=0/0/inactive/dead/ named=0/inactive/dead/ agent=6845/active/ jphase=absent killpid=
19:43:48.994078866 CHANGE ledger 62815540da3a135c8fc15f7c9e24aaccca8c85a681faeae0ab1c55fd73fd31b7 -> a5eb30d701da658a060b0eeb1002f845d4d79a09e4e5bbf6d8bf89e35214d0f0
19:43:48.999579088 pdns=0/0/inactive/dead/ named=0/inactive/dead/ agent=6845/active/ jphase=absent killpid=
19:43:49.359125641 CHANGE ledger a5eb30d701da658a060b0eeb1002f845d4d79a09e4e5bbf6d8bf89e35214d0f0 -> 7e15b42ec13828b4380a26e8e9a7f442de627c731ddb49f2c12f9b7b67affaca
19:43:49.364383207 pdns=0/0/inactive/dead/ named=0/inactive/dead/ agent=6845/active/ jphase=absent killpid=
19:43:49.678459311 CHANGE ledger 7e15b42ec13828b4380a26e8e9a7f442de627c731ddb49f2c12f9b7b67affaca -> 7035fda3517f8d567ef494db87a255ffb4ea4ddc44d45e0dde8fef5955c88151
19:43:49.682326414 pdns=0/0/inactive/dead/ named=0/inactive/dead/ agent=6845/active/ jphase=absent killpid=
19:43:50.054963202 CHANGE ledger 7035fda3517f8d567ef494db87a255ffb4ea4ddc44d45e0dde8fef5955c88151 -> 8f13f1bde085a90c6606fce112f2a0eddf5e3ca455bd5a749bd1eb8c672daa04
19:43:50.059328940 pdns=0/0/inactive/dead/ named=0/inactive/dead/ agent=6845/active/ jphase=absent killpid=
19:43:50.346896216 CHANGE ledger 8f13f1bde085a90c6606fce112f2a0eddf5e3ca455bd5a749bd1eb8c672daa04 -> 0f573c21ce2ba8f1b60c439f45106564bc29bcf16cd9444df7ea4efc58540ca3
19:43:50.354509407 pdns=0/0/inactive/dead/ named=0/inactive/dead/ agent=6845/active/ jphase=absent killpid=
19:43:50.872172367 CHANGE ledger 0f573c21ce2ba8f1b60c439f45106564bc29bcf16cd9444df7ea4efc58540ca3 -> 9afad1dc6400d4ac453891bd8e6660ed2d5d9ce0c085cb8d06b5e6e91ff604a8
19:43:50.879746614 pdns=0/0/inactive/dead/ named=0/inactive/dead/ agent=6845/active/ jphase=absent killpid=
19:43:51.163705239 CHANGE ledger 9afad1dc6400d4ac453891bd8e6660ed2d5d9ce0c085cb8d06b5e6e91ff604a8 -> 142599134f9358f2e4f3416a430c1bdd8d79dccad64f5165d8daed818df09e2c
19:43:51.170537859 pdns=0/0/inactive/dead/ named=0/inactive/dead/ agent=6845/active/ jphase=absent killpid=
19:43:51.446639413 CHANGE ledger 142599134f9358f2e4f3416a430c1bdd8d79dccad64f5165d8daed818df09e2c -> 3871eca2e461babaffb5fcec528fdd1398bb6574a66a4b6eb1da593780989c7f
19:43:51.451278073 pdns=0/0/inactive/dead/ named=0/inactive/dead/ agent=6845/active/ jphase=absent killpid=
19:43:51.728343472 CHANGE ledger 3871eca2e461babaffb5fcec528fdd1398bb6574a66a4b6eb1da593780989c7f -> 7a8d9fb74faf5ce9a56a419339e8f0b282caba4808f3a85fc5a4ac9bff194bab
19:43:51.732336604 pdns=0/0/inactive/dead/ named=0/inactive/dead/ agent=6845/active/ jphase=absent killpid=
19:43:52.009786597 CHANGE journal absent -> 9115ea1fdfa5f0d464504011f2d82022f3b1db865ae803f410c41ef5dba15a0c
19:43:52.020892268 CHANGE ledger 7a8d9fb74faf5ce9a56a419339e8f0b282caba4808f3a85fc5a4ac9bff194bab -> 0062ab73bc747126c5a574596e1163ea66a2b83ec1e9342fc29d5a3fdd6ab974
19:43:52.029125427 POINTER /var/cache/bind/celikpanel mtime=2026-09-29 19:43:51.926778554 +0000 ino=131552 /var/cache/bind/celikpanel/current mtime=2026-09-29 19:43:51.914777699 +0000 ino=131584 -> '/var/cache/bind/celikpanel/current' -> 'generations/74c26315936f7313d3130d7a80a331fa18a426779477e4b49f6569c15b8d0e77' 
19:43:52.030728627 pdns=0/0/inactive/dead/ named=0/inactive/dead/ agent=6845/active/ jphase=intent killpid=
19:43:52.299884910 CHANGE journal 9115ea1fdfa5f0d464504011f2d82022f3b1db865ae803f410c41ef5dba15a0c -> 00a65adda0499ea90384caab1eb4e9b2619c5f3ff757e2bf7e19383977e0015b
19:43:52.309751847 CHANGE ledger 0062ab73bc747126c5a574596e1163ea66a2b83ec1e9342fc29d5a3fdd6ab974 -> 822da1ffa394ac499a5a307728a95a186c25ce0c109c9097f9039c6ba6dbecaa
19:43:52.315923973 pdns=0/0/inactive/dead/ named=0/inactive/dead/ agent=6845/active/ jphase=source-stopped killpid=
19:43:52.622840125 CHANGE ledger 822da1ffa394ac499a5a307728a95a186c25ce0c109c9097f9039c6ba6dbecaa -> 7c8c7533a766c533fbfe783b4eaed231920f0213041cc7e356516494e6c82a4f
19:43:52.632661248 pdns=0/0/inactive/dead/ named=0/inactive/dead/ agent=6845/active/ jphase=source-stopped killpid=
19:43:53.112560635 CHANGE ledger 7c8c7533a766c533fbfe783b4eaed231920f0213041cc7e356516494e6c82a4f -> 6dae6549a15b598bf0f5e70a8b9afe1eca52c8e6c3a5bb8615a6f43e20d445e1
19:43:53.118734207 pdns=0/0/inactive/dead/ named=0/inactive/dead/ agent=6845/active/ jphase=source-stopped killpid=
19:43:53.569092037 CHANGE ledger 6dae6549a15b598bf0f5e70a8b9afe1eca52c8e6c3a5bb8615a6f43e20d445e1 -> 9f25b865677d6fa0c7cc41a2daf3071a87789832f371eba2c0977aa338140218
19:43:53.577854041 pdns=0/0/inactive/dead/ named=0/inactive/dead/ agent=6845/active/ jphase=source-stopped killpid=
19:43:53.850296580 CHANGE ledger 9f25b865677d6fa0c7cc41a2daf3071a87789832f371eba2c0977aa338140218 -> 11ffdbb35bcee59600adc8e3c86753b8d1f9f66a2f824bc773b86eab3ccb34af
19:43:53.856014797 pdns=0/0/inactive/dead/ named=0/inactive/dead/ agent=6845/active/ jphase=source-stopped killpid=
19:43:54.138675441 CHANGE ledger 11ffdbb35bcee59600adc8e3c86753b8d1f9f66a2f824bc773b86eab3ccb34af -> 945255cc4eb8f1c965bce5e76993d9d20407893e1b225f5cfe1f2d7e1712bd71
19:43:54.145785517 pdns=0/0/inactive/dead/ named=0/inactive/dead/ agent=6845/active/ jphase=source-stopped killpid=
19:43:54.790900894 CHANGE ledger 945255cc4eb8f1c965bce5e76993d9d20407893e1b225f5cfe1f2d7e1712bd71 -> afeb97c0bd273c49d8827bf3e9356222efc5541a13663bfa8cdceeedc02a49a1
19:43:54.796823024 pdns=0/0/inactive/dead/ named=0/inactive/dead/ agent=6845/active/ jphase=source-stopped killpid=
19:43:55.236351060 CHANGE ledger afeb97c0bd273c49d8827bf3e9356222efc5541a13663bfa8cdceeedc02a49a1 -> c6c514450a8afb469917d2a9027dc91abf42f9d190757d4114b8915c2374cd8b
19:43:55.243236526 pdns=0/0/inactive/dead/ named=0/inactive/dead/ agent=6845/active/ jphase=source-stopped killpid=
19:43:55.522373278 CHANGE ledger c6c514450a8afb469917d2a9027dc91abf42f9d190757d4114b8915c2374cd8b -> c7590399a36612bf0f5bc50f7f580c82ef1a7cc62a074af1b889762cc02eb38f
19:43:55.528088148 pdns=0/0/inactive/dead/ named=0/inactive/dead/ agent=6845/active/ jphase=source-stopped killpid=
19:43:55.816426398 CHANGE ledger c7590399a36612bf0f5bc50f7f580c82ef1a7cc62a074af1b889762cc02eb38f -> 5dfea3d3c4bede2a010dd6aa9dc8845a1a359ceb7b4c4518d89d9313eacd5dc6
19:43:55.827113673 pdns=0/0/inactive/dead/ named=9305/activating/start/ agent=6845/active/ jphase=source-stopped killpid=
19:43:56.109135449 CHANGE ledger 5dfea3d3c4bede2a010dd6aa9dc8845a1a359ceb7b4c4518d89d9313eacd5dc6 -> 3d8fd6e6e59a4a999743d88e2bdd30cddd651dc7de210cbc9b8461c35df3b58e
19:43:56.115762575 pdns=0/0/inactive/dead/ named=9305/active/running/ agent=6845/active/ jphase=source-stopped killpid=
19:43:56.396926378 CHANGE ledger 3d8fd6e6e59a4a999743d88e2bdd30cddd651dc7de210cbc9b8461c35df3b58e -> accb364215928ce5e1848c57c95622545817e029dcd3b60c22e2dbca69d9195a
19:43:56.407205938 pdns=0/0/inactive/dead/ named=9305/active/running/ agent=6845/active/ jphase=source-stopped killpid=
19:43:56.691097491 CHANGE ledger accb364215928ce5e1848c57c95622545817e029dcd3b60c22e2dbca69d9195a -> f96f6d540e042d1e354e06dbb9e94fdcf81d3f8a367ab1b8dd29ad9645ae0131
19:43:56.696965656 pdns=0/0/inactive/dead/ named=9305/active/running/ agent=6845/active/ jphase=source-stopped killpid=
19:43:56.974811251 CHANGE ledger f96f6d540e042d1e354e06dbb9e94fdcf81d3f8a367ab1b8dd29ad9645ae0131 -> 00a2720f15a479bef5eceb4a848b9f8e47e4119a38f8e3b5a562a5dde67fcd92
19:43:56.980642143 pdns=0/0/inactive/dead/ named=9305/active/running/ agent=6845/active/ jphase=source-stopped killpid=
19:43:57.267101940 CHANGE ledger 00a2720f15a479bef5eceb4a848b9f8e47e4119a38f8e3b5a562a5dde67fcd92 -> 815f3e720b59eb476a3b1ed673a1184e757621a300e976c905a85fd38edfe19e
19:43:57.273227083 pdns=0/0/inactive/dead/ named=9305/active/running/ agent=6845/active/ jphase=source-stopped killpid=
19:43:57.551891533 CHANGE ledger 815f3e720b59eb476a3b1ed673a1184e757621a300e976c905a85fd38edfe19e -> ceed786f74b54bfc5c04a39048663966a0dc087a50d46130bc878ebc743e4a0a
19:43:57.558127492 pdns=0/0/inactive/dead/ named=9305/active/running/ agent=6845/active/ jphase=source-stopped killpid=
19:43:57.837310039 CHANGE journal 00a65adda0499ea90384caab1eb4e9b2619c5f3ff757e2bf7e19383977e0015b -> 14b9f39c13a66316094347b5dbb572350b9570ade584b98aa7e18b7ea52b3194
19:43:57.856451962 CHANGE ledger ceed786f74b54bfc5c04a39048663966a0dc087a50d46130bc878ebc743e4a0a -> ff151b57f59450ceca09c1d47f36cc78fa0f320a5aae060437300e4f29532b07
19:43:57.863591954 pdns=0/0/inactive/dead/ named=9305/active/running/ agent=6845/active/ jphase=target-started killpid=
19:43:58.143628689 CHANGE ledger ff151b57f59450ceca09c1d47f36cc78fa0f320a5aae060437300e4f29532b07 -> a4465a1b21e0834fc412375ea005a72e8fbf51f6540e85f19f36344ca62d43cb
19:43:58.150576210 pdns=0/0/inactive/dead/ named=9305/active/running/ agent=6845/active/ jphase=target-started killpid=
19:43:58.435800944 CHANGE ledger a4465a1b21e0834fc412375ea005a72e8fbf51f6540e85f19f36344ca62d43cb -> 0b967c645fd6fb76c1487c4a9ce5731a7281d1dd84fa6cd1bed6057b34e86b48
19:43:58.441895584 pdns=0/0/inactive/dead/ named=9305/active/running/ agent=6845/active/ jphase=target-started killpid=
19:43:58.719882889 CHANGE ledger 0b967c645fd6fb76c1487c4a9ce5731a7281d1dd84fa6cd1bed6057b34e86b48 -> 4f6c626adc58b52d2a7c44dab5e578665839a8a47afbdf35955a6d54e0e73644
19:43:58.725864391 pdns=0/0/inactive/dead/ named=9305/active/running/ agent=6845/active/ jphase=target-started killpid=
19:43:59.004772649 CHANGE ledger 4f6c626adc58b52d2a7c44dab5e578665839a8a47afbdf35955a6d54e0e73644 -> fd726c656e091d30c7571f113100dcceaf64f62a87fd5d2b45ab01657127320f
19:43:59.010609147 pdns=0/0/inactive/dead/ named=9305/active/running/ agent=6845/active/ jphase=target-started killpid=
19:43:59.287198383 CHANGE ledger fd726c656e091d30c7571f113100dcceaf64f62a87fd5d2b45ab01657127320f -> f5d974ac2904081f2dd96d20d0a3b7aa3cecb84497586471170a2329eab24d9d
19:43:59.293288752 pdns=0/0/inactive/dead/ named=9305/active/running/ agent=6845/active/ jphase=target-started killpid=
19:43:59.572963209 CHANGE ledger f5d974ac2904081f2dd96d20d0a3b7aa3cecb84497586471170a2329eab24d9d -> ef004c5c7c2d8c1a09f7266be777cb4951805bd302c09880856bd12d6d585b5e
19:43:59.578880974 pdns=0/0/inactive/dead/ named=9305/active/running/ agent=6845/active/ jphase=target-started killpid=
19:43:59.844133011 CHANGE journal 14b9f39c13a66316094347b5dbb572350b9570ade584b98aa7e18b7ea52b3194 -> f344c3f250aed3333e5efe0c59bcd39cad98c39519714898509c79d6cc6fc264
19:43:59.859480020 CHANGE state absent -> 29c71cc02a6d59b6ad4e2d4932b63f06cd5f4a1291eaf9da899fad2dbaf2d853
19:43:59.866343846 pdns=0/0/inactive/dead/ named=9305/active/running/ agent=6845/active/ jphase=committed killpid=
19:44:00.155814857 pdns=0/0/inactive/dead/ named=9305/active/running/ agent=6845/active/ jphase=committed killpid=
19:44:00.454823139 pdns=0/0/inactive/dead/ named=9305/active/running/ agent=6845/active/ jphase=committed killpid=
19:44:00.725754581 pdns=0/0/inactive/dead/ named=9305/active/running/ agent=6845/active/ jphase=absent killpid=
19:44:00.992463078 CHANGE journal f344c3f250aed3333e5efe0c59bcd39cad98c39519714898509c79d6cc6fc264 -> absent
19:44:01.001933310 CHANGE ledger ef004c5c7c2d8c1a09f7266be777cb4951805bd302c09880856bd12d6d585b5e -> ff53fa8dfded4a520c3ef20c51d7f71d21a99182cf3b6e9b1a7d23835005adab
19:44:01.012945529 pdns=0/0/inactive/dead/ named=9305/active/running/ agent=6845/active/ jphase=absent killpid=
19:44:01.302127403 pdns=0/0/inactive/dead/ named=9305/active/running/ agent=6845/active/ jphase=absent killpid=
19:44:01.589745250 pdns=0/0/inactive/dead/ named=9305/active/running/ agent=6845/active/ jphase=absent killpid=
19:44:01.864536253 pdns=0/0/inactive/dead/ named=9305/active/running/ agent=6845/active/ jphase=absent killpid=
19:44:02.138918841 pdns=0/0/inactive/dead/ named=9305/active/running/ agent=6845/active/ jphase=absent killpid=
19:44:02.415382337 pdns=0/0/inactive/dead/ named=9305/active/running/ agent=6845/active/ jphase=absent killpid=
19:44:02.689053828 pdns=0/0/inactive/dead/ named=9305/active/running/ agent=6845/active/ jphase=absent killpid=
19:44:02.958950118 pdns=0/0/inactive/dead/ named=9305/active/running/ agent=6845/active/ jphase=absent killpid=
19:44:03.229541983 pdns=0/0/inactive/dead/ named=9305/active/running/ agent=6845/active/ jphase=absent killpid=
19:44:03.501067984 pdns=0/0/inactive/dead/ named=9305/active/running/ agent=6845/active/ jphase=absent killpid=
19:44:03.782241635 pdns=0/0/inactive/dead/ named=9305/active/running/ agent=6845/active/ jphase=absent killpid=
19:44:04.051607874 pdns=0/0/inactive/dead/ named=9305/active/running/ agent=6845/active/ jphase=absent killpid=
19:44:04.322927236 pdns=0/0/inactive/dead/ named=9305/active/running/ agent=6845/active/ jphase=absent killpid=
19:44:04.603574687 pdns=0/0/inactive/dead/ named=9305/active/running/ agent=6845/active/ jphase=absent killpid=
19:44:04.876590166 pdns=0/0/inactive/dead/ named=9305/active/running/ agent=6845/active/ jphase=absent killpid=
19:44:05.148641480 pdns=0/0/inactive/dead/ named=9305/active/running/ agent=6845/active/ jphase=absent killpid=
19:44:05.423169901 pdns=0/0/inactive/dead/ named=9305/active/running/ agent=6845/active/ jphase=absent killpid=
19:44:05.696314831 pdns=0/0/inactive/dead/ named=9305/active/running/ agent=6845/active/ jphase=absent killpid=
19:44:05.966868074 pdns=0/0/inactive/dead/ named=9305/active/running/ agent=6845/active/ jphase=absent killpid=
19:44:06.240032816 pdns=0/0/inactive/dead/ named=9305/active/running/ agent=6845/active/ jphase=absent killpid=
19:44:06.518215537 pdns=0/0/inactive/dead/ named=9305/active/running/ agent=6845/active/ jphase=absent killpid=
19:44:06.792344828 pdns=0/0/inactive/dead/ named=9305/active/running/ agent=6845/active/ jphase=absent killpid=
19:44:07.063485526 pdns=0/0/inactive/dead/ named=9305/active/running/ agent=6845/active/ jphase=absent killpid=
19:44:07.340365904 pdns=0/0/inactive/dead/ named=9305/active/running/ agent=6845/active/ jphase=absent killpid=
19:44:07.618070038 pdns=0/0/inactive/dead/ named=9305/active/running/ agent=6845/active/ jphase=absent killpid=
19:44:07.891201996 pdns=0/0/inactive/dead/ named=9305/active/running/ agent=6845/active/ jphase=absent killpid=
19:44:08.164192764 pdns=0/0/inactive/dead/ named=9305/active/running/ agent=6845/active/ jphase=absent killpid=
19:44:08.438145980 pdns=0/0/inactive/dead/ named=9305/active/running/ agent=6845/active/ jphase=absent killpid=
19:44:08.707128204 pdns=0/0/inactive/dead/ named=9305/active/running/ agent=6845/active/ jphase=absent killpid=
19:44:08.980014688 pdns=0/0/inactive/dead/ named=9305/active/running/ agent=6845/active/ jphase=absent killpid=
19:44:09.255863406 pdns=0/0/inactive/dead/ named=9305/active/running/ agent=6845/active/ jphase=absent killpid=
19:44:09.535125161 pdns=0/0/inactive/dead/ named=9305/active/running/ agent=6845/active/ jphase=absent killpid=
19:44:09.809846353 pdns=0/0/inactive/dead/ named=9305/active/running/ agent=6845/active/ jphase=absent killpid=
19:44:10.085912944 pdns=0/0/inactive/dead/ named=9305/active/running/ agent=6845/active/ jphase=absent killpid=
19:44:10.363018767 pdns=0/0/inactive/dead/ named=9305/active/running/ agent=6845/active/ jphase=absent killpid=
19:44:10.639904964 pdns=0/0/inactive/dead/ named=9305/active/running/ agent=6845/active/ jphase=absent killpid=
19:44:10.915191629 pdns=0/0/inactive/dead/ named=9305/active/running/ agent=6845/active/ jphase=absent killpid=
19:44:11.185772794 pdns=0/0/inactive/dead/ named=9305/active/running/ agent=6845/active/ jphase=absent killpid=
19:44:11.461302408 pdns=0/0/inactive/dead/ named=9305/active/running/ agent=6845/active/ jphase=absent killpid=
19:44:11.733469182 pdns=0/0/inactive/dead/ named=9305/active/running/ agent=6845/active/ jphase=absent killpid=
19:44:12.006539004 pdns=0/0/inactive/dead/ named=9305/active/running/ agent=6845/active/ jphase=absent killpid=
19:44:12.278714525 pdns=0/0/inactive/dead/ named=9305/active/running/ agent=6845/active/ jphase=absent killpid=
19:44:12.554146879 pdns=0/0/inactive/dead/ named=9305/active/running/ agent=6845/active/ jphase=absent killpid=
19:44:12.826493376 pdns=0/0/inactive/dead/ named=9305/active/running/ agent=6845/active/ jphase=absent killpid=
19:44:13.098371890 pdns=0/0/inactive/dead/ named=9305/active/running/ agent=6845/active/ jphase=absent killpid=
19:44:13.374113908 pdns=0/0/inactive/dead/ named=9305/active/running/ agent=6845/active/ jphase=absent killpid=
19:44:13.646955722 pdns=0/0/inactive/dead/ named=9305/active/running/ agent=6845/active/ jphase=absent killpid=
19:44:13.921125486 pdns=0/0/inactive/dead/ named=9305/active/running/ agent=6845/active/ jphase=absent killpid=
19:44:14.195333653 pdns=0/0/inactive/dead/ named=9305/active/running/ agent=6845/active/ jphase=absent killpid=
19:44:14.480855719 pdns=0/0/inactive/dead/ named=9305/active/running/ agent=6845/active/ jphase=absent killpid=
19:44:14.751997471 pdns=0/0/inactive/dead/ named=9305/active/running/ agent=6845/active/ jphase=absent killpid=
19:44:15.026957011 pdns=0/0/inactive/dead/ named=9305/active/running/ agent=6845/active/ jphase=absent killpid=
19:44:15.300734502 pdns=0/0/inactive/dead/ named=9305/active/running/ agent=6845/active/ jphase=absent killpid=
19:44:15.570875668 pdns=0/0/inactive/dead/ named=9305/active/running/ agent=6845/active/ jphase=absent killpid=
19:44:15.844314174 pdns=0/0/inactive/dead/ named=9305/active/running/ agent=6845/active/ jphase=absent killpid=
19:44:16.115037971 pdns=0/0/inactive/dead/ named=9305/active/running/ agent=6845/active/ jphase=absent killpid=
19:44:16.389327403 pdns=0/0/inactive/dead/ named=9305/active/running/ agent=6845/active/ jphase=absent killpid=
19:44:16.660974648 pdns=0/0/inactive/dead/ named=9305/active/running/ agent=6845/active/ jphase=absent killpid=
19:44:16.930812917 pdns=0/0/inactive/dead/ named=9305/active/running/ agent=6845/active/ jphase=absent killpid=
19:44:17.201514677 pdns=0/0/inactive/dead/ named=9305/active/running/ agent=6845/active/ jphase=absent killpid=
19:44:17.471308380 pdns=0/0/inactive/dead/ named=9305/active/running/ agent=6845/active/ jphase=absent killpid=
19:44:17.742062737 pdns=0/0/inactive/dead/ named=9305/active/running/ agent=6845/active/ jphase=absent killpid=
19:44:18.010186084 pdns=0/0/inactive/dead/ named=9305/active/running/ agent=6845/active/ jphase=absent killpid=
19:44:18.283211251 pdns=0/0/inactive/dead/ named=9305/active/running/ agent=6845/active/ jphase=absent killpid=
19:44:18.558860786 pdns=0/0/inactive/dead/ named=9305/active/running/ agent=6845/active/ jphase=absent killpid=
19:44:18.830171637 pdns=0/0/inactive/dead/ named=9305/active/running/ agent=6845/active/ jphase=absent killpid=
19:44:19.101458478 pdns=0/0/inactive/dead/ named=9305/active/running/ agent=6845/active/ jphase=absent killpid=
19:44:19.373361267 pdns=0/0/inactive/dead/ named=9305/active/running/ agent=6845/active/ jphase=absent killpid=
19:44:19.648144858 pdns=0/0/inactive/dead/ named=9305/active/running/ agent=6845/active/ jphase=absent killpid=
19:44:19.918703825 pdns=0/0/inactive/dead/ named=9305/active/running/ agent=6845/active/ jphase=absent killpid=
19:44:20.188411293 pdns=0/0/inactive/dead/ named=9305/active/running/ agent=6845/active/ jphase=absent killpid=
19:44:20.458921459 pdns=0/0/inactive/dead/ named=9305/active/running/ agent=6845/active/ jphase=absent killpid=
19:44:20.732527231 pdns=0/0/inactive/dead/ named=9305/active/running/ agent=6845/active/ jphase=absent killpid=
19:44:21.005967537 pdns=0/0/inactive/dead/ named=9305/active/running/ agent=6845/active/ jphase=absent killpid=
19:44:21.279420229 pdns=0/0/inactive/dead/ named=9305/active/running/ agent=6845/active/ jphase=absent killpid=
19:44:21.558571762 pdns=0/0/inactive/dead/ named=9305/active/running/ agent=6845/active/ jphase=absent killpid=
19:44:21.830284279 pdns=0/0/inactive/dead/ named=9305/active/running/ agent=6845/active/ jphase=absent killpid=
19:44:22.102378128 pdns=0/0/inactive/dead/ named=9305/active/running/ agent=6845/active/ jphase=absent killpid=
19:44:22.371548788 pdns=0/0/inactive/dead/ named=9305/active/running/ agent=6845/active/ jphase=absent killpid=
19:44:22.642750855 pdns=0/0/inactive/dead/ named=9305/active/running/ agent=6845/active/ jphase=absent killpid=
19:44:22.922137359 pdns=0/0/inactive/dead/ named=9305/active/running/ agent=6845/active/ jphase=absent killpid=
19:44:23.194830381 pdns=0/0/inactive/dead/ named=9305/active/running/ agent=6845/active/ jphase=absent killpid=
19:44:23.467784898 pdns=0/0/inactive/dead/ named=9305/active/running/ agent=6845/active/ jphase=absent killpid=
19:44:23.739666276 pdns=0/0/inactive/dead/ named=9305/active/running/ agent=6845/active/ jphase=absent killpid=
19:44:24.009483465 pdns=0/0/inactive/dead/ named=9305/active/running/ agent=6845/active/ jphase=absent killpid=
19:44:24.279442709 pdns=0/0/inactive/dead/ named=9305/active/running/ agent=6845/active/ jphase=absent killpid=
19:44:24.550635713 pdns=0/0/inactive/dead/ named=9305/active/running/ agent=6845/active/ jphase=absent killpid=
19:44:24.819318608 pdns=0/0/inactive/dead/ named=9305/active/running/ agent=6845/active/ jphase=absent killpid=
19:44:25.089845193 pdns=0/0/inactive/dead/ named=9305/active/running/ agent=6845/active/ jphase=absent killpid=
19:44:25.361237131 pdns=0/0/inactive/dead/ named=9305/active/running/ agent=6845/active/ jphase=absent killpid=
19:44:25.635773845 pdns=0/0/inactive/dead/ named=9305/active/running/ agent=6845/active/ jphase=absent killpid=
19:44:25.911134742 pdns=0/0/inactive/dead/ named=9305/active/running/ agent=6845/active/ jphase=absent killpid=
19:44:26.179399074 pdns=0/0/inactive/dead/ named=9305/active/running/ agent=6845/active/ jphase=absent killpid=
19:44:26.448829919 pdns=0/0/inactive/dead/ named=9305/active/running/ agent=6845/active/ jphase=absent killpid=
19:44:26.718702638 pdns=0/0/inactive/dead/ named=9305/active/running/ agent=6845/active/ jphase=absent killpid=
19:44:26.987038421 pdns=0/0/inactive/dead/ named=9305/active/running/ agent=6845/active/ jphase=absent killpid=
19:44:27.255902878 pdns=0/0/inactive/dead/ named=9305/active/running/ agent=6845/active/ jphase=absent killpid=
19:44:27.524190979 pdns=0/0/inactive/dead/ named=9305/active/running/ agent=6845/active/ jphase=absent killpid=
19:44:27.794991442 pdns=0/0/inactive/dead/ named=9305/active/running/ agent=6845/active/ jphase=absent killpid=
19:44:28.063011058 pdns=0/0/inactive/dead/ named=9305/active/running/ agent=6845/active/ jphase=absent killpid=
19:44:28.333922820 pdns=0/0/inactive/dead/ named=9305/active/running/ agent=6845/active/ jphase=absent killpid=
19:44:28.604207454 pdns=0/0/inactive/dead/ named=9305/active/running/ agent=6845/active/ jphase=absent killpid=
19:44:28.873865387 pdns=0/0/inactive/dead/ named=9305/active/running/ agent=6845/active/ jphase=absent killpid=
19:44:29.142253499 pdns=0/0/inactive/dead/ named=9305/active/running/ agent=6845/active/ jphase=absent killpid=
19:44:29.420586462 pdns=0/0/inactive/dead/ named=9305/active/running/ agent=6845/active/ jphase=absent killpid=
19:44:29.689247419 pdns=0/0/inactive/dead/ named=9305/active/running/ agent=6845/active/ jphase=absent killpid=
19:44:29.958422387 pdns=0/0/inactive/dead/ named=9305/active/running/ agent=6845/active/ jphase=absent killpid=
19:44:30.226023615 pdns=0/0/inactive/dead/ named=9305/active/running/ agent=6845/active/ jphase=absent killpid=
19:44:30.496082243 pdns=0/0/inactive/dead/ named=9305/active/running/ agent=6845/active/ jphase=absent killpid=
19:44:30.765325028 pdns=0/0/inactive/dead/ named=9305/active/running/ agent=6845/active/ jphase=absent killpid=
19:44:31.035247678 pdns=0/0/inactive/dead/ named=9305/active/running/ agent=6845/active/ jphase=absent killpid=
19:44:31.306981468 pdns=0/0/inactive/dead/ named=9305/active/running/ agent=6845/active/ jphase=absent killpid=
19:44:31.592159303 pdns=0/0/inactive/dead/ named=9305/active/running/ agent=6845/active/ jphase=absent killpid=
19:44:31.887598981 pdns=0/0/inactive/dead/ named=9305/active/running/ agent=0/inactive/ jphase=absent killpid=
19:44:32.181193480 pdns=0/0/inactive/dead/ named=9305/active/running/ agent=0/inactive/ jphase=absent killpid=
19:44:32.466115757 pdns=0/0/inactive/dead/ named=9305/active/running/ agent=0/inactive/ jphase=absent killpid=
19:44:32.742664139 pdns=0/0/inactive/dead/ named=9305/active/running/ agent=0/inactive/ jphase=absent killpid=
19:44:33.014577623 pdns=0/0/inactive/dead/ named=9305/active/running/ agent=0/inactive/ jphase=absent killpid=
19:44:33.285779937 pdns=0/0/inactive/dead/ named=9305/active/running/ agent=0/inactive/ jphase=absent killpid=
