16:12:00.260854080 CHANGE journal none -> absent
16:12:00.272900576 CHANGE ledger none -> 177f61d12ed0bb85e6ea535b807b376e26bbe0871405a13867c0b3cb6ea4b211
16:12:00.277595833 CHANGE state none -> absent
16:12:00.281915993 CHANGE pdnsdb none -> absent
16:12:00.288354950 POINTER 
16:12:00.290347285 pdns=0/0/inactive/dead/ named=0/inactive/dead/ agent=0/inactive/ jphase=absent killpid=
16:12:00.572532865 pdns=0/0/inactive/dead/ named=0/inactive/dead/ agent=0/inactive/ jphase=absent killpid=
16:12:00.854713903 pdns=0/0/inactive/dead/ named=0/inactive/dead/ agent=0/inactive/ jphase=absent killpid=
16:12:01.135805064 pdns=0/0/inactive/dead/ named=0/inactive/dead/ agent=0/inactive/ jphase=absent killpid=
16:12:01.415050694 pdns=0/0/inactive/dead/ named=0/inactive/dead/ agent=0/inactive/ jphase=absent killpid=
16:12:01.687335409 pdns=0/0/inactive/dead/ named=0/inactive/dead/ agent=0/inactive/ jphase=absent killpid=
16:12:01.977536456 CHANGE ledger 177f61d12ed0bb85e6ea535b807b376e26bbe0871405a13867c0b3cb6ea4b211 -> 1d3e6f50efab2c8d49372f145f82ad86072f96a86bbba7253d7a9cc162de5805
16:12:01.981740002 pdns=0/0/inactive/dead/ named=0/inactive/dead/ agent=0/inactive/ jphase=absent killpid=1781,
16:12:02.294548871 CHANGE ledger 1d3e6f50efab2c8d49372f145f82ad86072f96a86bbba7253d7a9cc162de5805 -> b9ea3e9b41c45ca6c33f13d3ca4144b4a17f33ff8f0641a9deb11c95f1d92f1b
16:12:02.298988306 pdns=0/0/inactive/dead/ named=0/inactive/dead/ agent=0/inactive/ jphase=absent killpid=1781,1893,
16:12:02.587145853 CHANGE ledger b9ea3e9b41c45ca6c33f13d3ca4144b4a17f33ff8f0641a9deb11c95f1d92f1b -> 589b4918e96cb96b05fcdede466ad33fefb7cbbbb6fa096925296ca181c7cecb
16:12:02.591309662 pdns=0/0/inactive/dead/ named=0/inactive/dead/ agent=0/inactive/ jphase=absent killpid=1781,
16:12:02.956188321 CHANGE ledger 589b4918e96cb96b05fcdede466ad33fefb7cbbbb6fa096925296ca181c7cecb -> 1404b524636ff3734cd7000c9e68c222f793b0db7b6cd7d0d09fa08fce36cc47
16:12:02.959961772 pdns=0/0/inactive/dead/ named=0/inactive/dead/ agent=0/inactive/ jphase=absent killpid=1781,1989,
16:12:03.236042539 pdns=0/0/inactive/dead/ named=0/inactive/dead/ agent=0/inactive/ jphase=absent killpid=1781,1989,
16:12:03.523707826 pdns=0/0/inactive/dead/ named=0/inactive/dead/ agent=0/inactive/ jphase=absent killpid=1781,1989,
16:12:03.804987788 pdns=0/0/inactive/dead/ named=0/inactive/dead/ agent=0/inactive/ jphase=absent killpid=1781,1989,
16:12:04.114913512 pdns=0/0/inactive/dead/ named=0/inactive/dead/ agent=0/inactive/ jphase=absent killpid=1781,1989,
16:12:04.400700696 pdns=0/0/inactive/dead/ named=0/inactive/dead/ agent=0/inactive/ jphase=absent killpid=1781,1989,
16:12:04.685715442 pdns=0/0/inactive/dead/ named=0/inactive/dead/ agent=0/inactive/ jphase=absent killpid=1781,1989,
16:12:05.005544868 pdns=0/0/inactive/dead/ named=0/inactive/dead/ agent=0/inactive/ jphase=absent killpid=1781,1989,
16:12:05.295427465 pdns=0/0/inactive/dead/ named=0/inactive/dead/ agent=0/inactive/ jphase=absent killpid=1781,1989,
16:12:05.630857278 pdns=0/0/inactive/dead/ named=0/inactive/dead/ agent=0/inactive/ jphase=absent killpid=1781,1989,
16:12:05.958295168 pdns=0/0/inactive/dead/ named=0/inactive/dead/ agent=0/inactive/ jphase=absent killpid=1781,1989,
16:12:06.255800500 pdns=0/0/inactive/dead/ named=0/inactive/dead/ agent=0/inactive/ jphase=absent killpid=1781,1989,
16:12:06.551835033 pdns=0/0/inactive/dead/ named=0/inactive/dead/ agent=0/inactive/ jphase=absent killpid=1781,1989,
16:12:06.842035213 pdns=0/0/inactive/dead/ named=0/inactive/dead/ agent=0/inactive/ jphase=absent killpid=1781,1989,
16:12:07.171287014 CHANGE ledger 1404b524636ff3734cd7000c9e68c222f793b0db7b6cd7d0d09fa08fce36cc47 -> 9f0aa041c0ec9b82a4b00d2171ebfd3158b8f93d380a43b388e339ac52d1b8fd
16:12:07.176277401 pdns=0/0/inactive/dead/ named=0/inactive/dead/ agent=0/inactive/ jphase=absent killpid=1781,1989,
16:12:07.549999873 pdns=0/0/inactive/dead/ named=0/inactive/dead/ agent=0/inactive/ jphase=absent killpid=1781,1989,
16:12:07.887498375 pdns=0/0/inactive/dead/ named=0/inactive/dead/ agent=0/inactive/ jphase=absent killpid=1781,1989,
16:12:08.236024669 pdns=0/0/inactive/dead/ named=0/inactive/dead/ agent=0/inactive/ jphase=absent killpid=1781,1989,
16:12:08.554087648 CHANGE ledger 9f0aa041c0ec9b82a4b00d2171ebfd3158b8f93d380a43b388e339ac52d1b8fd -> 9d02a2f678c7c89324527ccd82050ab8714ed240f3d8c708a3d51fb811d42d52
16:12:08.558069170 pdns=0/0/inactive/dead/ named=0/inactive/dead/ agent=0/inactive/ jphase=absent killpid=1781,2458,
16:12:08.849101829 pdns=0/0/inactive/dead/ named=0/inactive/dead/ agent=0/inactive/ jphase=absent killpid=1781,2458,
16:12:09.152260270 pdns=0/0/inactive/dead/ named=0/inactive/dead/ agent=0/inactive/ jphase=absent killpid=1781,2458,
16:12:09.437698402 pdns=0/0/inactive/dead/ named=0/inactive/dead/ agent=0/inactive/ jphase=absent killpid=1781,2458,
16:12:09.738725831 pdns=0/0/inactive/dead/ named=0/inactive/dead/ agent=0/inactive/ jphase=absent killpid=1781,2458,
16:12:10.057143733 pdns=0/0/inactive/dead/ named=0/inactive/dead/ agent=0/inactive/ jphase=absent killpid=1781,2458,
16:12:10.339772889 pdns=0/0/inactive/dead/ named=0/inactive/dead/ agent=0/inactive/ jphase=absent killpid=1781,2458,
16:12:10.629280987 pdns=0/0/inactive/dead/ named=0/inactive/dead/ agent=0/inactive/ jphase=absent killpid=1781,2458,
16:12:10.923058861 pdns=0/0/inactive/dead/ named=0/inactive/dead/ agent=0/inactive/ jphase=absent killpid=1781,2458,
16:12:11.229234726 pdns=0/0/inactive/dead/ named=0/inactive/dead/ agent=0/inactive/ jphase=absent killpid=1781,2458,
16:12:11.544070423 pdns=0/0/inactive/dead/ named=0/inactive/dead/ agent=0/inactive/ jphase=absent killpid=1781,2458,
16:12:11.838907625 pdns=0/0/inactive/dead/ named=0/inactive/dead/ agent=0/inactive/ jphase=absent killpid=1781,2458,
16:12:12.192045079 CHANGE ledger 9d02a2f678c7c89324527ccd82050ab8714ed240f3d8c708a3d51fb811d42d52 -> c1795fa5f73334869d12ad7c89e50fb5cb6796e42c33fefccf00695d61e2286d
16:12:12.198430776 pdns=0/0/inactive/dead/ named=0/inactive/dead/ agent=0/inactive/ jphase=absent killpid=1781,2458,
16:12:12.559452712 pdns=0/0/inactive/dead/ named=0/inactive/dead/ agent=0/inactive/ jphase=absent killpid=1781,2458,
16:12:12.897133931 pdns=0/0/inactive/dead/ named=0/inactive/dead/ agent=0/inactive/ jphase=absent killpid=1781,2458,
16:12:13.199240753 pdns=0/0/inactive/dead/ named=0/inactive/dead/ agent=0/inactive/ jphase=absent killpid=1781,2458,
16:12:13.506790519 pdns=0/0/inactive/dead/ named=0/inactive/dead/ agent=0/inactive/ jphase=absent killpid=1781,2458,
16:12:14.553761685 pdns=0/0/inactive/dead/ named=0/inactive/dead/ agent=0/inactive/ jphase=absent killpid=1781,2458,
16:12:14.854559630 pdns=0/0/inactive/dead/ named=0/inactive/dead/ agent=0/inactive/ jphase=absent killpid=1781,2458,
16:12:15.178176284 CHANGE ledger c1795fa5f73334869d12ad7c89e50fb5cb6796e42c33fefccf00695d61e2286d -> df9d8f1887a55f0a88157b0fc12545f88d553ec35bce4542749e42fc63f34bd3
16:12:15.183749806 pdns=0/0/inactive/dead/ named=0/inactive/dead/ agent=0/inactive/ jphase=absent killpid=1781,3119,
16:12:15.644489268 CHANGE ledger df9d8f1887a55f0a88157b0fc12545f88d553ec35bce4542749e42fc63f34bd3 -> fb05a148494159d143fee18a3d7acf6f7672b4829a21159349c54121b7ef9551
16:12:15.649424265 pdns=0/0/inactive/dead/ named=0/inactive/dead/ agent=0/inactive/ jphase=absent killpid=1781,3199,
16:12:15.946768192 CHANGE ledger fb05a148494159d143fee18a3d7acf6f7672b4829a21159349c54121b7ef9551 -> a7e0a481cf95c542aab7384515f7da1a97b66c7407e3fb6551f845d7fa76e558
16:12:15.951355138 pdns=0/0/inactive/dead/ named=0/inactive/dead/ agent=0/inactive/ jphase=absent killpid=1781,
16:12:16.239058981 CHANGE journal absent -> a6c339d8c613fb1d9d8e3d819ac82020b4fc1853fd850437aaf4cbe4f4a232d9
16:12:16.250778161 CHANGE ledger a7e0a481cf95c542aab7384515f7da1a97b66c7407e3fb6551f845d7fa76e558 -> ec0c7435b5d1fd06a5d8cd1aa8253e953d99802048a99875d0db0b4dc730769b
16:12:16.254907008 pdns=0/0/inactive/dead/ named=0/inactive/dead/ agent=0/inactive/ jphase=intent killpid=1781,
16:12:16.534863721 pdns=0/0/inactive/dead/ named=0/inactive/dead/ agent=0/inactive/ jphase=intent killpid=1781,
16:12:16.814449391 pdns=0/0/inactive/dead/ named=0/inactive/dead/ agent=0/inactive/ jphase=intent killpid=1781,
16:12:17.104132686 CHANGE ledger ec0c7435b5d1fd06a5d8cd1aa8253e953d99802048a99875d0db0b4dc730769b -> 1799a8e0b1df4d58641623ad499d5f11079ce2c929841afbc9b26d912d76fa22
16:12:17.111319042 pdns=0/0/inactive/dead/ named=0/inactive/dead/ agent=0/inactive/ jphase=intent killpid=1781,
16:12:17.406127243 CHANGE journal a6c339d8c613fb1d9d8e3d819ac82020b4fc1853fd850437aaf4cbe4f4a232d9 -> 18452a37fe586ed40ef8ee18905ad68371b2c2ed6fbed03c784589eced2402cf
16:12:17.427983915 CHANGE ledger 1799a8e0b1df4d58641623ad499d5f11079ce2c929841afbc9b26d912d76fa22 -> d1ecd33b583bb2ecacf795474ad708baef12e0a08222873ba75b797aca628357
16:12:17.445117542 CHANGE pdnsdb absent -> 71748c678a16f701e551033cf5a3f9abf9f2641cb891c72db088c4ae0d899bb8
16:12:17.452366131 pdns=0/0/inactive/dead/ named=0/inactive/dead/ agent=0/inactive/ jphase=source-stopped killpid=1781,
16:12:17.767971511 CHANGE ledger d1ecd33b583bb2ecacf795474ad708baef12e0a08222873ba75b797aca628357 -> 8c38ff14b20f06ac3646c70338bf15bc9378b645ede25d02d4ac067c87a8ef24
16:12:17.782632049 pdns=0/0/inactive/dead/ named=0/inactive/dead/ agent=0/inactive/ jphase=source-stopped killpid=1781,3573,
16:12:18.085488890 CHANGE ledger 8c38ff14b20f06ac3646c70338bf15bc9378b645ede25d02d4ac067c87a8ef24 -> 08a8c18ecd7244182decc769154b4c3293e3bb001bed7a476b632c1939eb5be9
16:12:18.102990386 pdns=0/0/inactive/dead/ named=0/inactive/dead/ agent=0/inactive/ jphase=source-stopped killpid=1781,3691,
16:12:18.661547947 CHANGE ledger 08a8c18ecd7244182decc769154b4c3293e3bb001bed7a476b632c1939eb5be9 -> 3aecae5c2ac1d43684d3b598b30476a6f7b87b14c63b856624b10a4cd4cd1352
16:12:18.675315545 pdns=0/0/inactive/dead/ named=0/inactive/dead/ agent=0/inactive/ jphase=source-stopped killpid=1781,
16:12:19.014467815 CHANGE ledger 3aecae5c2ac1d43684d3b598b30476a6f7b87b14c63b856624b10a4cd4cd1352 -> 2f9c9efa32ad3df54cfadfd914f77f74af6140ea16a5c0a209718e052fe2d4f8
16:12:19.026322770 pdns=0/0/inactive/dead/ named=0/inactive/dead/ agent=0/inactive/ jphase=source-stopped killpid=1781,
16:12:19.320958888 CHANGE ledger 2f9c9efa32ad3df54cfadfd914f77f74af6140ea16a5c0a209718e052fe2d4f8 -> e9029b6867ea7e9cf4f3c9a6fccfec497190c748505bf2ce3ed0ff8ea8d5d646
16:12:19.329011311 pdns=0/0/inactive/dead/ named=0/inactive/dead/ agent=0/inactive/ jphase=source-stopped killpid=1781,3928,
16:12:19.646206201 CHANGE ledger e9029b6867ea7e9cf4f3c9a6fccfec497190c748505bf2ce3ed0ff8ea8d5d646 -> 1a9b92c30d2aee8cdd6f493038fc1637eaaf7ca732b70dafefd7c2d6e5c49f22
16:12:19.653444631 pdns=0/0/inactive/dead/ named=0/inactive/dead/ agent=0/inactive/ jphase=source-stopped killpid=1781,
16:12:19.946953147 CHANGE ledger 1a9b92c30d2aee8cdd6f493038fc1637eaaf7ca732b70dafefd7c2d6e5c49f22 -> 731da7df8bc762d074f48c3462e22e0c4b73c3398ea9299ddde112a1a10c8a45
16:12:19.957568907 pdns=0/0/inactive/dead/ named=0/inactive/dead/ agent=0/inactive/ jphase=source-stopped killpid=1781,
16:12:20.303928885 CHANGE ledger 731da7df8bc762d074f48c3462e22e0c4b73c3398ea9299ddde112a1a10c8a45 -> 971eee3cb40ec9eee1b504f2db43e7c77b00dcf4996817673c489a27998a6744
16:12:20.331040461 CHANGE pdnsdb 71748c678a16f701e551033cf5a3f9abf9f2641cb891c72db088c4ae0d899bb8 -> 35d61d45539df7137e71c28466b5d2a159fdfdad850bd1f59508806947b322c7
16:12:20.337466703 pdns=4106/0/active/running/ named=0/inactive/dead/ agent=0/inactive/ jphase=source-stopped killpid=1781,
16:12:20.641543162 CHANGE journal 18452a37fe586ed40ef8ee18905ad68371b2c2ed6fbed03c784589eced2402cf -> 6d94e22574b553db4fa425cb20122df18ccdc16b7edd1af90f9e7246ef2cd2bf
16:12:20.651125691 CHANGE ledger 971eee3cb40ec9eee1b504f2db43e7c77b00dcf4996817673c489a27998a6744 -> 534beae211e463e57f95e7adaa03b6d0ef31373768dcb8ac3b0a495d3880066d
16:12:20.658539368 pdns=4106/0/active/running/ named=0/inactive/dead/ agent=4184/active/ jphase=rolling-back killpid=
16:12:21.031890700 CHANGE journal 6d94e22574b553db4fa425cb20122df18ccdc16b7edd1af90f9e7246ef2cd2bf -> a9246bab89add30526d0436600d39f03c889118dded381cfdc59da9cc8911b90
16:12:21.039806184 CHANGE pdnsdb 35d61d45539df7137e71c28466b5d2a159fdfdad850bd1f59508806947b322c7 -> absent
16:12:21.044082720 pdns=0/0/inactive/dead/ named=0/inactive/dead/ agent=4184/active/ jphase=rolling-back killpid=
16:12:21.814575838 CHANGE journal a9246bab89add30526d0436600d39f03c889118dded381cfdc59da9cc8911b90 -> absent
16:12:21.822953531 CHANGE ledger 534beae211e463e57f95e7adaa03b6d0ef31373768dcb8ac3b0a495d3880066d -> 4b401bbc4cdece91589dd9f31a803aa5ec7ecc6429704c4ac55e7f7d5a0cef34
16:12:21.826502163 pdns=0/0/inactive/dead/ named=0/inactive/dead/ agent=4184/active/ jphase=absent killpid=
16:12:22.144510900 CHANGE ledger 4b401bbc4cdece91589dd9f31a803aa5ec7ecc6429704c4ac55e7f7d5a0cef34 -> 55bf7db0bc8db0945b8c8ef31da63b519f4bb0d0dae3b6dcd7510cd045f7117f
16:12:22.148043595 pdns=0/0/inactive/dead/ named=0/inactive/dead/ agent=4184/active/ jphase=absent killpid=
16:12:22.425051388 CHANGE ledger 55bf7db0bc8db0945b8c8ef31da63b519f4bb0d0dae3b6dcd7510cd045f7117f -> ad009764cf36c6d4da3579be9639cfbbbb984219f70f5029a6b8e7100d2d8954
16:12:22.428626681 pdns=0/0/inactive/dead/ named=0/inactive/dead/ agent=4184/active/ jphase=absent killpid=
16:12:22.710550811 CHANGE ledger ad009764cf36c6d4da3579be9639cfbbbb984219f70f5029a6b8e7100d2d8954 -> 5fc256a0609162b7d2817e4b43baf23d8247b2d3c0c7a4030f9bf0351b2fd7d6
16:12:22.714715455 pdns=0/0/inactive/dead/ named=0/inactive/dead/ agent=4184/active/ jphase=intent killpid=
16:12:22.993746164 CHANGE journal absent -> a6c339d8c613fb1d9d8e3d819ac82020b4fc1853fd850437aaf4cbe4f4a232d9
16:12:23.006188704 CHANGE ledger 5fc256a0609162b7d2817e4b43baf23d8247b2d3c0c7a4030f9bf0351b2fd7d6 -> 4c90228c41b98120e1205802d12b831e074706aa3844d462602b567373cfd172
16:12:23.011440411 pdns=0/0/inactive/dead/ named=0/inactive/dead/ agent=4184/active/ jphase=intent killpid=
16:12:23.324635475 pdns=0/0/inactive/dead/ named=0/inactive/dead/ agent=4184/active/ jphase=intent killpid=
16:12:23.603166728 pdns=0/0/inactive/dead/ named=0/inactive/dead/ agent=4184/active/ jphase=intent killpid=
16:12:23.880992124 CHANGE journal a6c339d8c613fb1d9d8e3d819ac82020b4fc1853fd850437aaf4cbe4f4a232d9 -> 18452a37fe586ed40ef8ee18905ad68371b2c2ed6fbed03c784589eced2402cf
16:12:23.895204959 CHANGE ledger 4c90228c41b98120e1205802d12b831e074706aa3844d462602b567373cfd172 -> 16d0f626a58da1e049428e7c389132c12f330363abfe8d3392420131b7a1cf47
16:12:23.905069865 CHANGE pdnsdb absent -> 71748c678a16f701e551033cf5a3f9abf9f2641cb891c72db088c4ae0d899bb8
16:12:23.909212223 pdns=0/0/inactive/dead/ named=0/inactive/dead/ agent=4184/active/ jphase=source-stopped killpid=
16:12:24.208808191 CHANGE ledger 16d0f626a58da1e049428e7c389132c12f330363abfe8d3392420131b7a1cf47 -> c9b2239430c31737e6cab087a1ce3279aa171628b96f642a353761c5164f8060
16:12:24.231129468 pdns=0/0/inactive/dead/ named=0/inactive/dead/ agent=4184/active/ jphase=source-stopped killpid=
16:12:24.701044977 CHANGE ledger c9b2239430c31737e6cab087a1ce3279aa171628b96f642a353761c5164f8060 -> 21df3d38cfc456dcc060de83dddf82e247bbd982047b8936f54a42fd1980523c
16:12:24.714083735 pdns=0/0/inactive/dead/ named=0/inactive/dead/ agent=4184/active/ jphase=source-stopped killpid=
16:12:25.186800661 CHANGE ledger 21df3d38cfc456dcc060de83dddf82e247bbd982047b8936f54a42fd1980523c -> f9019102e98809df0b1baae5a86adf3f021fb3c2cb4e3624ac19e1828a25e9df
16:12:25.195803734 pdns=0/0/inactive/dead/ named=0/inactive/dead/ agent=4184/active/ jphase=source-stopped killpid=
16:12:25.482305953 CHANGE ledger f9019102e98809df0b1baae5a86adf3f021fb3c2cb4e3624ac19e1828a25e9df -> 9c624993ff7a145e71a6d97bc11c12f7c4912d34410cff87367e9c59900148fe
16:12:25.490403782 pdns=0/0/inactive/dead/ named=0/inactive/dead/ agent=4184/active/ jphase=source-stopped killpid=
16:12:25.785445130 CHANGE ledger 9c624993ff7a145e71a6d97bc11c12f7c4912d34410cff87367e9c59900148fe -> 85c4540fff83aa16c3cf15aa0482d234e7b9d79def4e0049db315c5a39938739
16:12:25.803645705 pdns=5247/0/activating/start/ named=0/inactive/dead/ agent=4184/active/ jphase=source-stopped killpid=
16:12:26.137783929 CHANGE ledger 85c4540fff83aa16c3cf15aa0482d234e7b9d79def4e0049db315c5a39938739 -> 695c6e4e21d7d793f60a94eec96eb62e81fa25d40c73200f532b33011497f2dc
16:12:26.147984068 CHANGE pdnsdb 71748c678a16f701e551033cf5a3f9abf9f2641cb891c72db088c4ae0d899bb8 -> 35d61d45539df7137e71c28466b5d2a159fdfdad850bd1f59508806947b322c7
16:12:26.152841949 pdns=5247/0/active/running/ named=0/inactive/dead/ agent=4184/active/ jphase=target-started killpid=
16:12:26.434160489 CHANGE journal 18452a37fe586ed40ef8ee18905ad68371b2c2ed6fbed03c784589eced2402cf -> 6d94e22574b553db4fa425cb20122df18ccdc16b7edd1af90f9e7246ef2cd2bf
16:12:26.445761021 CHANGE ledger 695c6e4e21d7d793f60a94eec96eb62e81fa25d40c73200f532b33011497f2dc -> ab3d0ec525e27f63a2019dcee76dd397924d6c733839c357e7210e2dce938372
16:12:26.452929616 pdns=5247/0/active/running/ named=0/inactive/dead/ agent=4184/active/ jphase=target-started killpid=
16:12:26.729948703 CHANGE ledger ab3d0ec525e27f63a2019dcee76dd397924d6c733839c357e7210e2dce938372 -> 2a0bf3f5eb94686c166d2408f26f193c5ae225568f96f404bce3b82d741b2d30
16:12:26.739494270 pdns=5247/0/active/running/ named=0/inactive/dead/ agent=4184/active/ jphase=target-started killpid=
16:12:27.030741408 CHANGE ledger 2a0bf3f5eb94686c166d2408f26f193c5ae225568f96f404bce3b82d741b2d30 -> 4309d0aa7e26a887746003309cdaf29ce23c944040fc170cb81cb337354eb5a0
16:12:27.038861493 pdns=5247/0/active/running/ named=0/inactive/dead/ agent=4184/active/ jphase=target-started killpid=
16:12:27.352612488 CHANGE ledger 4309d0aa7e26a887746003309cdaf29ce23c944040fc170cb81cb337354eb5a0 -> 85a582b5758c597b14fe0d43dd669888fc58cc91f072f07baf6250a5668eda94
16:12:27.360853211 pdns=5247/0/active/running/ named=0/inactive/dead/ agent=4184/active/ jphase=target-started killpid=
16:12:27.644853868 CHANGE ledger 85a582b5758c597b14fe0d43dd669888fc58cc91f072f07baf6250a5668eda94 -> af7fa57aac246f261562c2fc00f0a5b5fb493cabed17ee67ef5a1fae0d6c5c36
16:12:27.652191903 pdns=5247/0/active/running/ named=0/inactive/dead/ agent=4184/active/ jphase=target-started killpid=
16:12:27.936337001 CHANGE ledger af7fa57aac246f261562c2fc00f0a5b5fb493cabed17ee67ef5a1fae0d6c5c36 -> 6ea0c69245eccecb06c41550f796a3b2208085ea62906dfdae04ade4021e85d0
16:12:27.944591200 pdns=5247/0/active/running/ named=0/inactive/dead/ agent=4184/active/ jphase=target-started killpid=
16:12:28.214973655 CHANGE journal 6d94e22574b553db4fa425cb20122df18ccdc16b7edd1af90f9e7246ef2cd2bf -> 9e5679978acd958400cda34d83a53563e6e2f734c8a73f4354575680effeae7d
16:12:28.238715769 CHANGE state absent -> 217b657f813a226fff8fd95bdb64656ffc507d457b91f4c08ec4b791df17771d
16:12:28.247439461 pdns=5247/0/active/running/ named=0/inactive/dead/ agent=4184/active/ jphase=committed killpid=
16:12:28.550907643 pdns=5247/0/active/running/ named=0/inactive/dead/ agent=4184/active/ jphase=committed killpid=
16:12:28.858986418 pdns=5247/0/active/running/ named=0/inactive/dead/ agent=4184/active/ jphase=absent killpid=
16:12:29.140247270 CHANGE journal 9e5679978acd958400cda34d83a53563e6e2f734c8a73f4354575680effeae7d -> absent
16:12:29.154499196 CHANGE ledger 6ea0c69245eccecb06c41550f796a3b2208085ea62906dfdae04ade4021e85d0 -> 768b347a6ce5f0b7d222977a308c8225fd8edd7ec7c0b50423ce3873c25d6c63
16:12:29.170957258 pdns=5247/0/active/running/ named=0/inactive/dead/ agent=4184/active/ jphase=absent killpid=
16:12:29.565448781 pdns=5247/0/active/running/ named=0/inactive/dead/ agent=4184/active/ jphase=absent killpid=
16:12:29.878743278 pdns=5247/0/active/running/ named=0/inactive/dead/ agent=4184/active/ jphase=absent killpid=
16:12:30.161595254 pdns=5247/0/active/running/ named=0/inactive/dead/ agent=4184/active/ jphase=absent killpid=
16:12:30.441459069 pdns=5247/0/active/running/ named=0/inactive/dead/ agent=4184/active/ jphase=absent killpid=
16:12:30.719710985 pdns=5247/0/active/running/ named=0/inactive/dead/ agent=4184/active/ jphase=absent killpid=
16:12:31.001327824 pdns=5247/0/active/running/ named=0/inactive/dead/ agent=4184/active/ jphase=absent killpid=
16:12:31.289756575 pdns=5247/0/active/running/ named=0/inactive/dead/ agent=4184/active/ jphase=absent killpid=
16:12:31.572034193 pdns=5247/0/active/running/ named=0/inactive/dead/ agent=4184/active/ jphase=absent killpid=
16:12:31.854491248 pdns=5247/0/active/running/ named=0/inactive/dead/ agent=4184/active/ jphase=absent killpid=
16:12:32.134604799 pdns=5247/0/active/running/ named=0/inactive/dead/ agent=4184/active/ jphase=absent killpid=
16:12:32.416207331 pdns=5247/0/active/running/ named=0/inactive/dead/ agent=4184/active/ jphase=absent killpid=
16:12:32.702217217 pdns=5247/0/active/running/ named=0/inactive/dead/ agent=4184/active/ jphase=absent killpid=
16:12:32.986898419 pdns=5247/0/active/running/ named=0/inactive/dead/ agent=4184/active/ jphase=absent killpid=
16:12:33.272897402 pdns=5247/0/active/running/ named=0/inactive/dead/ agent=4184/active/ jphase=absent killpid=
16:12:33.568726113 pdns=5247/0/active/running/ named=0/inactive/dead/ agent=4184/active/ jphase=absent killpid=
16:12:33.866186767 pdns=5247/0/active/running/ named=0/inactive/dead/ agent=4184/active/ jphase=absent killpid=
16:12:34.151426729 pdns=5247/0/active/running/ named=0/inactive/dead/ agent=4184/active/ jphase=absent killpid=
16:12:34.439113130 pdns=5247/0/active/running/ named=0/inactive/dead/ agent=4184/active/ jphase=absent killpid=
16:12:34.741024732 pdns=5247/0/active/running/ named=0/inactive/dead/ agent=4184/active/ jphase=absent killpid=
16:12:35.046891354 pdns=5247/0/active/running/ named=0/inactive/dead/ agent=4184/active/ jphase=absent killpid=
16:12:35.361267731 pdns=5247/0/active/running/ named=0/inactive/dead/ agent=4184/active/ jphase=absent killpid=
16:12:35.670980539 pdns=5247/0/active/running/ named=0/inactive/dead/ agent=4184/active/ jphase=absent killpid=
16:12:36.016637421 pdns=5247/0/active/running/ named=0/inactive/dead/ agent=4184/active/ jphase=absent killpid=
16:12:36.322157840 pdns=5247/0/active/running/ named=0/inactive/dead/ agent=4184/active/ jphase=absent killpid=
16:12:36.613065284 pdns=5247/0/active/running/ named=0/inactive/dead/ agent=4184/active/ jphase=absent killpid=
16:12:36.902227113 pdns=5247/0/active/running/ named=0/inactive/dead/ agent=4184/active/ jphase=absent killpid=
16:12:37.187661082 pdns=5247/0/active/running/ named=0/inactive/dead/ agent=4184/active/ jphase=absent killpid=
16:12:37.469581170 pdns=5247/0/active/running/ named=0/inactive/dead/ agent=4184/active/ jphase=absent killpid=
16:12:37.754898052 pdns=5247/0/active/running/ named=0/inactive/dead/ agent=4184/active/ jphase=absent killpid=
16:12:38.040431004 pdns=5247/0/active/running/ named=0/inactive/dead/ agent=4184/active/ jphase=absent killpid=
16:12:38.338049007 pdns=5247/0/active/running/ named=0/inactive/dead/ agent=4184/active/ jphase=absent killpid=
16:12:38.632774291 pdns=5247/0/active/running/ named=0/inactive/dead/ agent=4184/active/ jphase=absent killpid=
16:12:38.924951278 pdns=5247/0/active/running/ named=0/inactive/dead/ agent=4184/active/ jphase=absent killpid=
16:12:39.205215228 pdns=5247/0/active/running/ named=0/inactive/dead/ agent=4184/active/ jphase=absent killpid=
16:12:39.481717743 pdns=5247/0/active/running/ named=0/inactive/dead/ agent=4184/active/ jphase=absent killpid=
16:12:39.763066414 pdns=5247/0/active/running/ named=0/inactive/dead/ agent=4184/active/ jphase=absent killpid=
16:12:40.063257013 pdns=5247/0/active/running/ named=0/inactive/dead/ agent=4184/active/ jphase=absent killpid=
16:12:40.365803748 pdns=5247/0/active/running/ named=0/inactive/dead/ agent=4184/active/ jphase=absent killpid=
16:12:40.654316041 pdns=5247/0/active/running/ named=0/inactive/dead/ agent=4184/active/ jphase=absent killpid=
16:12:40.934438054 pdns=5247/0/active/running/ named=0/inactive/dead/ agent=4184/active/ jphase=absent killpid=
16:12:41.210380372 pdns=5247/0/active/running/ named=0/inactive/dead/ agent=4184/active/ jphase=absent killpid=
16:12:41.494021899 pdns=5247/0/active/running/ named=0/inactive/dead/ agent=4184/active/ jphase=absent killpid=
16:12:41.780280578 pdns=5247/0/active/running/ named=0/inactive/dead/ agent=4184/active/ jphase=absent killpid=
16:12:42.062044552 pdns=5247/0/active/running/ named=0/inactive/dead/ agent=4184/active/ jphase=absent killpid=
16:12:42.357295910 pdns=5247/0/active/running/ named=0/inactive/dead/ agent=4184/active/ jphase=absent killpid=
16:12:42.780561089 pdns=5247/0/active/running/ named=0/inactive/dead/ agent=4184/active/ jphase=absent killpid=
16:12:43.091832961 pdns=5247/0/active/running/ named=0/inactive/dead/ agent=4184/active/ jphase=absent killpid=
16:12:43.389684428 pdns=5247/0/active/running/ named=0/inactive/dead/ agent=4184/active/ jphase=absent killpid=
16:12:43.674922701 pdns=5247/0/active/running/ named=0/inactive/dead/ agent=4184/active/ jphase=absent killpid=
16:12:43.970696951 pdns=5247/0/active/running/ named=0/inactive/dead/ agent=4184/active/ jphase=absent killpid=
16:12:44.273983619 pdns=5247/0/active/running/ named=0/inactive/dead/ agent=4184/active/ jphase=absent killpid=
16:12:44.570634443 pdns=5247/0/active/running/ named=0/inactive/dead/ agent=4184/active/ jphase=absent killpid=
16:12:44.892749265 pdns=5247/0/active/running/ named=0/inactive/dead/ agent=4184/active/ jphase=absent killpid=
16:12:45.199429198 pdns=5247/0/active/running/ named=0/inactive/dead/ agent=4184/active/ jphase=absent killpid=
16:12:45.677193499 pdns=5247/0/active/running/ named=0/inactive/dead/ agent=4184/active/ jphase=absent killpid=
16:12:45.997120613 pdns=5247/0/active/running/ named=0/inactive/dead/ agent=4184/active/ jphase=absent killpid=
16:12:46.280332633 pdns=5247/0/active/running/ named=0/inactive/dead/ agent=4184/active/ jphase=absent killpid=
16:12:46.568829190 pdns=5247/0/active/running/ named=0/inactive/dead/ agent=4184/active/ jphase=absent killpid=
16:12:46.865545080 pdns=5247/0/active/running/ named=0/inactive/dead/ agent=4184/active/ jphase=absent killpid=
16:12:47.146142087 pdns=5247/0/active/running/ named=0/inactive/dead/ agent=4184/active/ jphase=absent killpid=
16:12:47.431071494 pdns=5247/0/active/running/ named=0/inactive/dead/ agent=4184/active/ jphase=absent killpid=
16:12:47.719269318 pdns=5247/0/active/running/ named=0/inactive/dead/ agent=4184/active/ jphase=absent killpid=
16:12:48.005892318 pdns=5247/0/active/running/ named=0/inactive/dead/ agent=4184/active/ jphase=absent killpid=
16:12:48.294666484 pdns=5247/0/active/running/ named=0/inactive/dead/ agent=4184/active/ jphase=absent killpid=
16:12:48.593758126 pdns=5247/0/active/running/ named=0/inactive/dead/ agent=4184/active/ jphase=absent killpid=
16:12:48.877168082 pdns=5247/0/active/running/ named=0/inactive/dead/ agent=4184/active/ jphase=absent killpid=
16:12:49.154425980 pdns=5247/0/active/running/ named=0/inactive/dead/ agent=4184/active/ jphase=absent killpid=
16:12:49.434541824 pdns=5247/0/active/running/ named=0/inactive/dead/ agent=4184/active/ jphase=absent killpid=
16:12:49.716194383 pdns=5247/0/active/running/ named=0/inactive/dead/ agent=4184/active/ jphase=absent killpid=
16:12:49.998387697 pdns=5247/0/active/running/ named=0/inactive/dead/ agent=4184/active/ jphase=absent killpid=
16:12:50.285673724 pdns=5247/0/active/running/ named=0/inactive/dead/ agent=4184/active/ jphase=absent killpid=
16:12:50.573723136 pdns=5247/0/active/running/ named=0/inactive/dead/ agent=4184/active/ jphase=absent killpid=
16:12:50.858115491 pdns=5247/0/active/running/ named=0/inactive/dead/ agent=4184/active/ jphase=absent killpid=
16:12:51.137521684 pdns=5247/0/active/running/ named=0/inactive/dead/ agent=4184/active/ jphase=absent killpid=
16:12:51.423001357 pdns=5247/0/active/running/ named=0/inactive/dead/ agent=4184/active/ jphase=absent killpid=
16:12:51.703474844 pdns=5247/0/active/running/ named=0/inactive/dead/ agent=4184/active/ jphase=absent killpid=
16:12:51.984136243 pdns=5247/0/active/running/ named=0/inactive/dead/ agent=4184/active/ jphase=absent killpid=
16:12:52.268644888 pdns=5247/0/active/running/ named=0/inactive/dead/ agent=4184/active/ jphase=absent killpid=
16:12:52.563987456 pdns=5247/0/active/running/ named=0/inactive/dead/ agent=4184/active/ jphase=absent killpid=
16:12:52.849859083 pdns=5247/0/active/running/ named=0/inactive/dead/ agent=4184/active/ jphase=absent killpid=
16:12:53.133003512 pdns=5247/0/active/running/ named=0/inactive/dead/ agent=4184/active/ jphase=absent killpid=
16:12:53.470558575 pdns=5247/0/active/running/ named=0/inactive/dead/ agent=4184/active/ jphase=absent killpid=
16:12:53.757489860 pdns=5247/0/active/running/ named=0/inactive/dead/ agent=4184/active/ jphase=absent killpid=
16:12:54.051961386 pdns=5247/0/active/running/ named=0/inactive/dead/ agent=4184/active/ jphase=absent killpid=
16:12:54.353663253 pdns=5247/0/active/running/ named=0/inactive/dead/ agent=4184/active/ jphase=absent killpid=
16:12:54.654713292 pdns=5247/0/active/running/ named=0/inactive/dead/ agent=4184/active/ jphase=absent killpid=
16:12:54.943084719 pdns=5247/0/active/running/ named=0/inactive/dead/ agent=4184/active/ jphase=absent killpid=
16:12:55.221738691 pdns=5247/0/active/running/ named=0/inactive/dead/ agent=4184/active/ jphase=absent killpid=
16:12:55.503884384 pdns=5247/0/active/running/ named=0/inactive/dead/ agent=4184/active/ jphase=absent killpid=
16:12:55.790013678 pdns=5247/0/active/running/ named=0/inactive/dead/ agent=4184/active/ jphase=absent killpid=
16:12:56.079237127 pdns=5247/0/active/running/ named=0/inactive/dead/ agent=4184/active/ jphase=absent killpid=
16:12:56.389737647 pdns=5247/0/active/running/ named=0/inactive/dead/ agent=4184/active/ jphase=absent killpid=
16:12:56.679372427 pdns=5247/0/active/running/ named=0/inactive/dead/ agent=4184/active/ jphase=absent killpid=
16:12:56.961902436 pdns=5247/0/active/running/ named=0/inactive/dead/ agent=4184/active/ jphase=absent killpid=
16:12:57.257117000 pdns=5247/0/active/running/ named=0/inactive/dead/ agent=4184/active/ jphase=absent killpid=
16:12:57.543202662 pdns=5247/0/active/running/ named=0/inactive/dead/ agent=4184/active/ jphase=absent killpid=
16:12:57.821591090 pdns=5247/0/active/running/ named=0/inactive/dead/ agent=4184/active/ jphase=absent killpid=
16:12:58.105815679 pdns=5247/0/active/running/ named=0/inactive/dead/ agent=4184/active/ jphase=absent killpid=
16:12:58.408178296 pdns=5247/0/active/running/ named=0/inactive/dead/ agent=4184/active/ jphase=absent killpid=
16:12:58.690863328 pdns=5247/0/active/running/ named=0/inactive/dead/ agent=4184/active/ jphase=absent killpid=
16:12:58.980273909 pdns=5247/0/active/running/ named=0/inactive/dead/ agent=4184/active/ jphase=absent killpid=
16:12:59.269889372 pdns=5247/0/active/running/ named=0/inactive/dead/ agent=4184/active/ jphase=absent killpid=
16:12:59.552899170 pdns=5247/0/active/running/ named=0/inactive/dead/ agent=4184/active/ jphase=absent killpid=
16:12:59.833535730 pdns=5247/0/active/running/ named=0/inactive/dead/ agent=4184/active/ jphase=absent killpid=
16:13:00.135441127 pdns=5247/0/active/running/ named=0/inactive/dead/ agent=4184/active/ jphase=absent killpid=
16:13:00.491291394 pdns=5247/0/active/running/ named=0/inactive/dead/ agent=0/inactive/ jphase=absent killpid=
16:13:00.812269444 pdns=5247/0/active/running/ named=0/inactive/dead/ agent=0/inactive/ jphase=absent killpid=
16:13:01.113895141 pdns=5247/0/active/running/ named=0/inactive/dead/ agent=0/inactive/ jphase=absent killpid=
16:13:01.405015992 pdns=5247/0/active/running/ named=0/inactive/dead/ agent=0/inactive/ jphase=absent killpid=
16:13:01.713567743 pdns=5247/0/active/running/ named=0/inactive/dead/ agent=0/inactive/ jphase=absent killpid=
16:13:02.020982009 pdns=5247/0/active/running/ named=0/inactive/dead/ agent=0/inactive/ jphase=absent killpid=
16:13:02.310864145 pdns=5247/0/active/running/ named=0/inactive/dead/ agent=0/inactive/ jphase=absent killpid=
16:13:02.597380489 pdns=5247/0/active/running/ named=0/inactive/dead/ agent=0/inactive/ jphase=absent killpid=
16:13:02.906638061 pdns=5247/0/active/running/ named=0/inactive/dead/ agent=0/inactive/ jphase=absent killpid=
16:13:03.250813853 pdns=5247/0/active/running/ named=0/inactive/dead/ agent=0/inactive/ jphase=absent killpid=
16:13:03.555137262 pdns=5247/0/active/running/ named=0/inactive/dead/ agent=0/inactive/ jphase=absent killpid=
