19:48:24.071746024 CHANGE journal none -> absent
19:48:24.083049024 CHANGE ledger none -> 177f61d12ed0bb85e6ea535b807b376e26bbe0871405a13867c0b3cb6ea4b211
19:48:24.086032431 CHANGE state none -> absent
19:48:24.094692789 CHANGE pdnsdb none -> absent
19:48:24.098625955 POINTER 
19:48:24.100250130 pdns=0/0/inactive/dead/ named=0/inactive/dead/ agent=0/inactive/ jphase=absent killpid=
19:48:24.395465509 pdns=0/0/inactive/dead/ named=0/inactive/dead/ agent=0/inactive/ jphase=absent killpid=
19:48:24.675222765 pdns=0/0/inactive/dead/ named=0/inactive/dead/ agent=0/inactive/ jphase=absent killpid=
19:48:24.943146176 pdns=0/0/inactive/dead/ named=0/inactive/dead/ agent=0/inactive/ jphase=absent killpid=
19:48:25.208936465 pdns=0/0/inactive/dead/ named=0/inactive/dead/ agent=0/inactive/ jphase=absent killpid=
19:48:25.515643838 pdns=0/0/inactive/dead/ named=0/inactive/dead/ agent=0/inactive/ jphase=absent killpid=
19:48:25.808046363 CHANGE ledger 177f61d12ed0bb85e6ea535b807b376e26bbe0871405a13867c0b3cb6ea4b211 -> f0e19fa1270b3a499427bf4ffb3dca4b6c56943cc4958bfe75cb27f040908d9f
19:48:25.812829593 pdns=0/0/inactive/dead/ named=0/inactive/dead/ agent=0/inactive/ jphase=absent killpid=1785,
19:48:26.099651351 CHANGE ledger f0e19fa1270b3a499427bf4ffb3dca4b6c56943cc4958bfe75cb27f040908d9f -> d014e5146ebedd1600835a140cf3c5daa5d5e1671d57005993efc6438f5789e6
19:48:26.103163119 pdns=0/0/inactive/dead/ named=0/inactive/dead/ agent=0/inactive/ jphase=absent killpid=1785,1890,
19:48:26.380669693 CHANGE ledger d014e5146ebedd1600835a140cf3c5daa5d5e1671d57005993efc6438f5789e6 -> e2d3bff39c8e1b8b0d854ee26ad2021443c52b7dc31dd1a4143456d1f4e9e797
19:48:26.384130936 pdns=0/0/inactive/dead/ named=0/inactive/dead/ agent=0/inactive/ jphase=absent killpid=1785,1975,
19:48:26.874584738 CHANGE ledger e2d3bff39c8e1b8b0d854ee26ad2021443c52b7dc31dd1a4143456d1f4e9e797 -> a1bc65b2ed54f0efb1dad6c1ba6c838b1132767cb4c7515049cba61a3cbf2c31
19:48:26.878686481 pdns=0/0/inactive/dead/ named=0/inactive/dead/ agent=0/inactive/ jphase=absent killpid=1785,1993,
19:48:27.151733317 pdns=0/0/inactive/dead/ named=0/inactive/dead/ agent=0/inactive/ jphase=absent killpid=1785,1993,
19:48:27.420935889 pdns=0/0/inactive/dead/ named=0/inactive/dead/ agent=0/inactive/ jphase=absent killpid=1785,1993,
19:48:27.710676259 pdns=0/0/inactive/dead/ named=0/inactive/dead/ agent=0/inactive/ jphase=absent killpid=1785,1993,
19:48:28.010214903 pdns=0/0/inactive/dead/ named=0/inactive/dead/ agent=0/inactive/ jphase=absent killpid=1785,1993,
19:48:28.293122155 pdns=0/0/inactive/dead/ named=0/inactive/dead/ agent=0/inactive/ jphase=absent killpid=1785,1993,
19:48:28.582549382 pdns=0/0/inactive/dead/ named=0/inactive/dead/ agent=0/inactive/ jphase=absent killpid=1785,1993,
19:48:28.871817980 pdns=0/0/inactive/dead/ named=0/inactive/dead/ agent=0/inactive/ jphase=absent killpid=1785,1993,
19:48:29.166109456 pdns=0/0/inactive/dead/ named=0/inactive/dead/ agent=0/inactive/ jphase=absent killpid=1785,1993,
19:48:29.446990027 pdns=0/0/inactive/dead/ named=0/inactive/dead/ agent=0/inactive/ jphase=absent killpid=1785,1993,
19:48:29.727350812 pdns=0/0/inactive/dead/ named=0/inactive/dead/ agent=0/inactive/ jphase=absent killpid=1785,1993,
19:48:29.994088798 pdns=0/0/inactive/dead/ named=0/inactive/dead/ agent=0/inactive/ jphase=absent killpid=1785,1993,
19:48:30.261489579 pdns=0/0/inactive/dead/ named=0/inactive/dead/ agent=0/inactive/ jphase=absent killpid=1785,1993,
19:48:30.529991098 pdns=0/0/inactive/dead/ named=0/inactive/dead/ agent=0/inactive/ jphase=absent killpid=1785,1993,
19:48:30.799166577 CHANGE ledger a1bc65b2ed54f0efb1dad6c1ba6c838b1132767cb4c7515049cba61a3cbf2c31 -> 8e2525cd74d38f9ddff6033909252637bd9407f5aba8b17b1fa40f6634432d41
19:48:30.802240239 pdns=0/0/inactive/dead/ named=0/inactive/dead/ agent=0/inactive/ jphase=absent killpid=1785,1993,
19:48:31.070795210 pdns=0/0/inactive/dead/ named=0/inactive/dead/ agent=0/inactive/ jphase=absent killpid=1785,1993,
19:48:31.351349959 pdns=0/0/inactive/dead/ named=0/inactive/dead/ agent=0/inactive/ jphase=absent killpid=1785,1993,
19:48:31.624033423 pdns=0/0/inactive/dead/ named=0/inactive/dead/ agent=0/inactive/ jphase=absent killpid=1785,1993,
19:48:31.890145942 pdns=0/0/inactive/dead/ named=0/inactive/dead/ agent=0/inactive/ jphase=absent killpid=1785,1993,
19:48:32.158558767 pdns=0/0/inactive/dead/ named=0/inactive/dead/ agent=0/inactive/ jphase=absent killpid=1785,1993,
19:48:32.582552107 pdns=0/0/inactive/dead/ named=0/inactive/dead/ agent=0/inactive/ jphase=absent killpid=1785,1993,
19:48:34.239234087 pdns=0/0/inactive/dead/ named=0/inactive/dead/ agent=0/inactive/ jphase=absent killpid=1785,1993,
19:48:34.520472471 pdns=0/0/inactive/dead/ named=0/inactive/dead/ agent=0/inactive/ jphase=absent killpid=1785,1993,
19:48:34.787436269 pdns=0/0/inactive/dead/ named=0/inactive/dead/ agent=0/inactive/ jphase=absent killpid=1785,1993,
19:48:35.056018577 pdns=0/0/inactive/dead/ named=0/inactive/dead/ agent=0/inactive/ jphase=absent killpid=1785,1993,
19:48:35.322880065 pdns=0/0/inactive/dead/ named=0/inactive/dead/ agent=0/inactive/ jphase=absent killpid=1785,1993,
19:48:35.599405764 pdns=0/0/inactive/dead/ named=0/inactive/dead/ agent=0/inactive/ jphase=absent killpid=1785,1993,
19:48:35.866527704 CHANGE ledger 8e2525cd74d38f9ddff6033909252637bd9407f5aba8b17b1fa40f6634432d41 -> 8f044c8b18a544a40280d9de9d2ed549a6f5070c0c67c96c4d8a4445f50f34e2
19:48:35.870055471 pdns=0/0/inactive/dead/ named=0/inactive/dead/ agent=0/inactive/ jphase=absent killpid=1785,1993,
19:48:36.135806952 pdns=0/0/inactive/dead/ named=0/inactive/dead/ agent=0/inactive/ jphase=absent killpid=1785,1993,
19:48:36.402820779 pdns=0/0/inactive/dead/ named=0/inactive/dead/ agent=0/inactive/ jphase=absent killpid=1785,1993,
19:48:36.671325365 pdns=0/0/inactive/dead/ named=0/inactive/dead/ agent=0/inactive/ jphase=absent killpid=1785,1993,
19:48:36.938581023 pdns=0/0/inactive/dead/ named=0/inactive/dead/ agent=0/inactive/ jphase=absent killpid=1785,1993,
19:48:37.203876181 pdns=0/0/inactive/dead/ named=0/inactive/dead/ agent=0/inactive/ jphase=absent killpid=1785,1993,
19:48:37.468429397 pdns=0/0/inactive/dead/ named=0/inactive/dead/ agent=0/inactive/ jphase=absent killpid=1785,1993,
19:48:37.737460023 pdns=0/0/inactive/dead/ named=0/inactive/dead/ agent=0/inactive/ jphase=absent killpid=1785,1993,
19:48:38.004492757 pdns=0/0/inactive/dead/ named=0/inactive/dead/ agent=0/inactive/ jphase=absent killpid=1785,1993,
19:48:38.269494105 pdns=0/0/inactive/dead/ named=0/inactive/dead/ agent=0/inactive/ jphase=absent killpid=1785,1993,
19:48:38.539391715 pdns=0/0/inactive/dead/ named=0/inactive/dead/ agent=0/inactive/ jphase=absent killpid=1785,1993,
19:48:38.803947534 pdns=0/0/inactive/dead/ named=0/inactive/dead/ agent=0/inactive/ jphase=absent killpid=1785,1993,
19:48:39.070372278 pdns=0/0/inactive/dead/ named=0/inactive/dead/ agent=0/inactive/ jphase=absent killpid=1785,1993,
19:48:39.340794509 pdns=0/0/inactive/dead/ named=0/inactive/dead/ agent=0/inactive/ jphase=absent killpid=1785,1993,
19:48:39.608923959 pdns=0/0/inactive/dead/ named=0/inactive/dead/ agent=0/inactive/ jphase=absent killpid=1785,1993,
19:48:39.878240500 pdns=0/0/inactive/dead/ named=0/inactive/dead/ agent=0/inactive/ jphase=absent killpid=1785,1993,
19:48:40.144639175 pdns=0/0/inactive/dead/ named=0/inactive/dead/ agent=0/inactive/ jphase=absent killpid=1785,1993,
19:48:40.410111893 pdns=0/0/inactive/dead/ named=0/inactive/dead/ agent=0/inactive/ jphase=absent killpid=1785,1993,
19:48:40.674701342 pdns=0/0/inactive/dead/ named=0/inactive/dead/ agent=0/inactive/ jphase=absent killpid=1785,1993,
19:48:40.944872018 CHANGE ledger 8f044c8b18a544a40280d9de9d2ed549a6f5070c0c67c96c4d8a4445f50f34e2 -> 1d987d30dd0e5239dc717de9c6641cb9eb5b57c70a0eaef315d542735526af17
19:48:40.948651967 pdns=0/0/inactive/dead/ named=0/inactive/dead/ agent=0/inactive/ jphase=absent killpid=1785,1993,
19:48:41.219212431 pdns=0/0/inactive/dead/ named=0/inactive/dead/ agent=0/inactive/ jphase=absent killpid=1785,1993,
19:48:41.486810928 pdns=0/0/inactive/dead/ named=0/inactive/dead/ agent=0/inactive/ jphase=absent killpid=1785,1993,
19:48:41.754089803 pdns=0/0/inactive/dead/ named=0/inactive/dead/ agent=0/inactive/ jphase=absent killpid=1785,1993,
19:48:42.020801714 pdns=0/0/inactive/dead/ named=0/inactive/dead/ agent=0/inactive/ jphase=absent killpid=1785,1993,
19:48:42.290343930 pdns=0/0/inactive/dead/ named=0/inactive/dead/ agent=0/inactive/ jphase=absent killpid=1785,1993,
19:48:42.560138297 pdns=0/0/inactive/dead/ named=0/inactive/dead/ agent=0/inactive/ jphase=absent killpid=1785,1993,
19:48:42.833782317 pdns=0/0/inactive/dead/ named=0/inactive/dead/ agent=0/inactive/ jphase=absent killpid=1785,1993,
19:48:43.105005683 pdns=0/0/inactive/dead/ named=0/inactive/dead/ agent=0/inactive/ jphase=absent killpid=1785,1993,
19:48:43.378623177 pdns=0/0/inactive/dead/ named=0/inactive/dead/ agent=0/inactive/ jphase=absent killpid=1785,1993,
19:48:43.653416311 pdns=0/0/inactive/dead/ named=0/inactive/dead/ agent=0/inactive/ jphase=absent killpid=1785,1993,
19:48:43.924457935 pdns=0/0/inactive/dead/ named=0/inactive/dead/ agent=0/inactive/ jphase=absent killpid=1785,1993,
19:48:44.197365318 pdns=0/0/inactive/dead/ named=0/inactive/dead/ agent=0/inactive/ jphase=absent killpid=1785,1993,
19:48:44.491701493 pdns=0/0/inactive/dead/ named=0/inactive/dead/ agent=0/inactive/ jphase=absent killpid=1785,1993,
19:48:44.760918844 pdns=0/0/inactive/dead/ named=0/inactive/dead/ agent=0/inactive/ jphase=absent killpid=1785,1993,
19:48:45.032216905 pdns=0/0/inactive/dead/ named=0/inactive/dead/ agent=0/inactive/ jphase=absent killpid=1785,1993,
19:48:45.299165567 pdns=0/0/inactive/dead/ named=0/inactive/dead/ agent=0/inactive/ jphase=absent killpid=1785,1993,
19:48:45.569061011 pdns=0/0/inactive/dead/ named=0/inactive/dead/ agent=0/inactive/ jphase=absent killpid=1785,1993,
19:48:45.837807046 CHANGE ledger 1d987d30dd0e5239dc717de9c6641cb9eb5b57c70a0eaef315d542735526af17 -> 56d6200e2ccd75f7c7f096734309acd379973bd640ab5c01e04ef8e86cd0f2e2
19:48:45.840974322 pdns=0/0/inactive/dead/ named=0/inactive/dead/ agent=0/inactive/ jphase=absent killpid=1785,1993,
19:48:46.106586333 pdns=0/0/inactive/dead/ named=0/inactive/dead/ agent=0/inactive/ jphase=absent killpid=1785,1993,
19:48:46.373425985 pdns=0/0/inactive/dead/ named=0/inactive/dead/ agent=0/inactive/ jphase=absent killpid=1785,1993,
19:48:46.638539074 pdns=0/0/inactive/dead/ named=0/inactive/dead/ agent=0/inactive/ jphase=absent killpid=1785,1993,
19:48:46.905376777 pdns=0/0/inactive/dead/ named=0/inactive/dead/ agent=0/inactive/ jphase=absent killpid=1785,1993,
19:48:47.171248571 pdns=0/0/inactive/dead/ named=0/inactive/dead/ agent=0/inactive/ jphase=absent killpid=1785,1993,
19:48:47.442370138 pdns=0/0/inactive/dead/ named=0/inactive/dead/ agent=0/inactive/ jphase=absent killpid=1785,1993,
19:48:47.709408730 pdns=0/0/inactive/dead/ named=0/inactive/dead/ agent=0/inactive/ jphase=absent killpid=1785,1993,
19:48:47.976041502 pdns=0/0/inactive/dead/ named=0/inactive/dead/ agent=0/inactive/ jphase=absent killpid=1785,1993,
19:48:48.250906575 pdns=0/0/inactive/dead/ named=0/inactive/dead/ agent=0/inactive/ jphase=absent killpid=1785,1993,
19:48:48.517151897 pdns=0/0/inactive/dead/ named=0/inactive/dead/ agent=0/inactive/ jphase=absent killpid=1785,1993,
19:48:48.786048626 pdns=0/0/inactive/dead/ named=0/inactive/dead/ agent=0/inactive/ jphase=absent killpid=1785,1993,
19:48:49.055597924 pdns=0/0/inactive/dead/ named=0/inactive/dead/ agent=0/inactive/ jphase=absent killpid=1785,1993,
19:48:49.321543846 pdns=0/0/inactive/dead/ named=0/inactive/dead/ agent=0/inactive/ jphase=absent killpid=1785,1993,
19:48:49.593961005 pdns=0/0/inactive/dead/ named=0/inactive/dead/ agent=0/inactive/ jphase=absent killpid=1785,1993,
19:48:49.861640255 pdns=0/0/inactive/dead/ named=0/inactive/dead/ agent=0/inactive/ jphase=absent killpid=1785,1993,
19:48:50.128692380 pdns=0/0/inactive/dead/ named=0/inactive/dead/ agent=0/inactive/ jphase=absent killpid=1785,1993,
19:48:50.394629912 pdns=0/0/inactive/dead/ named=0/inactive/dead/ agent=0/inactive/ jphase=absent killpid=1785,1993,
19:48:50.664828853 pdns=0/0/inactive/dead/ named=0/inactive/dead/ agent=0/inactive/ jphase=absent killpid=1785,1993,
19:48:50.933015801 CHANGE ledger 56d6200e2ccd75f7c7f096734309acd379973bd640ab5c01e04ef8e86cd0f2e2 -> 00788ba45cfe005019951d685f9d7f045a6bbf27f45789dd916975fbbb946550
19:48:50.936784442 pdns=0/0/inactive/dead/ named=0/inactive/dead/ agent=0/inactive/ jphase=absent killpid=1785,1993,
19:48:51.202416628 pdns=0/0/inactive/dead/ named=0/inactive/dead/ agent=0/inactive/ jphase=absent killpid=1785,1993,
19:48:51.468533720 pdns=0/0/inactive/dead/ named=0/inactive/dead/ agent=0/inactive/ jphase=absent killpid=1785,1993,
19:48:51.734300246 pdns=0/0/inactive/dead/ named=0/inactive/dead/ agent=0/inactive/ jphase=absent killpid=1785,1993,
19:48:52.003146513 pdns=0/0/inactive/dead/ named=0/inactive/dead/ agent=0/inactive/ jphase=absent killpid=1785,1993,
19:48:52.270702082 pdns=0/0/inactive/dead/ named=0/inactive/dead/ agent=0/inactive/ jphase=absent killpid=1785,1993,
19:48:52.538078795 pdns=0/0/inactive/dead/ named=0/inactive/dead/ agent=0/inactive/ jphase=absent killpid=1785,1993,
19:48:52.805170551 pdns=0/0/inactive/dead/ named=0/inactive/dead/ agent=0/inactive/ jphase=absent killpid=1785,1993,
19:48:53.073238691 pdns=0/0/inactive/dead/ named=0/inactive/dead/ agent=0/inactive/ jphase=absent killpid=1785,1993,
19:48:53.342454825 pdns=0/0/inactive/dead/ named=0/inactive/dead/ agent=0/inactive/ jphase=absent killpid=1785,1993,
19:48:53.610917923 pdns=0/0/inactive/dead/ named=0/inactive/dead/ agent=0/inactive/ jphase=absent killpid=1785,1993,
19:48:53.880443422 pdns=0/0/inactive/dead/ named=0/inactive/dead/ agent=0/inactive/ jphase=absent killpid=1785,1993,
19:48:54.147063603 pdns=0/0/inactive/dead/ named=0/inactive/dead/ agent=0/inactive/ jphase=absent killpid=1785,1993,
19:48:54.418462267 pdns=0/0/inactive/dead/ named=0/inactive/dead/ agent=0/inactive/ jphase=absent killpid=1785,1993,
19:48:54.687813643 pdns=0/0/inactive/dead/ named=0/inactive/dead/ agent=0/inactive/ jphase=absent killpid=1785,1993,
19:48:54.954929335 pdns=0/0/inactive/dead/ named=0/inactive/dead/ agent=0/inactive/ jphase=absent killpid=1785,1993,
19:48:55.239192785 pdns=0/0/inactive/dead/ named=0/inactive/dead/ agent=0/inactive/ jphase=absent killpid=1785,1993,
19:48:55.510611562 pdns=0/0/inactive/dead/ named=0/inactive/dead/ agent=0/inactive/ jphase=absent killpid=1785,1993,
19:48:55.782308981 pdns=0/0/inactive/dead/ named=0/inactive/dead/ agent=0/inactive/ jphase=absent killpid=1785,1993,
19:48:56.053006973 CHANGE ledger 00788ba45cfe005019951d685f9d7f045a6bbf27f45789dd916975fbbb946550 -> 2cee2f144fbb89248631763d1496bee5b795400f7a20d014980f084e90eaae0b
19:48:56.056246378 pdns=0/0/inactive/dead/ named=0/inactive/dead/ agent=0/inactive/ jphase=absent killpid=1785,1993,
19:48:56.324878909 pdns=0/0/inactive/dead/ named=0/inactive/dead/ agent=0/inactive/ jphase=absent killpid=1785,1993,
19:48:56.596796225 pdns=0/0/inactive/dead/ named=0/inactive/dead/ agent=0/inactive/ jphase=absent killpid=1785,1993,
19:48:56.864381937 pdns=0/0/inactive/dead/ named=0/inactive/dead/ agent=0/inactive/ jphase=absent killpid=1785,1993,
19:48:57.145813109 pdns=0/0/inactive/dead/ named=0/inactive/dead/ agent=0/inactive/ jphase=absent killpid=1785,1993,
19:48:57.410194482 pdns=0/0/inactive/dead/ named=0/inactive/dead/ agent=0/inactive/ jphase=absent killpid=1785,1993,
19:48:57.674259253 pdns=0/0/inactive/dead/ named=0/inactive/dead/ agent=0/inactive/ jphase=absent killpid=1785,1993,
19:48:57.947797290 pdns=0/0/inactive/dead/ named=0/inactive/dead/ agent=0/inactive/ jphase=absent killpid=1785,1993,
19:48:58.217661388 pdns=0/0/inactive/dead/ named=0/inactive/dead/ agent=0/inactive/ jphase=absent killpid=1785,1993,
19:48:58.485570660 pdns=0/0/inactive/dead/ named=0/inactive/dead/ agent=0/inactive/ jphase=absent killpid=1785,1993,
19:48:58.753151073 pdns=0/0/inactive/dead/ named=0/inactive/dead/ agent=0/inactive/ jphase=absent killpid=1785,1993,
19:48:59.024920097 pdns=0/0/inactive/dead/ named=0/inactive/dead/ agent=0/inactive/ jphase=absent killpid=1785,1993,
19:48:59.291826602 pdns=0/0/inactive/dead/ named=0/inactive/dead/ agent=0/inactive/ jphase=absent killpid=1785,1993,
19:48:59.558829531 pdns=0/0/inactive/dead/ named=0/inactive/dead/ agent=0/inactive/ jphase=absent killpid=1785,1993,
19:48:59.830635308 pdns=0/0/inactive/dead/ named=0/inactive/dead/ agent=0/inactive/ jphase=absent killpid=1785,1993,
19:49:00.115460284 pdns=0/0/inactive/dead/ named=0/inactive/dead/ agent=0/inactive/ jphase=absent killpid=1785,1993,
19:49:00.430794414 pdns=0/0/inactive/dead/ named=0/inactive/dead/ agent=0/inactive/ jphase=absent killpid=1785,1993,
19:49:00.707762988 CHANGE ledger 2cee2f144fbb89248631763d1496bee5b795400f7a20d014980f084e90eaae0b -> a183fa71127f4d2c555bbc0f4fa6a0b3176ce419fa4155aa2d064b63b926cf7d
19:49:00.711183951 pdns=0/0/inactive/dead/ named=0/inactive/dead/ agent=0/inactive/ jphase=absent killpid=1785,4910,
19:49:00.992288654 CHANGE ledger a183fa71127f4d2c555bbc0f4fa6a0b3176ce419fa4155aa2d064b63b926cf7d -> 84995c8c240ac2a62bc8cb7f88280b417e5e33fadcfb9fbe78c668ac233b5d00
19:49:00.995607046 pdns=0/0/inactive/dead/ named=0/inactive/dead/ agent=0/inactive/ jphase=absent killpid=1785,4910,
19:49:01.272503065 pdns=0/0/inactive/dead/ named=0/inactive/dead/ agent=0/inactive/ jphase=absent killpid=1785,4910,
19:49:01.552557288 pdns=0/0/inactive/dead/ named=0/inactive/dead/ agent=0/inactive/ jphase=absent killpid=1785,4910,
19:49:01.837256176 pdns=0/0/inactive/dead/ named=0/inactive/dead/ agent=0/inactive/ jphase=absent killpid=1785,4910,
19:49:02.116667996 pdns=0/0/inactive/dead/ named=0/inactive/dead/ agent=0/inactive/ jphase=absent killpid=1785,4910,
19:49:02.407151020 pdns=0/0/inactive/dead/ named=0/inactive/dead/ agent=0/inactive/ jphase=absent killpid=1785,4910,
19:49:02.684577474 pdns=0/0/inactive/dead/ named=0/inactive/dead/ agent=0/inactive/ jphase=absent killpid=1785,4910,
19:49:02.957640156 pdns=0/0/inactive/dead/ named=0/inactive/dead/ agent=0/inactive/ jphase=absent killpid=1785,4910,
19:49:03.228292166 pdns=0/0/inactive/dead/ named=0/inactive/dead/ agent=0/inactive/ jphase=absent killpid=1785,4910,
19:49:03.511435368 pdns=0/0/inactive/dead/ named=0/inactive/dead/ agent=0/inactive/ jphase=absent killpid=1785,4910,
19:49:03.785341472 pdns=0/0/inactive/dead/ named=0/inactive/dead/ agent=0/inactive/ jphase=absent killpid=1785,4910,
19:49:04.058570699 pdns=0/0/inactive/dead/ named=0/inactive/dead/ agent=0/inactive/ jphase=absent killpid=1785,4910,
19:49:04.356576860 pdns=0/0/inactive/dead/ named=0/inactive/dead/ agent=0/inactive/ jphase=absent killpid=1785,4910,
19:49:04.635121238 pdns=0/0/inactive/dead/ named=0/inactive/dead/ agent=0/inactive/ jphase=absent killpid=1785,4910,
19:49:04.910671435 pdns=0/0/inactive/dead/ named=0/inactive/dead/ agent=0/inactive/ jphase=absent killpid=1785,4910,
19:49:05.181857000 pdns=0/0/inactive/dead/ named=0/inactive/dead/ agent=0/inactive/ jphase=absent killpid=1785,4910,
19:49:05.457299149 pdns=0/0/inactive/dead/ named=0/inactive/dead/ agent=0/inactive/ jphase=absent killpid=1785,4910,
19:49:05.740289503 CHANGE ledger 84995c8c240ac2a62bc8cb7f88280b417e5e33fadcfb9fbe78c668ac233b5d00 -> 75808082670c05c101498305b947494e170540331fc9a7f57aafb6d361b59fb3
19:49:05.743938291 pdns=0/0/inactive/dead/ named=0/inactive/dead/ agent=0/inactive/ jphase=absent killpid=1785,5537,
19:49:06.119839304 CHANGE ledger 75808082670c05c101498305b947494e170540331fc9a7f57aafb6d361b59fb3 -> 988637642c8118a977b5759d8defe800c3dad61f1dd13d838f6f97b65a808204
19:49:06.123558366 pdns=0/0/inactive/dead/ named=0/inactive/dead/ agent=0/inactive/ jphase=absent killpid=1785,5618,
19:49:06.412721329 CHANGE ledger 988637642c8118a977b5759d8defe800c3dad61f1dd13d838f6f97b65a808204 -> 5b38a3d0344931889ce0c89151107695a205162db058b38395005a81f5b41761
19:49:06.416204263 pdns=0/0/inactive/dead/ named=0/inactive/dead/ agent=0/inactive/ jphase=absent killpid=1785,5690,
19:49:06.703985475 CHANGE journal absent -> d9c5228200708fadf211abf9b445c7864cac4684bd50ee4a544bbd5e58d4def3
19:49:06.712970642 CHANGE ledger 5b38a3d0344931889ce0c89151107695a205162db058b38395005a81f5b41761 -> 9bd1c86b2422ea34ee5348e6e06a03c4bca6d95c93f565268bf98dcd604111cf
19:49:06.716736826 pdns=0/0/inactive/dead/ named=0/inactive/dead/ agent=5749/active/ jphase=intent killpid=
19:49:07.097509260 CHANGE journal d9c5228200708fadf211abf9b445c7864cac4684bd50ee4a544bbd5e58d4def3 -> 0b07affdcd7a6b3c30c918ad9cfc7dd64e5db8d609c093d15a323cfbf44cc16f
19:49:07.105788919 pdns=0/0/inactive/dead/ named=0/inactive/dead/ agent=5749/active/ jphase=rolling-back killpid=
19:49:07.611839187 CHANGE journal 0b07affdcd7a6b3c30c918ad9cfc7dd64e5db8d609c093d15a323cfbf44cc16f -> absent
19:49:07.619654596 CHANGE ledger 9bd1c86b2422ea34ee5348e6e06a03c4bca6d95c93f565268bf98dcd604111cf -> f1bd316af48aa615a82483d421f5d22259b6094c729c2085ee2629b7bb7c2aee
19:49:07.622838629 pdns=0/0/inactive/dead/ named=0/inactive/dead/ agent=5749/active/ jphase=absent killpid=
19:49:07.902619452 CHANGE ledger f1bd316af48aa615a82483d421f5d22259b6094c729c2085ee2629b7bb7c2aee -> 8279841aa6c2f090682b3b7aaace6b5ac16ffd318fb39287a8791d245aec6cc2
19:49:07.906342025 pdns=0/0/inactive/dead/ named=0/inactive/dead/ agent=5749/active/ jphase=absent killpid=
19:49:08.189371355 CHANGE ledger 8279841aa6c2f090682b3b7aaace6b5ac16ffd318fb39287a8791d245aec6cc2 -> f0e409b0ecd762fd6fe2bf4905951a3341c66ed339b381800c3b14a5eb84671e
19:49:08.192727692 pdns=0/0/inactive/dead/ named=0/inactive/dead/ agent=5749/active/ jphase=absent killpid=
19:49:08.472936436 CHANGE ledger f0e409b0ecd762fd6fe2bf4905951a3341c66ed339b381800c3b14a5eb84671e -> 9a648d3b03fe36f6e6f970c99402a53b647fb272329d2ac12dea4a868d385334
19:49:08.476261627 pdns=0/0/inactive/dead/ named=0/inactive/dead/ agent=5749/active/ jphase=intent killpid=
19:49:08.748771446 CHANGE journal absent -> d9c5228200708fadf211abf9b445c7864cac4684bd50ee4a544bbd5e58d4def3
19:49:08.756543982 CHANGE ledger 9a648d3b03fe36f6e6f970c99402a53b647fb272329d2ac12dea4a868d385334 -> b363d6a19b95984edec8e4c66c225e80d43e99b8cbca62dc5e1215aba9d48894
19:49:08.760521897 pdns=0/0/inactive/dead/ named=0/inactive/dead/ agent=5749/active/ jphase=intent killpid=
19:49:09.028029632 pdns=0/0/inactive/dead/ named=0/inactive/dead/ agent=5749/active/ jphase=intent killpid=
19:49:09.293564984 pdns=0/0/inactive/dead/ named=0/inactive/dead/ agent=5749/active/ jphase=intent killpid=
19:49:09.564670348 CHANGE journal d9c5228200708fadf211abf9b445c7864cac4684bd50ee4a544bbd5e58d4def3 -> 956310a3762e7be3a1fa863163bcdca19e06ae5606c8874765830f2cd622850d
19:49:09.573443673 CHANGE ledger b363d6a19b95984edec8e4c66c225e80d43e99b8cbca62dc5e1215aba9d48894 -> 01a466bcbaf744be2a41f81f194477ca2e76bbd480d4bdd55339c957de0f4353
19:49:09.576857998 pdns=0/0/inactive/dead/ named=0/inactive/dead/ agent=5749/active/ jphase=source-stopped killpid=
19:49:09.858632251 CHANGE journal 956310a3762e7be3a1fa863163bcdca19e06ae5606c8874765830f2cd622850d -> 3dfbaf4819526f17ce00f10e0e4d62be1b25820f78bb976e7030c7b47a9c9ed8
19:49:09.867160220 CHANGE ledger 01a466bcbaf744be2a41f81f194477ca2e76bbd480d4bdd55339c957de0f4353 -> 08f96e25d6f55bdf052818c8f9fc1e88a4e2f4f1743aa970506c0de60cee30f5
19:49:09.882540448 CHANGE pdnsdb absent -> f5110b5b38d669473dd30bb105e82fe129c9e2593b21da4f1b4118c70b370a63
19:49:09.889846447 pdns=0/0/inactive/dead/ named=0/inactive/dead/ agent=5749/active/ jphase=source-stopped killpid=
19:49:10.184969462 CHANGE ledger 08f96e25d6f55bdf052818c8f9fc1e88a4e2f4f1743aa970506c0de60cee30f5 -> 7ddbe1a561d8e7add8efe1a84c2a660045b866cc3841a12c91e1eb88dc6eea9d
19:49:10.196621960 pdns=0/0/inactive/dead/ named=0/inactive/dead/ agent=5749/active/ jphase=source-stopped killpid=
19:49:10.529993132 CHANGE ledger 7ddbe1a561d8e7add8efe1a84c2a660045b866cc3841a12c91e1eb88dc6eea9d -> 7c42ce1b2d867658428cf4a0fe264644e3580c7bce8782aa10477ab3e455ddf9
19:49:10.542952267 pdns=0/0/inactive/dead/ named=0/inactive/dead/ agent=5749/active/ jphase=source-stopped killpid=
19:49:11.027024363 CHANGE ledger 7c42ce1b2d867658428cf4a0fe264644e3580c7bce8782aa10477ab3e455ddf9 -> 2dc11a0d460abff2f672280d5a787cbdf5b1ee9d843cb122362636565814f946
19:49:11.034940857 pdns=0/0/inactive/dead/ named=0/inactive/dead/ agent=5749/active/ jphase=source-stopped killpid=
19:49:11.323544320 CHANGE ledger 2dc11a0d460abff2f672280d5a787cbdf5b1ee9d843cb122362636565814f946 -> e43fc590d627993e08f7b346b3c8798e284fa3d51d8265c1d8f90b0e2dae534a
19:49:11.333723566 pdns=0/0/inactive/dead/ named=0/inactive/dead/ agent=5749/active/ jphase=source-stopped killpid=
19:49:11.696594515 CHANGE ledger e43fc590d627993e08f7b346b3c8798e284fa3d51d8265c1d8f90b0e2dae534a -> 72d1b831a784b731afe77dc05035c2bb5517ee67b4a53e055801a4a56eb67201
19:49:11.705741746 pdns=0/0/inactive/dead/ named=0/inactive/dead/ agent=5749/active/ jphase=source-stopped killpid=
19:49:11.989772627 CHANGE ledger 72d1b831a784b731afe77dc05035c2bb5517ee67b4a53e055801a4a56eb67201 -> a1caa5f17d4e21d54dc3a2ad7ff578533463052b7a8ab68c4bbdf9d8036fee01
19:49:11.999739915 pdns=0/0/inactive/dead/ named=0/inactive/dead/ agent=5749/active/ jphase=source-stopped killpid=
19:49:12.275401525 CHANGE ledger a1caa5f17d4e21d54dc3a2ad7ff578533463052b7a8ab68c4bbdf9d8036fee01 -> b2815c9b7fb38ee9b3ef989d30d4a8a15fc695054e5eefecfad4da47f229c418
19:49:12.286701745 CHANGE pdnsdb f5110b5b38d669473dd30bb105e82fe129c9e2593b21da4f1b4118c70b370a63 -> f8673001611d46d678836486912811a4be7117faaa91d9254bb1acf0b0da46a6
19:49:12.292912307 pdns=6956/0/active/running/ named=0/inactive/dead/ agent=5749/active/ jphase=source-stopped killpid=
19:49:12.567760089 CHANGE ledger b2815c9b7fb38ee9b3ef989d30d4a8a15fc695054e5eefecfad4da47f229c418 -> 61de6a2e5daf5e370c9107eef1f8198d36fc9cda3e542dad8aa2f32d6edd769e
19:49:12.579792740 CHANGE pdnsdb f8673001611d46d678836486912811a4be7117faaa91d9254bb1acf0b0da46a6 -> bbf93f63562b5e188225d5083cf7b9cbffa7d2b63d3dc36868759e30676310a7
19:49:12.583377472 pdns=6956/0/active/running/ named=0/inactive/dead/ agent=5749/active/ jphase=target-started killpid=
19:49:12.853241557 CHANGE journal 3dfbaf4819526f17ce00f10e0e4d62be1b25820f78bb976e7030c7b47a9c9ed8 -> 0c1a8215c19b27e117f07852652d9c3f56e2c8192ae4ec2c03df59132797b648
19:49:12.864010436 CHANGE ledger 61de6a2e5daf5e370c9107eef1f8198d36fc9cda3e542dad8aa2f32d6edd769e -> 6937aab2ec7e0010ce25ac9d764078610f0cf06af8ac300534d8fe061ce92c7f
19:49:12.871258573 pdns=6956/0/active/running/ named=0/inactive/dead/ agent=5749/active/ jphase=target-started killpid=
19:49:13.151913642 CHANGE ledger 6937aab2ec7e0010ce25ac9d764078610f0cf06af8ac300534d8fe061ce92c7f -> d00a31c29d52b9fabfd90120c742d01ea32e1f77cf70bcf7b9fb684b0acb5ca6
19:49:13.160448577 pdns=6956/0/active/running/ named=0/inactive/dead/ agent=5749/active/ jphase=target-started killpid=
19:49:13.437894803 CHANGE ledger d00a31c29d52b9fabfd90120c742d01ea32e1f77cf70bcf7b9fb684b0acb5ca6 -> b44a7f9216d71757a168f769a8c858d34da2c4da4f1e9d5c778f2085dfa01ac4
19:49:13.445911856 pdns=6956/0/active/running/ named=0/inactive/dead/ agent=5749/active/ jphase=target-started killpid=
19:49:13.717209827 CHANGE ledger b44a7f9216d71757a168f769a8c858d34da2c4da4f1e9d5c778f2085dfa01ac4 -> 9d9be25f6117e553abbaf9cf0d27d9caaf47c7866c87ed39301229620a1fb282
19:49:13.726927171 pdns=6956/0/active/running/ named=0/inactive/dead/ agent=5749/active/ jphase=target-started killpid=
19:49:14.006275274 CHANGE ledger 9d9be25f6117e553abbaf9cf0d27d9caaf47c7866c87ed39301229620a1fb282 -> f352cee7ccb6d6b195efc6992c4fc7d9c04117f57216f60af6f3851f2a9822fb
19:49:14.014116559 pdns=6956/0/active/running/ named=0/inactive/dead/ agent=5749/active/ jphase=target-started killpid=
19:49:14.288369516 CHANGE ledger f352cee7ccb6d6b195efc6992c4fc7d9c04117f57216f60af6f3851f2a9822fb -> 5051908246c993eb44eaa094f8a005845f858ec3345241ae291913644c252f3e
19:49:14.297406395 pdns=6956/0/active/running/ named=0/inactive/dead/ agent=5749/active/ jphase=target-started killpid=
19:49:14.580940115 CHANGE journal 0c1a8215c19b27e117f07852652d9c3f56e2c8192ae4ec2c03df59132797b648 -> 7240a4ab4440c162ba8a4563d0128c3508c705038b11b6d7a84f61430219e487
19:49:14.588904044 CHANGE ledger 5051908246c993eb44eaa094f8a005845f858ec3345241ae291913644c252f3e -> bde316e87f4ff56d67ef33599afbe23b20dffc31ab2186b0607fb8cc6341c161
19:49:14.598865671 CHANGE state absent -> 3b248c4c97e52c3248833ccddbcaf3c1104aefa7e4ad8b16c1a2bd60dfa73ce7
19:49:14.608138004 pdns=6956/0/active/running/ named=0/inactive/dead/ agent=5749/active/ jphase=committed killpid=
19:49:14.886450137 CHANGE journal 7240a4ab4440c162ba8a4563d0128c3508c705038b11b6d7a84f61430219e487 -> e57989d7f388d637719bf78a0a8d0254587c6dab46350f99a5e8d99e2b32fb71
19:49:14.901936051 pdns=6956/0/active/running/ named=0/inactive/dead/ agent=5749/active/ jphase=committed killpid=
19:49:15.189800818 pdns=6956/0/active/running/ named=0/inactive/dead/ agent=5749/active/ jphase=committed killpid=
19:49:15.466599168 CHANGE journal e57989d7f388d637719bf78a0a8d0254587c6dab46350f99a5e8d99e2b32fb71 -> absent
19:49:15.477151369 CHANGE ledger bde316e87f4ff56d67ef33599afbe23b20dffc31ab2186b0607fb8cc6341c161 -> 0c7f78352c4c1e436165f6dfea5ef5a30a347532e850b85823964a8ac00d4278
19:49:15.488243765 pdns=6956/0/active/running/ named=0/inactive/dead/ agent=5749/active/ jphase=absent killpid=
19:49:15.771408231 pdns=6956/0/active/running/ named=0/inactive/dead/ agent=5749/active/ jphase=absent killpid=
19:49:16.053758046 pdns=6956/0/active/running/ named=0/inactive/dead/ agent=5749/active/ jphase=absent killpid=
19:49:16.335001321 pdns=6956/0/active/running/ named=0/inactive/dead/ agent=5749/active/ jphase=absent killpid=
19:49:16.631256326 pdns=6956/0/active/running/ named=0/inactive/dead/ agent=5749/active/ jphase=absent killpid=
19:49:16.905915330 pdns=6956/0/active/running/ named=0/inactive/dead/ agent=5749/active/ jphase=absent killpid=
19:49:17.179424527 pdns=6956/0/active/running/ named=0/inactive/dead/ agent=5749/active/ jphase=absent killpid=
19:49:17.454454860 pdns=6956/0/active/running/ named=0/inactive/dead/ agent=5749/active/ jphase=absent killpid=
19:49:17.732233236 pdns=6956/0/active/running/ named=0/inactive/dead/ agent=5749/active/ jphase=absent killpid=
19:49:18.004534465 pdns=6956/0/active/running/ named=0/inactive/dead/ agent=5749/active/ jphase=absent killpid=
19:49:18.276587098 pdns=6956/0/active/running/ named=0/inactive/dead/ agent=5749/active/ jphase=absent killpid=
19:49:18.550739731 pdns=6956/0/active/running/ named=0/inactive/dead/ agent=5749/active/ jphase=absent killpid=
19:49:18.828211584 pdns=6956/0/active/running/ named=0/inactive/dead/ agent=5749/active/ jphase=absent killpid=
19:49:19.123870924 pdns=6956/0/active/running/ named=0/inactive/dead/ agent=5749/active/ jphase=absent killpid=
19:49:19.402942244 pdns=6956/0/active/running/ named=0/inactive/dead/ agent=5749/active/ jphase=absent killpid=
19:49:19.678815632 pdns=6956/0/active/running/ named=0/inactive/dead/ agent=5749/active/ jphase=absent killpid=
19:49:19.952380812 pdns=6956/0/active/running/ named=0/inactive/dead/ agent=5749/active/ jphase=absent killpid=
19:49:20.226432840 pdns=6956/0/active/running/ named=0/inactive/dead/ agent=5749/active/ jphase=absent killpid=
19:49:20.500751216 pdns=6956/0/active/running/ named=0/inactive/dead/ agent=5749/active/ jphase=absent killpid=
19:49:20.775470553 pdns=6956/0/active/running/ named=0/inactive/dead/ agent=5749/active/ jphase=absent killpid=
19:49:21.048690856 pdns=6956/0/active/running/ named=0/inactive/dead/ agent=5749/active/ jphase=absent killpid=
19:49:21.320305259 pdns=6956/0/active/running/ named=0/inactive/dead/ agent=5749/active/ jphase=absent killpid=
19:49:21.599366612 pdns=6956/0/active/running/ named=0/inactive/dead/ agent=5749/active/ jphase=absent killpid=
19:49:21.872426260 pdns=6956/0/active/running/ named=0/inactive/dead/ agent=5749/active/ jphase=absent killpid=
19:49:22.146188144 pdns=6956/0/active/running/ named=0/inactive/dead/ agent=5749/active/ jphase=absent killpid=
19:49:22.422531586 pdns=6956/0/active/running/ named=0/inactive/dead/ agent=5749/active/ jphase=absent killpid=
19:49:22.699113983 pdns=6956/0/active/running/ named=0/inactive/dead/ agent=5749/active/ jphase=absent killpid=
19:49:22.976843870 pdns=6956/0/active/running/ named=0/inactive/dead/ agent=5749/active/ jphase=absent killpid=
19:49:23.251662427 pdns=6956/0/active/running/ named=0/inactive/dead/ agent=5749/active/ jphase=absent killpid=
19:49:23.526261554 pdns=6956/0/active/running/ named=0/inactive/dead/ agent=5749/active/ jphase=absent killpid=
19:49:23.799899139 pdns=6956/0/active/running/ named=0/inactive/dead/ agent=5749/active/ jphase=absent killpid=
19:49:24.076315443 pdns=6956/0/active/running/ named=0/inactive/dead/ agent=5749/active/ jphase=absent killpid=
19:49:24.347096253 pdns=6956/0/active/running/ named=0/inactive/dead/ agent=5749/active/ jphase=absent killpid=
19:49:24.616660825 pdns=6956/0/active/running/ named=0/inactive/dead/ agent=5749/active/ jphase=absent killpid=
19:49:24.885628142 pdns=6956/0/active/running/ named=0/inactive/dead/ agent=5749/active/ jphase=absent killpid=
19:49:25.156422475 pdns=6956/0/active/running/ named=0/inactive/dead/ agent=5749/active/ jphase=absent killpid=
19:49:25.425910861 pdns=6956/0/active/running/ named=0/inactive/dead/ agent=5749/active/ jphase=absent killpid=
19:49:25.693901603 pdns=6956/0/active/running/ named=0/inactive/dead/ agent=5749/active/ jphase=absent killpid=
19:49:25.962335647 pdns=6956/0/active/running/ named=0/inactive/dead/ agent=5749/active/ jphase=absent killpid=
19:49:26.233243266 pdns=6956/0/active/running/ named=0/inactive/dead/ agent=5749/active/ jphase=absent killpid=
19:49:26.502507662 pdns=6956/0/active/running/ named=0/inactive/dead/ agent=5749/active/ jphase=absent killpid=
19:49:26.776518364 pdns=6956/0/active/running/ named=0/inactive/dead/ agent=5749/active/ jphase=absent killpid=
19:49:27.049008824 pdns=6956/0/active/running/ named=0/inactive/dead/ agent=5749/active/ jphase=absent killpid=
19:49:27.318673544 pdns=6956/0/active/running/ named=0/inactive/dead/ agent=5749/active/ jphase=absent killpid=
19:49:27.588282600 pdns=6956/0/active/running/ named=0/inactive/dead/ agent=5749/active/ jphase=absent killpid=
19:49:27.856658269 pdns=6956/0/active/running/ named=0/inactive/dead/ agent=5749/active/ jphase=absent killpid=
19:49:28.129548711 pdns=6956/0/active/running/ named=0/inactive/dead/ agent=5749/active/ jphase=absent killpid=
19:49:28.402091676 pdns=6956/0/active/running/ named=0/inactive/dead/ agent=5749/active/ jphase=absent killpid=
19:49:28.673770378 pdns=6956/0/active/running/ named=0/inactive/dead/ agent=5749/active/ jphase=absent killpid=
19:49:28.944616389 pdns=6956/0/active/running/ named=0/inactive/dead/ agent=5749/active/ jphase=absent killpid=
19:49:29.226000503 pdns=6956/0/active/running/ named=0/inactive/dead/ agent=5749/active/ jphase=absent killpid=
19:49:29.516191729 pdns=6956/0/active/running/ named=0/inactive/dead/ agent=5749/active/ jphase=absent killpid=
19:49:29.786398091 pdns=6956/0/active/running/ named=0/inactive/dead/ agent=5749/active/ jphase=absent killpid=
19:49:30.056195790 pdns=6956/0/active/running/ named=0/inactive/dead/ agent=5749/active/ jphase=absent killpid=
19:49:30.324915287 pdns=6956/0/active/running/ named=0/inactive/dead/ agent=5749/active/ jphase=absent killpid=
19:49:30.596403425 pdns=6956/0/active/running/ named=0/inactive/dead/ agent=5749/active/ jphase=absent killpid=
19:49:30.872387550 pdns=6956/0/active/running/ named=0/inactive/dead/ agent=5749/active/ jphase=absent killpid=
19:49:31.147715789 pdns=6956/0/active/running/ named=0/inactive/dead/ agent=5749/active/ jphase=absent killpid=
19:49:31.439468323 pdns=6956/0/active/running/ named=0/inactive/dead/ agent=5749/active/ jphase=absent killpid=
19:49:31.713833094 pdns=6956/0/active/running/ named=0/inactive/dead/ agent=5749/active/ jphase=absent killpid=
19:49:31.991450797 pdns=6956/0/active/running/ named=0/inactive/dead/ agent=5749/active/ jphase=absent killpid=
19:49:32.263679791 pdns=6956/0/active/running/ named=0/inactive/dead/ agent=5749/active/ jphase=absent killpid=
19:49:32.544831775 pdns=6956/0/active/running/ named=0/inactive/dead/ agent=5749/active/ jphase=absent killpid=
19:49:32.818937065 pdns=6956/0/active/running/ named=0/inactive/dead/ agent=5749/active/ jphase=absent killpid=
19:49:33.092662265 pdns=6956/0/active/running/ named=0/inactive/dead/ agent=5749/active/ jphase=absent killpid=
19:49:33.371273292 pdns=6956/0/active/running/ named=0/inactive/dead/ agent=5749/active/ jphase=absent killpid=
19:49:33.648135823 pdns=6956/0/active/running/ named=0/inactive/dead/ agent=5749/active/ jphase=absent killpid=
19:49:33.920961468 pdns=6956/0/active/running/ named=0/inactive/dead/ agent=5749/active/ jphase=absent killpid=
19:49:34.192639382 pdns=6956/0/active/running/ named=0/inactive/dead/ agent=5749/active/ jphase=absent killpid=
19:49:34.468852796 pdns=6956/0/active/running/ named=0/inactive/dead/ agent=5749/active/ jphase=absent killpid=
19:49:34.745266002 pdns=6956/0/active/running/ named=0/inactive/dead/ agent=5749/active/ jphase=absent killpid=
19:49:35.026482471 pdns=6956/0/active/running/ named=0/inactive/dead/ agent=5749/active/ jphase=absent killpid=
19:49:35.299826566 pdns=6956/0/active/running/ named=0/inactive/dead/ agent=5749/active/ jphase=absent killpid=
19:49:35.580138367 pdns=6956/0/active/running/ named=0/inactive/dead/ agent=5749/active/ jphase=absent killpid=
19:49:35.859118929 pdns=6956/0/active/running/ named=0/inactive/dead/ agent=5749/active/ jphase=absent killpid=
19:49:36.147627268 pdns=6956/0/active/running/ named=0/inactive/dead/ agent=5749/active/ jphase=absent killpid=
19:49:36.453001345 pdns=6956/0/active/running/ named=0/inactive/dead/ agent=5749/active/ jphase=absent killpid=
19:49:36.732637647 pdns=6956/0/active/running/ named=0/inactive/dead/ agent=5749/active/ jphase=absent killpid=
19:49:37.013385524 pdns=6956/0/active/running/ named=0/inactive/dead/ agent=5749/active/ jphase=absent killpid=
19:49:37.298872481 pdns=6956/0/active/running/ named=0/inactive/dead/ agent=5749/active/ jphase=absent killpid=
19:49:37.592505138 pdns=6956/0/active/running/ named=0/inactive/dead/ agent=5749/active/ jphase=absent killpid=
19:49:37.879083701 pdns=6956/0/active/running/ named=0/inactive/dead/ agent=5749/active/ jphase=absent killpid=
19:49:38.153502725 pdns=6956/0/active/running/ named=0/inactive/dead/ agent=5749/active/ jphase=absent killpid=
19:49:38.431720976 pdns=6956/0/active/running/ named=0/inactive/dead/ agent=5749/active/ jphase=absent killpid=
19:49:38.708873334 pdns=6956/0/active/running/ named=0/inactive/dead/ agent=5749/active/ jphase=absent killpid=
19:49:38.984981454 pdns=6956/0/active/running/ named=0/inactive/dead/ agent=5749/active/ jphase=absent killpid=
19:49:39.260799888 pdns=6956/0/active/running/ named=0/inactive/dead/ agent=5749/active/ jphase=absent killpid=
19:49:39.538449011 pdns=6956/0/active/running/ named=0/inactive/dead/ agent=5749/active/ jphase=absent killpid=
19:49:39.812389105 pdns=6956/0/active/running/ named=0/inactive/dead/ agent=5749/active/ jphase=absent killpid=
19:49:40.088168907 pdns=6956/0/active/running/ named=0/inactive/dead/ agent=5749/active/ jphase=absent killpid=
19:49:40.361598405 pdns=6956/0/active/running/ named=0/inactive/dead/ agent=5749/active/ jphase=absent killpid=
19:49:40.635269510 pdns=6956/0/active/running/ named=0/inactive/dead/ agent=5749/active/ jphase=absent killpid=
19:49:40.918788869 pdns=6956/0/active/running/ named=0/inactive/dead/ agent=5749/active/ jphase=absent killpid=
19:49:41.192491475 pdns=6956/0/active/running/ named=0/inactive/dead/ agent=5749/active/ jphase=absent killpid=
19:49:41.470852974 pdns=6956/0/active/running/ named=0/inactive/dead/ agent=5749/active/ jphase=absent killpid=
19:49:41.748414516 pdns=6956/0/active/running/ named=0/inactive/dead/ agent=5749/active/ jphase=absent killpid=
19:49:42.025120171 pdns=6956/0/active/running/ named=0/inactive/dead/ agent=5749/active/ jphase=absent killpid=
19:49:42.303085608 pdns=6956/0/active/running/ named=0/inactive/dead/ agent=5749/active/ jphase=absent killpid=
19:49:42.580520797 pdns=6956/0/active/running/ named=0/inactive/dead/ agent=5749/active/ jphase=absent killpid=
19:49:42.853857979 pdns=6956/0/active/running/ named=0/inactive/dead/ agent=5749/active/ jphase=absent killpid=
19:49:43.128404966 pdns=6956/0/active/running/ named=0/inactive/dead/ agent=5749/active/ jphase=absent killpid=
19:49:43.402843823 pdns=6956/0/active/running/ named=0/inactive/dead/ agent=5749/active/ jphase=absent killpid=
19:49:43.678989032 pdns=6956/0/active/running/ named=0/inactive/dead/ agent=5749/active/ jphase=absent killpid=
19:49:43.952343927 pdns=6956/0/active/running/ named=0/inactive/dead/ agent=5749/active/ jphase=absent killpid=
19:49:44.225608633 pdns=6956/0/active/running/ named=0/inactive/dead/ agent=5749/active/ jphase=absent killpid=
19:49:44.504247240 pdns=6956/0/active/running/ named=0/inactive/dead/ agent=5749/active/ jphase=absent killpid=
19:49:44.779879839 pdns=6956/0/active/running/ named=0/inactive/dead/ agent=5749/active/ jphase=absent killpid=
19:49:45.055133959 pdns=6956/0/active/running/ named=0/inactive/dead/ agent=5749/active/ jphase=absent killpid=
19:49:45.330367163 pdns=6956/0/active/running/ named=0/inactive/dead/ agent=5749/active/ jphase=absent killpid=
19:49:45.607441018 pdns=6956/0/active/running/ named=0/inactive/dead/ agent=5749/active/ jphase=absent killpid=
19:49:45.883309453 pdns=6956/0/active/running/ named=0/inactive/dead/ agent=5749/active/ jphase=absent killpid=
19:49:46.164576776 pdns=6956/0/active/running/ named=0/inactive/dead/ agent=5749/active/ jphase=absent killpid=
19:49:46.549484429 pdns=6956/0/active/running/ named=0/inactive/dead/ agent=0/inactive/ jphase=absent killpid=
19:49:46.831945008 pdns=6956/0/active/running/ named=0/inactive/dead/ agent=0/inactive/ jphase=absent killpid=
19:49:47.112467956 pdns=6956/0/active/running/ named=0/inactive/dead/ agent=0/inactive/ jphase=absent killpid=
19:49:47.392773812 pdns=6956/0/active/running/ named=0/inactive/dead/ agent=0/inactive/ jphase=absent killpid=
19:49:47.674236653 pdns=6956/0/active/running/ named=0/inactive/dead/ agent=0/inactive/ jphase=absent killpid=
19:49:47.956757257 pdns=6956/0/active/running/ named=0/inactive/dead/ agent=0/inactive/ jphase=absent killpid=
19:49:48.235320313 pdns=6956/0/active/running/ named=0/inactive/dead/ agent=0/inactive/ jphase=absent killpid=
19:49:48.513103332 pdns=6956/0/active/running/ named=0/inactive/dead/ agent=0/inactive/ jphase=absent killpid=
19:49:48.798651967 pdns=6956/0/active/running/ named=0/inactive/dead/ agent=0/inactive/ jphase=absent killpid=
