22:26:05.664711794 pdns=0/0/inactive/dead/ named=0/inactive/dead/ agent=1188/inactive/ jphase=absent killpid=
22:26:05.937139813 pdns=0/0/inactive/dead/ named=0/inactive/dead/ agent=1188/inactive/ jphase=absent killpid=1492,
22:26:06.221232985 pdns=0/0/inactive/dead/ named=0/inactive/dead/ agent=1188/inactive/ jphase=absent killpid=1492,
22:26:06.521372387 pdns=0/0/inactive/dead/ named=0/inactive/dead/ agent=1188/inactive/ jphase=absent killpid=1492,
22:26:06.928102892 pdns=0/0/inactive/dead/ named=0/inactive/dead/ agent=1188/inactive/ jphase=absent killpid=1492,1651,
22:26:07.193643173 pdns=0/0/inactive/dead/ named=0/inactive/dead/ agent=1188/inactive/ jphase=absent killpid=1492,1651,
22:26:07.463263199 pdns=0/0/inactive/dead/ named=0/inactive/dead/ agent=1188/inactive/ jphase=absent killpid=1492,1651,
22:26:07.746129419 pdns=0/0/inactive/dead/ named=0/inactive/dead/ agent=1188/inactive/ jphase=absent killpid=1492,1651,
22:26:08.020011052 pdns=0/0/inactive/dead/ named=0/inactive/dead/ agent=1188/inactive/ jphase=absent killpid=1492,1651,
22:26:08.291179895 pdns=0/0/inactive/dead/ named=0/inactive/dead/ agent=1188/inactive/ jphase=absent killpid=1492,1651,
22:26:08.561764398 pdns=0/0/inactive/dead/ named=0/inactive/dead/ agent=1188/inactive/ jphase=absent killpid=1492,1651,
22:26:08.835988059 pdns=0/0/inactive/dead/ named=0/inactive/dead/ agent=1188/inactive/ jphase=absent killpid=1492,1651,
22:26:09.103824535 pdns=0/0/inactive/dead/ named=0/inactive/dead/ agent=1188/inactive/ jphase=absent killpid=1492,1651,
22:26:09.384046287 pdns=0/0/inactive/dead/ named=0/inactive/dead/ agent=1188/inactive/ jphase=absent killpid=1492,1651,
22:26:09.678768391 pdns=0/0/inactive/dead/ named=0/inactive/dead/ agent=1188/inactive/ jphase=absent killpid=1492,1651,
22:26:09.950483952 pdns=0/0/inactive/dead/ named=0/inactive/dead/ agent=1188/inactive/ jphase=absent killpid=1492,1651,
22:26:10.224141105 pdns=0/0/inactive/dead/ named=0/inactive/dead/ agent=1188/inactive/ jphase=absent killpid=1492,1651,
22:26:10.496537154 pdns=0/0/inactive/dead/ named=0/inactive/dead/ agent=1188/inactive/ jphase=absent killpid=1492,1651,
22:26:10.773847883 pdns=0/0/inactive/dead/ named=0/inactive/dead/ agent=1188/inactive/ jphase=absent killpid=1492,1651,
22:26:11.047758986 pdns=0/0/inactive/dead/ named=0/inactive/dead/ agent=1188/inactive/ jphase=absent killpid=1492,1651,
22:26:11.323127116 pdns=0/0/inactive/dead/ named=0/inactive/dead/ agent=1188/inactive/ jphase=absent killpid=1492,1946,
22:26:11.597823404 pdns=0/0/inactive/dead/ named=0/inactive/dead/ agent=1188/inactive/ jphase=absent killpid=1492,1946,
22:26:11.874800068 pdns=0/0/inactive/dead/ named=0/inactive/dead/ agent=1188/inactive/ jphase=absent killpid=1492,1946,
22:26:12.149116155 pdns=0/0/inactive/dead/ named=0/inactive/dead/ agent=1188/inactive/ jphase=absent killpid=1492,1946,
22:26:12.432666159 pdns=0/0/inactive/dead/ named=0/inactive/dead/ agent=1188/inactive/ jphase=absent killpid=1492,1946,
22:26:12.731543375 pdns=0/0/inactive/dead/ named=0/inactive/dead/ agent=1188/inactive/ jphase=absent killpid=1492,1946,
22:26:13.047388371 pdns=0/0/inactive/dead/ named=0/inactive/dead/ agent=1188/inactive/ jphase=absent killpid=1492,1946,
22:26:13.323062756 pdns=0/0/inactive/dead/ named=0/inactive/dead/ agent=1188/inactive/ jphase=absent killpid=1492,1946,
22:26:13.643164902 pdns=0/0/inactive/dead/ named=0/inactive/dead/ agent=1188/inactive/ jphase=absent killpid=1492,1946,
22:26:13.940436164 pdns=0/0/inactive/dead/ named=0/inactive/dead/ agent=1188/inactive/ jphase=absent killpid=1492,1946,
22:26:14.217857535 pdns=0/0/inactive/dead/ named=0/inactive/dead/ agent=1188/inactive/ jphase=absent killpid=1492,1946,
22:26:14.494168865 pdns=0/0/inactive/dead/ named=0/inactive/dead/ agent=1188/inactive/ jphase=absent killpid=1492,1946,
22:26:14.774985237 pdns=0/0/inactive/dead/ named=0/inactive/dead/ agent=1188/inactive/ jphase=absent killpid=1492,1946,
22:26:15.047439889 pdns=0/0/inactive/dead/ named=0/inactive/dead/ agent=1188/inactive/ jphase=absent killpid=1492,1946,
22:26:15.330840819 pdns=0/0/inactive/dead/ named=0/inactive/dead/ agent=1188/inactive/ jphase=absent killpid=1492,1946,
22:26:15.613664751 pdns=0/0/inactive/dead/ named=0/inactive/dead/ agent=1188/inactive/ jphase=absent killpid=1492,2379,
22:26:16.111072467 pdns=0/0/inactive/dead/ named=0/inactive/dead/ agent=1188/inactive/ jphase=absent killpid=1492,2465,
22:26:16.407160638 pdns=0/0/inactive/dead/ named=0/inactive/dead/ agent=1188/inactive/ jphase=intent killpid=1492,
22:26:16.686485138 pdns=0/0/inactive/dead/ named=0/inactive/dead/ agent=1188/inactive/ jphase=intent killpid=1492,
22:26:16.957559334 pdns=0/0/inactive/dead/ named=0/inactive/dead/ agent=2577/active/ jphase=rolling-back killpid=
22:26:17.307153742 pdns=0/0/inactive/dead/ named=0/inactive/dead/ agent=2577/active/ jphase=rolling-back killpid=
22:26:17.588877446 pdns=0/0/inactive/dead/ named=0/inactive/dead/ agent=2577/active/ jphase=rolling-back killpid=
22:26:17.856143977 pdns=0/0/inactive/dead/ named=0/inactive/dead/ agent=2577/active/ jphase=rolling-back killpid=
22:26:18.121383907 pdns=0/0/inactive/dead/ named=0/inactive/dead/ agent=2577/active/ jphase=rolling-back killpid=
22:26:18.386730701 pdns=0/0/inactive/dead/ named=0/inactive/dead/ agent=2577/active/ jphase=rolling-back killpid=
22:26:18.656344661 pdns=0/0/inactive/dead/ named=0/inactive/dead/ agent=2577/active/ jphase=rolling-back killpid=
22:26:18.958149480 pdns=0/0/inactive/dead/ named=0/inactive/dead/ agent=2577/active/ jphase=rolling-back killpid=
22:26:19.235401972 pdns=0/0/inactive/dead/ named=0/inactive/dead/ agent=2577/active/ jphase=rolling-back killpid=
22:26:19.510788461 pdns=0/0/inactive/dead/ named=0/inactive/dead/ agent=2577/active/ jphase=rolling-back killpid=
22:26:19.782391649 pdns=0/0/inactive/dead/ named=0/inactive/dead/ agent=2577/active/ jphase=rolling-back killpid=
22:26:20.055116613 pdns=0/0/inactive/dead/ named=0/inactive/dead/ agent=2577/active/ jphase=rolling-back killpid=
22:26:20.324353157 pdns=0/0/inactive/dead/ named=0/inactive/dead/ agent=2577/active/ jphase=rolling-back killpid=
22:26:20.598511852 pdns=0/0/inactive/dead/ named=0/inactive/dead/ agent=2577/active/ jphase=rolling-back killpid=
22:26:20.873238834 pdns=0/0/inactive/dead/ named=0/inactive/dead/ agent=2577/active/ jphase=rolling-back killpid=
22:26:21.158417719 pdns=0/0/inactive/dead/ named=0/inactive/dead/ agent=2577/active/ jphase=rolling-back killpid=
22:26:21.426676743 pdns=0/0/inactive/dead/ named=0/inactive/dead/ agent=2577/active/ jphase=rolling-back killpid=
22:26:21.699182434 pdns=0/0/inactive/dead/ named=0/inactive/dead/ agent=2577/active/ jphase=rolling-back killpid=
22:26:21.966954555 pdns=0/0/inactive/dead/ named=0/inactive/dead/ agent=2577/active/ jphase=rolling-back killpid=
22:26:22.229338099 pdns=0/0/inactive/dead/ named=0/inactive/dead/ agent=2577/active/ jphase=rolling-back killpid=
22:26:22.495129315 pdns=0/0/inactive/dead/ named=0/inactive/dead/ agent=2577/active/ jphase=rolling-back killpid=
22:26:22.759090466 pdns=0/0/inactive/dead/ named=0/inactive/dead/ agent=2577/active/ jphase=rolling-back killpid=
22:26:23.025432901 pdns=0/0/inactive/dead/ named=0/inactive/dead/ agent=2577/active/ jphase=rolling-back killpid=
22:26:23.293196977 pdns=0/0/inactive/dead/ named=0/inactive/dead/ agent=2577/active/ jphase=rolling-back killpid=
22:26:23.572610306 pdns=0/0/inactive/dead/ named=0/inactive/dead/ agent=2577/active/ jphase=rolling-back killpid=
22:26:23.838329813 pdns=0/0/inactive/dead/ named=0/inactive/dead/ agent=2577/active/ jphase=rolling-back killpid=
22:26:24.099425782 pdns=0/0/inactive/dead/ named=0/inactive/dead/ agent=2577/active/ jphase=rolling-back killpid=
22:26:24.362279502 pdns=0/0/inactive/dead/ named=0/inactive/dead/ agent=2577/active/ jphase=rolling-back killpid=
22:26:24.667261680 pdns=0/0/inactive/dead/ named=0/inactive/dead/ agent=2577/active/ jphase=rolling-back killpid=
22:26:25.042911846 pdns=0/0/inactive/dead/ named=0/inactive/dead/ agent=2577/active/ jphase=rolling-back killpid=
22:26:25.305536101 pdns=0/0/inactive/dead/ named=0/inactive/dead/ agent=2577/active/ jphase=rolling-back killpid=
22:26:25.569510924 pdns=0/0/inactive/dead/ named=0/inactive/dead/ agent=2577/active/ jphase=rolling-back killpid=
22:26:25.844768491 pdns=0/0/inactive/dead/ named=0/inactive/dead/ agent=2577/active/ jphase=rolling-back killpid=
22:26:26.120750489 pdns=0/0/inactive/dead/ named=0/inactive/dead/ agent=2577/active/ jphase=rolling-back killpid=
22:26:26.383066167 pdns=0/0/inactive/dead/ named=0/inactive/dead/ agent=2577/active/ jphase=rolling-back killpid=
22:26:26.652894213 pdns=0/0/inactive/dead/ named=0/inactive/dead/ agent=2577/active/ jphase=rolling-back killpid=
22:26:26.927253200 pdns=0/0/inactive/dead/ named=0/inactive/dead/ agent=2577/active/ jphase=rolling-back killpid=
22:26:27.188170400 pdns=0/0/inactive/dead/ named=0/inactive/dead/ agent=2577/active/ jphase=rolling-back killpid=
22:26:27.450699981 pdns=0/0/inactive/dead/ named=0/inactive/dead/ agent=2577/active/ jphase=rolling-back killpid=
22:26:27.724782544 pdns=0/0/inactive/dead/ named=0/inactive/dead/ agent=2577/active/ jphase=rolling-back killpid=
22:26:27.992684142 pdns=0/0/inactive/dead/ named=0/inactive/dead/ agent=2577/active/ jphase=rolling-back killpid=
22:26:28.254055644 pdns=0/0/inactive/dead/ named=0/inactive/dead/ agent=2577/active/ jphase=rolling-back killpid=
22:26:28.516734829 pdns=0/0/inactive/dead/ named=0/inactive/dead/ agent=2577/active/ jphase=rolling-back killpid=
22:26:28.795566396 pdns=0/0/inactive/dead/ named=0/inactive/dead/ agent=2577/active/ jphase=rolling-back killpid=
22:26:29.068547009 pdns=0/0/inactive/dead/ named=0/inactive/dead/ agent=2577/active/ jphase=rolling-back killpid=
22:26:29.349648093 pdns=0/0/inactive/dead/ named=0/inactive/dead/ agent=2577/active/ jphase=rolling-back killpid=
22:26:29.624915963 pdns=0/0/inactive/dead/ named=0/inactive/dead/ agent=2577/active/ jphase=rolling-back killpid=
22:26:29.984911470 pdns=0/0/inactive/dead/ named=0/inactive/dead/ agent=2577/active/ jphase=rolling-back killpid=
22:26:30.248901664 pdns=0/0/inactive/dead/ named=0/inactive/dead/ agent=2577/active/ jphase=rolling-back killpid=
22:26:30.515533006 pdns=0/0/inactive/dead/ named=0/inactive/dead/ agent=2577/active/ jphase=rolling-back killpid=
22:26:30.779359254 pdns=0/0/inactive/dead/ named=0/inactive/dead/ agent=2577/active/ jphase=rolling-back killpid=
22:26:31.041260196 pdns=0/0/inactive/dead/ named=0/inactive/dead/ agent=2577/active/ jphase=rolling-back killpid=
22:26:31.301958390 pdns=0/0/inactive/dead/ named=0/inactive/dead/ agent=2577/active/ jphase=rolling-back killpid=
22:26:31.568883996 pdns=0/0/inactive/dead/ named=0/inactive/dead/ agent=2577/active/ jphase=rolling-back killpid=
22:26:31.838063882 pdns=0/0/inactive/dead/ named=0/inactive/dead/ agent=2577/active/ jphase=rolling-back killpid=
22:26:32.101555205 pdns=0/0/inactive/dead/ named=0/inactive/dead/ agent=2577/active/ jphase=rolling-back killpid=
22:26:32.376041222 pdns=0/0/inactive/dead/ named=0/inactive/dead/ agent=2577/active/ jphase=rolling-back killpid=
22:26:32.637638424 pdns=0/0/inactive/dead/ named=0/inactive/dead/ agent=2577/active/ jphase=rolling-back killpid=
22:26:32.899683988 pdns=0/0/inactive/dead/ named=0/inactive/dead/ agent=2577/active/ jphase=rolling-back killpid=
22:26:33.160050853 pdns=0/0/inactive/dead/ named=0/inactive/dead/ agent=2577/active/ jphase=rolling-back killpid=
22:26:33.423546361 pdns=0/0/inactive/dead/ named=0/inactive/dead/ agent=2577/active/ jphase=rolling-back killpid=
22:26:33.714323719 pdns=0/0/inactive/dead/ named=0/inactive/dead/ agent=2577/active/ jphase=rolling-back killpid=
22:26:33.981124567 pdns=0/0/inactive/dead/ named=0/inactive/dead/ agent=2577/active/ jphase=rolling-back killpid=
22:26:34.243309549 pdns=0/0/inactive/dead/ named=0/inactive/dead/ agent=2577/active/ jphase=rolling-back killpid=
22:26:34.510591951 pdns=0/0/inactive/dead/ named=0/inactive/dead/ agent=2577/active/ jphase=rolling-back killpid=
22:26:34.783602457 pdns=0/0/inactive/dead/ named=0/inactive/dead/ agent=2577/active/ jphase=rolling-back killpid=
22:26:35.044551628 pdns=0/0/inactive/dead/ named=0/inactive/dead/ agent=2577/active/ jphase=rolling-back killpid=
22:26:35.308753409 pdns=0/0/inactive/dead/ named=0/inactive/dead/ agent=2577/active/ jphase=rolling-back killpid=
22:26:35.578631508 pdns=0/0/inactive/dead/ named=0/inactive/dead/ agent=2577/active/ jphase=rolling-back killpid=
22:26:35.845783452 pdns=0/0/inactive/dead/ named=0/inactive/dead/ agent=2577/active/ jphase=rolling-back killpid=
22:26:36.132928817 pdns=0/0/inactive/dead/ named=0/inactive/dead/ agent=2577/active/ jphase=rolling-back killpid=
22:26:36.397564888 pdns=0/0/inactive/dead/ named=0/inactive/dead/ agent=2577/active/ jphase=rolling-back killpid=
22:26:36.659903196 pdns=0/0/inactive/dead/ named=0/inactive/dead/ agent=2577/active/ jphase=rolling-back killpid=
22:26:36.929196437 pdns=0/0/inactive/dead/ named=0/inactive/dead/ agent=2577/active/ jphase=rolling-back killpid=
22:26:37.190974378 pdns=0/0/inactive/dead/ named=0/inactive/dead/ agent=2577/active/ jphase=rolling-back killpid=
22:26:37.450856758 pdns=0/0/inactive/dead/ named=0/inactive/dead/ agent=2577/active/ jphase=rolling-back killpid=
22:26:37.717846507 pdns=0/0/inactive/dead/ named=0/inactive/dead/ agent=2577/active/ jphase=rolling-back killpid=
22:26:37.978505569 pdns=0/0/inactive/dead/ named=0/inactive/dead/ agent=2577/active/ jphase=rolling-back killpid=
22:26:38.237520241 pdns=0/0/inactive/dead/ named=0/inactive/dead/ agent=2577/active/ jphase=rolling-back killpid=
22:26:38.499941685 pdns=0/0/inactive/dead/ named=0/inactive/dead/ agent=2577/active/ jphase=rolling-back killpid=
22:26:38.761720560 pdns=0/0/inactive/dead/ named=0/inactive/dead/ agent=2577/active/ jphase=rolling-back killpid=
22:26:39.020126841 pdns=0/0/inactive/dead/ named=0/inactive/dead/ agent=2577/active/ jphase=rolling-back killpid=
22:26:39.283090248 pdns=0/0/inactive/dead/ named=0/inactive/dead/ agent=2577/active/ jphase=rolling-back killpid=
22:26:39.547115816 pdns=0/0/inactive/dead/ named=0/inactive/dead/ agent=2577/active/ jphase=rolling-back killpid=
22:26:39.809580931 pdns=0/0/inactive/dead/ named=0/inactive/dead/ agent=2577/active/ jphase=rolling-back killpid=
22:26:40.070117557 pdns=0/0/inactive/dead/ named=0/inactive/dead/ agent=2577/active/ jphase=rolling-back killpid=
22:26:40.331781656 pdns=0/0/inactive/dead/ named=0/inactive/dead/ agent=2577/active/ jphase=rolling-back killpid=
22:26:40.631459004 pdns=0/0/inactive/dead/ named=0/inactive/dead/ agent=2577/active/ jphase=rolling-back killpid=
22:26:40.904633691 pdns=0/0/inactive/dead/ named=0/inactive/dead/ agent=2577/active/ jphase=rolling-back killpid=
22:26:41.172080341 pdns=0/0/inactive/dead/ named=0/inactive/dead/ agent=2577/active/ jphase=rolling-back killpid=
22:26:41.448091736 pdns=0/0/inactive/dead/ named=0/inactive/dead/ agent=2577/active/ jphase=rolling-back killpid=
22:26:41.728050694 pdns=0/0/inactive/dead/ named=0/inactive/dead/ agent=2577/active/ jphase=rolling-back killpid=
22:26:42.040415234 pdns=0/0/inactive/dead/ named=0/inactive/dead/ agent=2577/active/ jphase=rolling-back killpid=
22:26:42.310665864 pdns=0/0/inactive/dead/ named=0/inactive/dead/ agent=2577/active/ jphase=rolling-back killpid=
22:26:42.584105778 pdns=0/0/inactive/dead/ named=0/inactive/dead/ agent=2577/active/ jphase=rolling-back killpid=
22:26:42.854128162 pdns=0/0/inactive/dead/ named=0/inactive/dead/ agent=2577/active/ jphase=rolling-back killpid=
22:26:43.147835086 pdns=0/0/inactive/dead/ named=0/inactive/dead/ agent=2577/active/ jphase=rolling-back killpid=
22:26:43.463883904 pdns=0/0/inactive/dead/ named=0/inactive/dead/ agent=2577/active/ jphase=rolling-back killpid=
22:26:43.875538340 pdns=0/0/inactive/dead/ named=0/inactive/dead/ agent=2577/active/ jphase=rolling-back killpid=
22:26:44.148246717 pdns=0/0/inactive/dead/ named=0/inactive/dead/ agent=2577/active/ jphase=rolling-back killpid=
22:26:44.412208283 pdns=0/0/inactive/dead/ named=0/inactive/dead/ agent=2577/active/ jphase=rolling-back killpid=
22:26:44.708599709 pdns=0/0/inactive/dead/ named=0/inactive/dead/ agent=2577/active/ jphase=rolling-back killpid=
22:26:45.032411081 pdns=0/0/inactive/dead/ named=0/inactive/dead/ agent=2577/active/ jphase=rolling-back killpid=
22:26:45.306129716 pdns=0/0/inactive/dead/ named=0/inactive/dead/ agent=2577/active/ jphase=rolling-back killpid=
22:26:45.586500689 pdns=0/0/inactive/dead/ named=0/inactive/dead/ agent=2577/active/ jphase=rolling-back killpid=
22:26:45.865899773 pdns=0/0/inactive/dead/ named=0/inactive/dead/ agent=2577/active/ jphase=rolling-back killpid=
22:26:46.147887814 pdns=0/0/inactive/dead/ named=0/inactive/dead/ agent=2577/active/ jphase=rolling-back killpid=
22:26:46.413535587 pdns=0/0/inactive/dead/ named=0/inactive/dead/ agent=2577/active/ jphase=rolling-back killpid=
22:26:46.682124467 pdns=0/0/inactive/dead/ named=0/inactive/dead/ agent=2577/active/ jphase=rolling-back killpid=
22:26:46.982528870 pdns=0/0/inactive/dead/ named=0/inactive/dead/ agent=2577/active/ jphase=rolling-back killpid=
22:26:47.249759987 pdns=0/0/inactive/dead/ named=0/inactive/dead/ agent=2577/active/ jphase=rolling-back killpid=
22:26:47.517768502 pdns=0/0/inactive/dead/ named=0/inactive/dead/ agent=2577/active/ jphase=rolling-back killpid=
22:26:47.791033554 pdns=0/0/inactive/dead/ named=0/inactive/dead/ agent=2577/active/ jphase=rolling-back killpid=
done
