00:48:27.333144380 CHANGE journal none -> absent
00:48:27.361722952 CHANGE ledger none -> fd2f15bda01993a07096a0655aba7fe1acd19a8dbf092a73950b5935096ff90e
00:48:27.391048193 CHANGE state none -> 71c04f08f5a2cd585f72dc42fed72600eb08865eace410deee44d3806348e1a6
00:48:27.409342048 CHANGE pdnsdb none -> 1254e7e9a1f09875eae36cd944d82ba5119926bcca285d075015d0f0e89e5a7f
00:48:27.417714499 POINTER 
00:48:27.423070690 pdns=645/0/active/running/ named=0/inactive/dead/ agent=0/inactive/ jphase=absent killpid=
00:48:27.854343617 pdns=645/0/active/running/ named=0/inactive/dead/ agent=0/inactive/ jphase=absent killpid=
00:48:28.136215710 pdns=645/0/active/running/ named=0/inactive/dead/ agent=0/inactive/ jphase=absent killpid=
00:48:28.420297551 pdns=645/0/active/running/ named=0/inactive/dead/ agent=0/inactive/ jphase=absent killpid=
00:48:28.702966154 pdns=645/0/active/running/ named=0/inactive/dead/ agent=0/inactive/ jphase=absent killpid=
00:48:28.991422603 pdns=645/0/active/running/ named=0/inactive/dead/ agent=0/inactive/ jphase=absent killpid=
00:48:29.276851576 pdns=645/0/active/running/ named=0/inactive/dead/ agent=0/inactive/ jphase=absent killpid=
00:48:29.561428790 pdns=645/0/active/running/ named=0/inactive/dead/ agent=0/inactive/ jphase=absent killpid=
00:48:29.845418670 pdns=645/0/active/running/ named=0/inactive/dead/ agent=0/inactive/ jphase=absent killpid=
00:48:30.129220724 pdns=645/0/active/running/ named=0/inactive/dead/ agent=0/inactive/ jphase=absent killpid=
00:48:30.412165752 pdns=645/0/active/running/ named=0/inactive/dead/ agent=0/inactive/ jphase=absent killpid=
00:48:30.699422551 pdns=645/0/active/running/ named=0/inactive/dead/ agent=0/inactive/ jphase=absent killpid=
00:48:31.024438871 pdns=645/0/active/running/ named=0/inactive/dead/ agent=0/inactive/ jphase=absent killpid=
00:48:31.325597764 pdns=645/0/active/running/ named=0/inactive/dead/ agent=0/inactive/ jphase=absent killpid=
00:48:31.629339414 pdns=645/0/active/running/ named=0/inactive/dead/ agent=0/inactive/ jphase=absent killpid=
00:48:31.921302559 pdns=645/0/active/running/ named=0/inactive/dead/ agent=0/inactive/ jphase=absent killpid=
00:48:32.204481610 pdns=645/0/active/running/ named=0/inactive/dead/ agent=0/inactive/ jphase=absent killpid=
00:48:32.487367408 pdns=645/0/active/running/ named=0/inactive/dead/ agent=0/inactive/ jphase=absent killpid=
00:48:32.771377038 pdns=645/0/active/running/ named=0/inactive/dead/ agent=0/inactive/ jphase=absent killpid=
00:48:33.053149525 pdns=645/0/active/running/ named=0/inactive/dead/ agent=0/inactive/ jphase=absent killpid=
00:48:33.335112567 pdns=645/0/active/running/ named=0/inactive/dead/ agent=0/inactive/ jphase=absent killpid=
00:48:33.618161992 pdns=645/0/active/running/ named=0/inactive/dead/ agent=0/inactive/ jphase=absent killpid=
00:48:33.906788997 pdns=645/0/active/running/ named=0/inactive/dead/ agent=0/inactive/ jphase=absent killpid=
00:48:34.187450102 pdns=645/0/active/running/ named=0/inactive/dead/ agent=0/inactive/ jphase=absent killpid=
00:48:34.470322619 pdns=645/0/active/running/ named=0/inactive/dead/ agent=0/inactive/ jphase=absent killpid=
00:48:34.760707939 pdns=645/0/active/running/ named=0/inactive/dead/ agent=0/inactive/ jphase=absent killpid=
00:48:35.044486360 pdns=645/0/active/running/ named=0/inactive/dead/ agent=0/inactive/ jphase=absent killpid=
00:48:35.333815449 pdns=645/0/active/running/ named=0/inactive/dead/ agent=0/inactive/ jphase=absent killpid=
00:48:35.616186470 pdns=645/0/active/running/ named=0/inactive/dead/ agent=0/inactive/ jphase=absent killpid=
00:48:35.899484971 pdns=645/0/active/running/ named=0/inactive/dead/ agent=0/inactive/ jphase=absent killpid=
00:48:36.180390699 pdns=645/0/active/running/ named=0/inactive/dead/ agent=0/inactive/ jphase=absent killpid=
00:48:36.461974617 pdns=645/0/active/running/ named=0/inactive/dead/ agent=0/inactive/ jphase=absent killpid=
00:48:36.743779710 pdns=645/0/active/running/ named=0/inactive/dead/ agent=0/inactive/ jphase=absent killpid=
00:48:37.036106855 pdns=645/0/active/running/ named=0/inactive/dead/ agent=0/inactive/ jphase=absent killpid=
00:48:37.317641969 pdns=645/0/active/running/ named=0/inactive/dead/ agent=0/inactive/ jphase=absent killpid=
00:48:37.599285360 pdns=645/0/active/running/ named=0/inactive/dead/ agent=0/inactive/ jphase=absent killpid=
00:48:37.881621663 pdns=645/0/active/running/ named=0/inactive/dead/ agent=0/inactive/ jphase=absent killpid=
00:48:38.167242367 pdns=645/0/active/running/ named=0/inactive/dead/ agent=0/inactive/ jphase=absent killpid=
00:48:38.451656914 pdns=645/0/active/running/ named=0/inactive/dead/ agent=0/inactive/ jphase=absent killpid=
00:48:38.734188836 pdns=645/0/active/running/ named=0/inactive/dead/ agent=0/inactive/ jphase=absent killpid=
00:48:39.027947384 pdns=645/0/active/running/ named=0/inactive/dead/ agent=0/inactive/ jphase=absent killpid=
00:48:39.315550208 pdns=645/0/active/running/ named=0/inactive/dead/ agent=0/inactive/ jphase=absent killpid=
00:48:39.598632545 pdns=645/0/active/running/ named=0/inactive/dead/ agent=0/inactive/ jphase=absent killpid=
00:48:39.880818755 pdns=645/0/active/running/ named=0/inactive/dead/ agent=0/inactive/ jphase=absent killpid=
00:48:40.162341847 pdns=645/0/active/running/ named=0/inactive/dead/ agent=0/inactive/ jphase=absent killpid=
00:48:40.443019259 pdns=645/0/active/running/ named=0/inactive/dead/ agent=0/inactive/ jphase=absent killpid=
00:48:40.727776088 pdns=645/0/active/running/ named=0/inactive/dead/ agent=0/inactive/ jphase=absent killpid=
00:48:41.013777932 pdns=645/0/active/running/ named=0/inactive/dead/ agent=0/inactive/ jphase=absent killpid=
00:48:41.298743941 pdns=645/0/active/running/ named=0/inactive/dead/ agent=0/inactive/ jphase=absent killpid=
00:48:41.586336065 pdns=645/0/active/running/ named=0/inactive/dead/ agent=0/inactive/ jphase=absent killpid=
00:48:41.875758311 pdns=645/0/active/running/ named=0/inactive/dead/ agent=0/inactive/ jphase=absent killpid=
00:48:42.157418849 pdns=645/0/active/running/ named=0/inactive/dead/ agent=0/inactive/ jphase=absent killpid=
00:48:42.438991852 pdns=645/0/active/running/ named=0/inactive/dead/ agent=0/inactive/ jphase=absent killpid=
00:48:42.719718370 pdns=645/0/active/running/ named=0/inactive/dead/ agent=0/inactive/ jphase=absent killpid=
00:48:43.007339529 pdns=645/0/active/running/ named=0/inactive/dead/ agent=0/inactive/ jphase=absent killpid=
00:48:43.290790014 pdns=645/0/active/running/ named=0/inactive/dead/ agent=0/inactive/ jphase=absent killpid=
00:48:43.580906853 pdns=645/0/active/running/ named=0/inactive/dead/ agent=0/inactive/ jphase=absent killpid=
00:48:43.861967073 pdns=645/0/active/running/ named=0/inactive/dead/ agent=0/inactive/ jphase=absent killpid=
00:48:44.143482669 pdns=645/0/active/running/ named=0/inactive/dead/ agent=0/inactive/ jphase=absent killpid=
00:48:44.423209474 pdns=645/0/active/running/ named=0/inactive/dead/ agent=0/inactive/ jphase=absent killpid=
00:48:44.704126838 pdns=645/0/active/running/ named=0/inactive/dead/ agent=0/inactive/ jphase=absent killpid=
00:48:44.991685198 pdns=645/0/active/running/ named=0/inactive/dead/ agent=0/inactive/ jphase=absent killpid=
00:48:45.290626566 pdns=645/0/active/running/ named=0/inactive/dead/ agent=0/inactive/ jphase=absent killpid=
00:48:45.575640526 pdns=645/0/active/running/ named=0/inactive/dead/ agent=0/inactive/ jphase=absent killpid=
00:48:45.856561816 pdns=645/0/active/running/ named=0/inactive/dead/ agent=0/inactive/ jphase=absent killpid=
00:48:46.139738210 pdns=645/0/active/running/ named=0/inactive/dead/ agent=0/inactive/ jphase=absent killpid=
00:48:46.427055501 pdns=645/0/active/running/ named=0/inactive/dead/ agent=0/inactive/ jphase=absent killpid=
00:48:46.723623156 pdns=645/0/active/running/ named=0/inactive/dead/ agent=0/inactive/ jphase=absent killpid=
00:48:47.037954956 pdns=645/0/active/running/ named=0/inactive/dead/ agent=0/inactive/ jphase=absent killpid=
00:48:47.322260758 pdns=645/0/active/running/ named=0/inactive/dead/ agent=0/inactive/ jphase=absent killpid=
00:48:47.605406025 pdns=645/0/active/running/ named=0/inactive/dead/ agent=0/inactive/ jphase=absent killpid=
00:48:47.891857614 pdns=645/0/active/running/ named=0/inactive/dead/ agent=0/inactive/ jphase=absent killpid=
00:48:48.174719801 pdns=645/0/active/running/ named=0/inactive/dead/ agent=0/inactive/ jphase=absent killpid=
00:48:48.456124392 pdns=645/0/active/running/ named=0/inactive/dead/ agent=0/inactive/ jphase=absent killpid=
00:48:48.746080433 pdns=645/0/active/running/ named=0/inactive/dead/ agent=0/inactive/ jphase=absent killpid=
00:48:49.039485592 pdns=645/0/active/running/ named=0/inactive/dead/ agent=0/inactive/ jphase=absent killpid=
00:48:49.322202139 pdns=645/0/active/running/ named=0/inactive/dead/ agent=0/inactive/ jphase=absent killpid=
00:48:49.603187653 pdns=645/0/active/running/ named=0/inactive/dead/ agent=0/inactive/ jphase=absent killpid=
00:48:49.883891153 pdns=645/0/active/running/ named=0/inactive/dead/ agent=0/inactive/ jphase=absent killpid=
00:48:50.166684984 pdns=645/0/active/running/ named=0/inactive/dead/ agent=0/inactive/ jphase=absent killpid=
00:48:50.449130479 pdns=645/0/active/running/ named=0/inactive/dead/ agent=0/inactive/ jphase=absent killpid=
00:48:50.736322372 pdns=645/0/active/running/ named=0/inactive/dead/ agent=0/inactive/ jphase=absent killpid=
00:48:51.020858561 pdns=645/0/active/running/ named=0/inactive/dead/ agent=0/inactive/ jphase=absent killpid=
00:48:51.302864773 pdns=645/0/active/running/ named=0/inactive/dead/ agent=0/inactive/ jphase=absent killpid=
00:48:51.589038524 pdns=645/0/active/running/ named=0/inactive/dead/ agent=0/inactive/ jphase=absent killpid=
00:48:51.875944785 pdns=645/0/active/running/ named=0/inactive/dead/ agent=0/inactive/ jphase=absent killpid=
00:48:52.171826024 pdns=645/0/active/running/ named=0/inactive/dead/ agent=0/inactive/ jphase=absent killpid=
00:48:52.457738317 pdns=645/0/active/running/ named=0/inactive/dead/ agent=0/inactive/ jphase=absent killpid=
00:48:52.739852656 pdns=645/0/active/running/ named=0/inactive/dead/ agent=0/inactive/ jphase=absent killpid=
00:48:53.022114019 pdns=645/0/active/running/ named=0/inactive/dead/ agent=0/inactive/ jphase=absent killpid=
00:48:53.303493734 pdns=645/0/active/running/ named=0/inactive/dead/ agent=0/inactive/ jphase=absent killpid=
00:48:53.585720182 pdns=645/0/active/running/ named=0/inactive/dead/ agent=0/inactive/ jphase=absent killpid=
00:48:53.866719788 pdns=645/0/active/running/ named=0/inactive/dead/ agent=0/inactive/ jphase=absent killpid=
00:48:54.151842815 pdns=645/0/active/running/ named=0/inactive/dead/ agent=0/inactive/ jphase=absent killpid=
00:48:54.441461586 pdns=645/0/active/running/ named=0/inactive/dead/ agent=0/inactive/ jphase=absent killpid=
00:48:54.725304412 pdns=645/0/active/running/ named=0/inactive/dead/ agent=0/inactive/ jphase=absent killpid=
00:48:55.006436100 pdns=645/0/active/running/ named=0/inactive/dead/ agent=0/inactive/ jphase=absent killpid=
00:48:55.289158309 pdns=645/0/active/running/ named=0/inactive/dead/ agent=0/inactive/ jphase=absent killpid=
00:48:55.575495877 pdns=645/0/active/running/ named=0/inactive/dead/ agent=0/inactive/ jphase=absent killpid=
00:48:55.861765627 pdns=645/0/active/running/ named=0/inactive/dead/ agent=0/inactive/ jphase=absent killpid=
00:48:56.144769800 pdns=645/0/active/running/ named=0/inactive/dead/ agent=0/inactive/ jphase=absent killpid=
00:48:56.915608221 pdns=645/0/active/running/ named=0/inactive/dead/ agent=0/inactive/ jphase=absent killpid=
00:48:57.198744247 pdns=645/0/active/running/ named=0/inactive/dead/ agent=0/inactive/ jphase=absent killpid=
00:48:57.484414470 pdns=645/0/active/running/ named=0/inactive/dead/ agent=0/inactive/ jphase=absent killpid=
00:48:57.789043901 pdns=645/0/active/running/ named=0/inactive/dead/ agent=0/inactive/ jphase=absent killpid=
00:48:58.074989246 pdns=645/0/active/running/ named=0/inactive/dead/ agent=0/inactive/ jphase=absent killpid=
done
