23:14:51.936136414 CHANGE journal none -> absent
23:14:51.947606333 CHANGE ledger none -> 69b6f988296a58760e3545e4848cbc0397ccc9ffc775984d3904f16223297c7a
23:14:51.956456309 CHANGE state none -> bf4a9548f6d346538181b444d4b05a2001214111dd60d97caa72926ff3887215
23:14:51.968577953 CHANGE pdnsdb none -> 3b096442c6f586370cc718f4a1d0606ca878d847454dbc54189c866eb3981ec9
23:14:51.972000282 POINTER 
23:14:51.973459031 pdns=640/0/active/running/ named=0/inactive/dead/ agent=0/inactive/ jphase=absent killpid=
23:14:52.366100021 pdns=640/0/active/running/ named=0/inactive/dead/ agent=0/inactive/ jphase=absent killpid=
23:14:52.658640778 pdns=640/0/active/running/ named=0/inactive/dead/ agent=0/inactive/ jphase=absent killpid=
23:14:52.973696423 pdns=640/0/active/running/ named=0/inactive/dead/ agent=0/inactive/ jphase=absent killpid=
23:14:53.273809235 pdns=640/0/active/running/ named=0/inactive/dead/ agent=0/inactive/ jphase=absent killpid=
23:14:53.568790758 pdns=640/0/active/running/ named=0/inactive/dead/ agent=0/inactive/ jphase=absent killpid=
23:14:53.858259563 pdns=640/0/active/running/ named=0/inactive/dead/ agent=0/inactive/ jphase=absent killpid=
23:14:54.142713520 pdns=640/0/active/running/ named=0/inactive/dead/ agent=0/inactive/ jphase=absent killpid=
23:14:54.424184424 pdns=640/0/active/running/ named=0/inactive/dead/ agent=0/inactive/ jphase=absent killpid=
23:14:54.714462874 pdns=640/0/active/running/ named=0/inactive/dead/ agent=0/inactive/ jphase=absent killpid=
23:14:54.998865379 pdns=640/0/active/running/ named=0/inactive/dead/ agent=0/inactive/ jphase=absent killpid=
23:14:55.283224908 pdns=640/0/active/running/ named=0/inactive/dead/ agent=0/inactive/ jphase=absent killpid=
23:14:55.571736642 pdns=640/0/active/running/ named=0/inactive/dead/ agent=0/inactive/ jphase=absent killpid=
23:14:55.863097872 pdns=640/0/active/running/ named=0/inactive/dead/ agent=0/inactive/ jphase=absent killpid=
23:14:56.144257747 pdns=640/0/active/running/ named=0/inactive/dead/ agent=0/inactive/ jphase=absent killpid=
23:14:56.428839555 pdns=640/0/active/running/ named=0/inactive/dead/ agent=0/inactive/ jphase=absent killpid=
23:14:56.708961595 pdns=640/0/active/running/ named=0/inactive/dead/ agent=0/inactive/ jphase=absent killpid=
23:14:56.994238298 pdns=640/0/active/running/ named=0/inactive/dead/ agent=0/inactive/ jphase=absent killpid=
23:14:57.284078052 pdns=640/0/active/running/ named=0/inactive/dead/ agent=0/inactive/ jphase=absent killpid=
23:14:57.604318065 pdns=640/0/active/running/ named=0/inactive/dead/ agent=0/inactive/ jphase=absent killpid=
23:14:57.886709095 pdns=640/0/active/running/ named=0/inactive/dead/ agent=0/inactive/ jphase=absent killpid=
23:14:58.170707946 pdns=640/0/active/running/ named=0/inactive/dead/ agent=0/inactive/ jphase=absent killpid=
23:14:58.455262658 pdns=640/0/active/running/ named=0/inactive/dead/ agent=0/inactive/ jphase=absent killpid=
23:14:58.737265394 pdns=640/0/active/running/ named=0/inactive/dead/ agent=0/inactive/ jphase=absent killpid=
23:14:59.019312648 pdns=640/0/active/running/ named=0/inactive/dead/ agent=0/inactive/ jphase=absent killpid=
23:14:59.314013789 pdns=640/0/active/running/ named=0/inactive/dead/ agent=0/inactive/ jphase=absent killpid=
23:14:59.596307507 pdns=640/0/active/running/ named=0/inactive/dead/ agent=0/inactive/ jphase=absent killpid=
23:14:59.879379246 pdns=640/0/active/running/ named=0/inactive/dead/ agent=0/inactive/ jphase=absent killpid=
23:15:00.161602878 pdns=640/0/active/running/ named=0/inactive/dead/ agent=0/inactive/ jphase=absent killpid=
23:15:00.446573381 pdns=640/0/active/running/ named=0/inactive/dead/ agent=0/inactive/ jphase=absent killpid=
23:15:00.728920677 pdns=640/0/active/running/ named=0/inactive/dead/ agent=0/inactive/ jphase=absent killpid=
23:15:01.013112694 pdns=640/0/active/running/ named=0/inactive/dead/ agent=0/inactive/ jphase=absent killpid=
23:15:01.298983486 pdns=640/0/active/running/ named=0/inactive/dead/ agent=0/inactive/ jphase=absent killpid=
23:15:01.583689982 pdns=640/0/active/running/ named=0/inactive/dead/ agent=0/inactive/ jphase=absent killpid=
23:15:01.869201558 pdns=640/0/active/running/ named=0/inactive/dead/ agent=0/inactive/ jphase=absent killpid=
23:15:02.147926850 pdns=640/0/active/running/ named=0/inactive/dead/ agent=0/inactive/ jphase=absent killpid=
23:15:02.433217023 pdns=640/0/active/running/ named=0/inactive/dead/ agent=0/inactive/ jphase=absent killpid=
23:15:02.721526635 pdns=640/0/active/running/ named=0/inactive/dead/ agent=0/inactive/ jphase=absent killpid=
23:15:03.007142396 pdns=640/0/active/running/ named=0/inactive/dead/ agent=0/inactive/ jphase=absent killpid=
23:15:03.288976858 pdns=640/0/active/running/ named=0/inactive/dead/ agent=0/inactive/ jphase=absent killpid=
23:15:03.570489475 pdns=640/0/active/running/ named=0/inactive/dead/ agent=0/inactive/ jphase=absent killpid=
23:15:03.851582040 pdns=640/0/active/running/ named=0/inactive/dead/ agent=0/inactive/ jphase=absent killpid=
23:15:04.135067264 pdns=640/0/active/running/ named=0/inactive/dead/ agent=0/inactive/ jphase=absent killpid=
23:15:04.418576884 pdns=640/0/active/running/ named=0/inactive/dead/ agent=0/inactive/ jphase=absent killpid=
23:15:04.699764089 pdns=640/0/active/running/ named=0/inactive/dead/ agent=0/inactive/ jphase=absent killpid=
23:15:04.983203603 pdns=640/0/active/running/ named=0/inactive/dead/ agent=0/inactive/ jphase=absent killpid=
23:15:05.268823621 pdns=640/0/active/running/ named=0/inactive/dead/ agent=0/inactive/ jphase=absent killpid=
23:15:05.552425799 pdns=640/0/active/running/ named=0/inactive/dead/ agent=0/inactive/ jphase=absent killpid=
23:15:05.837619092 pdns=640/0/active/running/ named=0/inactive/dead/ agent=0/inactive/ jphase=absent killpid=
23:15:06.129376450 pdns=640/0/active/running/ named=0/inactive/dead/ agent=0/inactive/ jphase=absent killpid=
23:15:06.418199213 pdns=640/0/active/running/ named=0/inactive/dead/ agent=0/inactive/ jphase=absent killpid=
23:15:06.708402599 pdns=640/0/active/running/ named=0/inactive/dead/ agent=0/inactive/ jphase=absent killpid=
23:15:06.989931352 pdns=640/0/active/running/ named=0/inactive/dead/ agent=0/inactive/ jphase=absent killpid=
23:15:07.271270240 pdns=640/0/active/running/ named=0/inactive/dead/ agent=0/inactive/ jphase=absent killpid=
23:15:07.554572143 pdns=640/0/active/running/ named=0/inactive/dead/ agent=0/inactive/ jphase=absent killpid=
23:15:07.836235642 pdns=640/0/active/running/ named=0/inactive/dead/ agent=0/inactive/ jphase=absent killpid=
23:15:08.120514547 pdns=640/0/active/running/ named=0/inactive/dead/ agent=0/inactive/ jphase=absent killpid=
23:15:08.803788306 pdns=640/0/active/running/ named=0/inactive/dead/ agent=0/inactive/ jphase=absent killpid=
23:15:11.019002937 pdns=640/0/active/running/ named=0/inactive/dead/ agent=0/inactive/ jphase=absent killpid=
23:15:12.523613709 pdns=640/0/active/running/ named=0/inactive/dead/ agent=0/inactive/ jphase=absent killpid=
23:15:12.808442960 pdns=640/0/active/running/ named=0/inactive/dead/ agent=0/inactive/ jphase=absent killpid=
23:15:13.090775108 pdns=640/0/active/running/ named=0/inactive/dead/ agent=0/inactive/ jphase=absent killpid=
23:15:13.374838089 pdns=640/0/active/running/ named=0/inactive/dead/ agent=0/inactive/ jphase=absent killpid=
23:15:13.655651479 pdns=640/0/active/running/ named=0/inactive/dead/ agent=0/inactive/ jphase=absent killpid=
23:15:13.939382527 pdns=640/0/active/running/ named=0/inactive/dead/ agent=0/inactive/ jphase=absent killpid=
23:15:14.221977937 pdns=640/0/active/running/ named=0/inactive/dead/ agent=0/inactive/ jphase=absent killpid=
23:15:14.508339948 pdns=640/0/active/running/ named=0/inactive/dead/ agent=0/inactive/ jphase=absent killpid=
23:15:14.794434440 pdns=640/0/active/running/ named=0/inactive/dead/ agent=0/inactive/ jphase=absent killpid=
23:15:15.086600110 pdns=640/0/active/running/ named=0/inactive/dead/ agent=0/inactive/ jphase=absent killpid=
23:15:15.370948438 pdns=640/0/active/running/ named=0/inactive/dead/ agent=0/inactive/ jphase=absent killpid=
23:15:15.653967626 pdns=640/0/active/running/ named=0/inactive/dead/ agent=0/inactive/ jphase=absent killpid=
23:15:15.938832824 pdns=640/0/active/running/ named=0/inactive/dead/ agent=0/inactive/ jphase=absent killpid=
23:15:16.222295435 pdns=640/0/active/running/ named=0/inactive/dead/ agent=0/inactive/ jphase=absent killpid=
23:15:16.526075790 pdns=640/0/active/running/ named=0/inactive/dead/ agent=0/inactive/ jphase=absent killpid=
23:15:16.815399166 pdns=640/0/active/running/ named=0/inactive/dead/ agent=0/inactive/ jphase=absent killpid=
23:15:17.102669781 pdns=640/0/active/running/ named=0/inactive/dead/ agent=0/inactive/ jphase=absent killpid=
23:15:17.385820592 pdns=640/0/active/running/ named=0/inactive/dead/ agent=0/inactive/ jphase=absent killpid=
23:15:17.669167859 pdns=640/0/active/running/ named=0/inactive/dead/ agent=0/inactive/ jphase=absent killpid=
23:15:17.952802767 pdns=640/0/active/running/ named=0/inactive/dead/ agent=0/inactive/ jphase=absent killpid=
23:15:18.235087428 pdns=640/0/active/running/ named=0/inactive/dead/ agent=0/inactive/ jphase=absent killpid=
23:15:18.522728193 pdns=640/0/active/running/ named=0/inactive/dead/ agent=0/inactive/ jphase=absent killpid=
23:15:18.839785426 pdns=640/0/active/running/ named=0/inactive/dead/ agent=0/inactive/ jphase=absent killpid=
23:15:19.123402722 pdns=640/0/active/running/ named=0/inactive/dead/ agent=0/inactive/ jphase=absent killpid=
23:15:19.412936738 pdns=640/0/active/running/ named=0/inactive/dead/ agent=0/inactive/ jphase=absent killpid=
23:15:19.701064911 pdns=640/0/active/running/ named=0/inactive/dead/ agent=0/inactive/ jphase=absent killpid=
23:15:19.984960436 pdns=640/0/active/running/ named=0/inactive/dead/ agent=0/inactive/ jphase=absent killpid=
23:15:20.282692350 pdns=640/0/active/running/ named=0/inactive/dead/ agent=0/inactive/ jphase=absent killpid=
23:15:20.569374411 pdns=640/0/active/running/ named=0/inactive/dead/ agent=0/inactive/ jphase=absent killpid=
23:15:20.874308837 pdns=640/0/active/running/ named=0/inactive/dead/ agent=0/inactive/ jphase=absent killpid=
23:15:21.162271997 pdns=640/0/active/running/ named=0/inactive/dead/ agent=0/inactive/ jphase=absent killpid=
23:15:21.452353587 pdns=640/0/active/running/ named=0/inactive/dead/ agent=0/inactive/ jphase=absent killpid=
23:15:21.743726833 pdns=640/0/active/running/ named=0/inactive/dead/ agent=0/inactive/ jphase=absent killpid=
23:15:22.051256502 pdns=640/0/active/running/ named=0/inactive/dead/ agent=0/inactive/ jphase=absent killpid=
23:15:22.362303988 pdns=640/0/active/running/ named=0/inactive/dead/ agent=0/inactive/ jphase=absent killpid=
23:15:22.648480900 pdns=640/0/active/running/ named=0/inactive/dead/ agent=0/inactive/ jphase=absent killpid=
23:15:22.933225085 pdns=640/0/active/running/ named=0/inactive/dead/ agent=0/inactive/ jphase=absent killpid=
23:15:23.220097624 pdns=640/0/active/running/ named=0/inactive/dead/ agent=0/inactive/ jphase=absent killpid=
23:15:23.508016257 pdns=640/0/active/running/ named=0/inactive/dead/ agent=0/inactive/ jphase=absent killpid=
23:15:23.792796878 pdns=640/0/active/running/ named=0/inactive/dead/ agent=0/inactive/ jphase=absent killpid=
23:15:24.086866148 pdns=640/0/active/running/ named=0/inactive/dead/ agent=0/inactive/ jphase=absent killpid=
done
