14:01:47.219385063 CHANGE journal none -> absent
14:01:47.229347429 CHANGE ledger none -> 177f61d12ed0bb85e6ea535b807b376e26bbe0871405a13867c0b3cb6ea4b211
14:01:47.232914497 CHANGE state none -> absent
14:01:47.234438942 pdns=0/0/inactive/dead/ named=0/inactive/dead/ agent=0/inactive/ jphase=absent killpid=
14:01:47.495973952 pdns=0/0/inactive/dead/ named=0/inactive/dead/ agent=0/inactive/ jphase=absent killpid=
14:01:47.760689568 pdns=0/0/inactive/dead/ named=0/inactive/dead/ agent=0/inactive/ jphase=absent killpid=
14:01:48.022318627 pdns=0/0/inactive/dead/ named=0/inactive/dead/ agent=0/inactive/ jphase=absent killpid=
14:01:48.285810493 pdns=0/0/inactive/dead/ named=0/inactive/dead/ agent=0/inactive/ jphase=absent killpid=
14:01:48.558637313 pdns=0/0/inactive/dead/ named=0/inactive/dead/ agent=0/inactive/ jphase=absent killpid=2077,2110,
14:01:48.843148248 CHANGE ledger 177f61d12ed0bb85e6ea535b807b376e26bbe0871405a13867c0b3cb6ea4b211 -> d8c4f520c44e0a7881783bfbdef904553afca0e4b88c0fb3d42794ff93d1f557
14:01:48.844585594 pdns=0/0/inactive/dead/ named=0/inactive/dead/ agent=0/inactive/ jphase=absent killpid=2077,2203,
14:01:49.118111588 CHANGE ledger d8c4f520c44e0a7881783bfbdef904553afca0e4b88c0fb3d42794ff93d1f557 -> 663da83fde5f9085d2edd4a5dc86ecce007df371c72c9f35fc9fca0aefbb0f5a
14:01:49.119286234 pdns=0/0/inactive/dead/ named=0/inactive/dead/ agent=0/inactive/ jphase=absent killpid=2077,2308,
14:01:49.529891280 CHANGE ledger 663da83fde5f9085d2edd4a5dc86ecce007df371c72c9f35fc9fca0aefbb0f5a -> f5fa356f6724ad5984e3f314c13c6e600ee14c607357beddd403e5f721593952
14:01:49.531328112 pdns=0/0/inactive/dead/ named=0/inactive/dead/ agent=0/inactive/ jphase=absent killpid=2077,2390,
14:01:49.808169853 CHANGE ledger f5fa356f6724ad5984e3f314c13c6e600ee14c607357beddd403e5f721593952 -> dd656624d07cd8aaf95ec50c6bfd9cdf143f02b80839cbfca8745a68d872a9f9
14:01:49.809551591 pdns=0/0/inactive/dead/ named=0/inactive/dead/ agent=0/inactive/ jphase=absent killpid=2077,2390,
14:01:50.074550853 pdns=0/0/inactive/dead/ named=0/inactive/dead/ agent=0/inactive/ jphase=absent killpid=2077,2390,
14:01:50.348115118 pdns=0/0/inactive/dead/ named=0/inactive/dead/ agent=0/inactive/ jphase=absent killpid=2077,2390,
14:01:50.627867331 pdns=0/0/inactive/dead/ named=0/inactive/dead/ agent=0/inactive/ jphase=absent killpid=2077,2390,
14:01:50.943683629 pdns=0/0/inactive/dead/ named=0/inactive/dead/ agent=0/inactive/ jphase=absent killpid=2077,2390,
14:01:51.227431894 pdns=0/0/inactive/dead/ named=0/inactive/dead/ agent=0/inactive/ jphase=absent killpid=2077,2390,
14:01:51.494689160 pdns=0/0/inactive/dead/ named=0/inactive/dead/ agent=0/inactive/ jphase=absent killpid=2077,2390,
14:01:51.764582575 pdns=0/0/inactive/dead/ named=0/inactive/dead/ agent=0/inactive/ jphase=absent killpid=2077,2390,
14:01:52.032532611 pdns=0/0/inactive/dead/ named=0/inactive/dead/ agent=0/inactive/ jphase=absent killpid=2077,2390,
14:01:52.301794545 pdns=0/0/inactive/dead/ named=0/inactive/dead/ agent=0/inactive/ jphase=absent killpid=2077,
14:01:52.577247707 CHANGE ledger dd656624d07cd8aaf95ec50c6bfd9cdf143f02b80839cbfca8745a68d872a9f9 -> e2d74561bb94a78fa7ca4b42001b5285d407da9af1861d1c785c41ee1e77a60c
14:01:52.578430914 pdns=0/0/inactive/dead/ named=0/inactive/dead/ agent=0/inactive/ jphase=absent killpid=2077,2633,
14:01:52.845399871 pdns=0/0/inactive/dead/ named=0/inactive/dead/ agent=0/inactive/ jphase=absent killpid=2077,2633,
14:01:53.111597810 pdns=0/0/inactive/dead/ named=0/inactive/dead/ agent=0/inactive/ jphase=absent killpid=2077,2633,
14:01:53.382139562 pdns=0/0/inactive/dead/ named=0/inactive/dead/ agent=0/inactive/ jphase=absent killpid=2077,2633,
14:01:53.660126417 CHANGE ledger e2d74561bb94a78fa7ca4b42001b5285d407da9af1861d1c785c41ee1e77a60c -> fc5552a123ccde0bb8026c59a0d6b18a15f581c8af9d7168aa005e6756810680
14:01:53.661322690 pdns=0/0/inactive/dead/ named=0/inactive/dead/ agent=0/inactive/ jphase=absent killpid=2077,2633,
14:01:53.928839178 pdns=0/0/inactive/dead/ named=0/inactive/dead/ agent=0/inactive/ jphase=absent killpid=2077,2633,
14:01:54.196466134 pdns=0/0/inactive/dead/ named=0/inactive/dead/ agent=0/inactive/ jphase=absent killpid=2077,2633,
14:01:54.470673535 pdns=0/0/inactive/dead/ named=0/inactive/dead/ agent=0/inactive/ jphase=absent killpid=2077,2633,
14:01:54.747648370 pdns=0/0/inactive/dead/ named=0/inactive/dead/ agent=0/inactive/ jphase=absent killpid=2077,2633,
14:01:55.033783032 pdns=0/0/inactive/dead/ named=0/inactive/dead/ agent=0/inactive/ jphase=absent killpid=2077,2633,
14:01:55.335009418 pdns=0/0/inactive/dead/ named=0/inactive/dead/ agent=0/inactive/ jphase=absent killpid=2077,2633,
14:01:55.613084875 pdns=0/0/inactive/dead/ named=0/inactive/dead/ agent=0/inactive/ jphase=absent killpid=2077,2633,
14:01:55.889464410 pdns=0/0/inactive/dead/ named=0/inactive/dead/ agent=0/inactive/ jphase=absent killpid=2077,2633,
14:01:56.155556525 pdns=0/0/inactive/dead/ named=0/inactive/dead/ agent=0/inactive/ jphase=absent killpid=2077,2633,
14:01:56.428486163 pdns=0/0/inactive/dead/ named=0/inactive/dead/ agent=0/inactive/ jphase=absent killpid=2077,2633,
14:01:56.694634153 pdns=0/0/inactive/dead/ named=0/inactive/dead/ agent=0/inactive/ jphase=absent killpid=2077,2633,
14:01:56.959339388 pdns=0/0/inactive/dead/ named=0/inactive/dead/ agent=0/inactive/ jphase=absent killpid=2077,2633,
14:01:57.227697130 pdns=0/0/inactive/dead/ named=0/inactive/dead/ agent=0/inactive/ jphase=absent killpid=2077,3425,
14:01:57.687961170 CHANGE ledger fc5552a123ccde0bb8026c59a0d6b18a15f581c8af9d7168aa005e6756810680 -> 2025800084e8d76c24cd298931711c5fcff0f0a704b657c0314ce590d1031189
14:01:57.689510802 pdns=0/0/inactive/dead/ named=0/inactive/dead/ agent=0/inactive/ jphase=absent killpid=2077,3542,
14:01:58.146580117 CHANGE ledger 2025800084e8d76c24cd298931711c5fcff0f0a704b657c0314ce590d1031189 -> bb260815d9dfe051a5c7c829dac75caef967d3ab8fce55b2f03090a1c9ffb3c9
14:01:58.148094982 pdns=0/0/inactive/dead/ named=0/inactive/dead/ agent=0/inactive/ jphase=absent killpid=2077,
14:01:58.424794657 CHANGE ledger bb260815d9dfe051a5c7c829dac75caef967d3ab8fce55b2f03090a1c9ffb3c9 -> 73d3a41a680010eb89ae404e45f4c462dd39af6dda7ea3bdea7a4913620c2c82
14:01:58.426369969 pdns=0/0/inactive/dead/ named=0/inactive/dead/ agent=0/inactive/ jphase=absent killpid=2077,3739,
14:01:58.706770655 CHANGE ledger 73d3a41a680010eb89ae404e45f4c462dd39af6dda7ea3bdea7a4913620c2c82 -> ec50fe890e99081bed497d2cfa7e17afa700f5f3440365ad04e7bcd557145d24
14:01:58.708082908 pdns=0/0/inactive/dead/ named=0/inactive/dead/ agent=0/inactive/ jphase=absent killpid=2077,3839,
14:01:58.991010495 CHANGE journal absent -> 38181e1e28ca5515d44a2c1f2d41b4fd04760e9dd6e6d7414915d8d0a6ad4309
14:01:58.999038833 CHANGE ledger ec50fe890e99081bed497d2cfa7e17afa700f5f3440365ad04e7bcd557145d24 -> b5f05a008ef4ecafb79dd9c3a4878563e8dceee75d82209cd8553e576a82f47c
14:01:59.000350955 pdns=0/0/inactive/dead/ named=0/inactive/dead/ agent=0/inactive/ jphase=source-stopped killpid=2077,3912,
14:01:59.266222173 CHANGE journal 38181e1e28ca5515d44a2c1f2d41b4fd04760e9dd6e6d7414915d8d0a6ad4309 -> b568dd26c092df6a3f78a16b433b684e78c03dd091519d743a1cd423c15f192d
14:01:59.279307407 CHANGE ledger b5f05a008ef4ecafb79dd9c3a4878563e8dceee75d82209cd8553e576a82f47c -> 8e6679cc061c29addc0360eccd885c2cb3e9de1c3de5bcd2091966824edce9fc
14:01:59.280620257 pdns=0/0/inactive/dead/ named=0/inactive/dead/ agent=0/inactive/ jphase=source-stopped killpid=2077,4018,
14:01:59.749834384 CHANGE ledger 8e6679cc061c29addc0360eccd885c2cb3e9de1c3de5bcd2091966824edce9fc -> 3bc8fc8140f9f25715c18e7093e9f78fd9b176d8d5201141b7264636b1871647
14:01:59.751257067 pdns=0/0/inactive/dead/ named=0/inactive/dead/ agent=0/inactive/ jphase=source-stopped killpid=2077,4122,
14:02:00.171098441 CHANGE ledger 3bc8fc8140f9f25715c18e7093e9f78fd9b176d8d5201141b7264636b1871647 -> 0c51ea1287e1024dd295ca4e6fdbfd921498627d016deb7498569b279558730a
14:02:00.172403563 pdns=0/0/inactive/dead/ named=0/inactive/dead/ agent=0/inactive/ jphase=source-stopped killpid=2077,
14:02:00.445646930 CHANGE ledger 0c51ea1287e1024dd295ca4e6fdbfd921498627d016deb7498569b279558730a -> bf0334d9d2c2de42daad9c2bed1d58d240f0f88a29ce915ae387479807f8e2e0
14:02:00.446898583 pdns=0/0/inactive/dead/ named=0/inactive/dead/ agent=0/inactive/ jphase=source-stopped killpid=2077,
14:02:00.737904426 CHANGE ledger bf0334d9d2c2de42daad9c2bed1d58d240f0f88a29ce915ae387479807f8e2e0 -> f0a8cc1e168a00eaf6164c5996cf32ac0e8233626f8c56f050342c07199c4612
14:02:00.739091521 pdns=0/0/inactive/dead/ named=0/inactive/dead/ agent=0/inactive/ jphase=source-stopped killpid=2077,4334,
14:02:01.271427252 CHANGE ledger f0a8cc1e168a00eaf6164c5996cf32ac0e8233626f8c56f050342c07199c4612 -> 29bc3b9916672f0a8ca1ebeb38ac16a6255959a8d4c2c8fe75790d0f72b9f830
14:02:01.272726178 pdns=0/0/inactive/dead/ named=0/inactive/dead/ agent=0/inactive/ jphase=source-stopped killpid=2077,4560,
14:02:01.717419423 CHANGE ledger 29bc3b9916672f0a8ca1ebeb38ac16a6255959a8d4c2c8fe75790d0f72b9f830 -> e91a659872d3dc3e92d33e74ead5f86d2547fe2df42838ebe38a9f1b0e0ba6f1
14:02:01.719160468 pdns=0/0/inactive/dead/ named=0/inactive/dead/ agent=0/inactive/ jphase=source-stopped killpid=2077,4652,
14:02:02.005296467 CHANGE ledger e91a659872d3dc3e92d33e74ead5f86d2547fe2df42838ebe38a9f1b0e0ba6f1 -> c8c5d51269b1d4868f3b1d181a784ead4724e3f728e0be740e15d5ae7e6476ee
14:02:02.006629458 pdns=0/0/inactive/dead/ named=4705/active/running/ agent=0/inactive/ jphase=source-stopped killpid=2077,4744,
14:02:02.289124734 CHANGE ledger c8c5d51269b1d4868f3b1d181a784ead4724e3f728e0be740e15d5ae7e6476ee -> 55dd678f729a2623563e0e935de1f58118c20fc7c1fdb06cec1e5a9184032178
14:02:02.290445014 pdns=0/0/inactive/dead/ named=4705/active/running/ agent=0/inactive/ jphase=source-stopped killpid=2077,
14:02:02.586263339 CHANGE ledger 55dd678f729a2623563e0e935de1f58118c20fc7c1fdb06cec1e5a9184032178 -> 8adef199896a29fb242c29ed2eedd39d794fc1dc14d5d397310d1fdb1a11efc7
14:02:02.587666306 pdns=0/0/inactive/dead/ named=4705/active/running/ agent=0/inactive/ jphase=source-stopped killpid=2077,
14:02:02.865912031 CHANGE ledger 8adef199896a29fb242c29ed2eedd39d794fc1dc14d5d397310d1fdb1a11efc7 -> 8fcd981aa680ad2a59a5ad689a97b384da0d351a5fef7374a77adfde49fce4a8
14:02:02.868048588 pdns=0/0/inactive/dead/ named=4705/active/running/ agent=0/inactive/ jphase=source-stopped killpid=2077,
14:02:03.144480188 CHANGE ledger 8fcd981aa680ad2a59a5ad689a97b384da0d351a5fef7374a77adfde49fce4a8 -> 223caed475f1e88e3af7dc89d94bb0c960725d94ac1e6aa3341ad4d198a41adc
14:02:03.145993403 pdns=0/0/inactive/dead/ named=4705/active/running/ agent=0/inactive/ jphase=target-started killpid=2077,5125,
14:02:03.418321828 CHANGE journal b568dd26c092df6a3f78a16b433b684e78c03dd091519d743a1cd423c15f192d -> c5e30a5622cee11e9a3e1a5a2f0cb495382f5212b63968aba546de79afb4ef99
14:02:03.431974064 CHANGE ledger 223caed475f1e88e3af7dc89d94bb0c960725d94ac1e6aa3341ad4d198a41adc -> 7759b1362b5df6722f19fea664f2b8453c522fdb298d50fd48ec316809f27ab2
14:02:03.434714665 pdns=0/0/inactive/dead/ named=4705/active/running/ agent=0/inactive/ jphase=target-started killpid=2077,5225,
14:02:03.715717512 CHANGE ledger 7759b1362b5df6722f19fea664f2b8453c522fdb298d50fd48ec316809f27ab2 -> 8144a7e5ebd814d4fbf9316f7aed18689ba1c494f1f91f0a9d3a8afbcebd4008
14:02:03.717120455 pdns=0/0/inactive/dead/ named=4705/active/running/ agent=0/inactive/ jphase=target-started killpid=2077,5313,
14:02:03.992025504 CHANGE ledger 8144a7e5ebd814d4fbf9316f7aed18689ba1c494f1f91f0a9d3a8afbcebd4008 -> 5921d6cd6fcad3530ab55eb13d25b1fbe638550f7702e98b92db5201e4dfff24
14:02:03.993711082 pdns=0/0/inactive/dead/ named=4705/active/running/ agent=0/inactive/ jphase=target-started killpid=2077,
14:02:04.287292964 CHANGE ledger 5921d6cd6fcad3530ab55eb13d25b1fbe638550f7702e98b92db5201e4dfff24 -> 692da488f39a8a80ca55761357438cb28d2a0da7f1ebdaacaa8829bb72b4c430
14:02:04.288584103 pdns=0/0/inactive/dead/ named=4705/active/running/ agent=0/inactive/ jphase=target-started killpid=2077,5491,
14:02:04.567986152 CHANGE ledger 692da488f39a8a80ca55761357438cb28d2a0da7f1ebdaacaa8829bb72b4c430 -> 1f5fa2475f5ed6460e1d917ec6810d03a0ac1f87533e2307c0866dbbbbc16ef0
14:02:04.569253736 pdns=0/0/inactive/dead/ named=4705/active/running/ agent=0/inactive/ jphase=target-verified killpid=
14:02:04.834096070 CHANGE journal c5e30a5622cee11e9a3e1a5a2f0cb495382f5212b63968aba546de79afb4ef99 -> d30ac9413b50a872623aa209fd308d5f3e24d9ff48a0a941c6e828ad62e472b3
14:02:04.852009777 CHANGE state absent -> eae4ab1ed1a027dc98071dbebb3e75a21dc5da0a24f7739d039099c7905b0618
14:02:04.853718634 pdns=0/0/inactive/dead/ named=4705/active/running/ agent=5553/active/ jphase=target-verified killpid=
14:02:05.208108918 pdns=0/0/inactive/dead/ named=4705/active/running/ agent=5553/active/ jphase=target-verified killpid=
14:02:05.468348046 CHANGE journal d30ac9413b50a872623aa209fd308d5f3e24d9ff48a0a941c6e828ad62e472b3 -> 5224674101f143e4c1052aea5351672a0938eff4c17e4e5bda1196ceeca6846d
14:02:05.476664269 pdns=0/0/inactive/dead/ named=4705/active/running/ agent=5553/active/ jphase=committed killpid=
14:02:05.747108863 pdns=0/0/inactive/dead/ named=4705/active/running/ agent=5553/active/ jphase=committed killpid=
14:02:06.023992483 pdns=0/0/inactive/dead/ named=4705/active/running/ agent=5553/active/ jphase=committed killpid=
14:02:06.278178172 CHANGE journal 5224674101f143e4c1052aea5351672a0938eff4c17e4e5bda1196ceeca6846d -> absent
14:02:06.286941195 CHANGE ledger 1f5fa2475f5ed6460e1d917ec6810d03a0ac1f87533e2307c0866dbbbbc16ef0 -> d5f7fe4e3a6c5c4a63f9f01767d3800a05955fd40c30579e411190adc5e72876
14:02:06.291726496 pdns=0/0/inactive/dead/ named=4705/active/running/ agent=5553/active/ jphase=absent killpid=
14:02:06.575457389 pdns=0/0/inactive/dead/ named=4705/active/running/ agent=5553/active/ jphase=absent killpid=
14:02:06.850127520 pdns=0/0/inactive/dead/ named=4705/active/running/ agent=5553/active/ jphase=absent killpid=
14:02:07.117354664 pdns=0/0/inactive/dead/ named=4705/active/running/ agent=5553/active/ jphase=absent killpid=
14:02:07.387696820 pdns=0/0/inactive/dead/ named=4705/active/running/ agent=5553/active/ jphase=absent killpid=
14:02:07.668096786 pdns=0/0/inactive/dead/ named=4705/active/running/ agent=5553/active/ jphase=absent killpid=
14:02:07.934635857 pdns=0/0/inactive/dead/ named=4705/active/running/ agent=5553/active/ jphase=absent killpid=
14:02:08.201075232 pdns=0/0/inactive/dead/ named=4705/active/running/ agent=5553/active/ jphase=absent killpid=
14:02:08.466316003 pdns=0/0/inactive/dead/ named=4705/active/running/ agent=5553/active/ jphase=absent killpid=
14:02:08.730390497 pdns=0/0/inactive/dead/ named=4705/active/running/ agent=5553/active/ jphase=absent killpid=
14:02:08.993546596 pdns=0/0/inactive/dead/ named=4705/active/running/ agent=5553/active/ jphase=absent killpid=
14:02:09.255741361 pdns=0/0/inactive/dead/ named=4705/active/running/ agent=5553/active/ jphase=absent killpid=
14:02:09.526099622 pdns=0/0/inactive/dead/ named=4705/active/running/ agent=5553/active/ jphase=absent killpid=
14:02:09.799990868 pdns=0/0/inactive/dead/ named=4705/active/running/ agent=5553/active/ jphase=absent killpid=
14:02:10.070809050 pdns=0/0/inactive/dead/ named=4705/active/running/ agent=5553/active/ jphase=absent killpid=
14:02:10.339532662 pdns=0/0/inactive/dead/ named=4705/active/running/ agent=5553/active/ jphase=absent killpid=
14:02:10.606114624 pdns=0/0/inactive/dead/ named=4705/active/running/ agent=5553/active/ jphase=absent killpid=
14:02:10.881521024 pdns=0/0/inactive/dead/ named=4705/active/running/ agent=5553/active/ jphase=absent killpid=
14:02:11.157814548 pdns=0/0/inactive/dead/ named=4705/active/running/ agent=5553/active/ jphase=absent killpid=
14:02:11.424494066 pdns=0/0/inactive/dead/ named=4705/active/running/ agent=5553/active/ jphase=absent killpid=
14:02:11.694511993 pdns=0/0/inactive/dead/ named=4705/active/running/ agent=5553/active/ jphase=absent killpid=
14:02:11.982162323 pdns=0/0/inactive/dead/ named=4705/active/running/ agent=5553/active/ jphase=absent killpid=
14:02:12.257120599 pdns=0/0/inactive/dead/ named=4705/active/running/ agent=5553/active/ jphase=absent killpid=
14:02:12.529890890 pdns=0/0/inactive/dead/ named=4705/active/running/ agent=5553/active/ jphase=absent killpid=
14:02:12.799465056 pdns=0/0/inactive/dead/ named=4705/active/running/ agent=5553/active/ jphase=absent killpid=
14:02:13.072123212 pdns=0/0/inactive/dead/ named=4705/active/running/ agent=5553/active/ jphase=absent killpid=
14:02:13.342966973 pdns=0/0/inactive/dead/ named=4705/active/running/ agent=5553/active/ jphase=absent killpid=
14:02:13.618302965 pdns=0/0/inactive/dead/ named=4705/active/running/ agent=5553/active/ jphase=absent killpid=
14:02:13.892529078 pdns=0/0/inactive/dead/ named=4705/active/running/ agent=5553/active/ jphase=absent killpid=
14:02:14.166110229 pdns=0/0/inactive/dead/ named=4705/active/running/ agent=5553/active/ jphase=absent killpid=
14:02:15.162941600 pdns=0/0/inactive/dead/ named=4705/active/running/ agent=5553/active/ jphase=absent killpid=
14:02:16.882765296 pdns=0/0/inactive/dead/ named=4705/active/running/ agent=5553/active/ jphase=absent killpid=
14:02:17.159823126 pdns=0/0/inactive/dead/ named=4705/active/running/ agent=5553/active/ jphase=absent killpid=
14:02:17.439800476 pdns=0/0/inactive/dead/ named=4705/active/running/ agent=5553/active/ jphase=absent killpid=
14:02:17.709930915 pdns=0/0/inactive/dead/ named=4705/active/running/ agent=5553/active/ jphase=absent killpid=
14:02:17.978892454 pdns=0/0/inactive/dead/ named=4705/active/running/ agent=5553/active/ jphase=absent killpid=
14:02:18.249124842 pdns=0/0/inactive/dead/ named=4705/active/running/ agent=5553/active/ jphase=absent killpid=
14:02:18.517312638 pdns=0/0/inactive/dead/ named=4705/active/running/ agent=5553/active/ jphase=absent killpid=
14:02:18.793417737 pdns=0/0/inactive/dead/ named=4705/active/running/ agent=5553/active/ jphase=absent killpid=
14:02:19.070517151 pdns=0/0/inactive/dead/ named=4705/active/running/ agent=5553/active/ jphase=absent killpid=
14:02:19.429769019 pdns=0/0/inactive/dead/ named=4705/active/running/ agent=5553/active/ jphase=absent killpid=
14:02:19.712106736 pdns=0/0/inactive/dead/ named=4705/active/running/ agent=5553/active/ jphase=absent killpid=
14:02:19.988652193 pdns=0/0/inactive/dead/ named=4705/active/running/ agent=5553/active/ jphase=absent killpid=
14:02:20.257747623 pdns=0/0/inactive/dead/ named=4705/active/running/ agent=5553/active/ jphase=absent killpid=
14:02:20.530229592 pdns=0/0/inactive/dead/ named=4705/active/running/ agent=5553/active/ jphase=absent killpid=
14:02:20.815715950 pdns=0/0/inactive/dead/ named=4705/active/running/ agent=5553/active/ jphase=absent killpid=
14:02:21.085305943 pdns=0/0/inactive/dead/ named=4705/active/running/ agent=5553/active/ jphase=absent killpid=
14:02:21.353433781 pdns=0/0/inactive/dead/ named=4705/active/running/ agent=5553/active/ jphase=absent killpid=
14:02:21.623909882 pdns=0/0/inactive/dead/ named=4705/active/running/ agent=5553/active/ jphase=absent killpid=
14:02:21.903711489 pdns=0/0/inactive/dead/ named=4705/active/running/ agent=5553/active/ jphase=absent killpid=
14:02:22.168284057 pdns=0/0/inactive/dead/ named=4705/active/running/ agent=5553/active/ jphase=absent killpid=
14:02:22.439831703 pdns=0/0/inactive/dead/ named=4705/active/running/ agent=5553/active/ jphase=absent killpid=
14:02:22.707177598 pdns=0/0/inactive/dead/ named=4705/active/running/ agent=5553/active/ jphase=absent killpid=
14:02:22.974201362 pdns=0/0/inactive/dead/ named=4705/active/running/ agent=5553/active/ jphase=absent killpid=
14:02:23.243844589 pdns=0/0/inactive/dead/ named=4705/active/running/ agent=5553/active/ jphase=absent killpid=
14:02:23.510148331 pdns=0/0/inactive/dead/ named=4705/active/running/ agent=5553/active/ jphase=absent killpid=
14:02:23.776027710 pdns=0/0/inactive/dead/ named=4705/active/running/ agent=5553/active/ jphase=absent killpid=
14:02:24.046080538 pdns=0/0/inactive/dead/ named=4705/active/running/ agent=5553/active/ jphase=absent killpid=
14:02:24.311705571 pdns=0/0/inactive/dead/ named=4705/active/running/ agent=5553/active/ jphase=absent killpid=
14:02:24.597800735 pdns=0/0/inactive/dead/ named=4705/active/running/ agent=5553/active/ jphase=absent killpid=
14:02:24.861133743 pdns=0/0/inactive/dead/ named=4705/active/running/ agent=5553/active/ jphase=absent killpid=
14:02:25.125919325 pdns=0/0/inactive/dead/ named=4705/active/running/ agent=5553/active/ jphase=absent killpid=
14:02:25.390631953 pdns=0/0/inactive/dead/ named=4705/active/running/ agent=5553/active/ jphase=absent killpid=
14:02:25.657387420 pdns=0/0/inactive/dead/ named=4705/active/running/ agent=5553/active/ jphase=absent killpid=
14:02:25.919840779 pdns=0/0/inactive/dead/ named=4705/active/running/ agent=5553/active/ jphase=absent killpid=
14:02:26.183085185 pdns=0/0/inactive/dead/ named=4705/active/running/ agent=5553/active/ jphase=absent killpid=
14:02:26.447724450 pdns=0/0/inactive/dead/ named=4705/active/running/ agent=5553/active/ jphase=absent killpid=
14:02:26.713701915 pdns=0/0/inactive/dead/ named=4705/active/running/ agent=5553/active/ jphase=absent killpid=
14:02:26.977495359 pdns=0/0/inactive/dead/ named=4705/active/running/ agent=5553/active/ jphase=absent killpid=
14:02:27.248612716 pdns=0/0/inactive/dead/ named=4705/active/running/ agent=5553/active/ jphase=absent killpid=
14:02:27.513607103 pdns=0/0/inactive/dead/ named=4705/active/running/ agent=5553/active/ jphase=absent killpid=
14:02:27.785606995 pdns=0/0/inactive/dead/ named=4705/active/running/ agent=5553/active/ jphase=absent killpid=
14:02:28.052136208 pdns=0/0/inactive/dead/ named=4705/active/running/ agent=5553/active/ jphase=absent killpid=
14:02:28.317944811 pdns=0/0/inactive/dead/ named=4705/active/running/ agent=5553/active/ jphase=absent killpid=
14:02:28.585065830 pdns=0/0/inactive/dead/ named=4705/active/running/ agent=5553/active/ jphase=absent killpid=
14:02:28.870509876 pdns=0/0/inactive/dead/ named=4705/active/running/ agent=5553/active/ jphase=absent killpid=
14:02:29.136225889 pdns=0/0/inactive/dead/ named=4705/active/running/ agent=5553/active/ jphase=absent killpid=
14:02:29.402757039 pdns=0/0/inactive/dead/ named=4705/active/running/ agent=5553/active/ jphase=absent killpid=
14:02:29.665213517 pdns=0/0/inactive/dead/ named=4705/active/running/ agent=5553/active/ jphase=absent killpid=
14:02:29.928586390 pdns=0/0/inactive/dead/ named=4705/active/running/ agent=5553/active/ jphase=absent killpid=
14:02:30.190082093 pdns=0/0/inactive/dead/ named=4705/active/running/ agent=5553/active/ jphase=absent killpid=
14:02:30.460164938 pdns=0/0/inactive/dead/ named=4705/active/running/ agent=5553/active/ jphase=absent killpid=
14:02:30.723899664 pdns=0/0/inactive/dead/ named=4705/active/running/ agent=5553/active/ jphase=absent killpid=
14:02:30.987169878 pdns=0/0/inactive/dead/ named=4705/active/running/ agent=5553/active/ jphase=absent killpid=
14:02:31.250298005 pdns=0/0/inactive/dead/ named=4705/active/running/ agent=5553/active/ jphase=absent killpid=
14:02:31.512657758 pdns=0/0/inactive/dead/ named=4705/active/running/ agent=5553/active/ jphase=absent killpid=
14:02:31.776691409 pdns=0/0/inactive/dead/ named=4705/active/running/ agent=5553/active/ jphase=absent killpid=
14:02:32.047881097 pdns=0/0/inactive/dead/ named=4705/active/running/ agent=5553/active/ jphase=absent killpid=
14:02:32.315587307 pdns=0/0/inactive/dead/ named=4705/active/running/ agent=5553/active/ jphase=absent killpid=
14:02:32.582961158 pdns=0/0/inactive/dead/ named=4705/active/running/ agent=5553/active/ jphase=absent killpid=
14:02:32.848999901 pdns=0/0/inactive/dead/ named=4705/active/running/ agent=5553/active/ jphase=absent killpid=
14:02:33.130967451 pdns=0/0/inactive/dead/ named=4705/active/running/ agent=5553/active/ jphase=absent killpid=
14:02:33.401994979 pdns=0/0/inactive/dead/ named=4705/active/running/ agent=5553/active/ jphase=absent killpid=
14:02:33.687922794 pdns=0/0/inactive/dead/ named=4705/active/running/ agent=5553/active/ jphase=absent killpid=
14:02:33.957511389 pdns=0/0/inactive/dead/ named=4705/active/running/ agent=5553/active/ jphase=absent killpid=
14:02:34.224815726 pdns=0/0/inactive/dead/ named=4705/active/running/ agent=5553/active/ jphase=absent killpid=
14:02:34.493143490 pdns=0/0/inactive/dead/ named=4705/active/running/ agent=5553/active/ jphase=absent killpid=
14:02:34.762593957 pdns=0/0/inactive/dead/ named=4705/active/running/ agent=5553/active/ jphase=absent killpid=
14:02:35.029597509 pdns=0/0/inactive/dead/ named=4705/active/running/ agent=5553/active/ jphase=absent killpid=
14:02:35.300056829 pdns=0/0/inactive/dead/ named=4705/active/running/ agent=5553/active/ jphase=absent killpid=
14:02:35.567345533 pdns=0/0/inactive/dead/ named=4705/active/running/ agent=5553/active/ jphase=absent killpid=
14:02:35.832913739 pdns=0/0/inactive/dead/ named=4705/active/running/ agent=5553/active/ jphase=absent killpid=
14:02:36.100575389 pdns=0/0/inactive/dead/ named=4705/active/running/ agent=5553/active/ jphase=absent killpid=
14:02:36.367271288 pdns=0/0/inactive/dead/ named=4705/active/running/ agent=5553/active/ jphase=absent killpid=
14:02:36.633719897 pdns=0/0/inactive/dead/ named=4705/active/running/ agent=5553/active/ jphase=absent killpid=
14:02:36.912248226 pdns=0/0/inactive/dead/ named=4705/active/running/ agent=0/inactive/ jphase=absent killpid=
14:02:37.313484436 pdns=0/0/inactive/dead/ named=4705/active/running/ agent=0/inactive/ jphase=absent killpid=
14:02:37.582135335 pdns=0/0/inactive/dead/ named=4705/active/running/ agent=0/inactive/ jphase=absent killpid=
14:02:37.846915894 pdns=0/0/inactive/dead/ named=4705/active/running/ agent=0/inactive/ jphase=absent killpid=
14:02:38.112199115 pdns=0/0/inactive/dead/ named=4705/active/running/ agent=0/inactive/ jphase=absent killpid=
14:02:38.377657708 pdns=0/0/inactive/dead/ named=4705/active/running/ agent=0/inactive/ jphase=absent killpid=
14:02:38.642068033 pdns=0/0/inactive/dead/ named=4705/active/running/ agent=0/inactive/ jphase=absent killpid=
14:02:38.906527803 pdns=0/0/inactive/dead/ named=4705/active/running/ agent=0/inactive/ jphase=absent killpid=
14:02:39.174720227 pdns=0/0/inactive/dead/ named=4705/active/running/ agent=0/inactive/ jphase=absent killpid=
14:02:39.439178702 pdns=0/0/inactive/dead/ named=4705/active/running/ agent=0/inactive/ jphase=absent killpid=
