16:25:22.741608100 CHANGE journal none -> absent
16:25:22.752627323 CHANGE ledger none -> 177f61d12ed0bb85e6ea535b807b376e26bbe0871405a13867c0b3cb6ea4b211
16:25:22.756004629 CHANGE state none -> absent
16:25:22.759746998 CHANGE pdnsdb none -> absent
16:25:22.763087430 POINTER 
16:25:22.764480768 pdns=0/0/inactive/dead/ named=0/inactive/dead/ agent=0/inactive/ jphase=absent killpid=
16:25:23.045415069 pdns=0/0/inactive/dead/ named=0/inactive/dead/ agent=0/inactive/ jphase=absent killpid=
16:25:23.325593992 pdns=0/0/inactive/dead/ named=0/inactive/dead/ agent=0/inactive/ jphase=absent killpid=
16:25:23.602163098 pdns=0/0/inactive/dead/ named=0/inactive/dead/ agent=0/inactive/ jphase=absent killpid=
16:25:23.876161963 pdns=0/0/inactive/dead/ named=0/inactive/dead/ agent=0/inactive/ jphase=absent killpid=
16:25:24.149144462 pdns=0/0/inactive/dead/ named=0/inactive/dead/ agent=0/inactive/ jphase=absent killpid=
16:25:24.428227126 pdns=0/0/inactive/dead/ named=0/inactive/dead/ agent=0/inactive/ jphase=absent killpid=1785,
16:25:24.707288024 CHANGE ledger 177f61d12ed0bb85e6ea535b807b376e26bbe0871405a13867c0b3cb6ea4b211 -> e18e60b40ff2b68c5fb036f935704ad7e2870f6589b7d8ae792a65f041dbd66b
16:25:24.710928736 pdns=0/0/inactive/dead/ named=0/inactive/dead/ agent=0/inactive/ jphase=absent killpid=1785,
16:25:25.000703852 CHANGE ledger e18e60b40ff2b68c5fb036f935704ad7e2870f6589b7d8ae792a65f041dbd66b -> 9663116794f1ec3efdff8e191591b3872bdcbe814d213abb03960336194ac8b9
16:25:25.008642981 pdns=0/0/inactive/dead/ named=0/inactive/dead/ agent=0/inactive/ jphase=absent killpid=1785,1980,
16:25:25.489343801 CHANGE ledger 9663116794f1ec3efdff8e191591b3872bdcbe814d213abb03960336194ac8b9 -> f7cb16e12b73de4efd2a09ac1a311d25c49f4629f4cd2057030d6bcf013b1595
16:25:25.492800207 pdns=0/0/inactive/dead/ named=0/inactive/dead/ agent=0/inactive/ jphase=absent killpid=1785,1988,
16:25:25.768787114 pdns=0/0/inactive/dead/ named=0/inactive/dead/ agent=0/inactive/ jphase=absent killpid=1785,1988,
16:25:26.060977672 pdns=0/0/inactive/dead/ named=0/inactive/dead/ agent=0/inactive/ jphase=absent killpid=1785,1988,
16:25:26.377541701 pdns=0/0/inactive/dead/ named=0/inactive/dead/ agent=0/inactive/ jphase=absent killpid=1785,1988,
16:25:26.725313887 pdns=0/0/inactive/dead/ named=0/inactive/dead/ agent=0/inactive/ jphase=absent killpid=1785,1988,
16:25:27.017785072 pdns=0/0/inactive/dead/ named=0/inactive/dead/ agent=0/inactive/ jphase=absent killpid=1785,1988,
16:25:27.304510288 pdns=0/0/inactive/dead/ named=0/inactive/dead/ agent=0/inactive/ jphase=absent killpid=1785,1988,
16:25:27.593357504 pdns=0/0/inactive/dead/ named=0/inactive/dead/ agent=0/inactive/ jphase=absent killpid=1785,1988,
16:25:27.880925059 pdns=0/0/inactive/dead/ named=0/inactive/dead/ agent=0/inactive/ jphase=absent killpid=1785,1988,
16:25:28.182491644 pdns=0/0/inactive/dead/ named=0/inactive/dead/ agent=0/inactive/ jphase=absent killpid=1785,1988,
16:25:28.500223399 pdns=0/0/inactive/dead/ named=0/inactive/dead/ agent=0/inactive/ jphase=absent killpid=1785,1988,
16:25:28.792000871 pdns=0/0/inactive/dead/ named=0/inactive/dead/ agent=0/inactive/ jphase=absent killpid=1785,1988,
16:25:29.076014691 pdns=0/0/inactive/dead/ named=0/inactive/dead/ agent=0/inactive/ jphase=absent killpid=1785,1988,
16:25:29.382584461 pdns=0/0/inactive/dead/ named=0/inactive/dead/ agent=0/inactive/ jphase=absent killpid=1785,1988,
16:25:29.727142298 CHANGE ledger f7cb16e12b73de4efd2a09ac1a311d25c49f4629f4cd2057030d6bcf013b1595 -> 109ecd34a1ad0e3768786413bcc1eae9bb446240bcf1968dbc8e2c5369e9c73a
16:25:29.733879341 pdns=0/0/inactive/dead/ named=0/inactive/dead/ agent=0/inactive/ jphase=absent killpid=1785,1988,
16:25:30.092207140 pdns=0/0/inactive/dead/ named=0/inactive/dead/ agent=0/inactive/ jphase=absent killpid=1785,1988,
16:25:30.396986857 pdns=0/0/inactive/dead/ named=0/inactive/dead/ agent=0/inactive/ jphase=absent killpid=1785,1988,
16:25:30.700628487 pdns=0/0/inactive/dead/ named=0/inactive/dead/ agent=0/inactive/ jphase=absent killpid=1785,1988,
16:25:30.982730099 pdns=0/0/inactive/dead/ named=0/inactive/dead/ agent=0/inactive/ jphase=absent killpid=1785,1988,
16:25:31.490638089 CHANGE ledger 109ecd34a1ad0e3768786413bcc1eae9bb446240bcf1968dbc8e2c5369e9c73a -> 766eb2ec2ceddd3e154e7937f5c2ff216b0c7f5386564a5850fb2c7d244dc498
16:25:31.583364499 pdns=0/0/inactive/dead/ named=0/inactive/dead/ agent=0/inactive/ jphase=absent killpid=1785,2480,
16:25:33.766963615 pdns=0/0/inactive/dead/ named=0/inactive/dead/ agent=0/inactive/ jphase=absent killpid=1785,2480,
16:25:34.049612127 pdns=0/0/inactive/dead/ named=0/inactive/dead/ agent=0/inactive/ jphase=absent killpid=1785,2480,
16:25:34.334395168 pdns=0/0/inactive/dead/ named=0/inactive/dead/ agent=0/inactive/ jphase=absent killpid=1785,2480,
16:25:34.629182677 CHANGE ledger 766eb2ec2ceddd3e154e7937f5c2ff216b0c7f5386564a5850fb2c7d244dc498 -> 6b8d1ba0f2d1deadab4fb7432336e42f3c56e65d89962da9145de7c7d0f3948f
16:25:34.633412998 pdns=0/0/inactive/dead/ named=0/inactive/dead/ agent=0/inactive/ jphase=absent killpid=1785,2480,
16:25:34.915458774 pdns=0/0/inactive/dead/ named=0/inactive/dead/ agent=0/inactive/ jphase=absent killpid=1785,2480,
16:25:35.222684171 pdns=0/0/inactive/dead/ named=0/inactive/dead/ agent=0/inactive/ jphase=absent killpid=1785,2480,
16:25:35.534633453 pdns=0/0/inactive/dead/ named=0/inactive/dead/ agent=0/inactive/ jphase=absent killpid=1785,2480,
16:25:35.825492117 pdns=0/0/inactive/dead/ named=0/inactive/dead/ agent=0/inactive/ jphase=absent killpid=1785,2480,
16:25:36.140328046 pdns=0/0/inactive/dead/ named=0/inactive/dead/ agent=0/inactive/ jphase=absent killpid=1785,2480,
16:25:36.482390501 pdns=0/0/inactive/dead/ named=0/inactive/dead/ agent=0/inactive/ jphase=absent killpid=1785,2480,
16:25:36.785499909 pdns=0/0/inactive/dead/ named=0/inactive/dead/ agent=0/inactive/ jphase=absent killpid=1785,2480,
16:25:37.070984448 pdns=0/0/inactive/dead/ named=0/inactive/dead/ agent=0/inactive/ jphase=absent killpid=1785,2480,
16:25:37.361059945 pdns=0/0/inactive/dead/ named=0/inactive/dead/ agent=0/inactive/ jphase=absent killpid=1785,2480,
16:25:37.647318085 pdns=0/0/inactive/dead/ named=0/inactive/dead/ agent=0/inactive/ jphase=absent killpid=1785,2480,
16:25:37.933259333 pdns=0/0/inactive/dead/ named=0/inactive/dead/ agent=0/inactive/ jphase=absent killpid=1785,2480,
16:25:38.215977200 pdns=0/0/inactive/dead/ named=0/inactive/dead/ agent=0/inactive/ jphase=absent killpid=1785,2480,
16:25:38.515672613 pdns=0/0/inactive/dead/ named=0/inactive/dead/ agent=0/inactive/ jphase=absent killpid=1785,2480,
16:25:38.808006321 pdns=0/0/inactive/dead/ named=0/inactive/dead/ agent=0/inactive/ jphase=absent killpid=1785,2480,
16:25:39.111087212 CHANGE ledger 6b8d1ba0f2d1deadab4fb7432336e42f3c56e65d89962da9145de7c7d0f3948f -> 3d1c875c4fd819109339af8609783bca755985c099aad60a25f6de0826afdf65
16:25:39.115712233 pdns=0/0/inactive/dead/ named=0/inactive/dead/ agent=0/inactive/ jphase=absent killpid=1785,3143,
16:25:39.596585086 CHANGE ledger 3d1c875c4fd819109339af8609783bca755985c099aad60a25f6de0826afdf65 -> 9d5702c6ff52529ceea1f7e21d165086f0d4bef42e328fdb9d957631947fecbd
16:25:39.602814873 pdns=0/0/inactive/dead/ named=0/inactive/dead/ agent=0/inactive/ jphase=absent killpid=1785,3221,
16:25:39.917816955 CHANGE ledger 9d5702c6ff52529ceea1f7e21d165086f0d4bef42e328fdb9d957631947fecbd -> 3bc6fb809dc0ce5d62710a7a14986a5a61018b4aba3f8d7a4326631b10f405a3
16:25:39.922983268 pdns=0/0/inactive/dead/ named=0/inactive/dead/ agent=0/inactive/ jphase=absent killpid=1785,
16:25:40.248574565 CHANGE journal absent -> 305cb09b4dcaf086470906c14f9d2778e3018e978d259798e64b6b5bb10d07c8
16:25:40.261892812 CHANGE ledger 3bc6fb809dc0ce5d62710a7a14986a5a61018b4aba3f8d7a4326631b10f405a3 -> 562ca0c640d0871fb297a2ff1560d32f21995107fd42021fd72dcff58ea1a8c8
16:25:40.267136122 pdns=0/0/inactive/dead/ named=0/inactive/dead/ agent=0/inactive/ jphase=intent killpid=1785,
16:25:40.551723123 pdns=0/0/inactive/dead/ named=0/inactive/dead/ agent=0/inactive/ jphase=intent killpid=1785,
16:25:40.831879316 pdns=0/0/inactive/dead/ named=0/inactive/dead/ agent=0/inactive/ jphase=intent killpid=1785,
16:25:41.108927263 CHANGE ledger 562ca0c640d0871fb297a2ff1560d32f21995107fd42021fd72dcff58ea1a8c8 -> 0a784abedc8566b4a3887fed0f2b5306b3fd81d90b504a3d7e3a309504c2c8e8
16:25:41.115215148 pdns=0/0/inactive/dead/ named=0/inactive/dead/ agent=0/inactive/ jphase=intent killpid=1785,
16:25:41.396573046 CHANGE journal 305cb09b4dcaf086470906c14f9d2778e3018e978d259798e64b6b5bb10d07c8 -> dd3f7aff706552ac7ade35e35acd6476783e3f818e8b8f0f497126c679ff2ffb
16:25:41.408185234 CHANGE ledger 0a784abedc8566b4a3887fed0f2b5306b3fd81d90b504a3d7e3a309504c2c8e8 -> a3b17b84f0f301c1410e4dd34bdc9219392aa56b2d5a1c1e0abe282509ce6f5f
16:25:41.413377471 pdns=0/0/inactive/dead/ named=0/inactive/dead/ agent=3471/active/ jphase=rolling-back killpid=
16:25:41.795706283 pdns=0/0/inactive/dead/ named=0/inactive/dead/ agent=3471/active/ jphase=rolling-back killpid=
16:25:42.258413804 CHANGE journal dd3f7aff706552ac7ade35e35acd6476783e3f818e8b8f0f497126c679ff2ffb -> absent
16:25:42.268797974 CHANGE ledger a3b17b84f0f301c1410e4dd34bdc9219392aa56b2d5a1c1e0abe282509ce6f5f -> 414be2e315fd00a6f7afe557b0d6f0566e8fdc683c2b6718942ffbb00e5b87d8
16:25:42.273314929 pdns=0/0/inactive/dead/ named=0/inactive/dead/ agent=3471/active/ jphase=absent killpid=
16:25:42.584541775 CHANGE ledger 414be2e315fd00a6f7afe557b0d6f0566e8fdc683c2b6718942ffbb00e5b87d8 -> 56c894b01965b67d397624f8f4df201982b4a4aa42ef2532e39b2089d5c3a337
16:25:42.589073920 pdns=0/0/inactive/dead/ named=0/inactive/dead/ agent=3471/active/ jphase=absent killpid=
16:25:42.929997037 CHANGE ledger 56c894b01965b67d397624f8f4df201982b4a4aa42ef2532e39b2089d5c3a337 -> 35abead887e993357100c44bc886d16cd869b5cb198d49e2c332a5ff086a78a9
16:25:42.939509477 pdns=0/0/inactive/dead/ named=0/inactive/dead/ agent=3471/active/ jphase=absent killpid=
16:25:43.263886238 CHANGE ledger 35abead887e993357100c44bc886d16cd869b5cb198d49e2c332a5ff086a78a9 -> 6e2195a022c9a65297c78becf039758519dbd218f421dda405ad337842601796
16:25:43.269400270 pdns=0/0/inactive/dead/ named=0/inactive/dead/ agent=3471/active/ jphase=intent killpid=
16:25:43.618877539 CHANGE journal absent -> 305cb09b4dcaf086470906c14f9d2778e3018e978d259798e64b6b5bb10d07c8
16:25:43.633550125 CHANGE ledger 6e2195a022c9a65297c78becf039758519dbd218f421dda405ad337842601796 -> 130fb9c8f705e528bb40174bdf79456cf5cd1870432a25448d2df25da651bbb5
16:25:43.639358047 pdns=0/0/inactive/dead/ named=0/inactive/dead/ agent=3471/active/ jphase=intent killpid=
16:25:43.968472882 pdns=0/0/inactive/dead/ named=0/inactive/dead/ agent=3471/active/ jphase=intent killpid=
16:25:44.380938992 pdns=0/0/inactive/dead/ named=0/inactive/dead/ agent=3471/active/ jphase=source-stopped killpid=
16:25:45.596113459 CHANGE journal 305cb09b4dcaf086470906c14f9d2778e3018e978d259798e64b6b5bb10d07c8 -> f361feecd0fad4c63a0e6b673675932d1b1f27e306add62d0b5bbfae603874f1
16:25:45.667582706 CHANGE ledger 130fb9c8f705e528bb40174bdf79456cf5cd1870432a25448d2df25da651bbb5 -> 622f04cb7725cad5d0630d4e9d7f5b5123ea4d42bd85416c3babff4991c773cf
16:25:45.741082035 CHANGE pdnsdb absent -> 8ef8f9bcd7cfbbdafc71e524a28f89d7de945508930fa675a1596bbbee4f2257
16:25:45.780739703 pdns=0/0/inactive/dead/ named=0/inactive/dead/ agent=3471/active/ jphase=source-stopped killpid=
16:25:46.454717026 CHANGE ledger 622f04cb7725cad5d0630d4e9d7f5b5123ea4d42bd85416c3babff4991c773cf -> 08516fb86e907e652d8fe9ebb356f314b2864442ba5fc18c52c491fa42bf19ec
16:25:46.464133863 pdns=0/0/inactive/dead/ named=0/inactive/dead/ agent=3471/active/ jphase=source-stopped killpid=
16:25:46.867628368 CHANGE ledger 08516fb86e907e652d8fe9ebb356f314b2864442ba5fc18c52c491fa42bf19ec -> 92aa85927a8578950c17b5414756ba04ec063448a486a8c406bde1988c51e518
16:25:46.878076423 pdns=0/0/inactive/dead/ named=0/inactive/dead/ agent=3471/active/ jphase=source-stopped killpid=
16:25:47.195612080 CHANGE ledger 92aa85927a8578950c17b5414756ba04ec063448a486a8c406bde1988c51e518 -> 1c8f1d38ecfeca4e7aa4231c59dbb3952f72cddd148a2fbc116da5c5a560a8d6
16:25:47.204579533 pdns=0/0/inactive/dead/ named=0/inactive/dead/ agent=3471/active/ jphase=source-stopped killpid=
16:25:47.513314704 CHANGE ledger 1c8f1d38ecfeca4e7aa4231c59dbb3952f72cddd148a2fbc116da5c5a560a8d6 -> 2419b0bb379d873483d82d5facd5f1b873c4eef3f864d7eae4f7e27d5757469f
16:25:47.525777453 pdns=0/0/inactive/dead/ named=0/inactive/dead/ agent=3471/active/ jphase=source-stopped killpid=
16:25:47.823491598 CHANGE ledger 2419b0bb379d873483d82d5facd5f1b873c4eef3f864d7eae4f7e27d5757469f -> b28b24ba39b5cc635d2d938d37cf04bae3ebd1c47b4f9744376e95218751be17
16:25:47.834678440 pdns=0/0/inactive/dead/ named=0/inactive/dead/ agent=3471/active/ jphase=source-stopped killpid=
16:25:48.224095740 CHANGE ledger b28b24ba39b5cc635d2d938d37cf04bae3ebd1c47b4f9744376e95218751be17 -> c8f81f70edf0d29175237cac4ed98b49701b6d4dfb554d6190c56f3545c55eea
16:25:48.233488961 pdns=0/0/inactive/dead/ named=0/inactive/dead/ agent=3471/active/ jphase=source-stopped killpid=
16:25:48.548552573 CHANGE ledger c8f81f70edf0d29175237cac4ed98b49701b6d4dfb554d6190c56f3545c55eea -> f3f837fc20781e9987365dbcaf1d71618e045481197b58de4a6e6637aabb2b15
16:25:48.558078905 pdns=0/0/inactive/dead/ named=0/inactive/dead/ agent=3471/active/ jphase=source-stopped killpid=
16:25:48.855503597 CHANGE ledger f3f837fc20781e9987365dbcaf1d71618e045481197b58de4a6e6637aabb2b15 -> fd73fcc0da4819aec688885e89b21da2e77c8a903fca033ae798641cf0fa9b45
16:25:48.880392330 CHANGE pdnsdb 8ef8f9bcd7cfbbdafc71e524a28f89d7de945508930fa675a1596bbbee4f2257 -> 180dd206c0dcb0f34ef3f845b405793d81c2749a2286776fac25dbe0d0e5cc9c
16:25:48.886801503 pdns=4708/0/active/running/ named=0/inactive/dead/ agent=3471/active/ jphase=source-stopped killpid=
16:25:49.172412066 CHANGE journal f361feecd0fad4c63a0e6b673675932d1b1f27e306add62d0b5bbfae603874f1 -> 874416769de16a3f32e67c628ae480cca3ab8a6365ce031994331e682dfd9181
16:25:49.200048165 CHANGE ledger fd73fcc0da4819aec688885e89b21da2e77c8a903fca033ae798641cf0fa9b45 -> 16dc211255402a63b709272487d4461c1cb1466b59d81b3f28340115f13c8a58
16:25:49.216224869 CHANGE pdnsdb 180dd206c0dcb0f34ef3f845b405793d81c2749a2286776fac25dbe0d0e5cc9c -> 9c3adce0b2ce498f2383b845005f74503a43c13525bd8d49bb94b04c01615bb2
16:25:49.221911776 pdns=4708/0/active/running/ named=0/inactive/dead/ agent=3471/active/ jphase=target-started killpid=
16:25:49.518855304 CHANGE ledger 16dc211255402a63b709272487d4461c1cb1466b59d81b3f28340115f13c8a58 -> 751cfa12bb7c77a2639cb85e43564598381d429827be318415ffa97ab4410369
16:25:49.528477903 pdns=4708/0/active/running/ named=0/inactive/dead/ agent=3471/active/ jphase=target-started killpid=
16:25:49.818985942 CHANGE ledger 751cfa12bb7c77a2639cb85e43564598381d429827be318415ffa97ab4410369 -> a8e7fde83cab78fb4f64d5b7274d3e58634eb98943cdb3d2443303799b919d10
16:25:49.827202562 pdns=4708/0/active/running/ named=0/inactive/dead/ agent=3471/active/ jphase=target-started killpid=
16:25:50.111529783 CHANGE ledger a8e7fde83cab78fb4f64d5b7274d3e58634eb98943cdb3d2443303799b919d10 -> 3c1f9018e1bbe2c111dd967bc4c471a79b32ea84f7ff093e1ebe935a491f0141
16:25:50.121014997 pdns=4708/0/active/running/ named=0/inactive/dead/ agent=3471/active/ jphase=target-started killpid=
16:25:50.444958361 CHANGE ledger 3c1f9018e1bbe2c111dd967bc4c471a79b32ea84f7ff093e1ebe935a491f0141 -> 16a2c0bd71e3ad7c986262a28f480e6a94dc49e29093f9a257591754274cf4ce
16:25:50.459072874 pdns=4708/0/active/running/ named=0/inactive/dead/ agent=3471/active/ jphase=target-started killpid=
16:25:50.765843768 CHANGE ledger 16a2c0bd71e3ad7c986262a28f480e6a94dc49e29093f9a257591754274cf4ce -> 985627c54cd44bad2fbc06a3bead20608aff22a2894c38324604cf5c84452447
16:25:50.777482679 pdns=4708/0/active/running/ named=0/inactive/dead/ agent=3471/active/ jphase=target-started killpid=
16:25:51.121555163 CHANGE ledger 985627c54cd44bad2fbc06a3bead20608aff22a2894c38324604cf5c84452447 -> 8e7fe7f5db322fcc768fecf02f0ec7449fc9c25bf48fe1da68e6ffd58a708e8d
16:25:51.132338366 pdns=4708/0/active/running/ named=0/inactive/dead/ agent=3471/active/ jphase=target-started killpid=
16:25:51.419760518 CHANGE journal 874416769de16a3f32e67c628ae480cca3ab8a6365ce031994331e682dfd9181 -> 851660c12b35e2b5c4bfb2e6ba57967a0612ec12caff694b28a88aa434bbcce3
16:25:51.432843626 CHANGE ledger 8e7fe7f5db322fcc768fecf02f0ec7449fc9c25bf48fe1da68e6ffd58a708e8d -> f156cf2e6e39ba993939bb83f9fd20930e21a1e2c364e1c127e963fe6a3c415b
16:25:51.449283884 CHANGE state absent -> c55c87ac97e5cb4f1d630c0e8e25e8381ded30876942dd6ab78d42ea7c9f84aa
16:25:51.459172837 pdns=4708/0/active/running/ named=0/inactive/dead/ agent=3471/active/ jphase=committed killpid=
16:25:51.751878915 CHANGE journal 851660c12b35e2b5c4bfb2e6ba57967a0612ec12caff694b28a88aa434bbcce3 -> a461ee905e1cf2439a1f843e40c9583b06549c64083ad43ff9e97240b730c18a
16:25:51.776304670 pdns=4708/0/active/running/ named=0/inactive/dead/ agent=3471/active/ jphase=committed killpid=
16:25:52.082695171 pdns=4708/0/active/running/ named=0/inactive/dead/ agent=3471/active/ jphase=committed killpid=
16:25:52.350911911 CHANGE journal a461ee905e1cf2439a1f843e40c9583b06549c64083ad43ff9e97240b730c18a -> absent
16:25:52.361253199 CHANGE ledger f156cf2e6e39ba993939bb83f9fd20930e21a1e2c364e1c127e963fe6a3c415b -> 1a6494e603e0201f23212d7f795cac15a904d797cf0ba02666e8d6c28e996ca6
16:25:52.376567784 pdns=4708/0/active/running/ named=0/inactive/dead/ agent=3471/active/ jphase=absent killpid=
16:25:52.708720222 pdns=4708/0/active/running/ named=0/inactive/dead/ agent=3471/active/ jphase=absent killpid=
16:25:53.069275890 pdns=4708/0/active/running/ named=0/inactive/dead/ agent=3471/active/ jphase=absent killpid=
16:25:53.362504479 pdns=4708/0/active/running/ named=0/inactive/dead/ agent=3471/active/ jphase=absent killpid=
16:25:53.668715391 pdns=4708/0/active/running/ named=0/inactive/dead/ agent=3471/active/ jphase=absent killpid=
16:25:53.962815352 pdns=4708/0/active/running/ named=0/inactive/dead/ agent=3471/active/ jphase=absent killpid=
16:25:54.247196388 pdns=4708/0/active/running/ named=0/inactive/dead/ agent=3471/active/ jphase=absent killpid=
16:25:54.532463976 pdns=4708/0/active/running/ named=0/inactive/dead/ agent=3471/active/ jphase=absent killpid=
16:25:54.814202645 pdns=4708/0/active/running/ named=0/inactive/dead/ agent=3471/active/ jphase=absent killpid=
16:25:55.109542584 pdns=4708/0/active/running/ named=0/inactive/dead/ agent=3471/active/ jphase=absent killpid=
16:25:55.406981422 pdns=4708/0/active/running/ named=0/inactive/dead/ agent=3471/active/ jphase=absent killpid=
16:25:55.704872642 pdns=4708/0/active/running/ named=0/inactive/dead/ agent=3471/active/ jphase=absent killpid=
16:25:55.995375355 pdns=4708/0/active/running/ named=0/inactive/dead/ agent=3471/active/ jphase=absent killpid=
16:25:56.282356078 pdns=4708/0/active/running/ named=0/inactive/dead/ agent=3471/active/ jphase=absent killpid=
16:25:56.574593018 pdns=4708/0/active/running/ named=0/inactive/dead/ agent=3471/active/ jphase=absent killpid=
16:25:56.865211193 pdns=4708/0/active/running/ named=0/inactive/dead/ agent=3471/active/ jphase=absent killpid=
16:25:57.146013211 pdns=4708/0/active/running/ named=0/inactive/dead/ agent=3471/active/ jphase=absent killpid=
16:25:57.426466983 pdns=4708/0/active/running/ named=0/inactive/dead/ agent=3471/active/ jphase=absent killpid=
16:25:57.709554548 pdns=4708/0/active/running/ named=0/inactive/dead/ agent=3471/active/ jphase=absent killpid=
16:25:57.992311179 pdns=4708/0/active/running/ named=0/inactive/dead/ agent=3471/active/ jphase=absent killpid=
16:25:58.281848063 pdns=4708/0/active/running/ named=0/inactive/dead/ agent=3471/active/ jphase=absent killpid=
16:25:58.574238746 pdns=4708/0/active/running/ named=0/inactive/dead/ agent=3471/active/ jphase=absent killpid=
16:25:58.858076812 pdns=4708/0/active/running/ named=0/inactive/dead/ agent=3471/active/ jphase=absent killpid=
16:25:59.141761225 pdns=4708/0/active/running/ named=0/inactive/dead/ agent=3471/active/ jphase=absent killpid=
16:25:59.432086992 pdns=4708/0/active/running/ named=0/inactive/dead/ agent=3471/active/ jphase=absent killpid=
16:25:59.716931560 pdns=4708/0/active/running/ named=0/inactive/dead/ agent=3471/active/ jphase=absent killpid=
16:26:00.001061032 pdns=4708/0/active/running/ named=0/inactive/dead/ agent=3471/active/ jphase=absent killpid=
16:26:00.296987122 pdns=4708/0/active/running/ named=0/inactive/dead/ agent=3471/active/ jphase=absent killpid=
16:26:00.586895183 pdns=4708/0/active/running/ named=0/inactive/dead/ agent=3471/active/ jphase=absent killpid=
16:26:00.870341391 pdns=4708/0/active/running/ named=0/inactive/dead/ agent=3471/active/ jphase=absent killpid=
16:26:01.156981870 pdns=4708/0/active/running/ named=0/inactive/dead/ agent=3471/active/ jphase=absent killpid=
16:26:01.442611188 pdns=4708/0/active/running/ named=0/inactive/dead/ agent=3471/active/ jphase=absent killpid=
16:26:01.723573026 pdns=4708/0/active/running/ named=0/inactive/dead/ agent=3471/active/ jphase=absent killpid=
16:26:02.012440937 pdns=4708/0/active/running/ named=0/inactive/dead/ agent=3471/active/ jphase=absent killpid=
16:26:02.293412065 pdns=4708/0/active/running/ named=0/inactive/dead/ agent=3471/active/ jphase=absent killpid=
16:26:02.574170488 pdns=4708/0/active/running/ named=0/inactive/dead/ agent=3471/active/ jphase=absent killpid=
16:26:02.850681845 pdns=4708/0/active/running/ named=0/inactive/dead/ agent=3471/active/ jphase=absent killpid=
16:26:03.134138974 pdns=4708/0/active/running/ named=0/inactive/dead/ agent=3471/active/ jphase=absent killpid=
16:26:03.416788732 pdns=4708/0/active/running/ named=0/inactive/dead/ agent=3471/active/ jphase=absent killpid=
16:26:03.693816837 pdns=4708/0/active/running/ named=0/inactive/dead/ agent=3471/active/ jphase=absent killpid=
16:26:03.972505171 pdns=4708/0/active/running/ named=0/inactive/dead/ agent=3471/active/ jphase=absent killpid=
16:26:04.256678564 pdns=4708/0/active/running/ named=0/inactive/dead/ agent=3471/active/ jphase=absent killpid=
16:26:04.546088890 pdns=4708/0/active/running/ named=0/inactive/dead/ agent=3471/active/ jphase=absent killpid=
16:26:04.824073148 pdns=4708/0/active/running/ named=0/inactive/dead/ agent=3471/active/ jphase=absent killpid=
16:26:05.105591777 pdns=4708/0/active/running/ named=0/inactive/dead/ agent=3471/active/ jphase=absent killpid=
16:26:05.382308954 pdns=4708/0/active/running/ named=0/inactive/dead/ agent=3471/active/ jphase=absent killpid=
16:26:05.661834384 pdns=4708/0/active/running/ named=0/inactive/dead/ agent=3471/active/ jphase=absent killpid=
16:26:05.940889771 pdns=4708/0/active/running/ named=0/inactive/dead/ agent=3471/active/ jphase=absent killpid=
16:26:06.220197442 pdns=4708/0/active/running/ named=0/inactive/dead/ agent=3471/active/ jphase=absent killpid=
16:26:06.510228144 pdns=4708/0/active/running/ named=0/inactive/dead/ agent=3471/active/ jphase=absent killpid=
16:26:06.786715874 pdns=4708/0/active/running/ named=0/inactive/dead/ agent=3471/active/ jphase=absent killpid=
16:26:07.066694244 pdns=4708/0/active/running/ named=0/inactive/dead/ agent=3471/active/ jphase=absent killpid=
16:26:07.348620708 pdns=4708/0/active/running/ named=0/inactive/dead/ agent=3471/active/ jphase=absent killpid=
16:26:07.626944351 pdns=4708/0/active/running/ named=0/inactive/dead/ agent=3471/active/ jphase=absent killpid=
16:26:07.908963601 pdns=4708/0/active/running/ named=0/inactive/dead/ agent=3471/active/ jphase=absent killpid=
16:26:08.206980357 pdns=4708/0/active/running/ named=0/inactive/dead/ agent=3471/active/ jphase=absent killpid=
16:26:08.498718328 pdns=4708/0/active/running/ named=0/inactive/dead/ agent=3471/active/ jphase=absent killpid=
16:26:08.781767681 pdns=4708/0/active/running/ named=0/inactive/dead/ agent=3471/active/ jphase=absent killpid=
16:26:09.065824486 pdns=4708/0/active/running/ named=0/inactive/dead/ agent=3471/active/ jphase=absent killpid=
16:26:09.345463600 pdns=4708/0/active/running/ named=0/inactive/dead/ agent=3471/active/ jphase=absent killpid=
16:26:09.627430726 pdns=4708/0/active/running/ named=0/inactive/dead/ agent=3471/active/ jphase=absent killpid=
16:26:09.914027632 pdns=4708/0/active/running/ named=0/inactive/dead/ agent=3471/active/ jphase=absent killpid=
16:26:10.200945398 pdns=4708/0/active/running/ named=0/inactive/dead/ agent=3471/active/ jphase=absent killpid=
16:26:10.496046543 pdns=4708/0/active/running/ named=0/inactive/dead/ agent=3471/active/ jphase=absent killpid=
16:26:10.781882481 pdns=4708/0/active/running/ named=0/inactive/dead/ agent=3471/active/ jphase=absent killpid=
16:26:11.062119249 pdns=4708/0/active/running/ named=0/inactive/dead/ agent=3471/active/ jphase=absent killpid=
16:26:11.344487048 pdns=4708/0/active/running/ named=0/inactive/dead/ agent=3471/active/ jphase=absent killpid=
16:26:11.625398860 pdns=4708/0/active/running/ named=0/inactive/dead/ agent=3471/active/ jphase=absent killpid=
16:26:11.914209309 pdns=4708/0/active/running/ named=0/inactive/dead/ agent=3471/active/ jphase=absent killpid=
16:26:12.206159866 pdns=4708/0/active/running/ named=0/inactive/dead/ agent=3471/active/ jphase=absent killpid=
16:26:12.493698704 pdns=4708/0/active/running/ named=0/inactive/dead/ agent=3471/active/ jphase=absent killpid=
16:26:12.774045082 pdns=4708/0/active/running/ named=0/inactive/dead/ agent=3471/active/ jphase=absent killpid=
16:26:13.055093428 pdns=4708/0/active/running/ named=0/inactive/dead/ agent=3471/active/ jphase=absent killpid=
16:26:13.334484474 pdns=4708/0/active/running/ named=0/inactive/dead/ agent=3471/active/ jphase=absent killpid=
16:26:13.618055572 pdns=4708/0/active/running/ named=0/inactive/dead/ agent=3471/active/ jphase=absent killpid=
16:26:13.898191777 pdns=4708/0/active/running/ named=0/inactive/dead/ agent=3471/active/ jphase=absent killpid=
16:26:14.182713961 pdns=4708/0/active/running/ named=0/inactive/dead/ agent=3471/active/ jphase=absent killpid=
16:26:14.471680507 pdns=4708/0/active/running/ named=0/inactive/dead/ agent=3471/active/ jphase=absent killpid=
16:26:14.751895603 pdns=4708/0/active/running/ named=0/inactive/dead/ agent=3471/active/ jphase=absent killpid=
16:26:15.032435941 pdns=4708/0/active/running/ named=0/inactive/dead/ agent=3471/active/ jphase=absent killpid=
16:26:15.311343807 pdns=4708/0/active/running/ named=0/inactive/dead/ agent=3471/active/ jphase=absent killpid=
16:26:15.592060583 pdns=4708/0/active/running/ named=0/inactive/dead/ agent=3471/active/ jphase=absent killpid=
16:26:15.869772503 pdns=4708/0/active/running/ named=0/inactive/dead/ agent=3471/active/ jphase=absent killpid=
16:26:16.148863881 pdns=4708/0/active/running/ named=0/inactive/dead/ agent=3471/active/ jphase=absent killpid=
16:26:16.436585447 pdns=4708/0/active/running/ named=0/inactive/dead/ agent=3471/active/ jphase=absent killpid=
16:26:16.713606352 pdns=4708/0/active/running/ named=0/inactive/dead/ agent=3471/active/ jphase=absent killpid=
16:26:16.991175973 pdns=4708/0/active/running/ named=0/inactive/dead/ agent=3471/active/ jphase=absent killpid=
16:26:17.283146943 pdns=4708/0/active/running/ named=0/inactive/dead/ agent=3471/active/ jphase=absent killpid=
16:26:17.578185015 pdns=4708/0/active/running/ named=0/inactive/dead/ agent=3471/active/ jphase=absent killpid=
16:26:17.873770098 pdns=4708/0/active/running/ named=0/inactive/dead/ agent=3471/active/ jphase=absent killpid=
16:26:18.192908543 pdns=4708/0/active/running/ named=0/inactive/dead/ agent=3471/active/ jphase=absent killpid=
16:26:18.570057811 pdns=4708/0/active/running/ named=0/inactive/dead/ agent=3471/active/ jphase=absent killpid=
16:26:18.883732684 pdns=4708/0/active/running/ named=0/inactive/dead/ agent=3471/active/ jphase=absent killpid=
16:26:19.173193130 pdns=4708/0/active/running/ named=0/inactive/dead/ agent=3471/active/ jphase=absent killpid=
16:26:19.461286086 pdns=4708/0/active/running/ named=0/inactive/dead/ agent=3471/active/ jphase=absent killpid=
16:26:19.743938522 pdns=4708/0/active/running/ named=0/inactive/dead/ agent=3471/active/ jphase=absent killpid=
16:26:20.026224920 pdns=4708/0/active/running/ named=0/inactive/dead/ agent=3471/active/ jphase=absent killpid=
16:26:20.308003574 pdns=4708/0/active/running/ named=0/inactive/dead/ agent=3471/active/ jphase=absent killpid=
16:26:20.586124025 pdns=4708/0/active/running/ named=0/inactive/dead/ agent=3471/active/ jphase=absent killpid=
16:26:20.860724870 pdns=4708/0/active/running/ named=0/inactive/dead/ agent=3471/active/ jphase=absent killpid=
16:26:21.141261958 pdns=4708/0/active/running/ named=0/inactive/dead/ agent=3471/active/ jphase=absent killpid=
16:26:21.422056015 pdns=4708/0/active/running/ named=0/inactive/dead/ agent=3471/active/ jphase=absent killpid=
16:26:21.699280498 pdns=4708/0/active/running/ named=0/inactive/dead/ agent=3471/active/ jphase=absent killpid=
16:26:21.978022105 pdns=4708/0/active/running/ named=0/inactive/dead/ agent=3471/active/ jphase=absent killpid=
16:26:22.263543678 pdns=4708/0/active/running/ named=0/inactive/dead/ agent=3471/active/ jphase=absent killpid=
16:26:22.567186951 pdns=4708/0/active/running/ named=0/inactive/dead/ agent=3471/active/ jphase=absent killpid=
16:26:22.858192902 pdns=4708/0/active/running/ named=0/inactive/dead/ agent=3471/active/ jphase=absent killpid=
16:26:23.141756178 pdns=4708/0/active/running/ named=0/inactive/dead/ agent=3471/active/ jphase=absent killpid=
done
