23:20:24.823396010 CHANGE journal none -> absent
23:20:24.835076545 CHANGE ledger none -> 177f61d12ed0bb85e6ea535b807b376e26bbe0871405a13867c0b3cb6ea4b211
23:20:24.838585973 CHANGE state none -> absent
23:20:24.842347762 CHANGE pdnsdb none -> absent
23:20:24.846042660 POINTER 
23:20:24.848001257 pdns=0/0/inactive/dead/ named=0/inactive/dead/ agent=0/inactive/ jphase=absent killpid=
23:20:25.122988450 pdns=0/0/inactive/dead/ named=0/inactive/dead/ agent=0/inactive/ jphase=absent killpid=
23:20:25.410440187 pdns=0/0/inactive/dead/ named=0/inactive/dead/ agent=0/inactive/ jphase=absent killpid=
23:20:25.704321827 pdns=0/0/inactive/dead/ named=0/inactive/dead/ agent=0/inactive/ jphase=absent killpid=
23:20:25.986455488 pdns=0/0/inactive/dead/ named=0/inactive/dead/ agent=0/inactive/ jphase=absent killpid=
23:20:26.262725032 pdns=0/0/inactive/dead/ named=0/inactive/dead/ agent=0/inactive/ jphase=absent killpid=
23:20:26.552982566 pdns=0/0/inactive/dead/ named=0/inactive/dead/ agent=0/inactive/ jphase=absent killpid=1890,
23:20:26.828068702 pdns=0/0/inactive/dead/ named=0/inactive/dead/ agent=0/inactive/ jphase=absent killpid=1890,
23:20:27.100969296 pdns=0/0/inactive/dead/ named=0/inactive/dead/ agent=0/inactive/ jphase=absent killpid=1890,
23:20:27.382659353 pdns=0/0/inactive/dead/ named=0/inactive/dead/ agent=0/inactive/ jphase=absent killpid=1890,
23:20:27.654971735 CHANGE ledger 177f61d12ed0bb85e6ea535b807b376e26bbe0871405a13867c0b3cb6ea4b211 -> 7400ce390bd07159bb4e5fcfad50aa490755ef7afb35472a8ff3574ed0b2d4b7
23:20:27.660698144 pdns=0/0/inactive/dead/ named=0/inactive/dead/ agent=0/inactive/ jphase=absent killpid=1890,
23:20:27.951606702 CHANGE ledger 7400ce390bd07159bb4e5fcfad50aa490755ef7afb35472a8ff3574ed0b2d4b7 -> 155e2d7262acd8321e6c7703349feb625741696fe7791a7b59280a39a457b808
23:20:27.955386072 pdns=0/0/inactive/dead/ named=0/inactive/dead/ agent=0/inactive/ jphase=absent killpid=1890,2103,
23:20:28.228486192 pdns=0/0/inactive/dead/ named=0/inactive/dead/ agent=0/inactive/ jphase=absent killpid=1890,2103,
23:20:28.502635307 pdns=0/0/inactive/dead/ named=0/inactive/dead/ agent=0/inactive/ jphase=absent killpid=1890,2103,
23:20:28.782490641 pdns=0/0/inactive/dead/ named=0/inactive/dead/ agent=0/inactive/ jphase=absent killpid=1890,2103,
23:20:29.059416529 pdns=0/0/inactive/dead/ named=0/inactive/dead/ agent=0/inactive/ jphase=absent killpid=1890,2103,
23:20:29.341869314 pdns=0/0/inactive/dead/ named=0/inactive/dead/ agent=0/inactive/ jphase=absent killpid=1890,2103,
23:20:29.625607704 pdns=0/0/inactive/dead/ named=0/inactive/dead/ agent=0/inactive/ jphase=absent killpid=1890,2103,
23:20:29.916580564 pdns=0/0/inactive/dead/ named=0/inactive/dead/ agent=0/inactive/ jphase=absent killpid=1890,2103,
23:20:30.198508840 pdns=0/0/inactive/dead/ named=0/inactive/dead/ agent=0/inactive/ jphase=absent killpid=1890,2103,
23:20:30.493989229 pdns=0/0/inactive/dead/ named=0/inactive/dead/ agent=0/inactive/ jphase=absent killpid=1890,2103,
23:20:30.776549882 pdns=0/0/inactive/dead/ named=0/inactive/dead/ agent=0/inactive/ jphase=absent killpid=1890,2103,
23:20:31.074424323 pdns=0/0/inactive/dead/ named=0/inactive/dead/ agent=0/inactive/ jphase=absent killpid=1890,2103,
23:20:31.355870626 pdns=0/0/inactive/dead/ named=0/inactive/dead/ agent=0/inactive/ jphase=absent killpid=1890,2103,
23:20:31.655624273 pdns=0/0/inactive/dead/ named=0/inactive/dead/ agent=0/inactive/ jphase=absent killpid=1890,2103,
23:20:31.954283253 pdns=0/0/inactive/dead/ named=0/inactive/dead/ agent=0/inactive/ jphase=absent killpid=1890,2103,
23:20:32.241817625 pdns=0/0/inactive/dead/ named=0/inactive/dead/ agent=0/inactive/ jphase=absent killpid=1890,2103,
23:20:32.525764628 CHANGE ledger 155e2d7262acd8321e6c7703349feb625741696fe7791a7b59280a39a457b808 -> 2cab436a4150cb7121988870e65b7d140ec90b5eb0dfcef98b5c567427cd001a
23:20:32.529306623 pdns=0/0/inactive/dead/ named=0/inactive/dead/ agent=0/inactive/ jphase=absent killpid=1890,2103,
23:20:32.816466986 CHANGE ledger 2cab436a4150cb7121988870e65b7d140ec90b5eb0dfcef98b5c567427cd001a -> 20c64cce6bb59b25057e312b441902f2df4cd64a9b8a542f2775ecf114a3d146
23:20:32.820008990 pdns=0/0/inactive/dead/ named=0/inactive/dead/ agent=0/inactive/ jphase=absent killpid=1890,
23:20:33.293812262 CHANGE ledger 20c64cce6bb59b25057e312b441902f2df4cd64a9b8a542f2775ecf114a3d146 -> fbf476e9279e3ab3edd0cbc7ee1b64544a96b0e401ae82f55a77ba778f03fb6e
23:20:33.297748724 pdns=0/0/inactive/dead/ named=0/inactive/dead/ agent=0/inactive/ jphase=absent killpid=1890,2723,
23:20:33.584336755 pdns=0/0/inactive/dead/ named=0/inactive/dead/ agent=0/inactive/ jphase=absent killpid=1890,2723,
23:20:33.864959607 pdns=0/0/inactive/dead/ named=0/inactive/dead/ agent=0/inactive/ jphase=absent killpid=1890,2723,
23:20:34.141047647 pdns=0/0/inactive/dead/ named=0/inactive/dead/ agent=0/inactive/ jphase=absent killpid=1890,2723,
23:20:34.431217655 pdns=0/0/inactive/dead/ named=0/inactive/dead/ agent=0/inactive/ jphase=absent killpid=1890,2723,
23:20:34.715277115 pdns=0/0/inactive/dead/ named=0/inactive/dead/ agent=0/inactive/ jphase=absent killpid=1890,2723,
23:20:34.998010813 pdns=0/0/inactive/dead/ named=0/inactive/dead/ agent=0/inactive/ jphase=absent killpid=1890,2723,
23:20:35.288205769 pdns=0/0/inactive/dead/ named=0/inactive/dead/ agent=0/inactive/ jphase=absent killpid=1890,2723,
23:20:35.580983667 pdns=0/0/inactive/dead/ named=0/inactive/dead/ agent=0/inactive/ jphase=absent killpid=1890,2723,
23:20:35.863827645 pdns=0/0/inactive/dead/ named=0/inactive/dead/ agent=0/inactive/ jphase=absent killpid=1890,2723,
23:20:36.145774692 pdns=0/0/inactive/dead/ named=0/inactive/dead/ agent=0/inactive/ jphase=absent killpid=1890,2723,
23:20:36.423367540 pdns=0/0/inactive/dead/ named=0/inactive/dead/ agent=0/inactive/ jphase=absent killpid=1890,2723,
23:20:36.716549379 pdns=0/0/inactive/dead/ named=0/inactive/dead/ agent=0/inactive/ jphase=absent killpid=1890,2723,
23:20:37.002162963 pdns=0/0/inactive/dead/ named=0/inactive/dead/ agent=0/inactive/ jphase=absent killpid=1890,2723,
23:20:37.287477232 CHANGE ledger fbf476e9279e3ab3edd0cbc7ee1b64544a96b0e401ae82f55a77ba778f03fb6e -> 447d70d58fbe7abd7c719261ca49436158938c1385cd6bc8edf13aa50639c89f
23:20:37.291257252 pdns=0/0/inactive/dead/ named=0/inactive/dead/ agent=0/inactive/ jphase=absent killpid=1890,3267,
23:20:37.629021112 CHANGE ledger 447d70d58fbe7abd7c719261ca49436158938c1385cd6bc8edf13aa50639c89f -> 2ac735d6027fa2af65e77cd9ef9f4c057df8dc57c7d23caeadc145a3c53b2b50
23:20:37.633359450 pdns=0/0/inactive/dead/ named=0/inactive/dead/ agent=0/inactive/ jphase=absent killpid=1890,
23:20:37.924584885 CHANGE ledger 2ac735d6027fa2af65e77cd9ef9f4c057df8dc57c7d23caeadc145a3c53b2b50 -> d06016a4f16f598355aa57ba798a4f264a189ca2866c00bc4cb889b1f5d330ae
23:20:37.928860963 pdns=0/0/inactive/dead/ named=0/inactive/dead/ agent=0/inactive/ jphase=intent killpid=1890,
23:20:38.206615716 CHANGE journal absent -> b84c9ed01171f9d29e6a5577146399a9fdd46cbe004e8eef0f4a035caa6867c2
23:20:38.216787961 CHANGE ledger d06016a4f16f598355aa57ba798a4f264a189ca2866c00bc4cb889b1f5d330ae -> e6995c46ee7f696b12580364f24cac3663702d8dae421193a81e49fd0863f069
23:20:38.221254166 pdns=0/0/inactive/dead/ named=0/inactive/dead/ agent=0/inactive/ jphase=intent killpid=1890,
23:20:38.522518430 CHANGE journal b84c9ed01171f9d29e6a5577146399a9fdd46cbe004e8eef0f4a035caa6867c2 -> f3d44f0d39fd9ac534720fd6e74311b259340aa1b15c7d3434bbe0ee0696a975
23:20:38.533745329 CHANGE ledger e6995c46ee7f696b12580364f24cac3663702d8dae421193a81e49fd0863f069 -> 4667457ca7817aac00e04d0e10b07ce7c05b3f3a6af0c2cbf85b36e2882a534e
23:20:38.550466230 CHANGE pdnsdb absent -> bc868e10942b3609ef6302021db403f172011195c16fc205866d8da91b51d0ec
23:20:38.554653136 pdns=0/0/inactive/dead/ named=0/inactive/dead/ agent=0/inactive/ jphase=target-enable-intent killpid=1890,
23:20:38.849908217 CHANGE ledger 4667457ca7817aac00e04d0e10b07ce7c05b3f3a6af0c2cbf85b36e2882a534e -> e5f0d91600c4e575bc460a37c5f7e5db750ca3b06d106f0c46f4fa4e56a7e6ed
23:20:38.860009507 pdns=0/0/inactive/dead/ named=0/inactive/dead/ agent=0/inactive/ jphase=target-enable-intent killpid=1890,
23:20:39.436185669 CHANGE ledger e5f0d91600c4e575bc460a37c5f7e5db750ca3b06d106f0c46f4fa4e56a7e6ed -> 2daedfc086b4f41bbae47b8cc440253612458483b572fda23347b9ccad2fa06c
23:20:39.448282529 pdns=0/0/inactive/dead/ named=0/inactive/dead/ agent=0/inactive/ jphase=target-enable-intent killpid=1890,3859,
23:20:39.768504125 CHANGE ledger 2daedfc086b4f41bbae47b8cc440253612458483b572fda23347b9ccad2fa06c -> 2bc68a5b1fd7416b082177904b9c9c229e5866f80a7e531bb6a9d6081d8923e9
23:20:39.783715501 pdns=0/0/inactive/dead/ named=0/inactive/dead/ agent=0/inactive/ jphase=target-enable-intent killpid=1890,3971,
23:20:40.243307899 CHANGE ledger 2bc68a5b1fd7416b082177904b9c9c229e5866f80a7e531bb6a9d6081d8923e9 -> 2ae51bfef9fd5b2e6dda759a61ec15b7451c2c45ed491887c7685d9e4428cf4b
23:20:40.253218656 pdns=0/0/inactive/dead/ named=0/inactive/dead/ agent=0/inactive/ jphase=target-enable-intent killpid=1890,
23:20:40.547662792 CHANGE ledger 2ae51bfef9fd5b2e6dda759a61ec15b7451c2c45ed491887c7685d9e4428cf4b -> 5a99ea3ab62d0f045ae40fe32969c195337d9a9cca21d7cbc54014de0f75c167
23:20:40.564230903 pdns=4152/0/activating/start/ named=0/inactive/dead/ agent=0/inactive/ jphase=target-enable-intent killpid=1890,4134,
23:20:40.844704704 CHANGE journal f3d44f0d39fd9ac534720fd6e74311b259340aa1b15c7d3434bbe0ee0696a975 -> 80555d588359cd2efb058eabf47ce5ea30c35a83c145ddbb12dff26d086138df
23:20:40.856766280 CHANGE ledger 5a99ea3ab62d0f045ae40fe32969c195337d9a9cca21d7cbc54014de0f75c167 -> 45037f38bc56fa81b80bc25cbb92727a3b3bbdef8ad06e15389193f49ae45b64
23:20:40.870811756 CHANGE pdnsdb bc868e10942b3609ef6302021db403f172011195c16fc205866d8da91b51d0ec -> 004723a2f0f650ddf92828a328febe3082f20101735902e95acf1e22235c1749
23:20:40.875690053 pdns=4152/0/active/running/ named=0/inactive/dead/ agent=0/inactive/ jphase=target-started killpid=1890,
23:20:41.169281278 CHANGE ledger 45037f38bc56fa81b80bc25cbb92727a3b3bbdef8ad06e15389193f49ae45b64 -> a95d5a9ba265bffa8460fe6505b16a213f0036804ee9c5088c13a55dd63d3344
23:20:41.179931420 pdns=4152/0/active/running/ named=0/inactive/dead/ agent=0/inactive/ jphase=target-started killpid=1890,
23:20:41.489800656 CHANGE ledger a95d5a9ba265bffa8460fe6505b16a213f0036804ee9c5088c13a55dd63d3344 -> 2749183c31bf0dd74b06150f50be14c915ec6fb051ae37c466d8dca773da7a38
23:20:41.499908443 pdns=4152/0/active/running/ named=0/inactive/dead/ agent=0/inactive/ jphase=target-started killpid=1890,
23:20:41.794508689 CHANGE journal 80555d588359cd2efb058eabf47ce5ea30c35a83c145ddbb12dff26d086138df -> 2dd0e5a093c867f5679eb1a9462dac39554dc89528bfb39f53259298c978a09e
23:20:41.802713871 CHANGE ledger 2749183c31bf0dd74b06150f50be14c915ec6fb051ae37c466d8dca773da7a38 -> 812e12ec39962cce2d71e1b41627b4d8225d7a0cb717420bfa108682b738fdf5
23:20:41.810400089 pdns=4152/0/active/running/ named=0/inactive/dead/ agent=0/inactive/ jphase=target-verified killpid=
23:20:42.185694398 CHANGE journal 2dd0e5a093c867f5679eb1a9462dac39554dc89528bfb39f53259298c978a09e -> 61e8255c079d66c212e5ec0a7e6a92d98a282ae6336ec9e795be63a999faa0a3
23:20:42.200510854 CHANGE state absent -> bab6043993ec119409a2ec8a82b32c922edeac6cdb4c99139f121f7249f45c61
23:20:42.213381008 pdns=4152/0/active/running/ named=0/inactive/dead/ agent=0/inactive/ jphase=target-verified killpid=
23:20:42.515554539 pdns=4152/0/active/running/ named=0/inactive/dead/ agent=0/inactive/ jphase=target-verified killpid=
23:20:42.831669989 pdns=4152/0/active/running/ named=0/inactive/dead/ agent=4800/active/ jphase=target-verified killpid=
23:20:43.122718480 pdns=4152/0/active/running/ named=0/inactive/dead/ agent=4800/active/ jphase=target-verified killpid=
23:20:43.416475183 pdns=4152/0/active/running/ named=0/inactive/dead/ agent=4800/active/ jphase=target-verified killpid=
23:20:43.715309431 pdns=4152/0/active/running/ named=0/inactive/dead/ agent=4800/active/ jphase=target-verified killpid=
23:20:44.016259249 CHANGE journal 61e8255c079d66c212e5ec0a7e6a92d98a282ae6336ec9e795be63a999faa0a3 -> b5c663369ec4692c37f116c8be57c6fac5ddb2606952712dd25cb3bee0eb9ba7
23:20:44.039253639 pdns=4152/0/active/running/ named=0/inactive/dead/ agent=4800/active/ jphase=committed killpid=
23:20:44.330491105 pdns=4152/0/active/running/ named=0/inactive/dead/ agent=4800/active/ jphase=committed killpid=
23:20:44.615195079 pdns=4152/0/active/running/ named=0/inactive/dead/ agent=4800/active/ jphase=committed killpid=
23:20:44.913359623 pdns=4152/0/active/running/ named=0/inactive/dead/ agent=4800/active/ jphase=committed killpid=
23:20:45.211011276 pdns=4152/0/active/running/ named=0/inactive/dead/ agent=4800/active/ jphase=committed killpid=
23:20:45.514354266 pdns=4152/0/active/running/ named=0/inactive/dead/ agent=4800/active/ jphase=committed killpid=
23:20:45.804025140 pdns=4152/0/active/running/ named=0/inactive/dead/ agent=4800/active/ jphase=committed killpid=
23:20:46.101115695 pdns=4152/0/active/running/ named=0/inactive/dead/ agent=4800/active/ jphase=committed killpid=
23:20:46.413655099 pdns=4152/0/active/running/ named=0/inactive/dead/ agent=4800/active/ jphase=committed killpid=
23:20:46.720672597 pdns=4152/0/active/running/ named=0/inactive/dead/ agent=4800/active/ jphase=committed killpid=
23:20:47.019194331 pdns=4152/0/active/running/ named=0/inactive/dead/ agent=4800/active/ jphase=committed killpid=
23:20:47.322817151 pdns=4152/0/active/running/ named=0/inactive/dead/ agent=4800/active/ jphase=committed killpid=
23:20:47.601393007 CHANGE journal b5c663369ec4692c37f116c8be57c6fac5ddb2606952712dd25cb3bee0eb9ba7 -> absent
23:20:47.621279672 pdns=4152/0/active/running/ named=0/inactive/dead/ agent=4800/active/ jphase=absent killpid=
23:20:47.924258533 pdns=4152/0/active/running/ named=0/inactive/dead/ agent=4800/active/ jphase=absent killpid=
23:20:48.204814582 CHANGE ledger 812e12ec39962cce2d71e1b41627b4d8225d7a0cb717420bfa108682b738fdf5 -> a8bc6b3c571fce1990966e7a1cf3d1c388125847847f4dca740720cf56b9f07e
23:20:48.225793272 pdns=4152/0/active/running/ named=0/inactive/dead/ agent=4800/active/ jphase=absent killpid=
23:20:48.541230776 pdns=4152/0/active/running/ named=0/inactive/dead/ agent=4800/active/ jphase=absent killpid=
23:20:48.847739071 pdns=4152/0/active/running/ named=0/inactive/dead/ agent=4800/active/ jphase=absent killpid=
23:20:49.129346023 pdns=4152/0/active/running/ named=0/inactive/dead/ agent=4800/active/ jphase=absent killpid=
23:20:49.409859936 pdns=4152/0/active/running/ named=0/inactive/dead/ agent=4800/active/ jphase=absent killpid=
23:20:49.690905477 pdns=4152/0/active/running/ named=0/inactive/dead/ agent=4800/active/ jphase=absent killpid=
23:20:49.971512068 pdns=4152/0/active/running/ named=0/inactive/dead/ agent=4800/active/ jphase=absent killpid=
23:20:50.252059359 pdns=4152/0/active/running/ named=0/inactive/dead/ agent=4800/active/ jphase=absent killpid=
23:20:50.533296798 pdns=4152/0/active/running/ named=0/inactive/dead/ agent=4800/active/ jphase=absent killpid=
23:20:50.815149293 pdns=4152/0/active/running/ named=0/inactive/dead/ agent=4800/active/ jphase=absent killpid=
23:20:51.101661721 pdns=4152/0/active/running/ named=0/inactive/dead/ agent=4800/active/ jphase=absent killpid=
23:20:51.380762364 pdns=4152/0/active/running/ named=0/inactive/dead/ agent=4800/active/ jphase=absent killpid=
23:20:51.670615740 pdns=4152/0/active/running/ named=0/inactive/dead/ agent=4800/active/ jphase=absent killpid=
23:20:51.949472288 pdns=4152/0/active/running/ named=0/inactive/dead/ agent=4800/active/ jphase=absent killpid=
23:20:52.229165900 pdns=4152/0/active/running/ named=0/inactive/dead/ agent=4800/active/ jphase=absent killpid=
23:20:52.512455307 pdns=4152/0/active/running/ named=0/inactive/dead/ agent=4800/active/ jphase=absent killpid=
23:20:52.790921972 pdns=4152/0/active/running/ named=0/inactive/dead/ agent=4800/active/ jphase=absent killpid=
23:20:53.071112579 pdns=4152/0/active/running/ named=0/inactive/dead/ agent=4800/active/ jphase=absent killpid=
23:20:53.349143282 pdns=4152/0/active/running/ named=0/inactive/dead/ agent=4800/active/ jphase=absent killpid=
23:20:53.635608207 pdns=4152/0/active/running/ named=0/inactive/dead/ agent=4800/active/ jphase=absent killpid=
23:20:53.922082222 pdns=4152/0/active/running/ named=0/inactive/dead/ agent=4800/active/ jphase=absent killpid=
23:20:54.222034267 pdns=4152/0/active/running/ named=0/inactive/dead/ agent=4800/active/ jphase=absent killpid=
23:20:54.532627522 pdns=4152/0/active/running/ named=0/inactive/dead/ agent=4800/active/ jphase=absent killpid=
23:20:54.876637737 pdns=4152/0/active/running/ named=0/inactive/dead/ agent=4800/active/ jphase=absent killpid=
23:20:55.180894629 pdns=4152/0/active/running/ named=0/inactive/dead/ agent=4800/active/ jphase=absent killpid=
23:20:55.477023664 pdns=4152/0/active/running/ named=0/inactive/dead/ agent=4800/active/ jphase=absent killpid=
23:20:55.763833492 pdns=4152/0/active/running/ named=0/inactive/dead/ agent=4800/active/ jphase=absent killpid=
23:20:56.045341367 pdns=4152/0/active/running/ named=0/inactive/dead/ agent=4800/active/ jphase=absent killpid=
23:20:56.329017545 pdns=4152/0/active/running/ named=0/inactive/dead/ agent=4800/active/ jphase=absent killpid=
23:20:56.622781913 pdns=4152/0/active/running/ named=0/inactive/dead/ agent=4800/active/ jphase=absent killpid=
23:20:56.908618265 pdns=4152/0/active/running/ named=0/inactive/dead/ agent=4800/active/ jphase=absent killpid=
23:20:57.190325721 pdns=4152/0/active/running/ named=0/inactive/dead/ agent=4800/active/ jphase=absent killpid=
23:20:57.920830629 pdns=4152/0/active/running/ named=0/inactive/dead/ agent=4800/active/ jphase=absent killpid=
23:21:02.114517466 pdns=4152/0/active/running/ named=0/inactive/dead/ agent=4800/active/ jphase=absent killpid=
23:21:02.421273353 pdns=4152/0/active/running/ named=0/inactive/dead/ agent=4800/active/ jphase=absent killpid=
23:21:02.758932074 pdns=4152/0/active/running/ named=0/inactive/dead/ agent=4800/active/ jphase=absent killpid=
23:21:03.037858485 pdns=4152/0/active/running/ named=0/inactive/dead/ agent=4800/active/ jphase=absent killpid=
23:21:03.319328855 pdns=4152/0/active/running/ named=0/inactive/dead/ agent=4800/active/ jphase=absent killpid=
23:21:03.602201062 pdns=4152/0/active/running/ named=0/inactive/dead/ agent=4800/active/ jphase=absent killpid=
23:21:03.896086299 pdns=4152/0/active/running/ named=0/inactive/dead/ agent=4800/active/ jphase=absent killpid=
23:21:04.215560246 pdns=4152/0/active/running/ named=0/inactive/dead/ agent=4800/active/ jphase=absent killpid=
23:21:04.501910513 pdns=4152/0/active/running/ named=0/inactive/dead/ agent=4800/active/ jphase=absent killpid=
23:21:04.783744482 pdns=4152/0/active/running/ named=0/inactive/dead/ agent=4800/active/ jphase=absent killpid=
23:21:05.073920187 pdns=4152/0/active/running/ named=0/inactive/dead/ agent=4800/active/ jphase=absent killpid=
23:21:05.359658887 pdns=4152/0/active/running/ named=0/inactive/dead/ agent=4800/active/ jphase=absent killpid=
23:21:05.643419372 pdns=4152/0/active/running/ named=0/inactive/dead/ agent=4800/active/ jphase=absent killpid=
23:21:05.927129225 pdns=4152/0/active/running/ named=0/inactive/dead/ agent=4800/active/ jphase=absent killpid=
23:21:06.215438464 pdns=4152/0/active/running/ named=0/inactive/dead/ agent=4800/active/ jphase=absent killpid=
23:21:06.503999136 pdns=4152/0/active/running/ named=0/inactive/dead/ agent=4800/active/ jphase=absent killpid=
23:21:06.787409483 pdns=4152/0/active/running/ named=0/inactive/dead/ agent=4800/active/ jphase=absent killpid=
23:21:07.087690811 pdns=4152/0/active/running/ named=0/inactive/dead/ agent=4800/active/ jphase=absent killpid=
23:21:07.371440344 pdns=4152/0/active/running/ named=0/inactive/dead/ agent=4800/active/ jphase=absent killpid=
23:21:07.660693627 pdns=4152/0/active/running/ named=0/inactive/dead/ agent=4800/active/ jphase=absent killpid=
23:21:07.959611953 pdns=4152/0/active/running/ named=0/inactive/dead/ agent=4800/active/ jphase=absent killpid=
23:21:08.243377836 pdns=4152/0/active/running/ named=0/inactive/dead/ agent=4800/active/ jphase=absent killpid=
23:21:08.590250920 pdns=4152/0/active/running/ named=0/inactive/dead/ agent=4800/active/ jphase=absent killpid=
23:21:09.062752038 pdns=4152/0/active/running/ named=0/inactive/dead/ agent=4800/active/ jphase=absent killpid=
23:21:09.462115996 pdns=4152/0/active/running/ named=0/inactive/dead/ agent=4800/active/ jphase=absent killpid=
23:21:09.946709801 pdns=4152/0/active/running/ named=0/inactive/dead/ agent=4800/active/ jphase=absent killpid=
23:21:10.472063695 pdns=4152/0/active/running/ named=0/inactive/dead/ agent=4800/active/ jphase=absent killpid=
23:21:10.850619398 pdns=4152/0/active/running/ named=0/inactive/dead/ agent=4800/active/ jphase=absent killpid=
23:21:11.135150957 pdns=4152/0/active/running/ named=0/inactive/dead/ agent=4800/active/ jphase=absent killpid=
23:21:11.416893693 pdns=4152/0/active/running/ named=0/inactive/dead/ agent=4800/active/ jphase=absent killpid=
23:21:11.710203850 pdns=4152/0/active/running/ named=0/inactive/dead/ agent=4800/active/ jphase=absent killpid=
23:21:11.997702953 pdns=4152/0/active/running/ named=0/inactive/dead/ agent=4800/active/ jphase=absent killpid=
23:21:12.285422685 pdns=4152/0/active/running/ named=0/inactive/dead/ agent=4800/active/ jphase=absent killpid=
23:21:12.577492093 pdns=4152/0/active/running/ named=0/inactive/dead/ agent=4800/active/ jphase=absent killpid=
23:21:12.864707606 pdns=4152/0/active/running/ named=0/inactive/dead/ agent=4800/active/ jphase=absent killpid=
23:21:13.164349454 pdns=4152/0/active/running/ named=0/inactive/dead/ agent=4800/active/ jphase=absent killpid=
23:21:13.467404298 pdns=4152/0/active/running/ named=0/inactive/dead/ agent=4800/active/ jphase=absent killpid=
23:21:13.754348920 pdns=4152/0/active/running/ named=0/inactive/dead/ agent=4800/active/ jphase=absent killpid=
23:21:14.043744819 pdns=4152/0/active/running/ named=0/inactive/dead/ agent=4800/active/ jphase=absent killpid=
23:21:14.323531077 pdns=4152/0/active/running/ named=0/inactive/dead/ agent=4800/active/ jphase=absent killpid=
23:21:14.603556032 pdns=4152/0/active/running/ named=0/inactive/dead/ agent=4800/active/ jphase=absent killpid=
23:21:14.883693225 pdns=4152/0/active/running/ named=0/inactive/dead/ agent=4800/active/ jphase=absent killpid=
23:21:15.161250921 pdns=4152/0/active/running/ named=0/inactive/dead/ agent=4800/active/ jphase=absent killpid=
23:21:15.448711146 pdns=4152/0/active/running/ named=0/inactive/dead/ agent=4800/active/ jphase=absent killpid=
23:21:15.735538807 pdns=4152/0/active/running/ named=0/inactive/dead/ agent=4800/active/ jphase=absent killpid=
23:21:16.017715850 pdns=4152/0/active/running/ named=0/inactive/dead/ agent=4800/active/ jphase=absent killpid=
23:21:16.298842098 pdns=4152/0/active/running/ named=0/inactive/dead/ agent=4800/active/ jphase=absent killpid=
23:21:16.587771154 pdns=4152/0/active/running/ named=0/inactive/dead/ agent=4800/active/ jphase=absent killpid=
23:21:16.865710076 pdns=4152/0/active/running/ named=0/inactive/dead/ agent=4800/active/ jphase=absent killpid=
23:21:17.149293902 pdns=4152/0/active/running/ named=0/inactive/dead/ agent=4800/active/ jphase=absent killpid=
23:21:17.432624405 pdns=4152/0/active/running/ named=0/inactive/dead/ agent=4800/active/ jphase=absent killpid=
23:21:17.728540081 pdns=4152/0/active/running/ named=0/inactive/dead/ agent=4800/active/ jphase=absent killpid=
23:21:18.019001857 pdns=4152/0/active/running/ named=0/inactive/dead/ agent=4800/active/ jphase=absent killpid=
23:21:18.297822268 pdns=4152/0/active/running/ named=0/inactive/dead/ agent=4800/active/ jphase=absent killpid=
23:21:18.582266601 pdns=4152/0/active/running/ named=0/inactive/dead/ agent=4800/active/ jphase=absent killpid=
23:21:18.860590052 pdns=4152/0/active/running/ named=0/inactive/dead/ agent=4800/active/ jphase=absent killpid=
23:21:19.140097954 pdns=4152/0/active/running/ named=0/inactive/dead/ agent=4800/active/ jphase=absent killpid=
done
