{
  "action": "init-root",
  "dry_run": false,
  "marker": "/var/tmp/cp-oi-0929/.celikpanel-dns-kill-matrix-root",
  "work_root": "/var/tmp/cp-oi-0929"
}
total 875868
drwx------ 2 root root      4096 Sep 29 10:12 .
drwx------ 4 root root      4096 Sep 29 10:12 ..
-r--r--r-- 7 root root 556609024 Sep 27 02:09 Arch-Linux-x86_64-cloudimg-20260815.573966.qcow2
-r--r--r-- 7 root root 340262912 Sep 27 02:09 debian-13-genericcloud-amd64-20260826-2582.qcow2
{
  "action": "verify-images",
  "verified": {
    "arch": "/var/tmp/cp-oi-0929/images/Arch-Linux-x86_64-cloudimg-20260815.573966.qcow2",
    "debian13": "/var/tmp/cp-oi-0929/images/debian-13-genericcloud-amd64-20260826-2582.qcow2"
  }
}
8dd390ce9b7b725a8cacd70da262805d9d160203a78623ce6f40fd3fe74fc15e  /var/tmp/cp-oi-0929/artifacts/agent
e4c05c3afaaaca228bf55bdd67c2ab46946ff9fd3238961d8324dd8d647b4474  /var/tmp/cp-oi-0929/artifacts/agent.kill
793fb81b95fa96f438a216831a146e0869934ce31318881857d3352ffb92e472  /var/tmp/cp-oi-0929/artifacts/panel
97aa0ce32546e9ba6ae56831e9f300b1f97133893449422811937e365bdfc274  /var/tmp/cp-oi-0929/artifacts/dns-kill-trigger
15dbd98bbe7ce54d030b4bc2e5c26fc40a6351639a57373089edbe4976409dd9  /var/tmp/cp-oi-0929/artifacts/recovery
d87d93e8e6427daafc399e5d8e5c21ec1db5adb414698e872b86a46e22fd3bd6  /var/tmp/cp-oi-0929/artifacts/recovery-runtime/runtime.manifest
dcf6e09c026864ee15566a03b3c4aa30d6e1805333d548753b58d070e7fd1229  deploy/e2e/dns-kill-matrix/manifest.json
total 104
drwx------   5 root root  4096 Sep 29 10:12 .
drwxrwxrwt 363 root root 73728 Sep 29 10:12 ..
drwxr-xr-x   3 root root  4096 Sep 29 10:11 artifacts
-rw-------   1 root root    36 Sep 29 10:12 .celikpanel-dns-kill-matrix-root
drwx------   2 root root  4096 Sep 29 10:12 cells
-rw-------   1 root root   399 Sep 29 10:12 id_ed25519
-rw-r--r--   1 root root    92 Sep 29 10:12 id_ed25519.pub
drwx------   2 root root  4096 Sep 29 10:12 images
SETUP-OK
