2026-10-09T21:46:23Z start cell-arch-fresh-a
2026-10-09T21:56:39Z end cell-arch-fresh-a rc=1
2026-10-09T21:57:10Z staged cell-arch-fresh-a rc=0 overall: failed | native_evidence: False | outcome: set6-measured | final: None None
2026-10-09T21:57:10Z queue done
2026-10-09T21:58:42Z start cell-arch-fresh-b
2026-10-09T22:07:55Z end cell-arch-fresh-b rc=0
2026-10-09T22:08:20Z staged cell-arch-fresh-b rc=0 overall: complete-for-review | native_evidence: False | outcome: set6-measured | final: None None
2026-10-09T22:08:20Z start cell-d13-fresh-a
2026-10-09T22:19:09Z end cell-d13-fresh-a rc=0
2026-10-09T22:19:39Z staged cell-d13-fresh-a rc=0 overall: complete-for-review | native_evidence: False | outcome: set6-measured | final: None None
2026-10-09T22:19:39Z start cell-ub-fresh-a
2026-10-09T22:37:46Z end cell-ub-fresh-a rc=0
2026-10-09T22:38:17Z staged cell-ub-fresh-a rc=0 overall: complete-for-review | native_evidence: False | outcome: set6-measured | final: None None
2026-10-09T22:38:17Z start cell-arch-good-a
2026-10-09T22:48:07Z end cell-arch-good-a rc=0
2026-10-09T22:48:22Z staged cell-arch-good-a rc=0 overall: complete-for-review | native_evidence: False | outcome: update-verified | final: None succeeded
2026-10-09T22:48:22Z start cell-d13-good-a
2026-10-09T23:01:16Z end cell-d13-good-a rc=0
2026-10-09T23:01:43Z staged cell-d13-good-a rc=0 overall: complete-for-review | native_evidence: False | outcome: update-verified | final: None succeeded
2026-10-09T23:01:43Z start cell-ub-good-a
2026-10-09T23:21:11Z end cell-ub-good-a rc=0
2026-10-09T23:21:40Z staged cell-ub-good-a rc=0 overall: complete-for-review | native_evidence: False | outcome: update-verified | final: None succeeded
2026-10-09T23:21:40Z queue done
