01:26:40.214182380 CHANGE journal none -> absent
01:26:40.226845881 CHANGE ledger none -> 177f61d12ed0bb85e6ea535b807b376e26bbe0871405a13867c0b3cb6ea4b211
01:26:40.231063701 CHANGE state none -> absent
01:26:40.235410059 CHANGE pdnsdb none -> absent
01:26:40.240861878 POINTER 
01:26:40.242644344 pdns=0/0/inactive/dead/ named=0/inactive/dead/ agent=0/inactive/ jphase=absent killpid=
01:26:40.526711058 pdns=0/0/inactive/dead/ named=0/inactive/dead/ agent=0/inactive/ jphase=absent killpid=
01:26:40.803592797 pdns=0/0/inactive/dead/ named=0/inactive/dead/ agent=0/inactive/ jphase=absent killpid=
01:26:41.082254445 pdns=0/0/inactive/dead/ named=0/inactive/dead/ agent=0/inactive/ jphase=absent killpid=
01:26:41.357302946 pdns=0/0/inactive/dead/ named=0/inactive/dead/ agent=0/inactive/ jphase=absent killpid=
01:26:41.653858283 pdns=0/0/inactive/dead/ named=0/inactive/dead/ agent=0/inactive/ jphase=absent killpid=
01:26:41.940962580 pdns=0/0/inactive/dead/ named=0/inactive/dead/ agent=0/inactive/ jphase=absent killpid=
01:26:42.244020653 pdns=0/0/inactive/dead/ named=0/inactive/dead/ agent=0/inactive/ jphase=absent killpid=1936,
01:26:42.524021469 pdns=0/0/inactive/dead/ named=0/inactive/dead/ agent=0/inactive/ jphase=absent killpid=1936,
01:26:42.803274669 pdns=0/0/inactive/dead/ named=0/inactive/dead/ agent=0/inactive/ jphase=absent killpid=1936,
01:26:43.075930576 pdns=0/0/inactive/dead/ named=0/inactive/dead/ agent=0/inactive/ jphase=absent killpid=1936,
01:26:43.356288084 CHANGE ledger 177f61d12ed0bb85e6ea535b807b376e26bbe0871405a13867c0b3cb6ea4b211 -> 4c0a440e36ca7ae2fb20092b2fb20f09ad060039f50e0243e0b35dfb1c6524e7
01:26:43.360833228 pdns=0/0/inactive/dead/ named=0/inactive/dead/ agent=0/inactive/ jphase=absent killpid=1936,
01:26:43.681043309 CHANGE ledger 4c0a440e36ca7ae2fb20092b2fb20f09ad060039f50e0243e0b35dfb1c6524e7 -> 66859d1aefd7a9b688baf88689e9159bcdd44e17161eca3cc92ed59248862a1e
01:26:43.684734461 pdns=0/0/inactive/dead/ named=0/inactive/dead/ agent=0/inactive/ jphase=absent killpid=1936,2154,
01:26:44.000746085 pdns=0/0/inactive/dead/ named=0/inactive/dead/ agent=0/inactive/ jphase=absent killpid=1936,2154,
01:26:44.592227558 pdns=0/0/inactive/dead/ named=0/inactive/dead/ agent=0/inactive/ jphase=absent killpid=1936,2154,
01:26:45.281626295 pdns=0/0/inactive/dead/ named=0/inactive/dead/ agent=0/inactive/ jphase=absent killpid=1936,2154,
01:26:45.750794592 pdns=0/0/inactive/dead/ named=0/inactive/dead/ agent=0/inactive/ jphase=absent killpid=1936,2154,
01:26:46.111771963 pdns=0/0/inactive/dead/ named=0/inactive/dead/ agent=0/inactive/ jphase=absent killpid=1936,2154,
01:26:46.531673314 pdns=0/0/inactive/dead/ named=0/inactive/dead/ agent=0/inactive/ jphase=absent killpid=1936,2154,
01:26:46.937731554 pdns=0/0/inactive/dead/ named=0/inactive/dead/ agent=0/inactive/ jphase=absent killpid=1936,2154,
01:26:47.275458139 pdns=0/0/inactive/dead/ named=0/inactive/dead/ agent=0/inactive/ jphase=absent killpid=1936,2154,
01:26:47.686193817 pdns=0/0/inactive/dead/ named=0/inactive/dead/ agent=0/inactive/ jphase=absent killpid=1936,2154,
01:26:48.022773306 pdns=0/0/inactive/dead/ named=0/inactive/dead/ agent=0/inactive/ jphase=absent killpid=1936,2154,
01:26:48.339399831 CHANGE ledger 66859d1aefd7a9b688baf88689e9159bcdd44e17161eca3cc92ed59248862a1e -> a0ac3b4d5b0ceedad8abd2974d624faf69611d86ac08ba38bad33c60d70845b4
01:26:48.345548520 pdns=0/0/inactive/dead/ named=0/inactive/dead/ agent=0/inactive/ jphase=absent killpid=1936,2154,
01:26:48.699676251 CHANGE ledger a0ac3b4d5b0ceedad8abd2974d624faf69611d86ac08ba38bad33c60d70845b4 -> c7265cea403e8ad2648e99f435bdd79a1343814ec1f8a43eaf9d76dbe5cedb02
01:26:48.705996166 pdns=0/0/inactive/dead/ named=0/inactive/dead/ agent=0/inactive/ jphase=absent killpid=1936,2548,
01:26:49.053034361 CHANGE ledger c7265cea403e8ad2648e99f435bdd79a1343814ec1f8a43eaf9d76dbe5cedb02 -> 97bcbe5318df20e4b5f7786c6560215796ccfcc14c45373d1604609505c578b3
01:26:49.061563603 pdns=0/0/inactive/dead/ named=0/inactive/dead/ agent=0/inactive/ jphase=absent killpid=1936,
01:26:49.429553953 CHANGE ledger 97bcbe5318df20e4b5f7786c6560215796ccfcc14c45373d1604609505c578b3 -> 190b231df1f7c92b64dd567d871ced20e4b7bba359250c9783b8c1b313237d23
01:26:49.438612587 pdns=0/0/inactive/dead/ named=0/inactive/dead/ agent=0/inactive/ jphase=absent killpid=1936,2685,
01:26:49.749534519 pdns=0/0/inactive/dead/ named=0/inactive/dead/ agent=0/inactive/ jphase=absent killpid=1936,2685,
01:26:50.054067210 pdns=0/0/inactive/dead/ named=0/inactive/dead/ agent=0/inactive/ jphase=absent killpid=1936,2685,
01:26:50.360085803 pdns=0/0/inactive/dead/ named=0/inactive/dead/ agent=0/inactive/ jphase=absent killpid=1936,2685,
01:26:50.661029452 pdns=0/0/inactive/dead/ named=0/inactive/dead/ agent=0/inactive/ jphase=absent killpid=1936,2685,
01:26:50.962876664 pdns=0/0/inactive/dead/ named=0/inactive/dead/ agent=0/inactive/ jphase=absent killpid=1936,2685,
01:26:51.303588035 pdns=0/0/inactive/dead/ named=0/inactive/dead/ agent=0/inactive/ jphase=absent killpid=1936,2685,
01:26:51.606865365 pdns=0/0/inactive/dead/ named=0/inactive/dead/ agent=0/inactive/ jphase=absent killpid=1936,2685,
01:26:53.214454923 pdns=0/0/inactive/dead/ named=0/inactive/dead/ agent=0/inactive/ jphase=absent killpid=1936,2685,
01:26:53.534674855 CHANGE ledger 190b231df1f7c92b64dd567d871ced20e4b7bba359250c9783b8c1b313237d23 -> 27a8ca4b9b3e9f46b3002c5a475744cd2a5261c1f9a9f2b05272c6dd7bc82b7d
01:26:53.542501470 pdns=0/0/inactive/dead/ named=0/inactive/dead/ agent=0/inactive/ jphase=absent killpid=1936,2685,
01:26:53.839451929 pdns=0/0/inactive/dead/ named=0/inactive/dead/ agent=0/inactive/ jphase=absent killpid=1936,2685,
01:26:54.131729359 pdns=0/0/inactive/dead/ named=0/inactive/dead/ agent=0/inactive/ jphase=absent killpid=1936,2685,
01:26:54.419117008 pdns=0/0/inactive/dead/ named=0/inactive/dead/ agent=0/inactive/ jphase=absent killpid=1936,2685,
01:26:54.709831581 pdns=0/0/inactive/dead/ named=0/inactive/dead/ agent=0/inactive/ jphase=absent killpid=1936,2685,
01:26:55.005602176 CHANGE ledger 27a8ca4b9b3e9f46b3002c5a475744cd2a5261c1f9a9f2b05272c6dd7bc82b7d -> 07db180df331f12b0e0eda16ee53cc4da59ab6eb54d5420bd109ad7eb699f5e9
01:26:55.011346438 pdns=0/0/inactive/dead/ named=0/inactive/dead/ agent=0/inactive/ jphase=absent killpid=1936,3238,
01:26:55.504340480 CHANGE ledger 07db180df331f12b0e0eda16ee53cc4da59ab6eb54d5420bd109ad7eb699f5e9 -> 4d8822a16105967805f7130ccab124e754a590c71cafa48d3a289246f4ae1dc2
01:26:55.509784920 pdns=0/0/inactive/dead/ named=0/inactive/dead/ agent=0/inactive/ jphase=absent killpid=1936,
01:26:55.857221600 CHANGE ledger 4d8822a16105967805f7130ccab124e754a590c71cafa48d3a289246f4ae1dc2 -> 5940dceeb6420d0e028f1b7b4e994e855924190c57110804b0120f38606f1580
01:26:55.861770898 pdns=0/0/inactive/dead/ named=0/inactive/dead/ agent=0/inactive/ jphase=intent killpid=1936,
01:26:56.166320309 CHANGE journal absent -> 2da5fc4f18273f6dd9d00c2c441093ba854499ddc14c3ee272eb6435e22f4cca
01:26:56.177936090 CHANGE ledger 5940dceeb6420d0e028f1b7b4e994e855924190c57110804b0120f38606f1580 -> 2c732f3e9281c4fc05955fd7944b7e9b8d96798c41f7f6806c231103a32be980
01:26:56.183393514 pdns=0/0/inactive/dead/ named=0/inactive/dead/ agent=0/inactive/ jphase=intent killpid=1936,
01:26:56.485186420 CHANGE journal 2da5fc4f18273f6dd9d00c2c441093ba854499ddc14c3ee272eb6435e22f4cca -> 49397319f27946351f209973ee6454f4fc014f115679ae000aacdccd15e2562c
01:26:56.504183238 CHANGE ledger 2c732f3e9281c4fc05955fd7944b7e9b8d96798c41f7f6806c231103a32be980 -> 6134afe9d228dddc9e8a1d28ce7eb762a5c7b591fa98d75bcf9aedf8454adac2
01:26:56.526111717 CHANGE pdnsdb absent -> 91fe2fdb69b8a70792999e9306200aee214a73f5957518082c5fd7c0f5f4dcc4
01:26:56.532528509 pdns=0/0/inactive/dead/ named=0/inactive/dead/ agent=0/inactive/ jphase=target-enable-intent killpid=1936,3561,
01:26:56.860454401 CHANGE journal 49397319f27946351f209973ee6454f4fc014f115679ae000aacdccd15e2562c -> 0dcdf9e8503cc85f1753c98ef0f254595cb86d316d38cc6f43c8214ad527a6b9
01:26:56.875470834 CHANGE ledger 6134afe9d228dddc9e8a1d28ce7eb762a5c7b591fa98d75bcf9aedf8454adac2 -> 87958caa09b7d60ba0a773b7c910c6674980ecb39244c7ebe4eec75d5513d1dc
01:26:56.886350203 pdns=0/0/inactive/dead/ named=0/inactive/dead/ agent=0/inactive/ jphase=target-enable-intent killpid=1936,3746,
01:26:57.648354601 CHANGE ledger 87958caa09b7d60ba0a773b7c910c6674980ecb39244c7ebe4eec75d5513d1dc -> 89f8f457f6ce737eb9c02d1ed2a71333373a8513dbc87db77bc5d2cd802b3bbd
01:26:57.660796812 pdns=0/0/inactive/dead/ named=0/inactive/dead/ agent=0/inactive/ jphase=target-enable-intent killpid=1936,
01:26:57.991802282 CHANGE ledger 89f8f457f6ce737eb9c02d1ed2a71333373a8513dbc87db77bc5d2cd802b3bbd -> 5c1c2e50dd83b8a286a93a42bcccf5139d311fcb3e5bfe7d2d9fa92b984e78a0
01:26:58.004967384 pdns=0/0/inactive/dead/ named=0/inactive/dead/ agent=0/inactive/ jphase=target-enable-intent killpid=1936,3961,
01:26:58.514344706 CHANGE ledger 5c1c2e50dd83b8a286a93a42bcccf5139d311fcb3e5bfe7d2d9fa92b984e78a0 -> 570bdf213d077dd69252c8a673dde362b5742d24ec4bf9ed8116dfcf8472bbb0
01:26:58.529891905 pdns=0/0/inactive/dead/ named=0/inactive/dead/ agent=0/inactive/ jphase=target-enable-intent killpid=1936,
01:26:58.837921526 CHANGE ledger 570bdf213d077dd69252c8a673dde362b5742d24ec4bf9ed8116dfcf8472bbb0 -> 8fd30a9a492225f1dbf7777c5e8a391a2d69b7bb4f14e804c5ff1641dde2f95a
01:26:58.851122701 pdns=4116/0/activating/start/ named=0/inactive/dead/ agent=0/inactive/ jphase=target-enable-intent killpid=1936,4110,
01:26:59.148793172 CHANGE journal 0dcdf9e8503cc85f1753c98ef0f254595cb86d316d38cc6f43c8214ad527a6b9 -> 7042ee6480109158344de24bb7823c71241396d8d9062d8417caf31e5347a5cc
01:26:59.163748770 CHANGE ledger 8fd30a9a492225f1dbf7777c5e8a391a2d69b7bb4f14e804c5ff1641dde2f95a -> 3edb8fd6f3c0999b5ae7850fac51d938df65db4627c9031ac5d877c5d779ec82
01:26:59.197627838 CHANGE pdnsdb 91fe2fdb69b8a70792999e9306200aee214a73f5957518082c5fd7c0f5f4dcc4 -> 1ab9efa4ec3b89214de779e7f887115e1607243d08e4264cab8bb1ec92e77555
01:26:59.202496156 pdns=4116/0/active/running/ named=0/inactive/dead/ agent=0/inactive/ jphase=target-started killpid=1936,
01:26:59.506684054 CHANGE ledger 3edb8fd6f3c0999b5ae7850fac51d938df65db4627c9031ac5d877c5d779ec82 -> 8d92f0f9c7a591e4bf55a33e50b9d78ffabc635421c9d609b90ab04fb069a121
01:26:59.521570961 pdns=4116/0/active/running/ named=0/inactive/dead/ agent=0/inactive/ jphase=target-started killpid=1936,
01:26:59.890309143 CHANGE ledger 8d92f0f9c7a591e4bf55a33e50b9d78ffabc635421c9d609b90ab04fb069a121 -> 5624086c8dc8fa56b7074b21bf3d7819710ac4423cfdf17fbe2c159039d20acc
01:26:59.916120647 pdns=4116/0/active/running/ named=0/inactive/dead/ agent=0/inactive/ jphase=target-started killpid=1936,
01:27:00.365047589 CHANGE ledger 5624086c8dc8fa56b7074b21bf3d7819710ac4423cfdf17fbe2c159039d20acc -> cc9f0959aa60fb6045ea6cd38fbcd9f6a07b3d4d31eec510ccfd7a1941b19c3f
01:27:00.388318323 pdns=4116/0/active/running/ named=0/inactive/dead/ agent=0/inactive/ jphase=target-started killpid=1936,
01:27:00.801274785 CHANGE journal 7042ee6480109158344de24bb7823c71241396d8d9062d8417caf31e5347a5cc -> 4cf00f89d3eadae52c215d4d5ed84e7309e11166ee2fd569b1d4a550d715a551
01:27:00.816484634 CHANGE ledger cc9f0959aa60fb6045ea6cd38fbcd9f6a07b3d4d31eec510ccfd7a1941b19c3f -> 2cf3b74c49d73f8ed1c78fa1becc59ab21d4af802feda1518d69b975522195f5
01:27:00.835890406 CHANGE state absent -> 11123dcfa872b2069def5eb644a9b665abefed583d03f7f2394f4a35004df4e1
01:27:00.853452713 pdns=4116/0/active/running/ named=0/inactive/dead/ agent=0/inactive/ jphase=committed killpid=
01:27:01.339472030 pdns=4116/0/active/running/ named=0/inactive/dead/ agent=0/inactive/ jphase=committed killpid=
01:27:01.651012051 pdns=4116/0/active/running/ named=0/inactive/dead/ agent=0/inactive/ jphase=committed killpid=
01:27:01.977525373 pdns=4116/0/active/running/ named=0/inactive/dead/ agent=4829/active/ jphase=committed killpid=
01:27:02.297898994 pdns=4116/0/active/running/ named=0/inactive/dead/ agent=4829/active/ jphase=committed killpid=
01:27:02.629677763 pdns=4116/0/active/running/ named=0/inactive/dead/ agent=4829/active/ jphase=committed killpid=
01:27:03.002353983 pdns=4116/0/active/running/ named=0/inactive/dead/ agent=4829/active/ jphase=committed killpid=
01:27:03.338259716 pdns=4116/0/active/running/ named=0/inactive/dead/ agent=4829/active/ jphase=committed killpid=
01:27:03.655429388 pdns=4116/0/active/running/ named=0/inactive/dead/ agent=4829/active/ jphase=committed killpid=
01:27:03.962761822 pdns=4116/0/active/running/ named=0/inactive/dead/ agent=4829/active/ jphase=committed killpid=
01:27:04.274671256 pdns=4116/0/active/running/ named=0/inactive/dead/ agent=4829/active/ jphase=committed killpid=
01:27:04.565898875 CHANGE journal 4cf00f89d3eadae52c215d4d5ed84e7309e11166ee2fd569b1d4a550d715a551 -> absent
01:27:04.589311160 pdns=4116/0/active/running/ named=0/inactive/dead/ agent=4829/active/ jphase=absent killpid=
01:27:04.906451045 pdns=4116/0/active/running/ named=0/inactive/dead/ agent=4829/active/ jphase=absent killpid=
01:27:05.199272117 CHANGE ledger 2cf3b74c49d73f8ed1c78fa1becc59ab21d4af802feda1518d69b975522195f5 -> 084a0e43c3fbe85d4ab811112c9fdecb97599f41656e7296f847c7680febb454
01:27:05.212108722 pdns=4116/0/active/running/ named=0/inactive/dead/ agent=4829/active/ jphase=absent killpid=
01:27:05.502042958 pdns=4116/0/active/running/ named=0/inactive/dead/ agent=4829/active/ jphase=absent killpid=
01:27:05.803515629 pdns=4116/0/active/running/ named=0/inactive/dead/ agent=4829/active/ jphase=absent killpid=
01:27:06.097147340 pdns=4116/0/active/running/ named=0/inactive/dead/ agent=4829/active/ jphase=absent killpid=
01:27:06.386841399 pdns=4116/0/active/running/ named=0/inactive/dead/ agent=4829/active/ jphase=absent killpid=
01:27:06.704192473 pdns=4116/0/active/running/ named=0/inactive/dead/ agent=4829/active/ jphase=absent killpid=
01:27:06.993114150 pdns=4116/0/active/running/ named=0/inactive/dead/ agent=4829/active/ jphase=absent killpid=
01:27:07.282423141 pdns=4116/0/active/running/ named=0/inactive/dead/ agent=4829/active/ jphase=absent killpid=
01:27:07.574660658 pdns=4116/0/active/running/ named=0/inactive/dead/ agent=4829/active/ jphase=absent killpid=
01:27:07.945388047 pdns=4116/0/active/running/ named=0/inactive/dead/ agent=4829/active/ jphase=absent killpid=
01:27:08.513644292 pdns=4116/0/active/running/ named=0/inactive/dead/ agent=4829/active/ jphase=absent killpid=
01:27:08.948639186 pdns=4116/0/active/running/ named=0/inactive/dead/ agent=4829/active/ jphase=absent killpid=
01:27:09.435166869 pdns=4116/0/active/running/ named=0/inactive/dead/ agent=4829/active/ jphase=absent killpid=
01:27:09.961779429 pdns=4116/0/active/running/ named=0/inactive/dead/ agent=4829/active/ jphase=absent killpid=
01:27:10.449934748 pdns=4116/0/active/running/ named=0/inactive/dead/ agent=4829/active/ jphase=absent killpid=
01:27:10.990503645 pdns=4116/0/active/running/ named=0/inactive/dead/ agent=4829/active/ jphase=absent killpid=
01:27:11.280403344 pdns=4116/0/active/running/ named=0/inactive/dead/ agent=4829/active/ jphase=absent killpid=
01:27:11.571917183 pdns=4116/0/active/running/ named=0/inactive/dead/ agent=4829/active/ jphase=absent killpid=
01:27:11.866268782 pdns=4116/0/active/running/ named=0/inactive/dead/ agent=4829/active/ jphase=absent killpid=
01:27:12.185038398 pdns=4116/0/active/running/ named=0/inactive/dead/ agent=4829/active/ jphase=absent killpid=
01:27:12.494454295 pdns=4116/0/active/running/ named=0/inactive/dead/ agent=4829/active/ jphase=absent killpid=
01:27:12.789922130 pdns=4116/0/active/running/ named=0/inactive/dead/ agent=4829/active/ jphase=absent killpid=
01:27:13.080358787 pdns=4116/0/active/running/ named=0/inactive/dead/ agent=4829/active/ jphase=absent killpid=
01:27:13.368272601 pdns=4116/0/active/running/ named=0/inactive/dead/ agent=4829/active/ jphase=absent killpid=
01:27:13.653351262 pdns=4116/0/active/running/ named=0/inactive/dead/ agent=4829/active/ jphase=absent killpid=
01:27:13.941044395 pdns=4116/0/active/running/ named=0/inactive/dead/ agent=4829/active/ jphase=absent killpid=
01:27:14.239556058 pdns=4116/0/active/running/ named=0/inactive/dead/ agent=4829/active/ jphase=absent killpid=
01:27:14.536462933 pdns=4116/0/active/running/ named=0/inactive/dead/ agent=4829/active/ jphase=absent killpid=
01:27:14.835934768 pdns=4116/0/active/running/ named=0/inactive/dead/ agent=4829/active/ jphase=absent killpid=
01:27:15.117505689 pdns=4116/0/active/running/ named=0/inactive/dead/ agent=4829/active/ jphase=absent killpid=
01:27:15.402621763 pdns=4116/0/active/running/ named=0/inactive/dead/ agent=4829/active/ jphase=absent killpid=
01:27:15.697107070 pdns=4116/0/active/running/ named=0/inactive/dead/ agent=4829/active/ jphase=absent killpid=
01:27:15.985091497 pdns=4116/0/active/running/ named=0/inactive/dead/ agent=4829/active/ jphase=absent killpid=
01:27:16.289176429 pdns=4116/0/active/running/ named=0/inactive/dead/ agent=4829/active/ jphase=absent killpid=
01:27:16.583075400 pdns=4116/0/active/running/ named=0/inactive/dead/ agent=4829/active/ jphase=absent killpid=
01:27:16.875792057 pdns=4116/0/active/running/ named=0/inactive/dead/ agent=4829/active/ jphase=absent killpid=
01:27:17.161140897 pdns=4116/0/active/running/ named=0/inactive/dead/ agent=4829/active/ jphase=absent killpid=
01:27:17.454184129 pdns=4116/0/active/running/ named=0/inactive/dead/ agent=4829/active/ jphase=absent killpid=
01:27:17.748231980 pdns=4116/0/active/running/ named=0/inactive/dead/ agent=4829/active/ jphase=absent killpid=
01:27:18.041811545 pdns=4116/0/active/running/ named=0/inactive/dead/ agent=4829/active/ jphase=absent killpid=
01:27:18.324209469 pdns=4116/0/active/running/ named=0/inactive/dead/ agent=4829/active/ jphase=absent killpid=
01:27:18.611207289 pdns=4116/0/active/running/ named=0/inactive/dead/ agent=4829/active/ jphase=absent killpid=
01:27:18.899641464 pdns=4116/0/active/running/ named=0/inactive/dead/ agent=4829/active/ jphase=absent killpid=
01:27:19.196906898 pdns=4116/0/active/running/ named=0/inactive/dead/ agent=4829/active/ jphase=absent killpid=
01:27:19.484221079 pdns=4116/0/active/running/ named=0/inactive/dead/ agent=4829/active/ jphase=absent killpid=
01:27:19.773066083 pdns=4116/0/active/running/ named=0/inactive/dead/ agent=4829/active/ jphase=absent killpid=
01:27:20.073672009 pdns=4116/0/active/running/ named=0/inactive/dead/ agent=4829/active/ jphase=absent killpid=
01:27:20.357654151 pdns=4116/0/active/running/ named=0/inactive/dead/ agent=4829/active/ jphase=absent killpid=
01:27:22.031930823 pdns=4116/0/active/running/ named=0/inactive/dead/ agent=4829/active/ jphase=absent killpid=
01:27:22.341662154 pdns=4116/0/active/running/ named=0/inactive/dead/ agent=4829/active/ jphase=absent killpid=
01:27:22.643234112 pdns=4116/0/active/running/ named=0/inactive/dead/ agent=4829/active/ jphase=absent killpid=
01:27:22.962278567 pdns=4116/0/active/running/ named=0/inactive/dead/ agent=4829/active/ jphase=absent killpid=
01:27:23.268909890 pdns=4116/0/active/running/ named=0/inactive/dead/ agent=4829/active/ jphase=absent killpid=
01:27:23.568379815 pdns=4116/0/active/running/ named=0/inactive/dead/ agent=4829/active/ jphase=absent killpid=
01:27:23.853048020 pdns=4116/0/active/running/ named=0/inactive/dead/ agent=4829/active/ jphase=absent killpid=
01:27:24.140291723 pdns=4116/0/active/running/ named=0/inactive/dead/ agent=4829/active/ jphase=absent killpid=
01:27:24.423721551 pdns=4116/0/active/running/ named=0/inactive/dead/ agent=4829/active/ jphase=absent killpid=
01:27:24.710107803 pdns=4116/0/active/running/ named=0/inactive/dead/ agent=4829/active/ jphase=absent killpid=
01:27:25.011677872 pdns=4116/0/active/running/ named=0/inactive/dead/ agent=4829/active/ jphase=absent killpid=
01:27:25.293506692 pdns=4116/0/active/running/ named=0/inactive/dead/ agent=4829/active/ jphase=absent killpid=
01:27:25.582097527 pdns=4116/0/active/running/ named=0/inactive/dead/ agent=4829/active/ jphase=absent killpid=
01:27:25.869020181 pdns=4116/0/active/running/ named=0/inactive/dead/ agent=4829/active/ jphase=absent killpid=
01:27:26.158143427 pdns=4116/0/active/running/ named=0/inactive/dead/ agent=4829/active/ jphase=absent killpid=
01:27:26.521958545 pdns=4116/0/active/running/ named=0/inactive/dead/ agent=4829/active/ jphase=absent killpid=
01:27:27.014374720 pdns=4116/0/active/running/ named=0/inactive/dead/ agent=4829/active/ jphase=absent killpid=
01:27:27.452188238 pdns=4116/0/active/running/ named=0/inactive/dead/ agent=4829/active/ jphase=absent killpid=
01:27:27.971921662 pdns=4116/0/active/running/ named=0/inactive/dead/ agent=4829/active/ jphase=absent killpid=
01:27:28.520109290 pdns=4116/0/active/running/ named=0/inactive/dead/ agent=4829/active/ jphase=absent killpid=
01:27:29.053778170 pdns=4116/0/active/running/ named=0/inactive/dead/ agent=4829/active/ jphase=absent killpid=
01:27:29.345570088 pdns=4116/0/active/running/ named=0/inactive/dead/ agent=4829/active/ jphase=absent killpid=
01:27:29.629872799 pdns=4116/0/active/running/ named=0/inactive/dead/ agent=4829/active/ jphase=absent killpid=
01:27:29.913183585 pdns=4116/0/active/running/ named=0/inactive/dead/ agent=4829/active/ jphase=absent killpid=
01:27:30.211033655 pdns=4116/0/active/running/ named=0/inactive/dead/ agent=4829/active/ jphase=absent killpid=
01:27:30.526757087 pdns=4116/0/active/running/ named=0/inactive/dead/ agent=4829/active/ jphase=absent killpid=
01:27:30.832247186 pdns=4116/0/active/running/ named=0/inactive/dead/ agent=4829/active/ jphase=absent killpid=
01:27:31.122127381 pdns=4116/0/active/running/ named=0/inactive/dead/ agent=4829/active/ jphase=absent killpid=
01:27:31.410866652 pdns=4116/0/active/running/ named=0/inactive/dead/ agent=4829/active/ jphase=absent killpid=
01:27:31.710922999 pdns=4116/0/active/running/ named=0/inactive/dead/ agent=4829/active/ jphase=absent killpid=
01:27:32.013576529 pdns=4116/0/active/running/ named=0/inactive/dead/ agent=4829/active/ jphase=absent killpid=
01:27:32.325198849 pdns=4116/0/active/running/ named=0/inactive/dead/ agent=4829/active/ jphase=absent killpid=
01:27:32.613898037 pdns=4116/0/active/running/ named=0/inactive/dead/ agent=4829/active/ jphase=absent killpid=
01:27:32.914615634 pdns=4116/0/active/running/ named=0/inactive/dead/ agent=4829/active/ jphase=absent killpid=
01:27:33.205641225 pdns=4116/0/active/running/ named=0/inactive/dead/ agent=4829/active/ jphase=absent killpid=
01:27:33.506947044 pdns=4116/0/active/running/ named=0/inactive/dead/ agent=4829/active/ jphase=absent killpid=
01:27:33.870307485 pdns=4116/0/active/running/ named=0/inactive/dead/ agent=4829/active/ jphase=absent killpid=
01:27:34.160783883 pdns=4116/0/active/running/ named=0/inactive/dead/ agent=4829/active/ jphase=absent killpid=
01:27:34.445977703 pdns=4116/0/active/running/ named=0/inactive/dead/ agent=4829/active/ jphase=absent killpid=
01:27:34.744346396 pdns=4116/0/active/running/ named=0/inactive/dead/ agent=4829/active/ jphase=absent killpid=
01:27:35.035593924 pdns=4116/0/active/running/ named=0/inactive/dead/ agent=4829/active/ jphase=absent killpid=
01:27:35.318558427 pdns=4116/0/active/running/ named=0/inactive/dead/ agent=4829/active/ jphase=absent killpid=
01:27:35.603849885 pdns=4116/0/active/running/ named=0/inactive/dead/ agent=4829/active/ jphase=absent killpid=
01:27:35.889975608 pdns=4116/0/active/running/ named=0/inactive/dead/ agent=4829/active/ jphase=absent killpid=
01:27:36.183952404 pdns=4116/0/active/running/ named=0/inactive/dead/ agent=4829/active/ jphase=absent killpid=
01:27:39.283179868 CHANGE ledger 084a0e43c3fbe85d4ab811112c9fdecb97599f41656e7296f847c7680febb454 -> 27fa159621acc45ec54ea7e11d590e19a35c40bd1e476154439ba16faa2d3dd8
done
