### collect 2026-09-30T05:19:36.513577148Z
last watcher dir: /var/tmp/cp-b11-watch
request id: 076c692ac1346f2b9c6a0df468b0e9aa
ownerpost rc=0
smstatus rc=0
probe rc=0
pdnsdb rc=0
notifycap rc=0
bindsec rc=0
peer journal rc=0
peerloop rc=0 lines=197
cell directory: /var/tmp/cp-b11-1001/r1/cells/7392457812ac089a866de6ec
total 24
drwx------ 2 root root 4096 Sep 30 08:14 .
drwxr-xr-x 3 root root 4096 Sep 30 08:20 ..
-rw------- 1 root root 1424 Sep 30 08:13 peer-verdict.json
-rw------- 1 root root 6916 Sep 30 08:13 zone-lifecycle.json
-rw------- 1 root root 1585 Sep 30 08:14 zone-lifecycle-recover.json
05:13:50.778335126 CHANGE pdnsdb bbb1c5ae6fa023c30b6ce47ff837a79aa9a540de339ba3c5955b2d0ef475df68 -> b903c5da8f069366c62a2de9e88c02339ff8656c0a830b4d6681e16624858ade pdns=5832/active/
05:14:48.824084701 CHANGE pdnsdb b903c5da8f069366c62a2de9e88c02339ff8656c0a830b4d6681e16624858ade -> 997dbe8c611f3bddf3271455a113bea382c6f5f734be43c0e8821d27894b9a3c pdns=5832/active/
done
tar rc=0 size=3194880
extract rc=0
/var/tmp/cp-b11-1001/evidence/z04-zero-committed-zl/agent-journal-all-boots.txt
/var/tmp/cp-b11-1001/evidence/z04-zero-committed-zl/agent-journal-hold-rollback-lines.txt
/var/tmp/cp-b11-1001/evidence/z04-zero-committed-zl/bind-secondary-state-post-collect.txt
/var/tmp/cp-b11-1001/evidence/z04-zero-committed-zl/bind-secondary-state-pre-run.txt
/var/tmp/cp-b11-1001/evidence/z04-zero-committed-zl/boot-monitor.log
/var/tmp/cp-b11-1001/evidence/z04-zero-committed-zl/catalog-lines-agent-journal.txt
/var/tmp/cp-b11-1001/evidence/z04-zero-committed-zl/catalog-serial-history.txt
/var/tmp/cp-b11-1001/evidence/z04-zero-committed-zl/collect.log
/var/tmp/cp-b11-1001/evidence/z04-zero-committed-zl/dns-after-pending-guest.txt
/var/tmp/cp-b11-1001/evidence/z04-zero-committed-zl/dns-after-pending-peer.txt
/var/tmp/cp-b11-1001/evidence/z04-zero-committed-zl/dns-post-collect-guest.txt
/var/tmp/cp-b11-1001/evidence/z04-zero-committed-zl/dns-post-collect-peer.txt
/var/tmp/cp-b11-1001/evidence/z04-zero-committed-zl/dns-pre-run-guest.txt
/var/tmp/cp-b11-1001/evidence/z04-zero-committed-zl/dns-pre-run-peer.txt
/var/tmp/cp-b11-1001/evidence/z04-zero-committed-zl/driver.log
/var/tmp/cp-b11-1001/evidence/z04-zero-committed-zl/enroll.log
/var/tmp/cp-b11-1001/evidence/z04-zero-committed-zl/enroll-recovery-runtime.log
/var/tmp/cp-b11-1001/evidence/z04-zero-committed-zl/extra-observe-after-pending.txt
/var/tmp/cp-b11-1001/evidence/z04-zero-committed-zl/fresh-primary-peer/peer-verdict.json
/var/tmp/cp-b11-1001/evidence/z04-zero-committed-zl/fresh-primary-peer/zone-lifecycle.json
/var/tmp/cp-b11-1001/evidence/z04-zero-committed-zl/fresh-primary-peer/zone-lifecycle-recover.json
/var/tmp/cp-b11-1001/evidence/z04-zero-committed-zl/guest-identity.txt
/var/tmp/cp-b11-1001/evidence/z04-zero-committed-zl/guest-recovery-probe-post-collect.json
/var/tmp/cp-b11-1001/evidence/z04-zero-committed-zl/install.log
/var/tmp/cp-b11-1001/evidence/z04-zero-committed-zl/ledwatch-timeline-snapshot.txt
/var/tmp/cp-b11-1001/evidence/z04-zero-committed-zl/native-and-outage.json
/var/tmp/cp-b11-1001/evidence/z04-zero-committed-zl/owner-post-state.txt
/var/tmp/cp-b11-1001/evidence/z04-zero-committed-zl/pdns-db-post-collect.txt
/var/tmp/cp-b11-1001/evidence/z04-zero-committed-zl/pdns-db-pre-run.txt
/var/tmp/cp-b11-1001/evidence/z04-zero-committed-zl/pdns-db-timeline.txt
/var/tmp/cp-b11-1001/evidence/z04-zero-committed-zl/pdns-notify-journal-and-also-notify.txt
/var/tmp/cp-b11-1001/evidence/z04-zero-committed-zl/peer-daemon-journal.txt
/var/tmp/cp-b11-1001/evidence/z04-zero-committed-zl/peer-dns-sampler.log
/var/tmp/cp-b11-1001/evidence/z04-zero-committed-zl/peer-facts-post-collect.txt
/var/tmp/cp-b11-1001/evidence/z04-zero-committed-zl/peer-facts-pre-run.txt
/var/tmp/cp-b11-1001/evidence/z04-zero-committed-zl/peer-identity.txt
/var/tmp/cp-b11-1001/evidence/z04-zero-committed-zl/peer-prepare.log
/var/tmp/cp-b11-1001/evidence/z04-zero-committed-zl/post-state.txt
/var/tmp/cp-b11-1001/evidence/z04-zero-committed-zl/prepare.json
/var/tmp/cp-b11-1001/evidence/z04-zero-committed-zl/prepare-source.log
/var/tmp/cp-b11-1001/evidence/z04-zero-committed-zl/pre-run-units.txt
/var/tmp/cp-b11-1001/evidence/z04-zero-committed-zl/primary-state-after-recover.txt
/var/tmp/cp-b11-1001/evidence/z04-zero-committed-zl/primary-state-after-run.txt
/var/tmp/cp-b11-1001/evidence/z04-zero-committed-zl/primary-state-before-recover.txt
/var/tmp/cp-b11-1001/evidence/z04-zero-committed-zl/primary-state-post-collect.txt
/var/tmp/cp-b11-1001/evidence/z04-zero-committed-zl/primary-state-pre-run.txt
/var/tmp/cp-b11-1001/evidence/z04-zero-committed-zl/probe-argv.json
/var/tmp/cp-b11-1001/evidence/z04-zero-committed-zl/raw/fixture/controller-argv.json
/var/tmp/cp-b11-1001/evidence/z04-zero-committed-zl/raw/fixture/coordinator-stop-proof.json
/var/tmp/cp-b11-1001/evidence/z04-zero-committed-zl/raw/fixture/installed-binaries.sha256
/var/tmp/cp-b11-1001/evidence/z04-zero-committed-zl/raw/fixture/ls.txt
/var/tmp/cp-b11-1001/evidence/z04-zero-committed-zl/raw/fixture/measured/trigger-identity.json
/var/tmp/cp-b11-1001/evidence/z04-zero-committed-zl/raw/fixture/scenario.json
/var/tmp/cp-b11-1001/evidence/z04-zero-committed-zl/raw/fixture/source-proof.json
/var/tmp/cp-b11-1001/evidence/z04-zero-committed-zl/raw/journald/bind9.service.txt
/var/tmp/cp-b11-1001/evidence/z04-zero-committed-zl/raw/journald/celikpanel-agent.service.txt
/var/tmp/cp-b11-1001/evidence/z04-zero-committed-zl/raw/journald/celikpanel-panel.service.txt
/var/tmp/cp-b11-1001/evidence/z04-zero-committed-zl/raw/journald/list-boots.txt
/var/tmp/cp-b11-1001/evidence/z04-zero-committed-zl/raw/journald/named.service.txt
/var/tmp/cp-b11-1001/evidence/z04-zero-committed-zl/raw/journald/pdns.service.txt
/var/tmp/cp-b11-1001/evidence/z04-zero-committed-zl/raw/results/pdns-switch__committed__after-write__paired-primary__peer-reachable/boundary-marker.json
/var/tmp/cp-b11-1001/evidence/z04-zero-committed-zl/raw/results/pdns-switch__committed__after-write__paired-primary__peer-reachable/kill-proof.json
/var/tmp/cp-b11-1001/evidence/z04-zero-committed-zl/raw/results/pdns-switch__committed__after-write__paired-primary__peer-reachable/result.json
/var/tmp/cp-b11-1001/evidence/z04-zero-committed-zl/raw/results/pdns-switch__committed__after-write__paired-primary__peer-reachable/transcript.jsonl
/var/tmp/cp-b11-1001/evidence/z04-zero-committed-zl/raw/state/dns-engine-ownership-pdns.json
/var/tmp/cp-b11-1001/evidence/z04-zero-committed-zl/raw/state/dns-engine-state.json
/var/tmp/cp-b11-1001/evidence/z04-zero-committed-zl/raw/state/dns-engine-switch-v3-archive-076c692ac1346f2b9c6a0df468b0e9aa-307bdc7c5ffa020d987b143672d907f18fcda37eee414ba8da4db4392426bdb4.json
/var/tmp/cp-b11-1001/evidence/z04-zero-committed-zl/raw/state/ls.txt
/var/tmp/cp-b11-1001/evidence/z04-zero-committed-zl/raw/state/service-mutations.json
/var/tmp/cp-b11-1001/evidence/z04-zero-committed-zl/raw/watch/cp-b11-watch/copies/051222.075-ledger-177f61d12ed0.json
/var/tmp/cp-b11-1001/evidence/z04-zero-committed-zl/raw/watch/cp-b11-watch/copies/051227.683-ledger-8eaabb3a5096.json
/var/tmp/cp-b11-1001/evidence/z04-zero-committed-zl/raw/watch/cp-b11-watch/copies/051228.057-ledger-367c70b835e7.json
/var/tmp/cp-b11-1001/evidence/z04-zero-committed-zl/raw/watch/cp-b11-watch/copies/051232.598-ledger-559b53995379.json
/var/tmp/cp-b11-1001/evidence/z04-zero-committed-zl/raw/watch/cp-b11-watch/copies/051233.235-ledger-f726862006d2.json
/var/tmp/cp-b11-1001/evidence/z04-zero-committed-zl/raw/watch/cp-b11-watch/copies/051234.284-ledger-535cbbe533b9.json
/var/tmp/cp-b11-1001/evidence/z04-zero-committed-zl/raw/watch/cp-b11-watch/copies/051234.975-ledger-e8751d7ea411.json
/var/tmp/cp-b11-1001/evidence/z04-zero-committed-zl/raw/watch/cp-b11-watch/copies/051235.809-ledger-b1b5aa8bd731.json
/var/tmp/cp-b11-1001/evidence/z04-zero-committed-zl/raw/watch/cp-b11-watch/copies/051237.600-ledger-38c6763f7947.json
/var/tmp/cp-b11-1001/evidence/z04-zero-committed-zl/raw/watch/cp-b11-watch/copies/051242.179-ledger-b0f23c109602.json
/var/tmp/cp-b11-1001/evidence/z04-zero-committed-zl/raw/watch/cp-b11-watch/copies/051242.637-ledger-d3d503e50563.json
/var/tmp/cp-b11-1001/evidence/z04-zero-committed-zl/raw/watch/cp-b11-watch/copies/051243.066-ledger-03e89e6fad23.json
/var/tmp/cp-b11-1001/evidence/z04-zero-committed-zl/raw/watch/cp-b11-watch/copies/051243.401-ledger-056731279fc4.json
/var/tmp/cp-b11-1001/evidence/z04-zero-committed-zl/raw/watch/cp-b11-watch/copies/051243.794-journal-2da5fc4f1827.json
/var/tmp/cp-b11-1001/evidence/z04-zero-committed-zl/raw/watch/cp-b11-watch/copies/051243.831-ledger-fee263b8a95c.json
/var/tmp/cp-b11-1001/evidence/z04-zero-committed-zl/raw/watch/cp-b11-watch/copies/051244.518-journal-aedf7a68074f.json
/var/tmp/cp-b11-1001/evidence/z04-zero-committed-zl/raw/watch/cp-b11-watch/copies/051244.829-journal-8d0f6afba721.json
/var/tmp/cp-b11-1001/evidence/z04-zero-committed-zl/raw/watch/cp-b11-watch/copies/051244.846-ledger-cca863b57f14.json
/var/tmp/cp-b11-1001/evidence/z04-zero-committed-zl/raw/watch/cp-b11-watch/copies/051244.873-91fe2fdb69b8.sqlite3
/var/tmp/cp-b11-1001/evidence/z04-zero-committed-zl/raw/watch/cp-b11-watch/copies/051245.218-ledger-5d66a8420087.json
/var/tmp/cp-b11-1001/evidence/z04-zero-committed-zl/raw/watch/cp-b11-watch/copies/051245.819-ledger-326f0682f83c.json
/var/tmp/cp-b11-1001/evidence/z04-zero-committed-zl/raw/watch/cp-b11-watch/copies/051246.211-ledger-b4a122f1d6f2.json
/var/tmp/cp-b11-1001/evidence/z04-zero-committed-zl/raw/watch/cp-b11-watch/copies/051246.577-ledger-437a9772eeb0.json
/var/tmp/cp-b11-1001/evidence/z04-zero-committed-zl/raw/watch/cp-b11-watch/copies/051246.950-ledger-0417e907a029.json
/var/tmp/cp-b11-1001/evidence/z04-zero-committed-zl/raw/watch/cp-b11-watch/copies/051247.439-ledger-e73809d9b473.json
/var/tmp/cp-b11-1001/evidence/z04-zero-committed-zl/raw/watch/cp-b11-watch/copies/051247.828-ledger-836330a6101f.json
/var/tmp/cp-b11-1001/evidence/z04-zero-committed-zl/raw/watch/cp-b11-watch/copies/051248.220-ledger-1330a3a87c22.json
/var/tmp/cp-b11-1001/evidence/z04-zero-committed-zl/raw/watch/cp-b11-watch/copies/051248.577-journal-204c1992fae2.json
/var/tmp/cp-b11-1001/evidence/z04-zero-committed-zl/raw/watch/cp-b11-watch/copies/051248.599-ledger-a9545571aa92.json
/var/tmp/cp-b11-1001/evidence/z04-zero-committed-zl/raw/watch/cp-b11-watch/copies/051248.618-f827a73bebe7.sqlite3
/var/tmp/cp-b11-1001/evidence/z04-zero-committed-zl/raw/watch/cp-b11-watch/copies/051248.618-f827a73bebe7.sqlite3-wal
/var/tmp/cp-b11-1001/evidence/z04-zero-committed-zl/raw/watch/cp-b11-watch/copies/051249.045-ledger-610d9c2c859b.json
/var/tmp/cp-b11-1001/evidence/z04-zero-committed-zl/raw/watch/cp-b11-watch/copies/051249.390-ledger-57c63867e394.json
/var/tmp/cp-b11-1001/evidence/z04-zero-committed-zl/raw/watch/cp-b11-watch/copies/051249.767-ledger-e2cd67427801.json
/var/tmp/cp-b11-1001/evidence/z04-zero-committed-zl/raw/watch/cp-b11-watch/copies/051250.161-ledger-bb020afb7bfc.json
/var/tmp/cp-b11-1001/evidence/z04-zero-committed-zl/raw/watch/cp-b11-watch/copies/051250.520-ledger-42a45946eb88.json
/var/tmp/cp-b11-1001/evidence/z04-zero-committed-zl/raw/watch/cp-b11-watch/copies/051250.896-journal-adf57fe4848d.json
/var/tmp/cp-b11-1001/evidence/z04-zero-committed-zl/raw/watch/cp-b11-watch/copies/051250.924-ledger-6d128a3ab7ac.json
/var/tmp/cp-b11-1001/evidence/z04-zero-committed-zl/raw/watch/cp-b11-watch/copies/051251.341-journal-8dda164467ca.json
/var/tmp/cp-b11-1001/evidence/z04-zero-committed-zl/raw/watch/cp-b11-watch/copies/051251.385-state-307bdc7c5ffa.json
/var/tmp/cp-b11-1001/evidence/z04-zero-committed-zl/raw/watch/cp-b11-watch/copies/051258.751-ledger-1da3e967a0ab.json
/var/tmp/cp-b11-1001/evidence/z04-zero-committed-zl/raw/watch/cp-b11-watch/copies/051333.366-ledger-e2080fae8883.json
/var/tmp/cp-b11-1001/evidence/z04-zero-committed-zl/raw/watch/cp-b11-watch-db/copies/051245.075-91fe2fdb69b8.sqlite3
/var/tmp/cp-b11-1001/evidence/z04-zero-committed-zl/raw/watch/cp-b11-watch-db/copies/051248.772-f827a73bebe7.sqlite3
/var/tmp/cp-b11-1001/evidence/z04-zero-committed-zl/raw/watch/cp-b11-watch-db/copies/051248.772-f827a73bebe7.sqlite3-wal
/var/tmp/cp-b11-1001/evidence/z04-zero-committed-zl/raw/watch/cp-b11-watch-db/copies/051334.796-296c26d39451.sqlite3
/var/tmp/cp-b11-1001/evidence/z04-zero-committed-zl/raw/watch/cp-b11-watch-db/copies/051334.796-296c26d39451.sqlite3-wal
/var/tmp/cp-b11-1001/evidence/z04-zero-committed-zl/raw/watch/cp-b11-watch-db/copies/051343.030-6ed61e5d4128.sqlite3
/var/tmp/cp-b11-1001/evidence/z04-zero-committed-zl/raw/watch/cp-b11-watch-db/copies/051343.030-6ed61e5d4128.sqlite3-wal
/var/tmp/cp-b11-1001/evidence/z04-zero-committed-zl/raw/watch/cp-b11-watch-db/copies/051348.691-bbb1c5ae6fa0.sqlite3
/var/tmp/cp-b11-1001/evidence/z04-zero-committed-zl/raw/watch/cp-b11-watch-db/copies/051348.691-bbb1c5ae6fa0.sqlite3-wal
/var/tmp/cp-b11-1001/evidence/z04-zero-committed-zl/raw/watch/cp-b11-watch-db/copies/051350.770-b903c5da8f06.sqlite3
/var/tmp/cp-b11-1001/evidence/z04-zero-committed-zl/raw/watch/cp-b11-watch-db/copies/051350.770-b903c5da8f06.sqlite3-wal
/var/tmp/cp-b11-1001/evidence/z04-zero-committed-zl/raw/watch/cp-b11-watch-db/copies/051448.812-997dbe8c611f.sqlite3
/var/tmp/cp-b11-1001/evidence/z04-zero-committed-zl/raw/watch/cp-b11-watch-db/copies/051448.812-997dbe8c611f.sqlite3-wal
/var/tmp/cp-b11-1001/evidence/z04-zero-committed-zl/raw/watch/cp-b11-watch-db/timeline.log
/var/tmp/cp-b11-1001/evidence/z04-zero-committed-zl/raw/watch/cp-b11-watch/journal-at-at-kill-proof.json
/var/tmp/cp-b11-1001/evidence/z04-zero-committed-zl/raw/watch/cp-b11-watch-led/copies/051223.248-ledger-177f61d12ed0.json
/var/tmp/cp-b11-1001/evidence/z04-zero-committed-zl/raw/watch/cp-b11-watch-led/copies/051227.533-ledger-32d62ebeb081.json
/var/tmp/cp-b11-1001/evidence/z04-zero-committed-zl/raw/watch/cp-b11-watch-led/copies/051227.702-ledger-8eaabb3a5096.json
/var/tmp/cp-b11-1001/evidence/z04-zero-committed-zl/raw/watch/cp-b11-watch-led/copies/051227.895-ledger-4d5dbb1d244f.json
/var/tmp/cp-b11-1001/evidence/z04-zero-committed-zl/raw/watch/cp-b11-watch-led/copies/051228.055-ledger-367c70b835e7.json
/var/tmp/cp-b11-1001/evidence/z04-zero-committed-zl/raw/watch/cp-b11-watch-led/copies/051232.380-ledger-70eb7155bee1.json
/var/tmp/cp-b11-1001/evidence/z04-zero-committed-zl/raw/watch/cp-b11-watch-led/copies/051232.558-ledger-559b53995379.json
/var/tmp/cp-b11-1001/evidence/z04-zero-committed-zl/raw/watch/cp-b11-watch-led/copies/051232.903-ledger-b55627817208.json
/var/tmp/cp-b11-1001/evidence/z04-zero-committed-zl/raw/watch/cp-b11-watch-led/copies/051233.251-ledger-f726862006d2.json
/var/tmp/cp-b11-1001/evidence/z04-zero-committed-zl/raw/watch/cp-b11-watch-led/copies/051233.970-ledger-48ed9dfb4e7d.json
/var/tmp/cp-b11-1001/evidence/z04-zero-committed-zl/raw/watch/cp-b11-watch-led/copies/051234.244-ledger-535cbbe533b9.json
/var/tmp/cp-b11-1001/evidence/z04-zero-committed-zl/raw/watch/cp-b11-watch-led/copies/051234.572-ledger-ea604f55e094.json
/var/tmp/cp-b11-1001/evidence/z04-zero-committed-zl/raw/watch/cp-b11-watch-led/copies/051234.904-ledger-e8751d7ea411.json
/var/tmp/cp-b11-1001/evidence/z04-zero-committed-zl/raw/watch/cp-b11-watch-led/copies/051235.325-ledger-b1b5aa8bd731.json
/var/tmp/cp-b11-1001/evidence/z04-zero-committed-zl/raw/watch/cp-b11-watch-led/copies/051237.546-ledger-38c6763f7947.json
/var/tmp/cp-b11-1001/evidence/z04-zero-committed-zl/raw/watch/cp-b11-watch-led/copies/051242.009-ledger-b0f23c109602.json
/var/tmp/cp-b11-1001/evidence/z04-zero-committed-zl/raw/watch/cp-b11-watch-led/copies/051242.426-ledger-67238842d96f.json
/var/tmp/cp-b11-1001/evidence/z04-zero-committed-zl/raw/watch/cp-b11-watch-led/copies/051242.857-ledger-526740bcd715.json
/var/tmp/cp-b11-1001/evidence/z04-zero-committed-zl/raw/watch/cp-b11-watch-led/copies/051243.052-ledger-03e89e6fad23.json
/var/tmp/cp-b11-1001/evidence/z04-zero-committed-zl/raw/watch/cp-b11-watch-led/copies/051243.229-ledger-110a560bed77.json
/var/tmp/cp-b11-1001/evidence/z04-zero-committed-zl/raw/watch/cp-b11-watch-led/copies/051243.400-ledger-056731279fc4.json
/var/tmp/cp-b11-1001/evidence/z04-zero-committed-zl/raw/watch/cp-b11-watch-led/copies/051243.626-ledger-fee263b8a95c.json
/var/tmp/cp-b11-1001/evidence/z04-zero-committed-zl/raw/watch/cp-b11-watch-led/copies/051244.600-ledger-8630cbc6f244.json
/var/tmp/cp-b11-1001/evidence/z04-zero-committed-zl/raw/watch/cp-b11-watch-led/copies/051244.763-ledger-0df062be432b.json
/var/tmp/cp-b11-1001/evidence/z04-zero-committed-zl/raw/watch/cp-b11-watch-led/copies/051244.940-ledger-e87e1e672b80.json
/var/tmp/cp-b11-1001/evidence/z04-zero-committed-zl/raw/watch/cp-b11-watch-led/copies/051245.134-ledger-7a78192668b5.json
/var/tmp/cp-b11-1001/evidence/z04-zero-committed-zl/raw/watch/cp-b11-watch-led/copies/051245.301-ledger-4c8de21c201c.json
/var/tmp/cp-b11-1001/evidence/z04-zero-committed-zl/raw/watch/cp-b11-watch-led/copies/051245.675-ledger-326f0682f83c.json
/var/tmp/cp-b11-1001/evidence/z04-zero-committed-zl/raw/watch/cp-b11-watch-led/copies/051246.007-ledger-b4a122f1d6f2.json
/var/tmp/cp-b11-1001/evidence/z04-zero-committed-zl/raw/watch/cp-b11-watch-led/copies/051246.373-ledger-c62943402614.json
/var/tmp/cp-b11-1001/evidence/z04-zero-committed-zl/raw/watch/cp-b11-watch-led/copies/051246.535-ledger-ffc975cc5812.json
/var/tmp/cp-b11-1001/evidence/z04-zero-committed-zl/raw/watch/cp-b11-watch-led/copies/051246.695-ledger-8676400ed1c3.json
/var/tmp/cp-b11-1001/evidence/z04-zero-committed-zl/raw/watch/cp-b11-watch-led/copies/051246.875-ledger-0417e907a029.json
/var/tmp/cp-b11-1001/evidence/z04-zero-committed-zl/raw/watch/cp-b11-watch-led/copies/051247.231-ledger-e73809d9b473.json
/var/tmp/cp-b11-1001/evidence/z04-zero-committed-zl/raw/watch/cp-b11-watch-led/copies/051247.589-ledger-885cc052df60.json
/var/tmp/cp-b11-1001/evidence/z04-zero-committed-zl/raw/watch/cp-b11-watch-led/copies/051247.764-ledger-dc5a4810379c.json
/var/tmp/cp-b11-1001/evidence/z04-zero-committed-zl/raw/watch/cp-b11-watch-led/copies/051247.968-ledger-94f2295b360c.json
/var/tmp/cp-b11-1001/evidence/z04-zero-committed-zl/raw/watch/cp-b11-watch-led/copies/051248.146-ledger-1330a3a87c22.json
/var/tmp/cp-b11-1001/evidence/z04-zero-committed-zl/raw/watch/cp-b11-watch-led/copies/051248.335-ledger-ba446c97a79c.json
/var/tmp/cp-b11-1001/evidence/z04-zero-committed-zl/raw/watch/cp-b11-watch-led/copies/051248.508-ledger-026e6cdeda08.json
/var/tmp/cp-b11-1001/evidence/z04-zero-committed-zl/raw/watch/cp-b11-watch-led/copies/051248.698-ledger-d1b3820ba042.json
/var/tmp/cp-b11-1001/evidence/z04-zero-committed-zl/raw/watch/cp-b11-watch-led/copies/051248.952-ledger-eaf85d7f1502.json
/var/tmp/cp-b11-1001/evidence/z04-zero-committed-zl/raw/watch/cp-b11-watch-led/copies/051249.138-ledger-b84ff5dbd9e4.json
/var/tmp/cp-b11-1001/evidence/z04-zero-committed-zl/raw/watch/cp-b11-watch-led/copies/051249.297-ledger-b44f9f514dc5.json
/var/tmp/cp-b11-1001/evidence/z04-zero-committed-zl/raw/watch/cp-b11-watch-led/copies/051249.479-ledger-bb8a4f222ffb.json
/var/tmp/cp-b11-1001/evidence/z04-zero-committed-zl/raw/watch/cp-b11-watch-led/copies/051249.676-ledger-cd75464afe4e.json
/var/tmp/cp-b11-1001/evidence/z04-zero-committed-zl/raw/watch/cp-b11-watch-led/copies/051249.877-ledger-bfe7ba1e2ca0.json
/var/tmp/cp-b11-1001/evidence/z04-zero-committed-zl/raw/watch/cp-b11-watch-led/copies/051250.083-ledger-a4515dd896c2.json
/var/tmp/cp-b11-1001/evidence/z04-zero-committed-zl/raw/watch/cp-b11-watch-led/copies/051250.262-ledger-4934629da81e.json
/var/tmp/cp-b11-1001/evidence/z04-zero-committed-zl/raw/watch/cp-b11-watch-led/copies/051250.450-ledger-cbce082faf45.json
/var/tmp/cp-b11-1001/evidence/z04-zero-committed-zl/raw/watch/cp-b11-watch-led/copies/051250.810-ledger-02db9dadaee6.json
/var/tmp/cp-b11-1001/evidence/z04-zero-committed-zl/raw/watch/cp-b11-watch-led/copies/051251.004-ledger-6d128a3ab7ac.json
/var/tmp/cp-b11-1001/evidence/z04-zero-committed-zl/raw/watch/cp-b11-watch-led/copies/051258.647-ledger-1da3e967a0ab.json
/var/tmp/cp-b11-1001/evidence/z04-zero-committed-zl/raw/watch/cp-b11-watch-led/copies/051332.601-ledger-5f5cf8463ba4.json
/var/tmp/cp-b11-1001/evidence/z04-zero-committed-zl/raw/watch/cp-b11-watch-led/copies/051332.762-ledger-ee4303b25c8b.json
/var/tmp/cp-b11-1001/evidence/z04-zero-committed-zl/raw/watch/cp-b11-watch-led/copies/051332.938-ledger-5f3175780f06.json
/var/tmp/cp-b11-1001/evidence/z04-zero-committed-zl/raw/watch/cp-b11-watch-led/copies/051333.100-ledger-81adac53f5ad.json
/var/tmp/cp-b11-1001/evidence/z04-zero-committed-zl/raw/watch/cp-b11-watch-led/copies/051333.269-ledger-0a69da7db37e.json
/var/tmp/cp-b11-1001/evidence/z04-zero-committed-zl/raw/watch/cp-b11-watch-led/copies/051333.451-ledger-b27c95ceee69.json
/var/tmp/cp-b11-1001/evidence/z04-zero-committed-zl/raw/watch/cp-b11-watch-led/copies/051333.674-ledger-ffd63dbeb424.json
/var/tmp/cp-b11-1001/evidence/z04-zero-committed-zl/raw/watch/cp-b11-watch-led/copies/051333.859-ledger-a7422426835d.json
/var/tmp/cp-b11-1001/evidence/z04-zero-committed-zl/raw/watch/cp-b11-watch-led/copies/051334.022-ledger-827b163bf57b.json
/var/tmp/cp-b11-1001/evidence/z04-zero-committed-zl/raw/watch/cp-b11-watch-led/copies/051334.182-ledger-9199f8189e9b.json
/var/tmp/cp-b11-1001/evidence/z04-zero-committed-zl/raw/watch/cp-b11-watch-led/copies/051334.344-ledger-4527dfdc5a67.json
/var/tmp/cp-b11-1001/evidence/z04-zero-committed-zl/raw/watch/cp-b11-watch-led/copies/051334.500-ledger-a390247d6ced.json
/var/tmp/cp-b11-1001/evidence/z04-zero-committed-zl/raw/watch/cp-b11-watch-led/copies/051334.653-ledger-5ed4d0255974.json
/var/tmp/cp-b11-1001/evidence/z04-zero-committed-zl/raw/watch/cp-b11-watch-led/copies/051334.829-ledger-dae04beebee1.json
/var/tmp/cp-b11-1001/evidence/z04-zero-committed-zl/raw/watch/cp-b11-watch-led/copies/051334.991-ledger-756a2dddb62a.json
/var/tmp/cp-b11-1001/evidence/z04-zero-committed-zl/raw/watch/cp-b11-watch-led/copies/051335.162-ledger-094af2358708.json
/var/tmp/cp-b11-1001/evidence/z04-zero-committed-zl/raw/watch/cp-b11-watch-led/copies/051335.329-ledger-9b8dc405caa0.json
/var/tmp/cp-b11-1001/evidence/z04-zero-committed-zl/raw/watch/cp-b11-watch-led/copies/051335.491-ledger-1ae39305f237.json
/var/tmp/cp-b11-1001/evidence/z04-zero-committed-zl/raw/watch/cp-b11-watch-led/copies/051335.658-ledger-14383e0bb927.json
/var/tmp/cp-b11-1001/evidence/z04-zero-committed-zl/raw/watch/cp-b11-watch-led/copies/051335.828-ledger-fc076d6b602b.json
/var/tmp/cp-b11-1001/evidence/z04-zero-committed-zl/raw/watch/cp-b11-watch-led/copies/051336.014-ledger-f0f636bba6d6.json
/var/tmp/cp-b11-1001/evidence/z04-zero-committed-zl/raw/watch/cp-b11-watch-led/copies/051336.184-ledger-b49335a0d84b.json
/var/tmp/cp-b11-1001/evidence/z04-zero-committed-zl/raw/watch/cp-b11-watch-led/copies/051336.350-ledger-c125714e6ad9.json
/var/tmp/cp-b11-1001/evidence/z04-zero-committed-zl/raw/watch/cp-b11-watch-led/copies/051336.524-ledger-6d7170cab491.json
/var/tmp/cp-b11-1001/evidence/z04-zero-committed-zl/raw/watch/cp-b11-watch-led/copies/051336.681-ledger-70827090908f.json
/var/tmp/cp-b11-1001/evidence/z04-zero-committed-zl/raw/watch/cp-b11-watch-led/copies/051337.054-ledger-d25e9693025d.json
/var/tmp/cp-b11-1001/evidence/z04-zero-committed-zl/raw/watch/cp-b11-watch-led/copies/051340.893-ledger-740460f348f4.json
/var/tmp/cp-b11-1001/evidence/z04-zero-committed-zl/raw/watch/cp-b11-watch-led/copies/051341.071-ledger-fd72110f2368.json
/var/tmp/cp-b11-1001/evidence/z04-zero-committed-zl/raw/watch/cp-b11-watch-led/copies/051341.229-ledger-e394e872a6c9.json
/var/tmp/cp-b11-1001/evidence/z04-zero-committed-zl/raw/watch/cp-b11-watch-led/copies/051341.386-ledger-14ca10525d08.json
/var/tmp/cp-b11-1001/evidence/z04-zero-committed-zl/raw/watch/cp-b11-watch-led/copies/051341.551-ledger-335272acd54d.json
/var/tmp/cp-b11-1001/evidence/z04-zero-committed-zl/raw/watch/cp-b11-watch-led/copies/051341.709-ledger-8721659f1c2f.json
/var/tmp/cp-b11-1001/evidence/z04-zero-committed-zl/raw/watch/cp-b11-watch-led/copies/051341.876-ledger-8cae432ca234.json
/var/tmp/cp-b11-1001/evidence/z04-zero-committed-zl/raw/watch/cp-b11-watch-led/copies/051342.036-ledger-57df38421250.json
/var/tmp/cp-b11-1001/evidence/z04-zero-committed-zl/raw/watch/cp-b11-watch-led/copies/051342.204-ledger-3dca01410d4b.json
/var/tmp/cp-b11-1001/evidence/z04-zero-committed-zl/raw/watch/cp-b11-watch-led/copies/051342.366-ledger-070d3d754d7a.json
/var/tmp/cp-b11-1001/evidence/z04-zero-committed-zl/raw/watch/cp-b11-watch-led/copies/051342.527-ledger-4684b17f8254.json
/var/tmp/cp-b11-1001/evidence/z04-zero-committed-zl/raw/watch/cp-b11-watch-led/copies/051342.690-ledger-9f0a3ba236fb.json
/var/tmp/cp-b11-1001/evidence/z04-zero-committed-zl/raw/watch/cp-b11-watch-led/copies/051342.850-ledger-bd1ea3716de7.json
/var/tmp/cp-b11-1001/evidence/z04-zero-committed-zl/raw/watch/cp-b11-watch-led/copies/051343.015-ledger-26cbca5fa465.json
/var/tmp/cp-b11-1001/evidence/z04-zero-committed-zl/raw/watch/cp-b11-watch-led/copies/051343.187-ledger-2b0960f27a63.json
/var/tmp/cp-b11-1001/evidence/z04-zero-committed-zl/raw/watch/cp-b11-watch-led/copies/051343.342-ledger-1dac6bae7209.json
/var/tmp/cp-b11-1001/evidence/z04-zero-committed-zl/raw/watch/cp-b11-watch-led/copies/051343.504-ledger-60abf412479d.json
/var/tmp/cp-b11-1001/evidence/z04-zero-committed-zl/raw/watch/cp-b11-watch-led/copies/051343.670-ledger-fb5f42fa2d5b.json
/var/tmp/cp-b11-1001/evidence/z04-zero-committed-zl/raw/watch/cp-b11-watch-led/copies/051343.832-ledger-30e1fb3a2b5b.json
/var/tmp/cp-b11-1001/evidence/z04-zero-committed-zl/raw/watch/cp-b11-watch-led/copies/051343.995-ledger-7dc953538bd0.json
/var/tmp/cp-b11-1001/evidence/z04-zero-committed-zl/raw/watch/cp-b11-watch-led/copies/051344.178-ledger-63ec5179029a.json
/var/tmp/cp-b11-1001/evidence/z04-zero-committed-zl/raw/watch/cp-b11-watch-led/copies/051344.359-ledger-903eef9b7f03.json
/var/tmp/cp-b11-1001/evidence/z04-zero-committed-zl/raw/watch/cp-b11-watch-led/copies/051344.524-ledger-718a9b6a059e.json
/var/tmp/cp-b11-1001/evidence/z04-zero-committed-zl/raw/watch/cp-b11-watch-led/copies/051344.901-ledger-99e20619117c.json
/var/tmp/cp-b11-1001/evidence/z04-zero-committed-zl/raw/watch/cp-b11-watch-led/copies/051348.970-ledger-a0c526bd9f6a.json
/var/tmp/cp-b11-1001/evidence/z04-zero-committed-zl/raw/watch/cp-b11-watch-led/copies/051349.133-ledger-65c427d29d17.json
/var/tmp/cp-b11-1001/evidence/z04-zero-committed-zl/raw/watch/cp-b11-watch-led/copies/051349.291-ledger-dde29c014ebb.json
/var/tmp/cp-b11-1001/evidence/z04-zero-committed-zl/raw/watch/cp-b11-watch-led/copies/051349.452-ledger-0098c440883c.json
/var/tmp/cp-b11-1001/evidence/z04-zero-committed-zl/raw/watch/cp-b11-watch-led/copies/051349.614-ledger-1dc68a04da0e.json
/var/tmp/cp-b11-1001/evidence/z04-zero-committed-zl/raw/watch/cp-b11-watch-led/copies/051349.775-ledger-f6249263a30e.json
/var/tmp/cp-b11-1001/evidence/z04-zero-committed-zl/raw/watch/cp-b11-watch-led/copies/051349.940-ledger-fbf878242719.json
/var/tmp/cp-b11-1001/evidence/z04-zero-committed-zl/raw/watch/cp-b11-watch-led/copies/051350.107-ledger-7e9797afa62b.json
/var/tmp/cp-b11-1001/evidence/z04-zero-committed-zl/raw/watch/cp-b11-watch-led/copies/051350.271-ledger-86ea18b5273b.json
/var/tmp/cp-b11-1001/evidence/z04-zero-committed-zl/raw/watch/cp-b11-watch-led/copies/051350.447-ledger-04a65c8208f9.json
/var/tmp/cp-b11-1001/evidence/z04-zero-committed-zl/raw/watch/cp-b11-watch-led/copies/051350.657-ledger-0bd139299666.json
/var/tmp/cp-b11-1001/evidence/z04-zero-committed-zl/raw/watch/cp-b11-watch-led/copies/051350.832-ledger-764dc3ab5273.json
/var/tmp/cp-b11-1001/evidence/z04-zero-committed-zl/raw/watch/cp-b11-watch-led/copies/051351.023-ledger-0052f746d18e.json
/var/tmp/cp-b11-1001/evidence/z04-zero-committed-zl/raw/watch/cp-b11-watch-led/copies/051351.220-ledger-3831eeed7822.json
/var/tmp/cp-b11-1001/evidence/z04-zero-committed-zl/raw/watch/cp-b11-watch-led/copies/051351.411-ledger-20aaf6ec7717.json
/var/tmp/cp-b11-1001/evidence/z04-zero-committed-zl/raw/watch/cp-b11-watch-led/copies/051351.611-ledger-08e0f3c63615.json
/var/tmp/cp-b11-1001/evidence/z04-zero-committed-zl/raw/watch/cp-b11-watch-led/copies/051351.802-ledger-40ebbb06e80c.json
/var/tmp/cp-b11-1001/evidence/z04-zero-committed-zl/raw/watch/cp-b11-watch-led/copies/051352.171-ledger-c109830d2895.json
/var/tmp/cp-b11-1001/evidence/z04-zero-committed-zl/raw/watch/cp-b11-watch-led/copies/051353.526-ledger-05ced1a9d47c.json
/var/tmp/cp-b11-1001/evidence/z04-zero-committed-zl/raw/watch/cp-b11-watch-led/copies/051353.880-ledger-536c3a885b20.json
/var/tmp/cp-b11-1001/evidence/z04-zero-committed-zl/raw/watch/cp-b11-watch-led/copies/051354.059-ledger-37615668899f.json
/var/tmp/cp-b11-1001/evidence/z04-zero-committed-zl/raw/watch/cp-b11-watch-led/copies/051355.000-ledger-31542e52f9e0.json
/var/tmp/cp-b11-1001/evidence/z04-zero-committed-zl/raw/watch/cp-b11-watch-led/copies/051445.724-ledger-2f5dfc40a3c0.json
/var/tmp/cp-b11-1001/evidence/z04-zero-committed-zl/raw/watch/cp-b11-watch-led/copies/051445.899-ledger-a965091d7eec.json
/var/tmp/cp-b11-1001/evidence/z04-zero-committed-zl/raw/watch/cp-b11-watch-led/copies/051446.060-ledger-394d61134f47.json
/var/tmp/cp-b11-1001/evidence/z04-zero-committed-zl/raw/watch/cp-b11-watch-led/copies/051446.242-ledger-193d911e6df0.json
/var/tmp/cp-b11-1001/evidence/z04-zero-committed-zl/raw/watch/cp-b11-watch-led/copies/051446.415-ledger-855ecab7f413.json
/var/tmp/cp-b11-1001/evidence/z04-zero-committed-zl/raw/watch/cp-b11-watch-led/copies/051446.590-ledger-44b4611cd9da.json
/var/tmp/cp-b11-1001/evidence/z04-zero-committed-zl/raw/watch/cp-b11-watch-led/copies/051446.771-ledger-77afe47032c7.json
/var/tmp/cp-b11-1001/evidence/z04-zero-committed-zl/raw/watch/cp-b11-watch-led/copies/051446.948-ledger-5051a1c5f455.json
/var/tmp/cp-b11-1001/evidence/z04-zero-committed-zl/raw/watch/cp-b11-watch-led/copies/051447.124-ledger-12eb90b29903.json
/var/tmp/cp-b11-1001/evidence/z04-zero-committed-zl/raw/watch/cp-b11-watch-led/copies/051447.297-ledger-92c998d0c532.json
/var/tmp/cp-b11-1001/evidence/z04-zero-committed-zl/raw/watch/cp-b11-watch-led/copies/051447.467-ledger-fbead1f11caa.json
/var/tmp/cp-b11-1001/evidence/z04-zero-committed-zl/raw/watch/cp-b11-watch-led/copies/051447.637-ledger-5fb81fdc19db.json
/var/tmp/cp-b11-1001/evidence/z04-zero-committed-zl/raw/watch/cp-b11-watch-led/copies/051447.910-ledger-571db5a7476f.json
/var/tmp/cp-b11-1001/evidence/z04-zero-committed-zl/raw/watch/cp-b11-watch-led/copies/051448.087-ledger-d9197879fa92.json
/var/tmp/cp-b11-1001/evidence/z04-zero-committed-zl/raw/watch/cp-b11-watch-led/copies/051448.270-ledger-1c63a6ca55b8.json
/var/tmp/cp-b11-1001/evidence/z04-zero-committed-zl/raw/watch/cp-b11-watch-led/copies/051448.444-ledger-a5d6d8f491d0.json
/var/tmp/cp-b11-1001/evidence/z04-zero-committed-zl/raw/watch/cp-b11-watch-led/copies/051448.612-ledger-9abed16d8a9e.json
/var/tmp/cp-b11-1001/evidence/z04-zero-committed-zl/raw/watch/cp-b11-watch-led/copies/051448.802-ledger-1c1a95d266e7.json
/var/tmp/cp-b11-1001/evidence/z04-zero-committed-zl/raw/watch/cp-b11-watch-led/copies/051448.979-ledger-70e2103ea720.json
/var/tmp/cp-b11-1001/evidence/z04-zero-committed-zl/raw/watch/cp-b11-watch-led/copies/051449.159-ledger-9f6cd6c6f104.json
/var/tmp/cp-b11-1001/evidence/z04-zero-committed-zl/raw/watch/cp-b11-watch-led/copies/051449.333-ledger-d5e30632df48.json
/var/tmp/cp-b11-1001/evidence/z04-zero-committed-zl/raw/watch/cp-b11-watch-led/copies/051449.520-ledger-a4ad85e09541.json
/var/tmp/cp-b11-1001/evidence/z04-zero-committed-zl/raw/watch/cp-b11-watch-led/copies/051449.695-ledger-f9af9c9ec658.json
/var/tmp/cp-b11-1001/evidence/z04-zero-committed-zl/raw/watch/cp-b11-watch-led/timeline.log
/var/tmp/cp-b11-1001/evidence/z04-zero-committed-zl/raw/watch/cp-b11-watch/pdns-at-at-kill-proof.sqlite3
/var/tmp/cp-b11-1001/evidence/z04-zero-committed-zl/raw/watch/cp-b11-watch/pdns-at-at-kill-proof.sqlite3-wal
/var/tmp/cp-b11-1001/evidence/z04-zero-committed-zl/raw/watch/cp-b11-watch/pdns-at-at-result.sqlite3
/var/tmp/cp-b11-1001/evidence/z04-zero-committed-zl/raw/watch/cp-b11-watch/pdns-at-at-result.sqlite3-wal
/var/tmp/cp-b11-1001/evidence/z04-zero-committed-zl/raw/watch/cp-b11-watch/snap-at-kill-proof.txt
/var/tmp/cp-b11-1001/evidence/z04-zero-committed-zl/raw/watch/cp-b11-watch/snap-at-result.txt
/var/tmp/cp-b11-1001/evidence/z04-zero-committed-zl/raw/watch/cp-b11-watch/snap-start.txt
/var/tmp/cp-b11-1001/evidence/z04-zero-committed-zl/raw/watch/cp-b11-watch/timeline.log
/var/tmp/cp-b11-1001/evidence/z04-zero-committed-zl/run-prepared-dryrun-early.log
/var/tmp/cp-b11-1001/evidence/z04-zero-committed-zl/run-prepared-dryrun.log
/var/tmp/cp-b11-1001/evidence/z04-zero-committed-zl/run-prepared.log
/var/tmp/cp-b11-1001/evidence/z04-zero-committed-zl/run-prepared.rc
/var/tmp/cp-b11-1001/evidence/z04-zero-committed-zl/secondary-after-recover.txt
/var/tmp/cp-b11-1001/evidence/z04-zero-committed-zl/secondary-rndc-prerequisite-after-prepare.txt
/var/tmp/cp-b11-1001/evidence/z04-zero-committed-zl/secondary-rndc-prerequisite-before-enroll.txt
/var/tmp/cp-b11-1001/evidence/z04-zero-committed-zl/secondary-rndc-prerequisite-before-recover.txt
/var/tmp/cp-b11-1001/evidence/z04-zero-committed-zl/service-mutation-status-post-collect.json
/var/tmp/cp-b11-1001/evidence/z04-zero-committed-zl/smstatus.stderr
/var/tmp/cp-b11-1001/evidence/z04-zero-committed-zl/start.json
/var/tmp/cp-b11-1001/evidence/z04-zero-committed-zl/versions-post-collect-guest.txt
/var/tmp/cp-b11-1001/evidence/z04-zero-committed-zl/versions-post-collect-peer.txt
/var/tmp/cp-b11-1001/evidence/z04-zero-committed-zl/versions-pre-run-guest.txt
/var/tmp/cp-b11-1001/evidence/z04-zero-committed-zl/versions-pre-run-peer.txt
/var/tmp/cp-b11-1001/evidence/z04-zero-committed-zl/wait-ssh.json
/var/tmp/cp-b11-1001/evidence/z04-zero-committed-zl/work-root.txt
/var/tmp/cp-b11-1001/evidence/z04-zero-committed-zl/zone-lifecycle-recover-dryrun.log
/var/tmp/cp-b11-1001/evidence/z04-zero-committed-zl/zone-lifecycle-recover.log
### collect done 2026-09-30T05:20:03.732690135Z
