08:30:23.109380498 CHANGE journal none -> absent
08:30:23.124054446 CHANGE ledger none -> 9f6fd822ec50f6f5fedd1eb25b03ed334eea35fee6f0c74310a184b03b88631a
08:30:23.135086529 CHANGE state none -> c9b2050994a7c30bbd70c2d74a916d1ccaebb1f8f37ad2c4be5849f00a6a3e0f
08:30:23.136976874 pdns=3076/0/active/running/ named=0/inactive/dead/ agent=0/inactive/ jphase=absent killpid=
08:30:23.438445154 pdns=3076/0/active/running/ named=0/inactive/dead/ agent=0/inactive/ jphase=absent killpid=
08:30:23.746665194 pdns=3076/0/active/running/ named=0/inactive/dead/ agent=0/inactive/ jphase=absent killpid=
08:30:24.049698726 CHANGE ledger 9f6fd822ec50f6f5fedd1eb25b03ed334eea35fee6f0c74310a184b03b88631a -> 4c8af459f8dbafd6c10443ae44b01adb886f0009eb81cb89b108442c37d9c13c
08:30:24.057095251 pdns=3076/0/active/running/ named=0/inactive/dead/ agent=0/inactive/ jphase=absent killpid=3864,
08:30:24.396931031 CHANGE ledger 4c8af459f8dbafd6c10443ae44b01adb886f0009eb81cb89b108442c37d9c13c -> 767bcea4b5dce816513b723b9f139ff31245cb5d10515f605415950fdd3570f7
08:30:24.403093280 pdns=3076/0/active/running/ named=0/inactive/dead/ agent=0/inactive/ jphase=absent killpid=3864,4027,
08:30:24.724588487 CHANGE ledger 767bcea4b5dce816513b723b9f139ff31245cb5d10515f605415950fdd3570f7 -> 2f7b280c12ef1a5ecb8d1a12351102b661560df69da8ae19633531936d3f13ab
08:30:24.730328977 pdns=3076/0/active/running/ named=0/inactive/dead/ agent=0/inactive/ jphase=absent killpid=3864,4121,
08:30:25.034266676 CHANGE ledger 2f7b280c12ef1a5ecb8d1a12351102b661560df69da8ae19633531936d3f13ab -> 87a7a5dd9c54357a006b923a31554426c45f7dd8bf1f033fb239ba2587759c6f
08:30:25.042617609 pdns=3076/0/active/running/ named=0/inactive/dead/ agent=0/inactive/ jphase=absent killpid=3864,4225,
08:30:25.353189399 CHANGE ledger 87a7a5dd9c54357a006b923a31554426c45f7dd8bf1f033fb239ba2587759c6f -> 295d07e1371d924a4e13c7d1d5d52e7de9d00536a58ed4fad586aa731d51127b
08:30:25.360981693 pdns=3076/0/active/running/ named=0/inactive/dead/ agent=0/inactive/ jphase=absent killpid=3864,4322,
08:30:25.668569698 CHANGE ledger 295d07e1371d924a4e13c7d1d5d52e7de9d00536a58ed4fad586aa731d51127b -> fffe1ca5111c5686f6574a332c91a3acaad0cb2aefbcd40927291bca13ec6f20
08:30:25.674007832 pdns=3076/0/active/running/ named=0/inactive/dead/ agent=0/inactive/ jphase=absent killpid=3864,4423,
08:30:26.208146334 CHANGE ledger fffe1ca5111c5686f6574a332c91a3acaad0cb2aefbcd40927291bca13ec6f20 -> fa5e188e940b194b6402f69374d629b4187bc809e5d852cb08a920a4227b6699
08:30:26.214053721 pdns=3076/0/active/running/ named=0/inactive/dead/ agent=0/inactive/ jphase=absent killpid=3864,
08:30:26.530592621 CHANGE ledger fa5e188e940b194b6402f69374d629b4187bc809e5d852cb08a920a4227b6699 -> 701cd9e7bd65850952962adf9642b7927e6bea5a3d9576d238def8280f9f2603
08:30:26.537662250 pdns=3076/0/active/running/ named=0/inactive/dead/ agent=0/inactive/ jphase=absent killpid=3864,4513,
08:30:26.832229376 pdns=3076/0/active/running/ named=0/inactive/dead/ agent=0/inactive/ jphase=absent killpid=3864,4513,
08:30:27.142535681 pdns=3076/0/active/running/ named=0/inactive/dead/ agent=0/inactive/ jphase=absent killpid=3864,4513,
08:30:27.429043211 pdns=3076/0/active/running/ named=0/inactive/dead/ agent=0/inactive/ jphase=absent killpid=3864,4513,
08:30:27.710405808 pdns=3076/0/active/running/ named=0/inactive/dead/ agent=0/inactive/ jphase=absent killpid=3864,4513,
08:30:28.035220110 pdns=3076/0/active/running/ named=0/inactive/dead/ agent=0/inactive/ jphase=absent killpid=3864,4513,
08:30:28.348654331 pdns=3076/0/active/running/ named=0/inactive/dead/ agent=0/inactive/ jphase=absent killpid=3864,4513,
08:30:28.645713773 pdns=3076/0/active/running/ named=0/inactive/dead/ agent=0/inactive/ jphase=absent killpid=3864,4513,
08:30:28.938177897 pdns=3076/0/active/running/ named=0/inactive/dead/ agent=0/inactive/ jphase=absent killpid=3864,4513,
08:30:29.244031449 CHANGE ledger 701cd9e7bd65850952962adf9642b7927e6bea5a3d9576d238def8280f9f2603 -> b7d3752a083edd795c83d20e780bebd82ccba8891c66626896aa5a85d79fdb2e
08:30:29.250210971 pdns=3076/0/active/running/ named=0/inactive/dead/ agent=0/inactive/ jphase=absent killpid=3864,4513,
08:30:29.632265951 pdns=3076/0/active/running/ named=0/inactive/dead/ agent=0/inactive/ jphase=absent killpid=3864,4513,
08:30:29.964167385 pdns=3076/0/active/running/ named=0/inactive/dead/ agent=0/inactive/ jphase=absent killpid=3864,4513,
08:30:30.353547674 pdns=3076/0/active/running/ named=0/inactive/dead/ agent=0/inactive/ jphase=absent killpid=3864,4513,
08:30:30.660959934 pdns=3076/0/active/running/ named=0/inactive/dead/ agent=0/inactive/ jphase=absent killpid=3864,4513,
08:30:30.958481465 pdns=3076/0/active/running/ named=0/inactive/dead/ agent=0/inactive/ jphase=absent killpid=3864,4513,
08:30:31.254794983 pdns=3076/0/active/running/ named=0/inactive/dead/ agent=0/inactive/ jphase=absent killpid=3864,4513,
08:30:31.554274418 CHANGE ledger b7d3752a083edd795c83d20e780bebd82ccba8891c66626896aa5a85d79fdb2e -> b1744a255d1b149c85bbfc16ea68ec5f66fec05541ea897ae423eb54d5f50e1b
08:30:31.560610044 pdns=3076/0/active/running/ named=0/inactive/dead/ agent=0/inactive/ jphase=absent killpid=3864,5378,
08:30:32.193240723 CHANGE ledger b1744a255d1b149c85bbfc16ea68ec5f66fec05541ea897ae423eb54d5f50e1b -> 33711ca30f986c69268e65972a8d48969093bdb5be58f636bbcab389271b4797
08:30:32.200389936 pdns=3076/0/active/running/ named=0/inactive/dead/ agent=0/inactive/ jphase=absent killpid=3864,5496,
08:30:32.734205841 CHANGE ledger 33711ca30f986c69268e65972a8d48969093bdb5be58f636bbcab389271b4797 -> ab381710fb4a3d9262f63bf0a4ce212130f0196c56cec141b199058e1cc93efb
08:30:32.741188278 pdns=3076/0/active/running/ named=0/inactive/dead/ agent=0/inactive/ jphase=absent killpid=3864,
08:30:33.053354342 CHANGE ledger ab381710fb4a3d9262f63bf0a4ce212130f0196c56cec141b199058e1cc93efb -> 454379743ba7e5b15e180cd62ca24bfff66aea03b55acc17fde5353bf0b033fa
08:30:33.064744756 pdns=3076/0/active/running/ named=0/inactive/dead/ agent=0/inactive/ jphase=absent killpid=3864,5705,
08:30:33.396010525 CHANGE ledger 454379743ba7e5b15e180cd62ca24bfff66aea03b55acc17fde5353bf0b033fa -> ddf77a656370b647ec9304a0cc55e5af628d62c9478627d5dbe2ab9eba50e1ac
08:30:33.403288453 pdns=3076/0/active/running/ named=0/inactive/dead/ agent=0/inactive/ jphase=absent killpid=3864,
08:30:33.713894147 CHANGE ledger ddf77a656370b647ec9304a0cc55e5af628d62c9478627d5dbe2ab9eba50e1ac -> f190c03989d850779d7a1033259be3dcab974abfa9cfdc9f3bdd6106d11881d3
08:30:33.719386585 pdns=3076/0/active/running/ named=0/inactive/dead/ agent=0/inactive/ jphase=absent killpid=3864,5916,
08:30:34.027889539 CHANGE ledger f190c03989d850779d7a1033259be3dcab974abfa9cfdc9f3bdd6106d11881d3 -> ab5db17511dadaabbd3eef5fe955a9f0ead15f6efbcd27c87a68131a29523b30
08:30:34.034080456 pdns=3076/0/active/running/ named=0/inactive/dead/ agent=0/inactive/ jphase=absent killpid=3864,
08:30:34.333085107 CHANGE ledger ab5db17511dadaabbd3eef5fe955a9f0ead15f6efbcd27c87a68131a29523b30 -> 8fa3a5d3d4e058ad1d3f1f147185f889ef6df0ee2371c647d3056f4686d211a4
08:30:34.339978505 pdns=3076/0/active/running/ named=0/inactive/dead/ agent=0/inactive/ jphase=absent killpid=3864,
08:30:34.646874787 CHANGE ledger 8fa3a5d3d4e058ad1d3f1f147185f889ef6df0ee2371c647d3056f4686d211a4 -> 812e9fad2abda2bb31921085b4b38c89e13b9ff1a54ac2a316a4cb85430d10b6
08:30:34.653663684 pdns=3076/0/active/running/ named=0/inactive/dead/ agent=0/inactive/ jphase=absent killpid=3864,
08:30:34.964545216 CHANGE ledger 812e9fad2abda2bb31921085b4b38c89e13b9ff1a54ac2a316a4cb85430d10b6 -> 1cee666e6531d3f55b2b465730104fbfa40373343ba1a8e88a848136b0d849fa
08:30:34.969383268 pdns=3076/0/active/running/ named=0/inactive/dead/ agent=0/inactive/ jphase=absent killpid=3864,
08:30:35.282923413 CHANGE ledger 1cee666e6531d3f55b2b465730104fbfa40373343ba1a8e88a848136b0d849fa -> 505f615cb5f06a974f58750d62005f240ca545fcc3aeb79ec7be1194862a8a5f
08:30:35.290573202 pdns=3076/0/active/running/ named=0/inactive/dead/ agent=0/inactive/ jphase=absent killpid=3864,6440,
08:30:35.592293810 CHANGE journal absent -> 08b8e650323e39140e40a9a74ae6c4a4425f479246a376bb10124fe2848b7f0f
08:30:35.604156929 CHANGE ledger 505f615cb5f06a974f58750d62005f240ca545fcc3aeb79ec7be1194862a8a5f -> 5211fa26527a1b40104ec4869561a5a4ff494b58449714225267239100544473
08:30:35.610739635 pdns=3076/0/active/running/ named=0/inactive/dead/ agent=6513/active/ jphase=rolling-back killpid=
08:30:35.993033657 CHANGE journal 08b8e650323e39140e40a9a74ae6c4a4425f479246a376bb10124fe2848b7f0f -> fa365c790b6343cbadb3d26cf4c5c0c7cb352da404f60b6ca75ac0e7f4be7efb
08:30:36.008183093 CHANGE ledger 5211fa26527a1b40104ec4869561a5a4ff494b58449714225267239100544473 -> fdf2a4475a4018ea6a78c4143f99db633e2706a48a033d82ba2fdb2fd0fb936b
08:30:36.014056905 pdns=3076/0/active/running/ named=0/inactive/dead/ agent=6513/active/ jphase=rolling-back killpid=
08:30:36.316262531 pdns=3076/0/active/running/ named=0/inactive/dead/ agent=6513/active/ jphase=rolling-back killpid=
08:30:36.604485979 pdns=3076/0/active/running/ named=0/inactive/dead/ agent=6513/active/ jphase=rolling-back killpid=
08:30:36.894333549 pdns=3076/0/active/running/ named=0/inactive/dead/ agent=6513/active/ jphase=rolling-back killpid=
08:30:37.203263483 pdns=3076/0/active/running/ named=0/inactive/dead/ agent=6513/active/ jphase=rolling-back killpid=
08:30:37.516656320 pdns=3076/0/active/running/ named=0/inactive/dead/ agent=6513/active/ jphase=rolling-back killpid=
08:30:37.826798583 pdns=3076/0/active/running/ named=0/inactive/dead/ agent=6513/active/ jphase=rolling-back killpid=
08:30:38.180744361 pdns=3076/0/active/running/ named=0/inactive/dead/ agent=6513/active/ jphase=rolling-back killpid=
08:30:38.485209949 pdns=3076/0/active/running/ named=0/inactive/dead/ agent=6513/active/ jphase=rolling-back killpid=
08:30:38.829063877 pdns=3076/0/active/running/ named=0/inactive/dead/ agent=6513/active/ jphase=rolling-back killpid=
08:30:39.141299498 pdns=3076/0/active/running/ named=0/inactive/dead/ agent=6513/active/ jphase=rolling-back killpid=
08:30:39.473810465 pdns=3076/0/active/running/ named=0/inactive/dead/ agent=6513/active/ jphase=rolling-back killpid=
08:30:39.778527209 pdns=3076/0/active/running/ named=0/inactive/dead/ agent=6513/active/ jphase=rolling-back killpid=
08:30:40.112347869 pdns=3076/0/active/running/ named=0/inactive/dead/ agent=6513/active/ jphase=rolling-back killpid=
08:30:40.446609921 pdns=3076/0/active/running/ named=0/inactive/dead/ agent=6513/active/ jphase=rolling-back killpid=
08:30:40.794419372 CHANGE journal fa365c790b6343cbadb3d26cf4c5c0c7cb352da404f60b6ca75ac0e7f4be7efb -> 2ad033c78127b78c65c7ab78882cb7d24d6e05fdb03e745dc0e175c3269a4485
08:30:40.812263597 pdns=3076/0/active/running/ named=0/inactive/dead/ agent=6513/active/ jphase=rolled-back killpid=
08:30:41.150779941 pdns=3076/0/active/running/ named=0/inactive/dead/ agent=6513/active/ jphase=rolled-back killpid=
08:30:41.471767659 pdns=3076/0/active/running/ named=0/inactive/dead/ agent=6513/active/ jphase=rolled-back killpid=
08:30:41.795964664 pdns=3076/0/active/running/ named=0/inactive/dead/ agent=6513/active/ jphase=rolled-back killpid=
08:30:42.141652230 pdns=3076/0/active/running/ named=0/inactive/dead/ agent=6513/active/ jphase=rolled-back killpid=
08:30:42.504739412 pdns=3076/0/active/running/ named=0/inactive/dead/ agent=6513/active/ jphase=rolled-back killpid=
08:30:42.826527600 CHANGE journal 2ad033c78127b78c65c7ab78882cb7d24d6e05fdb03e745dc0e175c3269a4485 -> absent
08:30:42.835695802 pdns=3076/0/active/running/ named=0/inactive/dead/ agent=6513/active/ jphase=absent killpid=
08:30:43.134170448 pdns=3076/0/active/running/ named=0/inactive/dead/ agent=6513/active/ jphase=absent killpid=
08:30:43.427016785 pdns=3076/0/active/running/ named=0/inactive/dead/ agent=6513/active/ jphase=absent killpid=
08:30:43.725130793 pdns=3076/0/active/running/ named=0/inactive/dead/ agent=6513/active/ jphase=absent killpid=
08:30:44.026896103 pdns=3076/0/active/running/ named=0/inactive/dead/ agent=6513/active/ jphase=absent killpid=
08:30:44.310178030 pdns=3076/0/active/running/ named=0/inactive/dead/ agent=6513/active/ jphase=absent killpid=
08:30:44.591169837 pdns=3076/0/active/running/ named=0/inactive/dead/ agent=6513/active/ jphase=absent killpid=
08:30:44.872594652 pdns=3076/0/active/running/ named=0/inactive/dead/ agent=6513/active/ jphase=absent killpid=
08:30:45.153159001 pdns=3076/0/active/running/ named=0/inactive/dead/ agent=6513/active/ jphase=absent killpid=
08:30:45.442922031 pdns=3076/0/active/running/ named=0/inactive/dead/ agent=6513/active/ jphase=absent killpid=
08:30:45.723385725 pdns=3076/0/active/running/ named=0/inactive/dead/ agent=6513/active/ jphase=absent killpid=
08:30:46.015212306 pdns=3076/0/active/running/ named=0/inactive/dead/ agent=6513/active/ jphase=absent killpid=
08:30:46.300712608 pdns=3076/0/active/running/ named=0/inactive/dead/ agent=6513/active/ jphase=absent killpid=
08:30:46.582814762 pdns=3076/0/active/running/ named=0/inactive/dead/ agent=6513/active/ jphase=absent killpid=
08:30:46.860930757 pdns=3076/0/active/running/ named=0/inactive/dead/ agent=6513/active/ jphase=absent killpid=
08:30:47.155074602 pdns=3076/0/active/running/ named=0/inactive/dead/ agent=6513/active/ jphase=absent killpid=
08:30:47.455215873 pdns=3076/0/active/running/ named=0/inactive/dead/ agent=6513/active/ jphase=absent killpid=
08:30:47.734395346 pdns=3076/0/active/running/ named=0/inactive/dead/ agent=6513/active/ jphase=absent killpid=
08:30:48.016322269 pdns=3076/0/active/running/ named=0/inactive/dead/ agent=6513/active/ jphase=absent killpid=
08:30:48.317025416 pdns=3076/0/active/running/ named=0/inactive/dead/ agent=6513/active/ jphase=absent killpid=
08:30:48.606433195 pdns=3076/0/active/running/ named=0/inactive/dead/ agent=6513/active/ jphase=absent killpid=
08:30:48.888045409 pdns=3076/0/active/running/ named=0/inactive/dead/ agent=6513/active/ jphase=absent killpid=
08:30:49.177948803 pdns=3076/0/active/running/ named=0/inactive/dead/ agent=6513/active/ jphase=absent killpid=
08:30:49.470300975 pdns=3076/0/active/running/ named=0/inactive/dead/ agent=6513/active/ jphase=absent killpid=
08:30:49.761856833 pdns=3076/0/active/running/ named=0/inactive/dead/ agent=6513/active/ jphase=absent killpid=
08:30:50.054529978 pdns=3076/0/active/running/ named=0/inactive/dead/ agent=6513/active/ jphase=absent killpid=
08:30:50.336552410 pdns=3076/0/active/running/ named=0/inactive/dead/ agent=6513/active/ jphase=absent killpid=
08:30:50.618483993 pdns=3076/0/active/running/ named=0/inactive/dead/ agent=6513/active/ jphase=absent killpid=
08:30:50.906464884 pdns=3076/0/active/running/ named=0/inactive/dead/ agent=6513/active/ jphase=absent killpid=
08:30:51.195481353 pdns=3076/0/active/running/ named=0/inactive/dead/ agent=6513/active/ jphase=absent killpid=
08:30:51.497928509 pdns=3076/0/active/running/ named=0/inactive/dead/ agent=6513/active/ jphase=absent killpid=
08:30:51.778564959 pdns=3076/0/active/running/ named=0/inactive/dead/ agent=6513/active/ jphase=absent killpid=
08:30:52.061827337 pdns=3076/0/active/running/ named=0/inactive/dead/ agent=6513/active/ jphase=absent killpid=
08:30:52.347079124 pdns=3076/0/active/running/ named=0/inactive/dead/ agent=6513/active/ jphase=absent killpid=
08:30:52.634296370 pdns=3076/0/active/running/ named=0/inactive/dead/ agent=6513/active/ jphase=absent killpid=
08:30:52.971833375 pdns=3076/0/active/running/ named=0/inactive/dead/ agent=6513/active/ jphase=absent killpid=
08:30:53.306281279 pdns=3076/0/active/running/ named=0/inactive/dead/ agent=6513/active/ jphase=absent killpid=
08:30:53.621068684 pdns=3076/0/active/running/ named=0/inactive/dead/ agent=6513/active/ jphase=absent killpid=
08:30:53.935327347 pdns=3076/0/active/running/ named=0/inactive/dead/ agent=6513/active/ jphase=absent killpid=
08:30:54.226040597 pdns=3076/0/active/running/ named=0/inactive/dead/ agent=6513/active/ jphase=absent killpid=
08:30:54.529598950 pdns=3076/0/active/running/ named=0/inactive/dead/ agent=6513/active/ jphase=absent killpid=
08:30:54.830088968 pdns=3076/0/active/running/ named=0/inactive/dead/ agent=6513/active/ jphase=absent killpid=
08:30:55.152005061 pdns=3076/0/active/running/ named=0/inactive/dead/ agent=6513/active/ jphase=absent killpid=
08:30:55.450415111 pdns=3076/0/active/running/ named=0/inactive/dead/ agent=6513/active/ jphase=absent killpid=
08:30:55.736429174 pdns=3076/0/active/running/ named=0/inactive/dead/ agent=6513/active/ jphase=absent killpid=
08:30:56.021089051 pdns=3076/0/active/running/ named=0/inactive/dead/ agent=6513/active/ jphase=absent killpid=
08:30:56.311341155 pdns=3076/0/active/running/ named=0/inactive/dead/ agent=6513/active/ jphase=absent killpid=
08:30:56.590183226 pdns=3076/0/active/running/ named=0/inactive/dead/ agent=6513/active/ jphase=absent killpid=
08:30:56.868982146 pdns=3076/0/active/running/ named=0/inactive/dead/ agent=6513/active/ jphase=absent killpid=
08:30:57.153284358 pdns=3076/0/active/running/ named=0/inactive/dead/ agent=6513/active/ jphase=absent killpid=
08:30:57.448351991 pdns=3076/0/active/running/ named=0/inactive/dead/ agent=6513/active/ jphase=absent killpid=
08:30:57.726022175 pdns=3076/0/active/running/ named=0/inactive/dead/ agent=6513/active/ jphase=absent killpid=
08:30:58.003659041 pdns=3076/0/active/running/ named=0/inactive/dead/ agent=6513/active/ jphase=absent killpid=
08:30:58.294176411 pdns=3076/0/active/running/ named=0/inactive/dead/ agent=6513/active/ jphase=absent killpid=
08:30:58.576430026 pdns=3076/0/active/running/ named=0/inactive/dead/ agent=6513/active/ jphase=absent killpid=
08:30:58.856600262 pdns=3076/0/active/running/ named=0/inactive/dead/ agent=6513/active/ jphase=absent killpid=
08:30:59.138038608 pdns=3076/0/active/running/ named=0/inactive/dead/ agent=6513/active/ jphase=absent killpid=
08:30:59.426957165 pdns=3076/0/active/running/ named=0/inactive/dead/ agent=6513/active/ jphase=absent killpid=
08:30:59.710422512 pdns=3076/0/active/running/ named=0/inactive/dead/ agent=6513/active/ jphase=absent killpid=
08:30:59.991595227 pdns=3076/0/active/running/ named=0/inactive/dead/ agent=6513/active/ jphase=absent killpid=
08:31:00.279288988 pdns=3076/0/active/running/ named=0/inactive/dead/ agent=6513/active/ jphase=absent killpid=
08:31:00.564346907 pdns=3076/0/active/running/ named=0/inactive/dead/ agent=6513/active/ jphase=absent killpid=
08:31:00.864475630 pdns=3076/0/active/running/ named=0/inactive/dead/ agent=6513/active/ jphase=absent killpid=
08:31:01.179881702 pdns=3076/0/active/running/ named=0/inactive/dead/ agent=6513/active/ jphase=absent killpid=
08:31:01.500303060 pdns=3076/0/active/running/ named=0/inactive/dead/ agent=6513/active/ jphase=absent killpid=
08:31:01.782167166 pdns=3076/0/active/running/ named=0/inactive/dead/ agent=6513/active/ jphase=absent killpid=
08:31:02.079292551 pdns=3076/0/active/running/ named=0/inactive/dead/ agent=6513/active/ jphase=absent killpid=
08:31:02.386731055 pdns=3076/0/active/running/ named=0/inactive/dead/ agent=6513/active/ jphase=absent killpid=
08:31:02.676932166 pdns=3076/0/active/running/ named=0/inactive/dead/ agent=6513/active/ jphase=absent killpid=
08:31:02.968158270 pdns=3076/0/active/running/ named=0/inactive/dead/ agent=6513/active/ jphase=absent killpid=
08:31:03.252922327 pdns=3076/0/active/running/ named=0/inactive/dead/ agent=6513/active/ jphase=absent killpid=
08:31:03.542649300 pdns=3076/0/active/running/ named=0/inactive/dead/ agent=6513/active/ jphase=absent killpid=
08:31:03.828106393 pdns=3076/0/active/running/ named=0/inactive/dead/ agent=6513/active/ jphase=absent killpid=
08:31:04.112051426 pdns=3076/0/active/running/ named=0/inactive/dead/ agent=6513/active/ jphase=absent killpid=
08:31:04.397146454 pdns=3076/0/active/running/ named=0/inactive/dead/ agent=6513/active/ jphase=absent killpid=
08:31:04.680003904 pdns=3076/0/active/running/ named=0/inactive/dead/ agent=6513/active/ jphase=absent killpid=
08:31:04.959615920 pdns=3076/0/active/running/ named=0/inactive/dead/ agent=6513/active/ jphase=absent killpid=
08:31:05.239783497 pdns=3076/0/active/running/ named=0/inactive/dead/ agent=6513/active/ jphase=absent killpid=
08:31:05.518497827 pdns=3076/0/active/running/ named=0/inactive/dead/ agent=6513/active/ jphase=absent killpid=
08:31:05.794589785 pdns=3076/0/active/running/ named=0/inactive/dead/ agent=6513/active/ jphase=absent killpid=
08:31:06.076466968 pdns=3076/0/active/running/ named=0/inactive/dead/ agent=6513/active/ jphase=absent killpid=
08:31:06.356715341 pdns=3076/0/active/running/ named=0/inactive/dead/ agent=6513/active/ jphase=absent killpid=
08:31:06.633109874 pdns=3076/0/active/running/ named=0/inactive/dead/ agent=6513/active/ jphase=absent killpid=
08:31:06.908397476 pdns=3076/0/active/running/ named=0/inactive/dead/ agent=6513/active/ jphase=absent killpid=
08:31:07.191038353 pdns=3076/0/active/running/ named=0/inactive/dead/ agent=6513/active/ jphase=absent killpid=
08:31:07.473721810 pdns=3076/0/active/running/ named=0/inactive/dead/ agent=6513/active/ jphase=absent killpid=
08:31:07.756113692 pdns=3076/0/active/running/ named=0/inactive/dead/ agent=6513/active/ jphase=absent killpid=
08:31:08.049122943 pdns=3076/0/active/running/ named=0/inactive/dead/ agent=6513/active/ jphase=absent killpid=
08:31:08.331948877 pdns=3076/0/active/running/ named=0/inactive/dead/ agent=6513/active/ jphase=absent killpid=
08:31:08.609814251 pdns=3076/0/active/running/ named=0/inactive/dead/ agent=6513/active/ jphase=absent killpid=
08:31:08.885965834 pdns=3076/0/active/running/ named=0/inactive/dead/ agent=6513/active/ jphase=absent killpid=
08:31:09.166235637 pdns=3076/0/active/running/ named=0/inactive/dead/ agent=6513/active/ jphase=absent killpid=
08:31:09.448279718 pdns=3076/0/active/running/ named=0/inactive/dead/ agent=6513/active/ jphase=absent killpid=
08:31:09.728703174 pdns=3076/0/active/running/ named=0/inactive/dead/ agent=6513/active/ jphase=absent killpid=
08:31:10.006881443 pdns=3076/0/active/running/ named=0/inactive/dead/ agent=6513/active/ jphase=absent killpid=
08:31:10.287694092 pdns=3076/0/active/running/ named=0/inactive/dead/ agent=6513/active/ jphase=absent killpid=
08:31:10.569362058 pdns=3076/0/active/running/ named=0/inactive/dead/ agent=6513/active/ jphase=absent killpid=
08:31:10.846799564 pdns=3076/0/active/running/ named=0/inactive/dead/ agent=6513/active/ jphase=absent killpid=
08:31:11.130113739 pdns=3076/0/active/running/ named=0/inactive/dead/ agent=6513/active/ jphase=absent killpid=
08:31:11.413967813 pdns=3076/0/active/running/ named=0/inactive/dead/ agent=6513/active/ jphase=absent killpid=
08:31:11.692912676 pdns=3076/0/active/running/ named=0/inactive/dead/ agent=6513/active/ jphase=absent killpid=
08:31:11.971804707 pdns=3076/0/active/running/ named=0/inactive/dead/ agent=6513/active/ jphase=absent killpid=
08:31:12.253061985 pdns=3076/0/active/running/ named=0/inactive/dead/ agent=6513/active/ jphase=absent killpid=
08:31:12.532685268 pdns=3076/0/active/running/ named=0/inactive/dead/ agent=6513/active/ jphase=absent killpid=
08:31:12.809866917 pdns=3076/0/active/running/ named=0/inactive/dead/ agent=6513/active/ jphase=absent killpid=
08:31:13.091711432 pdns=3076/0/active/running/ named=0/inactive/dead/ agent=6513/active/ jphase=absent killpid=
08:31:13.381904556 pdns=3076/0/active/running/ named=0/inactive/dead/ agent=6513/active/ jphase=absent killpid=
08:31:13.662924601 pdns=3076/0/active/running/ named=0/inactive/dead/ agent=6513/active/ jphase=absent killpid=
08:31:13.945209588 pdns=3076/0/active/running/ named=0/inactive/dead/ agent=6513/active/ jphase=absent killpid=
done
