Formatting '/var/tmp/cp-release-drill-upd2-d13-good-a/cells/2ff29de8ea10120cf1a061dd/debian13/overlay.qcow2', fmt=qcow2 cluster_size=65536 extended_l2=off compression_type=zlib size=25769803776 backing_file=/var/tmp/cp-release-drill-upd2-d13-good-a/images/debian-13-genericcloud-amd64-20260826-2582.qcow2 backing_fmt=qcow2 lazy_refcounts=off refcount_bits=16
Formatting '/var/tmp/cp-release-drill-upd2-d13-good-a/cells/2ff29de8ea10120cf1a061dd/arch/overlay.qcow2', fmt=qcow2 cluster_size=65536 extended_l2=off compression_type=zlib size=25769803776 backing_file=/var/tmp/cp-release-drill-upd2-d13-good-a/images/Arch-Linux-x86_64-cloudimg-20260815.573966.qcow2 backing_fmt=qcow2 lazy_refcounts=off refcount_bits=16
{"action": "prepared", "root": "/var/tmp/cp-release-drill-upd2-d13-good-a", "cell_id": "release-recovery__76ec2f5998a12517", "ssh_ports": [2371, 2372]}
{"action": "ready", "root": "/var/tmp/cp-release-drill-upd2-d13-good-a", "nodes": {"arch": "verified-disposable-systemd-guest", "debian13": "verified-disposable-systemd-guest"}}
{"action": "ready", "root": "/var/tmp/cp-release-drill-upd2-d13-good-a", "nodes": {"arch": "verified-disposable-systemd-guest", "debian13": "verified-disposable-systemd-guest"}}
{"step": "preflight", "verdict": "passed", "reason": null}
{"step": "origin", "verdict": "passed", "reason": null}
{"step": "baseline-install", "verdict": "passed", "reason": null}
{"step": "owner-login", "verdict": "passed", "reason": null}
{"step": "license", "verdict": "passed", "reason": null}
{"step": "setup", "verdict": "observed", "reason": null}
{"step": "seed", "verdict": "passed", "reason": null}
{"step": "pre-state", "verdict": "passed", "reason": null}
{"step": "arm", "verdict": "passed", "reason": null}
{"step": "owner-start", "verdict": "passed", "reason": null}
{"step": "track", "verdict": "passed", "reason": null}
{"step": "owner-continuation (required)", "verdict": "skipped", "reason": null}
{"step": "terminal", "verdict": "passed", "reason": null}
{"step": "collect", "verdict": "passed", "reason": null}
{"step": "verdicts", "verdict": "passed", "reason": null}
{"outcome": "update-verified", "overall": "complete-for-review", "request_id": "3cd54515b25bc73fe30a24525b849ca8"}
{"action": "stopped", "root": "/var/tmp/cp-release-drill-upd2-d13-good-a", "evidence_retained": true}
UPD1 cell=upd1-debian13-good dns_mode=external lab=/var/tmp/cp-release-drill-upd2-d13-good-a driver_exit=0 evidence=/var/tmp/cp-release-drill-upd2-d13-good-a/evidence/*/upd1
