20:51:47.803526029 CHANGE journal none -> absent
20:51:47.815631026 CHANGE ledger none -> 177f61d12ed0bb85e6ea535b807b376e26bbe0871405a13867c0b3cb6ea4b211
20:51:47.820267547 CHANGE state none -> absent
20:51:47.825156143 CHANGE pdnsdb none -> absent
20:51:47.828927936 POINTER 
20:51:47.830577349 pdns=0/0/inactive/dead/ named=0/inactive/dead/ agent=0/inactive/ jphase=absent killpid=
20:51:48.103403460 pdns=0/0/inactive/dead/ named=0/inactive/dead/ agent=0/inactive/ jphase=absent killpid=
20:51:48.376936370 pdns=0/0/inactive/dead/ named=0/inactive/dead/ agent=0/inactive/ jphase=absent killpid=
20:51:48.659266324 pdns=0/0/inactive/dead/ named=0/inactive/dead/ agent=0/inactive/ jphase=absent killpid=
20:51:48.944185046 pdns=0/0/inactive/dead/ named=0/inactive/dead/ agent=0/inactive/ jphase=absent killpid=1795,
20:51:49.242385305 CHANGE ledger 177f61d12ed0bb85e6ea535b807b376e26bbe0871405a13867c0b3cb6ea4b211 -> 5e7c8de5b0de45691d4c5618afcd62904866391cf582bd78685e45d1e51c5017
20:51:49.247070415 pdns=0/0/inactive/dead/ named=0/inactive/dead/ agent=0/inactive/ jphase=absent killpid=1795,1902,
20:51:49.539566190 CHANGE ledger 5e7c8de5b0de45691d4c5618afcd62904866391cf582bd78685e45d1e51c5017 -> 7d33688265d101a095cef01de3416730ca7d3a80e4b87f02cdd06904d5494395
20:51:49.544286506 pdns=0/0/inactive/dead/ named=0/inactive/dead/ agent=0/inactive/ jphase=absent killpid=1795,1902,
20:51:49.819761784 pdns=0/0/inactive/dead/ named=0/inactive/dead/ agent=0/inactive/ jphase=absent killpid=1795,1902,
20:51:50.095401514 pdns=0/0/inactive/dead/ named=0/inactive/dead/ agent=0/inactive/ jphase=absent killpid=1795,1902,
20:51:50.370994087 pdns=0/0/inactive/dead/ named=0/inactive/dead/ agent=0/inactive/ jphase=absent killpid=1795,1902,
20:51:50.655529648 pdns=0/0/inactive/dead/ named=0/inactive/dead/ agent=0/inactive/ jphase=absent killpid=1795,1902,
20:51:50.934323265 pdns=0/0/inactive/dead/ named=0/inactive/dead/ agent=0/inactive/ jphase=absent killpid=1795,1902,
20:51:51.209596734 pdns=0/0/inactive/dead/ named=0/inactive/dead/ agent=0/inactive/ jphase=absent killpid=1795,1902,
20:51:51.486263501 pdns=0/0/inactive/dead/ named=0/inactive/dead/ agent=0/inactive/ jphase=absent killpid=1795,1902,
20:51:51.762378335 pdns=0/0/inactive/dead/ named=0/inactive/dead/ agent=0/inactive/ jphase=absent killpid=1795,1902,
20:51:52.043243631 pdns=0/0/inactive/dead/ named=0/inactive/dead/ agent=0/inactive/ jphase=absent killpid=1795,1902,
20:51:52.333977331 pdns=0/0/inactive/dead/ named=0/inactive/dead/ agent=0/inactive/ jphase=absent killpid=1795,1902,
20:51:52.617194290 pdns=0/0/inactive/dead/ named=0/inactive/dead/ agent=0/inactive/ jphase=absent killpid=1795,1902,
20:51:52.896116233 pdns=0/0/inactive/dead/ named=0/inactive/dead/ agent=0/inactive/ jphase=absent killpid=1795,1902,
20:51:53.172374368 pdns=0/0/inactive/dead/ named=0/inactive/dead/ agent=0/inactive/ jphase=absent killpid=1795,1902,
20:51:53.452683003 pdns=0/0/inactive/dead/ named=0/inactive/dead/ agent=0/inactive/ jphase=absent killpid=1795,1902,
20:51:53.748670716 pdns=0/0/inactive/dead/ named=0/inactive/dead/ agent=0/inactive/ jphase=absent killpid=1795,1902,
20:51:54.036352666 CHANGE ledger 7d33688265d101a095cef01de3416730ca7d3a80e4b87f02cdd06904d5494395 -> c1b77a2f719515121fa51d13f08e5a068f989f52ea8194a5b964f7da74c67f74
20:51:54.040737265 pdns=0/0/inactive/dead/ named=0/inactive/dead/ agent=0/inactive/ jphase=absent killpid=1795,1902,
20:51:54.319618287 pdns=0/0/inactive/dead/ named=0/inactive/dead/ agent=0/inactive/ jphase=absent killpid=1795,1902,
20:51:54.596527189 pdns=0/0/inactive/dead/ named=0/inactive/dead/ agent=0/inactive/ jphase=absent killpid=1795,1902,
20:51:54.874312490 pdns=0/0/inactive/dead/ named=0/inactive/dead/ agent=0/inactive/ jphase=absent killpid=1795,1902,
20:51:55.151826978 pdns=0/0/inactive/dead/ named=0/inactive/dead/ agent=0/inactive/ jphase=absent killpid=1795,1902,
20:51:55.433594247 pdns=0/0/inactive/dead/ named=0/inactive/dead/ agent=0/inactive/ jphase=absent killpid=1795,1902,
20:51:55.722157781 pdns=0/0/inactive/dead/ named=0/inactive/dead/ agent=0/inactive/ jphase=absent killpid=1795,1902,
20:51:56.019632226 pdns=0/0/inactive/dead/ named=0/inactive/dead/ agent=0/inactive/ jphase=absent killpid=1795,1902,
20:51:56.311316695 pdns=0/0/inactive/dead/ named=0/inactive/dead/ agent=0/inactive/ jphase=absent killpid=1795,1902,
20:51:56.603688043 pdns=0/0/inactive/dead/ named=0/inactive/dead/ agent=0/inactive/ jphase=absent killpid=1795,1902,
20:51:56.884917845 pdns=0/0/inactive/dead/ named=0/inactive/dead/ agent=0/inactive/ jphase=absent killpid=1795,1902,
20:51:57.165297399 pdns=0/0/inactive/dead/ named=0/inactive/dead/ agent=0/inactive/ jphase=absent killpid=1795,1902,
20:51:57.451408911 pdns=0/0/inactive/dead/ named=0/inactive/dead/ agent=0/inactive/ jphase=absent killpid=1795,1902,
20:51:57.731830182 pdns=0/0/inactive/dead/ named=0/inactive/dead/ agent=0/inactive/ jphase=absent killpid=1795,1902,
20:51:58.017622413 pdns=0/0/inactive/dead/ named=0/inactive/dead/ agent=0/inactive/ jphase=absent killpid=1795,1902,
20:51:58.314236332 CHANGE ledger c1b77a2f719515121fa51d13f08e5a068f989f52ea8194a5b964f7da74c67f74 -> 13f5596b9202404249b9786c0210569d80b4f57c8e0b688e5ba354da3200be82
20:51:58.320194255 pdns=0/0/inactive/dead/ named=0/inactive/dead/ agent=0/inactive/ jphase=absent killpid=1795,
20:51:58.627135762 CHANGE ledger 13f5596b9202404249b9786c0210569d80b4f57c8e0b688e5ba354da3200be82 -> a450cbc82b67485e6dc4fc9791152d90f5d84d8624da1fef288fe071911c678b
20:51:58.630899380 pdns=0/0/inactive/dead/ named=0/inactive/dead/ agent=0/inactive/ jphase=absent killpid=1795,
20:51:58.946209544 CHANGE ledger a450cbc82b67485e6dc4fc9791152d90f5d84d8624da1fef288fe071911c678b -> ad4bdf7eae3775afc5fad208c88e4cb196bc87a56faa8754c50833cf6c3aca05
20:51:58.950129677 pdns=0/0/inactive/dead/ named=0/inactive/dead/ agent=0/inactive/ jphase=absent killpid=1795,2873,
20:51:59.244596036 CHANGE ledger ad4bdf7eae3775afc5fad208c88e4cb196bc87a56faa8754c50833cf6c3aca05 -> f82ca4a1de20a2ab59c28d12f548421b683e84d64a6432064adce1a40b6fd1b8
20:51:59.248943972 pdns=0/0/inactive/dead/ named=0/inactive/dead/ agent=0/inactive/ jphase=absent killpid=1795,2873,
20:51:59.533988505 pdns=0/0/inactive/dead/ named=0/inactive/dead/ agent=0/inactive/ jphase=absent killpid=1795,2873,
20:51:59.809562862 pdns=0/0/inactive/dead/ named=0/inactive/dead/ agent=0/inactive/ jphase=absent killpid=1795,2873,
20:52:00.090461555 pdns=0/0/inactive/dead/ named=0/inactive/dead/ agent=0/inactive/ jphase=absent killpid=1795,2873,
20:52:00.393628059 pdns=0/0/inactive/dead/ named=0/inactive/dead/ agent=0/inactive/ jphase=absent killpid=1795,2873,
20:52:00.676686644 pdns=0/0/inactive/dead/ named=0/inactive/dead/ agent=0/inactive/ jphase=absent killpid=1795,2873,
20:52:00.966392965 pdns=0/0/inactive/dead/ named=0/inactive/dead/ agent=0/inactive/ jphase=absent killpid=1795,2873,
20:52:01.247659885 pdns=0/0/inactive/dead/ named=0/inactive/dead/ agent=0/inactive/ jphase=absent killpid=1795,2873,
20:52:01.539301345 pdns=0/0/inactive/dead/ named=0/inactive/dead/ agent=0/inactive/ jphase=absent killpid=1795,2873,
20:52:01.823748072 pdns=0/0/inactive/dead/ named=0/inactive/dead/ agent=0/inactive/ jphase=absent killpid=1795,2873,
20:52:02.104958224 pdns=0/0/inactive/dead/ named=0/inactive/dead/ agent=0/inactive/ jphase=absent killpid=1795,2873,
20:52:02.382712143 pdns=0/0/inactive/dead/ named=0/inactive/dead/ agent=0/inactive/ jphase=absent killpid=1795,2873,
20:52:02.667707273 pdns=0/0/inactive/dead/ named=0/inactive/dead/ agent=0/inactive/ jphase=absent killpid=1795,2873,
20:52:02.963619688 pdns=0/0/inactive/dead/ named=0/inactive/dead/ agent=0/inactive/ jphase=absent killpid=1795,2873,
20:52:03.258425068 CHANGE ledger f82ca4a1de20a2ab59c28d12f548421b683e84d64a6432064adce1a40b6fd1b8 -> af45664449627ba506a646c449daa47802edbad834af51b2419244aa365dcdae
20:52:03.262077175 pdns=0/0/inactive/dead/ named=0/inactive/dead/ agent=0/inactive/ jphase=absent killpid=1795,3439,
20:52:03.597996673 CHANGE ledger af45664449627ba506a646c449daa47802edbad834af51b2419244aa365dcdae -> a7421707ee36918e698f2ee4f5a4abf46d4058f9f5af4276e8723e3cd48e2313
20:52:03.601907837 pdns=0/0/inactive/dead/ named=0/inactive/dead/ agent=0/inactive/ jphase=absent killpid=1795,
20:52:03.890953582 CHANGE ledger a7421707ee36918e698f2ee4f5a4abf46d4058f9f5af4276e8723e3cd48e2313 -> 2ed427498a896f501c854d14bb5a65cf096667b25825029cc07f2a1d200d7736
20:52:03.895333216 pdns=0/0/inactive/dead/ named=0/inactive/dead/ agent=0/inactive/ jphase=intent killpid=1795,
20:52:04.179503333 CHANGE journal absent -> c6e24c9e29de07fb28618169646a06b4869c30c2ee977a2909734a2456b46f93
20:52:04.188583912 CHANGE ledger 2ed427498a896f501c854d14bb5a65cf096667b25825029cc07f2a1d200d7736 -> 438a53c60b8cf367d4c1328a23a05395bb3a19ce0faf531eb31808abedc463d6
20:52:04.192534477 pdns=0/0/inactive/dead/ named=0/inactive/dead/ agent=0/inactive/ jphase=intent killpid=1795,
20:52:04.467495349 CHANGE journal c6e24c9e29de07fb28618169646a06b4869c30c2ee977a2909734a2456b46f93 -> 06a40da749560c8e5825ecc8b23ebe00c67c58270b0d6f1227d4d8a70d2a2d35
20:52:04.478980996 CHANGE ledger 438a53c60b8cf367d4c1328a23a05395bb3a19ce0faf531eb31808abedc463d6 -> f3a64ab864ef4487ebf66f890a59f4a40fcf98944b40d4cb82c87940bb8c8ef3
20:52:04.492463141 CHANGE pdnsdb absent -> d362ab8f6ed659cd993033a0a2c2c8b7bd4f24781901b7c7f42ccafbe6f9cd52
20:52:04.497495797 pdns=0/0/inactive/dead/ named=0/inactive/dead/ agent=0/inactive/ jphase=target-enable-intent killpid=1795,
20:52:04.784218405 CHANGE ledger f3a64ab864ef4487ebf66f890a59f4a40fcf98944b40d4cb82c87940bb8c8ef3 -> 20aaf239ce7ce651354f95e9c56c940ae301ace3789eb8e0758edfbc8c087c23
20:52:04.792533498 pdns=0/0/inactive/dead/ named=0/inactive/dead/ agent=0/inactive/ jphase=target-enable-intent killpid=1795,
20:52:05.324032527 CHANGE ledger 20aaf239ce7ce651354f95e9c56c940ae301ace3789eb8e0758edfbc8c087c23 -> 284c48968df2bab1c52da0cf7ef6e7b840326f99617612a94e8cbd517fc98b18
20:52:05.334938653 pdns=0/0/inactive/dead/ named=0/inactive/dead/ agent=0/inactive/ jphase=target-enable-intent killpid=1795,3999,
20:52:05.651913796 CHANGE ledger 284c48968df2bab1c52da0cf7ef6e7b840326f99617612a94e8cbd517fc98b18 -> 1848c7606a6d65e69fcb1b2e7c7e3ebf328195134ea5cf56d51fa1c3de9661be
20:52:05.661579598 pdns=0/0/inactive/dead/ named=0/inactive/dead/ agent=0/inactive/ jphase=target-enable-intent killpid=1795,4110,
20:52:06.147630879 CHANGE ledger 1848c7606a6d65e69fcb1b2e7c7e3ebf328195134ea5cf56d51fa1c3de9661be -> c0d8dee60e1140842fab6626473925beded0b284a26eabc59abfa75048bcd19c
20:52:06.161303995 pdns=0/0/inactive/dead/ named=0/inactive/dead/ agent=0/inactive/ jphase=target-enable-intent killpid=1795,
20:52:06.489101793 CHANGE ledger c0d8dee60e1140842fab6626473925beded0b284a26eabc59abfa75048bcd19c -> d5f8bb7eb8cb0d482c57a96ab2cb7f52a258593a311516bc12edff63079e03dd
20:52:06.500459883 pdns=4269/0/activating/start/ named=0/inactive/dead/ agent=0/inactive/ jphase=target-enable-intent killpid=1795,
20:52:06.789523679 CHANGE journal 06a40da749560c8e5825ecc8b23ebe00c67c58270b0d6f1227d4d8a70d2a2d35 -> bb577005fb9bb4b3f2053450555e4e58b544257454e07c7bc92e9ce77f2608ea
20:52:06.805967688 CHANGE ledger d5f8bb7eb8cb0d482c57a96ab2cb7f52a258593a311516bc12edff63079e03dd -> ccc0df368b88f79f5f5299e19db0622af2179f03ad201fc4509154a3816ee81d
20:52:06.822861202 CHANGE pdnsdb d362ab8f6ed659cd993033a0a2c2c8b7bd4f24781901b7c7f42ccafbe6f9cd52 -> 46c6d807837263b8149583085040b73af9d5d5220c871ea1fac7b98d5a56f075
20:52:06.827836641 pdns=4269/0/active/running/ named=0/inactive/dead/ agent=0/inactive/ jphase=target-started killpid=1795,
20:52:07.140783322 CHANGE ledger ccc0df368b88f79f5f5299e19db0622af2179f03ad201fc4509154a3816ee81d -> f12f7627c6f5401f56288f864cf5407be198d66014c488023932dbe2c49cc269
20:52:07.150412569 pdns=4269/0/active/running/ named=0/inactive/dead/ agent=0/inactive/ jphase=target-started killpid=1795,4543,
20:52:07.443237261 CHANGE ledger f12f7627c6f5401f56288f864cf5407be198d66014c488023932dbe2c49cc269 -> fe9b50f95cdf53f91c1a960b6b16c733b4abbbe13d5c6fe8173e57eb66a0e030
20:52:07.454359787 pdns=4269/0/active/running/ named=0/inactive/dead/ agent=0/inactive/ jphase=target-started killpid=1795,4642,
20:52:07.737738387 CHANGE journal bb577005fb9bb4b3f2053450555e4e58b544257454e07c7bc92e9ce77f2608ea -> f6eea4488b937f098dbfa3a696eded781144f8e0017c3b132c49b41bc5205515
20:52:07.752164986 CHANGE ledger fe9b50f95cdf53f91c1a960b6b16c733b4abbbe13d5c6fe8173e57eb66a0e030 -> 3a143e91bc8862f22ef99d3810b37561b598b950399242fea6dc842ce3e38e1e
20:52:07.761418676 CHANGE state absent -> 274384b034463f4d1bd7dc44eebffba360e437e17f5437a568f4a24f3321d12a
20:52:07.770184326 pdns=4269/0/active/running/ named=0/inactive/dead/ agent=0/inactive/ jphase=committed killpid=
20:52:08.173430027 pdns=4269/0/active/running/ named=0/inactive/dead/ agent=0/inactive/ jphase=committed killpid=
20:52:08.464423517 pdns=4269/0/active/running/ named=0/inactive/dead/ agent=0/inactive/ jphase=committed killpid=
20:52:08.762110204 pdns=4269/0/active/running/ named=0/inactive/dead/ agent=4895/active/ jphase=committed killpid=
20:52:09.058679898 pdns=4269/0/active/running/ named=0/inactive/dead/ agent=4895/active/ jphase=committed killpid=
20:52:09.353975161 pdns=4269/0/active/running/ named=0/inactive/dead/ agent=4895/active/ jphase=committed killpid=
20:52:09.641489447 pdns=4269/0/active/running/ named=0/inactive/dead/ agent=4895/active/ jphase=committed killpid=
20:52:09.947065869 pdns=4269/0/active/running/ named=0/inactive/dead/ agent=4895/active/ jphase=committed killpid=
20:52:10.246660589 pdns=4269/0/active/running/ named=0/inactive/dead/ agent=4895/active/ jphase=committed killpid=
20:52:10.571033770 pdns=4269/0/active/running/ named=0/inactive/dead/ agent=4895/active/ jphase=committed killpid=
20:52:10.867427637 pdns=4269/0/active/running/ named=0/inactive/dead/ agent=4895/active/ jphase=committed killpid=
20:52:11.139056906 CHANGE journal f6eea4488b937f098dbfa3a696eded781144f8e0017c3b132c49b41bc5205515 -> absent
20:52:11.159800401 pdns=4269/0/active/running/ named=0/inactive/dead/ agent=4895/active/ jphase=absent killpid=
20:52:11.478956178 pdns=4269/0/active/running/ named=0/inactive/dead/ agent=4895/active/ jphase=absent killpid=
20:52:11.776555413 CHANGE ledger 3a143e91bc8862f22ef99d3810b37561b598b950399242fea6dc842ce3e38e1e -> b2487d8ce923bfea1bd6bf4f152685cb3880607d61c7676ea400f3af818bc829
20:52:11.788688510 pdns=4269/0/active/running/ named=0/inactive/dead/ agent=4895/active/ jphase=absent killpid=
20:52:12.082023143 pdns=4269/0/active/running/ named=0/inactive/dead/ agent=4895/active/ jphase=absent killpid=
20:52:12.384628761 pdns=4269/0/active/running/ named=0/inactive/dead/ agent=4895/active/ jphase=absent killpid=
20:52:12.677338725 pdns=4269/0/active/running/ named=0/inactive/dead/ agent=4895/active/ jphase=absent killpid=
20:52:12.957499182 pdns=4269/0/active/running/ named=0/inactive/dead/ agent=4895/active/ jphase=absent killpid=
20:52:13.235867423 pdns=4269/0/active/running/ named=0/inactive/dead/ agent=4895/active/ jphase=absent killpid=
20:52:13.537848179 pdns=4269/0/active/running/ named=0/inactive/dead/ agent=4895/active/ jphase=absent killpid=
20:52:13.821829586 pdns=4269/0/active/running/ named=0/inactive/dead/ agent=4895/active/ jphase=absent killpid=
20:52:14.102245850 pdns=4269/0/active/running/ named=0/inactive/dead/ agent=4895/active/ jphase=absent killpid=
20:52:14.383733830 pdns=4269/0/active/running/ named=0/inactive/dead/ agent=4895/active/ jphase=absent killpid=
20:52:14.666529251 pdns=4269/0/active/running/ named=0/inactive/dead/ agent=4895/active/ jphase=absent killpid=
20:52:14.948564795 pdns=4269/0/active/running/ named=0/inactive/dead/ agent=4895/active/ jphase=absent killpid=
20:52:15.229653636 pdns=4269/0/active/running/ named=0/inactive/dead/ agent=4895/active/ jphase=absent killpid=
20:52:15.512754557 pdns=4269/0/active/running/ named=0/inactive/dead/ agent=4895/active/ jphase=absent killpid=
20:52:15.794604259 pdns=4269/0/active/running/ named=0/inactive/dead/ agent=4895/active/ jphase=absent killpid=
20:52:16.081692245 pdns=4269/0/active/running/ named=0/inactive/dead/ agent=4895/active/ jphase=absent killpid=
20:52:16.385120845 pdns=4269/0/active/running/ named=0/inactive/dead/ agent=4895/active/ jphase=absent killpid=
20:52:16.670686786 pdns=4269/0/active/running/ named=0/inactive/dead/ agent=4895/active/ jphase=absent killpid=
20:52:16.956114514 pdns=4269/0/active/running/ named=0/inactive/dead/ agent=4895/active/ jphase=absent killpid=
20:52:17.236765485 pdns=4269/0/active/running/ named=0/inactive/dead/ agent=4895/active/ jphase=absent killpid=
20:52:17.518359889 pdns=4269/0/active/running/ named=0/inactive/dead/ agent=4895/active/ jphase=absent killpid=
20:52:17.797402515 pdns=4269/0/active/running/ named=0/inactive/dead/ agent=4895/active/ jphase=absent killpid=
20:52:18.076794090 pdns=4269/0/active/running/ named=0/inactive/dead/ agent=4895/active/ jphase=absent killpid=
20:52:18.358260516 pdns=4269/0/active/running/ named=0/inactive/dead/ agent=4895/active/ jphase=absent killpid=
20:52:18.640937632 pdns=4269/0/active/running/ named=0/inactive/dead/ agent=4895/active/ jphase=absent killpid=
20:52:18.921546758 pdns=4269/0/active/running/ named=0/inactive/dead/ agent=4895/active/ jphase=absent killpid=
20:52:19.203213636 pdns=4269/0/active/running/ named=0/inactive/dead/ agent=4895/active/ jphase=absent killpid=
20:52:19.482818113 pdns=4269/0/active/running/ named=0/inactive/dead/ agent=4895/active/ jphase=absent killpid=
20:52:19.769890957 pdns=4269/0/active/running/ named=0/inactive/dead/ agent=4895/active/ jphase=absent killpid=
20:52:20.049702318 pdns=4269/0/active/running/ named=0/inactive/dead/ agent=4895/active/ jphase=absent killpid=
20:52:20.342723344 pdns=4269/0/active/running/ named=0/inactive/dead/ agent=4895/active/ jphase=absent killpid=
20:52:20.628364622 pdns=4269/0/active/running/ named=0/inactive/dead/ agent=4895/active/ jphase=absent killpid=
20:52:20.907749119 pdns=4269/0/active/running/ named=0/inactive/dead/ agent=4895/active/ jphase=absent killpid=
20:52:21.188831250 pdns=4269/0/active/running/ named=0/inactive/dead/ agent=4895/active/ jphase=absent killpid=
20:52:21.472437972 pdns=4269/0/active/running/ named=0/inactive/dead/ agent=4895/active/ jphase=absent killpid=
20:52:21.754927633 pdns=4269/0/active/running/ named=0/inactive/dead/ agent=4895/active/ jphase=absent killpid=
20:52:22.037507843 pdns=4269/0/active/running/ named=0/inactive/dead/ agent=4895/active/ jphase=absent killpid=
20:52:22.326480505 pdns=4269/0/active/running/ named=0/inactive/dead/ agent=4895/active/ jphase=absent killpid=
20:52:22.608827723 pdns=4269/0/active/running/ named=0/inactive/dead/ agent=4895/active/ jphase=absent killpid=
20:52:22.890757523 pdns=4269/0/active/running/ named=0/inactive/dead/ agent=4895/active/ jphase=absent killpid=
20:52:23.186331557 pdns=4269/0/active/running/ named=0/inactive/dead/ agent=4895/active/ jphase=absent killpid=
20:52:23.465597796 pdns=4269/0/active/running/ named=0/inactive/dead/ agent=4895/active/ jphase=absent killpid=
20:52:23.747297652 pdns=4269/0/active/running/ named=0/inactive/dead/ agent=4895/active/ jphase=absent killpid=
20:52:24.068921179 pdns=4269/0/active/running/ named=0/inactive/dead/ agent=4895/active/ jphase=absent killpid=
20:52:24.350546017 pdns=4269/0/active/running/ named=0/inactive/dead/ agent=4895/active/ jphase=absent killpid=
20:52:24.635710308 pdns=4269/0/active/running/ named=0/inactive/dead/ agent=4895/active/ jphase=absent killpid=
20:52:24.924385008 pdns=4269/0/active/running/ named=0/inactive/dead/ agent=4895/active/ jphase=absent killpid=
20:52:25.202868966 pdns=4269/0/active/running/ named=0/inactive/dead/ agent=4895/active/ jphase=absent killpid=
20:52:25.492741077 pdns=4269/0/active/running/ named=0/inactive/dead/ agent=4895/active/ jphase=absent killpid=
20:52:25.773606281 pdns=4269/0/active/running/ named=0/inactive/dead/ agent=4895/active/ jphase=absent killpid=
20:52:26.056255829 pdns=4269/0/active/running/ named=0/inactive/dead/ agent=4895/active/ jphase=absent killpid=
20:52:26.337322010 pdns=4269/0/active/running/ named=0/inactive/dead/ agent=4895/active/ jphase=absent killpid=
20:52:26.620811014 pdns=4269/0/active/running/ named=0/inactive/dead/ agent=4895/active/ jphase=absent killpid=
20:52:26.899426637 pdns=4269/0/active/running/ named=0/inactive/dead/ agent=4895/active/ jphase=absent killpid=
20:52:27.179500881 pdns=4269/0/active/running/ named=0/inactive/dead/ agent=4895/active/ jphase=absent killpid=
20:52:27.460733876 pdns=4269/0/active/running/ named=0/inactive/dead/ agent=4895/active/ jphase=absent killpid=
20:52:27.742965251 pdns=4269/0/active/running/ named=0/inactive/dead/ agent=4895/active/ jphase=absent killpid=
20:52:28.023900979 pdns=4269/0/active/running/ named=0/inactive/dead/ agent=4895/active/ jphase=absent killpid=
20:52:28.305071856 pdns=4269/0/active/running/ named=0/inactive/dead/ agent=4895/active/ jphase=absent killpid=
20:52:28.591608824 pdns=4269/0/active/running/ named=0/inactive/dead/ agent=4895/active/ jphase=absent killpid=
20:52:28.870561641 pdns=4269/0/active/running/ named=0/inactive/dead/ agent=4895/active/ jphase=absent killpid=
20:52:29.150737465 pdns=4269/0/active/running/ named=0/inactive/dead/ agent=4895/active/ jphase=absent killpid=
20:52:29.430372308 pdns=4269/0/active/running/ named=0/inactive/dead/ agent=4895/active/ jphase=absent killpid=
20:52:29.709671809 pdns=4269/0/active/running/ named=0/inactive/dead/ agent=4895/active/ jphase=absent killpid=
20:52:29.989666641 pdns=4269/0/active/running/ named=0/inactive/dead/ agent=4895/active/ jphase=absent killpid=
20:52:30.269951609 pdns=4269/0/active/running/ named=0/inactive/dead/ agent=4895/active/ jphase=absent killpid=
20:52:30.549918429 pdns=4269/0/active/running/ named=0/inactive/dead/ agent=4895/active/ jphase=absent killpid=
20:52:30.830743037 pdns=4269/0/active/running/ named=0/inactive/dead/ agent=4895/active/ jphase=absent killpid=
20:52:31.114282013 pdns=4269/0/active/running/ named=0/inactive/dead/ agent=4895/active/ jphase=absent killpid=
20:52:31.393552242 pdns=4269/0/active/running/ named=0/inactive/dead/ agent=4895/active/ jphase=absent killpid=
20:52:31.674319741 pdns=4269/0/active/running/ named=0/inactive/dead/ agent=4895/active/ jphase=absent killpid=
20:52:31.955061204 pdns=4269/0/active/running/ named=0/inactive/dead/ agent=4895/active/ jphase=absent killpid=
20:52:32.236400743 pdns=4269/0/active/running/ named=0/inactive/dead/ agent=4895/active/ jphase=absent killpid=
20:52:32.517858931 pdns=4269/0/active/running/ named=0/inactive/dead/ agent=4895/active/ jphase=absent killpid=
20:52:32.805618551 pdns=4269/0/active/running/ named=0/inactive/dead/ agent=4895/active/ jphase=absent killpid=
20:52:33.088314591 pdns=4269/0/active/running/ named=0/inactive/dead/ agent=4895/active/ jphase=absent killpid=
20:52:33.372601988 pdns=4269/0/active/running/ named=0/inactive/dead/ agent=4895/active/ jphase=absent killpid=
20:52:33.657994783 pdns=4269/0/active/running/ named=0/inactive/dead/ agent=4895/active/ jphase=absent killpid=
20:52:33.940416431 pdns=4269/0/active/running/ named=0/inactive/dead/ agent=4895/active/ jphase=absent killpid=
20:52:34.219520505 pdns=4269/0/active/running/ named=0/inactive/dead/ agent=4895/active/ jphase=absent killpid=
20:52:34.507292394 pdns=4269/0/active/running/ named=0/inactive/dead/ agent=4895/active/ jphase=absent killpid=
20:52:34.791277890 pdns=4269/0/active/running/ named=0/inactive/dead/ agent=4895/active/ jphase=absent killpid=
20:52:35.070201409 pdns=4269/0/active/running/ named=0/inactive/dead/ agent=4895/active/ jphase=absent killpid=
20:52:35.352646207 pdns=4269/0/active/running/ named=0/inactive/dead/ agent=4895/active/ jphase=absent killpid=
20:52:35.636444013 pdns=4269/0/active/running/ named=0/inactive/dead/ agent=4895/active/ jphase=absent killpid=
20:52:35.924689070 pdns=4269/0/active/running/ named=0/inactive/dead/ agent=4895/active/ jphase=absent killpid=
20:52:36.203803285 pdns=4269/0/active/running/ named=0/inactive/dead/ agent=4895/active/ jphase=absent killpid=
20:52:36.482901266 pdns=4269/0/active/running/ named=0/inactive/dead/ agent=4895/active/ jphase=absent killpid=
20:52:36.763671940 pdns=4269/0/active/running/ named=0/inactive/dead/ agent=4895/active/ jphase=absent killpid=
20:52:37.043312197 pdns=4269/0/active/running/ named=0/inactive/dead/ agent=4895/active/ jphase=absent killpid=
20:52:37.323580901 pdns=4269/0/active/running/ named=0/inactive/dead/ agent=4895/active/ jphase=absent killpid=
20:52:37.604373592 pdns=4269/0/active/running/ named=0/inactive/dead/ agent=4895/active/ jphase=absent killpid=
20:52:37.886618640 pdns=4269/0/active/running/ named=0/inactive/dead/ agent=4895/active/ jphase=absent killpid=
20:52:38.167317196 pdns=4269/0/active/running/ named=0/inactive/dead/ agent=4895/active/ jphase=absent killpid=
20:52:38.452056866 pdns=4269/0/active/running/ named=0/inactive/dead/ agent=4895/active/ jphase=absent killpid=
20:52:38.730924921 pdns=4269/0/active/running/ named=0/inactive/dead/ agent=4895/active/ jphase=absent killpid=
20:52:39.013852206 pdns=4269/0/active/running/ named=0/inactive/dead/ agent=4895/active/ jphase=absent killpid=
20:52:39.296941633 pdns=4269/0/active/running/ named=0/inactive/dead/ agent=4895/active/ jphase=absent killpid=
20:52:39.578491530 pdns=4269/0/active/running/ named=0/inactive/dead/ agent=4895/active/ jphase=absent killpid=
20:52:39.858478965 pdns=4269/0/active/running/ named=0/inactive/dead/ agent=4895/active/ jphase=absent killpid=
20:52:40.137722359 pdns=4269/0/active/running/ named=0/inactive/dead/ agent=4895/active/ jphase=absent killpid=
20:52:40.417173669 pdns=4269/0/active/running/ named=0/inactive/dead/ agent=4895/active/ jphase=absent killpid=
20:52:40.697440154 pdns=4269/0/active/running/ named=0/inactive/dead/ agent=4895/active/ jphase=absent killpid=
20:52:40.976965643 pdns=4269/0/active/running/ named=0/inactive/dead/ agent=4895/active/ jphase=absent killpid=
20:52:41.258880035 pdns=4269/0/active/running/ named=0/inactive/dead/ agent=4895/active/ jphase=absent killpid=
20:52:41.546278739 pdns=4269/0/active/running/ named=0/inactive/dead/ agent=4895/active/ jphase=absent killpid=
20:52:41.824997852 pdns=4269/0/active/running/ named=0/inactive/dead/ agent=4895/active/ jphase=absent killpid=
20:52:42.106578988 pdns=4269/0/active/running/ named=0/inactive/dead/ agent=4895/active/ jphase=absent killpid=
20:52:42.386651530 pdns=4269/0/active/running/ named=0/inactive/dead/ agent=4895/active/ jphase=absent killpid=
20:52:42.670292065 pdns=4269/0/active/running/ named=0/inactive/dead/ agent=4895/active/ jphase=absent killpid=
20:52:42.952836822 pdns=4269/0/active/running/ named=0/inactive/dead/ agent=4895/active/ jphase=absent killpid=
done
