08:40:49.048316849 CHANGE journal none -> absent
08:40:49.058814401 CHANGE ledger none -> 177f61d12ed0bb85e6ea535b807b376e26bbe0871405a13867c0b3cb6ea4b211
08:40:49.062264228 CHANGE state none -> absent
08:40:49.065469615 CHANGE pdnsdb none -> absent
08:40:49.068888398 POINTER 
08:40:49.070264105 pdns=0/0/inactive/dead/ named=0/inactive/dead/ agent=0/inactive/ jphase=absent killpid=
08:40:49.336997284 pdns=0/0/inactive/dead/ named=0/inactive/dead/ agent=0/inactive/ jphase=absent killpid=
08:40:49.603680340 pdns=0/0/inactive/dead/ named=0/inactive/dead/ agent=0/inactive/ jphase=absent killpid=
08:40:49.871249052 pdns=0/0/inactive/dead/ named=0/inactive/dead/ agent=0/inactive/ jphase=absent killpid=
08:40:50.138532191 pdns=0/0/inactive/dead/ named=0/inactive/dead/ agent=0/inactive/ jphase=absent killpid=
08:40:50.412350044 pdns=0/0/inactive/dead/ named=0/inactive/dead/ agent=0/inactive/ jphase=absent killpid=
08:40:50.683033618 pdns=0/0/inactive/dead/ named=0/inactive/dead/ agent=0/inactive/ jphase=absent killpid=
08:40:50.956134490 pdns=0/0/inactive/dead/ named=0/inactive/dead/ agent=0/inactive/ jphase=absent killpid=
08:40:51.257722056 pdns=0/0/inactive/dead/ named=0/inactive/dead/ agent=0/inactive/ jphase=absent killpid=2082,
08:40:51.542929563 pdns=0/0/inactive/dead/ named=0/inactive/dead/ agent=0/inactive/ jphase=absent killpid=2082,
08:40:51.822025944 pdns=0/0/inactive/dead/ named=0/inactive/dead/ agent=0/inactive/ jphase=absent killpid=2082,
08:40:52.187026911 pdns=0/0/inactive/dead/ named=0/inactive/dead/ agent=0/inactive/ jphase=absent killpid=2082,
08:40:52.457520386 CHANGE ledger 177f61d12ed0bb85e6ea535b807b376e26bbe0871405a13867c0b3cb6ea4b211 -> 7db05e1d769a93b1a6faa4ce2246ad5c647a285a0e70ea8d1845fbee7f6aecff
08:40:52.460979927 pdns=0/0/inactive/dead/ named=0/inactive/dead/ agent=0/inactive/ jphase=absent killpid=2082,2280,
08:40:52.754147734 CHANGE ledger 7db05e1d769a93b1a6faa4ce2246ad5c647a285a0e70ea8d1845fbee7f6aecff -> f859e78cb9ac946b0b3fe5a48fd5c420dbe96432e124d0e252d06293d15e5da0
08:40:52.767266529 pdns=0/0/inactive/dead/ named=0/inactive/dead/ agent=0/inactive/ jphase=absent killpid=2082,
08:40:53.052789843 CHANGE ledger f859e78cb9ac946b0b3fe5a48fd5c420dbe96432e124d0e252d06293d15e5da0 -> c5e62cdf67ad2378d755c3e6d1b7b034cbc97f1f964d67facb0f77d589cc5842
08:40:53.055884979 pdns=0/0/inactive/dead/ named=0/inactive/dead/ agent=0/inactive/ jphase=absent killpid=2082,2406,
08:40:53.321431462 pdns=0/0/inactive/dead/ named=0/inactive/dead/ agent=0/inactive/ jphase=absent killpid=2082,2406,
08:40:53.591576358 pdns=0/0/inactive/dead/ named=0/inactive/dead/ agent=0/inactive/ jphase=absent killpid=2082,2406,
08:40:53.863786293 pdns=0/0/inactive/dead/ named=0/inactive/dead/ agent=0/inactive/ jphase=absent killpid=2082,2406,
08:40:54.147789423 pdns=0/0/inactive/dead/ named=0/inactive/dead/ agent=0/inactive/ jphase=absent killpid=2082,2406,
08:40:54.442416093 pdns=0/0/inactive/dead/ named=0/inactive/dead/ agent=0/inactive/ jphase=absent killpid=2082,2406,
08:40:54.741848753 pdns=0/0/inactive/dead/ named=0/inactive/dead/ agent=0/inactive/ jphase=absent killpid=2082,2406,
08:40:55.030270042 pdns=0/0/inactive/dead/ named=0/inactive/dead/ agent=0/inactive/ jphase=absent killpid=2082,2406,
08:40:55.310325411 pdns=0/0/inactive/dead/ named=0/inactive/dead/ agent=0/inactive/ jphase=absent killpid=2082,2406,
08:40:55.602084183 pdns=0/0/inactive/dead/ named=0/inactive/dead/ agent=0/inactive/ jphase=absent killpid=2082,2406,
08:40:55.944037528 pdns=0/0/inactive/dead/ named=0/inactive/dead/ agent=0/inactive/ jphase=absent killpid=2082,2406,
08:40:56.219399104 CHANGE ledger c5e62cdf67ad2378d755c3e6d1b7b034cbc97f1f964d67facb0f77d589cc5842 -> 5c7f4e97b1c5045b8a59e2c4f4a02afb5c902a84eb42b707b46c436b9f3627bb
08:40:56.222975616 pdns=0/0/inactive/dead/ named=0/inactive/dead/ agent=0/inactive/ jphase=absent killpid=2082,
08:40:56.528382291 CHANGE ledger 5c7f4e97b1c5045b8a59e2c4f4a02afb5c902a84eb42b707b46c436b9f3627bb -> fb78931ffcab67e39c1f78480541988fa84845f636b515c9206aad94e42aa728
08:40:56.531795382 pdns=0/0/inactive/dead/ named=0/inactive/dead/ agent=0/inactive/ jphase=absent killpid=2082,3040,
08:40:56.883396095 CHANGE ledger fb78931ffcab67e39c1f78480541988fa84845f636b515c9206aad94e42aa728 -> e290a8dc34145b2916a4e17322a98a9d2cf6dcc8d992b3cf2f16b8496a1fbcb3
08:40:56.886937011 pdns=0/0/inactive/dead/ named=0/inactive/dead/ agent=0/inactive/ jphase=absent killpid=2082,3132,
08:40:57.168213412 CHANGE ledger e290a8dc34145b2916a4e17322a98a9d2cf6dcc8d992b3cf2f16b8496a1fbcb3 -> 1feabfde10943f85fca66dd56a3f27328f581e443968a791dde112ba3d1a157a
08:40:57.171635994 pdns=0/0/inactive/dead/ named=0/inactive/dead/ agent=0/inactive/ jphase=absent killpid=2082,3132,
08:40:57.464597017 CHANGE ledger 1feabfde10943f85fca66dd56a3f27328f581e443968a791dde112ba3d1a157a -> dde580b20eeac532b694d51c875e359fef42d8dd9ef37f8f5126cdf1fbbe56a0
08:40:57.467769065 pdns=0/0/inactive/dead/ named=0/inactive/dead/ agent=0/inactive/ jphase=absent killpid=2082,3132,
08:40:57.745721496 pdns=0/0/inactive/dead/ named=0/inactive/dead/ agent=0/inactive/ jphase=absent killpid=2082,3132,
08:40:58.020858584 pdns=0/0/inactive/dead/ named=0/inactive/dead/ agent=0/inactive/ jphase=absent killpid=2082,3132,
08:40:58.308894661 pdns=0/0/inactive/dead/ named=0/inactive/dead/ agent=0/inactive/ jphase=absent killpid=2082,3132,
08:40:58.583097994 pdns=0/0/inactive/dead/ named=0/inactive/dead/ agent=0/inactive/ jphase=absent killpid=2082,3132,
08:40:58.862341158 pdns=0/0/inactive/dead/ named=0/inactive/dead/ agent=0/inactive/ jphase=absent killpid=2082,3132,
08:40:59.138994789 pdns=0/0/inactive/dead/ named=0/inactive/dead/ agent=0/inactive/ jphase=absent killpid=2082,3132,
08:40:59.418491277 pdns=0/0/inactive/dead/ named=0/inactive/dead/ agent=0/inactive/ jphase=absent killpid=2082,3132,
08:40:59.697993787 pdns=0/0/inactive/dead/ named=0/inactive/dead/ agent=0/inactive/ jphase=absent killpid=2082,3132,
08:40:59.974422023 pdns=0/0/inactive/dead/ named=0/inactive/dead/ agent=0/inactive/ jphase=absent killpid=2082,3132,
08:41:00.244676665 pdns=0/0/inactive/dead/ named=0/inactive/dead/ agent=0/inactive/ jphase=absent killpid=2082,3132,
08:41:00.514189458 pdns=0/0/inactive/dead/ named=0/inactive/dead/ agent=0/inactive/ jphase=absent killpid=2082,3132,
08:41:00.788404901 pdns=0/0/inactive/dead/ named=0/inactive/dead/ agent=0/inactive/ jphase=absent killpid=2082,3132,
08:41:01.058455164 pdns=0/0/inactive/dead/ named=0/inactive/dead/ agent=0/inactive/ jphase=absent killpid=2082,3132,
08:41:01.328518174 pdns=0/0/inactive/dead/ named=0/inactive/dead/ agent=0/inactive/ jphase=absent killpid=2082,3132,
08:41:01.607806640 pdns=0/0/inactive/dead/ named=0/inactive/dead/ agent=0/inactive/ jphase=absent killpid=2082,3953,
08:41:01.893437263 CHANGE ledger dde580b20eeac532b694d51c875e359fef42d8dd9ef37f8f5126cdf1fbbe56a0 -> c183442931d9557bc235e40d71ee54557e8059196d32ea0b27366b03085f4865
08:41:01.897302220 pdns=0/0/inactive/dead/ named=0/inactive/dead/ agent=0/inactive/ jphase=absent killpid=2082,4028,
08:41:02.186942303 CHANGE ledger c183442931d9557bc235e40d71ee54557e8059196d32ea0b27366b03085f4865 -> 002ea83ce203cdb481c225e36552b17c2c70469238c736ca5764f3e4cc964e50
08:41:02.190289994 pdns=0/0/inactive/dead/ named=0/inactive/dead/ agent=0/inactive/ jphase=absent killpid=2082,
08:41:02.479218441 CHANGE ledger 002ea83ce203cdb481c225e36552b17c2c70469238c736ca5764f3e4cc964e50 -> 110cd8e508e5309c884edbc28fc7f5935c9bd51e913d98c97468ad38163d5371
08:41:02.482578309 pdns=0/0/inactive/dead/ named=0/inactive/dead/ agent=0/inactive/ jphase=absent killpid=2082,
08:41:02.756176222 CHANGE ledger 110cd8e508e5309c884edbc28fc7f5935c9bd51e913d98c97468ad38163d5371 -> f44d5dee947ace7655d914313415c658266c8ae759daf75f80cbb5289a34a4c4
08:41:02.759527530 pdns=0/0/inactive/dead/ named=0/inactive/dead/ agent=0/inactive/ jphase=intent killpid=2082,4330,
08:41:03.037649440 CHANGE journal absent -> 2da5fc4f18273f6dd9d00c2c441093ba854499ddc14c3ee272eb6435e22f4cca
08:41:03.045392721 CHANGE ledger f44d5dee947ace7655d914313415c658266c8ae759daf75f80cbb5289a34a4c4 -> c34472c84a76b7eca59c5aa34544525fb7ef0a57b311fb15757416cb6a289ea7
08:41:03.048820172 pdns=0/0/inactive/dead/ named=0/inactive/dead/ agent=0/inactive/ jphase=intent killpid=2082,
08:41:03.317910408 pdns=0/0/inactive/dead/ named=0/inactive/dead/ agent=0/inactive/ jphase=intent killpid=2082,
08:41:03.589311417 CHANGE journal 2da5fc4f18273f6dd9d00c2c441093ba854499ddc14c3ee272eb6435e22f4cca -> 643527950551a16b7a04cc6e99d8794f54b5bed2f96d67f62766090f5b370fdd
08:41:03.597610471 CHANGE ledger c34472c84a76b7eca59c5aa34544525fb7ef0a57b311fb15757416cb6a289ea7 -> b9253041138e29f10d631fa49858e50e6c8c572eae201caa8e7f26555b2600f5
08:41:03.601004000 pdns=0/0/inactive/dead/ named=0/inactive/dead/ agent=0/inactive/ jphase=target-staged killpid=2082,4521,
08:41:03.877718662 CHANGE journal 643527950551a16b7a04cc6e99d8794f54b5bed2f96d67f62766090f5b370fdd -> f4dce4eb649359dc1bd99c8116a10cbe43553d13c3be1d816d3824837cb7e474
08:41:03.886367985 CHANGE ledger b9253041138e29f10d631fa49858e50e6c8c572eae201caa8e7f26555b2600f5 -> c3247b8e66e0c6c2c6c40467bd48b63a389d3133dbaa3606bfcab9edb21dc71f
08:41:03.895831320 CHANGE pdnsdb absent -> 91fe2fdb69b8a70792999e9306200aee214a73f5957518082c5fd7c0f5f4dcc4
08:41:03.899083147 pdns=0/0/inactive/dead/ named=0/inactive/dead/ agent=0/inactive/ jphase=target-enable-intent killpid=2082,4626,
08:41:04.193835779 CHANGE ledger c3247b8e66e0c6c2c6c40467bd48b63a389d3133dbaa3606bfcab9edb21dc71f -> 702d727b843512e2a8544ecfac07f6ba3cf09264e787bb0f0786c73d830e0c3e
08:41:04.211806295 pdns=0/0/inactive/dead/ named=0/inactive/dead/ agent=0/inactive/ jphase=target-enable-intent killpid=2082,4826,
08:41:04.868116592 CHANGE ledger 702d727b843512e2a8544ecfac07f6ba3cf09264e787bb0f0786c73d830e0c3e -> ccf164707730fa94ed839e96d3251e3ed911949b66e58b98d9c38e0c44bb1c19
08:41:04.878565496 pdns=0/0/inactive/dead/ named=0/inactive/dead/ agent=0/inactive/ jphase=target-enable-intent killpid=2082,4936,
08:41:05.216799712 CHANGE ledger ccf164707730fa94ed839e96d3251e3ed911949b66e58b98d9c38e0c44bb1c19 -> 2cfa330ef691ba910b94bf7690ddf23a325951af81729e4dadb3efa5b1d7894d
08:41:05.229181813 pdns=0/0/inactive/dead/ named=0/inactive/dead/ agent=0/inactive/ jphase=target-enable-intent killpid=2082,
08:41:05.540712742 CHANGE ledger 2cfa330ef691ba910b94bf7690ddf23a325951af81729e4dadb3efa5b1d7894d -> ada600c150e3f9ae2ca936e6872f36bd70cf73d754e7220d437633732aec82e9
08:41:05.550727377 pdns=0/0/inactive/dead/ named=0/inactive/dead/ agent=0/inactive/ jphase=target-enable-intent killpid=2082,5177,
08:41:05.907546522 CHANGE ledger ada600c150e3f9ae2ca936e6872f36bd70cf73d754e7220d437633732aec82e9 -> 2c2612d54ca4b0c0d70265b122bcfc942143367813f73f93cc79ad99ad5b1b2e
08:41:05.915528232 pdns=0/0/inactive/dead/ named=0/inactive/dead/ agent=0/inactive/ jphase=target-enable-intent killpid=2082,5287,
08:41:06.213195426 CHANGE ledger 2c2612d54ca4b0c0d70265b122bcfc942143367813f73f93cc79ad99ad5b1b2e -> fde96073322bf4f1184a2e23523ee6221e564a850dc898d945d027782e1a1867
08:41:06.223540049 pdns=0/0/inactive/dead/ named=0/inactive/dead/ agent=0/inactive/ jphase=target-enable-intent killpid=2082,
08:41:06.508093186 CHANGE journal f4dce4eb649359dc1bd99c8116a10cbe43553d13c3be1d816d3824837cb7e474 -> f4b2f658bef3c4064bddf210a582f8456fb383ffd0842c6bf8840e5102d6ee91
08:41:06.518437396 CHANGE ledger fde96073322bf4f1184a2e23523ee6221e564a850dc898d945d027782e1a1867 -> a2ce487947332ee4c49889bbe0b5432bac70313fb74d8a0cdd9e3676830ac71e
08:41:06.543199564 CHANGE pdnsdb 91fe2fdb69b8a70792999e9306200aee214a73f5957518082c5fd7c0f5f4dcc4 -> 38920438d7573ab365234e95c2f632b3e04fa0ea94d55a898e6b926bfeeb284f
08:41:06.547161510 pdns=5426/0/active/running/ named=0/inactive/dead/ agent=0/inactive/ jphase=target-started killpid=2082,
08:41:06.851017301 CHANGE ledger a2ce487947332ee4c49889bbe0b5432bac70313fb74d8a0cdd9e3676830ac71e -> 63ed88c67859f21e53982ba30616c95bd60e2500eb63b4cadfaddfbdbf3396c2
08:41:06.858320143 pdns=5426/0/active/running/ named=0/inactive/dead/ agent=0/inactive/ jphase=target-started killpid=2082,
08:41:07.172998599 CHANGE ledger 63ed88c67859f21e53982ba30616c95bd60e2500eb63b4cadfaddfbdbf3396c2 -> f22adbac2a65567141dba38b6d08010c57884e5cbdca6923108e60563fc4304b
08:41:07.182810577 pdns=5426/0/active/running/ named=0/inactive/dead/ agent=0/inactive/ jphase=target-started killpid=2082,
08:41:07.485603892 CHANGE ledger f22adbac2a65567141dba38b6d08010c57884e5cbdca6923108e60563fc4304b -> 45a21c64953c05e7be1be84820f7ea5b3e0a24eaf5eea2d1aba8040f4971c376
08:41:07.493179393 pdns=5426/0/active/running/ named=0/inactive/dead/ agent=0/inactive/ jphase=target-started killpid=2082,
08:41:07.794393310 CHANGE ledger 45a21c64953c05e7be1be84820f7ea5b3e0a24eaf5eea2d1aba8040f4971c376 -> 9c7450d505c453527f062823055ae2f4bd49d5f72b248f35d8b65cce0bdfa76e
08:41:07.801975880 pdns=5426/0/active/running/ named=0/inactive/dead/ agent=0/inactive/ jphase=target-started killpid=2082,5973,
08:41:08.098010054 CHANGE ledger 9c7450d505c453527f062823055ae2f4bd49d5f72b248f35d8b65cce0bdfa76e -> 75b168dd2513fad3bfff0080a9585261f45a6fc1e767bef083469daf752bb494
08:41:08.107026113 pdns=5426/0/active/running/ named=0/inactive/dead/ agent=0/inactive/ jphase=target-started killpid=2082,
08:41:08.417185140 CHANGE journal f4b2f658bef3c4064bddf210a582f8456fb383ffd0842c6bf8840e5102d6ee91 -> b581e36c95fd58c9bdd5e99b7570239fd0930302bb961030fd15bc2d00b9ddd2
08:41:08.426643359 CHANGE ledger 75b168dd2513fad3bfff0080a9585261f45a6fc1e767bef083469daf752bb494 -> a9299861b3a40ce0cde22185e0640e6e2969c39e79827bb4f01395daef439dba
08:41:08.436793136 CHANGE state absent -> 163a13295b48e3c1ab1f3b90c3f0fb21599cc6d71da3caf29956f15354d67c0f
08:41:08.446432671 pdns=5426/0/active/running/ named=0/inactive/dead/ agent=0/inactive/ jphase=committed killpid=
08:41:08.840283117 CHANGE journal b581e36c95fd58c9bdd5e99b7570239fd0930302bb961030fd15bc2d00b9ddd2 -> 119064f7becc36975fadb8e45e5dc2f8625407340a383ae1f92cf3273b2a3886
08:41:08.864121665 pdns=5426/0/active/running/ named=0/inactive/dead/ agent=0/inactive/ jphase=committed killpid=
08:41:09.167981900 pdns=5426/0/active/running/ named=0/inactive/dead/ agent=0/inactive/ jphase=committed killpid=
08:41:09.471476876 pdns=5426/0/active/running/ named=0/inactive/dead/ agent=6423/active/ jphase=committed killpid=
08:41:09.768915624 pdns=5426/0/active/running/ named=0/inactive/dead/ agent=6423/active/ jphase=committed killpid=
08:41:10.053989272 pdns=5426/0/active/running/ named=0/inactive/dead/ agent=6423/active/ jphase=committed killpid=
08:41:10.342462359 pdns=5426/0/active/running/ named=0/inactive/dead/ agent=6423/active/ jphase=committed killpid=
08:41:10.634873252 pdns=5426/0/active/running/ named=0/inactive/dead/ agent=6423/active/ jphase=committed killpid=
08:41:10.918972345 pdns=5426/0/active/running/ named=0/inactive/dead/ agent=6423/active/ jphase=committed killpid=
08:41:11.217953879 pdns=5426/0/active/running/ named=0/inactive/dead/ agent=6423/active/ jphase=committed killpid=
08:41:11.499890972 CHANGE journal 119064f7becc36975fadb8e45e5dc2f8625407340a383ae1f92cf3273b2a3886 -> absent
08:41:11.527063535 pdns=5426/0/active/running/ named=0/inactive/dead/ agent=6423/active/ jphase=absent killpid=
08:41:11.824066736 pdns=5426/0/active/running/ named=0/inactive/dead/ agent=6423/active/ jphase=absent killpid=
08:41:12.113199859 CHANGE ledger a9299861b3a40ce0cde22185e0640e6e2969c39e79827bb4f01395daef439dba -> 3bf6d64e9b98b2f19f10adcc3bec929ae7a74e354b84071f8b707aa9f1bd41b2
08:41:12.133203065 pdns=5426/0/active/running/ named=0/inactive/dead/ agent=6423/active/ jphase=absent killpid=
08:41:12.452173341 pdns=5426/0/active/running/ named=0/inactive/dead/ agent=6423/active/ jphase=absent killpid=
08:41:12.765907520 pdns=5426/0/active/running/ named=0/inactive/dead/ agent=6423/active/ jphase=absent killpid=
08:41:13.040676543 pdns=5426/0/active/running/ named=0/inactive/dead/ agent=6423/active/ jphase=absent killpid=
08:41:13.319340119 pdns=5426/0/active/running/ named=0/inactive/dead/ agent=6423/active/ jphase=absent killpid=
08:41:13.592277007 pdns=5426/0/active/running/ named=0/inactive/dead/ agent=6423/active/ jphase=absent killpid=
08:41:13.872570468 pdns=5426/0/active/running/ named=0/inactive/dead/ agent=6423/active/ jphase=absent killpid=
08:41:14.144899143 pdns=5426/0/active/running/ named=0/inactive/dead/ agent=6423/active/ jphase=absent killpid=
08:41:14.418481445 pdns=5426/0/active/running/ named=0/inactive/dead/ agent=6423/active/ jphase=absent killpid=
08:41:14.691087747 pdns=5426/0/active/running/ named=0/inactive/dead/ agent=6423/active/ jphase=absent killpid=
08:41:14.965223437 pdns=5426/0/active/running/ named=0/inactive/dead/ agent=6423/active/ jphase=absent killpid=
08:41:15.239036972 pdns=5426/0/active/running/ named=0/inactive/dead/ agent=6423/active/ jphase=absent killpid=
08:41:15.515098059 pdns=5426/0/active/running/ named=0/inactive/dead/ agent=6423/active/ jphase=absent killpid=
08:41:15.791134226 pdns=5426/0/active/running/ named=0/inactive/dead/ agent=6423/active/ jphase=absent killpid=
08:41:16.067699297 pdns=5426/0/active/running/ named=0/inactive/dead/ agent=6423/active/ jphase=absent killpid=
08:41:16.341108971 pdns=5426/0/active/running/ named=0/inactive/dead/ agent=6423/active/ jphase=absent killpid=
08:41:16.613167282 pdns=5426/0/active/running/ named=0/inactive/dead/ agent=6423/active/ jphase=absent killpid=
08:41:16.887386519 pdns=5426/0/active/running/ named=0/inactive/dead/ agent=6423/active/ jphase=absent killpid=
08:41:17.166694310 pdns=5426/0/active/running/ named=0/inactive/dead/ agent=6423/active/ jphase=absent killpid=
08:41:17.451084770 pdns=5426/0/active/running/ named=0/inactive/dead/ agent=6423/active/ jphase=absent killpid=
08:41:17.726945174 pdns=5426/0/active/running/ named=0/inactive/dead/ agent=6423/active/ jphase=absent killpid=
08:41:18.004191701 pdns=5426/0/active/running/ named=0/inactive/dead/ agent=6423/active/ jphase=absent killpid=
08:41:18.275359056 pdns=5426/0/active/running/ named=0/inactive/dead/ agent=6423/active/ jphase=absent killpid=
08:41:18.546976710 pdns=5426/0/active/running/ named=0/inactive/dead/ agent=6423/active/ jphase=absent killpid=
08:41:18.820266386 pdns=5426/0/active/running/ named=0/inactive/dead/ agent=6423/active/ jphase=absent killpid=
08:41:19.093111627 pdns=5426/0/active/running/ named=0/inactive/dead/ agent=6423/active/ jphase=absent killpid=
08:41:19.374603578 pdns=5426/0/active/running/ named=0/inactive/dead/ agent=6423/active/ jphase=absent killpid=
08:41:19.646807321 pdns=5426/0/active/running/ named=0/inactive/dead/ agent=6423/active/ jphase=absent killpid=
08:41:19.923863936 pdns=5426/0/active/running/ named=0/inactive/dead/ agent=6423/active/ jphase=absent killpid=
08:41:20.208627280 pdns=5426/0/active/running/ named=0/inactive/dead/ agent=6423/active/ jphase=absent killpid=
08:41:20.486308911 pdns=5426/0/active/running/ named=0/inactive/dead/ agent=6423/active/ jphase=absent killpid=
08:41:20.761606482 pdns=5426/0/active/running/ named=0/inactive/dead/ agent=6423/active/ jphase=absent killpid=
08:41:21.036477195 pdns=5426/0/active/running/ named=0/inactive/dead/ agent=6423/active/ jphase=absent killpid=
08:41:21.308613223 pdns=5426/0/active/running/ named=0/inactive/dead/ agent=6423/active/ jphase=absent killpid=
08:41:21.580915529 pdns=5426/0/active/running/ named=0/inactive/dead/ agent=6423/active/ jphase=absent killpid=
08:41:21.852672784 pdns=5426/0/active/running/ named=0/inactive/dead/ agent=6423/active/ jphase=absent killpid=
08:41:22.126813039 pdns=5426/0/active/running/ named=0/inactive/dead/ agent=6423/active/ jphase=absent killpid=
08:41:22.400576326 pdns=5426/0/active/running/ named=0/inactive/dead/ agent=6423/active/ jphase=absent killpid=
08:41:22.672273196 pdns=5426/0/active/running/ named=0/inactive/dead/ agent=6423/active/ jphase=absent killpid=
08:41:22.981321703 pdns=5426/0/active/running/ named=0/inactive/dead/ agent=6423/active/ jphase=absent killpid=
08:41:23.265326098 pdns=5426/0/active/running/ named=0/inactive/dead/ agent=6423/active/ jphase=absent killpid=
08:41:23.544778997 pdns=5426/0/active/running/ named=0/inactive/dead/ agent=6423/active/ jphase=absent killpid=
08:41:23.819123859 pdns=5426/0/active/running/ named=0/inactive/dead/ agent=6423/active/ jphase=absent killpid=
08:41:24.091636341 pdns=5426/0/active/running/ named=0/inactive/dead/ agent=6423/active/ jphase=absent killpid=
08:41:24.365555854 pdns=5426/0/active/running/ named=0/inactive/dead/ agent=6423/active/ jphase=absent killpid=
08:41:24.639582619 pdns=5426/0/active/running/ named=0/inactive/dead/ agent=6423/active/ jphase=absent killpid=
08:41:24.913169451 pdns=5426/0/active/running/ named=0/inactive/dead/ agent=6423/active/ jphase=absent killpid=
08:41:25.189956286 pdns=5426/0/active/running/ named=0/inactive/dead/ agent=6423/active/ jphase=absent killpid=
08:41:25.465804520 pdns=5426/0/active/running/ named=0/inactive/dead/ agent=6423/active/ jphase=absent killpid=
08:41:25.745661729 pdns=5426/0/active/running/ named=0/inactive/dead/ agent=6423/active/ jphase=absent killpid=
08:41:26.027848817 pdns=5426/0/active/running/ named=0/inactive/dead/ agent=6423/active/ jphase=absent killpid=
08:41:26.316923882 pdns=5426/0/active/running/ named=0/inactive/dead/ agent=6423/active/ jphase=absent killpid=
08:41:26.600668694 pdns=5426/0/active/running/ named=0/inactive/dead/ agent=6423/active/ jphase=absent killpid=
08:41:26.876235276 pdns=5426/0/active/running/ named=0/inactive/dead/ agent=6423/active/ jphase=absent killpid=
08:41:27.151061157 pdns=5426/0/active/running/ named=0/inactive/dead/ agent=6423/active/ jphase=absent killpid=
08:41:27.425215780 pdns=5426/0/active/running/ named=0/inactive/dead/ agent=6423/active/ jphase=absent killpid=
08:41:27.699864787 pdns=5426/0/active/running/ named=0/inactive/dead/ agent=6423/active/ jphase=absent killpid=
08:41:27.978314798 pdns=5426/0/active/running/ named=0/inactive/dead/ agent=6423/active/ jphase=absent killpid=
08:41:28.252606951 pdns=5426/0/active/running/ named=0/inactive/dead/ agent=6423/active/ jphase=absent killpid=
08:41:28.526545359 pdns=5426/0/active/running/ named=0/inactive/dead/ agent=6423/active/ jphase=absent killpid=
08:41:28.813013171 pdns=5426/0/active/running/ named=0/inactive/dead/ agent=6423/active/ jphase=absent killpid=
08:41:29.090386266 pdns=5426/0/active/running/ named=0/inactive/dead/ agent=6423/active/ jphase=absent killpid=
08:41:29.364176231 pdns=5426/0/active/running/ named=0/inactive/dead/ agent=6423/active/ jphase=absent killpid=
08:41:29.637189753 pdns=5426/0/active/running/ named=0/inactive/dead/ agent=6423/active/ jphase=absent killpid=
08:41:29.916680130 pdns=5426/0/active/running/ named=0/inactive/dead/ agent=6423/active/ jphase=absent killpid=
08:41:30.197007006 pdns=5426/0/active/running/ named=0/inactive/dead/ agent=6423/active/ jphase=absent killpid=
08:41:30.470827943 pdns=5426/0/active/running/ named=0/inactive/dead/ agent=6423/active/ jphase=absent killpid=
08:41:30.753447666 pdns=5426/0/active/running/ named=0/inactive/dead/ agent=6423/active/ jphase=absent killpid=
08:41:31.035218882 pdns=5426/0/active/running/ named=0/inactive/dead/ agent=6423/active/ jphase=absent killpid=
08:41:31.315520741 pdns=5426/0/active/running/ named=0/inactive/dead/ agent=6423/active/ jphase=absent killpid=
08:41:31.587944427 pdns=5426/0/active/running/ named=0/inactive/dead/ agent=6423/active/ jphase=absent killpid=
08:41:31.864952170 pdns=5426/0/active/running/ named=0/inactive/dead/ agent=6423/active/ jphase=absent killpid=
08:41:32.144119849 pdns=5426/0/active/running/ named=0/inactive/dead/ agent=6423/active/ jphase=absent killpid=
08:41:32.417110582 pdns=5426/0/active/running/ named=0/inactive/dead/ agent=6423/active/ jphase=absent killpid=
08:41:32.688673269 pdns=5426/0/active/running/ named=0/inactive/dead/ agent=6423/active/ jphase=absent killpid=
08:41:32.959475165 pdns=5426/0/active/running/ named=0/inactive/dead/ agent=6423/active/ jphase=absent killpid=
08:41:33.240499660 pdns=5426/0/active/running/ named=0/inactive/dead/ agent=6423/active/ jphase=absent killpid=
08:41:33.529284040 pdns=5426/0/active/running/ named=0/inactive/dead/ agent=6423/active/ jphase=absent killpid=
08:41:33.807886482 pdns=5426/0/active/running/ named=0/inactive/dead/ agent=6423/active/ jphase=absent killpid=
08:41:34.088515460 pdns=5426/0/active/running/ named=0/inactive/dead/ agent=6423/active/ jphase=absent killpid=
08:41:34.363604327 pdns=5426/0/active/running/ named=0/inactive/dead/ agent=6423/active/ jphase=absent killpid=
08:41:34.642678406 pdns=5426/0/active/running/ named=0/inactive/dead/ agent=6423/active/ jphase=absent killpid=
08:41:34.918426480 pdns=5426/0/active/running/ named=0/inactive/dead/ agent=6423/active/ jphase=absent killpid=
08:41:35.198376128 pdns=5426/0/active/running/ named=0/inactive/dead/ agent=6423/active/ jphase=absent killpid=
08:41:35.475293604 pdns=5426/0/active/running/ named=0/inactive/dead/ agent=6423/active/ jphase=absent killpid=
08:41:35.753894340 pdns=5426/0/active/running/ named=0/inactive/dead/ agent=6423/active/ jphase=absent killpid=
08:41:36.027923889 pdns=5426/0/active/running/ named=0/inactive/dead/ agent=6423/active/ jphase=absent killpid=
08:41:36.308166476 pdns=5426/0/active/running/ named=0/inactive/dead/ agent=6423/active/ jphase=absent killpid=
08:41:36.580851384 pdns=5426/0/active/running/ named=0/inactive/dead/ agent=6423/active/ jphase=absent killpid=
08:41:36.859145328 pdns=5426/0/active/running/ named=0/inactive/dead/ agent=6423/active/ jphase=absent killpid=
08:41:37.138272248 pdns=5426/0/active/running/ named=0/inactive/dead/ agent=6423/active/ jphase=absent killpid=
08:41:37.413596572 pdns=5426/0/active/running/ named=0/inactive/dead/ agent=6423/active/ jphase=absent killpid=
08:41:37.696999135 pdns=5426/0/active/running/ named=0/inactive/dead/ agent=6423/active/ jphase=absent killpid=
08:41:37.985547034 pdns=5426/0/active/running/ named=0/inactive/dead/ agent=6423/active/ jphase=absent killpid=
08:41:38.260506434 pdns=5426/0/active/running/ named=0/inactive/dead/ agent=6423/active/ jphase=absent killpid=
08:41:38.532708975 pdns=5426/0/active/running/ named=0/inactive/dead/ agent=6423/active/ jphase=absent killpid=
08:41:38.804942721 pdns=5426/0/active/running/ named=0/inactive/dead/ agent=6423/active/ jphase=absent killpid=
08:41:39.077226552 pdns=5426/0/active/running/ named=0/inactive/dead/ agent=6423/active/ jphase=absent killpid=
08:41:39.351626273 pdns=5426/0/active/running/ named=0/inactive/dead/ agent=6423/active/ jphase=absent killpid=
08:41:39.628184919 pdns=5426/0/active/running/ named=0/inactive/dead/ agent=6423/active/ jphase=absent killpid=
08:41:39.902186256 pdns=5426/0/active/running/ named=0/inactive/dead/ agent=6423/active/ jphase=absent killpid=
08:41:40.177298583 pdns=5426/0/active/running/ named=0/inactive/dead/ agent=6423/active/ jphase=absent killpid=
08:41:40.455188667 pdns=5426/0/active/running/ named=0/inactive/dead/ agent=6423/active/ jphase=absent killpid=
08:41:40.733441203 pdns=5426/0/active/running/ named=0/inactive/dead/ agent=6423/active/ jphase=absent killpid=
08:41:41.008881389 pdns=5426/0/active/running/ named=0/inactive/dead/ agent=6423/active/ jphase=absent killpid=
08:41:41.288513889 pdns=5426/0/active/running/ named=0/inactive/dead/ agent=6423/active/ jphase=absent killpid=
08:41:41.571887294 pdns=5426/0/active/running/ named=0/inactive/dead/ agent=6423/active/ jphase=absent killpid=
08:41:41.855850700 pdns=5426/0/active/running/ named=0/inactive/dead/ agent=6423/active/ jphase=absent killpid=
08:41:42.129173110 pdns=5426/0/active/running/ named=0/inactive/dead/ agent=6423/active/ jphase=absent killpid=
08:41:42.403375684 pdns=5426/0/active/running/ named=0/inactive/dead/ agent=6423/active/ jphase=absent killpid=
08:41:42.682412942 pdns=5426/0/active/running/ named=0/inactive/dead/ agent=6423/active/ jphase=absent killpid=
08:41:42.955496128 pdns=5426/0/active/running/ named=0/inactive/dead/ agent=6423/active/ jphase=absent killpid=
08:41:46.035943638 CHANGE ledger 3bf6d64e9b98b2f19f10adcc3bec929ae7a74e354b84071f8b707aa9f1bd41b2 -> e14b7cc7d3c6828134cd817382ad3cc73f43a444f509377907a3efb29e5a96ee
done
