2026-09-28T22:22:39Z
574cadf2a040965bc41c3a8bd083f455e3892759
go version go1.26.5 linux/amd64
go1.26.5

https://proxy.golang.org,direct
/root/go/pkg/mod
166eda4bbf380a23f57a2398b284f796029d34f9c6b3d84ba06cf7af42942a60  /root/cp-d026-artifacts/agent
d6ef322d2ea57cf81df9f4b969d41bf7f722ab18df28c9d7ad8c1d536050d5db  /root/cp-d026-artifacts/agent.kill
97aa0ce32546e9ba6ae56831e9f300b1f97133893449422811937e365bdfc274  /root/cp-d026-artifacts/dns-kill-trigger
793fb81b95fa96f438a216831a146e0869934ce31318881857d3352ffb92e472  /root/cp-d026-artifacts/panel
/root/cp-d026-artifacts/agent: go1.26.5
	path	github.com/alicelik/celikpanel/cmd/agent
	mod	github.com/alicelik/celikpanel	(devel)	
/root/cp-d026-artifacts/agent.kill: go1.26.5
	path	github.com/alicelik/celikpanel/cmd/agent
	mod	github.com/alicelik/celikpanel	(devel)	
/root/cp-d026-artifacts/dns-kill-trigger: go1.26.5
	path	github.com/alicelik/celikpanel/cmd/dns-kill-matrix-trigger
	mod	github.com/alicelik/celikpanel	(devel)	
/root/cp-d026-artifacts/panel: go1.26.5
	path	github.com/alicelik/celikpanel/cmd/panel
	mod	github.com/alicelik/celikpanel	(devel)	
2026-09-28T22:22:55Z
BUILD-OK
