2026-10-10T17:49:50Z start cold flash tag= lang=en
{"cell":"flash","started":"2026-10-10T17:49:51.995Z","ended":"2026-10-10T17:52:25.692Z","ok":true}
2026-10-10T17:52:37Z rc=0 cold flash
2026-10-10T17:53:37Z start cold slow tag=en25 lang=en
{"cell":"slow","started":"2026-10-10T17:53:39.036Z","ended":"2026-10-10T17:54:14.294Z","ok":true}
2026-10-10T17:54:28Z rc=0 cold slow
2026-10-10T17:55:00Z start cold slow tag=tr25 lang=tr
{"cell":"slow","started":"2026-10-10T17:55:02.188Z","ended":"2026-10-10T17:55:37.968Z","ok":true}
2026-10-10T17:55:51Z rc=0 cold slow
2026-10-10T17:56:10Z start cold slow tag=en35 lang=en
{"cell":"slow","started":"2026-10-10T17:56:11.182Z","ended":"2026-10-10T17:56:57.850Z","ok":true}
2026-10-10T17:57:48Z rc=0 cold slow
2026-10-10T17:58:57Z start cold slow tag=chunk35 lang=en
{"cell":"slow","started":"2026-10-10T17:58:58.093Z","ended":"2026-10-10T17:59:43.463Z","ok":true}
2026-10-10T17:59:57Z rc=0 cold slow
2026-10-10T18:00:19Z start cold negative tag= lang=en
{"cell":"negative","started":"2026-10-10T18:00:20.604Z","ended":"2026-10-10T18:00:56.466Z","ok":true}
2026-10-10T18:01:10Z rc=0 cold negative
2026-10-10T18:01:22Z start cold stopped tag= lang=en
{"cell":"stopped","started":"2026-10-10T18:01:23.438Z","ended":"2026-10-10T18:02:09.390Z","ok":true}
2026-10-10T18:02:23Z rc=0 cold stopped
2026-10-10T18:03:13Z start cold flash tag=readycheck lang=en
{"cell":"flash","started":"2026-10-10T18:03:14.115Z","ended":"2026-10-10T18:03:26.403Z","ok":true}
2026-10-10T18:03:40Z rc=0 cold flash
2026-10-10T18:03:45Z start live update tag= lang=en
{"cell":"update","started":"2026-10-10T18:03:46.850Z","ended":"2026-10-10T18:06:09.449Z","ok":true}
2026-10-10T18:06:09Z rc=0 live update
2026-10-10T18:07:12Z start cold done tag= lang=en
{"cell":"done","started":"2026-10-10T18:07:13.172Z","ended":"2026-10-10T18:07:13.175Z","ok":true}
2026-10-10T18:07:13Z rc=0 cold done
2026-10-10T18:17:52Z start cold updatefocus tag=lab2 lang=en
{"cell":"updatefocus","started":"2026-10-10T18:17:53.827Z","ended":"2026-10-10T18:20:11.078Z","ok":true}
2026-10-10T18:20:11Z rc=0 cold updatefocus
2026-10-10T18:22:02Z start cold accesswatch tag=lab2 lang=en
{"cell":"accesswatch","started":"2026-10-10T18:22:03.523Z","ended":"2026-10-10T18:24:38.575Z","ok":true}
2026-10-10T18:24:38Z rc=0 cold accesswatch
2026-10-10T18:25:23Z start cold done tag=lab2 lang=en
{"cell":"done","started":"2026-10-10T18:25:24.674Z","ended":"2026-10-10T18:25:24.677Z","ok":true}
2026-10-10T18:25:24Z rc=0 cold done
2026-10-10T18:34:39Z start cold updatefocus tag=lab3 lang=en
{"cell":"updatefocus","started":"2026-10-10T18:34:41.021Z","ended":"2026-10-10T18:37:10.630Z","ok":true}
2026-10-10T18:37:11Z rc=0 cold updatefocus
2026-10-10T18:45:28Z start cold done tag=lab3 lang=en
{"cell":"done","started":"2026-10-10T18:45:30.044Z","ended":"2026-10-10T18:45:30.048Z","ok":true}
2026-10-10T18:45:30Z rc=0 cold done
