13:21:47.600050663 CHANGE journal none -> absent
13:21:47.614450198 CHANGE ledger none -> 5719838b2e4c04b430feb8fc464138b952c50ae2e111b3c1ec168b5f94501a23
13:21:47.626492421 CHANGE state none -> 670c865079c7593fe0b9f8f73ce4f108bf4f6b70265a713b847b423b4650a206
13:21:47.628554672 pdns=3077/0/active/running/ named=0/inactive/dead/ agent=0/inactive/ jphase=absent killpid=
13:21:47.931950814 pdns=3077/0/active/running/ named=0/inactive/dead/ agent=0/inactive/ jphase=absent killpid=
13:21:48.260372183 pdns=3077/0/active/running/ named=0/inactive/dead/ agent=0/inactive/ jphase=absent killpid=
13:21:48.600907494 pdns=3077/0/active/running/ named=0/inactive/dead/ agent=0/inactive/ jphase=absent killpid=
13:21:48.899697747 pdns=3077/0/active/running/ named=0/inactive/dead/ agent=0/inactive/ jphase=absent killpid=3955,3994,
13:21:49.269754606 CHANGE ledger 5719838b2e4c04b430feb8fc464138b952c50ae2e111b3c1ec168b5f94501a23 -> 11afeabb9a0fd45658ba548636f3caf309ecb645b4e64d7ba33a0d6709f5b0bc
13:21:49.275511097 pdns=3077/0/active/running/ named=0/inactive/dead/ agent=0/inactive/ jphase=absent killpid=3955,
13:21:49.572017300 CHANGE ledger 11afeabb9a0fd45658ba548636f3caf309ecb645b4e64d7ba33a0d6709f5b0bc -> 13932a5e0617522acafe6d510bdf861729c6016f7f9019a26ffcc65f4d9a5f26
13:21:49.585416162 pdns=3077/0/active/running/ named=0/inactive/dead/ agent=0/inactive/ jphase=absent killpid=3955,4186,
13:21:49.927651362 CHANGE ledger 13932a5e0617522acafe6d510bdf861729c6016f7f9019a26ffcc65f4d9a5f26 -> f2d96e4368aed4b7ece921777ebce4cc458b4bcc270980ea0668110565d36374
13:21:49.937771457 pdns=3077/0/active/running/ named=0/inactive/dead/ agent=0/inactive/ jphase=absent killpid=3955,4285,
13:21:50.240626359 CHANGE ledger f2d96e4368aed4b7ece921777ebce4cc458b4bcc270980ea0668110565d36374 -> f291f02fe41027bf141247c502ae7da3468224861542e6d0986059df996b38eb
13:21:50.249157417 pdns=3077/0/active/running/ named=0/inactive/dead/ agent=0/inactive/ jphase=absent killpid=3955,
13:21:50.585141179 CHANGE ledger f291f02fe41027bf141247c502ae7da3468224861542e6d0986059df996b38eb -> ff33f62681bbef76a6cc94d7d12a0e1490ca5e3b516bfdf0514c93bc0a809545
13:21:50.591444752 pdns=3077/0/active/running/ named=0/inactive/dead/ agent=0/inactive/ jphase=absent killpid=3955,4466,
13:21:50.892344453 CHANGE ledger ff33f62681bbef76a6cc94d7d12a0e1490ca5e3b516bfdf0514c93bc0a809545 -> 4dd9ad8a395321814fd1d89a88d61f69f27f8f8649adcbdb2034207ecb537628
13:21:50.898298744 pdns=3077/0/active/running/ named=0/inactive/dead/ agent=0/inactive/ jphase=absent killpid=3955,4584,
13:21:51.426531227 CHANGE ledger 4dd9ad8a395321814fd1d89a88d61f69f27f8f8649adcbdb2034207ecb537628 -> 76c57251dac0f090d0f823379ea6bac8d08238b36430f94658ed13b987eb2de0
13:21:51.434327365 pdns=3077/0/active/running/ named=0/inactive/dead/ agent=0/inactive/ jphase=absent killpid=3955,4601,
13:21:51.751808032 pdns=3077/0/active/running/ named=0/inactive/dead/ agent=0/inactive/ jphase=absent killpid=3955,4601,
13:21:52.061237003 pdns=3077/0/active/running/ named=0/inactive/dead/ agent=0/inactive/ jphase=absent killpid=3955,4601,
13:21:52.340028581 pdns=3077/0/active/running/ named=0/inactive/dead/ agent=0/inactive/ jphase=absent killpid=3955,4601,
13:21:52.624758851 pdns=3077/0/active/running/ named=0/inactive/dead/ agent=0/inactive/ jphase=absent killpid=3955,4601,
13:21:52.914804188 pdns=3077/0/active/running/ named=0/inactive/dead/ agent=0/inactive/ jphase=absent killpid=3955,4601,
13:21:53.197626797 pdns=3077/0/active/running/ named=0/inactive/dead/ agent=0/inactive/ jphase=absent killpid=3955,4601,
13:21:53.498827713 pdns=3077/0/active/running/ named=0/inactive/dead/ agent=0/inactive/ jphase=absent killpid=3955,4601,
13:21:53.790152203 pdns=3077/0/active/running/ named=0/inactive/dead/ agent=0/inactive/ jphase=absent killpid=3955,4601,
13:21:54.325560950 CHANGE ledger 76c57251dac0f090d0f823379ea6bac8d08238b36430f94658ed13b987eb2de0 -> efcfc3645b7683b0f8fedf2b8f5f70f5eab013959ecf2917af3c9bb23b16b1fd
13:21:54.330967035 pdns=3077/0/active/running/ named=0/inactive/dead/ agent=0/inactive/ jphase=absent killpid=3955,4601,
13:21:54.677144732 pdns=3077/0/active/running/ named=0/inactive/dead/ agent=0/inactive/ jphase=absent killpid=3955,4601,
13:21:55.070609189 pdns=3077/0/active/running/ named=0/inactive/dead/ agent=0/inactive/ jphase=absent killpid=3955,4601,
13:21:55.346266632 pdns=3077/0/active/running/ named=0/inactive/dead/ agent=0/inactive/ jphase=absent killpid=3955,4601,
13:21:55.628451748 pdns=3077/0/active/running/ named=0/inactive/dead/ agent=0/inactive/ jphase=absent killpid=3955,4601,
13:21:55.914253250 pdns=3077/0/active/running/ named=0/inactive/dead/ agent=0/inactive/ jphase=absent killpid=3955,5356,
13:21:56.210832734 CHANGE ledger efcfc3645b7683b0f8fedf2b8f5f70f5eab013959ecf2917af3c9bb23b16b1fd -> 4176aec31cb70f5fd486aede013d87efa541811b9180e1fc6948f5255e53fc52
13:21:56.220667009 pdns=3077/0/active/running/ named=0/inactive/dead/ agent=0/inactive/ jphase=absent killpid=3955,5465,
13:21:56.757647005 CHANGE ledger 4176aec31cb70f5fd486aede013d87efa541811b9180e1fc6948f5255e53fc52 -> 202bfa830eaab99b4180e1c2625e3e64056ce2c8b41a1cf88325e677e70b92d2
13:21:56.762566000 pdns=3077/0/active/running/ named=0/inactive/dead/ agent=0/inactive/ jphase=absent killpid=3955,
13:21:57.225130880 CHANGE ledger 202bfa830eaab99b4180e1c2625e3e64056ce2c8b41a1cf88325e677e70b92d2 -> bd0f8a5fec23ee47ebbea535a9d25443f9b44e72765f4dda34518f5843904d47
13:21:57.231494528 pdns=3077/0/active/running/ named=0/inactive/dead/ agent=0/inactive/ jphase=absent killpid=3955,5695,
13:21:57.536191465 CHANGE ledger bd0f8a5fec23ee47ebbea535a9d25443f9b44e72765f4dda34518f5843904d47 -> 29245decc36a4389c7ae7b52a6a8f1cb87a5042cc25a63b6dd123da45375deb6
13:21:57.545346520 pdns=3077/0/active/running/ named=0/inactive/dead/ agent=0/inactive/ jphase=absent killpid=3955,
13:21:57.883449751 CHANGE ledger 29245decc36a4389c7ae7b52a6a8f1cb87a5042cc25a63b6dd123da45375deb6 -> f081dbbf7a65ece6f37848b3c841ee2d864434468a411817049c63f53f6e3e02
13:21:57.907359628 pdns=3077/0/active/running/ named=0/inactive/dead/ agent=0/inactive/ jphase=absent killpid=3955,5883,
13:21:58.316589737 CHANGE ledger f081dbbf7a65ece6f37848b3c841ee2d864434468a411817049c63f53f6e3e02 -> 9c4bb611870ca0dfaf9be62f7e57a4711b1782b05224f325f0e106bd5d08f369
13:21:58.339155996 pdns=3077/0/active/running/ named=0/inactive/dead/ agent=0/inactive/ jphase=absent killpid=3955,5976,
13:21:58.760462333 CHANGE ledger 9c4bb611870ca0dfaf9be62f7e57a4711b1782b05224f325f0e106bd5d08f369 -> 3e2ffe515de61e006021032d8b01befd8cb57546698a4c5d2fae87d2ae27eddd
13:21:58.772731541 pdns=3077/0/active/running/ named=0/inactive/dead/ agent=0/inactive/ jphase=absent killpid=3955,6070,
13:21:59.135398971 CHANGE ledger 3e2ffe515de61e006021032d8b01befd8cb57546698a4c5d2fae87d2ae27eddd -> ff709186d3cc3f927ed05e11e1cbc5fec39b4d22951fc51225d02828034053d9
13:21:59.146884635 pdns=3077/0/active/running/ named=0/inactive/dead/ agent=0/inactive/ jphase=absent killpid=3955,
13:21:59.471905796 CHANGE ledger ff709186d3cc3f927ed05e11e1cbc5fec39b4d22951fc51225d02828034053d9 -> 2a0737b48c196b30cf59ca8f9180eabe1579afbf5aac09b00c60fecc93f83026
13:21:59.477610615 pdns=3077/0/active/running/ named=0/inactive/dead/ agent=0/inactive/ jphase=absent killpid=3955,
13:21:59.772001593 CHANGE ledger 2a0737b48c196b30cf59ca8f9180eabe1579afbf5aac09b00c60fecc93f83026 -> 6255fa9dc7b745436fed8126ad464c787602844a6927fc4caac974e038452f7b
13:21:59.782251981 pdns=3077/0/active/running/ named=0/inactive/dead/ agent=0/inactive/ jphase=absent killpid=3955,6380,
13:22:00.082604548 CHANGE ledger 6255fa9dc7b745436fed8126ad464c787602844a6927fc4caac974e038452f7b -> 855f02ff57043ec26fd877a0af90d0e83b5cc1bd2236b7ce4d618a6026824d61
13:22:00.091309522 pdns=3077/0/active/running/ named=0/inactive/dead/ agent=0/inactive/ jphase=absent killpid=3955,
13:22:00.393399909 CHANGE ledger 855f02ff57043ec26fd877a0af90d0e83b5cc1bd2236b7ce4d618a6026824d61 -> d919b57e5d4b6e9513e7f13a2d766f7de0fa46ad797763b7a51c2116781bb396
13:22:00.401114205 pdns=3077/0/active/running/ named=0/inactive/dead/ agent=0/inactive/ jphase=absent killpid=3955,
13:22:00.698670594 CHANGE journal absent -> 75acbd1dedf298c0836de6b78dabad1cb0f05ac6450b7d6caf5fae6a1f05cf86
13:22:00.714316102 CHANGE ledger d919b57e5d4b6e9513e7f13a2d766f7de0fa46ad797763b7a51c2116781bb396 -> f44e8e5275c9e754353ed89c381b0e149c4939c2a723957883e6ba569e7de9f0
13:22:00.721381850 pdns=3077/0/active/running/ named=0/inactive/dead/ agent=0/inactive/ jphase=rolling-back killpid=3955,
13:22:01.021824496 CHANGE ledger f44e8e5275c9e754353ed89c381b0e149c4939c2a723957883e6ba569e7de9f0 -> d15c7479b9f280e84041df8fc3ad63481fbf3dcfd095b4445bee3c5a0e8c1baf
13:22:01.027484906 pdns=3077/0/active/running/ named=0/inactive/dead/ agent=0/inactive/ jphase=rolling-back killpid=3955,
13:22:01.576008491 CHANGE ledger d15c7479b9f280e84041df8fc3ad63481fbf3dcfd095b4445bee3c5a0e8c1baf -> 96030e6402057ced9c62636915384a2e6ac093f10455ce53a8b7b6b37e20e06c
13:22:01.582421516 pdns=3077/0/active/running/ named=0/inactive/dead/ agent=0/inactive/ jphase=rolling-back killpid=3955,6875,
13:22:01.906436188 CHANGE ledger 96030e6402057ced9c62636915384a2e6ac093f10455ce53a8b7b6b37e20e06c -> 62d9a488f8d6ef35824f91ff9514ce1a6e17ac6c7e3ac0971dbab383fc160ae8
13:22:01.915516136 pdns=3077/0/active/running/ named=0/inactive/dead/ agent=0/inactive/ jphase=rolling-back killpid=3955,6960,
13:22:02.507967228 CHANGE ledger 62d9a488f8d6ef35824f91ff9514ce1a6e17ac6c7e3ac0971dbab383fc160ae8 -> b53a3e115b697ed45ddfa22dae0bb80927bfcdeba156c4fb2c58c7b3d1d6b4da
13:22:02.512590416 pdns=3077/0/active/running/ named=0/inactive/dead/ agent=0/inactive/ jphase=rolling-back killpid=3955,7130,
13:22:02.914716103 CHANGE ledger b53a3e115b697ed45ddfa22dae0bb80927bfcdeba156c4fb2c58c7b3d1d6b4da -> dc385feb80c736c25ce3c39d41f005b690535699370e09e9849cdf7d39f82a9b
13:22:02.920421481 pdns=3077/0/active/running/ named=0/inactive/dead/ agent=0/inactive/ jphase=rolling-back killpid=3955,7230,
13:22:03.217898290 CHANGE ledger dc385feb80c736c25ce3c39d41f005b690535699370e09e9849cdf7d39f82a9b -> e9dd314122093f9aeed1eec4e9a3296a4adb5de783def3a781d6bd69f08f4925
13:22:03.222293772 pdns=3077/0/active/running/ named=0/inactive/dead/ agent=0/inactive/ jphase=rolling-back killpid=3955,7347,
13:22:03.676781844 CHANGE ledger e9dd314122093f9aeed1eec4e9a3296a4adb5de783def3a781d6bd69f08f4925 -> ba7cab6cf3b9e258b946e503e885b90e2ba4241e3b464ad7f0c74f2fa1aec528
13:22:03.684124490 pdns=3077/0/active/running/ named=0/inactive/dead/ agent=0/inactive/ jphase=rolling-back killpid=3955,7436,
13:22:03.997554928 CHANGE ledger ba7cab6cf3b9e258b946e503e885b90e2ba4241e3b464ad7f0c74f2fa1aec528 -> ac39366f187e659eb2cde00b9f54d8d023e609ac73c26ca6d5b98ee2b20e5786
13:22:04.006170087 pdns=3077/0/active/running/ named=0/inactive/dead/ agent=0/inactive/ jphase=rolling-back killpid=3955,
13:22:04.300049779 CHANGE ledger ac39366f187e659eb2cde00b9f54d8d023e609ac73c26ca6d5b98ee2b20e5786 -> 2deadc1ed037846506f7af0c59db411ad0082cdeb6633f06b1cad6306f02b76a
13:22:04.306303958 pdns=3077/0/active/running/ named=0/inactive/dead/ agent=0/inactive/ jphase=rolling-back killpid=3955,
13:22:04.602620110 CHANGE ledger 2deadc1ed037846506f7af0c59db411ad0082cdeb6633f06b1cad6306f02b76a -> 8bf318be610a506bb58ac98f0558f3685b32fff876c0e306811b6cc293e9642a
13:22:04.610996290 pdns=3077/0/active/running/ named=0/inactive/dead/ agent=0/inactive/ jphase=rolling-back killpid=3955,
13:22:04.894367305 CHANGE journal 75acbd1dedf298c0836de6b78dabad1cb0f05ac6450b7d6caf5fae6a1f05cf86 -> 07b35c314b76fb834c4a55eff6e8f91b4fd8e451ea27dc036cfaf79f76b429d5
13:22:04.905487059 CHANGE ledger 8bf318be610a506bb58ac98f0558f3685b32fff876c0e306811b6cc293e9642a -> 24d0424807620751edf23809e11cc495da3f5c46e320b6ac2690d11cbbb61579
13:22:04.910463723 pdns=3077/0/active/running/ named=0/inactive/dead/ agent=7778/active/ jphase=rolled-back killpid=
13:22:05.266863801 pdns=3077/0/active/running/ named=0/inactive/dead/ agent=7778/active/ jphase=rolled-back killpid=
13:22:05.555736831 pdns=3077/0/active/running/ named=0/inactive/dead/ agent=7778/active/ jphase=rolled-back killpid=
13:22:05.836195022 pdns=3077/0/active/running/ named=0/inactive/dead/ agent=7778/active/ jphase=rolled-back killpid=
13:22:06.132265786 pdns=3077/0/active/running/ named=0/inactive/dead/ agent=7778/active/ jphase=rolled-back killpid=
13:22:06.428846132 pdns=3077/0/active/running/ named=0/inactive/dead/ agent=7778/active/ jphase=rolled-back killpid=
13:22:06.727516768 pdns=3077/0/active/running/ named=0/inactive/dead/ agent=7778/active/ jphase=rolled-back killpid=
13:22:07.043851318 pdns=3077/0/active/running/ named=0/inactive/dead/ agent=7778/active/ jphase=rolled-back killpid=
13:22:07.346596539 pdns=3077/0/active/running/ named=0/inactive/dead/ agent=7778/active/ jphase=rolled-back killpid=
13:22:07.644503182 pdns=3077/0/active/running/ named=0/inactive/dead/ agent=7778/active/ jphase=rolled-back killpid=
13:22:07.954875226 pdns=3077/0/active/running/ named=0/inactive/dead/ agent=7778/active/ jphase=rolled-back killpid=
13:22:08.262038700 pdns=3077/0/active/running/ named=0/inactive/dead/ agent=7778/active/ jphase=rolled-back killpid=
13:22:08.558581017 pdns=3077/0/active/running/ named=0/inactive/dead/ agent=7778/active/ jphase=rolled-back killpid=
13:22:08.842847145 CHANGE journal 07b35c314b76fb834c4a55eff6e8f91b4fd8e451ea27dc036cfaf79f76b429d5 -> absent
13:22:08.852382320 pdns=3077/0/active/running/ named=0/inactive/dead/ agent=7778/active/ jphase=absent killpid=
13:22:09.135065385 pdns=3077/0/active/running/ named=0/inactive/dead/ agent=7778/active/ jphase=absent killpid=
13:22:09.424794040 pdns=3077/0/active/running/ named=0/inactive/dead/ agent=7778/active/ jphase=absent killpid=
13:22:09.766389477 pdns=3077/0/active/running/ named=0/inactive/dead/ agent=7778/active/ jphase=absent killpid=
13:22:10.043500734 pdns=3077/0/active/running/ named=0/inactive/dead/ agent=7778/active/ jphase=absent killpid=
13:22:10.326219808 pdns=3077/0/active/running/ named=0/inactive/dead/ agent=7778/active/ jphase=absent killpid=
13:22:10.595758365 pdns=3077/0/active/running/ named=0/inactive/dead/ agent=7778/active/ jphase=absent killpid=
13:22:10.869957861 pdns=3077/0/active/running/ named=0/inactive/dead/ agent=7778/active/ jphase=absent killpid=
13:22:11.152556499 pdns=3077/0/active/running/ named=0/inactive/dead/ agent=7778/active/ jphase=absent killpid=
13:22:11.435186530 pdns=3077/0/active/running/ named=0/inactive/dead/ agent=7778/active/ jphase=absent killpid=
13:22:11.709421796 pdns=3077/0/active/running/ named=0/inactive/dead/ agent=7778/active/ jphase=absent killpid=
13:22:11.981165921 pdns=3077/0/active/running/ named=0/inactive/dead/ agent=7778/active/ jphase=absent killpid=
13:22:12.252420131 pdns=3077/0/active/running/ named=0/inactive/dead/ agent=7778/active/ jphase=absent killpid=
13:22:12.523739397 pdns=3077/0/active/running/ named=0/inactive/dead/ agent=7778/active/ jphase=absent killpid=
13:22:12.794378983 pdns=3077/0/active/running/ named=0/inactive/dead/ agent=7778/active/ jphase=absent killpid=
13:22:13.071864367 pdns=3077/0/active/running/ named=0/inactive/dead/ agent=7778/active/ jphase=absent killpid=
13:22:13.343315163 pdns=3077/0/active/running/ named=0/inactive/dead/ agent=7778/active/ jphase=absent killpid=
13:22:13.617900231 pdns=3077/0/active/running/ named=0/inactive/dead/ agent=7778/active/ jphase=absent killpid=
13:22:13.888749616 pdns=3077/0/active/running/ named=0/inactive/dead/ agent=7778/active/ jphase=absent killpid=
13:22:14.159514510 pdns=3077/0/active/running/ named=0/inactive/dead/ agent=7778/active/ jphase=absent killpid=
13:22:14.431635202 pdns=3077/0/active/running/ named=0/inactive/dead/ agent=7778/active/ jphase=absent killpid=
13:22:14.708945878 pdns=3077/0/active/running/ named=0/inactive/dead/ agent=7778/active/ jphase=absent killpid=
13:22:14.986394063 pdns=3077/0/active/running/ named=0/inactive/dead/ agent=7778/active/ jphase=absent killpid=
13:22:15.287117335 pdns=3077/0/active/running/ named=0/inactive/dead/ agent=7778/active/ jphase=absent killpid=
13:22:15.578852235 pdns=3077/0/active/running/ named=0/inactive/dead/ agent=7778/active/ jphase=absent killpid=
13:22:15.857917810 pdns=3077/0/active/running/ named=0/inactive/dead/ agent=7778/active/ jphase=absent killpid=
13:22:16.132106537 pdns=3077/0/active/running/ named=0/inactive/dead/ agent=7778/active/ jphase=absent killpid=
13:22:16.403199130 pdns=3077/0/active/running/ named=0/inactive/dead/ agent=7778/active/ jphase=absent killpid=
13:22:16.683104360 pdns=3077/0/active/running/ named=0/inactive/dead/ agent=7778/active/ jphase=absent killpid=
13:22:16.953416104 pdns=3077/0/active/running/ named=0/inactive/dead/ agent=7778/active/ jphase=absent killpid=
13:22:17.229085337 pdns=3077/0/active/running/ named=0/inactive/dead/ agent=7778/active/ jphase=absent killpid=
13:22:17.502148862 pdns=3077/0/active/running/ named=0/inactive/dead/ agent=7778/active/ jphase=absent killpid=
13:22:17.786359604 pdns=3077/0/active/running/ named=0/inactive/dead/ agent=7778/active/ jphase=absent killpid=
13:22:18.070129342 pdns=3077/0/active/running/ named=0/inactive/dead/ agent=7778/active/ jphase=absent killpid=
13:22:18.340262724 pdns=3077/0/active/running/ named=0/inactive/dead/ agent=7778/active/ jphase=absent killpid=
13:22:18.610017829 pdns=3077/0/active/running/ named=0/inactive/dead/ agent=7778/active/ jphase=absent killpid=
13:22:18.880097619 pdns=3077/0/active/running/ named=0/inactive/dead/ agent=7778/active/ jphase=absent killpid=
13:22:19.148994520 pdns=3077/0/active/running/ named=0/inactive/dead/ agent=7778/active/ jphase=absent killpid=
13:22:19.419252051 pdns=3077/0/active/running/ named=0/inactive/dead/ agent=7778/active/ jphase=absent killpid=
13:22:19.687187162 pdns=3077/0/active/running/ named=0/inactive/dead/ agent=7778/active/ jphase=absent killpid=
13:22:19.956690523 pdns=3077/0/active/running/ named=0/inactive/dead/ agent=7778/active/ jphase=absent killpid=
13:22:20.224364310 pdns=3077/0/active/running/ named=0/inactive/dead/ agent=7778/active/ jphase=absent killpid=
13:22:20.494957731 pdns=3077/0/active/running/ named=0/inactive/dead/ agent=7778/active/ jphase=absent killpid=
13:22:20.762386487 pdns=3077/0/active/running/ named=0/inactive/dead/ agent=7778/active/ jphase=absent killpid=
13:22:21.029567524 pdns=3077/0/active/running/ named=0/inactive/dead/ agent=7778/active/ jphase=absent killpid=
13:22:21.316406893 pdns=3077/0/active/running/ named=0/inactive/dead/ agent=7778/active/ jphase=absent killpid=
13:22:21.586074147 pdns=3077/0/active/running/ named=0/inactive/dead/ agent=7778/active/ jphase=absent killpid=
13:22:21.858841875 pdns=3077/0/active/running/ named=0/inactive/dead/ agent=7778/active/ jphase=absent killpid=
13:22:22.131153410 pdns=3077/0/active/running/ named=0/inactive/dead/ agent=7778/active/ jphase=absent killpid=
13:22:22.399211637 pdns=3077/0/active/running/ named=0/inactive/dead/ agent=7778/active/ jphase=absent killpid=
13:22:22.668181336 pdns=3077/0/active/running/ named=0/inactive/dead/ agent=7778/active/ jphase=absent killpid=
13:22:22.936571751 pdns=3077/0/active/running/ named=0/inactive/dead/ agent=7778/active/ jphase=absent killpid=
13:22:23.204089554 pdns=3077/0/active/running/ named=0/inactive/dead/ agent=7778/active/ jphase=absent killpid=
13:22:23.475071637 pdns=3077/0/active/running/ named=0/inactive/dead/ agent=7778/active/ jphase=absent killpid=
13:22:23.744464475 pdns=3077/0/active/running/ named=0/inactive/dead/ agent=7778/active/ jphase=absent killpid=
13:22:24.011081666 pdns=3077/0/active/running/ named=0/inactive/dead/ agent=7778/active/ jphase=absent killpid=
13:22:24.307023000 pdns=3077/0/active/running/ named=0/inactive/dead/ agent=7778/active/ jphase=absent killpid=
13:22:24.585228085 pdns=3077/0/active/running/ named=0/inactive/dead/ agent=7778/active/ jphase=absent killpid=
13:22:24.869416413 pdns=3077/0/active/running/ named=0/inactive/dead/ agent=7778/active/ jphase=absent killpid=
13:22:25.143363646 pdns=3077/0/active/running/ named=0/inactive/dead/ agent=7778/active/ jphase=absent killpid=
13:22:25.416653162 pdns=3077/0/active/running/ named=0/inactive/dead/ agent=7778/active/ jphase=absent killpid=
13:22:25.689698573 pdns=3077/0/active/running/ named=0/inactive/dead/ agent=7778/active/ jphase=absent killpid=
13:22:25.965487900 pdns=3077/0/active/running/ named=0/inactive/dead/ agent=7778/active/ jphase=absent killpid=
13:22:26.239380541 pdns=3077/0/active/running/ named=0/inactive/dead/ agent=7778/active/ jphase=absent killpid=
13:22:26.509868503 pdns=3077/0/active/running/ named=0/inactive/dead/ agent=7778/active/ jphase=absent killpid=
13:22:26.783091231 pdns=3077/0/active/running/ named=0/inactive/dead/ agent=7778/active/ jphase=absent killpid=
13:22:27.054529177 pdns=3077/0/active/running/ named=0/inactive/dead/ agent=7778/active/ jphase=absent killpid=
13:22:27.324071220 pdns=3077/0/active/running/ named=0/inactive/dead/ agent=7778/active/ jphase=absent killpid=
13:22:27.596839963 pdns=3077/0/active/running/ named=0/inactive/dead/ agent=7778/active/ jphase=absent killpid=
13:22:27.867147520 pdns=3077/0/active/running/ named=0/inactive/dead/ agent=7778/active/ jphase=absent killpid=
13:22:28.139463615 pdns=3077/0/active/running/ named=0/inactive/dead/ agent=7778/active/ jphase=absent killpid=
13:22:28.411722469 pdns=3077/0/active/running/ named=0/inactive/dead/ agent=7778/active/ jphase=absent killpid=
13:22:28.682349816 pdns=3077/0/active/running/ named=0/inactive/dead/ agent=7778/active/ jphase=absent killpid=
13:22:28.954479282 pdns=3077/0/active/running/ named=0/inactive/dead/ agent=7778/active/ jphase=absent killpid=
13:22:29.226799307 pdns=3077/0/active/running/ named=0/inactive/dead/ agent=7778/active/ jphase=absent killpid=
13:22:29.497894153 pdns=3077/0/active/running/ named=0/inactive/dead/ agent=7778/active/ jphase=absent killpid=
13:22:29.770952587 pdns=3077/0/active/running/ named=0/inactive/dead/ agent=7778/active/ jphase=absent killpid=
13:22:30.042252495 pdns=3077/0/active/running/ named=0/inactive/dead/ agent=7778/active/ jphase=absent killpid=
13:22:30.310722539 pdns=3077/0/active/running/ named=0/inactive/dead/ agent=7778/active/ jphase=absent killpid=
13:22:30.584241572 pdns=3077/0/active/running/ named=0/inactive/dead/ agent=7778/active/ jphase=absent killpid=
13:22:30.876437972 pdns=3077/0/active/running/ named=0/inactive/dead/ agent=7778/active/ jphase=absent killpid=
13:22:31.144853531 pdns=3077/0/active/running/ named=0/inactive/dead/ agent=7778/active/ jphase=absent killpid=
13:22:31.411998105 pdns=3077/0/active/running/ named=0/inactive/dead/ agent=7778/active/ jphase=absent killpid=
13:22:31.679376848 pdns=3077/0/active/running/ named=0/inactive/dead/ agent=7778/active/ jphase=absent killpid=
13:22:31.948383220 pdns=3077/0/active/running/ named=0/inactive/dead/ agent=7778/active/ jphase=absent killpid=
13:22:32.220913797 pdns=3077/0/active/running/ named=0/inactive/dead/ agent=7778/active/ jphase=absent killpid=
13:22:32.495685208 pdns=3077/0/active/running/ named=0/inactive/dead/ agent=7778/active/ jphase=absent killpid=
13:22:32.769080008 pdns=3077/0/active/running/ named=0/inactive/dead/ agent=7778/active/ jphase=absent killpid=
13:22:33.034964461 pdns=3077/0/active/running/ named=0/inactive/dead/ agent=7778/active/ jphase=absent killpid=
13:22:33.302065631 pdns=3077/0/active/running/ named=0/inactive/dead/ agent=7778/active/ jphase=absent killpid=
13:22:33.569697123 pdns=3077/0/active/running/ named=0/inactive/dead/ agent=7778/active/ jphase=absent killpid=
13:22:33.849473147 pdns=3077/0/active/running/ named=0/inactive/dead/ agent=7778/active/ jphase=absent killpid=
13:22:34.121788441 pdns=3077/0/active/running/ named=0/inactive/dead/ agent=7778/active/ jphase=absent killpid=
13:22:34.390084738 pdns=3077/0/active/running/ named=0/inactive/dead/ agent=7778/active/ jphase=absent killpid=
13:22:34.677689548 pdns=3077/0/active/running/ named=0/inactive/dead/ agent=7778/active/ jphase=absent killpid=
13:22:34.948177120 pdns=3077/0/active/running/ named=0/inactive/dead/ agent=7778/active/ jphase=absent killpid=
13:22:35.218561186 pdns=3077/0/active/running/ named=0/inactive/dead/ agent=7778/active/ jphase=absent killpid=
13:22:35.490975531 pdns=3077/0/active/running/ named=0/inactive/dead/ agent=7778/active/ jphase=absent killpid=
13:22:35.762174126 pdns=3077/0/active/running/ named=0/inactive/dead/ agent=7778/active/ jphase=absent killpid=
13:22:36.032737837 pdns=3077/0/active/running/ named=0/inactive/dead/ agent=7778/active/ jphase=absent killpid=
13:22:36.306115707 pdns=3077/0/active/running/ named=0/inactive/dead/ agent=7778/active/ jphase=absent killpid=
13:22:36.582426820 pdns=3077/0/active/running/ named=0/inactive/dead/ agent=7778/active/ jphase=absent killpid=
13:22:36.854032990 pdns=3077/0/active/running/ named=0/inactive/dead/ agent=7778/active/ jphase=absent killpid=
13:22:37.120612604 pdns=3077/0/active/running/ named=0/inactive/dead/ agent=7778/active/ jphase=absent killpid=
13:22:37.389656921 pdns=3077/0/active/running/ named=0/inactive/dead/ agent=7778/active/ jphase=absent killpid=
13:22:37.657118217 pdns=3077/0/active/running/ named=0/inactive/dead/ agent=7778/active/ jphase=absent killpid=
13:22:37.925480671 pdns=3077/0/active/running/ named=0/inactive/dead/ agent=7778/active/ jphase=absent killpid=
13:22:38.191496818 pdns=3077/0/active/running/ named=0/inactive/dead/ agent=7778/active/ jphase=absent killpid=
13:22:38.462221590 pdns=3077/0/active/running/ named=0/inactive/dead/ agent=7778/active/ jphase=absent killpid=
13:22:38.736606211 pdns=3077/0/active/running/ named=0/inactive/dead/ agent=7778/active/ jphase=absent killpid=
13:22:39.004287208 pdns=3077/0/active/running/ named=0/inactive/dead/ agent=7778/active/ jphase=absent killpid=
13:22:39.272242809 pdns=3077/0/active/running/ named=0/inactive/dead/ agent=7778/active/ jphase=absent killpid=
13:22:39.545497481 pdns=3077/0/active/running/ named=0/inactive/dead/ agent=7778/active/ jphase=absent killpid=
13:22:39.821323648 pdns=3077/0/active/running/ named=0/inactive/dead/ agent=7778/active/ jphase=absent killpid=
done
