14:06:53.244339178 CHANGE journal none -> absent
14:06:53.254712954 CHANGE ledger none -> 177f61d12ed0bb85e6ea535b807b376e26bbe0871405a13867c0b3cb6ea4b211
14:06:53.257888459 CHANGE state none -> absent
14:06:53.259210150 pdns=0/0/inactive/dead/ named=0/inactive/dead/ agent=0/inactive/ jphase=absent killpid=
14:06:53.530945226 pdns=0/0/inactive/dead/ named=0/inactive/dead/ agent=0/inactive/ jphase=absent killpid=
14:06:53.805383550 pdns=0/0/inactive/dead/ named=0/inactive/dead/ agent=0/inactive/ jphase=absent killpid=
14:06:54.068314299 pdns=0/0/inactive/dead/ named=0/inactive/dead/ agent=0/inactive/ jphase=absent killpid=
14:06:54.333904949 pdns=0/0/inactive/dead/ named=0/inactive/dead/ agent=0/inactive/ jphase=absent killpid=
14:06:54.626319758 pdns=0/0/inactive/dead/ named=0/inactive/dead/ agent=0/inactive/ jphase=absent killpid=
14:06:54.896839026 CHANGE ledger 177f61d12ed0bb85e6ea535b807b376e26bbe0871405a13867c0b3cb6ea4b211 -> 67d7cde5146d91ccd1bb512d2d2e1d5d55559b254db96b9f97c5248bffd67880
14:06:54.899553577 pdns=0/0/inactive/dead/ named=0/inactive/dead/ agent=0/inactive/ jphase=absent killpid=1726,
14:06:55.175659322 CHANGE ledger 67d7cde5146d91ccd1bb512d2d2e1d5d55559b254db96b9f97c5248bffd67880 -> 798166c0c71ca69f5b65c855c81cd617c3e8ee7b47c90c3f6385cc663e6f8bea
14:06:55.177269164 pdns=0/0/inactive/dead/ named=0/inactive/dead/ agent=0/inactive/ jphase=absent killpid=1726,
14:06:55.462073664 CHANGE ledger 798166c0c71ca69f5b65c855c81cd617c3e8ee7b47c90c3f6385cc663e6f8bea -> f1c95a79626be2e4c77bd4cebdae3d52d6638cf4c846d9ec163f8abf672d8df8
14:06:55.463596449 pdns=0/0/inactive/dead/ named=0/inactive/dead/ agent=0/inactive/ jphase=absent killpid=1726,
14:06:55.776723627 CHANGE ledger f1c95a79626be2e4c77bd4cebdae3d52d6638cf4c846d9ec163f8abf672d8df8 -> 5b77d9a8bb2f7b126b2e51af573343c8354aa65326bf812aa7841d120c72611a
14:06:55.778114624 pdns=0/0/inactive/dead/ named=0/inactive/dead/ agent=0/inactive/ jphase=absent killpid=1726,1925,
14:06:56.041772382 pdns=0/0/inactive/dead/ named=0/inactive/dead/ agent=0/inactive/ jphase=absent killpid=1726,1925,
14:06:56.306048377 pdns=0/0/inactive/dead/ named=0/inactive/dead/ agent=0/inactive/ jphase=absent killpid=1726,1925,
14:06:56.602748575 pdns=0/0/inactive/dead/ named=0/inactive/dead/ agent=0/inactive/ jphase=absent killpid=1726,1925,
14:06:56.922220700 pdns=0/0/inactive/dead/ named=0/inactive/dead/ agent=0/inactive/ jphase=absent killpid=1726,1925,
14:06:57.255414713 pdns=0/0/inactive/dead/ named=0/inactive/dead/ agent=0/inactive/ jphase=absent killpid=1726,1925,
14:06:57.548476359 pdns=0/0/inactive/dead/ named=0/inactive/dead/ agent=0/inactive/ jphase=absent killpid=1726,1925,
14:06:57.827171504 pdns=0/0/inactive/dead/ named=0/inactive/dead/ agent=0/inactive/ jphase=absent killpid=1726,1925,
14:06:58.124886844 pdns=0/0/inactive/dead/ named=0/inactive/dead/ agent=0/inactive/ jphase=absent killpid=1726,1925,
14:06:58.405553344 pdns=0/0/inactive/dead/ named=0/inactive/dead/ agent=0/inactive/ jphase=absent killpid=1726,1925,
14:06:58.695772044 CHANGE ledger 5b77d9a8bb2f7b126b2e51af573343c8354aa65326bf812aa7841d120c72611a -> 5303a00300adff5327aa75c31c5d4ae84035ead832ab34d8fd4d5a3df13020dd
14:06:58.699357781 pdns=0/0/inactive/dead/ named=0/inactive/dead/ agent=0/inactive/ jphase=absent killpid=1726,2171,
14:06:58.987053098 CHANGE ledger 5303a00300adff5327aa75c31c5d4ae84035ead832ab34d8fd4d5a3df13020dd -> 6fbe00b999ddb839357bb3764466017c30d2c79e7294ded82f9a86e0f97c0072
14:06:58.988388000 pdns=0/0/inactive/dead/ named=0/inactive/dead/ agent=0/inactive/ jphase=absent killpid=1726,2171,
14:06:59.265167286 pdns=0/0/inactive/dead/ named=0/inactive/dead/ agent=0/inactive/ jphase=absent killpid=1726,2171,
14:06:59.532690071 pdns=0/0/inactive/dead/ named=0/inactive/dead/ agent=0/inactive/ jphase=absent killpid=1726,2171,
14:06:59.811681138 pdns=0/0/inactive/dead/ named=0/inactive/dead/ agent=0/inactive/ jphase=absent killpid=1726,2171,
14:07:00.089683773 CHANGE ledger 6fbe00b999ddb839357bb3764466017c30d2c79e7294ded82f9a86e0f97c0072 -> 7ea4ff376f02b8ed31eb90955fff41b778e74bec7aab34e589ad4a6621a5b437
14:07:00.091206446 pdns=0/0/inactive/dead/ named=0/inactive/dead/ agent=0/inactive/ jphase=absent killpid=1726,2171,
14:07:00.376109003 pdns=0/0/inactive/dead/ named=0/inactive/dead/ agent=0/inactive/ jphase=absent killpid=1726,2171,
14:07:00.664196163 pdns=0/0/inactive/dead/ named=0/inactive/dead/ agent=0/inactive/ jphase=absent killpid=1726,2171,
14:07:00.935454804 pdns=0/0/inactive/dead/ named=0/inactive/dead/ agent=0/inactive/ jphase=absent killpid=1726,2171,
14:07:01.212902666 pdns=0/0/inactive/dead/ named=0/inactive/dead/ agent=0/inactive/ jphase=absent killpid=1726,2171,
14:07:01.512106275 pdns=0/0/inactive/dead/ named=0/inactive/dead/ agent=0/inactive/ jphase=absent killpid=1726,2171,
14:07:01.816153649 pdns=0/0/inactive/dead/ named=0/inactive/dead/ agent=0/inactive/ jphase=absent killpid=1726,2171,
14:07:02.088208290 pdns=0/0/inactive/dead/ named=0/inactive/dead/ agent=0/inactive/ jphase=absent killpid=1726,2171,
14:07:02.364471065 pdns=0/0/inactive/dead/ named=0/inactive/dead/ agent=0/inactive/ jphase=absent killpid=1726,2171,
14:07:02.648320892 pdns=0/0/inactive/dead/ named=0/inactive/dead/ agent=0/inactive/ jphase=absent killpid=1726,2171,
14:07:02.935852181 pdns=0/0/inactive/dead/ named=0/inactive/dead/ agent=0/inactive/ jphase=absent killpid=1726,2171,
14:07:03.212636483 pdns=0/0/inactive/dead/ named=0/inactive/dead/ agent=0/inactive/ jphase=absent killpid=1726,2171,
14:07:03.483710247 pdns=0/0/inactive/dead/ named=0/inactive/dead/ agent=0/inactive/ jphase=absent killpid=1726,2171,
14:07:03.767469382 pdns=0/0/inactive/dead/ named=0/inactive/dead/ agent=0/inactive/ jphase=absent killpid=1726,
14:07:04.069821749 CHANGE ledger 7ea4ff376f02b8ed31eb90955fff41b778e74bec7aab34e589ad4a6621a5b437 -> 901ab243341aa5da4abe257e34043311c6736f17664482acf948e2711c726a3c
14:07:04.074261870 pdns=0/0/inactive/dead/ named=0/inactive/dead/ agent=0/inactive/ jphase=absent killpid=1726,2771,
14:07:04.364776780 CHANGE ledger 901ab243341aa5da4abe257e34043311c6736f17664482acf948e2711c726a3c -> c2d8fcf907b12ae77dff54da84478bc86e4d61914f4276f58937b460d7cab209
14:07:04.366384122 pdns=0/0/inactive/dead/ named=0/inactive/dead/ agent=0/inactive/ jphase=absent killpid=1726,
14:07:04.660023616 CHANGE ledger c2d8fcf907b12ae77dff54da84478bc86e4d61914f4276f58937b460d7cab209 -> fe71824d0839f0abd7f5544aa7efd0ee92f6d05d0ed7aa67f3e8f1b39d6c64ed
14:07:04.661726459 pdns=0/0/inactive/dead/ named=0/inactive/dead/ agent=0/inactive/ jphase=absent killpid=1726,2913,
14:07:04.958739413 CHANGE journal absent -> a6c339d8c613fb1d9d8e3d819ac82020b4fc1853fd850437aaf4cbe4f4a232d9
14:07:04.966771798 CHANGE ledger fe71824d0839f0abd7f5544aa7efd0ee92f6d05d0ed7aa67f3e8f1b39d6c64ed -> 27edbb96626bd4c5bbb884db169a3442aaf5d3b89298872c1fc612f3b8249ba8
14:07:04.968226615 pdns=0/0/inactive/dead/ named=0/inactive/dead/ agent=0/inactive/ jphase=intent killpid=1726,2973,
14:07:05.247021307 CHANGE ledger 27edbb96626bd4c5bbb884db169a3442aaf5d3b89298872c1fc612f3b8249ba8 -> afe3f61f040833e2a71f1ef5a17e74d2ea0afe66b762ad013766223d3a78d8c4
14:07:05.248928668 pdns=0/0/inactive/dead/ named=0/inactive/dead/ agent=0/inactive/ jphase=intent killpid=1726,
14:07:05.582491846 pdns=0/0/inactive/dead/ named=0/inactive/dead/ agent=0/inactive/ jphase=intent killpid=1726,
14:07:05.856217780 pdns=0/0/inactive/dead/ named=0/inactive/dead/ agent=0/inactive/ jphase=intent killpid=1726,
14:07:06.128955035 pdns=0/0/inactive/dead/ named=0/inactive/dead/ agent=0/inactive/ jphase=intent killpid=1726,
14:07:06.391984382 CHANGE journal a6c339d8c613fb1d9d8e3d819ac82020b4fc1853fd850437aaf4cbe4f4a232d9 -> c561915f98880a8ddd59931e1eb6ced0a0f0a11396a03d0740a47198491bb568
14:07:06.399977132 CHANGE ledger afe3f61f040833e2a71f1ef5a17e74d2ea0afe66b762ad013766223d3a78d8c4 -> 1200cf4f971d58e3c0aac9ee46624e2a7c2beb7f7f5875032a6d9dc54fe601ca
14:07:06.401430930 pdns=0/0/inactive/dead/ named=0/inactive/dead/ agent=0/inactive/ jphase=source-stopped killpid=1726,
14:07:06.678163469 CHANGE journal c561915f98880a8ddd59931e1eb6ced0a0f0a11396a03d0740a47198491bb568 -> 18452a37fe586ed40ef8ee18905ad68371b2c2ed6fbed03c784589eced2402cf
14:07:06.688621393 CHANGE ledger 1200cf4f971d58e3c0aac9ee46624e2a7c2beb7f7f5875032a6d9dc54fe601ca -> 12508481cc87e7bba12a43d7e1b332bf097d0c46a25e9ebffd659fdc182cffd7
14:07:06.690190241 pdns=0/0/inactive/dead/ named=0/inactive/dead/ agent=0/inactive/ jphase=source-stopped killpid=1726,
14:07:07.000362186 CHANGE ledger 12508481cc87e7bba12a43d7e1b332bf097d0c46a25e9ebffd659fdc182cffd7 -> 0f0cd1fa1967ab0a9060bcf574f78f73e637bcf13062a26a5209c241bee217ce
14:07:07.001869314 pdns=0/0/inactive/dead/ named=0/inactive/dead/ agent=0/inactive/ jphase=source-stopped killpid=1726,
14:07:07.512479061 CHANGE ledger 0f0cd1fa1967ab0a9060bcf574f78f73e637bcf13062a26a5209c241bee217ce -> fc196fedcccd264d31a71995f787add55fe62235ff73dd1f2b9c6477403f7822
14:07:07.514293918 pdns=0/0/inactive/dead/ named=0/inactive/dead/ agent=0/inactive/ jphase=source-stopped killpid=1726,
14:07:07.835126329 CHANGE ledger fc196fedcccd264d31a71995f787add55fe62235ff73dd1f2b9c6477403f7822 -> 7831006140a145e66d1c1cb69fd6deca971ffd0d3c4a473164ffc1f21de73794
14:07:07.837076799 pdns=0/0/inactive/dead/ named=0/inactive/dead/ agent=0/inactive/ jphase=source-stopped killpid=1726,
14:07:08.130457708 CHANGE ledger 7831006140a145e66d1c1cb69fd6deca971ffd0d3c4a473164ffc1f21de73794 -> 6fd673e8ca2f08c440ef4a004cf5eb2a1eceebd423d8a86bed862b3a57331595
14:07:08.132189273 pdns=0/0/inactive/dead/ named=0/inactive/dead/ agent=0/inactive/ jphase=source-stopped killpid=1726,3552,
14:07:08.518931970 CHANGE ledger 6fd673e8ca2f08c440ef4a004cf5eb2a1eceebd423d8a86bed862b3a57331595 -> deec4f232d92a24670b53345b266f765ff320b245cbb4982f85e64628b221a6a
14:07:08.520350329 pdns=0/0/inactive/dead/ named=0/inactive/dead/ agent=0/inactive/ jphase=source-stopped killpid=1726,3624,
14:07:08.802056671 CHANGE ledger deec4f232d92a24670b53345b266f765ff320b245cbb4982f85e64628b221a6a -> bcc41da2eb25cd0f82ab15ce44c48b9f32c7123ac956862bd48625a9db378067
14:07:08.803465410 pdns=0/0/inactive/dead/ named=0/inactive/dead/ agent=0/inactive/ jphase=source-stopped killpid=1726,3697,
14:07:09.126097897 CHANGE ledger bcc41da2eb25cd0f82ab15ce44c48b9f32c7123ac956862bd48625a9db378067 -> ce82cd1cc1e2c4fb4c8fd359a8e7a47cda3890e99228886019cf8861df4abdd7
14:07:09.127455313 pdns=3716/0/activating/start/ named=0/inactive/dead/ agent=0/inactive/ jphase=source-stopped killpid=1726,3710,
14:07:09.399335185 CHANGE ledger ce82cd1cc1e2c4fb4c8fd359a8e7a47cda3890e99228886019cf8861df4abdd7 -> 17e814d036f206734bb4aa00dddf09571526ea49e87842bca25465835df1aaed
14:07:09.400749319 pdns=3716/0/active/running/ named=0/inactive/dead/ agent=0/inactive/ jphase=source-stopped killpid=1726,
14:07:09.668644881 CHANGE ledger 17e814d036f206734bb4aa00dddf09571526ea49e87842bca25465835df1aaed -> 4f9ee44797d75df4f6eac44bbcfe69e686a5324f89477b7bdbfbdd3381c18268
14:07:09.670164514 pdns=3716/0/active/running/ named=0/inactive/dead/ agent=0/inactive/ jphase=source-stopped killpid=1726,
14:07:09.949546876 CHANGE ledger 4f9ee44797d75df4f6eac44bbcfe69e686a5324f89477b7bdbfbdd3381c18268 -> d8b666150c0d984e5be439ab8018eafffa621dcc2a5b301cdddbcd5b342e16a3
14:07:09.953191227 pdns=3716/0/active/running/ named=0/inactive/dead/ agent=0/inactive/ jphase=source-stopped killpid=1726,
14:07:10.255033061 CHANGE ledger d8b666150c0d984e5be439ab8018eafffa621dcc2a5b301cdddbcd5b342e16a3 -> 16364a0d39f4d6f3299905107412c08202dbe7d6aef736c84717eec01c49b403
14:07:10.256365393 pdns=3716/0/active/running/ named=0/inactive/dead/ agent=0/inactive/ jphase=source-stopped killpid=1726,
14:07:10.523547968 CHANGE ledger 16364a0d39f4d6f3299905107412c08202dbe7d6aef736c84717eec01c49b403 -> e86e9dfd783b1bdd41ecb44e9133f5c0f6b8c326794c1a381d25b9957f0febd8
14:07:10.524962303 pdns=3716/0/active/running/ named=0/inactive/dead/ agent=0/inactive/ jphase=source-stopped killpid=1726,
14:07:10.810278473 CHANGE ledger e86e9dfd783b1bdd41ecb44e9133f5c0f6b8c326794c1a381d25b9957f0febd8 -> 9a7edd430c73b5e8ff81cbc655ad773871b22eb153aaeb9cd0b3141979f75933
14:07:10.812448944 pdns=3716/0/active/running/ named=0/inactive/dead/ agent=0/inactive/ jphase=source-stopped killpid=1726,
14:07:11.090740575 CHANGE ledger 9a7edd430c73b5e8ff81cbc655ad773871b22eb153aaeb9cd0b3141979f75933 -> a01bed2f43c6795c7ee8b1340eb568edb006b69c40155e03273658892360336a
14:07:11.092228424 pdns=3716/0/active/running/ named=0/inactive/dead/ agent=0/inactive/ jphase=source-stopped killpid=1726,4005,
14:07:11.367306032 CHANGE ledger a01bed2f43c6795c7ee8b1340eb568edb006b69c40155e03273658892360336a -> f69c250913dfde427b82db8cab7d4b72ec6dbf92b9c424d6f689b38a552b5499
14:07:11.368628026 pdns=3716/0/active/running/ named=0/inactive/dead/ agent=0/inactive/ jphase=source-stopped killpid=1726,
14:07:11.632427322 CHANGE ledger f69c250913dfde427b82db8cab7d4b72ec6dbf92b9c424d6f689b38a552b5499 -> 3660bead8c6695f4b2837819fcc4c15e51fbc361e40df2feaec90e4971e47778
14:07:11.633759937 pdns=3716/0/active/running/ named=0/inactive/dead/ agent=0/inactive/ jphase=source-stopped killpid=1726,
14:07:11.897956689 CHANGE ledger 3660bead8c6695f4b2837819fcc4c15e51fbc361e40df2feaec90e4971e47778 -> 10ef35123f2720c382066e863772e4827c76d74a9eb6b65ec3a8ede5ebef2fe7
14:07:11.899376132 pdns=3716/0/active/running/ named=0/inactive/dead/ agent=0/inactive/ jphase=source-stopped killpid=1726,
14:07:12.164186252 CHANGE ledger 10ef35123f2720c382066e863772e4827c76d74a9eb6b65ec3a8ede5ebef2fe7 -> fb33147d388418b954dc9917386fb701d899d9d5cb8dcf9cf1496036209a997e
14:07:12.165578984 pdns=3716/0/active/running/ named=0/inactive/dead/ agent=0/inactive/ jphase=source-stopped killpid=1726,
14:07:12.429049675 CHANGE ledger fb33147d388418b954dc9917386fb701d899d9d5cb8dcf9cf1496036209a997e -> edc2c14eada3195be17f99d6ef54b9d2fe300c329c9c31b0c91aa800381f3eed
14:07:12.430451464 pdns=3716/0/active/running/ named=0/inactive/dead/ agent=0/inactive/ jphase=source-stopped killpid=1726,
14:07:12.710600704 CHANGE ledger edc2c14eada3195be17f99d6ef54b9d2fe300c329c9c31b0c91aa800381f3eed -> 47dcd5fa70e7cf2d592104d26b9ef1912ed18fd417c0392d5da3fcc2cc4a0cfd
14:07:12.712080447 pdns=3716/0/active/running/ named=0/inactive/dead/ agent=0/inactive/ jphase=source-stopped killpid=1726,
14:07:12.976324745 CHANGE ledger 47dcd5fa70e7cf2d592104d26b9ef1912ed18fd417c0392d5da3fcc2cc4a0cfd -> ffcbcb4103d1d98d013d3f6c4b67104ea44c9defdacf01aa50704632dde6ce08
14:07:12.977685385 pdns=3716/0/active/running/ named=0/inactive/dead/ agent=0/inactive/ jphase=source-stopped killpid=1726,
14:07:13.243291658 CHANGE ledger ffcbcb4103d1d98d013d3f6c4b67104ea44c9defdacf01aa50704632dde6ce08 -> 264a86b6601feb902b7bf2371bcf828cdd830e281b11e996bb71f5cc0f27c0ae
14:07:13.245131585 pdns=3716/0/active/running/ named=0/inactive/dead/ agent=0/inactive/ jphase=source-stopped killpid=1726,
14:07:13.517617854 CHANGE ledger 264a86b6601feb902b7bf2371bcf828cdd830e281b11e996bb71f5cc0f27c0ae -> 0439b03776fdfa5aee6bbb4909099861c39bbee0b873a4a20f7ba99ed6ef4413
14:07:13.519063490 pdns=3716/0/active/running/ named=0/inactive/dead/ agent=0/inactive/ jphase=source-stopped killpid=1726,
14:07:13.785025735 CHANGE ledger 0439b03776fdfa5aee6bbb4909099861c39bbee0b873a4a20f7ba99ed6ef4413 -> 83ed15406f7981712bc5086a25360291897ec3155b2df439697ad5da01590140
14:07:13.786483922 pdns=3716/0/active/running/ named=0/inactive/dead/ agent=0/inactive/ jphase=source-stopped killpid=1726,
14:07:14.055450790 pdns=3716/0/active/running/ named=0/inactive/dead/ agent=0/inactive/ jphase=source-stopped killpid=1726,
14:07:14.324886242 CHANGE ledger 83ed15406f7981712bc5086a25360291897ec3155b2df439697ad5da01590140 -> a5828c9429fad92dd73c7ceecc92a8bf27702592cfe3f83230228a7e4e403618
14:07:14.326443865 pdns=3716/0/active/running/ named=0/inactive/dead/ agent=0/inactive/ jphase=source-stopped killpid=1726,
14:07:14.593488639 CHANGE ledger a5828c9429fad92dd73c7ceecc92a8bf27702592cfe3f83230228a7e4e403618 -> 83f9aa885cc2152cbe27168261b68b94d3447bf9e43a6f3b14503539f9b732f9
14:07:14.595059704 pdns=3716/0/active/running/ named=0/inactive/dead/ agent=0/inactive/ jphase=source-stopped killpid=1726,
14:07:14.862054037 CHANGE ledger 83f9aa885cc2152cbe27168261b68b94d3447bf9e43a6f3b14503539f9b732f9 -> 8a005eab1b040e8f3a1ffa73666793196bb552b6227a326714944bf4cc758f8e
14:07:14.863438051 pdns=3716/0/active/running/ named=0/inactive/dead/ agent=0/inactive/ jphase=source-stopped killpid=1726,
14:07:15.126972718 CHANGE ledger 8a005eab1b040e8f3a1ffa73666793196bb552b6227a326714944bf4cc758f8e -> bbbc9d07c6df1ea0c4d47d43f45a9eff5ea366feaa6cb4e25053fbf008ead5d5
14:07:15.128297904 pdns=3716/0/active/running/ named=0/inactive/dead/ agent=0/inactive/ jphase=source-stopped killpid=1726,
14:07:15.393868919 CHANGE ledger bbbc9d07c6df1ea0c4d47d43f45a9eff5ea366feaa6cb4e25053fbf008ead5d5 -> c95d2cb52f3a0125aabbd599ed1f80d1d6485d2b9d220705d9badfc52cd70ad9
14:07:15.395367143 pdns=3716/0/active/running/ named=0/inactive/dead/ agent=0/inactive/ jphase=source-stopped killpid=1726,
14:07:15.658893214 CHANGE ledger c95d2cb52f3a0125aabbd599ed1f80d1d6485d2b9d220705d9badfc52cd70ad9 -> decec03987f6e478206063b5bf5204f703e3bcad9589e21966b4dc040175b637
14:07:15.660262584 pdns=3716/0/active/running/ named=0/inactive/dead/ agent=0/inactive/ jphase=source-stopped killpid=1726,
14:07:15.924887867 CHANGE ledger decec03987f6e478206063b5bf5204f703e3bcad9589e21966b4dc040175b637 -> 4ed28b82b0037ff70730407c519100a92009d11452d6ea7aa4984e89e2bd22bf
14:07:15.926471506 pdns=3716/0/active/running/ named=0/inactive/dead/ agent=0/inactive/ jphase=source-stopped killpid=1726,
14:07:16.192808613 CHANGE ledger 4ed28b82b0037ff70730407c519100a92009d11452d6ea7aa4984e89e2bd22bf -> b39f169dc495701e228f431930218bb389c11cae6e1d4182ed1d68a612a003b8
14:07:16.194308361 pdns=3716/0/active/running/ named=0/inactive/dead/ agent=0/inactive/ jphase=source-stopped killpid=1726,
14:07:16.461455623 CHANGE ledger b39f169dc495701e228f431930218bb389c11cae6e1d4182ed1d68a612a003b8 -> 0b1d8cf694ed924b6b119dd9f50cb043e024050f8c17023b90e14123301ab4f8
14:07:16.462867773 pdns=3716/0/active/running/ named=0/inactive/dead/ agent=0/inactive/ jphase=source-stopped killpid=1726,
14:07:16.730760850 CHANGE ledger 0b1d8cf694ed924b6b119dd9f50cb043e024050f8c17023b90e14123301ab4f8 -> 4a5f1ef2f3d73b177e737a7b58c176a59d2a3b1811d3f7a99223cc59d8c0be3e
14:07:16.732485550 pdns=3716/0/active/running/ named=0/inactive/dead/ agent=0/inactive/ jphase=source-stopped killpid=1726,
14:07:17.014021700 CHANGE ledger 4a5f1ef2f3d73b177e737a7b58c176a59d2a3b1811d3f7a99223cc59d8c0be3e -> 66773d0018007bcfd1b480acb813143cb21cd06410d02c95e1b951f373b7e173
14:07:17.015341759 pdns=3716/0/active/running/ named=0/inactive/dead/ agent=0/inactive/ jphase=source-stopped killpid=1726,
14:07:17.282074397 CHANGE ledger 66773d0018007bcfd1b480acb813143cb21cd06410d02c95e1b951f373b7e173 -> 77bbf14bbd25f4e2b47876300ee0bf3f017cb83135217b96005009f998b8d2e2
14:07:17.283458572 pdns=3716/0/active/running/ named=0/inactive/dead/ agent=0/inactive/ jphase=source-stopped killpid=1726,
14:07:17.549251468 CHANGE ledger 77bbf14bbd25f4e2b47876300ee0bf3f017cb83135217b96005009f998b8d2e2 -> d86d75ea519c115c13e0753ac146d995555d86c9bb31dd558bd8de20bf3cba10
14:07:17.550852990 pdns=3716/0/active/running/ named=0/inactive/dead/ agent=0/inactive/ jphase=source-stopped killpid=1726,
14:07:17.815195210 CHANGE ledger d86d75ea519c115c13e0753ac146d995555d86c9bb31dd558bd8de20bf3cba10 -> fb392d3667a9d50fac847d5cc0e5c7008cfc100f1fdb4fb76e2142bcedf383b4
14:07:17.816621431 pdns=3716/0/active/running/ named=0/inactive/dead/ agent=0/inactive/ jphase=source-stopped killpid=1726,
14:07:18.083389193 CHANGE ledger fb392d3667a9d50fac847d5cc0e5c7008cfc100f1fdb4fb76e2142bcedf383b4 -> 0f017a31aeeee1bcaa622869f0893c52e6d5a47bbddf5856d2761f62aaf6c1a4
14:07:18.084826162 pdns=3716/0/active/running/ named=0/inactive/dead/ agent=0/inactive/ jphase=source-stopped killpid=1726,
14:07:18.351478564 CHANGE ledger 0f017a31aeeee1bcaa622869f0893c52e6d5a47bbddf5856d2761f62aaf6c1a4 -> e00722eb1a943eff3bb13ae53ce7986dd85d6462452239a0df4b019c61c52e34
14:07:18.353160701 pdns=3716/0/active/running/ named=0/inactive/dead/ agent=0/inactive/ jphase=source-stopped killpid=1726,
14:07:18.635523349 CHANGE ledger e00722eb1a943eff3bb13ae53ce7986dd85d6462452239a0df4b019c61c52e34 -> 5cb64155a2fd83dbc5b29c4407675062dd552983c9b4e182f7d621bbf3bd3b95
14:07:18.637057220 pdns=3716/0/active/running/ named=0/inactive/dead/ agent=0/inactive/ jphase=source-stopped killpid=1726,
14:07:18.912566411 CHANGE ledger 5cb64155a2fd83dbc5b29c4407675062dd552983c9b4e182f7d621bbf3bd3b95 -> 0a3885758a5371afebef4533cc223684d1f644efd75cd9117845ed1a04fe85c8
14:07:18.913962307 pdns=3716/0/active/running/ named=0/inactive/dead/ agent=0/inactive/ jphase=source-stopped killpid=1726,
14:07:19.176725271 CHANGE ledger 0a3885758a5371afebef4533cc223684d1f644efd75cd9117845ed1a04fe85c8 -> 86d25f18acf6390ae4815d3390fcaee8a9fb680c13a0c5f2971fcbe879de82a7
14:07:19.178164533 pdns=3716/0/active/running/ named=0/inactive/dead/ agent=0/inactive/ jphase=source-stopped killpid=1726,
14:07:19.448488089 CHANGE ledger 86d25f18acf6390ae4815d3390fcaee8a9fb680c13a0c5f2971fcbe879de82a7 -> ba7d5131497063236086da89cadf44414c5cc69028213240988cb135fd0ce483
14:07:19.450535847 pdns=3716/0/active/running/ named=0/inactive/dead/ agent=0/inactive/ jphase=source-stopped killpid=1726,
14:07:19.720069700 CHANGE ledger ba7d5131497063236086da89cadf44414c5cc69028213240988cb135fd0ce483 -> e430c3c5ca283dc9db7c67cb656b3981cfd4b41b79ad3643543d28fd6e664b7a
14:07:19.721476253 pdns=3716/0/active/running/ named=0/inactive/dead/ agent=0/inactive/ jphase=source-stopped killpid=1726,
14:07:19.988280439 CHANGE ledger e430c3c5ca283dc9db7c67cb656b3981cfd4b41b79ad3643543d28fd6e664b7a -> 9c77164bdfd84e48b7a91122aba42df81fcb8c0a205baae5b55b8a81c36267d3
14:07:19.990165489 pdns=3716/0/active/running/ named=0/inactive/dead/ agent=0/inactive/ jphase=source-stopped killpid=1726,
14:07:20.257064780 CHANGE ledger 9c77164bdfd84e48b7a91122aba42df81fcb8c0a205baae5b55b8a81c36267d3 -> 60e267bb6ccce56988ac2fe0a9f0df3eb7ab996a78aece7db423facee0d7fba1
14:07:20.258483197 pdns=3716/0/active/running/ named=0/inactive/dead/ agent=0/inactive/ jphase=source-stopped killpid=1726,
14:07:20.522969505 CHANGE ledger 60e267bb6ccce56988ac2fe0a9f0df3eb7ab996a78aece7db423facee0d7fba1 -> 81a32bbb19a91ff3faeb813f83001372bf6de73681c0a010a68ed1867cd1ec97
14:07:20.524335682 pdns=3716/0/active/running/ named=0/inactive/dead/ agent=0/inactive/ jphase=source-stopped killpid=1726,
14:07:20.790059224 CHANGE ledger 81a32bbb19a91ff3faeb813f83001372bf6de73681c0a010a68ed1867cd1ec97 -> c8bbcb9c04dfb097364e2b480feddcf62d2255aae532aba2c62299f775aa37a7
14:07:20.791455340 pdns=3716/0/active/running/ named=0/inactive/dead/ agent=0/inactive/ jphase=source-stopped killpid=1726,
14:07:21.058449418 CHANGE ledger c8bbcb9c04dfb097364e2b480feddcf62d2255aae532aba2c62299f775aa37a7 -> fa6554dbf01487a747715de139c65429dd63d575d22027f7ff7d7450fe60bbc4
14:07:21.059830967 pdns=3716/0/active/running/ named=0/inactive/dead/ agent=0/inactive/ jphase=source-stopped killpid=1726,
14:07:21.359045269 pdns=3716/0/active/running/ named=0/inactive/dead/ agent=0/inactive/ jphase=source-stopped killpid=1726,
14:07:21.828060093 CHANGE ledger fa6554dbf01487a747715de139c65429dd63d575d22027f7ff7d7450fe60bbc4 -> 2c5f5d02e6b84b0d1099f8a2f561f290793e0a1aa1d85584ccb050b14b3d4945
14:07:21.831632496 pdns=3716/0/active/running/ named=0/inactive/dead/ agent=0/inactive/ jphase=source-stopped killpid=1726,
14:07:22.218286095 CHANGE ledger 2c5f5d02e6b84b0d1099f8a2f561f290793e0a1aa1d85584ccb050b14b3d4945 -> f120bc30eef9e32cdb286d3f110c9cb17042a9db463b2a5f3a7f692a51b58bfc
14:07:22.221456795 pdns=3716/0/active/running/ named=0/inactive/dead/ agent=0/inactive/ jphase=source-stopped killpid=1726,
14:07:22.601540232 CHANGE ledger f120bc30eef9e32cdb286d3f110c9cb17042a9db463b2a5f3a7f692a51b58bfc -> 3993dbd3249f69fea60e9fda4197e6dfdbc0705d017e3fcd0df0c3c126662b46
14:07:22.604472792 pdns=3716/0/active/running/ named=0/inactive/dead/ agent=0/inactive/ jphase=source-stopped killpid=1726,
14:07:23.025874119 CHANGE ledger 3993dbd3249f69fea60e9fda4197e6dfdbc0705d017e3fcd0df0c3c126662b46 -> a8fa9c6afca1c5bbd603bfa247405c82db8f32cb5fa9c29af56f36460f80919d
14:07:23.035075744 pdns=3716/0/active/running/ named=0/inactive/dead/ agent=0/inactive/ jphase=source-stopped killpid=1726,
14:07:23.367463356 CHANGE ledger a8fa9c6afca1c5bbd603bfa247405c82db8f32cb5fa9c29af56f36460f80919d -> 3b715502f3c1103ee1565f6149602d8c4177b83e4c6ebd09572b31694d14e675
14:07:23.368812034 pdns=3716/0/active/running/ named=0/inactive/dead/ agent=0/inactive/ jphase=source-stopped killpid=1726,
14:07:23.640031207 CHANGE ledger 3b715502f3c1103ee1565f6149602d8c4177b83e4c6ebd09572b31694d14e675 -> cf784669ddda609bbacfa9ca6f38bf92973fbd8c24a4ce254ead80adff03f624
14:07:23.641650947 pdns=3716/0/active/running/ named=0/inactive/dead/ agent=0/inactive/ jphase=source-stopped killpid=1726,
14:07:23.905670091 CHANGE ledger cf784669ddda609bbacfa9ca6f38bf92973fbd8c24a4ce254ead80adff03f624 -> c2c556e9540a579d44d5c52de28cfe2cbc2f4d6b4196f332d7ea861385224e19
14:07:23.907011620 pdns=3716/0/active/running/ named=0/inactive/dead/ agent=0/inactive/ jphase=source-stopped killpid=1726,
14:07:24.173226810 CHANGE ledger c2c556e9540a579d44d5c52de28cfe2cbc2f4d6b4196f332d7ea861385224e19 -> ddcb4eb83e90c77a5045a5a3305a8dc138a4e1bd6cb68fa83bcaed195fded046
14:07:24.174991577 pdns=3716/0/active/running/ named=0/inactive/dead/ agent=0/inactive/ jphase=source-stopped killpid=1726,
14:07:24.446385179 CHANGE journal 18452a37fe586ed40ef8ee18905ad68371b2c2ed6fbed03c784589eced2402cf -> a9246bab89add30526d0436600d39f03c889118dded381cfdc59da9cc8911b90
14:07:24.457021498 CHANGE ledger ddcb4eb83e90c77a5045a5a3305a8dc138a4e1bd6cb68fa83bcaed195fded046 -> 71a03a56fa81a79638d00e974f64d07e51cd8cc59abcbaa1b188fa11f243f977
14:07:24.459251497 pdns=0/0/inactive/dead/ named=0/inactive/dead/ agent=0/inactive/ jphase=rolling-back killpid=1726,5715,
14:07:24.757339062 CHANGE ledger 71a03a56fa81a79638d00e974f64d07e51cd8cc59abcbaa1b188fa11f243f977 -> 4ae2cbefeef67d31100471e456db786016126ec4ca41ddca01fdeda6eeb7ef64
14:07:24.759577272 pdns=0/0/inactive/dead/ named=0/inactive/dead/ agent=0/inactive/ jphase=rolling-back killpid=1726,
14:07:25.058587309 CHANGE ledger 4ae2cbefeef67d31100471e456db786016126ec4ca41ddca01fdeda6eeb7ef64 -> ec0295611b964019e1390b11d560b8a4be20b6a62259bb2e4558823a37b45c36
14:07:25.060072287 pdns=0/0/inactive/dead/ named=0/inactive/dead/ agent=0/inactive/ jphase=rolling-back killpid=
done
