05:12:22.068174294 CHANGE journal none -> absent
05:12:22.084389479 CHANGE ledger none -> 177f61d12ed0bb85e6ea535b807b376e26bbe0871405a13867c0b3cb6ea4b211
05:12:22.090348708 CHANGE state none -> absent
05:12:22.096292265 CHANGE pdnsdb none -> absent
05:12:22.101394318 POINTER 
05:12:22.103359872 pdns=0/0/inactive/dead/ named=0/inactive/dead/ agent=0/inactive/ jphase=absent killpid=
05:12:22.421650463 pdns=0/0/inactive/dead/ named=0/inactive/dead/ agent=0/inactive/ jphase=absent killpid=
05:12:22.731558746 pdns=0/0/inactive/dead/ named=0/inactive/dead/ agent=0/inactive/ jphase=absent killpid=
05:12:23.028594489 pdns=0/0/inactive/dead/ named=0/inactive/dead/ agent=0/inactive/ jphase=absent killpid=
05:12:23.333875820 pdns=0/0/inactive/dead/ named=0/inactive/dead/ agent=0/inactive/ jphase=absent killpid=
05:12:23.650135413 pdns=0/0/inactive/dead/ named=0/inactive/dead/ agent=0/inactive/ jphase=absent killpid=
05:12:23.955647176 pdns=0/0/inactive/dead/ named=0/inactive/dead/ agent=0/inactive/ jphase=absent killpid=
05:12:24.278891281 pdns=0/0/inactive/dead/ named=0/inactive/dead/ agent=0/inactive/ jphase=absent killpid=
05:12:24.689414893 pdns=0/0/inactive/dead/ named=0/inactive/dead/ agent=0/inactive/ jphase=absent killpid=
05:12:25.092443133 pdns=0/0/inactive/dead/ named=0/inactive/dead/ agent=0/inactive/ jphase=absent killpid=
05:12:26.485275222 pdns=0/0/inactive/dead/ named=0/inactive/dead/ agent=0/inactive/ jphase=absent killpid=2147,
05:12:26.792726754 pdns=0/0/inactive/dead/ named=0/inactive/dead/ agent=0/inactive/ jphase=absent killpid=2147,
05:12:27.099918804 pdns=0/0/inactive/dead/ named=0/inactive/dead/ agent=0/inactive/ jphase=absent killpid=2147,
05:12:27.379220937 pdns=0/0/inactive/dead/ named=0/inactive/dead/ agent=0/inactive/ jphase=absent killpid=2147,
05:12:27.696231367 CHANGE ledger 177f61d12ed0bb85e6ea535b807b376e26bbe0871405a13867c0b3cb6ea4b211 -> 8eaabb3a5096d29612425f974025a0fd4672f7b2bd960e1855cc3c02b0cc9a40
05:12:27.703055624 pdns=0/0/inactive/dead/ named=0/inactive/dead/ agent=0/inactive/ jphase=absent killpid=2147,
05:12:28.062365410 CHANGE ledger 8eaabb3a5096d29612425f974025a0fd4672f7b2bd960e1855cc3c02b0cc9a40 -> 367c70b835e7ea24b3c019c92e96f0409082f6ac27b443e3c3197c9abcbea401
05:12:28.071192446 pdns=0/0/inactive/dead/ named=0/inactive/dead/ agent=0/inactive/ jphase=absent killpid=2147,2460,
05:12:28.417515334 pdns=0/0/inactive/dead/ named=0/inactive/dead/ agent=0/inactive/ jphase=absent killpid=2147,2460,
05:12:28.733914583 pdns=0/0/inactive/dead/ named=0/inactive/dead/ agent=0/inactive/ jphase=absent killpid=2147,2460,
05:12:29.072329842 pdns=0/0/inactive/dead/ named=0/inactive/dead/ agent=0/inactive/ jphase=absent killpid=2147,2460,
05:12:29.415838669 pdns=0/0/inactive/dead/ named=0/inactive/dead/ agent=0/inactive/ jphase=absent killpid=2147,2460,
05:12:29.821195854 pdns=0/0/inactive/dead/ named=0/inactive/dead/ agent=0/inactive/ jphase=absent killpid=2147,2460,
05:12:30.150286523 pdns=0/0/inactive/dead/ named=0/inactive/dead/ agent=0/inactive/ jphase=absent killpid=2147,2460,
05:12:30.594030535 pdns=0/0/inactive/dead/ named=0/inactive/dead/ agent=0/inactive/ jphase=absent killpid=2147,2460,
05:12:30.926349095 pdns=0/0/inactive/dead/ named=0/inactive/dead/ agent=0/inactive/ jphase=absent killpid=2147,2460,
05:12:31.242875017 pdns=0/0/inactive/dead/ named=0/inactive/dead/ agent=0/inactive/ jphase=absent killpid=2147,2460,
05:12:31.587389568 pdns=0/0/inactive/dead/ named=0/inactive/dead/ agent=0/inactive/ jphase=absent killpid=2147,2460,
05:12:31.930024308 pdns=0/0/inactive/dead/ named=0/inactive/dead/ agent=0/inactive/ jphase=absent killpid=2147,2460,
05:12:32.239166451 pdns=0/0/inactive/dead/ named=0/inactive/dead/ agent=0/inactive/ jphase=absent killpid=2147,
05:12:32.613158103 CHANGE ledger 367c70b835e7ea24b3c019c92e96f0409082f6ac27b443e3c3197c9abcbea401 -> 559b539953791b194e1809436648bfb58e91f0d2578d26b28bd1fa72b1c42188
05:12:32.631515311 pdns=0/0/inactive/dead/ named=0/inactive/dead/ agent=0/inactive/ jphase=absent killpid=2147,3102,
05:12:33.249874396 CHANGE ledger 559b539953791b194e1809436648bfb58e91f0d2578d26b28bd1fa72b1c42188 -> f726862006d2108f879ed73984a206699445e07e8754d9667fed516bbf9a1490
05:12:33.272444196 pdns=0/0/inactive/dead/ named=0/inactive/dead/ agent=0/inactive/ jphase=absent killpid=2147,
05:12:34.303461291 CHANGE ledger f726862006d2108f879ed73984a206699445e07e8754d9667fed516bbf9a1490 -> 535cbbe533b904d8a3b473f293b8d1d69a641ff26aaadd58a5acfc2465e91afd
05:12:34.318231379 pdns=0/0/inactive/dead/ named=0/inactive/dead/ agent=0/inactive/ jphase=absent killpid=2147,
05:12:35.028186128 CHANGE ledger 535cbbe533b904d8a3b473f293b8d1d69a641ff26aaadd58a5acfc2465e91afd -> e8751d7ea411712b86d698aee1319614d91d5b492525b8b92d8568299198259c
05:12:35.067146803 pdns=0/0/inactive/dead/ named=0/inactive/dead/ agent=0/inactive/ jphase=absent killpid=2147,3342,
05:12:35.835238452 CHANGE ledger e8751d7ea411712b86d698aee1319614d91d5b492525b8b92d8568299198259c -> b1b5aa8bd731b61f9b704357e45e9579ef00ffa6308d64183c897e3384135fa2
05:12:35.895855450 pdns=0/0/inactive/dead/ named=0/inactive/dead/ agent=0/inactive/ jphase=absent killpid=2147,3342,
05:12:36.284728541 pdns=0/0/inactive/dead/ named=0/inactive/dead/ agent=0/inactive/ jphase=absent killpid=2147,3342,
05:12:36.602277415 pdns=0/0/inactive/dead/ named=0/inactive/dead/ agent=0/inactive/ jphase=absent killpid=2147,3342,
05:12:36.912739102 pdns=0/0/inactive/dead/ named=0/inactive/dead/ agent=0/inactive/ jphase=absent killpid=2147,3342,
05:12:37.261040312 pdns=0/0/inactive/dead/ named=0/inactive/dead/ agent=0/inactive/ jphase=absent killpid=2147,3342,
05:12:37.608796900 CHANGE ledger b1b5aa8bd731b61f9b704357e45e9579ef00ffa6308d64183c897e3384135fa2 -> 38c6763f79470a589c6188783f79712004623415d2a1bfb94268ded50534c636
05:12:37.615091618 pdns=0/0/inactive/dead/ named=0/inactive/dead/ agent=0/inactive/ jphase=absent killpid=2147,3342,
05:12:37.967110600 pdns=0/0/inactive/dead/ named=0/inactive/dead/ agent=0/inactive/ jphase=absent killpid=2147,3342,
05:12:38.283562194 pdns=0/0/inactive/dead/ named=0/inactive/dead/ agent=0/inactive/ jphase=absent killpid=2147,3342,
05:12:38.597047233 pdns=0/0/inactive/dead/ named=0/inactive/dead/ agent=0/inactive/ jphase=absent killpid=2147,3342,
05:12:38.930657394 pdns=0/0/inactive/dead/ named=0/inactive/dead/ agent=0/inactive/ jphase=absent killpid=2147,3342,
05:12:39.234361501 pdns=0/0/inactive/dead/ named=0/inactive/dead/ agent=0/inactive/ jphase=absent killpid=2147,3342,
05:12:39.552517114 pdns=0/0/inactive/dead/ named=0/inactive/dead/ agent=0/inactive/ jphase=absent killpid=2147,3342,
05:12:39.895212268 pdns=0/0/inactive/dead/ named=0/inactive/dead/ agent=0/inactive/ jphase=absent killpid=2147,3342,
05:12:40.215243480 pdns=0/0/inactive/dead/ named=0/inactive/dead/ agent=0/inactive/ jphase=absent killpid=2147,3342,
05:12:40.523147718 pdns=0/0/inactive/dead/ named=0/inactive/dead/ agent=0/inactive/ jphase=absent killpid=2147,3342,
05:12:40.850449888 pdns=0/0/inactive/dead/ named=0/inactive/dead/ agent=0/inactive/ jphase=absent killpid=2147,3342,
05:12:41.191418348 pdns=0/0/inactive/dead/ named=0/inactive/dead/ agent=0/inactive/ jphase=absent killpid=2147,3342,
05:12:41.499983732 pdns=0/0/inactive/dead/ named=0/inactive/dead/ agent=0/inactive/ jphase=absent killpid=2147,3342,
05:12:41.842222350 pdns=0/0/inactive/dead/ named=0/inactive/dead/ agent=0/inactive/ jphase=absent killpid=2147,
05:12:42.185556970 CHANGE ledger 38c6763f79470a589c6188783f79712004623415d2a1bfb94268ded50534c636 -> b0f23c1096026e218c275a18516bf04ba723f4f151216846684755c3cd119fee
05:12:42.190742283 pdns=0/0/inactive/dead/ named=0/inactive/dead/ agent=0/inactive/ jphase=absent killpid=2147,4384,
05:12:42.643830712 CHANGE ledger b0f23c1096026e218c275a18516bf04ba723f4f151216846684755c3cd119fee -> d3d503e505632aba8877c3b5f289f514d6797285580a797a3fb6a79267bc0fd1
05:12:42.653669948 pdns=0/0/inactive/dead/ named=0/inactive/dead/ agent=0/inactive/ jphase=absent killpid=2147,
05:12:43.083081805 CHANGE ledger d3d503e505632aba8877c3b5f289f514d6797285580a797a3fb6a79267bc0fd1 -> 03e89e6fad2389152f850890f19bdc542130b2824092f9fd48df8f350b029807
05:12:43.089657362 pdns=0/0/inactive/dead/ named=0/inactive/dead/ agent=0/inactive/ jphase=absent killpid=2147,4584,
05:12:43.408618412 CHANGE ledger 03e89e6fad2389152f850890f19bdc542130b2824092f9fd48df8f350b029807 -> 056731279fc43dfff862082acd782f8f07204ccf024d512a895b0ecd07d10206
05:12:43.420214992 pdns=0/0/inactive/dead/ named=0/inactive/dead/ agent=0/inactive/ jphase=intent killpid=2147,
05:12:43.803039749 CHANGE journal absent -> 2da5fc4f18273f6dd9d00c2c441093ba854499ddc14c3ee272eb6435e22f4cca
05:12:43.842818970 CHANGE ledger 056731279fc43dfff862082acd782f8f07204ccf024d512a895b0ecd07d10206 -> fee263b8a95cd23503e9852a95dde6035d957052f39893716b82e70523ede37b
05:12:43.859916706 pdns=0/0/inactive/dead/ named=0/inactive/dead/ agent=0/inactive/ jphase=intent killpid=2147,
05:12:44.225042293 pdns=0/0/inactive/dead/ named=0/inactive/dead/ agent=0/inactive/ jphase=intent killpid=2147,
05:12:44.523532863 CHANGE journal 2da5fc4f18273f6dd9d00c2c441093ba854499ddc14c3ee272eb6435e22f4cca -> aedf7a68074fda6f83c9e009fb81afa753f2789ad1dc4100c409cd4406d09bd8
05:12:44.533692212 pdns=0/0/inactive/dead/ named=0/inactive/dead/ agent=0/inactive/ jphase=target-staged killpid=2147,
05:12:44.835089443 CHANGE journal aedf7a68074fda6f83c9e009fb81afa753f2789ad1dc4100c409cd4406d09bd8 -> 8d0f6afba721dcd6d95ed6a66d5fce07fe8ab374a6a961e1e3aabc36987becf8
05:12:44.856566940 CHANGE ledger fee263b8a95cd23503e9852a95dde6035d957052f39893716b82e70523ede37b -> cca863b57f146bf7f082650a362a24bc84382b0d1ab20514edefe7ba3006f53b
05:12:44.879462182 CHANGE pdnsdb absent -> 91fe2fdb69b8a70792999e9306200aee214a73f5957518082c5fd7c0f5f4dcc4
05:12:44.884291949 pdns=0/0/inactive/dead/ named=0/inactive/dead/ agent=0/inactive/ jphase=target-enable-intent killpid=2147,4976,
05:12:45.225559402 CHANGE ledger cca863b57f146bf7f082650a362a24bc84382b0d1ab20514edefe7ba3006f53b -> 5d66a84200872b1be31374533939310574b95386dd7607a499d69a17ae63e2a8
05:12:45.235557056 pdns=0/0/inactive/dead/ named=0/inactive/dead/ agent=0/inactive/ jphase=target-enable-intent killpid=2147,5131,
05:12:45.825198770 CHANGE ledger 5d66a84200872b1be31374533939310574b95386dd7607a499d69a17ae63e2a8 -> 326f0682f83c4d6d5c34a5241fb9f2aaf520f1051d51ef61788656b6400f84fe
05:12:45.838968211 pdns=0/0/inactive/dead/ named=0/inactive/dead/ agent=0/inactive/ jphase=target-enable-intent killpid=2147,5234,
05:12:46.216389627 CHANGE ledger 326f0682f83c4d6d5c34a5241fb9f2aaf520f1051d51ef61788656b6400f84fe -> b4a122f1d6f2a2f778ca26301247623aed543e47ce97e2a9f7f22e2e4fc0d895
05:12:46.229959771 pdns=0/0/inactive/dead/ named=0/inactive/dead/ agent=0/inactive/ jphase=target-enable-intent killpid=2147,5339,
05:12:46.592996598 CHANGE ledger b4a122f1d6f2a2f778ca26301247623aed543e47ce97e2a9f7f22e2e4fc0d895 -> 437a9772eeb000dadc837063785784d0ea2139fd39a60a4d373c61b1e42bcfc7
05:12:46.614429643 pdns=0/0/inactive/dead/ named=0/inactive/dead/ agent=0/inactive/ jphase=target-enable-intent killpid=2147,
05:12:46.956275438 CHANGE ledger 437a9772eeb000dadc837063785784d0ea2139fd39a60a4d373c61b1e42bcfc7 -> 0417e907a029948e86c0560223ad6576ef4ec75ebc8c0325ebe874c463f296bf
05:12:46.971968035 pdns=0/0/inactive/dead/ named=0/inactive/dead/ agent=0/inactive/ jphase=target-enable-intent killpid=2147,5568,
05:12:47.443592503 CHANGE ledger 0417e907a029948e86c0560223ad6576ef4ec75ebc8c0325ebe874c463f296bf -> e73809d9b47329ecaee0c27d1851591fb01a497f6e8279c440a58f6e1c8af022
05:12:47.465191591 pdns=0/0/inactive/dead/ named=0/inactive/dead/ agent=0/inactive/ jphase=target-enable-intent killpid=2147,
05:12:47.836555841 CHANGE ledger e73809d9b47329ecaee0c27d1851591fb01a497f6e8279c440a58f6e1c8af022 -> 836330a6101ff0059f5aacb1d233d193efb7c27b62acacc9f5f2d026077baa53
05:12:47.862219624 pdns=0/0/inactive/dead/ named=0/inactive/dead/ agent=0/inactive/ jphase=target-enable-intent killpid=2147,5793,
05:12:48.227462721 CHANGE ledger 836330a6101ff0059f5aacb1d233d193efb7c27b62acacc9f5f2d026077baa53 -> 1330a3a87c22ec99d4e598d6eb82266b5fac7b8d4e58e52f735c09a8d5226408
05:12:48.246872341 pdns=5832/0/activating/start/ named=0/inactive/dead/ agent=0/inactive/ jphase=target-enable-intent killpid=2147,
05:12:48.588783644 CHANGE journal 8d0f6afba721dcd6d95ed6a66d5fce07fe8ab374a6a961e1e3aabc36987becf8 -> 204c1992fae2560283f279bf9864e78e1b17e74349b68d7dcca210e070590dbf
05:12:48.607727550 CHANGE ledger 1330a3a87c22ec99d4e598d6eb82266b5fac7b8d4e58e52f735c09a8d5226408 -> a9545571aa927dda8dbccd4c573cadd66b52d71079adadc71ffe36b08464b0f1
05:12:48.633495602 CHANGE pdnsdb 91fe2fdb69b8a70792999e9306200aee214a73f5957518082c5fd7c0f5f4dcc4 -> f827a73bebe7a0c845e58802d56195802ac6d881fd593ba9d224f2abb02dd859
05:12:48.642213661 pdns=5832/0/active/running/ named=0/inactive/dead/ agent=0/inactive/ jphase=target-started killpid=2147,6030,
05:12:49.049988653 CHANGE ledger a9545571aa927dda8dbccd4c573cadd66b52d71079adadc71ffe36b08464b0f1 -> 610d9c2c859b459a3e8598de718db4a131cee567156f464905011fd8238434ee
05:12:49.065854525 pdns=5832/0/active/running/ named=0/inactive/dead/ agent=0/inactive/ jphase=target-started killpid=2147,
05:12:49.398200033 CHANGE ledger 610d9c2c859b459a3e8598de718db4a131cee567156f464905011fd8238434ee -> 57c63867e394eea7202bcdd6e23618367bdb1d17cfd2c02828e1583ec20c4d2d
05:12:49.412049040 pdns=5832/0/active/running/ named=0/inactive/dead/ agent=0/inactive/ jphase=target-started killpid=2147,
05:12:49.774503584 CHANGE ledger 57c63867e394eea7202bcdd6e23618367bdb1d17cfd2c02828e1583ec20c4d2d -> e2cd67427801750926a0c243c3de9a855e1be372b14d5b623b6cf500ca7fd060
05:12:49.788927644 pdns=5832/0/active/running/ named=0/inactive/dead/ agent=0/inactive/ jphase=target-started killpid=2147,
05:12:50.168725175 CHANGE ledger e2cd67427801750926a0c243c3de9a855e1be372b14d5b623b6cf500ca7fd060 -> bb020afb7bfce96436f389d579791c6c928ee3adf1de786a9858f38e851657dc
05:12:50.179684443 pdns=5832/0/active/running/ named=0/inactive/dead/ agent=0/inactive/ jphase=target-started killpid=2147,
05:12:50.527938590 CHANGE ledger bb020afb7bfce96436f389d579791c6c928ee3adf1de786a9858f38e851657dc -> 42a45946eb881c018fca5f3a469fed142579d9ee4b58dc0e91f3504cdd78ec62
05:12:50.550257277 pdns=5832/0/active/running/ named=0/inactive/dead/ agent=0/inactive/ jphase=target-started killpid=2147,
05:12:50.913876423 CHANGE journal 204c1992fae2560283f279bf9864e78e1b17e74349b68d7dcca210e070590dbf -> adf57fe4848de99c8d555dfbd00843e5440aa224cd9e5d4b51df096e0078d043
05:12:50.930696853 CHANGE ledger 42a45946eb881c018fca5f3a469fed142579d9ee4b58dc0e91f3504cdd78ec62 -> 6d128a3ab7ac92b46d01c33eedc4d9723b5438470bc5ab4d74764aff658fb0b9
05:12:50.957602852 pdns=5832/0/active/running/ named=0/inactive/dead/ agent=0/inactive/ jphase=committed killpid=2147,
05:12:51.356412384 CHANGE journal adf57fe4848de99c8d555dfbd00843e5440aa224cd9e5d4b51df096e0078d043 -> 8dda164467ca404c59e1cf41d301ebae65c575fcb9ccb922fc9236b18180136c
05:12:51.392656648 CHANGE state absent -> 307bdc7c5ffa020d987b143672d907f18fcda37eee414ba8da4db4392426bdb4
05:12:51.410103843 pdns=5832/0/active/running/ named=0/inactive/dead/ agent=0/inactive/ jphase=committed killpid=
05:12:52.021196110 pdns=5832/0/active/running/ named=0/inactive/dead/ agent=0/inactive/ jphase=committed killpid=
05:12:52.389100540 pdns=5832/0/active/running/ named=0/inactive/dead/ agent=0/inactive/ jphase=committed killpid=
05:12:52.746510335 pdns=5832/0/active/running/ named=0/inactive/dead/ agent=6958/active/ jphase=committed killpid=
05:12:53.109961995 pdns=5832/0/active/running/ named=0/inactive/dead/ agent=6958/active/ jphase=committed killpid=
05:12:53.521190993 pdns=5832/0/active/running/ named=0/inactive/dead/ agent=6958/active/ jphase=committed killpid=
05:12:53.906748037 pdns=5832/0/active/running/ named=0/inactive/dead/ agent=6958/active/ jphase=committed killpid=
05:12:54.261015652 pdns=5832/0/active/running/ named=0/inactive/dead/ agent=6958/active/ jphase=committed killpid=
05:12:54.628330331 pdns=5832/0/active/running/ named=0/inactive/dead/ agent=6958/active/ jphase=committed killpid=
05:12:55.005412610 pdns=5832/0/active/running/ named=0/inactive/dead/ agent=6958/active/ jphase=committed killpid=
05:12:55.382884215 pdns=5832/0/active/running/ named=0/inactive/dead/ agent=6958/active/ jphase=committed killpid=
05:12:55.794729385 pdns=5832/0/active/running/ named=0/inactive/dead/ agent=6958/active/ jphase=committed killpid=
05:12:56.161706433 pdns=5832/0/active/running/ named=0/inactive/dead/ agent=6958/active/ jphase=absent killpid=
05:12:57.938360306 CHANGE journal 8dda164467ca404c59e1cf41d301ebae65c575fcb9ccb922fc9236b18180136c -> absent
05:12:57.994314572 pdns=5832/0/active/running/ named=0/inactive/dead/ agent=6958/active/ jphase=absent killpid=
05:12:58.354423220 pdns=5832/0/active/running/ named=0/inactive/dead/ agent=6958/active/ jphase=absent killpid=
05:12:58.759821804 CHANGE ledger 6d128a3ab7ac92b46d01c33eedc4d9723b5438470bc5ab4d74764aff658fb0b9 -> 1da3e967a0ab2a047107c1e95a94b72e73e97dc7b821bb3185b9c5c1ffcbcd5c
05:12:58.796138801 pdns=5832/0/active/running/ named=0/inactive/dead/ agent=6958/active/ jphase=absent killpid=
05:12:59.225478140 pdns=5832/0/active/running/ named=0/inactive/dead/ agent=6958/active/ jphase=absent killpid=
05:12:59.667960540 pdns=5832/0/active/running/ named=0/inactive/dead/ agent=6958/active/ jphase=absent killpid=
05:13:00.061713371 pdns=5832/0/active/running/ named=0/inactive/dead/ agent=6958/active/ jphase=absent killpid=
05:13:00.415606117 pdns=5832/0/active/running/ named=0/inactive/dead/ agent=6958/active/ jphase=absent killpid=
05:13:00.796532186 pdns=5832/0/active/running/ named=0/inactive/dead/ agent=6958/active/ jphase=absent killpid=
05:13:01.122106131 pdns=5832/0/active/running/ named=0/inactive/dead/ agent=6958/active/ jphase=absent killpid=
05:13:01.444662140 pdns=5832/0/active/running/ named=0/inactive/dead/ agent=6958/active/ jphase=absent killpid=
05:13:01.771678699 pdns=5832/0/active/running/ named=0/inactive/dead/ agent=6958/active/ jphase=absent killpid=
05:13:02.108468280 pdns=5832/0/active/running/ named=0/inactive/dead/ agent=6958/active/ jphase=absent killpid=
05:13:02.418871391 pdns=5832/0/active/running/ named=0/inactive/dead/ agent=6958/active/ jphase=absent killpid=
05:13:02.735578984 pdns=5832/0/active/running/ named=0/inactive/dead/ agent=6958/active/ jphase=absent killpid=
05:13:03.094947532 pdns=5832/0/active/running/ named=0/inactive/dead/ agent=6958/active/ jphase=absent killpid=
05:13:03.437220952 pdns=5832/0/active/running/ named=0/inactive/dead/ agent=6958/active/ jphase=absent killpid=
05:13:03.776222304 pdns=5832/0/active/running/ named=0/inactive/dead/ agent=6958/active/ jphase=absent killpid=
05:13:04.127917710 pdns=5832/0/active/running/ named=0/inactive/dead/ agent=6958/active/ jphase=absent killpid=
05:13:04.434656673 pdns=5832/0/active/running/ named=0/inactive/dead/ agent=6958/active/ jphase=absent killpid=
05:13:04.741325046 pdns=5832/0/active/running/ named=0/inactive/dead/ agent=6958/active/ jphase=absent killpid=
05:13:05.061914653 pdns=5832/0/active/running/ named=0/inactive/dead/ agent=6958/active/ jphase=absent killpid=
05:13:05.391300799 pdns=5832/0/active/running/ named=0/inactive/dead/ agent=6958/active/ jphase=absent killpid=
05:13:05.716950339 pdns=5832/0/active/running/ named=0/inactive/dead/ agent=6958/active/ jphase=absent killpid=
05:13:06.035756252 pdns=5832/0/active/running/ named=0/inactive/dead/ agent=6958/active/ jphase=absent killpid=
05:13:06.363648229 pdns=5832/0/active/running/ named=0/inactive/dead/ agent=6958/active/ jphase=absent killpid=
05:13:06.715542010 pdns=5832/0/active/running/ named=0/inactive/dead/ agent=6958/active/ jphase=absent killpid=
05:13:07.562909359 pdns=5832/0/active/running/ named=0/inactive/dead/ agent=6958/active/ jphase=absent killpid=
05:13:09.027760103 pdns=5832/0/active/running/ named=0/inactive/dead/ agent=6958/active/ jphase=absent killpid=
05:13:09.338359017 pdns=5832/0/active/running/ named=0/inactive/dead/ agent=6958/active/ jphase=absent killpid=
05:13:09.640886012 pdns=5832/0/active/running/ named=0/inactive/dead/ agent=6958/active/ jphase=absent killpid=
05:13:09.944151052 pdns=5832/0/active/running/ named=0/inactive/dead/ agent=6958/active/ jphase=absent killpid=
05:13:10.250733690 pdns=5832/0/active/running/ named=0/inactive/dead/ agent=6958/active/ jphase=absent killpid=
05:13:10.548793263 pdns=5832/0/active/running/ named=0/inactive/dead/ agent=6958/active/ jphase=absent killpid=
05:13:10.854117079 pdns=5832/0/active/running/ named=0/inactive/dead/ agent=6958/active/ jphase=absent killpid=
05:13:11.182465285 pdns=5832/0/active/running/ named=0/inactive/dead/ agent=6958/active/ jphase=absent killpid=
05:13:11.492264172 pdns=5832/0/active/running/ named=0/inactive/dead/ agent=6958/active/ jphase=absent killpid=
05:13:11.801009036 pdns=5832/0/active/running/ named=0/inactive/dead/ agent=6958/active/ jphase=absent killpid=
05:13:12.115829851 pdns=5832/0/active/running/ named=0/inactive/dead/ agent=6958/active/ jphase=absent killpid=
05:13:12.413319680 pdns=5832/0/active/running/ named=0/inactive/dead/ agent=6958/active/ jphase=absent killpid=
05:13:12.709507935 pdns=5832/0/active/running/ named=0/inactive/dead/ agent=6958/active/ jphase=absent killpid=
05:13:13.028516837 pdns=5832/0/active/running/ named=0/inactive/dead/ agent=6958/active/ jphase=absent killpid=
05:13:13.345230553 pdns=5832/0/active/running/ named=0/inactive/dead/ agent=6958/active/ jphase=absent killpid=
05:13:13.659223123 pdns=5832/0/active/running/ named=0/inactive/dead/ agent=6958/active/ jphase=absent killpid=
05:13:13.971393159 pdns=5832/0/active/running/ named=0/inactive/dead/ agent=6958/active/ jphase=absent killpid=
05:13:14.273135272 pdns=5832/0/active/running/ named=0/inactive/dead/ agent=6958/active/ jphase=absent killpid=
05:13:14.593243205 pdns=5832/0/active/running/ named=0/inactive/dead/ agent=6958/active/ jphase=absent killpid=
05:13:14.930672154 pdns=5832/0/active/running/ named=0/inactive/dead/ agent=6958/active/ jphase=absent killpid=
05:13:15.269037190 pdns=5832/0/active/running/ named=0/inactive/dead/ agent=6958/active/ jphase=absent killpid=
05:13:15.566824201 pdns=5832/0/active/running/ named=0/inactive/dead/ agent=6958/active/ jphase=absent killpid=
05:13:15.859992323 pdns=5832/0/active/running/ named=0/inactive/dead/ agent=6958/active/ jphase=absent killpid=
05:13:16.164618654 pdns=5832/0/active/running/ named=0/inactive/dead/ agent=6958/active/ jphase=absent killpid=
05:13:16.463780713 pdns=5832/0/active/running/ named=0/inactive/dead/ agent=6958/active/ jphase=absent killpid=
05:13:16.760273392 pdns=5832/0/active/running/ named=0/inactive/dead/ agent=6958/active/ jphase=absent killpid=
05:13:17.060964737 pdns=5832/0/active/running/ named=0/inactive/dead/ agent=6958/active/ jphase=absent killpid=
05:13:17.363973133 pdns=5832/0/active/running/ named=0/inactive/dead/ agent=6958/active/ jphase=absent killpid=
05:13:17.668586107 pdns=5832/0/active/running/ named=0/inactive/dead/ agent=6958/active/ jphase=absent killpid=
05:13:17.970816254 pdns=5832/0/active/running/ named=0/inactive/dead/ agent=6958/active/ jphase=absent killpid=
05:13:18.274573198 pdns=5832/0/active/running/ named=0/inactive/dead/ agent=6958/active/ jphase=absent killpid=
05:13:18.590066810 pdns=5832/0/active/running/ named=0/inactive/dead/ agent=6958/active/ jphase=absent killpid=
05:13:18.903776827 pdns=5832/0/active/running/ named=0/inactive/dead/ agent=6958/active/ jphase=absent killpid=
05:13:19.207377193 pdns=5832/0/active/running/ named=0/inactive/dead/ agent=6958/active/ jphase=absent killpid=
05:13:19.503095985 pdns=5832/0/active/running/ named=0/inactive/dead/ agent=6958/active/ jphase=absent killpid=
05:13:19.819611645 pdns=5832/0/active/running/ named=0/inactive/dead/ agent=6958/active/ jphase=absent killpid=
05:13:20.123486519 pdns=5832/0/active/running/ named=0/inactive/dead/ agent=6958/active/ jphase=absent killpid=
05:13:20.419445035 pdns=5832/0/active/running/ named=0/inactive/dead/ agent=6958/active/ jphase=absent killpid=
05:13:20.715701022 pdns=5832/0/active/running/ named=0/inactive/dead/ agent=6958/active/ jphase=absent killpid=
05:13:21.017033451 pdns=5832/0/active/running/ named=0/inactive/dead/ agent=6958/active/ jphase=absent killpid=
05:13:21.335444289 pdns=5832/0/active/running/ named=0/inactive/dead/ agent=6958/active/ jphase=absent killpid=
05:13:21.641123753 pdns=5832/0/active/running/ named=0/inactive/dead/ agent=6958/active/ jphase=absent killpid=
05:13:21.960130459 pdns=5832/0/active/running/ named=0/inactive/dead/ agent=6958/active/ jphase=absent killpid=
05:13:22.289220257 pdns=5832/0/active/running/ named=0/inactive/dead/ agent=6958/active/ jphase=absent killpid=
05:13:22.612173138 pdns=5832/0/active/running/ named=0/inactive/dead/ agent=6958/active/ jphase=absent killpid=
05:13:22.916657223 pdns=5832/0/active/running/ named=0/inactive/dead/ agent=6958/active/ jphase=absent killpid=
05:13:23.269068406 pdns=5832/0/active/running/ named=0/inactive/dead/ agent=6958/active/ jphase=absent killpid=
05:13:23.570427864 pdns=5832/0/active/running/ named=0/inactive/dead/ agent=6958/active/ jphase=absent killpid=
05:13:23.869991535 pdns=5832/0/active/running/ named=0/inactive/dead/ agent=6958/active/ jphase=absent killpid=
05:13:24.179000489 pdns=5832/0/active/running/ named=0/inactive/dead/ agent=6958/active/ jphase=absent killpid=
05:13:24.492448973 pdns=5832/0/active/running/ named=0/inactive/dead/ agent=6958/active/ jphase=absent killpid=
05:13:24.811508696 pdns=5832/0/active/running/ named=0/inactive/dead/ agent=6958/active/ jphase=absent killpid=
05:13:25.134768653 pdns=5832/0/active/running/ named=0/inactive/dead/ agent=6958/active/ jphase=absent killpid=
05:13:25.444962826 pdns=5832/0/active/running/ named=0/inactive/dead/ agent=6958/active/ jphase=absent killpid=
05:13:25.765088806 pdns=5832/0/active/running/ named=0/inactive/dead/ agent=6958/active/ jphase=absent killpid=
05:13:26.143568927 pdns=5832/0/active/running/ named=0/inactive/dead/ agent=6958/active/ jphase=absent killpid=
05:13:26.465097455 pdns=5832/0/active/running/ named=0/inactive/dead/ agent=6958/active/ jphase=absent killpid=
05:13:26.801338349 pdns=5832/0/active/running/ named=0/inactive/dead/ agent=6958/active/ jphase=absent killpid=
05:13:27.130689648 pdns=5832/0/active/running/ named=0/inactive/dead/ agent=6958/active/ jphase=absent killpid=
05:13:27.423909868 pdns=5832/0/active/running/ named=0/inactive/dead/ agent=6958/active/ jphase=absent killpid=
05:13:27.719296866 pdns=5832/0/active/running/ named=0/inactive/dead/ agent=6958/active/ jphase=absent killpid=
05:13:28.031959831 pdns=5832/0/active/running/ named=0/inactive/dead/ agent=6958/active/ jphase=absent killpid=
05:13:28.331702383 pdns=5832/0/active/running/ named=0/inactive/dead/ agent=6958/active/ jphase=absent killpid=
05:13:28.624733481 pdns=5832/0/active/running/ named=0/inactive/dead/ agent=6958/active/ jphase=absent killpid=
05:13:28.935410038 pdns=5832/0/active/running/ named=0/inactive/dead/ agent=6958/active/ jphase=absent killpid=
05:13:29.231160570 pdns=5832/0/active/running/ named=0/inactive/dead/ agent=6958/active/ jphase=absent killpid=
05:13:29.587608172 pdns=5832/0/active/running/ named=0/inactive/dead/ agent=6958/active/ jphase=absent killpid=
05:13:29.925144860 pdns=5832/0/active/running/ named=0/inactive/dead/ agent=6958/active/ jphase=absent killpid=
05:13:30.266980101 pdns=5832/0/active/running/ named=0/inactive/dead/ agent=6958/active/ jphase=absent killpid=
05:13:33.371605389 CHANGE ledger 1da3e967a0ab2a047107c1e95a94b72e73e97dc7b821bb3185b9c5c1ffcbcd5c -> e2080fae888356e82e6664f2155cede63288971cf61e8b67c8ee8adc7c7fed7c
done
