01:50:12.235765062 CHANGE journal none -> absent
01:50:12.248489642 CHANGE ledger none -> 177f61d12ed0bb85e6ea535b807b376e26bbe0871405a13867c0b3cb6ea4b211
01:50:12.252617143 CHANGE state none -> absent
01:50:12.256163463 CHANGE pdnsdb none -> absent
01:50:12.259758687 POINTER 
01:50:12.261237796 pdns=0/0/inactive/dead/ named=0/inactive/dead/ agent=0/inactive/ jphase=absent killpid=
01:50:12.540525339 pdns=0/0/inactive/dead/ named=0/inactive/dead/ agent=0/inactive/ jphase=absent killpid=
01:50:12.828501219 pdns=0/0/inactive/dead/ named=0/inactive/dead/ agent=0/inactive/ jphase=absent killpid=
01:50:13.108458646 pdns=0/0/inactive/dead/ named=0/inactive/dead/ agent=0/inactive/ jphase=absent killpid=
01:50:13.381428812 pdns=0/0/inactive/dead/ named=0/inactive/dead/ agent=0/inactive/ jphase=absent killpid=
01:50:13.657080448 pdns=0/0/inactive/dead/ named=0/inactive/dead/ agent=0/inactive/ jphase=absent killpid=
01:50:13.937458159 pdns=0/0/inactive/dead/ named=0/inactive/dead/ agent=0/inactive/ jphase=absent killpid=1917,
01:50:14.208986773 pdns=0/0/inactive/dead/ named=0/inactive/dead/ agent=0/inactive/ jphase=absent killpid=1917,
01:50:14.479203758 pdns=0/0/inactive/dead/ named=0/inactive/dead/ agent=0/inactive/ jphase=absent killpid=1917,
01:50:14.750597064 pdns=0/0/inactive/dead/ named=0/inactive/dead/ agent=0/inactive/ jphase=absent killpid=1917,
01:50:15.025788857 CHANGE ledger 177f61d12ed0bb85e6ea535b807b376e26bbe0871405a13867c0b3cb6ea4b211 -> bf6e6793856952d01e0baff571308345b9a038eccd266f4980453deecf5cfa2e
01:50:15.031478001 pdns=0/0/inactive/dead/ named=0/inactive/dead/ agent=0/inactive/ jphase=absent killpid=1917,2084,
01:50:15.315605124 CHANGE ledger bf6e6793856952d01e0baff571308345b9a038eccd266f4980453deecf5cfa2e -> fbf849742d6e1df29ed7094de2fbd633bc4dd77d665e8703c51e557c3fa9c678
01:50:15.319032374 pdns=0/0/inactive/dead/ named=0/inactive/dead/ agent=0/inactive/ jphase=absent killpid=1917,2132,
01:50:15.592426815 pdns=0/0/inactive/dead/ named=0/inactive/dead/ agent=0/inactive/ jphase=absent killpid=1917,2132,
01:50:15.877793627 pdns=0/0/inactive/dead/ named=0/inactive/dead/ agent=0/inactive/ jphase=absent killpid=1917,2132,
01:50:16.158829187 pdns=0/0/inactive/dead/ named=0/inactive/dead/ agent=0/inactive/ jphase=absent killpid=1917,2132,
01:50:16.463228292 pdns=0/0/inactive/dead/ named=0/inactive/dead/ agent=0/inactive/ jphase=absent killpid=1917,2132,
01:50:16.778909373 pdns=0/0/inactive/dead/ named=0/inactive/dead/ agent=0/inactive/ jphase=absent killpid=1917,2132,
01:50:17.092100854 pdns=0/0/inactive/dead/ named=0/inactive/dead/ agent=0/inactive/ jphase=absent killpid=1917,2132,
01:50:17.376119003 pdns=0/0/inactive/dead/ named=0/inactive/dead/ agent=0/inactive/ jphase=absent killpid=1917,2132,
01:50:17.660657409 pdns=0/0/inactive/dead/ named=0/inactive/dead/ agent=0/inactive/ jphase=absent killpid=1917,2132,
01:50:17.940105540 pdns=0/0/inactive/dead/ named=0/inactive/dead/ agent=0/inactive/ jphase=absent killpid=1917,2132,
01:50:18.217528681 pdns=0/0/inactive/dead/ named=0/inactive/dead/ agent=0/inactive/ jphase=absent killpid=1917,2132,
01:50:18.498970030 CHANGE ledger fbf849742d6e1df29ed7094de2fbd633bc4dd77d665e8703c51e557c3fa9c678 -> 794daf13b1aec81e3543c9c82d50f227a3954b1b0570614e14de9a91b05b1422
01:50:18.507347938 pdns=0/0/inactive/dead/ named=0/inactive/dead/ agent=0/inactive/ jphase=absent killpid=1917,
01:50:18.795257884 CHANGE ledger 794daf13b1aec81e3543c9c82d50f227a3954b1b0570614e14de9a91b05b1422 -> 46fe003d7145edd3d89187bf7cc9aa1988afdf56723ee1359ffc910df700e4ee
01:50:18.803306148 pdns=0/0/inactive/dead/ named=0/inactive/dead/ agent=0/inactive/ jphase=absent killpid=1917,
01:50:19.089308700 CHANGE ledger 46fe003d7145edd3d89187bf7cc9aa1988afdf56723ee1359ffc910df700e4ee -> 271312ea3b70509c08582f082dbc4f9361bd7c74aec6d38094307918cf483f80
01:50:19.092915145 pdns=0/0/inactive/dead/ named=0/inactive/dead/ agent=0/inactive/ jphase=absent killpid=1917,2616,
01:50:19.377663274 pdns=0/0/inactive/dead/ named=0/inactive/dead/ agent=0/inactive/ jphase=absent killpid=1917,2616,
01:50:19.658200855 pdns=0/0/inactive/dead/ named=0/inactive/dead/ agent=0/inactive/ jphase=absent killpid=1917,2616,
01:50:19.933308848 pdns=0/0/inactive/dead/ named=0/inactive/dead/ agent=0/inactive/ jphase=absent killpid=1917,2616,
01:50:20.223804163 CHANGE ledger 271312ea3b70509c08582f082dbc4f9361bd7c74aec6d38094307918cf483f80 -> 5b4b3598a7ddd51703b09af048d4fc879b5da6501df1b1b6b3b6aa49af19317c
01:50:20.227588831 pdns=0/0/inactive/dead/ named=0/inactive/dead/ agent=0/inactive/ jphase=absent killpid=1917,2616,
01:50:20.513957104 pdns=0/0/inactive/dead/ named=0/inactive/dead/ agent=0/inactive/ jphase=absent killpid=1917,2616,
01:50:20.802672204 pdns=0/0/inactive/dead/ named=0/inactive/dead/ agent=0/inactive/ jphase=absent killpid=1917,2616,
01:50:21.103377528 pdns=0/0/inactive/dead/ named=0/inactive/dead/ agent=0/inactive/ jphase=absent killpid=1917,2616,
01:50:21.392546860 pdns=0/0/inactive/dead/ named=0/inactive/dead/ agent=0/inactive/ jphase=absent killpid=1917,2616,
01:50:21.688135341 pdns=0/0/inactive/dead/ named=0/inactive/dead/ agent=0/inactive/ jphase=absent killpid=1917,2616,
01:50:21.982769880 pdns=0/0/inactive/dead/ named=0/inactive/dead/ agent=0/inactive/ jphase=absent killpid=1917,2616,
01:50:22.264560762 pdns=0/0/inactive/dead/ named=0/inactive/dead/ agent=0/inactive/ jphase=absent killpid=1917,2616,
01:50:22.544894009 pdns=0/0/inactive/dead/ named=0/inactive/dead/ agent=0/inactive/ jphase=absent killpid=1917,2616,
01:50:22.834031747 CHANGE ledger 5b4b3598a7ddd51703b09af048d4fc879b5da6501df1b1b6b3b6aa49af19317c -> da00aae23fd0eb434a7c142404ea30e3b657d2fb4e2e515be87772ca87231c24
01:50:22.837547414 pdns=0/0/inactive/dead/ named=0/inactive/dead/ agent=0/inactive/ jphase=absent killpid=1917,3142,
01:50:23.163925055 CHANGE ledger da00aae23fd0eb434a7c142404ea30e3b657d2fb4e2e515be87772ca87231c24 -> d0848adc6646f13c01f8d128acfdddad8298d637db7fadba8c215e9c9d2ee9b3
01:50:23.169808589 pdns=0/0/inactive/dead/ named=0/inactive/dead/ agent=0/inactive/ jphase=absent killpid=1917,
01:50:23.468177805 CHANGE ledger d0848adc6646f13c01f8d128acfdddad8298d637db7fadba8c215e9c9d2ee9b3 -> 9a469e935fd3e93b80489bc53b4a43ba02385bed76662a8a561ba88de685daf5
01:50:23.472192524 pdns=0/0/inactive/dead/ named=0/inactive/dead/ agent=0/inactive/ jphase=intent killpid=1917,
01:50:23.757679524 CHANGE journal absent -> d6a9ee2f774d0af09b7e30e72b253c63589b1cdfc63a5f74cbdb66b8568fe685
01:50:23.766941991 CHANGE ledger 9a469e935fd3e93b80489bc53b4a43ba02385bed76662a8a561ba88de685daf5 -> 02c33803cd3d0bdf61a85a0376264bebeb9c220b5e113aa21e53e4e2c963e9b6
01:50:23.771377365 pdns=0/0/inactive/dead/ named=0/inactive/dead/ agent=0/inactive/ jphase=intent killpid=1917,
01:50:24.054248819 CHANGE journal d6a9ee2f774d0af09b7e30e72b253c63589b1cdfc63a5f74cbdb66b8568fe685 -> 8c9e89512f4aae21c913aaa862772f246eaeecc10930984d7dc3ee9f389ab248
01:50:24.071867621 CHANGE ledger 02c33803cd3d0bdf61a85a0376264bebeb9c220b5e113aa21e53e4e2c963e9b6 -> dbc7825992564a7dc932d40571a93c260ed26510206765bbe8858bceb328501d
01:50:24.085000315 CHANGE pdnsdb absent -> 35cdac176becb2d04628c971b5e5a7fea0c406daa97f4f841fffb5c170b17ece
01:50:24.089462878 pdns=0/0/inactive/dead/ named=0/inactive/dead/ agent=0/inactive/ jphase=target-enable-intent killpid=1917,
01:50:24.373737154 CHANGE ledger dbc7825992564a7dc932d40571a93c260ed26510206765bbe8858bceb328501d -> f2cab4b1b91c9416666fba42273b2e654b7ece64108103f8727ff410cc0255fe
01:50:24.382540448 pdns=0/0/inactive/dead/ named=0/inactive/dead/ agent=0/inactive/ jphase=target-enable-intent killpid=1917,3648,
01:50:24.937467832 CHANGE ledger f2cab4b1b91c9416666fba42273b2e654b7ece64108103f8727ff410cc0255fe -> e98db5b539ac2ed9c607266becb55f1f4e63e5f6405c0b75b58a989110abdea3
01:50:24.954631746 pdns=0/0/inactive/dead/ named=0/inactive/dead/ agent=0/inactive/ jphase=target-enable-intent killpid=1917,
01:50:25.256918628 CHANGE ledger e98db5b539ac2ed9c607266becb55f1f4e63e5f6405c0b75b58a989110abdea3 -> 3d6443e78916357ba6a50b4b1a2bb4c74957b616550dcf52d85ad4ed561745d2
01:50:25.267287460 pdns=0/0/inactive/dead/ named=0/inactive/dead/ agent=0/inactive/ jphase=target-enable-intent killpid=1917,3867,
01:50:25.766719824 CHANGE ledger 3d6443e78916357ba6a50b4b1a2bb4c74957b616550dcf52d85ad4ed561745d2 -> e62c6110001328f83dfef66d0c5f772660570d5b810094452daa7e6477c33fc7
01:50:25.779294013 pdns=0/0/inactive/dead/ named=0/inactive/dead/ agent=0/inactive/ jphase=target-enable-intent killpid=1917,3959,
01:50:26.079325197 CHANGE ledger e62c6110001328f83dfef66d0c5f772660570d5b810094452daa7e6477c33fc7 -> c82880debce9252239f3de3802aba4c840344c9150427cfc41251a0e6d3eabdc
01:50:26.090549917 pdns=4019/0/activating/start/ named=0/inactive/dead/ agent=0/inactive/ jphase=target-enable-intent killpid=1917,
01:50:26.379808880 CHANGE journal 8c9e89512f4aae21c913aaa862772f246eaeecc10930984d7dc3ee9f389ab248 -> a9498a57e3d026fc055d940e711453b1000a3aade53dda91db76d516730b02de
01:50:26.390167269 CHANGE ledger c82880debce9252239f3de3802aba4c840344c9150427cfc41251a0e6d3eabdc -> 6bfc5598f97aca348f334a0d05f8344e0d50f9e153d37a493c115ee368e76134
01:50:26.403011205 CHANGE pdnsdb 35cdac176becb2d04628c971b5e5a7fea0c406daa97f4f841fffb5c170b17ece -> 7597831e80c4f2a42af9148f911189eb17a1a05b92f7e33bdf57a281a3bc4b84
01:50:26.406487432 pdns=4019/0/active/running/ named=0/inactive/dead/ agent=4069/active/ jphase=target-started killpid=
01:50:26.809707757 pdns=4019/0/active/running/ named=0/inactive/dead/ agent=4069/active/ jphase=target-started killpid=
01:50:27.095015911 CHANGE ledger 6bfc5598f97aca348f334a0d05f8344e0d50f9e153d37a493c115ee368e76134 -> 80950ac2a4e6628a142baef91c9510fd547ab38cd093764ad002ae4cf4ff3a5a
01:50:27.105276998 pdns=4019/0/active/running/ named=0/inactive/dead/ agent=4069/active/ jphase=target-started killpid=
01:50:27.401144131 pdns=4019/0/active/running/ named=0/inactive/dead/ agent=4069/active/ jphase=target-started killpid=
01:50:27.684766836 pdns=4019/0/active/running/ named=0/inactive/dead/ agent=4069/active/ jphase=target-started killpid=
01:50:27.960136650 pdns=4019/0/active/running/ named=0/inactive/dead/ agent=4069/active/ jphase=target-started killpid=
01:50:28.234969111 pdns=4019/0/active/running/ named=0/inactive/dead/ agent=4069/active/ jphase=target-started killpid=
01:50:28.510927140 pdns=4019/0/active/running/ named=0/inactive/dead/ agent=4069/active/ jphase=target-started killpid=
01:50:28.788271802 pdns=4019/0/active/running/ named=0/inactive/dead/ agent=4069/active/ jphase=target-started killpid=
01:50:29.061949182 pdns=4019/0/active/running/ named=0/inactive/dead/ agent=4069/active/ jphase=target-started killpid=
01:50:29.336448371 pdns=4019/0/active/running/ named=0/inactive/dead/ agent=4069/active/ jphase=target-started killpid=
01:50:29.609925366 pdns=4019/0/active/running/ named=0/inactive/dead/ agent=4069/active/ jphase=target-started killpid=
01:50:29.884658389 pdns=4019/0/active/running/ named=0/inactive/dead/ agent=4069/active/ jphase=target-started killpid=
01:50:30.160787062 pdns=4019/0/active/running/ named=0/inactive/dead/ agent=4069/active/ jphase=target-started killpid=
01:50:30.439786881 pdns=4019/0/active/running/ named=0/inactive/dead/ agent=4069/active/ jphase=target-started killpid=
01:50:30.713542792 pdns=4019/0/active/running/ named=0/inactive/dead/ agent=4069/active/ jphase=target-started killpid=
01:50:30.990333928 pdns=4019/0/active/running/ named=0/inactive/dead/ agent=4069/active/ jphase=target-started killpid=
01:50:31.268909724 pdns=4019/0/active/running/ named=0/inactive/dead/ agent=4069/active/ jphase=target-started killpid=
01:50:31.545409432 pdns=4019/0/active/running/ named=0/inactive/dead/ agent=4069/active/ jphase=target-started killpid=
01:50:31.819404759 pdns=4019/0/active/running/ named=0/inactive/dead/ agent=4069/active/ jphase=target-started killpid=
01:50:32.093619504 pdns=4019/0/active/running/ named=0/inactive/dead/ agent=4069/active/ jphase=target-started killpid=
01:50:32.371044461 pdns=4019/0/active/running/ named=0/inactive/dead/ agent=4069/active/ jphase=target-started killpid=
01:50:32.645502314 pdns=4019/0/active/running/ named=0/inactive/dead/ agent=4069/active/ jphase=target-started killpid=
01:50:32.921451150 pdns=4019/0/active/running/ named=0/inactive/dead/ agent=4069/active/ jphase=target-started killpid=
01:50:33.198451484 pdns=4019/0/active/running/ named=0/inactive/dead/ agent=4069/active/ jphase=target-started killpid=
01:50:33.474720301 pdns=4019/0/active/running/ named=0/inactive/dead/ agent=4069/active/ jphase=target-started killpid=
01:50:33.746287075 pdns=4019/0/active/running/ named=0/inactive/dead/ agent=4069/active/ jphase=target-started killpid=
01:50:34.019085625 pdns=4019/0/active/running/ named=0/inactive/dead/ agent=4069/active/ jphase=target-started killpid=
01:50:34.296889691 pdns=4019/0/active/running/ named=0/inactive/dead/ agent=4069/active/ jphase=target-started killpid=
01:50:34.575821452 pdns=4019/0/active/running/ named=0/inactive/dead/ agent=4069/active/ jphase=target-started killpid=
01:50:34.853680057 pdns=4019/0/active/running/ named=0/inactive/dead/ agent=4069/active/ jphase=target-started killpid=
01:50:35.127203866 pdns=4019/0/active/running/ named=0/inactive/dead/ agent=4069/active/ jphase=target-started killpid=
01:50:35.400977663 pdns=4019/0/active/running/ named=0/inactive/dead/ agent=4069/active/ jphase=target-started killpid=
01:50:35.672643558 pdns=4019/0/active/running/ named=0/inactive/dead/ agent=4069/active/ jphase=target-started killpid=
01:50:35.944678239 pdns=4019/0/active/running/ named=0/inactive/dead/ agent=4069/active/ jphase=target-started killpid=
01:50:36.217758590 pdns=4019/0/active/running/ named=0/inactive/dead/ agent=4069/active/ jphase=target-started killpid=
01:50:36.490841556 pdns=4019/0/active/running/ named=0/inactive/dead/ agent=4069/active/ jphase=target-started killpid=
01:50:36.762846092 pdns=4019/0/active/running/ named=0/inactive/dead/ agent=4069/active/ jphase=target-started killpid=
01:50:37.035694593 pdns=4019/0/active/running/ named=0/inactive/dead/ agent=4069/active/ jphase=target-started killpid=
01:50:37.307919605 pdns=4019/0/active/running/ named=0/inactive/dead/ agent=4069/active/ jphase=target-started killpid=
01:50:37.580234832 pdns=4019/0/active/running/ named=0/inactive/dead/ agent=4069/active/ jphase=target-started killpid=
01:50:37.863967156 pdns=4019/0/active/running/ named=0/inactive/dead/ agent=4069/active/ jphase=target-started killpid=
01:50:38.139252720 pdns=4019/0/active/running/ named=0/inactive/dead/ agent=4069/active/ jphase=target-started killpid=
01:50:38.416781427 pdns=4019/0/active/running/ named=0/inactive/dead/ agent=4069/active/ jphase=target-started killpid=
01:50:38.689321890 pdns=4019/0/active/running/ named=0/inactive/dead/ agent=4069/active/ jphase=target-started killpid=
01:50:38.964209355 pdns=4019/0/active/running/ named=0/inactive/dead/ agent=4069/active/ jphase=target-started killpid=
01:50:39.237381900 pdns=4019/0/active/running/ named=0/inactive/dead/ agent=4069/active/ jphase=target-started killpid=
01:50:39.513129832 pdns=4019/0/active/running/ named=0/inactive/dead/ agent=4069/active/ jphase=target-started killpid=
01:50:39.786768794 pdns=4019/0/active/running/ named=0/inactive/dead/ agent=4069/active/ jphase=target-started killpid=
01:50:40.060393297 pdns=4019/0/active/running/ named=0/inactive/dead/ agent=4069/active/ jphase=target-started killpid=
01:50:40.333364863 pdns=4019/0/active/running/ named=0/inactive/dead/ agent=4069/active/ jphase=target-started killpid=
01:50:40.605492875 pdns=4019/0/active/running/ named=0/inactive/dead/ agent=4069/active/ jphase=target-started killpid=
01:50:40.880893359 pdns=4019/0/active/running/ named=0/inactive/dead/ agent=4069/active/ jphase=target-started killpid=
01:50:41.153296851 pdns=4019/0/active/running/ named=0/inactive/dead/ agent=4069/active/ jphase=target-started killpid=
01:50:41.425613746 pdns=4019/0/active/running/ named=0/inactive/dead/ agent=4069/active/ jphase=target-started killpid=
01:50:41.703055483 pdns=4019/0/active/running/ named=0/inactive/dead/ agent=4069/active/ jphase=target-started killpid=
01:50:41.981583016 pdns=4019/0/active/running/ named=0/inactive/dead/ agent=4069/active/ jphase=target-started killpid=
01:50:42.253233177 pdns=4019/0/active/running/ named=0/inactive/dead/ agent=4069/active/ jphase=target-started killpid=
01:50:42.529073240 pdns=4019/0/active/running/ named=0/inactive/dead/ agent=4069/active/ jphase=target-started killpid=
01:50:42.805342577 pdns=4019/0/active/running/ named=0/inactive/dead/ agent=4069/active/ jphase=target-started killpid=
01:50:43.081235984 pdns=4019/0/active/running/ named=0/inactive/dead/ agent=4069/active/ jphase=target-started killpid=
01:50:43.356609948 pdns=4019/0/active/running/ named=0/inactive/dead/ agent=4069/active/ jphase=target-started killpid=
01:50:43.629044263 pdns=4019/0/active/running/ named=0/inactive/dead/ agent=4069/active/ jphase=target-started killpid=
01:50:43.904412331 pdns=4019/0/active/running/ named=0/inactive/dead/ agent=4069/active/ jphase=target-started killpid=
01:50:44.177692327 pdns=4019/0/active/running/ named=0/inactive/dead/ agent=4069/active/ jphase=target-started killpid=
01:50:44.451376223 pdns=4019/0/active/running/ named=0/inactive/dead/ agent=4069/active/ jphase=target-started killpid=
01:50:44.725488232 pdns=4019/0/active/running/ named=0/inactive/dead/ agent=4069/active/ jphase=target-started killpid=
01:50:45.000715768 pdns=4019/0/active/running/ named=0/inactive/dead/ agent=4069/active/ jphase=target-started killpid=
01:50:45.298029691 pdns=4019/0/active/running/ named=0/inactive/dead/ agent=4069/active/ jphase=target-started killpid=
01:50:45.572842372 pdns=4019/0/active/running/ named=0/inactive/dead/ agent=4069/active/ jphase=target-started killpid=
01:50:45.847445475 pdns=4019/0/active/running/ named=0/inactive/dead/ agent=4069/active/ jphase=target-started killpid=
01:50:46.120403536 pdns=4019/0/active/running/ named=0/inactive/dead/ agent=4069/active/ jphase=target-started killpid=
01:50:46.393957565 pdns=4019/0/active/running/ named=0/inactive/dead/ agent=4069/active/ jphase=target-started killpid=
01:50:46.668379686 pdns=4019/0/active/running/ named=0/inactive/dead/ agent=4069/active/ jphase=target-started killpid=
01:50:46.943170542 pdns=4019/0/active/running/ named=0/inactive/dead/ agent=4069/active/ jphase=target-started killpid=
01:50:47.218122373 pdns=4019/0/active/running/ named=0/inactive/dead/ agent=4069/active/ jphase=target-started killpid=
01:50:47.495796135 pdns=4019/0/active/running/ named=0/inactive/dead/ agent=4069/active/ jphase=target-started killpid=
01:50:47.769333377 pdns=4019/0/active/running/ named=0/inactive/dead/ agent=4069/active/ jphase=target-started killpid=
01:50:48.043248680 pdns=4019/0/active/running/ named=0/inactive/dead/ agent=4069/active/ jphase=target-started killpid=
01:50:48.316522470 pdns=4019/0/active/running/ named=0/inactive/dead/ agent=4069/active/ jphase=target-started killpid=
01:50:48.593679272 pdns=4019/0/active/running/ named=0/inactive/dead/ agent=4069/active/ jphase=target-started killpid=
01:50:48.870643092 pdns=4019/0/active/running/ named=0/inactive/dead/ agent=4069/active/ jphase=target-started killpid=
01:50:49.144789181 pdns=4019/0/active/running/ named=0/inactive/dead/ agent=4069/active/ jphase=target-started killpid=
01:50:49.418387252 pdns=4019/0/active/running/ named=0/inactive/dead/ agent=4069/active/ jphase=target-started killpid=
01:50:49.697703946 pdns=4019/0/active/running/ named=0/inactive/dead/ agent=4069/active/ jphase=target-started killpid=
01:50:49.989526065 pdns=4019/0/active/running/ named=0/inactive/dead/ agent=4069/active/ jphase=target-started killpid=
01:50:50.261418859 pdns=4019/0/active/running/ named=0/inactive/dead/ agent=4069/active/ jphase=target-started killpid=
01:50:50.534512084 pdns=4019/0/active/running/ named=0/inactive/dead/ agent=4069/active/ jphase=target-started killpid=
01:50:50.808596128 pdns=4019/0/active/running/ named=0/inactive/dead/ agent=4069/active/ jphase=target-started killpid=
01:50:51.080107832 pdns=4019/0/active/running/ named=0/inactive/dead/ agent=4069/active/ jphase=target-started killpid=
01:50:51.353557983 pdns=4019/0/active/running/ named=0/inactive/dead/ agent=4069/active/ jphase=target-started killpid=
01:50:51.630147543 pdns=4019/0/active/running/ named=0/inactive/dead/ agent=4069/active/ jphase=target-started killpid=
01:50:51.905226147 pdns=4019/0/active/running/ named=0/inactive/dead/ agent=4069/active/ jphase=target-started killpid=
01:50:52.189008331 pdns=4019/0/active/running/ named=0/inactive/dead/ agent=4069/active/ jphase=target-started killpid=
01:50:52.465410246 pdns=4019/0/active/running/ named=0/inactive/dead/ agent=4069/active/ jphase=target-started killpid=
01:50:52.745239957 pdns=4019/0/active/running/ named=0/inactive/dead/ agent=4069/active/ jphase=target-started killpid=
01:50:53.017322810 pdns=4019/0/active/running/ named=0/inactive/dead/ agent=4069/active/ jphase=target-started killpid=
01:50:53.290488270 pdns=4019/0/active/running/ named=0/inactive/dead/ agent=4069/active/ jphase=target-started killpid=
01:50:53.566873927 pdns=4019/0/active/running/ named=0/inactive/dead/ agent=4069/active/ jphase=target-started killpid=
01:50:53.840355414 pdns=4019/0/active/running/ named=0/inactive/dead/ agent=4069/active/ jphase=target-started killpid=
01:50:54.113332567 pdns=4019/0/active/running/ named=0/inactive/dead/ agent=4069/active/ jphase=target-started killpid=
01:50:54.388272461 pdns=4019/0/active/running/ named=0/inactive/dead/ agent=4069/active/ jphase=target-started killpid=
01:50:54.661154202 pdns=4019/0/active/running/ named=0/inactive/dead/ agent=4069/active/ jphase=target-started killpid=
01:50:54.933030981 pdns=4019/0/active/running/ named=0/inactive/dead/ agent=4069/active/ jphase=target-started killpid=
01:50:55.208095402 pdns=4019/0/active/running/ named=0/inactive/dead/ agent=4069/active/ jphase=target-started killpid=
01:50:55.485007112 pdns=4019/0/active/running/ named=0/inactive/dead/ agent=4069/active/ jphase=target-started killpid=
01:50:55.762501902 pdns=4019/0/active/running/ named=0/inactive/dead/ agent=4069/active/ jphase=target-started killpid=
01:50:56.038811106 pdns=4019/0/active/running/ named=0/inactive/dead/ agent=4069/active/ jphase=target-started killpid=
01:50:56.312772378 pdns=4019/0/active/running/ named=0/inactive/dead/ agent=4069/active/ jphase=target-started killpid=
01:50:56.588461707 pdns=4019/0/active/running/ named=0/inactive/dead/ agent=4069/active/ jphase=target-started killpid=
01:50:56.860808808 pdns=4019/0/active/running/ named=0/inactive/dead/ agent=4069/active/ jphase=target-started killpid=
01:50:57.132891876 pdns=4019/0/active/running/ named=0/inactive/dead/ agent=4069/active/ jphase=target-started killpid=
01:50:57.404623410 pdns=4019/0/active/running/ named=0/inactive/dead/ agent=4069/active/ jphase=target-started killpid=
done
