19:37:58.679286128 CHANGE journal none -> absent
19:37:58.691740561 CHANGE ledger none -> 177f61d12ed0bb85e6ea535b807b376e26bbe0871405a13867c0b3cb6ea4b211
19:37:58.695649180 CHANGE state none -> absent
19:37:58.699440213 CHANGE pdnsdb none -> absent
19:37:58.703455844 POINTER 
19:37:58.705111686 pdns=0/0/inactive/dead/ named=0/inactive/dead/ agent=0/inactive/ jphase=absent killpid=
19:37:58.975769195 pdns=0/0/inactive/dead/ named=0/inactive/dead/ agent=0/inactive/ jphase=absent killpid=
19:37:59.262861405 pdns=0/0/inactive/dead/ named=0/inactive/dead/ agent=0/inactive/ jphase=absent killpid=
19:37:59.564715260 pdns=0/0/inactive/dead/ named=0/inactive/dead/ agent=0/inactive/ jphase=absent killpid=1726,
19:37:59.858156763 CHANGE ledger 177f61d12ed0bb85e6ea535b807b376e26bbe0871405a13867c0b3cb6ea4b211 -> 53c9a0861785fcb066448ffe42b188527ef5a3acd5e9c06e7fe8029511ddd1a8
19:37:59.862334417 pdns=0/0/inactive/dead/ named=0/inactive/dead/ agent=0/inactive/ jphase=absent killpid=1726,
19:38:00.159415466 CHANGE ledger 53c9a0861785fcb066448ffe42b188527ef5a3acd5e9c06e7fe8029511ddd1a8 -> 93c4223715ae9240626d5e441b0ec76c12bb5ad9eaa5c8b78309a9f5f9e98484
19:38:00.164082932 pdns=0/0/inactive/dead/ named=0/inactive/dead/ agent=0/inactive/ jphase=absent killpid=1726,
19:38:00.578581427 CHANGE ledger 93c4223715ae9240626d5e441b0ec76c12bb5ad9eaa5c8b78309a9f5f9e98484 -> ce90094fdeb7803bc2e02ebd6f110f06bfd7c2457a540c1ac29ef3e60ff6ab87
19:38:00.582472198 pdns=0/0/inactive/dead/ named=0/inactive/dead/ agent=0/inactive/ jphase=absent killpid=1726,1928,
19:38:00.876569969 pdns=0/0/inactive/dead/ named=0/inactive/dead/ agent=0/inactive/ jphase=absent killpid=1726,1928,
19:38:01.184000398 pdns=0/0/inactive/dead/ named=0/inactive/dead/ agent=0/inactive/ jphase=absent killpid=1726,1928,
19:38:01.477924054 pdns=0/0/inactive/dead/ named=0/inactive/dead/ agent=0/inactive/ jphase=absent killpid=1726,1928,
19:38:01.833014623 pdns=0/0/inactive/dead/ named=0/inactive/dead/ agent=0/inactive/ jphase=absent killpid=1726,1928,
19:38:02.131148649 pdns=0/0/inactive/dead/ named=0/inactive/dead/ agent=0/inactive/ jphase=absent killpid=1726,1928,
19:38:02.462800362 pdns=0/0/inactive/dead/ named=0/inactive/dead/ agent=0/inactive/ jphase=absent killpid=1726,1928,
19:38:02.830032864 pdns=0/0/inactive/dead/ named=0/inactive/dead/ agent=0/inactive/ jphase=absent killpid=1726,1928,
19:38:03.137226300 pdns=0/0/inactive/dead/ named=0/inactive/dead/ agent=0/inactive/ jphase=absent killpid=1726,1928,
19:38:03.444985866 pdns=0/0/inactive/dead/ named=0/inactive/dead/ agent=0/inactive/ jphase=absent killpid=1726,1928,
19:38:03.743412384 pdns=0/0/inactive/dead/ named=0/inactive/dead/ agent=0/inactive/ jphase=absent killpid=1726,1928,
19:38:04.025697936 pdns=0/0/inactive/dead/ named=0/inactive/dead/ agent=0/inactive/ jphase=absent killpid=1726,1928,
19:38:04.333127319 pdns=0/0/inactive/dead/ named=0/inactive/dead/ agent=0/inactive/ jphase=absent killpid=1726,1928,
19:38:06.691156662 CHANGE ledger ce90094fdeb7803bc2e02ebd6f110f06bfd7c2457a540c1ac29ef3e60ff6ab87 -> 2be2089bf8b54bd1e34f5430c1c6315cc7747a891320cf6196aa331fb65e8256
19:38:06.702858604 pdns=0/0/inactive/dead/ named=0/inactive/dead/ agent=0/inactive/ jphase=absent killpid=1726,1928,
19:38:07.241493692 pdns=0/0/inactive/dead/ named=0/inactive/dead/ agent=0/inactive/ jphase=absent killpid=1726,1928,
19:38:07.952158995 CHANGE ledger 2be2089bf8b54bd1e34f5430c1c6315cc7747a891320cf6196aa331fb65e8256 -> fa70606eaf8c41807d4e6e2ef16cb09cfbb800af6b8a3c661899e0b4b595fc94
19:38:07.972119304 pdns=0/0/inactive/dead/ named=0/inactive/dead/ agent=0/inactive/ jphase=absent killpid=1726,2329,
19:38:08.471840396 pdns=0/0/inactive/dead/ named=0/inactive/dead/ agent=0/inactive/ jphase=absent killpid=1726,2329,
19:38:09.052959936 pdns=0/0/inactive/dead/ named=0/inactive/dead/ agent=0/inactive/ jphase=absent killpid=1726,2329,
19:38:09.454001957 pdns=0/0/inactive/dead/ named=0/inactive/dead/ agent=0/inactive/ jphase=absent killpid=1726,2329,
19:38:10.133477504 CHANGE ledger fa70606eaf8c41807d4e6e2ef16cb09cfbb800af6b8a3c661899e0b4b595fc94 -> 3e992dcf26ea0585f3800b9623d40fd9117d785931ce48b97f4b3a1d45e2d274
19:38:10.161744202 pdns=0/0/inactive/dead/ named=0/inactive/dead/ agent=0/inactive/ jphase=absent killpid=1726,2329,
19:38:10.919534172 pdns=0/0/inactive/dead/ named=0/inactive/dead/ agent=0/inactive/ jphase=absent killpid=1726,2329,
19:38:11.439121033 pdns=0/0/inactive/dead/ named=0/inactive/dead/ agent=0/inactive/ jphase=absent killpid=1726,2329,
19:38:11.773636254 pdns=0/0/inactive/dead/ named=0/inactive/dead/ agent=0/inactive/ jphase=absent killpid=1726,2329,
19:38:12.102665170 pdns=0/0/inactive/dead/ named=0/inactive/dead/ agent=0/inactive/ jphase=absent killpid=1726,2329,
19:38:12.435944573 pdns=0/0/inactive/dead/ named=0/inactive/dead/ agent=0/inactive/ jphase=absent killpid=1726,2329,
19:38:12.773718674 pdns=0/0/inactive/dead/ named=0/inactive/dead/ agent=0/inactive/ jphase=absent killpid=1726,2329,
19:38:13.095629247 pdns=0/0/inactive/dead/ named=0/inactive/dead/ agent=0/inactive/ jphase=absent killpid=1726,2329,
19:38:13.430795164 pdns=0/0/inactive/dead/ named=0/inactive/dead/ agent=0/inactive/ jphase=absent killpid=1726,2329,
19:38:13.764789395 pdns=0/0/inactive/dead/ named=0/inactive/dead/ agent=0/inactive/ jphase=absent killpid=1726,2329,
19:38:14.055338180 pdns=0/0/inactive/dead/ named=0/inactive/dead/ agent=0/inactive/ jphase=absent killpid=1726,2329,
19:38:14.361306173 pdns=0/0/inactive/dead/ named=0/inactive/dead/ agent=0/inactive/ jphase=absent killpid=1726,2329,
19:38:14.662231437 CHANGE ledger 3e992dcf26ea0585f3800b9623d40fd9117d785931ce48b97f4b3a1d45e2d274 -> a6333e2d81c5101a94fc6ac5d6904d3cae4fffb523ea487edf32aab14e9ed88c
19:38:14.666171535 pdns=0/0/inactive/dead/ named=0/inactive/dead/ agent=0/inactive/ jphase=absent killpid=1726,2329,
19:38:14.953597132 pdns=0/0/inactive/dead/ named=0/inactive/dead/ agent=0/inactive/ jphase=absent killpid=1726,2329,
19:38:15.240634365 pdns=0/0/inactive/dead/ named=0/inactive/dead/ agent=0/inactive/ jphase=absent killpid=1726,2329,
19:38:15.528577128 pdns=0/0/inactive/dead/ named=0/inactive/dead/ agent=0/inactive/ jphase=absent killpid=1726,2329,
19:38:15.810726314 pdns=0/0/inactive/dead/ named=0/inactive/dead/ agent=0/inactive/ jphase=absent killpid=1726,2329,
19:38:16.097640271 pdns=0/0/inactive/dead/ named=0/inactive/dead/ agent=0/inactive/ jphase=absent killpid=1726,3000,
19:38:16.410839641 CHANGE ledger a6333e2d81c5101a94fc6ac5d6904d3cae4fffb523ea487edf32aab14e9ed88c -> 477e93d2d0fc7b74a79e5f76cc73213220534024f9de7982fc36fafce2bbcab8
19:38:16.416676284 pdns=0/0/inactive/dead/ named=0/inactive/dead/ agent=0/inactive/ jphase=absent killpid=1726,3059,
19:38:16.766318229 CHANGE ledger 477e93d2d0fc7b74a79e5f76cc73213220534024f9de7982fc36fafce2bbcab8 -> 0f37758a12819718c9b235aa0fc81d0f348420385d74bb3a37213a9693ce9c6d
19:38:16.770105784 pdns=0/0/inactive/dead/ named=0/inactive/dead/ agent=0/inactive/ jphase=absent killpid=1726,
19:38:17.077594419 CHANGE ledger 0f37758a12819718c9b235aa0fc81d0f348420385d74bb3a37213a9693ce9c6d -> b323d880fdb3ec073f82275736f1562449e20e8e156058dd09684ff3ef36b266
19:38:17.081652944 pdns=0/0/inactive/dead/ named=0/inactive/dead/ agent=0/inactive/ jphase=absent killpid=1726,
19:38:17.409093639 CHANGE journal absent -> 826c4613bab58c52e70048943e7796bd1461dccb77a2a9ffba84e309dcd2e431
19:38:17.419747106 CHANGE ledger b323d880fdb3ec073f82275736f1562449e20e8e156058dd09684ff3ef36b266 -> c032bbc820e76f1774d9efc94da94acc1432a294446a3bcf761e47662c08e98c
19:38:17.423531934 pdns=0/0/inactive/dead/ named=0/inactive/dead/ agent=0/inactive/ jphase=intent killpid=1726,
19:38:17.700493391 CHANGE ledger c032bbc820e76f1774d9efc94da94acc1432a294446a3bcf761e47662c08e98c -> 10843810618c8034cc317e310bcd28b1c230051422da9b12dbc930c447acf64f
19:38:17.703835715 pdns=0/0/inactive/dead/ named=0/inactive/dead/ agent=0/inactive/ jphase=intent killpid=1726,
19:38:17.972581920 pdns=0/0/inactive/dead/ named=0/inactive/dead/ agent=0/inactive/ jphase=intent killpid=1726,
19:38:18.239630705 CHANGE journal 826c4613bab58c52e70048943e7796bd1461dccb77a2a9ffba84e309dcd2e431 -> 6133bfe4a4431181427f053e28c0478676ff1c9ec14acdb92b32e940acd8f4c0
19:38:18.247920073 CHANGE ledger 10843810618c8034cc317e310bcd28b1c230051422da9b12dbc930c447acf64f -> 757f56e618b38f51ca3d3a281ac7d5d5e3adbc60e25454a4951bb3c5abe0147f
19:38:18.251497603 pdns=0/0/inactive/dead/ named=0/inactive/dead/ agent=0/inactive/ jphase=source-stopped killpid=1726,
19:38:18.536082443 CHANGE journal 6133bfe4a4431181427f053e28c0478676ff1c9ec14acdb92b32e940acd8f4c0 -> f2d18645c623f6e929ff542dd683023828a0dbdfd82b88962aaf7ff6897ff0ed
19:38:18.547010779 CHANGE ledger 757f56e618b38f51ca3d3a281ac7d5d5e3adbc60e25454a4951bb3c5abe0147f -> fe659d76d5dc408d9b8618c07bfeffe72c9a80814beb32a480b9affa06113db9
19:38:18.556217087 CHANGE pdnsdb absent -> 213e81821e4b00a3f68468a3e93104d1ce55811a614863fe95ee5b65b0bc6cb3
19:38:18.559804139 pdns=0/0/inactive/dead/ named=0/inactive/dead/ agent=0/inactive/ jphase=source-stopped killpid=1726,
19:38:18.843605054 CHANGE ledger fe659d76d5dc408d9b8618c07bfeffe72c9a80814beb32a480b9affa06113db9 -> 4851a980282b1e8af2815e511e350341e32ecfe012d45fca22d32b208281ba6c
19:38:18.852082319 pdns=0/0/inactive/dead/ named=0/inactive/dead/ agent=0/inactive/ jphase=source-stopped killpid=1726,3610,
19:38:19.338826120 CHANGE ledger 4851a980282b1e8af2815e511e350341e32ecfe012d45fca22d32b208281ba6c -> c67a5c7f4735c7a8797079c5cb790a273c649b46a5d7048a406f5c5b7b508508
19:38:19.371069188 pdns=0/0/inactive/dead/ named=0/inactive/dead/ agent=0/inactive/ jphase=source-stopped killpid=1726,
19:38:19.761646666 CHANGE ledger c67a5c7f4735c7a8797079c5cb790a273c649b46a5d7048a406f5c5b7b508508 -> d0fc0ebed2b1b50b8ab500f20681943fc895e9a86dbcf5f777192175abfd8afe
19:38:19.777881775 pdns=0/0/inactive/dead/ named=0/inactive/dead/ agent=0/inactive/ jphase=source-stopped killpid=1726,
19:38:20.076829874 CHANGE ledger d0fc0ebed2b1b50b8ab500f20681943fc895e9a86dbcf5f777192175abfd8afe -> 61838e15dfc8b0a6f7a305aac57da51039a65d4b51ebe2435a34683f62115a57
19:38:20.087129527 pdns=0/0/inactive/dead/ named=0/inactive/dead/ agent=0/inactive/ jphase=source-stopped killpid=1726,3860,
19:38:20.473366324 CHANGE ledger 61838e15dfc8b0a6f7a305aac57da51039a65d4b51ebe2435a34683f62115a57 -> 84adeaecf39aea5ea050206c186192d457c762357b07971ed6b5c80d776df2fd
19:38:20.483113734 pdns=0/0/inactive/dead/ named=0/inactive/dead/ agent=0/inactive/ jphase=source-stopped killpid=1726,
19:38:20.799982969 CHANGE ledger 84adeaecf39aea5ea050206c186192d457c762357b07971ed6b5c80d776df2fd -> 1766514d107304770720613f66f26498501e3bf1b6a41f81d6ce2fa201cf1c17
19:38:20.809194772 pdns=0/0/inactive/dead/ named=0/inactive/dead/ agent=0/inactive/ jphase=source-stopped killpid=1726,
19:38:21.090671941 CHANGE journal f2d18645c623f6e929ff542dd683023828a0dbdfd82b88962aaf7ff6897ff0ed -> 946e01e84f893ab3c35f49fa7c2afdfaa3f01c83503699b017523d5578a665af
19:38:21.104653340 CHANGE ledger 1766514d107304770720613f66f26498501e3bf1b6a41f81d6ce2fa201cf1c17 -> 80af1215da2a0b7f00a3d500d69b9b120bc9afa7d211c2e17451facaed8b0758
19:38:21.118968440 CHANGE pdnsdb 213e81821e4b00a3f68468a3e93104d1ce55811a614863fe95ee5b65b0bc6cb3 -> 1adb231ac7a965f5a36e2b08658f83207411d403b721889b546b9fcd5471250b
19:38:21.122468488 pdns=4049/0/active/running/ named=0/inactive/dead/ agent=0/inactive/ jphase=target-started killpid=1726,
19:38:21.415498902 CHANGE ledger 80af1215da2a0b7f00a3d500d69b9b120bc9afa7d211c2e17451facaed8b0758 -> 7dcbc925ed11671b788e7b48eab2844ff723fa026222ab25af5e732df6d9e407
19:38:21.424828709 pdns=4049/0/active/running/ named=0/inactive/dead/ agent=0/inactive/ jphase=target-started killpid=1726,
19:38:21.714903415 CHANGE ledger 7dcbc925ed11671b788e7b48eab2844ff723fa026222ab25af5e732df6d9e407 -> 6c0c2811328fcbe57d60cee19640986ebf14cc7768756d66835f175dc56d9237
19:38:21.725031806 pdns=4049/0/active/running/ named=0/inactive/dead/ agent=0/inactive/ jphase=target-started killpid=1726,
19:38:21.999801830 CHANGE ledger 6c0c2811328fcbe57d60cee19640986ebf14cc7768756d66835f175dc56d9237 -> 4139cb4fbcfad55be374dc9e9552c5df7139fc51a95264564b3619aeaa44b6d2
19:38:22.008437034 pdns=4049/0/active/running/ named=0/inactive/dead/ agent=0/inactive/ jphase=target-started killpid=1726,
19:38:22.305338128 CHANGE ledger 4139cb4fbcfad55be374dc9e9552c5df7139fc51a95264564b3619aeaa44b6d2 -> a97d2f5a20ee9603ecbd4d7d99dbdebb0c130401529ed00aaf249eb8d7d7f66d
19:38:22.313869551 pdns=4049/0/active/running/ named=0/inactive/dead/ agent=0/inactive/ jphase=target-started killpid=1726,
19:38:22.617472070 CHANGE ledger a97d2f5a20ee9603ecbd4d7d99dbdebb0c130401529ed00aaf249eb8d7d7f66d -> ab22afe13e48415849575687999a515406bb4dfe279bbc7ff9233daccca691b3
19:38:22.632466655 pdns=4049/0/active/running/ named=0/inactive/dead/ agent=0/inactive/ jphase=target-started killpid=1726,
19:38:22.919091971 CHANGE journal 946e01e84f893ab3c35f49fa7c2afdfaa3f01c83503699b017523d5578a665af -> 777bdfb57ebac82c5d3825ebf08b4a42c538b2e1ba3bc7c8d94fb31f3928ac79
19:38:22.929393931 CHANGE ledger ab22afe13e48415849575687999a515406bb4dfe279bbc7ff9233daccca691b3 -> 04d14af73166fcde1cd734685ebde3bbe640492c131762e52c030f85536a6bee
19:38:22.944794832 CHANGE state absent -> 55ca70d0069f7d5187f9c7dbb89f5c1d0363907fd43d14b6af593613c966d7f8
19:38:22.954399756 pdns=4049/0/active/running/ named=0/inactive/dead/ agent=0/inactive/ jphase=target-verified killpid=
19:38:23.370386013 pdns=4049/0/active/running/ named=0/inactive/dead/ agent=0/inactive/ jphase=target-verified killpid=
19:38:23.694353961 pdns=4049/0/active/running/ named=0/inactive/dead/ agent=4700/active/ jphase=target-verified killpid=
19:38:23.985188208 pdns=4049/0/active/running/ named=0/inactive/dead/ agent=4700/active/ jphase=committed killpid=
19:38:24.260056401 CHANGE journal 777bdfb57ebac82c5d3825ebf08b4a42c538b2e1ba3bc7c8d94fb31f3928ac79 -> d57d04740c2b0d35c0f42a536f8adbb4e7eb4333aa83c92350e0c71263d1352d
19:38:24.276249489 pdns=4049/0/active/running/ named=0/inactive/dead/ agent=4700/active/ jphase=committed killpid=
19:38:24.544247277 CHANGE journal d57d04740c2b0d35c0f42a536f8adbb4e7eb4333aa83c92350e0c71263d1352d -> absent
19:38:24.554988089 CHANGE ledger 04d14af73166fcde1cd734685ebde3bbe640492c131762e52c030f85536a6bee -> 5d3e6ae9892639c320bf8d44e9b268962de9180093e0ecf28638684821ca35e8
19:38:24.581949105 pdns=4049/0/active/running/ named=0/inactive/dead/ agent=4700/active/ jphase=absent killpid=
19:38:24.867867973 pdns=4049/0/active/running/ named=0/inactive/dead/ agent=4700/active/ jphase=absent killpid=
19:38:25.198105881 pdns=4049/0/active/running/ named=0/inactive/dead/ agent=4700/active/ jphase=absent killpid=
19:38:25.492398082 pdns=4049/0/active/running/ named=0/inactive/dead/ agent=4700/active/ jphase=absent killpid=
19:38:25.770895067 pdns=4049/0/active/running/ named=0/inactive/dead/ agent=4700/active/ jphase=absent killpid=
19:38:26.047397425 pdns=4049/0/active/running/ named=0/inactive/dead/ agent=4700/active/ jphase=absent killpid=
19:38:26.320937615 pdns=4049/0/active/running/ named=0/inactive/dead/ agent=4700/active/ jphase=absent killpid=
19:38:26.603498776 pdns=4049/0/active/running/ named=0/inactive/dead/ agent=4700/active/ jphase=absent killpid=
19:38:26.879350337 pdns=4049/0/active/running/ named=0/inactive/dead/ agent=4700/active/ jphase=absent killpid=
19:38:27.157954620 pdns=4049/0/active/running/ named=0/inactive/dead/ agent=4700/active/ jphase=absent killpid=
19:38:27.432839703 pdns=4049/0/active/running/ named=0/inactive/dead/ agent=4700/active/ jphase=absent killpid=
19:38:27.712632935 pdns=4049/0/active/running/ named=0/inactive/dead/ agent=4700/active/ jphase=absent killpid=
19:38:27.987608346 pdns=4049/0/active/running/ named=0/inactive/dead/ agent=4700/active/ jphase=absent killpid=
19:38:28.262258936 pdns=4049/0/active/running/ named=0/inactive/dead/ agent=4700/active/ jphase=absent killpid=
19:38:28.549147739 pdns=4049/0/active/running/ named=0/inactive/dead/ agent=4700/active/ jphase=absent killpid=
19:38:28.855697940 pdns=4049/0/active/running/ named=0/inactive/dead/ agent=4700/active/ jphase=absent killpid=
19:38:29.138254854 pdns=4049/0/active/running/ named=0/inactive/dead/ agent=4700/active/ jphase=absent killpid=
19:38:29.416986182 pdns=4049/0/active/running/ named=0/inactive/dead/ agent=4700/active/ jphase=absent killpid=
19:38:29.696827746 pdns=4049/0/active/running/ named=0/inactive/dead/ agent=4700/active/ jphase=absent killpid=
19:38:29.971577505 pdns=4049/0/active/running/ named=0/inactive/dead/ agent=4700/active/ jphase=absent killpid=
19:38:30.249776682 pdns=4049/0/active/running/ named=0/inactive/dead/ agent=4700/active/ jphase=absent killpid=
19:38:30.528561583 pdns=4049/0/active/running/ named=0/inactive/dead/ agent=4700/active/ jphase=absent killpid=
19:38:30.808570788 pdns=4049/0/active/running/ named=0/inactive/dead/ agent=4700/active/ jphase=absent killpid=
19:38:31.084664039 pdns=4049/0/active/running/ named=0/inactive/dead/ agent=4700/active/ jphase=absent killpid=
19:38:31.363527174 pdns=4049/0/active/running/ named=0/inactive/dead/ agent=4700/active/ jphase=absent killpid=
19:38:31.642136899 pdns=4049/0/active/running/ named=0/inactive/dead/ agent=4700/active/ jphase=absent killpid=
19:38:31.915934888 pdns=4049/0/active/running/ named=0/inactive/dead/ agent=4700/active/ jphase=absent killpid=
19:38:32.190766074 pdns=4049/0/active/running/ named=0/inactive/dead/ agent=4700/active/ jphase=absent killpid=
19:38:32.473792184 pdns=4049/0/active/running/ named=0/inactive/dead/ agent=4700/active/ jphase=absent killpid=
19:38:32.753515147 pdns=4049/0/active/running/ named=0/inactive/dead/ agent=4700/active/ jphase=absent killpid=
19:38:33.030651574 pdns=4049/0/active/running/ named=0/inactive/dead/ agent=4700/active/ jphase=absent killpid=
19:38:33.307410110 pdns=4049/0/active/running/ named=0/inactive/dead/ agent=4700/active/ jphase=absent killpid=
19:38:33.612577706 pdns=4049/0/active/running/ named=0/inactive/dead/ agent=4700/active/ jphase=absent killpid=
19:38:33.893870139 pdns=4049/0/active/running/ named=0/inactive/dead/ agent=4700/active/ jphase=absent killpid=
19:38:34.175773921 pdns=4049/0/active/running/ named=0/inactive/dead/ agent=4700/active/ jphase=absent killpid=
19:38:34.453282576 pdns=4049/0/active/running/ named=0/inactive/dead/ agent=4700/active/ jphase=absent killpid=
19:38:34.743861861 pdns=4049/0/active/running/ named=0/inactive/dead/ agent=4700/active/ jphase=absent killpid=
19:38:35.023882565 pdns=4049/0/active/running/ named=0/inactive/dead/ agent=4700/active/ jphase=absent killpid=
19:38:35.301322249 pdns=4049/0/active/running/ named=0/inactive/dead/ agent=4700/active/ jphase=absent killpid=
19:38:35.581279483 pdns=4049/0/active/running/ named=0/inactive/dead/ agent=4700/active/ jphase=absent killpid=
19:38:35.857579678 pdns=4049/0/active/running/ named=0/inactive/dead/ agent=4700/active/ jphase=absent killpid=
19:38:36.129172826 pdns=4049/0/active/running/ named=0/inactive/dead/ agent=4700/active/ jphase=absent killpid=
19:38:36.408883980 pdns=4049/0/active/running/ named=0/inactive/dead/ agent=4700/active/ jphase=absent killpid=
19:38:36.688071475 pdns=4049/0/active/running/ named=0/inactive/dead/ agent=4700/active/ jphase=absent killpid=
19:38:36.969454890 pdns=4049/0/active/running/ named=0/inactive/dead/ agent=4700/active/ jphase=absent killpid=
19:38:37.246049692 pdns=4049/0/active/running/ named=0/inactive/dead/ agent=4700/active/ jphase=absent killpid=
19:38:37.531854244 pdns=4049/0/active/running/ named=0/inactive/dead/ agent=4700/active/ jphase=absent killpid=
19:38:38.758760423 pdns=4049/0/active/running/ named=0/inactive/dead/ agent=4700/active/ jphase=absent killpid=
19:38:39.040169066 pdns=4049/0/active/running/ named=0/inactive/dead/ agent=4700/active/ jphase=absent killpid=
19:38:39.317586528 pdns=4049/0/active/running/ named=0/inactive/dead/ agent=4700/active/ jphase=absent killpid=
19:38:39.600727252 pdns=4049/0/active/running/ named=0/inactive/dead/ agent=4700/active/ jphase=absent killpid=
19:38:39.878010980 pdns=4049/0/active/running/ named=0/inactive/dead/ agent=4700/active/ jphase=absent killpid=
19:38:40.209046486 pdns=4049/0/active/running/ named=0/inactive/dead/ agent=4700/active/ jphase=absent killpid=
19:38:40.494872659 pdns=4049/0/active/running/ named=0/inactive/dead/ agent=4700/active/ jphase=absent killpid=
19:38:40.787928995 pdns=4049/0/active/running/ named=0/inactive/dead/ agent=4700/active/ jphase=absent killpid=
19:38:41.066661618 pdns=4049/0/active/running/ named=0/inactive/dead/ agent=4700/active/ jphase=absent killpid=
19:38:41.347719374 pdns=4049/0/active/running/ named=0/inactive/dead/ agent=4700/active/ jphase=absent killpid=
19:38:41.626755945 pdns=4049/0/active/running/ named=0/inactive/dead/ agent=4700/active/ jphase=absent killpid=
19:38:41.904125816 pdns=4049/0/active/running/ named=0/inactive/dead/ agent=4700/active/ jphase=absent killpid=
19:38:42.178010764 pdns=4049/0/active/running/ named=0/inactive/dead/ agent=4700/active/ jphase=absent killpid=
19:38:42.454756504 pdns=4049/0/active/running/ named=0/inactive/dead/ agent=4700/active/ jphase=absent killpid=
19:38:42.733303273 pdns=4049/0/active/running/ named=0/inactive/dead/ agent=4700/active/ jphase=absent killpid=
19:38:43.017800547 pdns=4049/0/active/running/ named=0/inactive/dead/ agent=4700/active/ jphase=absent killpid=
19:38:43.301481329 pdns=4049/0/active/running/ named=0/inactive/dead/ agent=4700/active/ jphase=absent killpid=
19:38:43.615452134 pdns=4049/0/active/running/ named=0/inactive/dead/ agent=4700/active/ jphase=absent killpid=
19:38:43.889145781 pdns=4049/0/active/running/ named=0/inactive/dead/ agent=4700/active/ jphase=absent killpid=
19:38:44.163672690 pdns=4049/0/active/running/ named=0/inactive/dead/ agent=4700/active/ jphase=absent killpid=
19:38:44.444480818 pdns=4049/0/active/running/ named=0/inactive/dead/ agent=4700/active/ jphase=absent killpid=
19:38:44.728634376 pdns=4049/0/active/running/ named=0/inactive/dead/ agent=4700/active/ jphase=absent killpid=
19:38:45.006367139 pdns=4049/0/active/running/ named=0/inactive/dead/ agent=4700/active/ jphase=absent killpid=
19:38:45.285863679 pdns=4049/0/active/running/ named=0/inactive/dead/ agent=4700/active/ jphase=absent killpid=
19:38:45.571394213 pdns=4049/0/active/running/ named=0/inactive/dead/ agent=4700/active/ jphase=absent killpid=
19:38:45.845546988 pdns=4049/0/active/running/ named=0/inactive/dead/ agent=4700/active/ jphase=absent killpid=
19:38:46.124011393 pdns=4049/0/active/running/ named=0/inactive/dead/ agent=4700/active/ jphase=absent killpid=
19:38:46.459823099 pdns=4049/0/active/running/ named=0/inactive/dead/ agent=4700/active/ jphase=absent killpid=
19:38:47.829860017 pdns=4049/0/active/running/ named=0/inactive/dead/ agent=4700/active/ jphase=absent killpid=
19:38:48.128427769 pdns=4049/0/active/running/ named=0/inactive/dead/ agent=4700/active/ jphase=absent killpid=
19:38:48.442592449 pdns=4049/0/active/running/ named=0/inactive/dead/ agent=4700/active/ jphase=absent killpid=
19:38:48.719423599 pdns=4049/0/active/running/ named=0/inactive/dead/ agent=4700/active/ jphase=absent killpid=
19:38:48.995111385 pdns=4049/0/active/running/ named=0/inactive/dead/ agent=4700/active/ jphase=absent killpid=
19:38:49.270436953 pdns=4049/0/active/running/ named=0/inactive/dead/ agent=4700/active/ jphase=absent killpid=
19:38:49.551907376 pdns=4049/0/active/running/ named=0/inactive/dead/ agent=4700/active/ jphase=absent killpid=
19:38:49.828182024 pdns=4049/0/active/running/ named=0/inactive/dead/ agent=4700/active/ jphase=absent killpid=
19:38:50.104752855 pdns=4049/0/active/running/ named=0/inactive/dead/ agent=4700/active/ jphase=absent killpid=
19:38:50.386683569 pdns=4049/0/active/running/ named=0/inactive/dead/ agent=4700/active/ jphase=absent killpid=
19:38:50.662827529 pdns=4049/0/active/running/ named=0/inactive/dead/ agent=4700/active/ jphase=absent killpid=
19:38:50.936116475 pdns=4049/0/active/running/ named=0/inactive/dead/ agent=4700/active/ jphase=absent killpid=
19:38:51.209074840 pdns=4049/0/active/running/ named=0/inactive/dead/ agent=4700/active/ jphase=absent killpid=
19:38:51.483517011 pdns=4049/0/active/running/ named=0/inactive/dead/ agent=4700/active/ jphase=absent killpid=
19:38:51.758710243 pdns=4049/0/active/running/ named=0/inactive/dead/ agent=4700/active/ jphase=absent killpid=
19:38:52.033602792 pdns=4049/0/active/running/ named=0/inactive/dead/ agent=4700/active/ jphase=absent killpid=
19:38:52.310310660 pdns=4049/0/active/running/ named=0/inactive/dead/ agent=4700/active/ jphase=absent killpid=
19:38:52.592790199 pdns=4049/0/active/running/ named=0/inactive/dead/ agent=4700/active/ jphase=absent killpid=
19:38:52.872571849 pdns=4049/0/active/running/ named=0/inactive/dead/ agent=4700/active/ jphase=absent killpid=
19:38:53.151004441 pdns=4049/0/active/running/ named=0/inactive/dead/ agent=4700/active/ jphase=absent killpid=
19:38:53.430175623 pdns=4049/0/active/running/ named=0/inactive/dead/ agent=4700/active/ jphase=absent killpid=
19:38:53.714971849 pdns=4049/0/active/running/ named=0/inactive/dead/ agent=4700/active/ jphase=absent killpid=
19:38:53.988053788 pdns=4049/0/active/running/ named=0/inactive/dead/ agent=4700/active/ jphase=absent killpid=
19:38:54.266664283 pdns=4049/0/active/running/ named=0/inactive/dead/ agent=4700/active/ jphase=absent killpid=
19:38:54.542563253 pdns=4049/0/active/running/ named=0/inactive/dead/ agent=4700/active/ jphase=absent killpid=
19:38:54.823463327 pdns=4049/0/active/running/ named=0/inactive/dead/ agent=4700/active/ jphase=absent killpid=
19:38:55.105313584 pdns=4049/0/active/running/ named=0/inactive/dead/ agent=4700/active/ jphase=absent killpid=
19:38:55.409800619 pdns=4049/0/active/running/ named=0/inactive/dead/ agent=4700/active/ jphase=absent killpid=
19:38:55.693868013 pdns=4049/0/active/running/ named=0/inactive/dead/ agent=4700/active/ jphase=absent killpid=
19:38:55.972673269 pdns=4049/0/active/running/ named=0/inactive/dead/ agent=4700/active/ jphase=absent killpid=
