13:35:34.814874015 CHANGE journal none -> absent
13:35:34.826604403 CHANGE ledger none -> 177f61d12ed0bb85e6ea535b807b376e26bbe0871405a13867c0b3cb6ea4b211
13:35:34.830207243 CHANGE state none -> absent
13:35:34.831683447 pdns=0/0/inactive/dead/ named=0/inactive/dead/ agent=0/inactive/ jphase=absent killpid=
13:35:35.105507711 pdns=0/0/inactive/dead/ named=0/inactive/dead/ agent=0/inactive/ jphase=absent killpid=
13:35:35.378368456 pdns=0/0/inactive/dead/ named=0/inactive/dead/ agent=0/inactive/ jphase=absent killpid=
13:35:35.672729977 CHANGE ledger 177f61d12ed0bb85e6ea535b807b376e26bbe0871405a13867c0b3cb6ea4b211 -> f1dcc181544922c891d714a34abe38c598173749603fabd08dd50c38ca781b88
13:35:35.675180007 pdns=0/0/inactive/dead/ named=0/inactive/dead/ agent=0/inactive/ jphase=absent killpid=1616,
13:35:35.962317783 CHANGE ledger f1dcc181544922c891d714a34abe38c598173749603fabd08dd50c38ca781b88 -> 1e872173d987807ece27bae5c2523995ed52a53bf8679461c6e7409e4341771c
13:35:35.963858276 pdns=0/0/inactive/dead/ named=0/inactive/dead/ agent=0/inactive/ jphase=absent killpid=1616,
13:35:36.366981304 CHANGE ledger 1e872173d987807ece27bae5c2523995ed52a53bf8679461c6e7409e4341771c -> e4d1473203e6c4f1e5cce9346792cd0cf8ecc29ca94411d50a54673cb4081549
13:35:36.368587088 pdns=0/0/inactive/dead/ named=0/inactive/dead/ agent=0/inactive/ jphase=absent killpid=1616,1788,
13:35:36.636858824 pdns=0/0/inactive/dead/ named=0/inactive/dead/ agent=0/inactive/ jphase=absent killpid=1616,1788,
13:35:36.905907705 pdns=0/0/inactive/dead/ named=0/inactive/dead/ agent=0/inactive/ jphase=absent killpid=1616,1788,
13:35:37.181352215 pdns=0/0/inactive/dead/ named=0/inactive/dead/ agent=0/inactive/ jphase=absent killpid=1616,1788,
13:35:37.466192777 pdns=0/0/inactive/dead/ named=0/inactive/dead/ agent=0/inactive/ jphase=absent killpid=1616,1788,
13:35:37.757484448 pdns=0/0/inactive/dead/ named=0/inactive/dead/ agent=0/inactive/ jphase=absent killpid=1616,1788,
13:35:38.035022428 pdns=0/0/inactive/dead/ named=0/inactive/dead/ agent=0/inactive/ jphase=absent killpid=1616,1788,
13:35:38.303668893 pdns=0/0/inactive/dead/ named=0/inactive/dead/ agent=0/inactive/ jphase=absent killpid=1616,1788,
13:35:38.579179054 pdns=0/0/inactive/dead/ named=0/inactive/dead/ agent=0/inactive/ jphase=absent killpid=1616,1788,
13:35:38.848429597 pdns=0/0/inactive/dead/ named=0/inactive/dead/ agent=0/inactive/ jphase=absent killpid=1616,1788,
13:35:39.120113319 pdns=0/0/inactive/dead/ named=0/inactive/dead/ agent=0/inactive/ jphase=absent killpid=1616,1788,
13:35:40.445353380 CHANGE ledger e4d1473203e6c4f1e5cce9346792cd0cf8ecc29ca94411d50a54673cb4081549 -> 2a68ab4a8421756e31afcd5b6ba3e044d7bbdb06dfcd7629fbe050817665bf0a
13:35:40.447146744 pdns=0/0/inactive/dead/ named=0/inactive/dead/ agent=0/inactive/ jphase=absent killpid=1616,2047,
13:35:40.744108129 CHANGE ledger 2a68ab4a8421756e31afcd5b6ba3e044d7bbdb06dfcd7629fbe050817665bf0a -> a20174fecc9a5cd075a6e742752a76227ad3b2f2d16e69a608b42ea84beffb25
13:35:40.746143698 pdns=0/0/inactive/dead/ named=0/inactive/dead/ agent=0/inactive/ jphase=absent killpid=1616,2047,
13:35:41.022830304 pdns=0/0/inactive/dead/ named=0/inactive/dead/ agent=0/inactive/ jphase=absent killpid=1616,2047,
13:35:41.292452099 pdns=0/0/inactive/dead/ named=0/inactive/dead/ agent=0/inactive/ jphase=absent killpid=1616,2047,
13:35:41.574159469 pdns=0/0/inactive/dead/ named=0/inactive/dead/ agent=0/inactive/ jphase=absent killpid=1616,2047,
13:35:41.860721403 pdns=0/0/inactive/dead/ named=0/inactive/dead/ agent=0/inactive/ jphase=absent killpid=1616,2047,
13:35:42.137340409 pdns=0/0/inactive/dead/ named=0/inactive/dead/ agent=0/inactive/ jphase=absent killpid=1616,2047,
13:35:42.417773199 pdns=0/0/inactive/dead/ named=0/inactive/dead/ agent=0/inactive/ jphase=absent killpid=1616,2047,
13:35:42.690313861 pdns=0/0/inactive/dead/ named=0/inactive/dead/ agent=0/inactive/ jphase=absent killpid=1616,2047,
13:35:42.964246459 pdns=0/0/inactive/dead/ named=0/inactive/dead/ agent=0/inactive/ jphase=absent killpid=1616,2047,
13:35:43.238152267 pdns=0/0/inactive/dead/ named=0/inactive/dead/ agent=0/inactive/ jphase=absent killpid=1616,2047,
13:35:43.553304601 pdns=0/0/inactive/dead/ named=0/inactive/dead/ agent=0/inactive/ jphase=absent killpid=1616,2047,
13:35:43.821247197 pdns=0/0/inactive/dead/ named=0/inactive/dead/ agent=0/inactive/ jphase=absent killpid=1616,2047,
13:35:44.108741094 CHANGE ledger a20174fecc9a5cd075a6e742752a76227ad3b2f2d16e69a608b42ea84beffb25 -> a219f16d6b5aead15d8d3de8705564128ebe4afbdd5d819d015da0f796d2f889
13:35:44.110190731 pdns=0/0/inactive/dead/ named=0/inactive/dead/ agent=0/inactive/ jphase=absent killpid=1616,2514,
13:35:44.547641894 CHANGE ledger a219f16d6b5aead15d8d3de8705564128ebe4afbdd5d819d015da0f796d2f889 -> 16bb9df3675f344a272197621444a5f2677f17480f5d977a06af015354377194
13:35:44.549064396 pdns=0/0/inactive/dead/ named=0/inactive/dead/ agent=0/inactive/ jphase=absent killpid=1616,
13:35:44.838775759 CHANGE journal absent -> 6c3d0937359459a983e322b77958b6b561e7722bc320017248dc4209b74b45dc
13:35:44.847664676 CHANGE ledger 16bb9df3675f344a272197621444a5f2677f17480f5d977a06af015354377194 -> 2b992c08675019fa823ec82293c8a072612fbc93b155fdf67923a3a5e49eb6c6
13:35:44.849251112 pdns=0/0/inactive/dead/ named=0/inactive/dead/ agent=0/inactive/ jphase=intent killpid=1616,
13:35:45.125992750 CHANGE ledger 2b992c08675019fa823ec82293c8a072612fbc93b155fdf67923a3a5e49eb6c6 -> e7276765f72341a91f958989e43ddf9142b943cfa47d55a13eaf89237047ce26
13:35:45.127479663 pdns=0/0/inactive/dead/ named=0/inactive/dead/ agent=0/inactive/ jphase=target-staged killpid=1616,
13:35:45.409937883 CHANGE journal 6c3d0937359459a983e322b77958b6b561e7722bc320017248dc4209b74b45dc -> e0a63f41aa3643b895009be9caaaba790c1a8490f050253a4d4a925ac25f758e
13:35:45.427967040 CHANGE ledger e7276765f72341a91f958989e43ddf9142b943cfa47d55a13eaf89237047ce26 -> c7fd81052db3814b1243515470fa73cd6e2d88fe09fc5f604c469556f5f2016d
13:35:45.429784985 pdns=0/0/inactive/dead/ named=0/inactive/dead/ agent=0/inactive/ jphase=source-stopped killpid=1616,2838,
13:35:45.738100058 CHANGE ledger c7fd81052db3814b1243515470fa73cd6e2d88fe09fc5f604c469556f5f2016d -> 7ef708d1d745ab706ee61f98d7e1c13887cc7cedf32836af67ed8fff893bd771
13:35:45.739728726 pdns=0/0/inactive/dead/ named=0/inactive/dead/ agent=0/inactive/ jphase=source-stopped killpid=1616,2949,
13:35:46.235107461 CHANGE ledger 7ef708d1d745ab706ee61f98d7e1c13887cc7cedf32836af67ed8fff893bd771 -> bd21135deb70f6f4d7b24abbcc21b21834f99d82da05a196fd9c3314100b2663
13:35:46.237137286 pdns=0/0/inactive/dead/ named=0/inactive/dead/ agent=0/inactive/ jphase=source-stopped killpid=1616,
13:35:46.538575645 CHANGE ledger bd21135deb70f6f4d7b24abbcc21b21834f99d82da05a196fd9c3314100b2663 -> 8b9a1bdc973ca4fadb05befc0cfaab771bcf795e18bd2ce9327b2e7f8b22e784
13:35:46.540279055 pdns=0/0/inactive/dead/ named=0/inactive/dead/ agent=0/inactive/ jphase=source-stopped killpid=1616,3141,
13:35:47.017163064 CHANGE ledger 8b9a1bdc973ca4fadb05befc0cfaab771bcf795e18bd2ce9327b2e7f8b22e784 -> 4f17f7eef714d5a3f8278214ffc574c3bf2f2a406dcfd5819e326df6c6347147
13:35:47.019208098 pdns=0/0/inactive/dead/ named=0/inactive/dead/ agent=0/inactive/ jphase=source-stopped killpid=1616,3229,
13:35:47.309413029 CHANGE ledger 4f17f7eef714d5a3f8278214ffc574c3bf2f2a406dcfd5819e326df6c6347147 -> b5f082e7b41256d85343766b9b90e90039d9fa2a6747ae6a8d7395fc2a9db2b5
13:35:47.311042778 pdns=3282/0/activating/start/ named=0/inactive/dead/ agent=0/inactive/ jphase=source-stopped killpid=1616,
13:35:47.603580167 CHANGE journal e0a63f41aa3643b895009be9caaaba790c1a8490f050253a4d4a925ac25f758e -> dd9ea9bab6be8d3983d601e2c5682d9ec8fe04a16cc6e851207be13bd11a4802
13:35:47.615045765 CHANGE ledger b5f082e7b41256d85343766b9b90e90039d9fa2a6747ae6a8d7395fc2a9db2b5 -> 5fab664364b25370ea5e81e6dd17187d0d4aaa9a5ead803c0802a56b99a779d6
13:35:47.616765620 pdns=0/0/inactive/dead/ named=0/inactive/dead/ agent=3320/active/ jphase=rolling-back killpid=
13:35:48.340114185 CHANGE journal dd9ea9bab6be8d3983d601e2c5682d9ec8fe04a16cc6e851207be13bd11a4802 -> absent
13:35:48.350480180 CHANGE ledger 5fab664364b25370ea5e81e6dd17187d0d4aaa9a5ead803c0802a56b99a779d6 -> 46b1c0ed57ea7dac53c0a01212ecd7d345b7f97f5bedc109a8cdc493088fa4f7
13:35:48.351831884 pdns=0/0/inactive/dead/ named=0/inactive/dead/ agent=3320/active/ jphase=absent killpid=
13:35:48.639434835 CHANGE ledger 46b1c0ed57ea7dac53c0a01212ecd7d345b7f97f5bedc109a8cdc493088fa4f7 -> e364025fd5b5b444d7eb3dd041d46ec5d91fc8a818b1e4776bfdce1da0abecac
13:35:48.641300564 pdns=0/0/inactive/dead/ named=0/inactive/dead/ agent=3320/active/ jphase=absent killpid=
13:35:48.930040304 CHANGE journal absent -> 6c3d0937359459a983e322b77958b6b561e7722bc320017248dc4209b74b45dc
13:35:48.939232773 CHANGE ledger e364025fd5b5b444d7eb3dd041d46ec5d91fc8a818b1e4776bfdce1da0abecac -> 598380e99557c1e75f9d80bc5de0fd5191baa060f528961b5b6480184409a277
13:35:48.940712385 pdns=0/0/inactive/dead/ named=0/inactive/dead/ agent=3320/active/ jphase=intent killpid=
13:35:49.217264298 CHANGE ledger 598380e99557c1e75f9d80bc5de0fd5191baa060f528961b5b6480184409a277 -> 8a3bc8935fa74cef1258ada3cc4e04b2d222e40f27cc77480917573ac7c49730
13:35:49.218974540 pdns=0/0/inactive/dead/ named=0/inactive/dead/ agent=3320/active/ jphase=source-stopped killpid=
13:35:49.495377792 CHANGE journal 6c3d0937359459a983e322b77958b6b561e7722bc320017248dc4209b74b45dc -> e0a63f41aa3643b895009be9caaaba790c1a8490f050253a4d4a925ac25f758e
13:35:49.507696743 CHANGE ledger 8a3bc8935fa74cef1258ada3cc4e04b2d222e40f27cc77480917573ac7c49730 -> d267417216a605a12ac99da0497db1bec1705a5d0c4ad21d0bf422e85fc6b3d0
13:35:49.509047827 pdns=0/0/inactive/dead/ named=0/inactive/dead/ agent=3320/active/ jphase=source-stopped killpid=
13:35:49.974986767 CHANGE ledger d267417216a605a12ac99da0497db1bec1705a5d0c4ad21d0bf422e85fc6b3d0 -> 54b015b73b7cee836dbbae6382a17d7042d3a3d81db3577dd03d71fbe8b11d15
13:35:49.976608697 pdns=0/0/inactive/dead/ named=0/inactive/dead/ agent=3320/active/ jphase=source-stopped killpid=
13:35:50.401815530 CHANGE ledger 54b015b73b7cee836dbbae6382a17d7042d3a3d81db3577dd03d71fbe8b11d15 -> 91f926c6f3e1e6a370e195600074b0f714f9eaefbd718382255b526b56e937e8
13:35:50.403328712 pdns=0/0/inactive/dead/ named=0/inactive/dead/ agent=3320/active/ jphase=source-stopped killpid=
13:35:50.692067807 CHANGE ledger 91f926c6f3e1e6a370e195600074b0f714f9eaefbd718382255b526b56e937e8 -> 5742c1a858e29a6ac873e996634974eacce9922a2a91ddf7690d69e0b0687494
13:35:50.694487829 pdns=0/0/inactive/dead/ named=0/inactive/dead/ agent=3320/active/ jphase=source-stopped killpid=
13:35:50.997873029 CHANGE journal e0a63f41aa3643b895009be9caaaba790c1a8490f050253a4d4a925ac25f758e -> a74392cfc47379232ae180baff86fb101e4908a8fe35b236bd5c55b0a2196208
13:35:51.010629155 CHANGE ledger 5742c1a858e29a6ac873e996634974eacce9922a2a91ddf7690d69e0b0687494 -> e9dceabdbd35e12c4ca48ad9013bab2ae3362ebcb54667cc8e607cfa8faa38df
13:35:51.012566479 pdns=4160/0/active/running/ named=0/inactive/dead/ agent=3320/active/ jphase=target-started killpid=
13:35:51.296473579 CHANGE ledger e9dceabdbd35e12c4ca48ad9013bab2ae3362ebcb54667cc8e607cfa8faa38df -> fffeb93a8ef246f66eebea7cf0960f0c4f958af1e03ebe66538724f7373cdc21
13:35:51.297953741 pdns=4160/0/active/running/ named=0/inactive/dead/ agent=3320/active/ jphase=target-started killpid=
13:35:51.585767220 CHANGE ledger fffeb93a8ef246f66eebea7cf0960f0c4f958af1e03ebe66538724f7373cdc21 -> 3b630ab21827d40f61f47600066d51d0c93318caa49b7d0d016a78075a9e51f6
13:35:51.587127360 pdns=4160/0/active/running/ named=0/inactive/dead/ agent=3320/active/ jphase=target-started killpid=
13:35:51.870110800 CHANGE ledger 3b630ab21827d40f61f47600066d51d0c93318caa49b7d0d016a78075a9e51f6 -> 2cba6a011a216c4e2e4d3147ac485c6aab7722fde8c5b1c47a3a991361077aa4
13:35:51.881533210 CHANGE state absent -> 44123b1175908f23676aa5c7375e429ee8f45d1a981ab3d7a0a704575c6df324
13:35:51.883051446 pdns=4160/0/active/running/ named=0/inactive/dead/ agent=3320/active/ jphase=committed killpid=
13:35:52.166985795 CHANGE journal a74392cfc47379232ae180baff86fb101e4908a8fe35b236bd5c55b0a2196208 -> e20caa93510958ab172063b77d1c993e91d4a11db0823bfe87260d5ebc0d7479
13:35:52.180160786 pdns=4160/0/active/running/ named=0/inactive/dead/ agent=3320/active/ jphase=committed killpid=
13:35:52.456721867 CHANGE journal e20caa93510958ab172063b77d1c993e91d4a11db0823bfe87260d5ebc0d7479 -> absent
13:35:52.466167721 CHANGE ledger 2cba6a011a216c4e2e4d3147ac485c6aab7722fde8c5b1c47a3a991361077aa4 -> 0d656efe58499b5ff9d83745dd83a805f7f11ed52699d2c9c14534c9ff19cd52
13:35:52.471904425 pdns=4160/0/active/running/ named=0/inactive/dead/ agent=3320/active/ jphase=absent killpid=
13:35:52.777924672 pdns=4160/0/active/running/ named=0/inactive/dead/ agent=3320/active/ jphase=absent killpid=
13:35:53.095244706 pdns=4160/0/active/running/ named=0/inactive/dead/ agent=3320/active/ jphase=absent killpid=
13:35:53.363100416 pdns=4160/0/active/running/ named=0/inactive/dead/ agent=3320/active/ jphase=absent killpid=
13:35:53.630985712 pdns=4160/0/active/running/ named=0/inactive/dead/ agent=3320/active/ jphase=absent killpid=
13:35:53.895802167 pdns=4160/0/active/running/ named=0/inactive/dead/ agent=3320/active/ jphase=absent killpid=
13:35:54.164036667 pdns=4160/0/active/running/ named=0/inactive/dead/ agent=3320/active/ jphase=absent killpid=
13:35:54.433502309 pdns=4160/0/active/running/ named=0/inactive/dead/ agent=3320/active/ jphase=absent killpid=
13:35:54.699135688 pdns=4160/0/active/running/ named=0/inactive/dead/ agent=3320/active/ jphase=absent killpid=
13:35:54.993255475 pdns=4160/0/active/running/ named=0/inactive/dead/ agent=3320/active/ jphase=absent killpid=
13:35:55.261222104 pdns=4160/0/active/running/ named=0/inactive/dead/ agent=3320/active/ jphase=absent killpid=
13:35:55.529205591 pdns=4160/0/active/running/ named=0/inactive/dead/ agent=3320/active/ jphase=absent killpid=
13:35:55.795243447 pdns=4160/0/active/running/ named=0/inactive/dead/ agent=3320/active/ jphase=absent killpid=
13:35:56.063839993 pdns=4160/0/active/running/ named=0/inactive/dead/ agent=3320/active/ jphase=absent killpid=
13:35:56.344540335 pdns=4160/0/active/running/ named=0/inactive/dead/ agent=3320/active/ jphase=absent killpid=
13:35:56.615903523 pdns=4160/0/active/running/ named=0/inactive/dead/ agent=3320/active/ jphase=absent killpid=
13:35:56.888231588 pdns=4160/0/active/running/ named=0/inactive/dead/ agent=3320/active/ jphase=absent killpid=
13:35:57.160298708 pdns=4160/0/active/running/ named=0/inactive/dead/ agent=3320/active/ jphase=absent killpid=
13:35:57.430290676 pdns=4160/0/active/running/ named=0/inactive/dead/ agent=3320/active/ jphase=absent killpid=
13:35:57.699679270 pdns=4160/0/active/running/ named=0/inactive/dead/ agent=3320/active/ jphase=absent killpid=
13:35:57.970397157 pdns=4160/0/active/running/ named=0/inactive/dead/ agent=3320/active/ jphase=absent killpid=
13:35:58.249138257 pdns=4160/0/active/running/ named=0/inactive/dead/ agent=3320/active/ jphase=absent killpid=
13:35:58.517309763 pdns=4160/0/active/running/ named=0/inactive/dead/ agent=3320/active/ jphase=absent killpid=
13:35:58.783578785 pdns=4160/0/active/running/ named=0/inactive/dead/ agent=3320/active/ jphase=absent killpid=
13:35:59.051638045 pdns=4160/0/active/running/ named=0/inactive/dead/ agent=3320/active/ jphase=absent killpid=
13:35:59.317730890 pdns=4160/0/active/running/ named=0/inactive/dead/ agent=3320/active/ jphase=absent killpid=
13:35:59.587216594 pdns=4160/0/active/running/ named=0/inactive/dead/ agent=3320/active/ jphase=absent killpid=
13:35:59.853739238 pdns=4160/0/active/running/ named=0/inactive/dead/ agent=3320/active/ jphase=absent killpid=
13:36:00.119227169 pdns=4160/0/active/running/ named=0/inactive/dead/ agent=3320/active/ jphase=absent killpid=
13:36:00.400881499 pdns=4160/0/active/running/ named=0/inactive/dead/ agent=3320/active/ jphase=absent killpid=
13:36:00.710961485 pdns=4160/0/active/running/ named=0/inactive/dead/ agent=3320/active/ jphase=absent killpid=
13:36:01.022364456 pdns=4160/0/active/running/ named=0/inactive/dead/ agent=3320/active/ jphase=absent killpid=
13:36:01.299408218 pdns=4160/0/active/running/ named=0/inactive/dead/ agent=3320/active/ jphase=absent killpid=
13:36:01.581231943 pdns=4160/0/active/running/ named=0/inactive/dead/ agent=3320/active/ jphase=absent killpid=
13:36:01.974019820 pdns=4160/0/active/running/ named=0/inactive/dead/ agent=3320/active/ jphase=absent killpid=
13:36:02.308201472 pdns=4160/0/active/running/ named=0/inactive/dead/ agent=3320/active/ jphase=absent killpid=
13:36:02.587755947 pdns=4160/0/active/running/ named=0/inactive/dead/ agent=3320/active/ jphase=absent killpid=
13:36:02.862895249 pdns=4160/0/active/running/ named=0/inactive/dead/ agent=3320/active/ jphase=absent killpid=
13:36:03.133983498 pdns=4160/0/active/running/ named=0/inactive/dead/ agent=3320/active/ jphase=absent killpid=
13:36:03.405748237 pdns=4160/0/active/running/ named=0/inactive/dead/ agent=3320/active/ jphase=absent killpid=
13:36:03.676678513 pdns=4160/0/active/running/ named=0/inactive/dead/ agent=3320/active/ jphase=absent killpid=
13:36:03.942600666 pdns=4160/0/active/running/ named=0/inactive/dead/ agent=3320/active/ jphase=absent killpid=
13:36:04.209462337 pdns=4160/0/active/running/ named=0/inactive/dead/ agent=3320/active/ jphase=absent killpid=
13:36:04.484008178 pdns=4160/0/active/running/ named=0/inactive/dead/ agent=3320/active/ jphase=absent killpid=
13:36:04.752295744 pdns=4160/0/active/running/ named=0/inactive/dead/ agent=3320/active/ jphase=absent killpid=
13:36:05.021140970 pdns=4160/0/active/running/ named=0/inactive/dead/ agent=3320/active/ jphase=absent killpid=
13:36:05.287386483 pdns=4160/0/active/running/ named=0/inactive/dead/ agent=3320/active/ jphase=absent killpid=
13:36:05.554367880 pdns=4160/0/active/running/ named=0/inactive/dead/ agent=3320/active/ jphase=absent killpid=
13:36:05.838489925 pdns=4160/0/active/running/ named=0/inactive/dead/ agent=3320/active/ jphase=absent killpid=
13:36:06.104949477 pdns=4160/0/active/running/ named=0/inactive/dead/ agent=3320/active/ jphase=absent killpid=
13:36:06.372589055 pdns=4160/0/active/running/ named=0/inactive/dead/ agent=3320/active/ jphase=absent killpid=
13:36:06.638453853 pdns=4160/0/active/running/ named=0/inactive/dead/ agent=3320/active/ jphase=absent killpid=
13:36:06.904450045 pdns=4160/0/active/running/ named=0/inactive/dead/ agent=3320/active/ jphase=absent killpid=
13:36:07.170749780 pdns=4160/0/active/running/ named=0/inactive/dead/ agent=3320/active/ jphase=absent killpid=
13:36:07.438123147 pdns=4160/0/active/running/ named=0/inactive/dead/ agent=3320/active/ jphase=absent killpid=
13:36:07.711406588 pdns=4160/0/active/running/ named=0/inactive/dead/ agent=3320/active/ jphase=absent killpid=
13:36:07.978880128 pdns=4160/0/active/running/ named=0/inactive/dead/ agent=3320/active/ jphase=absent killpid=
13:36:08.245238872 pdns=4160/0/active/running/ named=0/inactive/dead/ agent=3320/active/ jphase=absent killpid=
13:36:08.511434141 pdns=4160/0/active/running/ named=0/inactive/dead/ agent=3320/active/ jphase=absent killpid=
13:36:08.776118847 pdns=4160/0/active/running/ named=0/inactive/dead/ agent=3320/active/ jphase=absent killpid=
13:36:09.068623276 pdns=4160/0/active/running/ named=0/inactive/dead/ agent=3320/active/ jphase=absent killpid=
13:36:09.342204532 pdns=4160/0/active/running/ named=0/inactive/dead/ agent=3320/active/ jphase=absent killpid=
13:36:09.712105435 pdns=4160/0/active/running/ named=0/inactive/dead/ agent=3320/active/ jphase=absent killpid=
13:36:10.180636812 pdns=4160/0/active/running/ named=0/inactive/dead/ agent=3320/active/ jphase=absent killpid=
13:36:10.540853683 pdns=4160/0/active/running/ named=0/inactive/dead/ agent=3320/active/ jphase=absent killpid=
13:36:10.838526876 pdns=4160/0/active/running/ named=0/inactive/dead/ agent=3320/active/ jphase=absent killpid=
13:36:11.133217334 pdns=4160/0/active/running/ named=0/inactive/dead/ agent=3320/active/ jphase=absent killpid=
13:36:11.464745967 pdns=4160/0/active/running/ named=0/inactive/dead/ agent=3320/active/ jphase=absent killpid=
13:36:11.734481014 pdns=4160/0/active/running/ named=0/inactive/dead/ agent=3320/active/ jphase=absent killpid=
13:36:12.002382393 pdns=4160/0/active/running/ named=0/inactive/dead/ agent=3320/active/ jphase=absent killpid=
13:36:12.278191037 pdns=4160/0/active/running/ named=0/inactive/dead/ agent=3320/active/ jphase=absent killpid=
13:36:12.553640754 pdns=4160/0/active/running/ named=0/inactive/dead/ agent=3320/active/ jphase=absent killpid=
13:36:12.823553452 pdns=4160/0/active/running/ named=0/inactive/dead/ agent=3320/active/ jphase=absent killpid=
13:36:13.089037542 pdns=4160/0/active/running/ named=0/inactive/dead/ agent=3320/active/ jphase=absent killpid=
13:36:13.355884849 pdns=4160/0/active/running/ named=0/inactive/dead/ agent=3320/active/ jphase=absent killpid=
13:36:13.627579032 pdns=4160/0/active/running/ named=0/inactive/dead/ agent=3320/active/ jphase=absent killpid=
13:36:13.902436884 pdns=4160/0/active/running/ named=0/inactive/dead/ agent=3320/active/ jphase=absent killpid=
13:36:14.199886227 pdns=4160/0/active/running/ named=0/inactive/dead/ agent=3320/active/ jphase=absent killpid=
13:36:14.469166983 pdns=4160/0/active/running/ named=0/inactive/dead/ agent=3320/active/ jphase=absent killpid=
13:36:14.736245751 pdns=4160/0/active/running/ named=0/inactive/dead/ agent=3320/active/ jphase=absent killpid=
13:36:15.002234649 pdns=4160/0/active/running/ named=0/inactive/dead/ agent=3320/active/ jphase=absent killpid=
13:36:15.269161072 pdns=4160/0/active/running/ named=0/inactive/dead/ agent=3320/active/ jphase=absent killpid=
13:36:15.540258477 pdns=4160/0/active/running/ named=0/inactive/dead/ agent=3320/active/ jphase=absent killpid=
13:36:15.813453466 pdns=4160/0/active/running/ named=0/inactive/dead/ agent=3320/active/ jphase=absent killpid=
13:36:16.091987197 pdns=4160/0/active/running/ named=0/inactive/dead/ agent=3320/active/ jphase=absent killpid=
13:36:16.365221927 pdns=4160/0/active/running/ named=0/inactive/dead/ agent=3320/active/ jphase=absent killpid=
13:36:16.633004683 pdns=4160/0/active/running/ named=0/inactive/dead/ agent=3320/active/ jphase=absent killpid=
13:36:16.901103504 pdns=4160/0/active/running/ named=0/inactive/dead/ agent=3320/active/ jphase=absent killpid=
13:36:17.176968246 pdns=4160/0/active/running/ named=0/inactive/dead/ agent=3320/active/ jphase=absent killpid=
13:36:17.444538350 pdns=4160/0/active/running/ named=0/inactive/dead/ agent=3320/active/ jphase=absent killpid=
13:36:17.710088422 pdns=4160/0/active/running/ named=0/inactive/dead/ agent=3320/active/ jphase=absent killpid=
13:36:17.976455285 pdns=4160/0/active/running/ named=0/inactive/dead/ agent=3320/active/ jphase=absent killpid=
13:36:18.241292838 pdns=4160/0/active/running/ named=0/inactive/dead/ agent=3320/active/ jphase=absent killpid=
13:36:18.508037650 pdns=4160/0/active/running/ named=0/inactive/dead/ agent=3320/active/ jphase=absent killpid=
13:36:18.778814324 pdns=4160/0/active/running/ named=0/inactive/dead/ agent=3320/active/ jphase=absent killpid=
13:36:19.050658014 pdns=4160/0/active/running/ named=0/inactive/dead/ agent=3320/active/ jphase=absent killpid=
13:36:19.318454385 pdns=4160/0/active/running/ named=0/inactive/dead/ agent=3320/active/ jphase=absent killpid=
13:36:19.584990033 pdns=4160/0/active/running/ named=0/inactive/dead/ agent=3320/active/ jphase=absent killpid=
13:36:19.852162877 pdns=4160/0/active/running/ named=0/inactive/dead/ agent=3320/active/ jphase=absent killpid=
13:36:20.118401219 pdns=4160/0/active/running/ named=0/inactive/dead/ agent=3320/active/ jphase=absent killpid=
13:36:20.383726073 pdns=4160/0/active/running/ named=0/inactive/dead/ agent=3320/active/ jphase=absent killpid=
13:36:20.652603703 pdns=4160/0/active/running/ named=0/inactive/dead/ agent=3320/active/ jphase=absent killpid=
13:36:20.921469806 pdns=4160/0/active/running/ named=0/inactive/dead/ agent=3320/active/ jphase=absent killpid=
13:36:21.189104472 pdns=4160/0/active/running/ named=0/inactive/dead/ agent=3320/active/ jphase=absent killpid=
13:36:21.456902729 pdns=4160/0/active/running/ named=0/inactive/dead/ agent=3320/active/ jphase=absent killpid=
13:36:21.729776327 pdns=4160/0/active/running/ named=0/inactive/dead/ agent=3320/active/ jphase=absent killpid=
13:36:22.004607951 pdns=4160/0/active/running/ named=0/inactive/dead/ agent=3320/active/ jphase=absent killpid=
13:36:22.337221576 pdns=4160/0/active/running/ named=0/inactive/dead/ agent=3320/active/ jphase=absent killpid=
13:36:22.746032639 pdns=4160/0/active/running/ named=0/inactive/dead/ agent=3320/active/ jphase=absent killpid=
13:36:23.046724647 pdns=4160/0/active/running/ named=0/inactive/dead/ agent=3320/active/ jphase=absent killpid=
13:36:23.333406855 pdns=4160/0/active/running/ named=0/inactive/dead/ agent=3320/active/ jphase=absent killpid=
13:36:23.624256190 pdns=4160/0/active/running/ named=0/inactive/dead/ agent=3320/active/ jphase=absent killpid=
13:36:23.906314289 pdns=4160/0/active/running/ named=0/inactive/dead/ agent=3320/active/ jphase=absent killpid=
13:36:24.175885465 pdns=4160/0/active/running/ named=0/inactive/dead/ agent=3320/active/ jphase=absent killpid=
13:36:24.451392662 pdns=4160/0/active/running/ named=0/inactive/dead/ agent=3320/active/ jphase=absent killpid=
13:36:24.728348213 pdns=4160/0/active/running/ named=0/inactive/dead/ agent=3320/active/ jphase=absent killpid=
13:36:25.003312680 pdns=4160/0/active/running/ named=0/inactive/dead/ agent=3320/active/ jphase=absent killpid=
13:36:25.269933124 pdns=4160/0/active/running/ named=0/inactive/dead/ agent=3320/active/ jphase=absent killpid=
13:36:25.544781925 pdns=4160/0/active/running/ named=0/inactive/dead/ agent=3320/active/ jphase=absent killpid=
13:36:25.811690246 pdns=4160/0/active/running/ named=0/inactive/dead/ agent=3320/active/ jphase=absent killpid=
