16:19:17.681131276 CHANGE journal none -> absent
16:19:17.696188160 CHANGE ledger none -> 177f61d12ed0bb85e6ea535b807b376e26bbe0871405a13867c0b3cb6ea4b211
16:19:17.701069594 CHANGE state none -> absent
16:19:17.705554552 CHANGE pdnsdb none -> absent
16:19:17.710762462 POINTER 
16:19:17.713349734 pdns=0/0/inactive/dead/ named=0/inactive/dead/ agent=0/inactive/ jphase=absent killpid=
16:19:18.000095501 pdns=0/0/inactive/dead/ named=0/inactive/dead/ agent=0/inactive/ jphase=absent killpid=
16:19:18.292035089 pdns=0/0/inactive/dead/ named=0/inactive/dead/ agent=0/inactive/ jphase=absent killpid=
16:19:18.590240826 pdns=0/0/inactive/dead/ named=0/inactive/dead/ agent=0/inactive/ jphase=absent killpid=
16:19:18.858846843 pdns=0/0/inactive/dead/ named=0/inactive/dead/ agent=0/inactive/ jphase=absent killpid=
16:19:19.140197431 pdns=0/0/inactive/dead/ named=0/inactive/dead/ agent=0/inactive/ jphase=absent killpid=
16:19:19.475108901 pdns=0/0/inactive/dead/ named=0/inactive/dead/ agent=0/inactive/ jphase=absent killpid=1797,
16:19:19.885082508 CHANGE ledger 177f61d12ed0bb85e6ea535b807b376e26bbe0871405a13867c0b3cb6ea4b211 -> 7e89794b2279f06b90e83ca4685397f66a666c3c5ac10463d6f8a8ca3be999d6
16:19:19.932605441 pdns=0/0/inactive/dead/ named=0/inactive/dead/ agent=0/inactive/ jphase=absent killpid=1797,
16:19:21.842693627 CHANGE ledger 7e89794b2279f06b90e83ca4685397f66a666c3c5ac10463d6f8a8ca3be999d6 -> 9b97dd1ad85cab5a350b1049c33a57588075e6404c22da3933a8cb0a642ae554
16:19:21.847864783 pdns=0/0/inactive/dead/ named=0/inactive/dead/ agent=0/inactive/ jphase=absent killpid=1797,1923,
16:19:22.209359449 CHANGE ledger 9b97dd1ad85cab5a350b1049c33a57588075e6404c22da3933a8cb0a642ae554 -> b4f040f6998798d2786f9985b65acbc1a888e498a32bb46191363085ea5f96d3
16:19:22.213346937 pdns=0/0/inactive/dead/ named=0/inactive/dead/ agent=0/inactive/ jphase=absent killpid=1797,
16:19:22.517604989 CHANGE ledger b4f040f6998798d2786f9985b65acbc1a888e498a32bb46191363085ea5f96d3 -> cac76cc80d3ab56c393af5d0441d6ebd2d05802a638729a76780738ff59ed092
16:19:22.521508583 pdns=0/0/inactive/dead/ named=0/inactive/dead/ agent=0/inactive/ jphase=absent killpid=1797,2021,
16:19:22.804120338 pdns=0/0/inactive/dead/ named=0/inactive/dead/ agent=0/inactive/ jphase=absent killpid=1797,2021,
16:19:23.082281228 pdns=0/0/inactive/dead/ named=0/inactive/dead/ agent=0/inactive/ jphase=absent killpid=1797,2021,
16:19:23.369612734 pdns=0/0/inactive/dead/ named=0/inactive/dead/ agent=0/inactive/ jphase=absent killpid=1797,2021,
16:19:23.656108665 pdns=0/0/inactive/dead/ named=0/inactive/dead/ agent=0/inactive/ jphase=absent killpid=1797,2021,
16:19:23.943514198 pdns=0/0/inactive/dead/ named=0/inactive/dead/ agent=0/inactive/ jphase=absent killpid=1797,2021,
16:19:24.274678720 pdns=0/0/inactive/dead/ named=0/inactive/dead/ agent=0/inactive/ jphase=absent killpid=1797,2021,
16:19:24.559760505 pdns=0/0/inactive/dead/ named=0/inactive/dead/ agent=0/inactive/ jphase=absent killpid=1797,2021,
16:19:24.867056847 CHANGE ledger cac76cc80d3ab56c393af5d0441d6ebd2d05802a638729a76780738ff59ed092 -> 44bfbff6171c44fc40b946335afada59c5be89f96522690e4e78ed2f427734e6
16:19:24.871638320 pdns=0/0/inactive/dead/ named=0/inactive/dead/ agent=0/inactive/ jphase=absent killpid=1797,2021,
16:19:25.151824912 pdns=0/0/inactive/dead/ named=0/inactive/dead/ agent=0/inactive/ jphase=absent killpid=1797,2021,
16:19:25.474090095 pdns=0/0/inactive/dead/ named=0/inactive/dead/ agent=0/inactive/ jphase=absent killpid=1797,2021,
16:19:25.782331467 pdns=0/0/inactive/dead/ named=0/inactive/dead/ agent=0/inactive/ jphase=absent killpid=1797,2021,
16:19:26.089738569 pdns=0/0/inactive/dead/ named=0/inactive/dead/ agent=0/inactive/ jphase=absent killpid=1797,2021,
16:19:26.374714142 pdns=0/0/inactive/dead/ named=0/inactive/dead/ agent=0/inactive/ jphase=absent killpid=1797,2021,
16:19:26.653838369 pdns=0/0/inactive/dead/ named=0/inactive/dead/ agent=0/inactive/ jphase=absent killpid=1797,2021,
16:19:26.933074252 pdns=0/0/inactive/dead/ named=0/inactive/dead/ agent=0/inactive/ jphase=absent killpid=1797,2021,
16:19:27.217270682 pdns=0/0/inactive/dead/ named=0/inactive/dead/ agent=0/inactive/ jphase=absent killpid=1797,2021,
16:19:27.548909042 pdns=0/0/inactive/dead/ named=0/inactive/dead/ agent=0/inactive/ jphase=absent killpid=1797,2021,
16:19:27.841277470 pdns=0/0/inactive/dead/ named=0/inactive/dead/ agent=0/inactive/ jphase=absent killpid=1797,2021,
16:19:28.149350661 pdns=0/0/inactive/dead/ named=0/inactive/dead/ agent=0/inactive/ jphase=absent killpid=1797,2021,
16:19:28.465066043 pdns=0/0/inactive/dead/ named=0/inactive/dead/ agent=0/inactive/ jphase=absent killpid=1797,2021,
16:19:28.799202663 pdns=0/0/inactive/dead/ named=0/inactive/dead/ agent=0/inactive/ jphase=absent killpid=1797,2021,
16:19:29.161780731 pdns=0/0/inactive/dead/ named=0/inactive/dead/ agent=0/inactive/ jphase=absent killpid=1797,2021,
16:19:29.477274272 pdns=0/0/inactive/dead/ named=0/inactive/dead/ agent=0/inactive/ jphase=absent killpid=1797,2021,
16:19:29.835515955 CHANGE ledger 44bfbff6171c44fc40b946335afada59c5be89f96522690e4e78ed2f427734e6 -> c8d6803f812a9c78b4a066edd44328d04202a54fbca214893bc600ee1a8c8c40
16:19:29.841030070 pdns=0/0/inactive/dead/ named=0/inactive/dead/ agent=0/inactive/ jphase=absent killpid=1797,2021,
16:19:30.143676161 pdns=0/0/inactive/dead/ named=0/inactive/dead/ agent=0/inactive/ jphase=absent killpid=1797,2021,
16:19:30.480408379 pdns=0/0/inactive/dead/ named=0/inactive/dead/ agent=0/inactive/ jphase=absent killpid=1797,2021,
16:19:30.843900913 pdns=0/0/inactive/dead/ named=0/inactive/dead/ agent=0/inactive/ jphase=absent killpid=1797,2720,
16:19:31.163034130 CHANGE ledger c8d6803f812a9c78b4a066edd44328d04202a54fbca214893bc600ee1a8c8c40 -> 7f24bccc054d038a41787b60a7ca333f63e057c0c69adcc7caf517fb6bc2c040
16:19:31.168443938 pdns=0/0/inactive/dead/ named=0/inactive/dead/ agent=0/inactive/ jphase=absent killpid=1797,2720,
16:19:31.491360689 pdns=0/0/inactive/dead/ named=0/inactive/dead/ agent=0/inactive/ jphase=absent killpid=1797,2720,
16:19:31.812925410 pdns=0/0/inactive/dead/ named=0/inactive/dead/ agent=0/inactive/ jphase=absent killpid=1797,2720,
16:19:32.131744968 pdns=0/0/inactive/dead/ named=0/inactive/dead/ agent=0/inactive/ jphase=absent killpid=1797,2720,
16:19:32.561966882 pdns=0/0/inactive/dead/ named=0/inactive/dead/ agent=0/inactive/ jphase=absent killpid=1797,2720,
16:19:34.101717950 pdns=0/0/inactive/dead/ named=0/inactive/dead/ agent=0/inactive/ jphase=absent killpid=1797,2720,
16:19:34.417107053 pdns=0/0/inactive/dead/ named=0/inactive/dead/ agent=0/inactive/ jphase=absent killpid=1797,2720,
16:19:34.726303466 CHANGE ledger 7f24bccc054d038a41787b60a7ca333f63e057c0c69adcc7caf517fb6bc2c040 -> 1fec70cd0909d96100b7b8f6849ea266a7066482e5ad7f97204f1508ea0e9206
16:19:34.730533943 pdns=0/0/inactive/dead/ named=0/inactive/dead/ agent=0/inactive/ jphase=absent killpid=1797,2720,
16:19:35.025147863 pdns=0/0/inactive/dead/ named=0/inactive/dead/ agent=0/inactive/ jphase=absent killpid=1797,2720,
16:19:35.390849675 pdns=0/0/inactive/dead/ named=0/inactive/dead/ agent=0/inactive/ jphase=absent killpid=1797,2720,
16:19:37.028702083 pdns=0/0/inactive/dead/ named=0/inactive/dead/ agent=0/inactive/ jphase=absent killpid=1797,2720,
16:19:38.931521990 pdns=0/0/inactive/dead/ named=0/inactive/dead/ agent=0/inactive/ jphase=absent killpid=1797,2720,
16:19:39.221499833 pdns=0/0/inactive/dead/ named=0/inactive/dead/ agent=0/inactive/ jphase=absent killpid=1797,2720,
16:19:39.517944916 pdns=0/0/inactive/dead/ named=0/inactive/dead/ agent=0/inactive/ jphase=absent killpid=1797,2720,
16:19:39.837855948 CHANGE ledger 1fec70cd0909d96100b7b8f6849ea266a7066482e5ad7f97204f1508ea0e9206 -> 7fe296007886728f6a610158ed222898a3cbf777c0e06f2491e91b639907d9f5
16:19:39.845216146 pdns=0/0/inactive/dead/ named=0/inactive/dead/ agent=0/inactive/ jphase=absent killpid=1797,2720,
16:19:40.180857165 pdns=0/0/inactive/dead/ named=0/inactive/dead/ agent=0/inactive/ jphase=absent killpid=1797,2720,
16:19:40.525922418 pdns=0/0/inactive/dead/ named=0/inactive/dead/ agent=0/inactive/ jphase=absent killpid=1797,2720,
16:19:40.822499792 pdns=0/0/inactive/dead/ named=0/inactive/dead/ agent=0/inactive/ jphase=absent killpid=1797,2720,
16:19:41.113631259 pdns=0/0/inactive/dead/ named=0/inactive/dead/ agent=0/inactive/ jphase=absent killpid=1797,2720,
16:19:41.404257323 pdns=0/0/inactive/dead/ named=0/inactive/dead/ agent=0/inactive/ jphase=absent killpid=1797,2720,
16:19:41.693706767 pdns=0/0/inactive/dead/ named=0/inactive/dead/ agent=0/inactive/ jphase=absent killpid=1797,2720,
16:19:41.992756595 CHANGE ledger 7fe296007886728f6a610158ed222898a3cbf777c0e06f2491e91b639907d9f5 -> ed0108242ab88b14152f431d3b7bb82155904de56efba1d97cdba158eeb269d6
16:19:41.998573525 pdns=0/0/inactive/dead/ named=0/inactive/dead/ agent=0/inactive/ jphase=absent killpid=1797,3458,
16:19:42.606586613 CHANGE ledger ed0108242ab88b14152f431d3b7bb82155904de56efba1d97cdba158eeb269d6 -> de469d1fe64ebe16c04e8dd11b3c91e7c2dd02e4cbbded381fe907724f764cbd
16:19:42.612674406 pdns=0/0/inactive/dead/ named=0/inactive/dead/ agent=0/inactive/ jphase=absent killpid=1797,3536,
16:19:42.954478537 CHANGE ledger de469d1fe64ebe16c04e8dd11b3c91e7c2dd02e4cbbded381fe907724f764cbd -> 284bb7a2c465933b512d5db089b24e6bdc96ed968a720c9122b91c8918490170
16:19:42.958388681 pdns=0/0/inactive/dead/ named=0/inactive/dead/ agent=0/inactive/ jphase=absent killpid=1797,
16:19:43.274210095 CHANGE journal absent -> a6c339d8c613fb1d9d8e3d819ac82020b4fc1853fd850437aaf4cbe4f4a232d9
16:19:43.285589030 CHANGE ledger 284bb7a2c465933b512d5db089b24e6bdc96ed968a720c9122b91c8918490170 -> 6f8b264d0b298eadcb1e2f5ea96b8896452fd171a1f008ce4500796047df7b5e
16:19:43.290561341 pdns=0/0/inactive/dead/ named=0/inactive/dead/ agent=0/inactive/ jphase=intent killpid=1797,
16:19:43.620637277 pdns=0/0/inactive/dead/ named=0/inactive/dead/ agent=0/inactive/ jphase=intent killpid=1797,
16:19:43.899897335 pdns=0/0/inactive/dead/ named=0/inactive/dead/ agent=0/inactive/ jphase=intent killpid=1797,
16:19:44.174050643 pdns=0/0/inactive/dead/ named=0/inactive/dead/ agent=0/inactive/ jphase=intent killpid=1797,
16:19:44.452613467 CHANGE ledger 6f8b264d0b298eadcb1e2f5ea96b8896452fd171a1f008ce4500796047df7b5e -> 3a5b39d7fc73dc0633b2b656ae6e63d6833b4fe639a1f446875422ef6da1f838
16:19:44.456749509 pdns=0/0/inactive/dead/ named=0/inactive/dead/ agent=0/inactive/ jphase=intent killpid=1797,
16:19:44.733285391 CHANGE journal a6c339d8c613fb1d9d8e3d819ac82020b4fc1853fd850437aaf4cbe4f4a232d9 -> 18452a37fe586ed40ef8ee18905ad68371b2c2ed6fbed03c784589eced2402cf
16:19:44.741774092 CHANGE ledger 3a5b39d7fc73dc0633b2b656ae6e63d6833b4fe639a1f446875422ef6da1f838 -> 84f58ed800c90c9a08900e7291ba013904dd356c4796368becc0a4077b97989f
16:19:44.758255861 CHANGE pdnsdb absent -> 71748c678a16f701e551033cf5a3f9abf9f2641cb891c72db088c4ae0d899bb8
16:19:44.763932440 pdns=0/0/inactive/dead/ named=0/inactive/dead/ agent=0/inactive/ jphase=source-stopped killpid=1797,
16:19:45.060299884 CHANGE ledger 84f58ed800c90c9a08900e7291ba013904dd356c4796368becc0a4077b97989f -> 3aaa2d3a23013d54e94360b232d32ee60a162207cf2bdd1d224eec7c2d9e533e
16:19:45.073822639 pdns=0/0/inactive/dead/ named=0/inactive/dead/ agent=0/inactive/ jphase=source-stopped killpid=1797,3969,
16:19:45.585494814 CHANGE ledger 3aaa2d3a23013d54e94360b232d32ee60a162207cf2bdd1d224eec7c2d9e533e -> a7997a283c5adfd64a8bf0fe5dc507ee8fe80967f60391eb6727c62fe08d800e
16:19:45.594914909 pdns=0/0/inactive/dead/ named=0/inactive/dead/ agent=0/inactive/ jphase=source-stopped killpid=1797,
16:19:46.135976116 CHANGE ledger a7997a283c5adfd64a8bf0fe5dc507ee8fe80967f60391eb6727c62fe08d800e -> 3b432a2e2083d03fc2d4de7ae6a64c795f528db5938e824d0bbfab431550366d
16:19:46.145053714 pdns=0/0/inactive/dead/ named=0/inactive/dead/ agent=0/inactive/ jphase=source-stopped killpid=1797,4188,
16:19:46.441457905 CHANGE ledger 3b432a2e2083d03fc2d4de7ae6a64c795f528db5938e824d0bbfab431550366d -> 1059fc9d00997add057ed6fbad0411d5fdbd3ce564c981cc802ad122d60cd66e
16:19:46.451447134 pdns=0/0/inactive/dead/ named=0/inactive/dead/ agent=0/inactive/ jphase=source-stopped killpid=1797,4272,
16:19:46.820220113 CHANGE ledger 1059fc9d00997add057ed6fbad0411d5fdbd3ce564c981cc802ad122d60cd66e -> 558fb22300bbaa94e35900aa4e80bff68adf1d1dee63fbed2fe7f3acfd1b3d94
16:19:46.831155499 pdns=0/0/inactive/dead/ named=0/inactive/dead/ agent=0/inactive/ jphase=source-stopped killpid=1797,
16:19:47.130278656 CHANGE ledger 558fb22300bbaa94e35900aa4e80bff68adf1d1dee63fbed2fe7f3acfd1b3d94 -> 4485db01d20369855750948a3b692983f0a3e22c1a25542aeda2a41ce23e5387
16:19:47.141046692 pdns=0/0/inactive/dead/ named=0/inactive/dead/ agent=0/inactive/ jphase=source-stopped killpid=1797,
16:19:47.434955382 CHANGE ledger 4485db01d20369855750948a3b692983f0a3e22c1a25542aeda2a41ce23e5387 -> 5a7ea36085b9794ade07e889e9c126ad9a761c3df54a653fd5e895fcfe7c0fa7
16:19:47.447393465 pdns=4452/0/active/running/ named=0/inactive/dead/ agent=0/inactive/ jphase=source-stopped killpid=1797,
16:19:47.744247021 CHANGE ledger 5a7ea36085b9794ade07e889e9c126ad9a761c3df54a653fd5e895fcfe7c0fa7 -> 9fd5e460fd31c1daacdeae3c82b83126cc1967975f4595fdd554bccd703924d2
16:19:47.757558847 CHANGE pdnsdb 71748c678a16f701e551033cf5a3f9abf9f2641cb891c72db088c4ae0d899bb8 -> 3e43715b61e26642611c9e1b5dcc8fde1a5201e118004a4f81e16b3bea9afec9
16:19:47.761599591 pdns=4452/0/active/running/ named=0/inactive/dead/ agent=0/inactive/ jphase=source-stopped killpid=1797,
16:19:48.059506308 CHANGE journal 18452a37fe586ed40ef8ee18905ad68371b2c2ed6fbed03c784589eced2402cf -> a9246bab89add30526d0436600d39f03c889118dded381cfdc59da9cc8911b90
16:19:48.070841654 CHANGE ledger 9fd5e460fd31c1daacdeae3c82b83126cc1967975f4595fdd554bccd703924d2 -> cad59ff972342b9cefa0fa459349d453b3d9dd12c22146e6cfeef7663a8d11fa
16:19:48.080599385 pdns=0/0/inactive/dead/ named=0/inactive/dead/ agent=4567/active/ jphase=rolling-back killpid=
16:19:48.687688485 CHANGE pdnsdb 3e43715b61e26642611c9e1b5dcc8fde1a5201e118004a4f81e16b3bea9afec9 -> absent
16:19:48.693461140 pdns=0/0/inactive/dead/ named=0/inactive/dead/ agent=4567/active/ jphase=rolling-back killpid=
16:19:48.985949106 CHANGE journal a9246bab89add30526d0436600d39f03c889118dded381cfdc59da9cc8911b90 -> absent
16:19:48.995618476 CHANGE ledger cad59ff972342b9cefa0fa459349d453b3d9dd12c22146e6cfeef7663a8d11fa -> 674559ed63b6738e65113f5dce3f792b469cba0228f60694b8bcd08b50a5862d
16:19:49.001211664 pdns=0/0/inactive/dead/ named=0/inactive/dead/ agent=4567/active/ jphase=absent killpid=
16:19:49.311172632 CHANGE ledger 674559ed63b6738e65113f5dce3f792b469cba0228f60694b8bcd08b50a5862d -> e22da97a25864cda69c090c4625f6099db1b35d55d0378cbc03467f18eea634f
16:19:49.317956512 pdns=0/0/inactive/dead/ named=0/inactive/dead/ agent=4567/active/ jphase=absent killpid=
16:19:49.637539464 CHANGE ledger e22da97a25864cda69c090c4625f6099db1b35d55d0378cbc03467f18eea634f -> 4fcb7794bf9971f4a618ea9c06d501de21a417c3704c3f98812e61413d094844
16:19:49.643176376 pdns=0/0/inactive/dead/ named=0/inactive/dead/ agent=4567/active/ jphase=absent killpid=
16:19:49.925481992 CHANGE ledger 4fcb7794bf9971f4a618ea9c06d501de21a417c3704c3f98812e61413d094844 -> 3b3995667f0dc0f34f614a97a7a88a5a5d9e16ec4d04061b405ba442fd68232e
16:19:49.929421650 pdns=0/0/inactive/dead/ named=0/inactive/dead/ agent=4567/active/ jphase=absent killpid=
16:19:50.210336960 CHANGE journal absent -> a6c339d8c613fb1d9d8e3d819ac82020b4fc1853fd850437aaf4cbe4f4a232d9
16:19:50.218995789 CHANGE ledger 3b3995667f0dc0f34f614a97a7a88a5a5d9e16ec4d04061b405ba442fd68232e -> b3f35db75e841f8d7ac26fd2789ff4a17c9764369306e5cbd3eb7612bb21a976
16:19:50.222952264 pdns=0/0/inactive/dead/ named=0/inactive/dead/ agent=4567/active/ jphase=intent killpid=
16:19:50.502869410 pdns=0/0/inactive/dead/ named=0/inactive/dead/ agent=4567/active/ jphase=intent killpid=
16:19:50.786179378 pdns=0/0/inactive/dead/ named=0/inactive/dead/ agent=4567/active/ jphase=intent killpid=
16:19:51.053484576 pdns=0/0/inactive/dead/ named=0/inactive/dead/ agent=4567/active/ jphase=intent killpid=
16:19:51.339798116 CHANGE ledger b3f35db75e841f8d7ac26fd2789ff4a17c9764369306e5cbd3eb7612bb21a976 -> a79bd76899b3936590df7289d6f208f02dff19c0088f66d490992b12737a2e44
16:19:51.343853249 pdns=0/0/inactive/dead/ named=0/inactive/dead/ agent=4567/active/ jphase=target-staged killpid=
16:19:51.647932587 CHANGE journal a6c339d8c613fb1d9d8e3d819ac82020b4fc1853fd850437aaf4cbe4f4a232d9 -> 18452a37fe586ed40ef8ee18905ad68371b2c2ed6fbed03c784589eced2402cf
16:19:51.656661891 CHANGE ledger a79bd76899b3936590df7289d6f208f02dff19c0088f66d490992b12737a2e44 -> e2e0672de0966dd8ac786e0634b5c260aeae93b488966d7a736e3896822e1353
16:19:51.668102459 CHANGE pdnsdb absent -> 71748c678a16f701e551033cf5a3f9abf9f2641cb891c72db088c4ae0d899bb8
16:19:51.672609081 pdns=0/0/inactive/dead/ named=0/inactive/dead/ agent=4567/active/ jphase=source-stopped killpid=
16:19:51.969837156 CHANGE ledger e2e0672de0966dd8ac786e0634b5c260aeae93b488966d7a736e3896822e1353 -> c1b4b57ea9db304e6c29f190bb1f3a1ebf00fc1dc88746bd20f1e37a82797a01
16:19:51.979749737 pdns=0/0/inactive/dead/ named=0/inactive/dead/ agent=4567/active/ jphase=source-stopped killpid=
16:19:52.432080435 CHANGE ledger c1b4b57ea9db304e6c29f190bb1f3a1ebf00fc1dc88746bd20f1e37a82797a01 -> a07d5a7f8904287ec7ebdc00ac5cef974586bce3fca0dd959907e39c71947756
16:19:52.443449358 pdns=0/0/inactive/dead/ named=0/inactive/dead/ agent=4567/active/ jphase=source-stopped killpid=
16:19:52.762154247 CHANGE ledger a07d5a7f8904287ec7ebdc00ac5cef974586bce3fca0dd959907e39c71947756 -> b32d9d48cad547c63c7d6758c3c2ed2e51f26c68b783fd648e7a9fb311cc1848
16:19:52.776317096 pdns=0/0/inactive/dead/ named=0/inactive/dead/ agent=4567/active/ jphase=source-stopped killpid=
16:19:53.091711684 CHANGE ledger b32d9d48cad547c63c7d6758c3c2ed2e51f26c68b783fd648e7a9fb311cc1848 -> 325b8f0b259691a66b18aaa26d57fa932a32058b0e69537e34787f06a59acae8
16:19:53.104209488 pdns=0/0/inactive/dead/ named=0/inactive/dead/ agent=4567/active/ jphase=source-stopped killpid=
16:19:53.395194680 CHANGE ledger 325b8f0b259691a66b18aaa26d57fa932a32058b0e69537e34787f06a59acae8 -> 5cab5f1b18c5c873fbac42bf7f79bf0e7bb26c2d4a42b57d87935429ee546c3f
16:19:53.410338285 pdns=0/0/inactive/dead/ named=0/inactive/dead/ agent=4567/active/ jphase=source-stopped killpid=
16:19:53.705835173 CHANGE ledger 5cab5f1b18c5c873fbac42bf7f79bf0e7bb26c2d4a42b57d87935429ee546c3f -> eafff4497731be88d9c347ff1ae5b86db4cbdafefeb1c0d89479281960cf90b0
16:19:53.717686317 pdns=5723/0/activating/start/ named=0/inactive/dead/ agent=4567/active/ jphase=source-stopped killpid=
16:19:54.146125631 CHANGE ledger eafff4497731be88d9c347ff1ae5b86db4cbdafefeb1c0d89479281960cf90b0 -> 676c1bcbd74aacc6386db6aa545171898c14fbc710fee87614bba5692eaa1445
16:19:54.178093810 CHANGE pdnsdb 71748c678a16f701e551033cf5a3f9abf9f2641cb891c72db088c4ae0d899bb8 -> 1a6d313a4112137e90dce2223fc8feb219a9ecf504870be4d6627147b26246aa
16:19:54.187217154 pdns=5723/0/active/running/ named=0/inactive/dead/ agent=4567/active/ jphase=source-stopped killpid=
16:19:54.603122812 CHANGE ledger 676c1bcbd74aacc6386db6aa545171898c14fbc710fee87614bba5692eaa1445 -> e0862ce8e63b34091569cbfb2918bec8e6d213c9aa7e308cde67ae4249320066
16:19:54.630833656 CHANGE pdnsdb 1a6d313a4112137e90dce2223fc8feb219a9ecf504870be4d6627147b26246aa -> 137ad1ef6b0ec90d1934a02a422a9de2a697afabb498df701c5b0be90732af97
16:19:54.638956316 pdns=5723/0/active/running/ named=0/inactive/dead/ agent=4567/active/ jphase=target-started killpid=
16:19:55.034204990 CHANGE journal 18452a37fe586ed40ef8ee18905ad68371b2c2ed6fbed03c784589eced2402cf -> 6d94e22574b553db4fa425cb20122df18ccdc16b7edd1af90f9e7246ef2cd2bf
16:19:55.085103836 CHANGE ledger e0862ce8e63b34091569cbfb2918bec8e6d213c9aa7e308cde67ae4249320066 -> a75cf61476f9dfd55f1d8678be0e2930ae249c75ab9c1488337b26061aeb86ce
16:19:55.105035568 pdns=5723/0/active/running/ named=0/inactive/dead/ agent=4567/active/ jphase=target-started killpid=
16:19:55.542665356 CHANGE ledger a75cf61476f9dfd55f1d8678be0e2930ae249c75ab9c1488337b26061aeb86ce -> 4431fb5cbb2dca6f9e25190e894e0e112841d441ee699a1438a7a03939b4651b
16:19:55.615975956 pdns=5723/0/active/running/ named=0/inactive/dead/ agent=4567/active/ jphase=target-started killpid=
16:19:56.134396255 CHANGE ledger 4431fb5cbb2dca6f9e25190e894e0e112841d441ee699a1438a7a03939b4651b -> c769ccaf369669a049724dfedf15bd85e070afbbf87568b8ad5ce2cae89743b9
16:19:56.146228933 pdns=5723/0/active/running/ named=0/inactive/dead/ agent=4567/active/ jphase=target-started killpid=
16:19:56.471298155 CHANGE ledger c769ccaf369669a049724dfedf15bd85e070afbbf87568b8ad5ce2cae89743b9 -> e4a0dfddba33ffa188f9f4616f533613a4c1872468524c3da43a5f76346fd3df
16:19:56.479561152 pdns=5723/0/active/running/ named=0/inactive/dead/ agent=4567/active/ jphase=target-started killpid=
16:19:56.765393935 CHANGE ledger e4a0dfddba33ffa188f9f4616f533613a4c1872468524c3da43a5f76346fd3df -> 7362d1f0d632f3087b8f2dfffc14fec64c4d13e82e0af79a007100d3e41dd4f5
16:19:56.773670180 pdns=5723/0/active/running/ named=0/inactive/dead/ agent=4567/active/ jphase=target-started killpid=
16:19:57.070464860 CHANGE ledger 7362d1f0d632f3087b8f2dfffc14fec64c4d13e82e0af79a007100d3e41dd4f5 -> 72aba92c463d07a01c430676bdb81c0664e19d4d5f96ecd7b046d7684d4117d0
16:19:57.083404573 pdns=5723/0/active/running/ named=0/inactive/dead/ agent=4567/active/ jphase=target-started killpid=
16:19:57.372041483 CHANGE ledger 72aba92c463d07a01c430676bdb81c0664e19d4d5f96ecd7b046d7684d4117d0 -> 53e0a3ca3bf2b36a37ef78d43ef77222903893e0e5814f0323edaa93ab90eb34
16:19:57.387700305 pdns=5723/0/active/running/ named=0/inactive/dead/ agent=4567/active/ jphase=target-started killpid=
16:19:57.687418601 CHANGE ledger 53e0a3ca3bf2b36a37ef78d43ef77222903893e0e5814f0323edaa93ab90eb34 -> 54fdb2fd6379c744515d3c2eaabc410bd79d00e4f877d765584c377f883209e3
16:19:57.701177813 pdns=5723/0/active/running/ named=0/inactive/dead/ agent=4567/active/ jphase=committed killpid=
16:19:58.007635077 CHANGE journal 6d94e22574b553db4fa425cb20122df18ccdc16b7edd1af90f9e7246ef2cd2bf -> 9e5679978acd958400cda34d83a53563e6e2f734c8a73f4354575680effeae7d
16:19:58.027112397 CHANGE state absent -> 217b657f813a226fff8fd95bdb64656ffc507d457b91f4c08ec4b791df17771d
16:19:58.038779744 pdns=5723/0/active/running/ named=0/inactive/dead/ agent=4567/active/ jphase=committed killpid=
16:19:58.369359743 pdns=5723/0/active/running/ named=0/inactive/dead/ agent=4567/active/ jphase=committed killpid=
16:19:58.655074077 CHANGE journal 9e5679978acd958400cda34d83a53563e6e2f734c8a73f4354575680effeae7d -> absent
16:19:58.671211330 pdns=5723/0/active/running/ named=0/inactive/dead/ agent=4567/active/ jphase=absent killpid=
16:19:58.956738598 CHANGE ledger 54fdb2fd6379c744515d3c2eaabc410bd79d00e4f877d765584c377f883209e3 -> 14f1c442eace0c6804748e08f7927471f26e7811a6483277dd4401de644b8837
16:19:58.968951403 pdns=5723/0/active/running/ named=0/inactive/dead/ agent=4567/active/ jphase=absent killpid=
16:19:59.307807641 pdns=5723/0/active/running/ named=0/inactive/dead/ agent=4567/active/ jphase=absent killpid=
16:19:59.604535054 pdns=5723/0/active/running/ named=0/inactive/dead/ agent=4567/active/ jphase=absent killpid=
16:19:59.890231279 pdns=5723/0/active/running/ named=0/inactive/dead/ agent=4567/active/ jphase=absent killpid=
16:20:00.173942089 pdns=5723/0/active/running/ named=0/inactive/dead/ agent=4567/active/ jphase=absent killpid=
16:20:00.486347254 pdns=5723/0/active/running/ named=0/inactive/dead/ agent=4567/active/ jphase=absent killpid=
16:20:00.766543933 pdns=5723/0/active/running/ named=0/inactive/dead/ agent=4567/active/ jphase=absent killpid=
16:20:01.059394643 pdns=5723/0/active/running/ named=0/inactive/dead/ agent=4567/active/ jphase=absent killpid=
16:20:01.354977893 pdns=5723/0/active/running/ named=0/inactive/dead/ agent=4567/active/ jphase=absent killpid=
16:20:01.650046458 pdns=5723/0/active/running/ named=0/inactive/dead/ agent=4567/active/ jphase=absent killpid=
16:20:01.930330570 pdns=5723/0/active/running/ named=0/inactive/dead/ agent=4567/active/ jphase=absent killpid=
16:20:02.209152712 pdns=5723/0/active/running/ named=0/inactive/dead/ agent=4567/active/ jphase=absent killpid=
16:20:02.498255592 pdns=5723/0/active/running/ named=0/inactive/dead/ agent=4567/active/ jphase=absent killpid=
16:20:02.781314829 pdns=5723/0/active/running/ named=0/inactive/dead/ agent=4567/active/ jphase=absent killpid=
16:20:03.058417553 pdns=5723/0/active/running/ named=0/inactive/dead/ agent=4567/active/ jphase=absent killpid=
16:20:03.352480300 pdns=5723/0/active/running/ named=0/inactive/dead/ agent=4567/active/ jphase=absent killpid=
16:20:03.638194765 pdns=5723/0/active/running/ named=0/inactive/dead/ agent=4567/active/ jphase=absent killpid=
16:20:03.919139602 pdns=5723/0/active/running/ named=0/inactive/dead/ agent=4567/active/ jphase=absent killpid=
16:20:04.197390518 pdns=5723/0/active/running/ named=0/inactive/dead/ agent=4567/active/ jphase=absent killpid=
16:20:04.484002741 pdns=5723/0/active/running/ named=0/inactive/dead/ agent=4567/active/ jphase=absent killpid=
16:20:04.769964581 pdns=5723/0/active/running/ named=0/inactive/dead/ agent=4567/active/ jphase=absent killpid=
16:20:05.066073400 pdns=5723/0/active/running/ named=0/inactive/dead/ agent=4567/active/ jphase=absent killpid=
16:20:05.446616198 pdns=5723/0/active/running/ named=0/inactive/dead/ agent=4567/active/ jphase=absent killpid=
16:20:05.767375316 pdns=5723/0/active/running/ named=0/inactive/dead/ agent=4567/active/ jphase=absent killpid=
16:20:06.085191396 pdns=5723/0/active/running/ named=0/inactive/dead/ agent=4567/active/ jphase=absent killpid=
16:20:06.429645380 pdns=5723/0/active/running/ named=0/inactive/dead/ agent=4567/active/ jphase=absent killpid=
16:20:06.766126457 pdns=5723/0/active/running/ named=0/inactive/dead/ agent=4567/active/ jphase=absent killpid=
16:20:08.015271342 pdns=5723/0/active/running/ named=0/inactive/dead/ agent=4567/active/ jphase=absent killpid=
16:20:08.328964729 pdns=5723/0/active/running/ named=0/inactive/dead/ agent=4567/active/ jphase=absent killpid=
16:20:08.652269784 pdns=5723/0/active/running/ named=0/inactive/dead/ agent=4567/active/ jphase=absent killpid=
16:20:08.975665015 pdns=5723/0/active/running/ named=0/inactive/dead/ agent=4567/active/ jphase=absent killpid=
16:20:09.273422420 pdns=5723/0/active/running/ named=0/inactive/dead/ agent=4567/active/ jphase=absent killpid=
16:20:09.597588585 pdns=5723/0/active/running/ named=0/inactive/dead/ agent=4567/active/ jphase=absent killpid=
16:20:09.895779044 pdns=5723/0/active/running/ named=0/inactive/dead/ agent=4567/active/ jphase=absent killpid=
16:20:10.200293013 pdns=5723/0/active/running/ named=0/inactive/dead/ agent=4567/active/ jphase=absent killpid=
16:20:10.543149019 pdns=5723/0/active/running/ named=0/inactive/dead/ agent=4567/active/ jphase=absent killpid=
16:20:10.844072014 pdns=5723/0/active/running/ named=0/inactive/dead/ agent=4567/active/ jphase=absent killpid=
16:20:11.157376961 pdns=5723/0/active/running/ named=0/inactive/dead/ agent=4567/active/ jphase=absent killpid=
16:20:11.486229720 pdns=5723/0/active/running/ named=0/inactive/dead/ agent=4567/active/ jphase=absent killpid=
16:20:11.808095335 pdns=5723/0/active/running/ named=0/inactive/dead/ agent=4567/active/ jphase=absent killpid=
16:20:12.111566630 pdns=5723/0/active/running/ named=0/inactive/dead/ agent=4567/active/ jphase=absent killpid=
16:20:12.447778771 pdns=5723/0/active/running/ named=0/inactive/dead/ agent=4567/active/ jphase=absent killpid=
16:20:12.745518955 pdns=5723/0/active/running/ named=0/inactive/dead/ agent=4567/active/ jphase=absent killpid=
16:20:13.053002652 pdns=5723/0/active/running/ named=0/inactive/dead/ agent=4567/active/ jphase=absent killpid=
16:20:13.364745027 pdns=5723/0/active/running/ named=0/inactive/dead/ agent=4567/active/ jphase=absent killpid=
16:20:13.703298933 pdns=5723/0/active/running/ named=0/inactive/dead/ agent=4567/active/ jphase=absent killpid=
16:20:13.991079033 pdns=5723/0/active/running/ named=0/inactive/dead/ agent=4567/active/ jphase=absent killpid=
16:20:14.277544291 pdns=5723/0/active/running/ named=0/inactive/dead/ agent=4567/active/ jphase=absent killpid=
16:20:14.576792262 pdns=5723/0/active/running/ named=0/inactive/dead/ agent=4567/active/ jphase=absent killpid=
16:20:14.907794621 pdns=5723/0/active/running/ named=0/inactive/dead/ agent=4567/active/ jphase=absent killpid=
16:20:15.220968593 pdns=5723/0/active/running/ named=0/inactive/dead/ agent=4567/active/ jphase=absent killpid=
16:20:15.558520401 pdns=5723/0/active/running/ named=0/inactive/dead/ agent=4567/active/ jphase=absent killpid=
16:20:16.025885869 pdns=5723/0/active/running/ named=0/inactive/dead/ agent=4567/active/ jphase=absent killpid=
16:20:17.243884781 pdns=5723/0/active/running/ named=0/inactive/dead/ agent=4567/active/ jphase=absent killpid=
16:20:17.543661811 pdns=5723/0/active/running/ named=0/inactive/dead/ agent=4567/active/ jphase=absent killpid=
16:20:17.829620823 pdns=5723/0/active/running/ named=0/inactive/dead/ agent=4567/active/ jphase=absent killpid=
16:20:18.111158363 pdns=5723/0/active/running/ named=0/inactive/dead/ agent=4567/active/ jphase=absent killpid=
16:20:18.399016391 pdns=5723/0/active/running/ named=0/inactive/dead/ agent=4567/active/ jphase=absent killpid=
16:20:18.692872654 pdns=5723/0/active/running/ named=0/inactive/dead/ agent=4567/active/ jphase=absent killpid=
16:20:18.976888195 pdns=5723/0/active/running/ named=0/inactive/dead/ agent=4567/active/ jphase=absent killpid=
16:20:19.265576324 pdns=5723/0/active/running/ named=0/inactive/dead/ agent=4567/active/ jphase=absent killpid=
16:20:19.588137103 pdns=5723/0/active/running/ named=0/inactive/dead/ agent=4567/active/ jphase=absent killpid=
16:20:19.870057990 pdns=5723/0/active/running/ named=0/inactive/dead/ agent=4567/active/ jphase=absent killpid=
16:20:20.151177844 pdns=5723/0/active/running/ named=0/inactive/dead/ agent=4567/active/ jphase=absent killpid=
16:20:20.437722844 pdns=5723/0/active/running/ named=0/inactive/dead/ agent=4567/active/ jphase=absent killpid=
16:20:20.726665872 pdns=5723/0/active/running/ named=0/inactive/dead/ agent=4567/active/ jphase=absent killpid=
16:20:21.009594261 pdns=5723/0/active/running/ named=0/inactive/dead/ agent=4567/active/ jphase=absent killpid=
16:20:21.341012244 pdns=5723/0/active/running/ named=0/inactive/dead/ agent=4567/active/ jphase=absent killpid=
16:20:21.642695555 pdns=5723/0/active/running/ named=0/inactive/dead/ agent=4567/active/ jphase=absent killpid=
16:20:21.929437589 pdns=5723/0/active/running/ named=0/inactive/dead/ agent=4567/active/ jphase=absent killpid=
16:20:22.210677601 pdns=5723/0/active/running/ named=0/inactive/dead/ agent=4567/active/ jphase=absent killpid=
16:20:22.516600271 pdns=5723/0/active/running/ named=0/inactive/dead/ agent=4567/active/ jphase=absent killpid=
16:20:22.858755836 pdns=5723/0/active/running/ named=0/inactive/dead/ agent=4567/active/ jphase=absent killpid=
16:20:23.146682379 pdns=5723/0/active/running/ named=0/inactive/dead/ agent=4567/active/ jphase=absent killpid=
16:20:23.442178499 pdns=5723/0/active/running/ named=0/inactive/dead/ agent=4567/active/ jphase=absent killpid=
16:20:23.729763879 pdns=5723/0/active/running/ named=0/inactive/dead/ agent=4567/active/ jphase=absent killpid=
16:20:24.017476175 pdns=5723/0/active/running/ named=0/inactive/dead/ agent=4567/active/ jphase=absent killpid=
16:20:24.300928309 pdns=5723/0/active/running/ named=0/inactive/dead/ agent=4567/active/ jphase=absent killpid=
16:20:24.592065914 pdns=5723/0/active/running/ named=0/inactive/dead/ agent=4567/active/ jphase=absent killpid=
16:20:24.873041711 pdns=5723/0/active/running/ named=0/inactive/dead/ agent=4567/active/ jphase=absent killpid=
16:20:25.156898245 pdns=5723/0/active/running/ named=0/inactive/dead/ agent=4567/active/ jphase=absent killpid=
16:20:25.458660793 pdns=5723/0/active/running/ named=0/inactive/dead/ agent=4567/active/ jphase=absent killpid=
16:20:25.754225802 pdns=5723/0/active/running/ named=0/inactive/dead/ agent=4567/active/ jphase=absent killpid=
16:20:26.051955282 pdns=5723/0/active/running/ named=0/inactive/dead/ agent=4567/active/ jphase=absent killpid=
16:20:26.356152230 pdns=5723/0/active/running/ named=0/inactive/dead/ agent=4567/active/ jphase=absent killpid=
16:20:26.685343444 pdns=5723/0/active/running/ named=0/inactive/dead/ agent=4567/active/ jphase=absent killpid=
16:20:26.999234130 pdns=5723/0/active/running/ named=0/inactive/dead/ agent=4567/active/ jphase=absent killpid=
16:20:27.320460979 pdns=5723/0/active/running/ named=0/inactive/dead/ agent=4567/active/ jphase=absent killpid=
16:20:27.649820296 pdns=5723/0/active/running/ named=0/inactive/dead/ agent=4567/active/ jphase=absent killpid=
16:20:27.979673410 pdns=5723/0/active/running/ named=0/inactive/dead/ agent=4567/active/ jphase=absent killpid=
16:20:28.289815325 pdns=5723/0/active/running/ named=0/inactive/dead/ agent=4567/active/ jphase=absent killpid=
16:20:28.910365536 pdns=5723/0/active/running/ named=0/inactive/dead/ agent=4567/active/ jphase=absent killpid=
16:20:31.078743232 pdns=5723/0/active/running/ named=0/inactive/dead/ agent=0/inactive/ jphase=absent killpid=
16:20:31.635800243 pdns=5723/0/active/running/ named=0/inactive/dead/ agent=0/inactive/ jphase=absent killpid=
16:20:31.929405705 pdns=5723/0/active/running/ named=0/inactive/dead/ agent=0/inactive/ jphase=absent killpid=
16:20:32.217716637 pdns=5723/0/active/running/ named=0/inactive/dead/ agent=0/inactive/ jphase=absent killpid=
16:20:32.517357919 pdns=5723/0/active/running/ named=0/inactive/dead/ agent=0/inactive/ jphase=absent killpid=
16:20:32.810406393 pdns=5723/0/active/running/ named=0/inactive/dead/ agent=0/inactive/ jphase=absent killpid=
16:20:33.118296309 pdns=5723/0/active/running/ named=0/inactive/dead/ agent=0/inactive/ jphase=absent killpid=
16:20:33.417670396 pdns=5723/0/active/running/ named=0/inactive/dead/ agent=0/inactive/ jphase=absent killpid=
