
> celikpanel-web@0.0.0 build
> tsc && vite build && node scripts/build-recovery-worker.mjs && node scripts/check-bundle-budget.mjs

vite v8.2.0 building client environment for production...
[2Ktransforming...✓ 1618 modules transformed.
rendering chunks...
computing gzip size...
dist/index.html                                       1.03 kB │ gzip:  0.44 kB
dist/recovery-offline.html                            2.11 kB │ gzip:  1.02 kB
dist/assets/overpass-mono-latin-CujxpGkb.woff2       22.01 kB
dist/.vite/manifest.json                             31.60 kB │ gzip:  3.70 kB
dist/assets/overpass-mono-latin-ext-D14p1K_g.woff2   32.64 kB
dist/assets/OpenSans-latin-ext-DPNHYqvY.woff2        35.15 kB
dist/assets/overpass-latin-qAR8M_co.woff2            39.38 kB
dist/assets/overpass-latin-ext-DvafStyF.woff2        46.08 kB
dist/assets/OpenSans-latin-CWNzRldh.woff2            48.32 kB
dist/assets/InterVariable-DiVDrmQJ.woff2            352.24 kB
dist/assets/recovery-DHYxdHJ0.css                     1.89 kB │ gzip:  0.86 kB
dist/assets/app-D7Q2aYW9.css                         50.36 kB │ gzip: 10.25 kB
dist/assets/chevron-right-0l_NeFQb.js                 0.12 kB │ gzip:  0.14 kB
dist/assets/play-tNK8gSG8.js                          0.13 kB │ gzip:  0.15 kB
dist/assets/loader-2-BDSr4jiY.js                      0.13 kB │ gzip:  0.15 kB
dist/assets/plus-BOB-Zuhm.js                          0.15 kB │ gzip:  0.15 kB
dist/assets/arrow-left-B1DWToeP.js                    0.16 kB │ gzip:  0.16 kB
dist/assets/arrow-right-CrblK9Tq.js                   0.16 kB │ gzip:  0.16 kB
dist/assets/search-CxlCCs-u.js                        0.17 kB │ gzip:  0.16 kB
dist/assets/ban-ECkHh-hf.js                           0.17 kB │ gzip:  0.16 kB
dist/assets/gauge-BMpNy-AH.js                         0.17 kB │ gzip:  0.17 kB
dist/assets/check-circle-2-Ci60QB5f.js                0.17 kB │ gzip:  0.17 kB
dist/assets/lock-BmXb4H6E.js                          0.20 kB │ gzip:  0.19 kB
dist/assets/mail-BmPLeDCL.js                          0.21 kB │ gzip:  0.20 kB
dist/assets/key-DrQ-7Vrm.js                           0.22 kB │ gzip:  0.19 kB
dist/assets/copy-CvYLQPQS.js                          0.23 kB │ gzip:  0.21 kB
dist/assets/alert-circle-CBhtkz6U.js                  0.24 kB │ gzip:  0.18 kB
dist/assets/external-link-jDsEe1bq.js                 0.25 kB │ gzip:  0.20 kB
dist/assets/download-BV_QfFuf.js                      0.26 kB │ gzip:  0.22 kB
dist/assets/alert-triangle-GGpg7lJ1.js                0.26 kB │ gzip:  0.21 kB
dist/assets/save-DOTF0jza.js                          0.28 kB │ gzip:  0.22 kB
dist/assets/square-BvFf3pSE.js                        0.29 kB │ gzip:  0.24 kB
dist/assets/file-code-Siu5aPY5.js                     0.30 kB │ gzip:  0.21 kB
dist/assets/badge-check-DWJsPN3y.js                   0.31 kB │ gzip:  0.21 kB
dist/assets/refresh-cw-p2tlarjg.js                    0.32 kB │ gzip:  0.23 kB
dist/assets/file-text-D5DzyfvN.js                     0.33 kB │ gzip:  0.21 kB
dist/assets/pencil-gXicHKAG.js                        0.34 kB │ gzip:  0.25 kB
dist/assets/layout-grid-D4XigUY7.js                   0.34 kB │ gzip:  0.19 kB
dist/assets/shield-alert-DMkvoCw8.js                  0.35 kB │ gzip:  0.26 kB
dist/assets/trash-2-61T6dv8t.js                       0.35 kB │ gzip:  0.25 kB
dist/assets/layers-D7avhwDV.js                        0.36 kB │ gzip:  0.24 kB
dist/assets/network-DKxePdX1.js                       0.38 kB │ gzip:  0.24 kB
dist/assets/clock-3-BtC1Ihoy.js                       0.38 kB │ gzip:  0.28 kB
dist/assets/scan-search-SoW5RkoL.js                   0.38 kB │ gzip:  0.25 kB
dist/assets/hard-drive-bolGxscP.js                    0.39 kB │ gzip:  0.26 kB
dist/assets/shield-off-CBdFArGr.js                    0.39 kB │ gzip:  0.28 kB
dist/assets/inbox-C5eNZJ8L.js                         0.41 kB │ gzip:  0.29 kB
dist/assets/settings-2-DqMUfcg2.js                    0.45 kB │ gzip:  0.30 kB
dist/assets/wifi-off-B5l-gDBW.js                      0.45 kB │ gzip:  0.27 kB
dist/assets/domainAccess-B11bb1Ea.js                  0.53 kB │ gzip:  0.32 kB
dist/assets/createLucideIcon-FXKTpBD8.js              0.71 kB │ gzip:  0.47 kB
dist/assets/rolldown-runtime-hePW80VL.js              0.71 kB │ gzip:  0.42 kB
dist/assets/VsftpdManagement-D8zFKeVl.js              0.83 kB │ gzip:  0.45 kB
dist/assets/boxes-CW2mQwvl.js                         0.85 kB │ gzip:  0.39 kB
dist/assets/WebmailAccess-CrQ6gO6n.js                 1.01 kB │ gzip:  0.55 kB
dist/assets/PageHeader-CJ3vXPk5.js                    1.34 kB │ gzip:  0.65 kB
dist/assets/DovecotManagement-nrMlL1eo.js             1.49 kB │ gzip:  0.72 kB
dist/assets/FirewallSSHNotice-SbMgxOLG.js             1.51 kB │ gzip:  0.68 kB
dist/assets/ConfigEditor-DHZtg_jB.js                  1.89 kB │ gzip:  0.86 kB
dist/assets/AuditLogPage-DW2-wcWO.js                  2.38 kB │ gzip:  0.96 kB
dist/assets/DomainAppsPanel-CFUQFTYn.js               2.58 kB │ gzip:  1.19 kB
dist/assets/MonitoringPage-BSR19Kof.js                3.41 kB │ gzip:  1.49 kB
dist/assets/LicenseLockScreen-D4YDDwQ2.js             3.47 kB │ gzip:  1.28 kB
dist/assets/recoveryObservation-k5DSRCJW.js           3.70 kB │ gzip:  1.41 kB
dist/assets/i18n-BavNcblA.js                          3.90 kB │ gzip:  1.81 kB
dist/assets/recovery-CDnDU1Td.js                      4.24 kB │ gzip:  2.01 kB
dist/assets/NginxManagement-QtN73v5d.js               4.38 kB │ gzip:  1.52 kB
dist/assets/PowerDNSManagement-DyKCxTSK.js            4.52 kB │ gzip:  1.63 kB
dist/assets/Fail2banManagement-CsR0lVsU.js            4.64 kB │ gzip:  1.67 kB
dist/assets/OperationOverlay-BTN-58Ch.js              5.30 kB │ gzip:  1.99 kB
dist/assets/LicensePanel-6i0p18Aa.js                  5.50 kB │ gzip:  2.25 kB
dist/assets/ComponentDetail-BZTq4Xci.js               5.88 kB │ gzip:  2.12 kB
dist/assets/ServiceShell-CVR4hvpR.js                  6.90 kB │ gzip:  2.58 kB
dist/assets/jsx-runtime-096o_Uk7.js                   7.11 kB │ gzip:  2.72 kB
dist/assets/PostfixManagement-rXY4f1K2.js             8.05 kB │ gzip:  2.39 kB
dist/assets/MariaDBManagement-DBGKf45E.js             8.09 kB │ gzip:  2.93 kB
dist/assets/ServerSetupGate-D7RaiU5P.js               8.61 kB │ gzip:  3.28 kB
dist/assets/PHPManagement-BOt4RC8N.js                 9.14 kB │ gzip:  3.09 kB
dist/assets/ImportPage-Bl7qE83x.js                    9.27 kB │ gzip:  2.88 kB
dist/assets/PanelUpdateCard-DS8MJoC_.js               9.74 kB │ gzip:  3.02 kB
dist/assets/SystemSQLiteManager-Dx0CHrnd.js          10.14 kB │ gzip:  3.26 kB
dist/assets/ui-t33mEjIz.js                           12.68 kB │ gzip:  4.51 kB
dist/assets/PostgreSQLManagement-D26R1jbG.js         14.26 kB │ gzip:  4.30 kB
dist/assets/ServerSetupChoice-B_zsSFup.js            16.96 kB │ gzip:  4.77 kB
dist/assets/Domains-B4I4fMjY.js                      18.46 kB │ gzip:  5.84 kB
dist/assets/DatabaseManagementV2-D-YYJ7n4.js         18.70 kB │ gzip:  4.75 kB
dist/assets/VPNPage-BAunWYwG.js                      21.20 kB │ gzip:  5.76 kB
dist/assets/browser-Bg25_sDh.js                      23.47 kB │ gzip:  8.86 kB
dist/assets/UsersPage-CblDKxiD.js                    27.36 kB │ gzip:  6.24 kB
dist/assets/en-BJ05VBRb.js                           29.59 kB │ gzip:  9.09 kB
dist/assets/tr-DK338383.js                           31.26 kB │ gzip:  9.69 kB
dist/assets/Dashboard-DgmqD81q.js                    32.67 kB │ gzip:  8.60 kB
dist/assets/AddonsPage-B1KkJ0y0.js                   37.24 kB │ gzip: 10.22 kB
dist/assets/SystemUpdateOperation-DYhrybOD.js        39.05 kB │ gzip: 11.26 kB
dist/assets/en-DnAFSonP.js                           59.26 kB │ gzip: 17.21 kB
dist/assets/ServiceList-B6rEzR7m.js                  59.35 kB │ gzip: 13.98 kB
dist/assets/tr-BWTG17ZF.js                           63.70 kB │ gzip: 18.73 kB
dist/assets/ServerSetup-BhnfbwBO.js                  79.58 kB │ gzip: 20.21 kB
dist/assets/en-CDx3Ue6k.js                           97.49 kB │ gzip: 27.82 kB
dist/assets/HelpDrawer-CNDBAxBe.js                  103.39 kB │ gzip: 35.40 kB
dist/assets/tr-DAAHUA-I.js                          105.15 kB │ gzip: 30.13 kB
dist/assets/Settings-DCbfyJSo.js                    146.14 kB │ gzip: 35.80 kB
dist/assets/DomainDetail-BiEA2IMh.js                161.69 kB │ gzip: 34.40 kB
dist/assets/app-BtAD47Xr.js                         223.00 kB │ gzip: 68.93 kB

✓ built in 2.79s
Recovery shell: 4 static files, 11967 bytes; no authenticated cache
Bundle budget: entry file 217.78 KiB raw / 66.43 KiB gzip; critical boot 276.73 KiB / 87.12 KiB; largest route src/components/Settings.tsx 272.99 KiB / 79.76 KiB; largest individual async DomainDetail-BiEA2IMh.js 157.91 KiB / 33.31 KiB
Bundle budget per part: raw size / limit (headroom) | gzip size / limit (headroom)
  chunk DomainDetail-BiEA2IMh.js (src/components/DomainDetail.tsx): 157.91 KiB / 160.25 KiB (2.34 KiB left, 1.5%) | 33.31 KiB / 45.25 KiB (11.94 KiB left, 26.4%)
  route src/components/Settings.tsx: 272.99 KiB / 280.00 KiB (7.01 KiB left, 2.5%) | 79.76 KiB / 80.00 KiB (0.24 KiB left, 0.3%)
  route src/components/DomainDetail.tsx: 265.98 KiB / 280.00 KiB (14.02 KiB left, 5.0%) | 73.03 KiB / 80.00 KiB (6.97 KiB left, 8.7%)
  chunk Settings-DCbfyJSo.js (src/components/Settings.tsx): 142.72 KiB / 160.25 KiB (17.53 KiB left, 10.9%) | 34.71 KiB / 45.25 KiB (10.54 KiB left, 23.3%)
  critical boot path: 276.73 KiB / 361.00 KiB (84.27 KiB left, 23.3%) | 87.12 KiB / 110.00 KiB (22.88 KiB left, 20.8%)
  chunk app-BtAD47Xr.js (index.html): 217.78 KiB / 300.00 KiB (82.22 KiB left, 27.4%) | 66.43 KiB / 90.00 KiB (23.57 KiB left, 26.2%)
  chunk tr-DAAHUA-I.js (src/i18n/screens/tr.ts): 102.69 KiB / 160.25 KiB (57.56 KiB left, 35.9%) | 29.04 KiB / 45.25 KiB (16.21 KiB left, 35.8%)
  chunk HelpDrawer-CNDBAxBe.js (HelpDrawer): 100.97 KiB / 160.25 KiB (59.28 KiB left, 37.0%) | 34.25 KiB / 45.25 KiB (11.00 KiB left, 24.3%)
  chunk en-CDx3Ue6k.js (src/i18n/screens/en.ts): 95.21 KiB / 160.25 KiB (65.04 KiB left, 40.6%) | 26.92 KiB / 45.25 KiB (18.33 KiB left, 40.5%)
  chunk ServerSetup-BhnfbwBO.js (src/components/ServerSetup.tsx): 77.72 KiB / 160.25 KiB (82.53 KiB left, 51.5%) | 19.63 KiB / 45.25 KiB (25.62 KiB left, 56.6%)
  route src/components/PostgreSQLManagement.tsx: 133.53 KiB / 280.00 KiB (146.47 KiB left, 52.3%) | 47.00 KiB / 80.00 KiB (33.00 KiB left, 41.3%)
  route src/components/MariaDBManagement.tsx: 124.86 KiB / 280.00 KiB (155.14 KiB left, 55.4%) | 44.22 KiB / 80.00 KiB (35.78 KiB left, 44.7%)
  route src/components/VPNPage.tsx: 124.84 KiB / 280.00 KiB (155.16 KiB left, 55.4%) | 41.93 KiB / 80.00 KiB (38.07 KiB left, 47.6%)
  route src/components/PHPManagement.tsx: 119.07 KiB / 280.00 KiB (160.93 KiB left, 57.5%) | 41.66 KiB / 80.00 KiB (38.34 KiB left, 47.9%)
  route src/components/DovecotManagement.tsx: 118.18 KiB / 280.00 KiB (161.82 KiB left, 57.8%) | 41.83 KiB / 80.00 KiB (38.17 KiB left, 47.7%)
  route src/components/PostfixManagement.tsx: 117.67 KiB / 280.00 KiB (162.33 KiB left, 58.0%) | 40.79 KiB / 80.00 KiB (39.21 KiB left, 49.0%)
  route src/components/VsftpdManagement.tsx: 117.13 KiB / 280.00 KiB (162.87 KiB left, 58.2%) | 41.28 KiB / 80.00 KiB (38.72 KiB left, 48.4%)
  route src/components/ComponentDetail.tsx: 116.31 KiB / 280.00 KiB (163.69 KiB left, 58.5%) | 40.84 KiB / 80.00 KiB (39.16 KiB left, 49.0%)
  route src/components/PowerDNSManagement.tsx: 114.35 KiB / 280.00 KiB (165.65 KiB left, 59.2%) | 40.12 KiB / 80.00 KiB (39.88 KiB left, 49.8%)
  route src/components/Fail2banManagement.tsx: 113.84 KiB / 280.00 KiB (166.16 KiB left, 59.3%) | 39.76 KiB / 80.00 KiB (40.24 KiB left, 50.3%)
  route src/components/NginxManagement.tsx: 113.39 KiB / 280.00 KiB (166.61 KiB left, 59.5%) | 39.43 KiB / 80.00 KiB (40.57 KiB left, 50.7%)
  chunk tr-BWTG17ZF.js (src/i18n/screens/server/tr.ts): 62.21 KiB / 160.25 KiB (98.04 KiB left, 61.2%) | 18.13 KiB / 45.25 KiB (27.13 KiB left, 59.9%)
  route src/components/ServerSetup.tsx: 102.99 KiB / 280.00 KiB (177.01 KiB left, 63.2%) | 27.79 KiB / 80.00 KiB (52.21 KiB left, 65.3%)
  chunk ServiceList-B6rEzR7m.js (src/components/ServiceList.tsx): 57.96 KiB / 160.25 KiB (102.29 KiB left, 63.8%) | 13.56 KiB / 45.25 KiB (31.69 KiB left, 70.0%)
  chunk en-DnAFSonP.js (src/i18n/screens/server/en.ts): 57.88 KiB / 160.25 KiB (102.37 KiB left, 63.9%) | 16.68 KiB / 45.25 KiB (28.57 KiB left, 63.1%)
  chunk SystemUpdateOperation-DYhrybOD.js (SystemUpdateOperation): 38.14 KiB / 160.25 KiB (122.11 KiB left, 76.2%) | 10.90 KiB / 45.25 KiB (34.35 KiB left, 75.9%)
  route src/components/ServiceList.tsx: 64.84 KiB / 280.00 KiB (215.16 KiB left, 76.8%) | 17.68 KiB / 80.00 KiB (62.32 KiB left, 77.9%)
  chunk AddonsPage-B1KkJ0y0.js (src/components/AddonsPage.tsx): 36.37 KiB / 160.25 KiB (123.88 KiB left, 77.3%) | 9.92 KiB / 45.25 KiB (35.33 KiB left, 78.1%)
  route src/components/LicenseLockScreen.tsx: 57.80 KiB / 280.00 KiB (222.20 KiB left, 79.4%) | 18.32 KiB / 80.00 KiB (61.68 KiB left, 77.1%)
  chunk Dashboard-DgmqD81q.js (src/components/Dashboard.tsx): 31.90 KiB / 160.25 KiB (128.35 KiB left, 80.1%) | 8.34 KiB / 45.25 KiB (36.91 KiB left, 81.6%)
  chunk tr-DK338383.js (src/i18n/tr.ts): 30.53 KiB / 160.25 KiB (129.72 KiB left, 80.9%) | 9.39 KiB / 45.25 KiB (35.86 KiB left, 79.2%)
  chunk en-BJ05VBRb.js (src/i18n/en.ts): 28.90 KiB / 160.25 KiB (131.35 KiB left, 82.0%) | 8.80 KiB / 45.25 KiB (36.45 KiB left, 80.5%)
  route src/components/PanelUpdateCard.tsx: 48.72 KiB / 280.00 KiB (231.28 KiB left, 82.6%) | 14.65 KiB / 80.00 KiB (65.35 KiB left, 81.7%)
  chunk UsersPage-CblDKxiD.js (src/components/UsersPage.tsx): 26.72 KiB / 160.25 KiB (133.53 KiB left, 83.3%) | 6.07 KiB / 45.25 KiB (39.18 KiB left, 86.6%)
  route src/components/Dashboard.tsx: 45.98 KiB / 280.00 KiB (234.02 KiB left, 83.6%) | 15.02 KiB / 80.00 KiB (64.98 KiB left, 81.2%)
  route src/components/AddonsPage.tsx: 41.31 KiB / 280.00 KiB (238.69 KiB left, 85.2%) | 13.47 KiB / 80.00 KiB (66.53 KiB left, 83.2%)
  chunk browser-Bg25_sDh.js (../../../../../../../../../../../../CELIKBROS PROJECTS/celikpanel/web/node_modules/qrcode/lib/browser.js): 22.93 KiB / 160.25 KiB (137.32 KiB left, 85.7%) | 8.59 KiB / 45.25 KiB (36.66 KiB left, 81.0%)
  chunk VPNPage-BAunWYwG.js (src/components/VPNPage.tsx): 20.71 KiB / 160.25 KiB (139.54 KiB left, 87.1%) | 5.61 KiB / 45.25 KiB (39.64 KiB left, 87.6%)
  chunk DatabaseManagementV2-D-YYJ7n4.js (src/components/DatabaseManagementV2.tsx): 18.27 KiB / 160.25 KiB (141.98 KiB left, 88.6%) | 4.62 KiB / 45.25 KiB (40.63 KiB left, 89.8%)
  chunk Domains-B4I4fMjY.js (src/components/Domains.tsx): 18.04 KiB / 160.25 KiB (142.21 KiB left, 88.7%) | 5.67 KiB / 45.25 KiB (39.58 KiB left, 87.5%)
  route src/components/UsersPage.tsx: 29.62 KiB / 280.00 KiB (250.38 KiB left, 89.4%) | 7.94 KiB / 80.00 KiB (72.06 KiB left, 90.1%)
  chunk ServerSetupChoice-B_zsSFup.js (ServerSetupChoice): 16.57 KiB / 160.25 KiB (143.68 KiB left, 89.7%) | 4.65 KiB / 45.25 KiB (40.60 KiB left, 89.7%)
  chunk PostgreSQLManagement-D26R1jbG.js (src/components/PostgreSQLManagement.tsx): 13.93 KiB / 160.25 KiB (146.32 KiB left, 91.3%) | 4.18 KiB / 45.25 KiB (41.07 KiB left, 90.8%)
  chunk ui-t33mEjIz.js (ui): 12.39 KiB / 160.25 KiB (147.86 KiB left, 92.3%) | 4.39 KiB / 45.25 KiB (40.86 KiB left, 90.3%)
  route src/components/Domains.tsx: 21.57 KiB / 280.00 KiB (258.43 KiB left, 92.3%) | 7.89 KiB / 80.00 KiB (72.11 KiB left, 90.1%)
  route src/components/DatabaseManagementV2.tsx: 20.84 KiB / 280.00 KiB (259.16 KiB left, 92.6%) | 6.27 KiB / 80.00 KiB (73.73 KiB left, 92.2%)
  chunk SystemSQLiteManager-Dx0CHrnd.js (src/components/SystemSQLiteManager.tsx): 9.91 KiB / 160.25 KiB (150.34 KiB left, 93.8%) | 3.17 KiB / 45.25 KiB (42.08 KiB left, 93.0%)
  chunk PanelUpdateCard-DS8MJoC_.js (src/components/PanelUpdateCard.tsx): 9.51 KiB / 160.25 KiB (150.74 KiB left, 94.1%) | 2.94 KiB / 45.25 KiB (42.31 KiB left, 93.5%)
  chunk ImportPage-Bl7qE83x.js (src/components/ImportPage.tsx): 9.05 KiB / 160.25 KiB (151.20 KiB left, 94.4%) | 2.81 KiB / 45.25 KiB (42.44 KiB left, 93.8%)
  chunk PHPManagement-BOt4RC8N.js (src/components/PHPManagement.tsx): 8.93 KiB / 160.25 KiB (151.32 KiB left, 94.4%) | 3.01 KiB / 45.25 KiB (42.24 KiB left, 93.3%)
  chunk ServerSetupGate-D7RaiU5P.js (ServerSetupGate): 8.41 KiB / 160.25 KiB (151.84 KiB left, 94.8%) | 3.20 KiB / 45.25 KiB (42.05 KiB left, 92.9%)
  chunk MariaDBManagement-DBGKf45E.js (src/components/MariaDBManagement.tsx): 7.91 KiB / 160.25 KiB (152.34 KiB left, 95.1%) | 2.85 KiB / 45.25 KiB (42.40 KiB left, 93.7%)
  chunk PostfixManagement-rXY4f1K2.js (src/components/PostfixManagement.tsx): 7.87 KiB / 160.25 KiB (152.38 KiB left, 95.1%) | 2.34 KiB / 45.25 KiB (42.91 KiB left, 94.8%)
  chunk jsx-runtime-096o_Uk7.js (jsx-runtime): 6.95 KiB / 160.25 KiB (153.30 KiB left, 95.7%) | 2.66 KiB / 45.25 KiB (42.59 KiB left, 94.1%)
  chunk ServiceShell-CVR4hvpR.js (ServiceShell): 6.75 KiB / 160.25 KiB (153.50 KiB left, 95.8%) | 2.52 KiB / 45.25 KiB (42.73 KiB left, 94.4%)
  route src/components/SystemSQLiteManager.tsx: 11.65 KiB / 280.00 KiB (268.35 KiB left, 95.8%) | 4.50 KiB / 80.00 KiB (75.50 KiB left, 94.4%)
  route src/components/ImportPage.tsx: 11.61 KiB / 280.00 KiB (268.39 KiB left, 95.9%) | 4.42 KiB / 80.00 KiB (75.58 KiB left, 94.5%)
  chunk ComponentDetail-BZTq4Xci.js (src/components/ComponentDetail.tsx): 5.75 KiB / 160.25 KiB (154.50 KiB left, 96.4%) | 2.07 KiB / 45.25 KiB (43.18 KiB left, 95.4%)
  chunk LicensePanel-6i0p18Aa.js (src/components/LicensePanel.tsx): 5.37 KiB / 160.25 KiB (154.88 KiB left, 96.6%) | 2.19 KiB / 45.25 KiB (43.06 KiB left, 95.2%)
  chunk OperationOverlay-BTN-58Ch.js (src/components/OperationOverlay.tsx): 5.18 KiB / 160.25 KiB (155.07 KiB left, 96.8%) | 1.93 KiB / 45.25 KiB (43.32 KiB left, 95.7%)
  chunk Fail2banManagement-CsR0lVsU.js (src/components/Fail2banManagement.tsx): 4.53 KiB / 160.25 KiB (155.72 KiB left, 97.2%) | 1.63 KiB / 45.25 KiB (43.62 KiB left, 96.4%)
  chunk PowerDNSManagement-DyKCxTSK.js (src/components/PowerDNSManagement.tsx): 4.42 KiB / 160.25 KiB (155.83 KiB left, 97.2%) | 1.59 KiB / 45.25 KiB (43.66 KiB left, 96.5%)
  chunk NginxManagement-QtN73v5d.js (src/components/NginxManagement.tsx): 4.29 KiB / 160.25 KiB (155.96 KiB left, 97.3%) | 1.49 KiB / 45.25 KiB (43.76 KiB left, 96.7%)
  chunk recovery-CDnDU1Td.js (recovery-offline.html): 4.14 KiB / 160.25 KiB (156.11 KiB left, 97.4%) | 1.97 KiB / 45.25 KiB (43.28 KiB left, 95.7%)
  chunk i18n-BavNcblA.js (i18n): 3.81 KiB / 160.25 KiB (156.44 KiB left, 97.6%) | 1.77 KiB / 45.25 KiB (43.48 KiB left, 96.1%)
  chunk recoveryObservation-k5DSRCJW.js (recoveryObservation): 3.62 KiB / 160.25 KiB (156.63 KiB left, 97.7%) | 1.38 KiB / 45.25 KiB (43.87 KiB left, 97.0%)
  chunk LicenseLockScreen-D4YDDwQ2.js (src/components/LicenseLockScreen.tsx): 3.40 KiB / 160.25 KiB (156.85 KiB left, 97.9%) | 1.26 KiB / 45.25 KiB (43.99 KiB left, 97.2%)
  chunk MonitoringPage-BSR19Kof.js (src/components/MonitoringPage.tsx): 3.33 KiB / 160.25 KiB (156.92 KiB left, 97.9%) | 1.45 KiB / 45.25 KiB (43.80 KiB left, 96.8%)
  route src/components/OperationOverlay.tsx: 5.77 KiB / 280.00 KiB (274.23 KiB left, 97.9%) | 2.35 KiB / 80.00 KiB (77.65 KiB left, 97.1%)
  route src/components/LicensePanel.tsx: 5.68 KiB / 280.00 KiB (274.32 KiB left, 98.0%) | 2.41 KiB / 80.00 KiB (77.59 KiB left, 97.0%)
  route src/components/MonitoringPage.tsx: 4.64 KiB / 280.00 KiB (275.36 KiB left, 98.3%) | 2.09 KiB / 80.00 KiB (77.91 KiB left, 97.4%)
  chunk DomainAppsPanel-CFUQFTYn.js (src/components/DomainAppsPanel.tsx): 2.52 KiB / 160.25 KiB (157.73 KiB left, 98.4%) | 1.16 KiB / 45.25 KiB (44.09 KiB left, 97.4%)
  chunk AuditLogPage-DW2-wcWO.js (src/components/AuditLogPage.tsx): 2.33 KiB / 160.25 KiB (157.92 KiB left, 98.5%) | 0.94 KiB / 45.25 KiB (44.31 KiB left, 97.9%)
  route src/components/AuditLogPage.tsx: 3.64 KiB / 280.00 KiB (276.36 KiB left, 98.7%) | 1.58 KiB / 80.00 KiB (78.42 KiB left, 98.0%)
  route src/components/DomainAppsPanel.tsx: 3.49 KiB / 280.00 KiB (276.51 KiB left, 98.8%) | 1.91 KiB / 80.00 KiB (78.09 KiB left, 97.6%)
  chunk ConfigEditor-DHZtg_jB.js (src/components/ConfigEditor.tsx): 1.85 KiB / 160.25 KiB (158.40 KiB left, 98.8%) | 0.84 KiB / 45.25 KiB (44.41 KiB left, 98.1%)
  chunk FirewallSSHNotice-SbMgxOLG.js (FirewallSSHNotice): 1.48 KiB / 160.25 KiB (158.77 KiB left, 99.1%) | 0.66 KiB / 45.25 KiB (44.59 KiB left, 98.5%)
  route src/components/ConfigEditor.tsx: 2.58 KiB / 280.00 KiB (277.42 KiB left, 99.1%) | 1.43 KiB / 80.00 KiB (78.57 KiB left, 98.2%)
  chunk DovecotManagement-nrMlL1eo.js (src/components/DovecotManagement.tsx): 1.46 KiB / 160.25 KiB (158.79 KiB left, 99.1%) | 0.71 KiB / 45.25 KiB (44.54 KiB left, 98.4%)
  chunk PageHeader-CJ3vXPk5.js (PageHeader): 1.31 KiB / 160.25 KiB (158.94 KiB left, 99.2%) | 0.64 KiB / 45.25 KiB (44.61 KiB left, 98.6%)
  chunk WebmailAccess-CrQ6gO6n.js (src/components/WebmailAccess.tsx): 0.99 KiB / 160.25 KiB (159.26 KiB left, 99.4%) | 0.54 KiB / 45.25 KiB (44.71 KiB left, 98.8%)
  chunk boxes-CW2mQwvl.js (boxes): 0.83 KiB / 160.25 KiB (159.42 KiB left, 99.5%) | 0.39 KiB / 45.25 KiB (44.86 KiB left, 99.1%)
  chunk VsftpdManagement-D8zFKeVl.js (src/components/VsftpdManagement.tsx): 0.81 KiB / 160.25 KiB (159.44 KiB left, 99.5%) | 0.45 KiB / 45.25 KiB (44.80 KiB left, 99.0%)
  chunk rolldown-runtime-hePW80VL.js (rolldown-runtime): 0.70 KiB / 160.25 KiB (159.55 KiB left, 99.6%) | 0.42 KiB / 45.25 KiB (44.83 KiB left, 99.1%)
  chunk createLucideIcon-FXKTpBD8.js (createLucideIcon): 0.70 KiB / 160.25 KiB (159.55 KiB left, 99.6%) | 0.46 KiB / 45.25 KiB (44.79 KiB left, 99.0%)
  route src/components/WebmailAccess.tsx: 0.99 KiB / 280.00 KiB (279.01 KiB left, 99.6%) | 0.54 KiB / 80.00 KiB (79.46 KiB left, 99.3%)
  chunk domainAccess-B11bb1Ea.js (domainAccess): 0.53 KiB / 160.25 KiB (159.72 KiB left, 99.7%) | 0.32 KiB / 45.25 KiB (44.93 KiB left, 99.3%)
  chunk wifi-off-B5l-gDBW.js (wifi-off): 0.45 KiB / 160.25 KiB (159.80 KiB left, 99.7%) | 0.27 KiB / 45.25 KiB (44.98 KiB left, 99.4%)
  chunk settings-2-DqMUfcg2.js (settings-2): 0.44 KiB / 160.25 KiB (159.81 KiB left, 99.7%) | 0.29 KiB / 45.25 KiB (44.96 KiB left, 99.3%)
  chunk inbox-C5eNZJ8L.js (inbox): 0.41 KiB / 160.25 KiB (159.84 KiB left, 99.7%) | 0.28 KiB / 45.25 KiB (44.97 KiB left, 99.4%)
  chunk shield-off-CBdFArGr.js (shield-off): 0.39 KiB / 160.25 KiB (159.86 KiB left, 99.8%) | 0.28 KiB / 45.25 KiB (44.97 KiB left, 99.4%)
  chunk hard-drive-bolGxscP.js (hard-drive): 0.38 KiB / 160.25 KiB (159.87 KiB left, 99.8%) | 0.26 KiB / 45.25 KiB (44.99 KiB left, 99.4%)
  chunk clock-3-BtC1Ihoy.js (clock-3): 0.38 KiB / 160.25 KiB (159.87 KiB left, 99.8%) | 0.27 KiB / 45.25 KiB (44.98 KiB left, 99.4%)
  chunk scan-search-SoW5RkoL.js (scan-search): 0.38 KiB / 160.25 KiB (159.87 KiB left, 99.8%) | 0.25 KiB / 45.25 KiB (45.00 KiB left, 99.4%)
  chunk network-DKxePdX1.js (network): 0.38 KiB / 160.25 KiB (159.88 KiB left, 99.8%) | 0.23 KiB / 45.25 KiB (45.02 KiB left, 99.5%)
  chunk layers-D7avhwDV.js (layers): 0.36 KiB / 160.25 KiB (159.89 KiB left, 99.8%) | 0.23 KiB / 45.25 KiB (45.02 KiB left, 99.5%)
  chunk trash-2-61T6dv8t.js (trash-2): 0.35 KiB / 160.25 KiB (159.90 KiB left, 99.8%) | 0.24 KiB / 45.25 KiB (45.01 KiB left, 99.5%)
  chunk shield-alert-DMkvoCw8.js (shield-alert): 0.34 KiB / 160.25 KiB (159.91 KiB left, 99.8%) | 0.26 KiB / 45.25 KiB (44.99 KiB left, 99.4%)
  chunk layout-grid-D4XigUY7.js (layout-grid): 0.34 KiB / 160.25 KiB (159.91 KiB left, 99.8%) | 0.19 KiB / 45.25 KiB (45.06 KiB left, 99.6%)
  chunk pencil-gXicHKAG.js (pencil): 0.33 KiB / 160.25 KiB (159.92 KiB left, 99.8%) | 0.25 KiB / 45.25 KiB (45.00 KiB left, 99.5%)
  chunk file-text-D5DzyfvN.js (file-text): 0.32 KiB / 160.25 KiB (159.93 KiB left, 99.8%) | 0.21 KiB / 45.25 KiB (45.04 KiB left, 99.5%)
  chunk refresh-cw-p2tlarjg.js (refresh-cw): 0.31 KiB / 160.25 KiB (159.94 KiB left, 99.8%) | 0.22 KiB / 45.25 KiB (45.03 KiB left, 99.5%)
  chunk badge-check-DWJsPN3y.js (badge-check): 0.31 KiB / 160.25 KiB (159.94 KiB left, 99.8%) | 0.21 KiB / 45.25 KiB (45.04 KiB left, 99.5%)
  chunk file-code-Siu5aPY5.js (file-code): 0.30 KiB / 160.25 KiB (159.95 KiB left, 99.8%) | 0.21 KiB / 45.25 KiB (45.04 KiB left, 99.5%)
  chunk square-BvFf3pSE.js (square): 0.29 KiB / 160.25 KiB (159.96 KiB left, 99.8%) | 0.24 KiB / 45.25 KiB (45.01 KiB left, 99.5%)
  chunk save-DOTF0jza.js (save): 0.27 KiB / 160.25 KiB (159.98 KiB left, 99.8%) | 0.22 KiB / 45.25 KiB (45.03 KiB left, 99.5%)
  chunk alert-triangle-GGpg7lJ1.js (alert-triangle): 0.26 KiB / 160.25 KiB (159.99 KiB left, 99.8%) | 0.21 KiB / 45.25 KiB (45.04 KiB left, 99.5%)
  chunk download-BV_QfFuf.js (download): 0.26 KiB / 160.25 KiB (159.99 KiB left, 99.8%) | 0.22 KiB / 45.25 KiB (45.03 KiB left, 99.5%)
  chunk external-link-jDsEe1bq.js (external-link): 0.24 KiB / 160.25 KiB (160.01 KiB left, 99.8%) | 0.20 KiB / 45.25 KiB (45.05 KiB left, 99.6%)
  chunk alert-circle-CBhtkz6U.js (alert-circle): 0.24 KiB / 160.25 KiB (160.01 KiB left, 99.8%) | 0.18 KiB / 45.25 KiB (45.07 KiB left, 99.6%)
  chunk copy-CvYLQPQS.js (copy): 0.23 KiB / 160.25 KiB (160.02 KiB left, 99.9%) | 0.21 KiB / 45.25 KiB (45.04 KiB left, 99.5%)
  chunk key-DrQ-7Vrm.js (key): 0.22 KiB / 160.25 KiB (160.03 KiB left, 99.9%) | 0.19 KiB / 45.25 KiB (45.06 KiB left, 99.6%)
  chunk mail-BmPLeDCL.js (mail): 0.21 KiB / 160.25 KiB (160.04 KiB left, 99.9%) | 0.20 KiB / 45.25 KiB (45.05 KiB left, 99.6%)
  chunk lock-BmXb4H6E.js (lock): 0.20 KiB / 160.25 KiB (160.05 KiB left, 99.9%) | 0.19 KiB / 45.25 KiB (45.06 KiB left, 99.6%)
  chunk check-circle-2-Ci60QB5f.js (check-circle-2): 0.17 KiB / 160.25 KiB (160.08 KiB left, 99.9%) | 0.17 KiB / 45.25 KiB (45.08 KiB left, 99.6%)
  chunk gauge-BMpNy-AH.js (gauge): 0.17 KiB / 160.25 KiB (160.08 KiB left, 99.9%) | 0.17 KiB / 45.25 KiB (45.08 KiB left, 99.6%)
  chunk ban-ECkHh-hf.js (ban): 0.17 KiB / 160.25 KiB (160.08 KiB left, 99.9%) | 0.16 KiB / 45.25 KiB (45.09 KiB left, 99.6%)
  chunk search-CxlCCs-u.js (search): 0.17 KiB / 160.25 KiB (160.08 KiB left, 99.9%) | 0.17 KiB / 45.25 KiB (45.08 KiB left, 99.6%)
  chunk arrow-left-B1DWToeP.js (arrow-left): 0.16 KiB / 160.25 KiB (160.09 KiB left, 99.9%) | 0.16 KiB / 45.25 KiB (45.09 KiB left, 99.6%)
  chunk arrow-right-CrblK9Tq.js (arrow-right): 0.16 KiB / 160.25 KiB (160.09 KiB left, 99.9%) | 0.16 KiB / 45.25 KiB (45.09 KiB left, 99.6%)
  chunk plus-BOB-Zuhm.js (plus): 0.15 KiB / 160.25 KiB (160.10 KiB left, 99.9%) | 0.15 KiB / 45.25 KiB (45.10 KiB left, 99.7%)
  chunk loader-2-BDSr4jiY.js (loader-2): 0.13 KiB / 160.25 KiB (160.12 KiB left, 99.9%) | 0.15 KiB / 45.25 KiB (45.10 KiB left, 99.7%)
  chunk play-tNK8gSG8.js (play): 0.13 KiB / 160.25 KiB (160.12 KiB left, 99.9%) | 0.15 KiB / 45.25 KiB (45.10 KiB left, 99.7%)
  chunk chevron-right-0l_NeFQb.js (chevron-right): 0.13 KiB / 160.25 KiB (160.12 KiB left, 99.9%) | 0.14 KiB / 45.25 KiB (45.11 KiB left, 99.7%)
