19:13:29.671246814 CHANGE journal none -> absent
19:13:29.679906938 CHANGE ledger none -> e8608aa9aae89ae8557c05d687c6c6a1575883e1bbe39fdcf501179a345af4ff
19:13:29.687070591 CHANGE state none -> 2b38b3427b9deb269254ff2f005d9eae84f38b3f5189e3b4fa8f1541ac78a416
19:13:29.695840787 CHANGE pdnsdb none -> 6b3719670a6e332edd0b7a14d3da62e12fed84d39cc36cf748c8ecc32964ee1a
19:13:29.699738519 POINTER /var/cache/bind/celikpanel mtime=2026-09-29 19:12:38.192000000 +0000 ino=131690 /var/cache/bind/celikpanel/current absent 
19:13:29.701150414 pdns=655/0/active/running/ named=0/inactive/dead/ agent=637/active/ jphase=absent killpid=
19:13:30.038127880 pdns=655/0/active/running/ named=0/inactive/dead/ agent=637/active/ jphase=absent killpid=
19:13:30.308585685 pdns=655/0/active/running/ named=0/inactive/dead/ agent=637/active/ jphase=absent killpid=
19:13:30.585964063 pdns=655/0/active/running/ named=0/inactive/dead/ agent=637/active/ jphase=absent killpid=
19:13:30.857457005 pdns=655/0/active/running/ named=0/inactive/dead/ agent=637/active/ jphase=absent killpid=
19:13:31.130069523 pdns=655/0/active/running/ named=0/inactive/dead/ agent=637/active/ jphase=absent killpid=
19:13:31.400537198 pdns=655/0/active/running/ named=0/inactive/dead/ agent=637/active/ jphase=absent killpid=
19:13:31.670146684 pdns=655/0/active/running/ named=0/inactive/dead/ agent=637/active/ jphase=absent killpid=
19:13:31.940126025 pdns=655/0/active/running/ named=0/inactive/dead/ agent=637/active/ jphase=absent killpid=
19:13:32.220743492 pdns=655/0/active/running/ named=0/inactive/dead/ agent=637/active/ jphase=absent killpid=
19:13:32.494790700 pdns=655/0/active/running/ named=0/inactive/dead/ agent=637/active/ jphase=absent killpid=
19:13:32.769451059 pdns=655/0/active/running/ named=0/inactive/dead/ agent=637/active/ jphase=absent killpid=
19:13:33.041190536 pdns=655/0/active/running/ named=0/inactive/dead/ agent=637/active/ jphase=absent killpid=
19:13:33.318669900 pdns=655/0/active/running/ named=0/inactive/dead/ agent=637/active/ jphase=absent killpid=
19:13:33.591888494 pdns=655/0/active/running/ named=0/inactive/dead/ agent=637/active/ jphase=absent killpid=
19:13:33.860284377 pdns=655/0/active/running/ named=0/inactive/dead/ agent=637/active/ jphase=absent killpid=
19:13:34.128344652 pdns=655/0/active/running/ named=0/inactive/dead/ agent=637/active/ jphase=absent killpid=
19:13:34.404109362 pdns=655/0/active/running/ named=0/inactive/dead/ agent=637/active/ jphase=absent killpid=
19:13:34.673920355 pdns=655/0/active/running/ named=0/inactive/dead/ agent=637/active/ jphase=absent killpid=
19:13:34.944040703 pdns=655/0/active/running/ named=0/inactive/dead/ agent=637/active/ jphase=absent killpid=
19:13:35.214344583 pdns=655/0/active/running/ named=0/inactive/dead/ agent=637/active/ jphase=absent killpid=
19:13:35.482418727 pdns=655/0/active/running/ named=0/inactive/dead/ agent=637/active/ jphase=absent killpid=
19:13:35.754006008 pdns=655/0/active/running/ named=0/inactive/dead/ agent=637/active/ jphase=absent killpid=
19:13:36.023263118 pdns=655/0/active/running/ named=0/inactive/dead/ agent=637/active/ jphase=absent killpid=
19:13:36.297556965 pdns=655/0/active/running/ named=0/inactive/dead/ agent=637/active/ jphase=absent killpid=
19:13:36.567396810 pdns=655/0/active/running/ named=0/inactive/dead/ agent=637/active/ jphase=absent killpid=
19:13:36.837711199 pdns=655/0/active/running/ named=0/inactive/dead/ agent=637/active/ jphase=absent killpid=
19:13:37.106250560 pdns=655/0/active/running/ named=0/inactive/dead/ agent=637/active/ jphase=absent killpid=
19:13:37.376936331 pdns=655/0/active/running/ named=0/inactive/dead/ agent=637/active/ jphase=absent killpid=
19:13:37.652033885 pdns=655/0/active/running/ named=0/inactive/dead/ agent=637/active/ jphase=absent killpid=
19:13:37.926644174 pdns=655/0/active/running/ named=0/inactive/dead/ agent=637/active/ jphase=absent killpid=
19:13:38.198153130 pdns=655/0/active/running/ named=0/inactive/dead/ agent=637/active/ jphase=absent killpid=
19:13:38.466582677 pdns=655/0/active/running/ named=0/inactive/dead/ agent=637/active/ jphase=absent killpid=
19:13:38.735581544 pdns=655/0/active/running/ named=0/inactive/dead/ agent=637/active/ jphase=absent killpid=
19:13:39.007988284 pdns=655/0/active/running/ named=0/inactive/dead/ agent=637/active/ jphase=absent killpid=
19:13:39.289363780 pdns=655/0/active/running/ named=0/inactive/dead/ agent=637/active/ jphase=absent killpid=
19:13:39.557823363 pdns=655/0/active/running/ named=0/inactive/dead/ agent=637/active/ jphase=absent killpid=
19:13:39.826348908 pdns=655/0/active/running/ named=0/inactive/dead/ agent=637/active/ jphase=absent killpid=
19:13:40.099604370 pdns=655/0/active/running/ named=0/inactive/dead/ agent=637/active/ jphase=absent killpid=
19:13:40.380008967 pdns=655/0/active/running/ named=0/inactive/dead/ agent=637/active/ jphase=absent killpid=
19:13:40.717797863 pdns=655/0/active/running/ named=0/inactive/dead/ agent=637/active/ jphase=absent killpid=
19:13:41.006378722 pdns=655/0/active/running/ named=0/inactive/dead/ agent=637/active/ jphase=absent killpid=
19:13:41.290193025 pdns=655/0/active/running/ named=0/inactive/dead/ agent=637/active/ jphase=absent killpid=
19:13:41.564912675 pdns=655/0/active/running/ named=0/inactive/dead/ agent=637/active/ jphase=absent killpid=
19:13:41.835291896 pdns=655/0/active/running/ named=0/inactive/dead/ agent=637/active/ jphase=absent killpid=
19:13:42.105536506 pdns=655/0/active/running/ named=0/inactive/dead/ agent=637/active/ jphase=absent killpid=
19:13:42.375817252 pdns=655/0/active/running/ named=0/inactive/dead/ agent=637/active/ jphase=absent killpid=
19:13:42.651589204 pdns=655/0/active/running/ named=0/inactive/dead/ agent=637/active/ jphase=absent killpid=
19:13:42.922155522 pdns=655/0/active/running/ named=0/inactive/dead/ agent=637/active/ jphase=absent killpid=
19:13:43.193232654 pdns=655/0/active/running/ named=0/inactive/dead/ agent=637/active/ jphase=absent killpid=
19:13:43.463521637 pdns=655/0/active/running/ named=0/inactive/dead/ agent=637/active/ jphase=absent killpid=
19:13:43.731940523 pdns=655/0/active/running/ named=0/inactive/dead/ agent=637/active/ jphase=absent killpid=
19:13:44.003117158 pdns=655/0/active/running/ named=0/inactive/dead/ agent=637/active/ jphase=absent killpid=
19:13:44.278006867 pdns=655/0/active/running/ named=0/inactive/dead/ agent=637/active/ jphase=absent killpid=
19:13:44.547917615 pdns=655/0/active/running/ named=0/inactive/dead/ agent=637/active/ jphase=absent killpid=
19:13:44.818440181 pdns=655/0/active/running/ named=0/inactive/dead/ agent=637/active/ jphase=absent killpid=
19:13:45.093524820 pdns=655/0/active/running/ named=0/inactive/dead/ agent=637/active/ jphase=absent killpid=
19:13:45.369780667 pdns=655/0/active/running/ named=0/inactive/dead/ agent=637/active/ jphase=absent killpid=
19:13:45.645631918 pdns=655/0/active/running/ named=0/inactive/dead/ agent=637/active/ jphase=absent killpid=
19:13:45.916791914 pdns=655/0/active/running/ named=0/inactive/dead/ agent=637/active/ jphase=absent killpid=
19:13:46.186434219 pdns=655/0/active/running/ named=0/inactive/dead/ agent=637/active/ jphase=absent killpid=
19:13:46.456761554 pdns=655/0/active/running/ named=0/inactive/dead/ agent=637/active/ jphase=absent killpid=
19:13:46.726384752 pdns=655/0/active/running/ named=0/inactive/dead/ agent=637/active/ jphase=absent killpid=
19:13:46.998196195 pdns=655/0/active/running/ named=0/inactive/dead/ agent=637/active/ jphase=absent killpid=
19:13:47.283028766 pdns=655/0/active/running/ named=0/inactive/dead/ agent=637/active/ jphase=absent killpid=
19:13:47.553792223 pdns=655/0/active/running/ named=0/inactive/dead/ agent=637/active/ jphase=absent killpid=
19:13:47.822208163 pdns=655/0/active/running/ named=0/inactive/dead/ agent=637/active/ jphase=absent killpid=
19:13:48.092810536 pdns=655/0/active/running/ named=0/inactive/dead/ agent=637/active/ jphase=absent killpid=
19:13:48.362703303 pdns=655/0/active/running/ named=0/inactive/dead/ agent=637/active/ jphase=absent killpid=
19:13:48.635169855 pdns=655/0/active/running/ named=0/inactive/dead/ agent=637/active/ jphase=absent killpid=
19:13:48.910095317 pdns=655/0/active/running/ named=0/inactive/dead/ agent=637/active/ jphase=absent killpid=
19:13:49.182801867 pdns=655/0/active/running/ named=0/inactive/dead/ agent=637/active/ jphase=absent killpid=
19:13:49.451817886 pdns=655/0/active/running/ named=0/inactive/dead/ agent=637/active/ jphase=absent killpid=
19:13:49.722000501 pdns=655/0/active/running/ named=0/inactive/dead/ agent=637/active/ jphase=absent killpid=
19:13:49.990005435 pdns=655/0/active/running/ named=0/inactive/dead/ agent=637/active/ jphase=absent killpid=
19:13:50.258179886 pdns=655/0/active/running/ named=0/inactive/dead/ agent=637/active/ jphase=absent killpid=
19:13:50.534241979 pdns=655/0/active/running/ named=0/inactive/dead/ agent=637/active/ jphase=absent killpid=
19:13:50.803997247 pdns=655/0/active/running/ named=0/inactive/dead/ agent=637/active/ jphase=absent killpid=
19:13:51.082132312 pdns=655/0/active/running/ named=0/inactive/dead/ agent=637/active/ jphase=absent killpid=
19:13:51.355117982 pdns=655/0/active/running/ named=0/inactive/dead/ agent=637/active/ jphase=absent killpid=
19:13:51.627718663 pdns=655/0/active/running/ named=0/inactive/dead/ agent=637/active/ jphase=absent killpid=
19:13:51.898672683 pdns=655/0/active/running/ named=0/inactive/dead/ agent=637/active/ jphase=absent killpid=
19:13:52.174604445 pdns=655/0/active/running/ named=0/inactive/dead/ agent=637/active/ jphase=absent killpid=
19:13:52.445584706 pdns=655/0/active/running/ named=0/inactive/dead/ agent=637/active/ jphase=absent killpid=
19:13:52.713762252 pdns=655/0/active/running/ named=0/inactive/dead/ agent=637/active/ jphase=absent killpid=
19:13:52.982668617 pdns=655/0/active/running/ named=0/inactive/dead/ agent=637/active/ jphase=absent killpid=
19:13:53.254229580 pdns=655/0/active/running/ named=0/inactive/dead/ agent=637/active/ jphase=absent killpid=
19:13:53.522999560 pdns=655/0/active/running/ named=0/inactive/dead/ agent=637/active/ jphase=absent killpid=
19:13:53.793479209 pdns=655/0/active/running/ named=0/inactive/dead/ agent=637/active/ jphase=absent killpid=
19:13:54.066853573 pdns=655/0/active/running/ named=0/inactive/dead/ agent=637/active/ jphase=absent killpid=
19:13:54.334569449 pdns=655/0/active/running/ named=0/inactive/dead/ agent=637/active/ jphase=absent killpid=
19:13:54.613707632 pdns=655/0/active/running/ named=0/inactive/dead/ agent=637/active/ jphase=absent killpid=
19:13:54.885460616 pdns=655/0/active/running/ named=0/inactive/dead/ agent=637/active/ jphase=absent killpid=
19:13:55.159717945 pdns=655/0/active/running/ named=0/inactive/dead/ agent=637/active/ jphase=absent killpid=
19:13:55.436841456 pdns=655/0/active/running/ named=0/inactive/dead/ agent=637/active/ jphase=absent killpid=
19:13:55.705560702 pdns=655/0/active/running/ named=0/inactive/dead/ agent=637/active/ jphase=absent killpid=
19:13:55.974533652 pdns=655/0/active/running/ named=0/inactive/dead/ agent=637/active/ jphase=absent killpid=
19:13:56.245768708 pdns=655/0/active/running/ named=0/inactive/dead/ agent=637/active/ jphase=absent killpid=
19:13:55.700037704 pdns=655/0/active/running/ named=0/inactive/dead/ agent=637/active/ jphase=absent killpid=
19:13:55.968906469 pdns=655/0/active/running/ named=0/inactive/dead/ agent=637/active/ jphase=absent killpid=
19:13:56.243009670 pdns=655/0/active/running/ named=0/inactive/dead/ agent=637/active/ jphase=absent killpid=
19:13:56.526279518 pdns=655/0/active/running/ named=0/inactive/dead/ agent=637/active/ jphase=absent killpid=
19:13:56.799093548 pdns=655/0/active/running/ named=0/inactive/dead/ agent=637/active/ jphase=absent killpid=
19:13:57.070467172 pdns=655/0/active/running/ named=0/inactive/dead/ agent=637/active/ jphase=absent killpid=
19:13:57.338892190 pdns=655/0/active/running/ named=0/inactive/dead/ agent=637/active/ jphase=absent killpid=
19:13:57.614051349 pdns=655/0/active/running/ named=0/inactive/dead/ agent=637/active/ jphase=absent killpid=
19:13:57.894175901 pdns=655/0/active/running/ named=0/inactive/dead/ agent=637/active/ jphase=absent killpid=
19:13:58.163758460 CHANGE ledger e8608aa9aae89ae8557c05d687c6c6a1575883e1bbe39fdcf501179a345af4ff -> 5021c9c2f00df1e22e393a20b1cb4679f1b022c102e95a41a6b33fc8f239667f
19:13:58.180970552 pdns=655/0/active/running/ named=0/inactive/dead/ agent=637/active/ jphase=absent killpid=
19:13:58.466475704 CHANGE ledger 5021c9c2f00df1e22e393a20b1cb4679f1b022c102e95a41a6b33fc8f239667f -> b6519a6972b0ce6a0d154494fda10d693414796bda3292d991b57511d1827dd6
19:13:58.476340624 pdns=655/0/active/running/ named=0/inactive/dead/ agent=637/active/ jphase=absent killpid=
19:13:58.743786482 CHANGE ledger b6519a6972b0ce6a0d154494fda10d693414796bda3292d991b57511d1827dd6 -> 835a5d34dc10d6ba7a56f627d9013e1a462a00fd51b988891b3e6c61ecc1daa1
19:13:58.754192348 pdns=655/0/active/running/ named=0/inactive/dead/ agent=637/active/ jphase=absent killpid=
19:13:59.031424846 CHANGE ledger 835a5d34dc10d6ba7a56f627d9013e1a462a00fd51b988891b3e6c61ecc1daa1 -> b276c9fe6e46a249d68640d40caa3dfac63cd93f7addec967e509ac77abb173b
19:13:59.043110950 pdns=655/0/active/running/ named=0/inactive/dead/ agent=637/active/ jphase=absent killpid=
19:13:59.322288409 CHANGE ledger b276c9fe6e46a249d68640d40caa3dfac63cd93f7addec967e509ac77abb173b -> 5b540de30304d7346f06c307fdcbd97e8e466469487a263c3153928b4c1c73c0
19:13:59.336447501 pdns=655/0/active/running/ named=0/inactive/dead/ agent=637/active/ jphase=absent killpid=
19:13:59.612151802 CHANGE ledger 5b540de30304d7346f06c307fdcbd97e8e466469487a263c3153928b4c1c73c0 -> 21033714d94fe9ebc64579e69076ba3e20c05fdf29e499690f6eb626a87a89cc
19:13:59.625204917 pdns=655/0/active/running/ named=0/inactive/dead/ agent=637/active/ jphase=absent killpid=
19:13:59.902522526 CHANGE ledger 21033714d94fe9ebc64579e69076ba3e20c05fdf29e499690f6eb626a87a89cc -> 8a414aa419e121dfc5f745314240bab7693f9ff9fbe1fa10ffe5daf7054a5324
19:13:59.920148464 pdns=655/0/active/running/ named=0/inactive/dead/ agent=637/active/ jphase=absent killpid=
19:14:00.197077753 CHANGE ledger 8a414aa419e121dfc5f745314240bab7693f9ff9fbe1fa10ffe5daf7054a5324 -> e9fbb7ce75466b3ee456c7115cd06f8c756658473455c73b907373df8ceb6840
19:14:00.217838982 pdns=655/0/active/running/ named=0/inactive/dead/ agent=637/active/ jphase=absent killpid=
19:14:00.493758568 CHANGE ledger e9fbb7ce75466b3ee456c7115cd06f8c756658473455c73b907373df8ceb6840 -> 241c1b616cf4332c134c14be6de62de50d2691bbe6b3cc653857cc2cd21c89ca
19:14:00.510329586 pdns=655/0/active/running/ named=0/inactive/dead/ agent=637/active/ jphase=absent killpid=
19:14:00.963534401 CHANGE ledger 241c1b616cf4332c134c14be6de62de50d2691bbe6b3cc653857cc2cd21c89ca -> 9c780a59ad8cece357dc76cf74477b90895eb19366b14098d1ed310e1e9a4e24
19:14:00.987524247 pdns=655/0/active/running/ named=0/inactive/dead/ agent=637/active/ jphase=absent killpid=
19:14:01.278688500 CHANGE ledger 9c780a59ad8cece357dc76cf74477b90895eb19366b14098d1ed310e1e9a4e24 -> 7c7ead5a94f7330c10ef5751ef784df4905cf26d155316fb227b1fbe143d5cfc
19:14:01.297047240 pdns=655/0/active/running/ named=0/inactive/dead/ agent=637/active/ jphase=absent killpid=
19:14:01.756781877 CHANGE ledger 7c7ead5a94f7330c10ef5751ef784df4905cf26d155316fb227b1fbe143d5cfc -> 628a79f51859d6a38484332e5c41dc30471272134936f0fadce871458653ed23
19:14:01.772478424 pdns=655/0/active/running/ named=0/inactive/dead/ agent=637/active/ jphase=absent killpid=
19:14:02.053230259 CHANGE ledger 628a79f51859d6a38484332e5c41dc30471272134936f0fadce871458653ed23 -> 742f10da960353fe24c02a2ea93c034fcabcf98349e01edf729310d667cb2e95
19:14:02.064680823 pdns=655/0/active/running/ named=0/inactive/dead/ agent=637/active/ jphase=absent killpid=
19:14:02.345418755 CHANGE ledger 742f10da960353fe24c02a2ea93c034fcabcf98349e01edf729310d667cb2e95 -> 1e0c56af90e19839c5e5946b4cd48bf28cb819ed5901008de2962ad2b05aebbb
19:14:02.356100230 POINTER /var/cache/bind/celikpanel mtime=2026-09-29 19:14:02.234763647 +0000 ino=131690 /var/cache/bind/celikpanel/current absent 
19:14:02.357442272 pdns=655/0/active/running/ named=0/inactive/dead/ agent=637/active/ jphase=absent killpid=
19:14:02.633359334 CHANGE ledger 1e0c56af90e19839c5e5946b4cd48bf28cb819ed5901008de2962ad2b05aebbb -> b35cf1197fc8a501171a54f6330a049be9739e7163f13ced8a8b03f128c95fda
19:14:02.644551975 POINTER /var/cache/bind/celikpanel mtime=2026-09-29 19:14:02.458763647 +0000 ino=131690 /var/cache/bind/celikpanel/current absent 
19:14:02.645808017 pdns=655/0/active/running/ named=0/inactive/dead/ agent=637/active/ jphase=absent killpid=
19:14:02.919699815 CHANGE ledger b35cf1197fc8a501171a54f6330a049be9739e7163f13ced8a8b03f128c95fda -> 547829a048b22995d0b8b15273fe638353598d22ec6a9a2649b3dd21c42da8fe
19:14:02.932508079 pdns=655/0/active/running/ named=0/inactive/dead/ agent=637/active/ jphase=absent killpid=
19:14:03.213280106 CHANGE ledger 547829a048b22995d0b8b15273fe638353598d22ec6a9a2649b3dd21c42da8fe -> 4913cfd5caf2ee61715659bc160bad15a36ae4f479ec28e48aecbb11b4496b6d
19:14:03.224556980 pdns=655/0/active/running/ named=0/inactive/dead/ agent=637/active/ jphase=absent killpid=
19:14:03.506187521 CHANGE ledger 4913cfd5caf2ee61715659bc160bad15a36ae4f479ec28e48aecbb11b4496b6d -> 87c1048d16bd50db524dbc1a73d7a492c1f0772f42e378aac93939efbff06581
19:14:03.517621404 pdns=655/0/active/running/ named=0/inactive/dead/ agent=637/active/ jphase=absent killpid=
19:14:03.790466671 CHANGE ledger 87c1048d16bd50db524dbc1a73d7a492c1f0772f42e378aac93939efbff06581 -> 3b70d2707318b2aac87d2faa33bbd59066fc02a3232f2ee2e617079459ccf27c
19:14:03.805368146 pdns=655/0/active/running/ named=0/inactive/dead/ agent=637/active/ jphase=absent killpid=
19:14:04.086097069 CHANGE ledger 3b70d2707318b2aac87d2faa33bbd59066fc02a3232f2ee2e617079459ccf27c -> 3f68dc09b37dbc3e964456a7d5a0322cc66124d832c5f9aab44a6bad14c7c714
19:14:04.099786595 pdns=655/0/active/running/ named=0/inactive/dead/ agent=637/active/ jphase=absent killpid=
19:14:04.390013790 CHANGE ledger 3f68dc09b37dbc3e964456a7d5a0322cc66124d832c5f9aab44a6bad14c7c714 -> e89e30d154c66e27aec7723ecfad99acac31b1d3516fb6b9bba3a37c15fc2614
19:14:04.405106167 pdns=655/0/active/running/ named=0/inactive/dead/ agent=637/active/ jphase=absent killpid=
19:14:04.677515286 CHANGE ledger e89e30d154c66e27aec7723ecfad99acac31b1d3516fb6b9bba3a37c15fc2614 -> 21df11caebc6c3b9ad17d5a1658458e185035ef99fc7d8a98776be2a922e7d38
19:14:04.693970618 pdns=655/0/active/running/ named=0/inactive/dead/ agent=637/active/ jphase=absent killpid=
19:14:04.975862770 CHANGE ledger 21df11caebc6c3b9ad17d5a1658458e185035ef99fc7d8a98776be2a922e7d38 -> 9570f849469a5720600a960ccfaf78e9a1e5a818d9f7a54d11f32612737f492a
19:14:04.993674699 pdns=655/0/active/running/ named=0/inactive/dead/ agent=637/active/ jphase=absent killpid=
19:14:05.274632827 CHANGE ledger 9570f849469a5720600a960ccfaf78e9a1e5a818d9f7a54d11f32612737f492a -> 004a200736c31c19aa0dcd0c52bb37e79e204938c5ac138909dbaf2327170431
19:14:05.286474519 pdns=655/0/active/running/ named=0/inactive/dead/ agent=637/active/ jphase=absent killpid=
19:14:05.558640145 CHANGE journal absent -> dfc228d6b26251453ea5fb95cc7aa366e6b223fce65ceec0c94a9118c0f77ce0
19:14:05.568362026 CHANGE ledger 004a200736c31c19aa0dcd0c52bb37e79e204938c5ac138909dbaf2327170431 -> 542aa5356f3dd88ea1c33ebd5fce8546192ecea871a28f69d99159b7e012cb82
19:14:05.582409169 POINTER /var/cache/bind/celikpanel mtime=2026-09-29 19:14:05.382763647 +0000 ino=131690 /var/cache/bind/celikpanel/current mtime=2026-09-29 19:14:05.378763647 +0000 ino=131788 -> '/var/cache/bind/celikpanel/current' -> 'generations/177051430dc95b79e205bb1c6a2c6e23e01bf189c6dc7216dc29116edd55683a' 
19:14:05.583830859 pdns=655/0/active/running/ named=0/inactive/dead/ agent=637/active/ jphase=target-staged killpid=
19:14:05.858385196 CHANGE ledger 542aa5356f3dd88ea1c33ebd5fce8546192ecea871a28f69d99159b7e012cb82 -> 082be7a99d86b767c7f45144e6fea02fd47f211b3155cfd46855b51a1e975d64
19:14:05.872621932 pdns=0/0/inactive/dead/ named=0/inactive/dead/ agent=637/active/ jphase=source-stopped killpid=
19:14:06.170601697 CHANGE journal dfc228d6b26251453ea5fb95cc7aa366e6b223fce65ceec0c94a9118c0f77ce0 -> e37f59a9e01eab45eb1054db856932defa784765dd2a6149f4f0082cf5a53108
19:14:06.197651788 CHANGE ledger 082be7a99d86b767c7f45144e6fea02fd47f211b3155cfd46855b51a1e975d64 -> f83c4fa3d99e23e70283028eaf461c4d238df31afd4902438914ed06f7582386
19:14:06.215152356 pdns=0/0/inactive/dead/ named=0/inactive/dead/ agent=637/active/ jphase=source-stopped killpid=
19:14:06.886304425 CHANGE ledger f83c4fa3d99e23e70283028eaf461c4d238df31afd4902438914ed06f7582386 -> 4d8a61a3912209a661a94da9011fca0dd5561c9d245640d916a1aa2f24283d59
19:14:06.908870196 pdns=0/0/inactive/dead/ named=0/inactive/dead/ agent=637/active/ jphase=source-stopped killpid=
19:14:07.352661246 CHANGE ledger 4d8a61a3912209a661a94da9011fca0dd5561c9d245640d916a1aa2f24283d59 -> a5c0dd05a5149d406233aba0e9ad8f18a97c3de598a569f93028830be50d595b
19:14:07.367140103 pdns=0/0/inactive/dead/ named=0/inactive/dead/ agent=637/active/ jphase=source-stopped killpid=
19:14:07.662994688 CHANGE ledger a5c0dd05a5149d406233aba0e9ad8f18a97c3de598a569f93028830be50d595b -> 62fb167c4330c5f4b9d485120887dff21813f26e7ba54bb7bb14197f11f3fa97
19:14:07.675282852 pdns=0/0/inactive/dead/ named=0/inactive/dead/ agent=637/active/ jphase=source-stopped killpid=
19:14:07.959388889 CHANGE ledger 62fb167c4330c5f4b9d485120887dff21813f26e7ba54bb7bb14197f11f3fa97 -> 30cd7791f068ec25dbf975d9c82e877d965bde1a081d5f3328eb6a23a5f76c34
19:14:07.971333624 pdns=0/0/inactive/dead/ named=0/inactive/dead/ agent=637/active/ jphase=source-stopped killpid=
19:14:08.622452028 CHANGE ledger 30cd7791f068ec25dbf975d9c82e877d965bde1a081d5f3328eb6a23a5f76c34 -> 2de33d96dff2a8334265761d8c9eab96308174b7d74dc13507f0f1964c0a149c
19:14:08.639736696 pdns=0/0/inactive/dead/ named=0/inactive/dead/ agent=637/active/ jphase=source-stopped killpid=
19:14:08.920442825 CHANGE ledger 2de33d96dff2a8334265761d8c9eab96308174b7d74dc13507f0f1964c0a149c -> f24b72800719f90b99d13e43e2bc0d91bdc961be0345bfecfcd1386048177622
19:14:08.938304008 pdns=0/0/inactive/dead/ named=0/inactive/dead/ agent=637/active/ jphase=source-stopped killpid=
19:14:09.219928097 CHANGE ledger f24b72800719f90b99d13e43e2bc0d91bdc961be0345bfecfcd1386048177622 -> cce2df073531754ea57664048cb74cee2895e3c66a05cb78f1f4e5be4546b943
19:14:09.232237011 pdns=0/0/inactive/dead/ named=0/inactive/dead/ agent=637/active/ jphase=source-stopped killpid=
19:14:09.528615901 CHANGE ledger cce2df073531754ea57664048cb74cee2895e3c66a05cb78f1f4e5be4546b943 -> 42c47a333dd0540a07f18f2eee57a7e7a9c8d497cccaebf34beff3c1bafb081b
19:14:09.560361414 pdns=0/0/inactive/dead/ named=7591/active/running/ agent=637/active/ jphase=source-stopped killpid=
19:14:09.853963205 CHANGE ledger 42c47a333dd0540a07f18f2eee57a7e7a9c8d497cccaebf34beff3c1bafb081b -> 243509c8bd4f72f8d58d5646e56214381cbf24a0200cc1c80bf7b2f074e52578
19:14:09.867360978 pdns=0/0/inactive/dead/ named=7591/active/running/ agent=637/active/ jphase=source-stopped killpid=
19:14:10.147090692 CHANGE ledger 243509c8bd4f72f8d58d5646e56214381cbf24a0200cc1c80bf7b2f074e52578 -> f71e759be46334dfb03e6b124d13967ef0829f7acc4567b994771505acde4e36
19:14:10.160476161 pdns=0/0/inactive/dead/ named=7591/active/running/ agent=637/active/ jphase=source-stopped killpid=
19:14:10.442403347 CHANGE ledger f71e759be46334dfb03e6b124d13967ef0829f7acc4567b994771505acde4e36 -> 5f8554c2282889dd79cfeaa536ff75aa977fe8362832ec173567ebe2fed5c1c9
19:14:10.464239839 pdns=0/0/inactive/dead/ named=7591/active/running/ agent=637/active/ jphase=source-stopped killpid=
19:14:10.760003925 CHANGE ledger 5f8554c2282889dd79cfeaa536ff75aa977fe8362832ec173567ebe2fed5c1c9 -> d6f7a8a2d322aa3f08246b46412d1cd63879d10e85c1996271ddfeb04f0e77c8
19:14:10.772118917 pdns=0/0/inactive/dead/ named=7591/active/running/ agent=637/active/ jphase=source-stopped killpid=
19:14:11.063129854 CHANGE journal e37f59a9e01eab45eb1054db856932defa784765dd2a6149f4f0082cf5a53108 -> bec2c4ab07b085c08dc71e9c371fc79294d02acea547d3604a409d6fd27bf83c
19:14:11.073823395 CHANGE ledger d6f7a8a2d322aa3f08246b46412d1cd63879d10e85c1996271ddfeb04f0e77c8 -> c05604ea007ee199754e85c5249cabe419377a916e9ffe8cdefec3e394ab7240
19:14:11.086725004 pdns=0/0/inactive/dead/ named=7591/active/running/ agent=637/active/ jphase=target-started killpid=
19:14:11.368920178 CHANGE ledger c05604ea007ee199754e85c5249cabe419377a916e9ffe8cdefec3e394ab7240 -> ba85c4045f76b683333c07d93b393d50f4e2ce2ee317e0b40cc89f3cdff201d3
19:14:11.385699694 pdns=0/0/inactive/dead/ named=7591/active/running/ agent=637/active/ jphase=target-started killpid=
19:14:11.661825425 CHANGE ledger ba85c4045f76b683333c07d93b393d50f4e2ce2ee317e0b40cc89f3cdff201d3 -> 9aa7af7b19681f206fc51262fb9df2b15bb3bf0d5fd24580cdca2e1b118804e6
19:14:11.681554619 pdns=0/0/inactive/dead/ named=7591/active/running/ agent=637/active/ jphase=target-started killpid=
19:14:11.960553256 CHANGE ledger 9aa7af7b19681f206fc51262fb9df2b15bb3bf0d5fd24580cdca2e1b118804e6 -> 697a0f4264d4310d62d4c120b5ed1ddbc32d51358180af908b29211fd9d9a0ee
19:14:11.976308503 pdns=0/0/inactive/dead/ named=7591/active/running/ agent=637/active/ jphase=target-started killpid=
19:14:12.253431242 CHANGE ledger 697a0f4264d4310d62d4c120b5ed1ddbc32d51358180af908b29211fd9d9a0ee -> 0a4fcefb6cd1499bf9d980309d708f3f33fa117d8b1d1cf339b922330b3816ad
19:14:12.271133409 pdns=0/0/inactive/dead/ named=7591/active/running/ agent=637/active/ jphase=target-verified killpid=
19:14:12.540742343 CHANGE journal bec2c4ab07b085c08dc71e9c371fc79294d02acea547d3604a409d6fd27bf83c -> c93a5d5224a05f2d1059ab7af58ef809d80eed7e5b85ff5e68dcf0e7db573697
19:14:12.549859927 CHANGE ledger 0a4fcefb6cd1499bf9d980309d708f3f33fa117d8b1d1cf339b922330b3816ad -> 5a08da1646662470436f81f47c676f66af8549b78423f0a005b9bdaf4a71fab6
19:14:12.559237066 CHANGE state 2b38b3427b9deb269254ff2f005d9eae84f38b3f5189e3b4fa8f1541ac78a416 -> 07c86964e8b0b466f976b79091cc5fb5a14baf9d6c2f2fd3393ec09b1f5cde6f
19:14:12.572431620 pdns=0/0/inactive/dead/ named=7591/active/running/ agent=637/active/ jphase=committed killpid=
19:14:12.864777750 pdns=0/0/inactive/dead/ named=7591/active/running/ agent=637/active/ jphase=absent killpid=
19:14:13.131800107 CHANGE journal c93a5d5224a05f2d1059ab7af58ef809d80eed7e5b85ff5e68dcf0e7db573697 -> absent
19:14:13.140724414 CHANGE ledger 5a08da1646662470436f81f47c676f66af8549b78423f0a005b9bdaf4a71fab6 -> 7bc010b1b60d97e1aeb1163470f9297499ae75843a972d0a27613954d236e623
19:14:13.158086111 pdns=0/0/inactive/dead/ named=7591/active/running/ agent=637/active/ jphase=absent killpid=
19:14:13.436539254 pdns=0/0/inactive/dead/ named=7591/active/running/ agent=637/active/ jphase=absent killpid=
19:14:13.716311102 pdns=0/0/inactive/dead/ named=7591/active/running/ agent=637/active/ jphase=absent killpid=
19:14:13.991743531 pdns=0/0/inactive/dead/ named=7591/active/running/ agent=637/active/ jphase=absent killpid=
19:14:14.264486001 pdns=0/0/inactive/dead/ named=7591/active/running/ agent=637/active/ jphase=absent killpid=
19:14:14.536952362 pdns=0/0/inactive/dead/ named=7591/active/running/ agent=637/active/ jphase=absent killpid=
19:14:14.815404283 pdns=0/0/inactive/dead/ named=7591/active/running/ agent=637/active/ jphase=absent killpid=
19:14:15.092171387 pdns=0/0/inactive/dead/ named=7591/active/running/ agent=637/active/ jphase=absent killpid=
19:14:15.367686845 pdns=0/0/inactive/dead/ named=7591/active/running/ agent=637/active/ jphase=absent killpid=
19:14:15.642710312 pdns=0/0/inactive/dead/ named=7591/active/running/ agent=637/active/ jphase=absent killpid=
19:14:15.916582244 pdns=0/0/inactive/dead/ named=7591/active/running/ agent=637/active/ jphase=absent killpid=
19:14:16.193403159 pdns=0/0/inactive/dead/ named=7591/active/running/ agent=637/active/ jphase=absent killpid=
19:14:16.471381425 pdns=0/0/inactive/dead/ named=7591/active/running/ agent=637/active/ jphase=absent killpid=
19:14:16.744641090 pdns=0/0/inactive/dead/ named=7591/active/running/ agent=637/active/ jphase=absent killpid=
19:14:17.019613241 pdns=0/0/inactive/dead/ named=7591/active/running/ agent=637/active/ jphase=absent killpid=
19:14:17.297202181 pdns=0/0/inactive/dead/ named=7591/active/running/ agent=637/active/ jphase=absent killpid=
19:14:17.579041394 pdns=0/0/inactive/dead/ named=7591/active/running/ agent=637/active/ jphase=absent killpid=
19:14:17.864626008 pdns=0/0/inactive/dead/ named=7591/active/running/ agent=637/active/ jphase=absent killpid=
19:14:18.137131106 pdns=0/0/inactive/dead/ named=7591/active/running/ agent=637/active/ jphase=absent killpid=
19:14:18.412391936 pdns=0/0/inactive/dead/ named=7591/active/running/ agent=637/active/ jphase=absent killpid=
19:14:18.688362152 pdns=0/0/inactive/dead/ named=7591/active/running/ agent=637/active/ jphase=absent killpid=
19:14:18.964776657 pdns=0/0/inactive/dead/ named=7591/active/running/ agent=637/active/ jphase=absent killpid=
19:14:19.241165815 pdns=0/0/inactive/dead/ named=7591/active/running/ agent=637/active/ jphase=absent killpid=
19:14:19.519452299 pdns=0/0/inactive/dead/ named=7591/active/running/ agent=637/active/ jphase=absent killpid=
19:14:19.793450019 pdns=0/0/inactive/dead/ named=7591/active/running/ agent=637/active/ jphase=absent killpid=
19:14:20.075413762 pdns=0/0/inactive/dead/ named=7591/active/running/ agent=637/active/ jphase=absent killpid=
19:14:20.357525602 pdns=0/0/inactive/dead/ named=7591/active/running/ agent=637/active/ jphase=absent killpid=
19:14:20.635517411 pdns=0/0/inactive/dead/ named=7591/active/running/ agent=637/active/ jphase=absent killpid=
19:14:20.912534174 pdns=0/0/inactive/dead/ named=7591/active/running/ agent=637/active/ jphase=absent killpid=
19:14:21.194231245 pdns=0/0/inactive/dead/ named=7591/active/running/ agent=637/active/ jphase=absent killpid=
19:14:21.475932615 pdns=0/0/inactive/dead/ named=7591/active/running/ agent=637/active/ jphase=absent killpid=
19:14:21.761612724 pdns=0/0/inactive/dead/ named=7591/active/running/ agent=637/active/ jphase=absent killpid=
19:14:22.045202398 pdns=0/0/inactive/dead/ named=7591/active/running/ agent=637/active/ jphase=absent killpid=
19:14:22.326970076 pdns=0/0/inactive/dead/ named=7591/active/running/ agent=637/active/ jphase=absent killpid=
19:14:22.605354167 pdns=0/0/inactive/dead/ named=7591/active/running/ agent=637/active/ jphase=absent killpid=
19:14:22.886351896 pdns=0/0/inactive/dead/ named=7591/active/running/ agent=637/active/ jphase=absent killpid=
19:14:23.169501862 pdns=0/0/inactive/dead/ named=7591/active/running/ agent=637/active/ jphase=absent killpid=
19:14:23.453536997 pdns=0/0/inactive/dead/ named=7591/active/running/ agent=637/active/ jphase=absent killpid=
19:14:23.739492390 pdns=0/0/inactive/dead/ named=7591/active/running/ agent=637/active/ jphase=absent killpid=
19:14:24.026191642 pdns=0/0/inactive/dead/ named=7591/active/running/ agent=637/active/ jphase=absent killpid=
19:14:24.308869085 pdns=0/0/inactive/dead/ named=7591/active/running/ agent=637/active/ jphase=absent killpid=
19:14:24.589669868 pdns=0/0/inactive/dead/ named=7591/active/running/ agent=637/active/ jphase=absent killpid=
19:14:24.870179814 pdns=0/0/inactive/dead/ named=7591/active/running/ agent=637/active/ jphase=absent killpid=
19:14:25.148820093 pdns=0/0/inactive/dead/ named=7591/active/running/ agent=637/active/ jphase=absent killpid=
19:14:25.427377737 pdns=0/0/inactive/dead/ named=7591/active/running/ agent=637/active/ jphase=absent killpid=
19:14:25.709755372 pdns=0/0/inactive/dead/ named=7591/active/running/ agent=637/active/ jphase=absent killpid=
19:14:25.988733806 pdns=0/0/inactive/dead/ named=7591/active/running/ agent=637/active/ jphase=absent killpid=
19:14:26.265380042 pdns=0/0/inactive/dead/ named=7591/active/running/ agent=637/active/ jphase=absent killpid=
19:14:26.544586627 pdns=0/0/inactive/dead/ named=7591/active/running/ agent=637/active/ jphase=absent killpid=
19:14:26.825817434 pdns=0/0/inactive/dead/ named=7591/active/running/ agent=637/active/ jphase=absent killpid=
19:14:27.104742914 pdns=0/0/inactive/dead/ named=7591/active/running/ agent=637/active/ jphase=absent killpid=
19:14:27.385756346 pdns=0/0/inactive/dead/ named=7591/active/running/ agent=637/active/ jphase=absent killpid=
19:14:27.663447214 pdns=0/0/inactive/dead/ named=7591/active/running/ agent=637/active/ jphase=absent killpid=
19:14:27.940315471 pdns=0/0/inactive/dead/ named=7591/active/running/ agent=637/active/ jphase=absent killpid=
19:14:28.219475859 pdns=0/0/inactive/dead/ named=7591/active/running/ agent=637/active/ jphase=absent killpid=
19:14:28.500419236 pdns=0/0/inactive/dead/ named=7591/active/running/ agent=637/active/ jphase=absent killpid=
19:14:28.780285271 pdns=0/0/inactive/dead/ named=7591/active/running/ agent=637/active/ jphase=absent killpid=
19:14:29.063084758 pdns=0/0/inactive/dead/ named=7591/active/running/ agent=637/active/ jphase=absent killpid=
19:14:29.342444132 pdns=0/0/inactive/dead/ named=7591/active/running/ agent=637/active/ jphase=absent killpid=
19:14:29.624187262 pdns=0/0/inactive/dead/ named=7591/active/running/ agent=637/active/ jphase=absent killpid=
19:14:29.907947422 pdns=0/0/inactive/dead/ named=7591/active/running/ agent=637/active/ jphase=absent killpid=
19:14:30.189630056 pdns=0/0/inactive/dead/ named=7591/active/running/ agent=637/active/ jphase=absent killpid=
19:14:30.485242272 pdns=0/0/inactive/dead/ named=7591/active/running/ agent=637/active/ jphase=absent killpid=
19:14:30.837798867 pdns=0/0/inactive/dead/ named=7591/active/running/ agent=637/active/ jphase=absent killpid=
19:14:31.236915281 pdns=0/0/inactive/dead/ named=7591/active/running/ agent=637/active/ jphase=absent killpid=
19:14:31.658983760 pdns=0/0/inactive/dead/ named=7591/active/running/ agent=637/active/ jphase=absent killpid=
19:14:32.101814294 pdns=0/0/inactive/dead/ named=7591/active/running/ agent=637/active/ jphase=absent killpid=
19:14:32.470770386 pdns=0/0/inactive/dead/ named=7591/active/running/ agent=637/active/ jphase=absent killpid=
19:14:32.835727712 pdns=0/0/inactive/dead/ named=7591/active/running/ agent=637/active/ jphase=absent killpid=
19:14:33.167730588 pdns=0/0/inactive/dead/ named=7591/active/running/ agent=637/active/ jphase=absent killpid=
19:14:33.461050802 pdns=0/0/inactive/dead/ named=7591/active/running/ agent=637/active/ jphase=absent killpid=
19:14:33.750416147 pdns=0/0/inactive/dead/ named=7591/active/running/ agent=637/active/ jphase=absent killpid=
19:14:34.056384498 pdns=0/0/inactive/dead/ named=7591/active/running/ agent=637/active/ jphase=absent killpid=
19:14:34.336041173 pdns=0/0/inactive/dead/ named=7591/active/running/ agent=637/active/ jphase=absent killpid=
19:14:34.619163771 pdns=0/0/inactive/dead/ named=7591/active/running/ agent=637/active/ jphase=absent killpid=
19:14:34.905177569 pdns=0/0/inactive/dead/ named=7591/active/running/ agent=637/active/ jphase=absent killpid=
19:14:35.183706030 pdns=0/0/inactive/dead/ named=7591/active/running/ agent=637/active/ jphase=absent killpid=
19:14:35.461946030 pdns=0/0/inactive/dead/ named=7591/active/running/ agent=637/active/ jphase=absent killpid=
19:14:35.738710012 pdns=0/0/inactive/dead/ named=7591/active/running/ agent=637/active/ jphase=absent killpid=
19:14:36.013956027 pdns=0/0/inactive/dead/ named=7591/active/running/ agent=637/active/ jphase=absent killpid=
19:14:36.290685441 pdns=0/0/inactive/dead/ named=7591/active/running/ agent=637/active/ jphase=absent killpid=
19:14:36.568452548 pdns=0/0/inactive/dead/ named=7591/active/running/ agent=637/active/ jphase=absent killpid=
19:14:36.842537056 pdns=0/0/inactive/dead/ named=7591/active/running/ agent=637/active/ jphase=absent killpid=
19:14:37.116323168 pdns=0/0/inactive/dead/ named=7591/active/running/ agent=637/active/ jphase=absent killpid=
19:14:37.395918778 pdns=0/0/inactive/dead/ named=7591/active/running/ agent=637/active/ jphase=absent killpid=
19:14:37.672115216 pdns=0/0/inactive/dead/ named=7591/active/running/ agent=637/active/ jphase=absent killpid=
19:14:37.947905838 pdns=0/0/inactive/dead/ named=7591/active/running/ agent=637/active/ jphase=absent killpid=
19:14:38.220525019 pdns=0/0/inactive/dead/ named=7591/active/running/ agent=637/active/ jphase=absent killpid=
19:14:38.499219806 pdns=0/0/inactive/dead/ named=7591/active/running/ agent=637/active/ jphase=absent killpid=
19:14:38.775624558 pdns=0/0/inactive/dead/ named=7591/active/running/ agent=637/active/ jphase=absent killpid=
19:14:39.048976732 pdns=0/0/inactive/dead/ named=7591/active/running/ agent=637/active/ jphase=absent killpid=
19:14:39.335559065 pdns=0/0/inactive/dead/ named=7591/active/running/ agent=637/active/ jphase=absent killpid=
19:14:39.639597277 pdns=0/0/inactive/dead/ named=7591/active/running/ agent=637/active/ jphase=absent killpid=
19:14:39.925553545 pdns=0/0/inactive/dead/ named=7591/active/running/ agent=637/active/ jphase=absent killpid=
19:14:40.203429463 pdns=0/0/inactive/dead/ named=7591/active/running/ agent=637/active/ jphase=absent killpid=
19:14:40.480763637 pdns=0/0/inactive/dead/ named=7591/active/running/ agent=637/active/ jphase=absent killpid=
19:14:40.756707259 pdns=0/0/inactive/dead/ named=7591/active/running/ agent=637/active/ jphase=absent killpid=
19:14:41.030962838 pdns=0/0/inactive/dead/ named=7591/active/running/ agent=637/active/ jphase=absent killpid=
19:14:41.308099852 pdns=0/0/inactive/dead/ named=7591/active/running/ agent=637/active/ jphase=absent killpid=
19:14:41.587169404 pdns=0/0/inactive/dead/ named=7591/active/running/ agent=637/active/ jphase=absent killpid=
19:14:41.862009204 pdns=0/0/inactive/dead/ named=7591/active/running/ agent=637/active/ jphase=absent killpid=
19:14:42.135407909 pdns=0/0/inactive/dead/ named=7591/active/running/ agent=637/active/ jphase=absent killpid=
19:14:42.408972844 pdns=0/0/inactive/dead/ named=7591/active/running/ agent=637/active/ jphase=absent killpid=
19:14:42.684913012 pdns=0/0/inactive/dead/ named=7591/active/running/ agent=637/active/ jphase=absent killpid=
19:14:42.960884920 pdns=0/0/inactive/dead/ named=7591/active/running/ agent=637/active/ jphase=absent killpid=
19:14:43.237466174 pdns=0/0/inactive/dead/ named=7591/active/running/ agent=637/active/ jphase=absent killpid=
done
