14:40:37.503679468 CHANGE journal none -> absent
14:40:37.516128564 CHANGE ledger none -> 177f61d12ed0bb85e6ea535b807b376e26bbe0871405a13867c0b3cb6ea4b211
14:40:37.520205722 CHANGE state none -> absent
14:40:37.523202065 POINTER 
14:40:37.524697075 pdns=0/0/inactive/dead/ named=0/inactive/dead/ agent=0/inactive/ jphase=absent killpid=
14:40:37.793425186 pdns=0/0/inactive/dead/ named=0/inactive/dead/ agent=0/inactive/ jphase=absent killpid=
14:40:38.071816695 pdns=0/0/inactive/dead/ named=0/inactive/dead/ agent=0/inactive/ jphase=absent killpid=
14:40:38.354167674 CHANGE ledger 177f61d12ed0bb85e6ea535b807b376e26bbe0871405a13867c0b3cb6ea4b211 -> 874d5935254a735f3ede086e6c249486111358559cfbbbd7eaf53c7031575f95
14:40:38.358471109 pdns=0/0/inactive/dead/ named=0/inactive/dead/ agent=0/inactive/ jphase=absent killpid=1699,1764,
14:40:38.660671308 CHANGE ledger 874d5935254a735f3ede086e6c249486111358559cfbbbd7eaf53c7031575f95 -> d6259348fab0b1310b481a68e91ef097378a22fa47277882d32a95ce47bb0190
14:40:38.664111311 pdns=0/0/inactive/dead/ named=0/inactive/dead/ agent=0/inactive/ jphase=absent killpid=1699,
14:40:38.971291268 CHANGE ledger d6259348fab0b1310b481a68e91ef097378a22fa47277882d32a95ce47bb0190 -> c9d7eb55954cf4be33c69f39fb434dc29c8f213c541fd822381a7a84d69824f7
14:40:38.974396345 pdns=0/0/inactive/dead/ named=0/inactive/dead/ agent=0/inactive/ jphase=absent killpid=1699,1955,
14:40:39.305960962 CHANGE ledger c9d7eb55954cf4be33c69f39fb434dc29c8f213c541fd822381a7a84d69824f7 -> c279a2ad73e8a8c52818deeb8ca79ce365785dfb20323b1e61c310d7c62910e4
14:40:39.309736631 pdns=0/0/inactive/dead/ named=0/inactive/dead/ agent=0/inactive/ jphase=absent killpid=1699,2040,
14:40:39.593021286 CHANGE ledger c279a2ad73e8a8c52818deeb8ca79ce365785dfb20323b1e61c310d7c62910e4 -> af4b9cfff0b524744e50f5f4e9ee999bb08aac31ac09e7a98f8c384b31a847d6
14:40:39.597090222 pdns=0/0/inactive/dead/ named=0/inactive/dead/ agent=0/inactive/ jphase=absent killpid=1699,2040,
14:40:39.867804508 pdns=0/0/inactive/dead/ named=0/inactive/dead/ agent=0/inactive/ jphase=absent killpid=1699,2040,
14:40:40.141258416 pdns=0/0/inactive/dead/ named=0/inactive/dead/ agent=0/inactive/ jphase=absent killpid=1699,2040,
14:40:40.466416067 pdns=0/0/inactive/dead/ named=0/inactive/dead/ agent=0/inactive/ jphase=absent killpid=1699,2040,
14:40:41.140234041 pdns=0/0/inactive/dead/ named=0/inactive/dead/ agent=0/inactive/ jphase=absent killpid=1699,2040,
14:40:41.447034945 pdns=0/0/inactive/dead/ named=0/inactive/dead/ agent=0/inactive/ jphase=absent killpid=1699,2040,
14:40:41.729046296 pdns=0/0/inactive/dead/ named=0/inactive/dead/ agent=0/inactive/ jphase=absent killpid=1699,2040,
14:40:42.012134189 pdns=0/0/inactive/dead/ named=0/inactive/dead/ agent=0/inactive/ jphase=absent killpid=1699,2040,
14:40:42.296148399 pdns=0/0/inactive/dead/ named=0/inactive/dead/ agent=0/inactive/ jphase=absent killpid=1699,2040,
14:40:42.595846119 pdns=0/0/inactive/dead/ named=0/inactive/dead/ agent=0/inactive/ jphase=absent killpid=1699,2040,
14:40:42.873106776 CHANGE ledger af4b9cfff0b524744e50f5f4e9ee999bb08aac31ac09e7a98f8c384b31a847d6 -> a0bad6a57d706c41353f421bff2cb30942424eb4ca40b9c2d7a5bd54e9a8232b
14:40:42.876789005 pdns=0/0/inactive/dead/ named=0/inactive/dead/ agent=0/inactive/ jphase=absent killpid=1699,2313,
14:40:43.149835426 pdns=0/0/inactive/dead/ named=0/inactive/dead/ agent=0/inactive/ jphase=absent killpid=1699,2313,
14:40:43.415446605 CHANGE ledger a0bad6a57d706c41353f421bff2cb30942424eb4ca40b9c2d7a5bd54e9a8232b -> 30f991d510ba10ab997719c0cd5b652e12b21940d116fb7baf88455e8d996a01
14:40:43.418438387 pdns=0/0/inactive/dead/ named=0/inactive/dead/ agent=0/inactive/ jphase=absent killpid=1699,2313,
14:40:43.691110421 pdns=0/0/inactive/dead/ named=0/inactive/dead/ agent=0/inactive/ jphase=absent killpid=1699,2313,
14:40:43.975048921 pdns=0/0/inactive/dead/ named=0/inactive/dead/ agent=0/inactive/ jphase=absent killpid=1699,2313,
14:40:44.256565313 pdns=0/0/inactive/dead/ named=0/inactive/dead/ agent=0/inactive/ jphase=absent killpid=1699,2313,
14:40:44.525824197 pdns=0/0/inactive/dead/ named=0/inactive/dead/ agent=0/inactive/ jphase=absent killpid=1699,2313,
14:40:44.802308509 pdns=0/0/inactive/dead/ named=0/inactive/dead/ agent=0/inactive/ jphase=absent killpid=1699,2313,
14:40:45.079705869 pdns=0/0/inactive/dead/ named=0/inactive/dead/ agent=0/inactive/ jphase=absent killpid=1699,2313,
14:40:45.352264521 pdns=0/0/inactive/dead/ named=0/inactive/dead/ agent=0/inactive/ jphase=absent killpid=1699,2313,
14:40:45.802958584 pdns=0/0/inactive/dead/ named=0/inactive/dead/ agent=0/inactive/ jphase=absent killpid=1699,2313,
14:40:46.087009698 pdns=0/0/inactive/dead/ named=0/inactive/dead/ agent=0/inactive/ jphase=absent killpid=1699,2313,
14:40:46.383765081 pdns=0/0/inactive/dead/ named=0/inactive/dead/ agent=0/inactive/ jphase=absent killpid=1699,2313,
14:40:46.650249318 pdns=0/0/inactive/dead/ named=0/inactive/dead/ agent=0/inactive/ jphase=absent killpid=1699,2313,
14:40:46.916860534 pdns=0/0/inactive/dead/ named=0/inactive/dead/ agent=0/inactive/ jphase=absent killpid=1699,2313,
14:40:47.184210920 pdns=0/0/inactive/dead/ named=0/inactive/dead/ agent=0/inactive/ jphase=absent killpid=1699,2313,
14:40:47.458384079 pdns=0/0/inactive/dead/ named=0/inactive/dead/ agent=0/inactive/ jphase=absent killpid=1699,2313,
14:40:47.737110542 CHANGE ledger 30f991d510ba10ab997719c0cd5b652e12b21940d116fb7baf88455e8d996a01 -> a5e78c6dac0ba1a099dbfc4c71781c50eb9fbcd15dedb5a61dbbb27c3fc85899
14:40:47.740417567 pdns=0/0/inactive/dead/ named=0/inactive/dead/ agent=0/inactive/ jphase=absent killpid=1699,3169,
14:40:48.161134465 CHANGE ledger a5e78c6dac0ba1a099dbfc4c71781c50eb9fbcd15dedb5a61dbbb27c3fc85899 -> 94bf03083e6cadfa274821c2e49e7e58f866e1191f8f978a1917fd31bd5eec69
14:40:48.164557900 pdns=0/0/inactive/dead/ named=0/inactive/dead/ agent=0/inactive/ jphase=absent killpid=1699,3279,
14:40:48.635500821 CHANGE ledger 94bf03083e6cadfa274821c2e49e7e58f866e1191f8f978a1917fd31bd5eec69 -> d655c1dd7781520817fa0eb4e3b81f831a7bdaa31855ab1ea450c89191ce6fe2
14:40:48.639233339 pdns=0/0/inactive/dead/ named=0/inactive/dead/ agent=0/inactive/ jphase=absent killpid=1699,
14:40:48.938720010 CHANGE ledger d655c1dd7781520817fa0eb4e3b81f831a7bdaa31855ab1ea450c89191ce6fe2 -> 5b837ecd014018643cefc725fac2a75b6c85a6a709fd7ea8640412384f685a85
14:40:48.944412954 pdns=0/0/inactive/dead/ named=0/inactive/dead/ agent=0/inactive/ jphase=absent killpid=1699,3488,
14:40:49.250498133 CHANGE ledger 5b837ecd014018643cefc725fac2a75b6c85a6a709fd7ea8640412384f685a85 -> fd1239270f7aeacc89654c2393b5c43422a740d2687d2d3ded7fa7eaf3d43001
14:40:49.254718443 POINTER /var/cache/bind/celikpanel mtime=2026-09-29 14:40:49.243045665 +0000 ino=131583 /var/cache/bind/celikpanel/current absent 
14:40:49.256135450 pdns=0/0/inactive/dead/ named=0/inactive/dead/ agent=0/inactive/ jphase=absent killpid=1699,3565,
14:40:49.541140547 CHANGE journal absent -> e0740eef20ba0c5f0db37975f954b21790bee10f4a3ed45facbe6f0df6b9d1a3
14:40:49.553076781 CHANGE ledger fd1239270f7aeacc89654c2393b5c43422a740d2687d2d3ded7fa7eaf3d43001 -> 20463e5985d2ac277e6f3845604d62161570963b4ab2e24f9ce4b5917b9fde9c
14:40:49.559643211 POINTER /var/cache/bind/celikpanel mtime=2026-09-29 14:40:49.531022613 +0000 ino=131583 /var/cache/bind/celikpanel/current mtime=2026-09-29 14:40:49.531022613 +0000 ino=131594 -> '/var/cache/bind/celikpanel/current' -> 'generations/a6e189e7e07ccd1eb5cbfdc82b8d5f3c8e53b777041dd169c6b77a56be08c47f' 
14:40:49.561103435 pdns=0/0/inactive/dead/ named=0/inactive/dead/ agent=0/inactive/ jphase=intent killpid=1699,3668,
14:40:49.829171696 CHANGE journal e0740eef20ba0c5f0db37975f954b21790bee10f4a3ed45facbe6f0df6b9d1a3 -> 54ed42579435a0174239fbc12726066d2e05d133c49cef64a5dd3562493deb45
14:40:49.838441895 CHANGE ledger 20463e5985d2ac277e6f3845604d62161570963b4ab2e24f9ce4b5917b9fde9c -> a415a470bf0cf7516186ae41e467b296562dbfbf463125fd265c35c43aa66613
14:40:49.844490306 pdns=0/0/inactive/dead/ named=0/inactive/dead/ agent=0/inactive/ jphase=source-stopped killpid=1699,3751,
14:40:50.160919237 CHANGE ledger a415a470bf0cf7516186ae41e467b296562dbfbf463125fd265c35c43aa66613 -> 6180a5fafc390e3d79b79fe234d82ccd79caf9d85120be0237a9a7c1080f4a82
14:40:50.166679632 pdns=0/0/inactive/dead/ named=0/inactive/dead/ agent=0/inactive/ jphase=source-stopped killpid=1699,3903,
14:40:50.856847757 CHANGE ledger 6180a5fafc390e3d79b79fe234d82ccd79caf9d85120be0237a9a7c1080f4a82 -> b53d73ee01ce8723581361eb76010c5b5d6323d819af00e792eccbc0a0b2e799
14:40:50.865416318 pdns=0/0/inactive/dead/ named=0/inactive/dead/ agent=0/inactive/ jphase=source-stopped killpid=1699,
14:40:51.163213096 CHANGE ledger b53d73ee01ce8723581361eb76010c5b5d6323d819af00e792eccbc0a0b2e799 -> bc97f1987db3cf422647e6664f0ab5bc4cffab86b8f3ef33913786fb5f6c459f
14:40:51.169363197 pdns=0/0/inactive/dead/ named=0/inactive/dead/ agent=0/inactive/ jphase=source-stopped killpid=1699,4108,
14:40:51.455357131 CHANGE ledger bc97f1987db3cf422647e6664f0ab5bc4cffab86b8f3ef33913786fb5f6c459f -> aa23a5f67fdaea7092e63bb843cc8f9cd3dfdc5005befb7e1a3a7ff628c9cb6b
14:40:51.463348699 pdns=0/0/inactive/dead/ named=0/inactive/dead/ agent=0/inactive/ jphase=source-stopped killpid=1699,4130,
14:40:52.016158748 CHANGE ledger aa23a5f67fdaea7092e63bb843cc8f9cd3dfdc5005befb7e1a3a7ff628c9cb6b -> 0952a886e344af4e0314b124361874706bf28a8daa53af8b2fca3eb94b167240
14:40:52.024401007 pdns=0/0/inactive/dead/ named=0/inactive/dead/ agent=0/inactive/ jphase=source-stopped killpid=1699,
14:40:52.445138971 CHANGE ledger 0952a886e344af4e0314b124361874706bf28a8daa53af8b2fca3eb94b167240 -> 632552252bed5ab96e1ce6715322729f00d693e33d741345a9166ff68a910d41
14:40:52.451207579 pdns=0/0/inactive/dead/ named=0/inactive/dead/ agent=0/inactive/ jphase=source-stopped killpid=1699,4459,
14:40:52.730972345 CHANGE ledger 632552252bed5ab96e1ce6715322729f00d693e33d741345a9166ff68a910d41 -> e511155a4fc2efe9e548228ea848a8a6493c6608aad3b24f602bad1a106d2a38
14:40:52.736917990 pdns=0/0/inactive/dead/ named=4505/active/running/ agent=0/inactive/ jphase=source-stopped killpid=1699,4555,
14:40:53.019996647 CHANGE ledger e511155a4fc2efe9e548228ea848a8a6493c6608aad3b24f602bad1a106d2a38 -> b7e5ecaf87d48be2f2a98294b3a0d003673ae44470100b24c3be705cdd836de8
14:40:53.025698723 pdns=0/0/inactive/dead/ named=4505/active/running/ agent=0/inactive/ jphase=source-stopped killpid=1699,
14:40:53.306423566 CHANGE ledger b7e5ecaf87d48be2f2a98294b3a0d003673ae44470100b24c3be705cdd836de8 -> d1956c5bcf241d5ad8d2fd14ec0edf726eba8193413796495189def79d2e82f7
14:40:53.312194375 pdns=0/0/inactive/dead/ named=4505/active/running/ agent=0/inactive/ jphase=source-stopped killpid=1699,
14:40:53.605267864 CHANGE ledger d1956c5bcf241d5ad8d2fd14ec0edf726eba8193413796495189def79d2e82f7 -> a328906814c9b90ce9d3641289188e292eca8e3f8b88e82bf5d499417a7ba60e
14:40:53.614716875 pdns=0/0/inactive/dead/ named=4505/active/running/ agent=0/inactive/ jphase=source-stopped killpid=1699,
14:40:53.901897786 CHANGE journal 54ed42579435a0174239fbc12726066d2e05d133c49cef64a5dd3562493deb45 -> 86784ded5176360caabd4f4c67a1a5e1197810e0bb82e23ccd6183931fb6c728
14:40:53.910997890 CHANGE ledger a328906814c9b90ce9d3641289188e292eca8e3f8b88e82bf5d499417a7ba60e -> 1753d83ef23a0cc51fbbcaf3dd93ca2df4cd7aa5b0069540b770ad0696a91f92
14:40:53.918386196 pdns=0/0/inactive/dead/ named=4505/active/running/ agent=0/inactive/ jphase=target-started killpid=1699,
14:40:54.207329020 CHANGE ledger 1753d83ef23a0cc51fbbcaf3dd93ca2df4cd7aa5b0069540b770ad0696a91f92 -> fe764f9c5a34f873624cabfcdb59a16289826aebb7e629b6571574b889d2ae14
14:40:54.212946488 pdns=0/0/inactive/dead/ named=4505/active/running/ agent=0/inactive/ jphase=target-started killpid=1699,5083,
14:40:54.492848806 CHANGE ledger fe764f9c5a34f873624cabfcdb59a16289826aebb7e629b6571574b889d2ae14 -> 84a816bb8d6739c507176fe242f860deee767312899fbcad6e34c70daf0cdb1b
14:40:54.498735130 pdns=0/0/inactive/dead/ named=4505/active/running/ agent=0/inactive/ jphase=target-started killpid=1699,
14:40:54.781360895 CHANGE ledger 84a816bb8d6739c507176fe242f860deee767312899fbcad6e34c70daf0cdb1b -> 42cc9c958512c96b8cec7ba8b9d10499b670cf71bacf6bed6d24f5afc3345d2c
14:40:54.788429145 pdns=0/0/inactive/dead/ named=4505/active/running/ agent=0/inactive/ jphase=target-started killpid=1699,
14:40:55.066446636 CHANGE journal 86784ded5176360caabd4f4c67a1a5e1197810e0bb82e23ccd6183931fb6c728 -> 4d6af030580a60853af4c607b35ecc182e8f6f49a7267d04601849d0737eaaaa
14:40:55.075723380 CHANGE ledger 42cc9c958512c96b8cec7ba8b9d10499b670cf71bacf6bed6d24f5afc3345d2c -> 31a8216a44294901bf678a45bd249b51a0d7d18fcc40d78e8ba3e1d8fa957d5d
14:40:55.085151508 CHANGE state absent -> 98f5fd3cb0f9911da66f1f5016885fd37522d486350f50ce8096a4396d10ad0e
14:40:55.090946855 pdns=0/0/inactive/dead/ named=4505/active/running/ agent=0/inactive/ jphase=target-verified killpid=
14:40:55.470534756 pdns=0/0/inactive/dead/ named=4505/active/running/ agent=0/inactive/ jphase=target-verified killpid=
14:40:55.755079183 pdns=0/0/inactive/dead/ named=4505/active/running/ agent=0/inactive/ jphase=target-verified killpid=
14:40:56.038045855 pdns=0/0/inactive/dead/ named=4505/active/running/ agent=5557/active/ jphase=target-verified killpid=
14:40:56.329291510 pdns=0/0/inactive/dead/ named=4505/active/running/ agent=5557/active/ jphase=target-verified killpid=
14:40:56.606497579 CHANGE journal 4d6af030580a60853af4c607b35ecc182e8f6f49a7267d04601849d0737eaaaa -> d67d22c69b7295456f5c2a9125f8747c0b6a23b4550c2be64016c1a02860d640
14:40:56.623892833 pdns=0/0/inactive/dead/ named=4505/active/running/ agent=5557/active/ jphase=committed killpid=
14:40:56.929851191 pdns=0/0/inactive/dead/ named=4505/active/running/ agent=5557/active/ jphase=committed killpid=
14:40:57.207673443 CHANGE journal d67d22c69b7295456f5c2a9125f8747c0b6a23b4550c2be64016c1a02860d640 -> absent
14:40:57.216247696 CHANGE ledger 31a8216a44294901bf678a45bd249b51a0d7d18fcc40d78e8ba3e1d8fa957d5d -> 53c8e555fc75b0557c57afcc2b8c8727b7eae6cbffd1087380ac91edc04f9b41
14:40:57.227500357 pdns=0/0/inactive/dead/ named=4505/active/running/ agent=5557/active/ jphase=absent killpid=
14:40:57.521462849 pdns=0/0/inactive/dead/ named=4505/active/running/ agent=5557/active/ jphase=absent killpid=
14:40:57.825600582 pdns=0/0/inactive/dead/ named=4505/active/running/ agent=5557/active/ jphase=absent killpid=
14:40:58.105273095 pdns=0/0/inactive/dead/ named=4505/active/running/ agent=5557/active/ jphase=absent killpid=
14:40:58.375268590 pdns=0/0/inactive/dead/ named=4505/active/running/ agent=5557/active/ jphase=absent killpid=
14:40:58.644227469 pdns=0/0/inactive/dead/ named=4505/active/running/ agent=5557/active/ jphase=absent killpid=
14:40:58.917902596 pdns=0/0/inactive/dead/ named=4505/active/running/ agent=5557/active/ jphase=absent killpid=
14:40:59.204230702 pdns=0/0/inactive/dead/ named=4505/active/running/ agent=5557/active/ jphase=absent killpid=
14:40:59.519506337 pdns=0/0/inactive/dead/ named=4505/active/running/ agent=5557/active/ jphase=absent killpid=
14:40:59.831000217 pdns=0/0/inactive/dead/ named=4505/active/running/ agent=5557/active/ jphase=absent killpid=
14:41:00.117341526 pdns=0/0/inactive/dead/ named=4505/active/running/ agent=5557/active/ jphase=absent killpid=
14:41:00.406236607 pdns=0/0/inactive/dead/ named=4505/active/running/ agent=5557/active/ jphase=absent killpid=
14:41:00.695286939 pdns=0/0/inactive/dead/ named=4505/active/running/ agent=5557/active/ jphase=absent killpid=
14:41:00.987451101 pdns=0/0/inactive/dead/ named=4505/active/running/ agent=5557/active/ jphase=absent killpid=
14:41:01.273282150 pdns=0/0/inactive/dead/ named=4505/active/running/ agent=5557/active/ jphase=absent killpid=
14:41:01.546441064 pdns=0/0/inactive/dead/ named=4505/active/running/ agent=5557/active/ jphase=absent killpid=
14:41:01.836339134 pdns=0/0/inactive/dead/ named=4505/active/running/ agent=5557/active/ jphase=absent killpid=
14:41:02.138210310 pdns=0/0/inactive/dead/ named=4505/active/running/ agent=5557/active/ jphase=absent killpid=
14:41:02.468891455 pdns=0/0/inactive/dead/ named=4505/active/running/ agent=5557/active/ jphase=absent killpid=
14:41:02.743216481 pdns=0/0/inactive/dead/ named=4505/active/running/ agent=5557/active/ jphase=absent killpid=
14:41:03.026098429 pdns=0/0/inactive/dead/ named=4505/active/running/ agent=5557/active/ jphase=absent killpid=
14:41:03.301453443 pdns=0/0/inactive/dead/ named=4505/active/running/ agent=5557/active/ jphase=absent killpid=
14:41:03.575178204 pdns=0/0/inactive/dead/ named=4505/active/running/ agent=5557/active/ jphase=absent killpid=
14:41:03.856786022 pdns=0/0/inactive/dead/ named=4505/active/running/ agent=5557/active/ jphase=absent killpid=
14:41:04.144872026 pdns=0/0/inactive/dead/ named=4505/active/running/ agent=5557/active/ jphase=absent killpid=
14:41:04.420288562 pdns=0/0/inactive/dead/ named=4505/active/running/ agent=5557/active/ jphase=absent killpid=
14:41:04.706263806 pdns=0/0/inactive/dead/ named=4505/active/running/ agent=5557/active/ jphase=absent killpid=
14:41:04.995770850 pdns=0/0/inactive/dead/ named=4505/active/running/ agent=5557/active/ jphase=absent killpid=
14:41:05.274385699 pdns=0/0/inactive/dead/ named=4505/active/running/ agent=5557/active/ jphase=absent killpid=
14:41:05.556142510 pdns=0/0/inactive/dead/ named=4505/active/running/ agent=5557/active/ jphase=absent killpid=
14:41:05.841959611 pdns=0/0/inactive/dead/ named=4505/active/running/ agent=5557/active/ jphase=absent killpid=
14:41:06.112402206 pdns=0/0/inactive/dead/ named=4505/active/running/ agent=5557/active/ jphase=absent killpid=
14:41:06.382906908 pdns=0/0/inactive/dead/ named=4505/active/running/ agent=5557/active/ jphase=absent killpid=
14:41:06.653284879 pdns=0/0/inactive/dead/ named=4505/active/running/ agent=5557/active/ jphase=absent killpid=
14:41:06.949268796 pdns=0/0/inactive/dead/ named=4505/active/running/ agent=5557/active/ jphase=absent killpid=
14:41:07.221501971 pdns=0/0/inactive/dead/ named=4505/active/running/ agent=5557/active/ jphase=absent killpid=
14:41:07.494206195 pdns=0/0/inactive/dead/ named=4505/active/running/ agent=5557/active/ jphase=absent killpid=
14:41:07.768099170 pdns=0/0/inactive/dead/ named=4505/active/running/ agent=5557/active/ jphase=absent killpid=
14:41:08.040355188 pdns=0/0/inactive/dead/ named=4505/active/running/ agent=5557/active/ jphase=absent killpid=
14:41:08.315771994 pdns=0/0/inactive/dead/ named=4505/active/running/ agent=5557/active/ jphase=absent killpid=
14:41:08.589292352 pdns=0/0/inactive/dead/ named=4505/active/running/ agent=5557/active/ jphase=absent killpid=
14:41:08.870636714 pdns=0/0/inactive/dead/ named=4505/active/running/ agent=5557/active/ jphase=absent killpid=
14:41:09.147575062 pdns=0/0/inactive/dead/ named=4505/active/running/ agent=5557/active/ jphase=absent killpid=
14:41:09.419299376 pdns=0/0/inactive/dead/ named=4505/active/running/ agent=5557/active/ jphase=absent killpid=
14:41:09.695822314 pdns=0/0/inactive/dead/ named=4505/active/running/ agent=5557/active/ jphase=absent killpid=
14:41:09.977179154 pdns=0/0/inactive/dead/ named=4505/active/running/ agent=5557/active/ jphase=absent killpid=
14:41:10.259947076 pdns=0/0/inactive/dead/ named=4505/active/running/ agent=5557/active/ jphase=absent killpid=
14:41:10.564271355 pdns=0/0/inactive/dead/ named=4505/active/running/ agent=5557/active/ jphase=absent killpid=
14:41:10.854383852 pdns=0/0/inactive/dead/ named=4505/active/running/ agent=5557/active/ jphase=absent killpid=
14:41:11.139261919 pdns=0/0/inactive/dead/ named=4505/active/running/ agent=5557/active/ jphase=absent killpid=
14:41:11.421885882 pdns=0/0/inactive/dead/ named=4505/active/running/ agent=5557/active/ jphase=absent killpid=
14:41:11.697309519 pdns=0/0/inactive/dead/ named=4505/active/running/ agent=5557/active/ jphase=absent killpid=
14:41:11.968061034 pdns=0/0/inactive/dead/ named=4505/active/running/ agent=5557/active/ jphase=absent killpid=
14:41:12.239154715 pdns=0/0/inactive/dead/ named=4505/active/running/ agent=5557/active/ jphase=absent killpid=
14:41:12.520778067 pdns=0/0/inactive/dead/ named=4505/active/running/ agent=5557/active/ jphase=absent killpid=
14:41:12.794560114 pdns=0/0/inactive/dead/ named=4505/active/running/ agent=5557/active/ jphase=absent killpid=
14:41:13.072222417 pdns=0/0/inactive/dead/ named=4505/active/running/ agent=5557/active/ jphase=absent killpid=
14:41:13.355399877 pdns=0/0/inactive/dead/ named=4505/active/running/ agent=5557/active/ jphase=absent killpid=
14:41:13.629571211 pdns=0/0/inactive/dead/ named=4505/active/running/ agent=5557/active/ jphase=absent killpid=
14:41:13.920551726 pdns=0/0/inactive/dead/ named=4505/active/running/ agent=5557/active/ jphase=absent killpid=
14:41:14.224510178 pdns=0/0/inactive/dead/ named=4505/active/running/ agent=5557/active/ jphase=absent killpid=
14:41:14.497976946 pdns=0/0/inactive/dead/ named=4505/active/running/ agent=5557/active/ jphase=absent killpid=
14:41:14.772978044 pdns=0/0/inactive/dead/ named=4505/active/running/ agent=5557/active/ jphase=absent killpid=
14:41:15.074723192 pdns=0/0/inactive/dead/ named=4505/active/running/ agent=5557/active/ jphase=absent killpid=
14:41:15.352345599 pdns=0/0/inactive/dead/ named=4505/active/running/ agent=5557/active/ jphase=absent killpid=
14:41:15.629600912 pdns=0/0/inactive/dead/ named=4505/active/running/ agent=5557/active/ jphase=absent killpid=
14:41:15.927849977 pdns=0/0/inactive/dead/ named=4505/active/running/ agent=5557/active/ jphase=absent killpid=
14:41:16.204374377 pdns=0/0/inactive/dead/ named=4505/active/running/ agent=5557/active/ jphase=absent killpid=
14:41:16.482757801 pdns=0/0/inactive/dead/ named=4505/active/running/ agent=5557/active/ jphase=absent killpid=
14:41:16.758547323 pdns=0/0/inactive/dead/ named=4505/active/running/ agent=5557/active/ jphase=absent killpid=
14:41:17.044972957 pdns=0/0/inactive/dead/ named=4505/active/running/ agent=5557/active/ jphase=absent killpid=
14:41:17.320295167 pdns=0/0/inactive/dead/ named=4505/active/running/ agent=5557/active/ jphase=absent killpid=
14:41:17.596795427 pdns=0/0/inactive/dead/ named=4505/active/running/ agent=5557/active/ jphase=absent killpid=
14:41:17.879382606 pdns=0/0/inactive/dead/ named=4505/active/running/ agent=5557/active/ jphase=absent killpid=
14:41:18.171795212 pdns=0/0/inactive/dead/ named=4505/active/running/ agent=5557/active/ jphase=absent killpid=
14:41:18.453635623 pdns=0/0/inactive/dead/ named=4505/active/running/ agent=5557/active/ jphase=absent killpid=
14:41:18.729334386 pdns=0/0/inactive/dead/ named=4505/active/running/ agent=5557/active/ jphase=absent killpid=
14:41:19.005301253 pdns=0/0/inactive/dead/ named=4505/active/running/ agent=5557/active/ jphase=absent killpid=
14:41:19.281217193 pdns=0/0/inactive/dead/ named=4505/active/running/ agent=5557/active/ jphase=absent killpid=
14:41:19.552585369 pdns=0/0/inactive/dead/ named=4505/active/running/ agent=5557/active/ jphase=absent killpid=
14:41:19.826587315 pdns=0/0/inactive/dead/ named=4505/active/running/ agent=5557/active/ jphase=absent killpid=
14:41:20.111208517 pdns=0/0/inactive/dead/ named=4505/active/running/ agent=5557/active/ jphase=absent killpid=
14:41:20.396186904 pdns=0/0/inactive/dead/ named=4505/active/running/ agent=5557/active/ jphase=absent killpid=
14:41:20.676617745 pdns=0/0/inactive/dead/ named=4505/active/running/ agent=5557/active/ jphase=absent killpid=
14:41:20.955664123 pdns=0/0/inactive/dead/ named=4505/active/running/ agent=5557/active/ jphase=absent killpid=
14:41:21.233412539 pdns=0/0/inactive/dead/ named=4505/active/running/ agent=5557/active/ jphase=absent killpid=
14:41:21.521150738 pdns=0/0/inactive/dead/ named=4505/active/running/ agent=5557/active/ jphase=absent killpid=
14:41:21.797542381 pdns=0/0/inactive/dead/ named=4505/active/running/ agent=5557/active/ jphase=absent killpid=
14:41:22.076950604 pdns=0/0/inactive/dead/ named=4505/active/running/ agent=5557/active/ jphase=absent killpid=
14:41:22.364650926 pdns=0/0/inactive/dead/ named=4505/active/running/ agent=5557/active/ jphase=absent killpid=
14:41:22.642538468 pdns=0/0/inactive/dead/ named=4505/active/running/ agent=5557/active/ jphase=absent killpid=
14:41:22.915071443 pdns=0/0/inactive/dead/ named=4505/active/running/ agent=5557/active/ jphase=absent killpid=
14:41:23.187867675 pdns=0/0/inactive/dead/ named=4505/active/running/ agent=5557/active/ jphase=absent killpid=
14:41:23.465874388 pdns=0/0/inactive/dead/ named=4505/active/running/ agent=5557/active/ jphase=absent killpid=
14:41:23.741631412 pdns=0/0/inactive/dead/ named=4505/active/running/ agent=5557/active/ jphase=absent killpid=
14:41:24.019075206 pdns=0/0/inactive/dead/ named=4505/active/running/ agent=5557/active/ jphase=absent killpid=
14:41:24.300707102 pdns=0/0/inactive/dead/ named=4505/active/running/ agent=5557/active/ jphase=absent killpid=
14:41:24.575897472 pdns=0/0/inactive/dead/ named=4505/active/running/ agent=5557/active/ jphase=absent killpid=
14:41:24.851781246 pdns=0/0/inactive/dead/ named=4505/active/running/ agent=5557/active/ jphase=absent killpid=
14:41:25.155737720 pdns=0/0/inactive/dead/ named=4505/active/running/ agent=5557/active/ jphase=absent killpid=
14:41:25.434165856 pdns=0/0/inactive/dead/ named=4505/active/running/ agent=5557/active/ jphase=absent killpid=
14:41:25.705898816 pdns=0/0/inactive/dead/ named=4505/active/running/ agent=5557/active/ jphase=absent killpid=
14:41:25.976308984 pdns=0/0/inactive/dead/ named=4505/active/running/ agent=5557/active/ jphase=absent killpid=
14:41:26.245473289 pdns=0/0/inactive/dead/ named=4505/active/running/ agent=5557/active/ jphase=absent killpid=
14:41:26.517330478 pdns=0/0/inactive/dead/ named=4505/active/running/ agent=5557/active/ jphase=absent killpid=
14:41:27.696819043 pdns=0/0/inactive/dead/ named=4505/active/running/ agent=5557/active/ jphase=absent killpid=
14:41:28.289603484 pdns=0/0/inactive/dead/ named=4505/active/running/ agent=5557/active/ jphase=absent killpid=
14:41:28.567463844 pdns=0/0/inactive/dead/ named=4505/active/running/ agent=5557/active/ jphase=absent killpid=
14:41:28.842846987 pdns=0/0/inactive/dead/ named=4505/active/running/ agent=5557/active/ jphase=absent killpid=
14:41:29.110019773 pdns=0/0/inactive/dead/ named=4505/active/running/ agent=5557/active/ jphase=absent killpid=
14:41:29.376436808 pdns=0/0/inactive/dead/ named=4505/active/running/ agent=5557/active/ jphase=absent killpid=
14:41:29.649813655 pdns=0/0/inactive/dead/ named=4505/active/running/ agent=5557/active/ jphase=absent killpid=
14:41:29.926915063 pdns=0/0/inactive/dead/ named=4505/active/running/ agent=5557/active/ jphase=absent killpid=
14:41:30.194835529 pdns=0/0/inactive/dead/ named=4505/active/running/ agent=5557/active/ jphase=absent killpid=
14:41:30.464029572 pdns=0/0/inactive/dead/ named=4505/active/running/ agent=5557/active/ jphase=absent killpid=
14:41:30.746594513 pdns=0/0/inactive/dead/ named=4505/active/running/ agent=5557/active/ jphase=absent killpid=
14:41:31.019718669 pdns=0/0/inactive/dead/ named=4505/active/running/ agent=5557/active/ jphase=absent killpid=
