09:27:53.670422443 CHANGE journal none -> absent
09:27:53.684007694 CHANGE ledger none -> 2480514829bfeac52380d7b68f94308db966a27784d13a69ab5c8cb131dc5d7a
09:27:53.695095423 CHANGE state none -> 7e16cc4b9491dff57731e8b70cd5da25e4eb8c819053158a43af7bcbccbd2655
09:27:53.696815080 pdns=3085/0/active/running/ named=0/inactive/dead/ agent=0/inactive/ jphase=absent killpid=
09:27:53.980684320 pdns=3085/0/active/running/ named=0/inactive/dead/ agent=0/inactive/ jphase=absent killpid=
09:27:54.278852936 pdns=3085/0/active/running/ named=0/inactive/dead/ agent=0/inactive/ jphase=absent killpid=
09:27:54.586395203 CHANGE ledger 2480514829bfeac52380d7b68f94308db966a27784d13a69ab5c8cb131dc5d7a -> ab46b97d3a383e1c2cc98bd0615012ebd904e680ec5987d16110b66177d6759b
09:27:54.593326370 pdns=3085/0/active/running/ named=0/inactive/dead/ agent=0/inactive/ jphase=absent killpid=3888,
09:27:54.897100567 CHANGE ledger ab46b97d3a383e1c2cc98bd0615012ebd904e680ec5987d16110b66177d6759b -> 0f0123c56ba3af9b7c7f6b8284bd68904e045b2b295c87294b163fd50b92b265
09:27:54.903157504 pdns=3085/0/active/running/ named=0/inactive/dead/ agent=0/inactive/ jphase=absent killpid=3888,
09:27:55.202704032 CHANGE ledger 0f0123c56ba3af9b7c7f6b8284bd68904e045b2b295c87294b163fd50b92b265 -> 947d9c93482f29ee5059012196acb1574079ae763b289d03bb389a889bf93c44
09:27:55.209733414 pdns=3085/0/active/running/ named=0/inactive/dead/ agent=0/inactive/ jphase=absent killpid=3888,4166,
09:27:55.522018907 CHANGE ledger 947d9c93482f29ee5059012196acb1574079ae763b289d03bb389a889bf93c44 -> 3eb23a588edc95c1656fd0179a036331b19e2b14aed1537177f54ace436a1007
09:27:55.530326311 pdns=3085/0/active/running/ named=0/inactive/dead/ agent=0/inactive/ jphase=absent killpid=3888,
09:27:55.853238750 CHANGE ledger 3eb23a588edc95c1656fd0179a036331b19e2b14aed1537177f54ace436a1007 -> 12dc7a7186609c0fbdd32b1f62fc753d88d20bd5833d215713fe1a319394182d
09:27:55.859750509 pdns=3085/0/active/running/ named=0/inactive/dead/ agent=0/inactive/ jphase=absent killpid=3888,
09:27:56.156901636 CHANGE ledger 12dc7a7186609c0fbdd32b1f62fc753d88d20bd5833d215713fe1a319394182d -> f5b7a9d9345126785e40617ea6a6f81331f7f25505e5a832e69f9f2a59519f1e
09:27:56.165778912 pdns=3085/0/active/running/ named=0/inactive/dead/ agent=0/inactive/ jphase=absent killpid=3888,4447,
09:27:56.627318837 CHANGE ledger f5b7a9d9345126785e40617ea6a6f81331f7f25505e5a832e69f9f2a59519f1e -> 6e79dd578becfae0de0d2c84f2f9dae148a729adcf82e094a0e9b8a6358fdb8a
09:27:56.634885789 pdns=3085/0/active/running/ named=0/inactive/dead/ agent=0/inactive/ jphase=absent killpid=3888,4533,
09:27:56.956462936 CHANGE ledger 6e79dd578becfae0de0d2c84f2f9dae148a729adcf82e094a0e9b8a6358fdb8a -> f070808313432ca52d106899d60b704c16e7d15c38b150af3943335355786b00
09:27:56.963076314 pdns=3085/0/active/running/ named=0/inactive/dead/ agent=0/inactive/ jphase=absent killpid=3888,4533,
09:27:57.259417278 pdns=3085/0/active/running/ named=0/inactive/dead/ agent=0/inactive/ jphase=absent killpid=3888,4533,
09:27:57.571940082 pdns=3085/0/active/running/ named=0/inactive/dead/ agent=0/inactive/ jphase=absent killpid=3888,4533,
09:27:57.859162551 pdns=3085/0/active/running/ named=0/inactive/dead/ agent=0/inactive/ jphase=absent killpid=3888,4533,
09:27:58.154657859 pdns=3085/0/active/running/ named=0/inactive/dead/ agent=0/inactive/ jphase=absent killpid=3888,4533,
09:27:58.468617883 pdns=3085/0/active/running/ named=0/inactive/dead/ agent=0/inactive/ jphase=absent killpid=3888,4533,
09:27:58.764057271 pdns=3085/0/active/running/ named=0/inactive/dead/ agent=0/inactive/ jphase=absent killpid=3888,4533,
09:27:59.057707695 pdns=3085/0/active/running/ named=0/inactive/dead/ agent=0/inactive/ jphase=absent killpid=3888,4533,
09:27:59.349672453 pdns=3085/0/active/running/ named=0/inactive/dead/ agent=0/inactive/ jphase=absent killpid=3888,4533,
09:27:59.874242085 CHANGE ledger f070808313432ca52d106899d60b704c16e7d15c38b150af3943335355786b00 -> 5d8b1651016f58693e25e00a4a84ad5294b46df68f65c69e8c491e19f3c4eb83
09:27:59.880581715 pdns=3085/0/active/running/ named=0/inactive/dead/ agent=0/inactive/ jphase=absent killpid=3888,4533,
09:28:00.217998485 pdns=3085/0/active/running/ named=0/inactive/dead/ agent=0/inactive/ jphase=absent killpid=3888,4533,
09:28:00.617168397 pdns=3085/0/active/running/ named=0/inactive/dead/ agent=0/inactive/ jphase=absent killpid=3888,4533,
09:28:00.910430086 pdns=3085/0/active/running/ named=0/inactive/dead/ agent=0/inactive/ jphase=absent killpid=3888,4533,
09:28:01.200880410 pdns=3085/0/active/running/ named=0/inactive/dead/ agent=0/inactive/ jphase=absent killpid=3888,4533,
09:28:01.492889604 pdns=3085/0/active/running/ named=0/inactive/dead/ agent=0/inactive/ jphase=absent killpid=3888,4533,
09:28:01.799669401 CHANGE ledger 5d8b1651016f58693e25e00a4a84ad5294b46df68f65c69e8c491e19f3c4eb83 -> 1f4eb6c5e85bcd2dd35e5aed37ee19e1976ecd4c10eb59239cd238a2b874dbc7
09:28:01.814777627 pdns=3085/0/active/running/ named=0/inactive/dead/ agent=0/inactive/ jphase=absent killpid=3888,5330,
09:28:02.238189470 CHANGE ledger 1f4eb6c5e85bcd2dd35e5aed37ee19e1976ecd4c10eb59239cd238a2b874dbc7 -> 3da01b40dea0407217d7174876680fc7c7c6da98842d0544e9a4b889f453b3d1
09:28:02.245125201 pdns=3085/0/active/running/ named=0/inactive/dead/ agent=0/inactive/ jphase=absent killpid=3888,5442,
09:28:02.755182136 CHANGE ledger 3da01b40dea0407217d7174876680fc7c7c6da98842d0544e9a4b889f453b3d1 -> a5e3223b5c69cb21599b680c461d24edfec93b5e3e5649306926a9aada0d0cc8
09:28:02.763333545 pdns=3085/0/active/running/ named=0/inactive/dead/ agent=0/inactive/ jphase=absent killpid=3888,
09:28:03.088923448 CHANGE ledger a5e3223b5c69cb21599b680c461d24edfec93b5e3e5649306926a9aada0d0cc8 -> a7b2100838c54af810880636ee943728f50f37d225ecf0685ee13ff0b2e44f30
09:28:03.097799419 pdns=3085/0/active/running/ named=0/inactive/dead/ agent=0/inactive/ jphase=absent killpid=3888,5633,
09:28:03.425112557 CHANGE ledger a7b2100838c54af810880636ee943728f50f37d225ecf0685ee13ff0b2e44f30 -> 42fa06a3a84dd4a23050ddf2912d55dbfac10e4f200627e6ba3b205571ca34ac
09:28:03.431073647 pdns=3085/0/active/running/ named=0/inactive/dead/ agent=0/inactive/ jphase=absent killpid=3888,
09:28:03.743232435 CHANGE ledger 42fa06a3a84dd4a23050ddf2912d55dbfac10e4f200627e6ba3b205571ca34ac -> b5928c781baa89b0d4695d79ab403ed07b955c3c39e7a74bd54c69eb120e6e3c
09:28:03.769870311 pdns=3085/0/active/running/ named=0/inactive/dead/ agent=0/inactive/ jphase=absent killpid=3888,5805,
09:28:04.087073924 CHANGE ledger b5928c781baa89b0d4695d79ab403ed07b955c3c39e7a74bd54c69eb120e6e3c -> 1acf044ccd14e959c855e0e66377842c517b7094406ad979b28d0e9bcbb63854
09:28:04.093375267 pdns=3085/0/active/running/ named=0/inactive/dead/ agent=0/inactive/ jphase=absent killpid=3888,5905,
09:28:04.404790389 CHANGE ledger 1acf044ccd14e959c855e0e66377842c517b7094406ad979b28d0e9bcbb63854 -> 80fea171b8c177c5b67732b19053da206a2d3731b0de417e93f7a71a05e548b4
09:28:04.413357584 pdns=3085/0/active/running/ named=0/inactive/dead/ agent=0/inactive/ jphase=absent killpid=3888,6006,
09:28:04.722310997 CHANGE ledger 80fea171b8c177c5b67732b19053da206a2d3731b0de417e93f7a71a05e548b4 -> c11a8b2655e4cfcad1258f2ff1529d8ab12038bbb41a69e5517f4765f216f284
09:28:04.733717595 pdns=3085/0/active/running/ named=0/inactive/dead/ agent=0/inactive/ jphase=absent killpid=3888,
09:28:05.048948963 CHANGE ledger c11a8b2655e4cfcad1258f2ff1529d8ab12038bbb41a69e5517f4765f216f284 -> 93c571f3b6110ea4d0131f6851d45eb55353f05fb6cc3e291e98a6399267f05d
09:28:05.059698244 pdns=3085/0/active/running/ named=0/inactive/dead/ agent=0/inactive/ jphase=absent killpid=3888,
09:28:05.370217402 CHANGE ledger 93c571f3b6110ea4d0131f6851d45eb55353f05fb6cc3e291e98a6399267f05d -> 8e73e21ac6255ca556a046c1c3ea7f0b9ec4b34596d0e17fb9ac18a6df2ca7cb
09:28:05.379865321 pdns=3085/0/active/running/ named=0/inactive/dead/ agent=0/inactive/ jphase=absent killpid=3888,
09:28:05.702336431 CHANGE ledger 8e73e21ac6255ca556a046c1c3ea7f0b9ec4b34596d0e17fb9ac18a6df2ca7cb -> 0f4226ce3bfedb5594ab99003dc55998d8a64f8762f31bb91f5b9635fec75674
09:28:05.708166371 pdns=3085/0/active/running/ named=0/inactive/dead/ agent=0/inactive/ jphase=absent killpid=3888,6419,
09:28:06.006600368 CHANGE ledger 0f4226ce3bfedb5594ab99003dc55998d8a64f8762f31bb91f5b9635fec75674 -> e1179d1ef8f53299330300ee190648144b77d50d0c7bd71801b8af309199a14c
09:28:06.011486193 pdns=3085/0/active/running/ named=0/inactive/dead/ agent=0/inactive/ jphase=absent killpid=3888,6515,
09:28:06.321262110 CHANGE journal absent -> 0e87a22747d5444686a66a65bcd5ba458b3bf8ec3b51412401f50ef3fee3d98f
09:28:06.330750038 CHANGE ledger e1179d1ef8f53299330300ee190648144b77d50d0c7bd71801b8af309199a14c -> e5eafaf07e2d55e27ba1bade858ccaa7e5424f520e5541c017aa9b1164b8ba2a
09:28:06.336212733 pdns=3085/0/active/running/ named=0/inactive/dead/ agent=0/inactive/ jphase=target-staged killpid=3888,
09:28:06.640335901 CHANGE journal 0e87a22747d5444686a66a65bcd5ba458b3bf8ec3b51412401f50ef3fee3d98f -> 72a9cced0958077fd9160c36cbf71d4e7a56ebdecf624483dda5e113c9487d1d
09:28:06.651067153 CHANGE ledger e5eafaf07e2d55e27ba1bade858ccaa7e5424f520e5541c017aa9b1164b8ba2a -> fbac95d5b161b3d2f7da4c156148b29c596cddc9a7c813a71f47ceaa0d267689
09:28:06.657015724 pdns=0/0/inactive/dead/ named=0/inactive/dead/ agent=0/inactive/ jphase=source-stopped killpid=3888,6690,
09:28:07.023573643 CHANGE journal 72a9cced0958077fd9160c36cbf71d4e7a56ebdecf624483dda5e113c9487d1d -> 9f82cfad7820273b6d10f39bf39f93bb58fe432c454db2d991a26c8a9c2e4dc2
09:28:07.042707963 CHANGE ledger fbac95d5b161b3d2f7da4c156148b29c596cddc9a7c813a71f47ceaa0d267689 -> 1d4748165ec606c362d9a41ff6858bdf3c477d9571ffc74c1b9d98deb772d573
09:28:07.059079473 pdns=0/0/inactive/dead/ named=0/inactive/dead/ agent=0/inactive/ jphase=source-stopped killpid=3888,6843,
09:28:07.792098296 CHANGE ledger 1d4748165ec606c362d9a41ff6858bdf3c477d9571ffc74c1b9d98deb772d573 -> abdf36803daab14df55ff0243dd00064781925630aad824548d91f7c7c54e78f
09:28:07.796974160 pdns=0/0/inactive/dead/ named=0/inactive/dead/ agent=0/inactive/ jphase=source-stopped killpid=3888,
09:28:08.301241172 CHANGE ledger abdf36803daab14df55ff0243dd00064781925630aad824548d91f7c7c54e78f -> 88c0d0e532602a444fa941d7610ed2200a9f73e60f1a9c8613802c1a2dd2e4ba
09:28:08.309414785 pdns=0/0/inactive/dead/ named=0/inactive/dead/ agent=0/inactive/ jphase=source-stopped killpid=3888,
09:28:08.632512792 CHANGE ledger 88c0d0e532602a444fa941d7610ed2200a9f73e60f1a9c8613802c1a2dd2e4ba -> 6c5f966e586906dc807e61be37140a70bd787ec24ed094e11eb2bfd8ad757541
09:28:08.640052500 pdns=0/0/inactive/dead/ named=0/inactive/dead/ agent=0/inactive/ jphase=source-stopped killpid=3888,7093,
09:28:09.315168195 CHANGE ledger 6c5f966e586906dc807e61be37140a70bd787ec24ed094e11eb2bfd8ad757541 -> e87565de5054c9a4501bbadfe7301a0005d7e5bd69ec633b57ddf75e211b7ff1
09:28:09.321164788 pdns=0/0/inactive/dead/ named=0/inactive/dead/ agent=0/inactive/ jphase=source-stopped killpid=3888,
09:28:09.840595636 CHANGE ledger e87565de5054c9a4501bbadfe7301a0005d7e5bd69ec633b57ddf75e211b7ff1 -> b5474655470920e6bc76dbfe5c73ec3eb663faa12a8efc1423c20dd85ade210f
09:28:09.847735044 pdns=0/0/inactive/dead/ named=0/inactive/dead/ agent=0/inactive/ jphase=source-stopped killpid=3888,7408,
09:28:10.161438486 CHANGE ledger b5474655470920e6bc76dbfe5c73ec3eb663faa12a8efc1423c20dd85ade210f -> 0c7778e631204817d90d0a37b5151eb4ba5be63d553268c6d22c81e06fc27357
09:28:10.173338306 pdns=0/0/inactive/dead/ named=7461/active/running/ agent=0/inactive/ jphase=source-stopped killpid=3888,
09:28:10.496514806 CHANGE ledger 0c7778e631204817d90d0a37b5151eb4ba5be63d553268c6d22c81e06fc27357 -> 17a53e9c86e2353824284b5e94befe8a11227179c9fd5036c0b14c557c91fd4d
09:28:10.506661039 pdns=0/0/inactive/dead/ named=7461/active/running/ agent=0/inactive/ jphase=source-stopped killpid=3888,7604,
09:28:10.841165692 CHANGE ledger 17a53e9c86e2353824284b5e94befe8a11227179c9fd5036c0b14c557c91fd4d -> e1d0addd621a8a0f2d03fe01b7d6d356dd3d56e00783942bc28be3789611f195
09:28:10.850890742 pdns=0/0/inactive/dead/ named=7461/active/running/ agent=0/inactive/ jphase=source-stopped killpid=3888,7703,
09:28:11.187213458 CHANGE ledger e1d0addd621a8a0f2d03fe01b7d6d356dd3d56e00783942bc28be3789611f195 -> d62e7ff3909b41a030f84c88dd085a92754f2016a57fc6fda75025394027d801
09:28:11.194748136 pdns=0/0/inactive/dead/ named=7461/active/running/ agent=0/inactive/ jphase=source-stopped killpid=3888,7810,
09:28:11.511057162 CHANGE ledger d62e7ff3909b41a030f84c88dd085a92754f2016a57fc6fda75025394027d801 -> 2944a37b8a09c1574ef181e3b010c329490a51996ee930c7cad933091d146d03
09:28:11.516916527 pdns=0/0/inactive/dead/ named=7461/active/running/ agent=0/inactive/ jphase=target-started killpid=
09:28:11.920758361 CHANGE journal 9f82cfad7820273b6d10f39bf39f93bb58fe432c454db2d991a26c8a9c2e4dc2 -> cb6aaa637af1cb0e8cd55968f262d72067318b4b45018226ff93eeb6ad8872c0
09:28:11.936350714 CHANGE ledger 2944a37b8a09c1574ef181e3b010c329490a51996ee930c7cad933091d146d03 -> 191c4cc5f781824795e97337129553c42ab4bc4fc4c14542415bf47f78f17557
09:28:11.945572928 pdns=0/0/inactive/dead/ named=7461/active/running/ agent=7904/active/ jphase=rolling-back killpid=
09:28:12.255317204 pdns=0/0/inactive/dead/ named=7461/active/running/ agent=7904/active/ jphase=rolling-back killpid=
09:28:12.571697840 pdns=0/0/inactive/dead/ named=7461/active/running/ agent=7904/active/ jphase=rolling-back killpid=
09:28:12.898468635 pdns=0/0/inactive/dead/ named=7461/active/running/ agent=7904/active/ jphase=rolling-back killpid=
09:28:13.211401461 pdns=0/0/inactive/dead/ named=7461/active/running/ agent=7904/active/ jphase=rolling-back killpid=
09:28:13.545802885 pdns=0/0/inactive/dead/ named=7461/active/running/ agent=7904/active/ jphase=rolling-back killpid=
09:28:13.850874511 pdns=0/0/inactive/dead/ named=7461/active/running/ agent=7904/active/ jphase=rolling-back killpid=
09:28:14.756017789 pdns=0/0/inactive/dead/ named=7461/active/running/ agent=7904/active/ jphase=rolling-back killpid=
09:28:16.090946258 pdns=0/0/inactive/dead/ named=7461/active/running/ agent=7904/active/ jphase=rolling-back killpid=
09:28:16.422577846 pdns=0/0/inactive/dead/ named=7461/active/running/ agent=7904/active/ jphase=rolling-back killpid=
09:28:16.741028873 pdns=0/0/inactive/dead/ named=7461/active/running/ agent=7904/active/ jphase=rolling-back killpid=
09:28:17.045373812 pdns=0/0/inactive/dead/ named=7461/active/running/ agent=7904/active/ jphase=rolling-back killpid=
09:28:17.376395239 pdns=0/0/inactive/dead/ named=7461/active/running/ agent=7904/active/ jphase=rolling-back killpid=
09:28:17.678452578 pdns=0/0/inactive/dead/ named=7461/active/running/ agent=7904/active/ jphase=rolling-back killpid=
09:28:17.993184211 pdns=0/0/inactive/dead/ named=7461/active/running/ agent=7904/active/ jphase=rolling-back killpid=
09:28:18.491717421 pdns=0/0/inactive/dead/ named=7461/active/running/ agent=7904/active/ jphase=rolling-back killpid=
09:28:19.081328553 pdns=0/0/inactive/dead/ named=7461/active/running/ agent=7904/active/ jphase=rolling-back killpid=
09:28:19.670611900 pdns=0/0/inactive/dead/ named=7461/active/running/ agent=7904/active/ jphase=rolling-back killpid=
09:28:20.031599299 pdns=0/0/inactive/dead/ named=7461/active/running/ agent=7904/active/ jphase=rolling-back killpid=
09:28:20.352674265 pdns=0/0/inactive/dead/ named=0/inactive/dead/ agent=7904/active/ jphase=rolling-back killpid=
09:28:21.021722644 pdns=0/0/inactive/dead/ named=0/inactive/dead/ agent=7904/active/ jphase=rolling-back killpid=
09:28:21.584897782 pdns=0/0/inactive/dead/ named=0/inactive/dead/ agent=7904/active/ jphase=rolling-back killpid=
09:28:23.553936362 pdns=0/0/inactive/dead/ named=0/inactive/dead/ agent=7904/active/ jphase=rolling-back killpid=
09:28:23.866714469 pdns=0/0/inactive/dead/ named=0/inactive/dead/ agent=7904/active/ jphase=rolling-back killpid=
09:28:24.185576164 pdns=0/0/inactive/dead/ named=0/inactive/dead/ agent=7904/active/ jphase=rolling-back killpid=
09:28:24.768904255 pdns=9415/0/activating/start/ named=0/inactive/dead/ agent=7904/active/ jphase=rolling-back killpid=
09:28:25.064539971 pdns=9415/0/active/running/ named=0/inactive/dead/ agent=7904/active/ jphase=rolling-back killpid=
09:28:25.369527252 pdns=9415/0/active/running/ named=0/inactive/dead/ agent=7904/active/ jphase=rolling-back killpid=
09:28:25.668742611 pdns=9415/0/active/running/ named=0/inactive/dead/ agent=7904/active/ jphase=rolling-back killpid=
09:28:25.972184631 pdns=9415/0/active/running/ named=0/inactive/dead/ agent=7904/active/ jphase=rolling-back killpid=
09:28:26.264667459 pdns=9415/0/active/running/ named=0/inactive/dead/ agent=7904/active/ jphase=rolling-back killpid=
09:28:26.570871431 pdns=9415/0/active/running/ named=0/inactive/dead/ agent=7904/active/ jphase=rolling-back killpid=
09:28:26.875455957 pdns=9415/0/active/running/ named=0/inactive/dead/ agent=7904/active/ jphase=rolled-back killpid=
09:28:27.193922548 CHANGE journal cb6aaa637af1cb0e8cd55968f262d72067318b4b45018226ff93eeb6ad8872c0 -> 6c7abb5a330b67e677651beb52973a753edf84049134234aedcb8f6bb596b41b
09:28:27.206508025 pdns=9415/0/active/running/ named=0/inactive/dead/ agent=7904/active/ jphase=rolled-back killpid=
09:28:27.505855127 pdns=9415/0/active/running/ named=0/inactive/dead/ agent=7904/active/ jphase=rolled-back killpid=
09:28:27.815661444 pdns=9415/0/active/running/ named=0/inactive/dead/ agent=7904/active/ jphase=rolled-back killpid=
09:28:28.101892246 CHANGE journal 6c7abb5a330b67e677651beb52973a753edf84049134234aedcb8f6bb596b41b -> absent
09:28:28.111175427 pdns=9415/0/active/running/ named=0/inactive/dead/ agent=7904/active/ jphase=absent killpid=
09:28:28.404913529 pdns=9415/0/active/running/ named=0/inactive/dead/ agent=7904/active/ jphase=absent killpid=
09:28:28.699034337 pdns=9415/0/active/running/ named=0/inactive/dead/ agent=7904/active/ jphase=absent killpid=
09:28:29.004943246 pdns=9415/0/active/running/ named=0/inactive/dead/ agent=7904/active/ jphase=absent killpid=
09:28:29.322819206 pdns=9415/0/active/running/ named=0/inactive/dead/ agent=7904/active/ jphase=absent killpid=
09:28:29.609787295 pdns=9415/0/active/running/ named=0/inactive/dead/ agent=7904/active/ jphase=absent killpid=
09:28:29.890429005 pdns=9415/0/active/running/ named=0/inactive/dead/ agent=7904/active/ jphase=absent killpid=
09:28:30.180426088 pdns=9415/0/active/running/ named=0/inactive/dead/ agent=7904/active/ jphase=absent killpid=
09:28:30.475107927 pdns=9415/0/active/running/ named=0/inactive/dead/ agent=7904/active/ jphase=absent killpid=
09:28:30.805915629 pdns=9415/0/active/running/ named=0/inactive/dead/ agent=7904/active/ jphase=absent killpid=
09:28:31.728631312 pdns=9415/0/active/running/ named=0/inactive/dead/ agent=7904/active/ jphase=absent killpid=
09:28:32.800494857 pdns=9415/0/active/running/ named=0/inactive/dead/ agent=7904/active/ jphase=absent killpid=
09:28:33.162557026 pdns=9415/0/active/running/ named=0/inactive/dead/ agent=7904/active/ jphase=absent killpid=
09:28:33.625985000 pdns=9415/0/active/running/ named=0/inactive/dead/ agent=7904/active/ jphase=absent killpid=
09:28:34.070565641 pdns=9415/0/active/running/ named=0/inactive/dead/ agent=7904/active/ jphase=absent killpid=
09:28:34.566905092 pdns=9415/0/active/running/ named=0/inactive/dead/ agent=7904/active/ jphase=absent killpid=
09:28:35.006752351 pdns=9415/0/active/running/ named=0/inactive/dead/ agent=7904/active/ jphase=absent killpid=
09:28:35.298215585 pdns=9415/0/active/running/ named=0/inactive/dead/ agent=7904/active/ jphase=absent killpid=
09:28:35.591672114 pdns=9415/0/active/running/ named=0/inactive/dead/ agent=7904/active/ jphase=absent killpid=
09:28:35.877515202 pdns=9415/0/active/running/ named=0/inactive/dead/ agent=7904/active/ jphase=absent killpid=
09:28:36.190926648 pdns=9415/0/active/running/ named=0/inactive/dead/ agent=7904/active/ jphase=absent killpid=
09:28:36.481686858 pdns=9415/0/active/running/ named=0/inactive/dead/ agent=7904/active/ jphase=absent killpid=
09:28:36.769553605 pdns=9415/0/active/running/ named=0/inactive/dead/ agent=7904/active/ jphase=absent killpid=
09:28:37.054266191 pdns=9415/0/active/running/ named=0/inactive/dead/ agent=7904/active/ jphase=absent killpid=
09:28:37.346602231 pdns=9415/0/active/running/ named=0/inactive/dead/ agent=7904/active/ jphase=absent killpid=
09:28:37.632772244 pdns=9415/0/active/running/ named=0/inactive/dead/ agent=7904/active/ jphase=absent killpid=
09:28:37.921852585 pdns=9415/0/active/running/ named=0/inactive/dead/ agent=7904/active/ jphase=absent killpid=
09:28:38.211704984 pdns=9415/0/active/running/ named=0/inactive/dead/ agent=7904/active/ jphase=absent killpid=
09:28:38.501804865 pdns=9415/0/active/running/ named=0/inactive/dead/ agent=7904/active/ jphase=absent killpid=
09:28:38.786181910 pdns=9415/0/active/running/ named=0/inactive/dead/ agent=7904/active/ jphase=absent killpid=
09:28:39.077612823 pdns=9415/0/active/running/ named=0/inactive/dead/ agent=7904/active/ jphase=absent killpid=
09:28:39.361828116 pdns=9415/0/active/running/ named=0/inactive/dead/ agent=7904/active/ jphase=absent killpid=
09:28:39.653561748 pdns=9415/0/active/running/ named=0/inactive/dead/ agent=7904/active/ jphase=absent killpid=
09:28:39.938266856 pdns=9415/0/active/running/ named=0/inactive/dead/ agent=7904/active/ jphase=absent killpid=
09:28:40.224679824 pdns=9415/0/active/running/ named=0/inactive/dead/ agent=7904/active/ jphase=absent killpid=
09:28:40.509005196 pdns=9415/0/active/running/ named=0/inactive/dead/ agent=7904/active/ jphase=absent killpid=
09:28:40.793077159 pdns=9415/0/active/running/ named=0/inactive/dead/ agent=7904/active/ jphase=absent killpid=
09:28:41.075849574 pdns=9415/0/active/running/ named=0/inactive/dead/ agent=7904/active/ jphase=absent killpid=
09:28:41.358402724 pdns=9415/0/active/running/ named=0/inactive/dead/ agent=7904/active/ jphase=absent killpid=
09:28:41.645271439 pdns=9415/0/active/running/ named=0/inactive/dead/ agent=7904/active/ jphase=absent killpid=
09:28:41.928362263 pdns=9415/0/active/running/ named=0/inactive/dead/ agent=7904/active/ jphase=absent killpid=
09:28:42.214633756 pdns=9415/0/active/running/ named=0/inactive/dead/ agent=7904/active/ jphase=absent killpid=
09:28:42.501487894 pdns=9415/0/active/running/ named=0/inactive/dead/ agent=7904/active/ jphase=absent killpid=
09:28:42.793672354 pdns=9415/0/active/running/ named=0/inactive/dead/ agent=7904/active/ jphase=absent killpid=
09:28:43.087654203 pdns=9415/0/active/running/ named=0/inactive/dead/ agent=7904/active/ jphase=absent killpid=
09:28:43.415281742 pdns=9415/0/active/running/ named=0/inactive/dead/ agent=7904/active/ jphase=absent killpid=
09:28:43.898207066 pdns=9415/0/active/running/ named=0/inactive/dead/ agent=7904/active/ jphase=absent killpid=
09:28:44.358047981 pdns=9415/0/active/running/ named=0/inactive/dead/ agent=7904/active/ jphase=absent killpid=
09:28:44.797088402 pdns=9415/0/active/running/ named=0/inactive/dead/ agent=7904/active/ jphase=absent killpid=
09:28:45.337140454 pdns=9415/0/active/running/ named=0/inactive/dead/ agent=7904/active/ jphase=absent killpid=
09:28:45.626609691 pdns=9415/0/active/running/ named=0/inactive/dead/ agent=7904/active/ jphase=absent killpid=
09:28:45.919378507 pdns=9415/0/active/running/ named=0/inactive/dead/ agent=7904/active/ jphase=absent killpid=
09:28:46.216906984 pdns=9415/0/active/running/ named=0/inactive/dead/ agent=7904/active/ jphase=absent killpid=
09:28:46.502859296 pdns=9415/0/active/running/ named=0/inactive/dead/ agent=7904/active/ jphase=absent killpid=
09:28:46.784452740 pdns=9415/0/active/running/ named=0/inactive/dead/ agent=7904/active/ jphase=absent killpid=
09:28:47.065697704 pdns=9415/0/active/running/ named=0/inactive/dead/ agent=7904/active/ jphase=absent killpid=
09:28:47.347573593 pdns=9415/0/active/running/ named=0/inactive/dead/ agent=7904/active/ jphase=absent killpid=
09:28:47.629504238 pdns=9415/0/active/running/ named=0/inactive/dead/ agent=7904/active/ jphase=absent killpid=
09:28:47.911654590 pdns=9415/0/active/running/ named=0/inactive/dead/ agent=7904/active/ jphase=absent killpid=
09:28:48.204676651 pdns=9415/0/active/running/ named=0/inactive/dead/ agent=7904/active/ jphase=absent killpid=
09:28:48.488646030 pdns=9415/0/active/running/ named=0/inactive/dead/ agent=7904/active/ jphase=absent killpid=
09:28:48.773174640 pdns=9415/0/active/running/ named=0/inactive/dead/ agent=7904/active/ jphase=absent killpid=
09:28:49.053721616 pdns=9415/0/active/running/ named=0/inactive/dead/ agent=7904/active/ jphase=absent killpid=
09:28:49.334884605 pdns=9415/0/active/running/ named=0/inactive/dead/ agent=7904/active/ jphase=absent killpid=
09:28:49.620217982 pdns=9415/0/active/running/ named=0/inactive/dead/ agent=7904/active/ jphase=absent killpid=
09:28:49.933209348 pdns=9415/0/active/running/ named=0/inactive/dead/ agent=7904/active/ jphase=absent killpid=
09:28:50.217549711 pdns=9415/0/active/running/ named=0/inactive/dead/ agent=7904/active/ jphase=absent killpid=
09:28:50.500890168 pdns=9415/0/active/running/ named=0/inactive/dead/ agent=7904/active/ jphase=absent killpid=
09:28:50.781086592 pdns=9415/0/active/running/ named=0/inactive/dead/ agent=7904/active/ jphase=absent killpid=
09:28:51.062451318 pdns=9415/0/active/running/ named=0/inactive/dead/ agent=7904/active/ jphase=absent killpid=
09:28:51.348707933 pdns=9415/0/active/running/ named=0/inactive/dead/ agent=7904/active/ jphase=absent killpid=
09:28:51.629707497 pdns=9415/0/active/running/ named=0/inactive/dead/ agent=7904/active/ jphase=absent killpid=
09:28:51.913213160 pdns=9415/0/active/running/ named=0/inactive/dead/ agent=7904/active/ jphase=absent killpid=
09:28:52.224351840 pdns=9415/0/active/running/ named=0/inactive/dead/ agent=7904/active/ jphase=absent killpid=
09:28:52.827697849 pdns=9415/0/active/running/ named=0/inactive/dead/ agent=7904/active/ jphase=absent killpid=
09:28:53.392489506 pdns=9415/0/active/running/ named=0/inactive/dead/ agent=7904/active/ jphase=absent killpid=
09:28:54.006152674 pdns=9415/0/active/running/ named=0/inactive/dead/ agent=7904/active/ jphase=absent killpid=
09:28:54.532124738 pdns=9415/0/active/running/ named=0/inactive/dead/ agent=7904/active/ jphase=absent killpid=
09:28:54.818241702 pdns=9415/0/active/running/ named=0/inactive/dead/ agent=7904/active/ jphase=absent killpid=
09:28:55.102031197 pdns=9415/0/active/running/ named=0/inactive/dead/ agent=7904/active/ jphase=absent killpid=
09:28:55.394968559 pdns=9415/0/active/running/ named=0/inactive/dead/ agent=7904/active/ jphase=absent killpid=
09:28:55.694213815 pdns=9415/0/active/running/ named=0/inactive/dead/ agent=7904/active/ jphase=absent killpid=
09:28:55.983679900 pdns=9415/0/active/running/ named=0/inactive/dead/ agent=7904/active/ jphase=absent killpid=
09:28:56.265828501 pdns=9415/0/active/running/ named=0/inactive/dead/ agent=7904/active/ jphase=absent killpid=
09:28:56.549579387 pdns=9415/0/active/running/ named=0/inactive/dead/ agent=7904/active/ jphase=absent killpid=
09:28:56.830485846 pdns=9415/0/active/running/ named=0/inactive/dead/ agent=7904/active/ jphase=absent killpid=
09:28:57.110916356 pdns=9415/0/active/running/ named=0/inactive/dead/ agent=7904/active/ jphase=absent killpid=
09:28:57.398300869 pdns=9415/0/active/running/ named=0/inactive/dead/ agent=7904/active/ jphase=absent killpid=
09:28:57.680977985 pdns=9415/0/active/running/ named=0/inactive/dead/ agent=7904/active/ jphase=absent killpid=
09:28:57.965640942 pdns=9415/0/active/running/ named=0/inactive/dead/ agent=7904/active/ jphase=absent killpid=
09:28:58.252536044 pdns=9415/0/active/running/ named=0/inactive/dead/ agent=7904/active/ jphase=absent killpid=
09:28:58.537591025 pdns=9415/0/active/running/ named=0/inactive/dead/ agent=7904/active/ jphase=absent killpid=
09:28:58.820606015 pdns=9415/0/active/running/ named=0/inactive/dead/ agent=7904/active/ jphase=absent killpid=
09:28:59.101190167 pdns=9415/0/active/running/ named=0/inactive/dead/ agent=7904/active/ jphase=absent killpid=
09:28:59.387555581 pdns=9415/0/active/running/ named=0/inactive/dead/ agent=7904/active/ jphase=absent killpid=
done
