15:13:05.176399768 CHANGE journal none -> d71d8395457a71bfcf7dcc09a86a571244ade7e42b3ed768acc77cc7025c35f7
15:13:05.184381575 CHANGE ledger none -> 0c7c0a5c399990da0971fe4639c9bdf03a1c76f40e5e00c8894296b220c048e0
15:13:05.187508145 CHANGE state none -> absent
15:13:05.192470083 POINTER /var/cache/bind/celikpanel mtime=2026-09-29 15:12:44.811383804 +0000 ino=131578 /var/cache/bind/celikpanel/current mtime=2026-09-29 15:12:44.807382567 +0000 ino=131593 -> '/var/cache/bind/celikpanel/current' -> 'generations/2b94e93121d4e8c1a005644d39bad103d23a620aef374c5abe679cf8793194a3' 
15:13:05.193746302 pdns=0/0/inactive/dead/ named=657/active/running/ agent=639/active/ jphase=rolling-back killpid=
15:13:05.559640984 pdns=0/0/inactive/dead/ named=657/active/running/ agent=639/active/ jphase=rolling-back killpid=
15:13:05.832895918 pdns=0/0/inactive/dead/ named=657/active/running/ agent=639/active/ jphase=rolling-back killpid=
15:13:06.104861505 pdns=0/0/inactive/dead/ named=657/active/running/ agent=639/active/ jphase=rolling-back killpid=
15:13:06.394039162 pdns=0/0/inactive/dead/ named=657/active/running/ agent=639/active/ jphase=rolling-back killpid=
15:13:06.695267777 pdns=0/0/inactive/dead/ named=657/active/running/ agent=639/active/ jphase=rolling-back killpid=
15:13:07.017604979 pdns=0/0/inactive/dead/ named=657/active/running/ agent=639/active/ jphase=rolling-back killpid=
15:13:07.292877690 pdns=0/0/inactive/dead/ named=657/active/running/ agent=639/active/ jphase=rolling-back killpid=
15:13:07.561174815 pdns=0/0/inactive/dead/ named=657/active/running/ agent=639/active/ jphase=rolling-back killpid=
15:13:07.832204544 pdns=0/0/inactive/dead/ named=657/active/running/ agent=639/active/ jphase=rolling-back killpid=
15:13:08.105439389 pdns=0/0/inactive/dead/ named=657/active/running/ agent=639/active/ jphase=rolling-back killpid=
15:13:08.387531482 pdns=0/0/inactive/dead/ named=657/active/running/ agent=639/active/ jphase=rolling-back killpid=
15:13:08.657554259 pdns=0/0/inactive/dead/ named=657/active/running/ agent=639/active/ jphase=rolling-back killpid=
15:13:08.925050155 pdns=0/0/inactive/dead/ named=657/active/running/ agent=639/active/ jphase=rolling-back killpid=
15:13:09.194504702 pdns=0/0/inactive/dead/ named=657/active/running/ agent=639/active/ jphase=rolling-back killpid=
15:13:09.463489120 pdns=0/0/inactive/dead/ named=657/active/running/ agent=639/active/ jphase=rolling-back killpid=
15:13:09.730595251 pdns=0/0/inactive/dead/ named=657/active/running/ agent=639/active/ jphase=rolling-back killpid=
15:13:10.004131493 pdns=0/0/inactive/dead/ named=657/active/running/ agent=639/active/ jphase=rolling-back killpid=
15:13:10.272913500 pdns=0/0/inactive/dead/ named=657/active/running/ agent=639/active/ jphase=rolling-back killpid=
15:13:10.543935000 pdns=0/0/inactive/dead/ named=657/active/running/ agent=639/active/ jphase=rolling-back killpid=
15:13:10.820230313 pdns=0/0/inactive/dead/ named=657/active/running/ agent=639/active/ jphase=rolling-back killpid=
15:13:11.130703116 pdns=0/0/inactive/dead/ named=657/active/running/ agent=639/active/ jphase=rolling-back killpid=
15:13:11.403809712 pdns=0/0/inactive/dead/ named=657/active/running/ agent=639/active/ jphase=rolling-back killpid=
15:13:11.676387340 pdns=0/0/inactive/dead/ named=657/active/running/ agent=639/active/ jphase=rolling-back killpid=
15:13:11.955535474 pdns=0/0/inactive/dead/ named=657/active/running/ agent=639/active/ jphase=rolling-back killpid=
15:13:12.227617378 pdns=0/0/inactive/dead/ named=657/active/running/ agent=639/active/ jphase=rolling-back killpid=
15:13:12.509903135 pdns=0/0/inactive/dead/ named=657/active/running/ agent=639/active/ jphase=rolling-back killpid=
15:13:12.786724679 pdns=0/0/inactive/dead/ named=657/active/running/ agent=639/active/ jphase=rolling-back killpid=
15:13:13.055305818 pdns=0/0/inactive/dead/ named=657/active/running/ agent=639/active/ jphase=rolling-back killpid=
15:13:13.324517886 pdns=0/0/inactive/dead/ named=657/active/running/ agent=639/active/ jphase=rolling-back killpid=
15:13:13.596063117 pdns=0/0/inactive/dead/ named=657/active/running/ agent=639/active/ jphase=rolling-back killpid=
15:13:13.873378828 pdns=0/0/inactive/dead/ named=657/active/running/ agent=639/active/ jphase=rolling-back killpid=
15:13:14.145385632 pdns=0/0/inactive/dead/ named=657/active/running/ agent=639/active/ jphase=rolling-back killpid=
15:13:14.412840561 pdns=0/0/inactive/dead/ named=657/active/running/ agent=639/active/ jphase=rolling-back killpid=
15:13:14.684257578 pdns=0/0/inactive/dead/ named=657/active/running/ agent=639/active/ jphase=rolling-back killpid=
15:13:14.971959041 pdns=0/0/inactive/dead/ named=657/active/running/ agent=639/active/ jphase=rolling-back killpid=
15:13:15.248415323 pdns=0/0/inactive/dead/ named=657/active/running/ agent=639/active/ jphase=rolling-back killpid=
15:13:15.541379486 pdns=0/0/inactive/dead/ named=657/active/running/ agent=639/active/ jphase=rolling-back killpid=
15:13:15.809733805 pdns=0/0/inactive/dead/ named=657/active/running/ agent=639/active/ jphase=rolling-back killpid=
15:13:16.076993681 pdns=0/0/inactive/dead/ named=657/active/running/ agent=639/active/ jphase=rolling-back killpid=
15:13:16.343802204 pdns=0/0/inactive/dead/ named=657/active/running/ agent=639/active/ jphase=rolling-back killpid=
15:13:16.609433728 pdns=0/0/inactive/dead/ named=657/active/running/ agent=639/active/ jphase=rolling-back killpid=
15:13:16.877026956 pdns=0/0/inactive/dead/ named=657/active/running/ agent=639/active/ jphase=rolling-back killpid=
15:13:17.146654876 pdns=0/0/inactive/dead/ named=657/active/running/ agent=639/active/ jphase=rolling-back killpid=
15:13:17.414600921 pdns=0/0/inactive/dead/ named=657/active/running/ agent=639/active/ jphase=rolling-back killpid=
15:13:17.683246590 pdns=0/0/inactive/dead/ named=657/active/running/ agent=639/active/ jphase=rolling-back killpid=
15:13:17.954896049 pdns=0/0/inactive/dead/ named=657/active/running/ agent=639/active/ jphase=rolling-back killpid=
15:13:18.235515075 pdns=0/0/inactive/dead/ named=657/active/running/ agent=639/active/ jphase=rolling-back killpid=
15:13:18.504638765 pdns=0/0/inactive/dead/ named=657/active/running/ agent=639/active/ jphase=rolling-back killpid=
15:13:18.774680868 pdns=0/0/inactive/dead/ named=657/active/running/ agent=639/active/ jphase=rolling-back killpid=
15:13:19.040110991 pdns=0/0/inactive/dead/ named=657/active/running/ agent=639/active/ jphase=rolling-back killpid=
15:13:19.306263816 pdns=0/0/inactive/dead/ named=657/active/running/ agent=639/active/ jphase=rolling-back killpid=
15:13:19.571767509 pdns=0/0/inactive/dead/ named=657/active/running/ agent=639/active/ jphase=rolling-back killpid=
15:13:19.840187582 pdns=0/0/inactive/dead/ named=657/active/running/ agent=639/active/ jphase=rolling-back killpid=
15:13:20.106717933 pdns=0/0/inactive/dead/ named=657/active/running/ agent=639/active/ jphase=rolling-back killpid=
15:13:20.373061200 pdns=0/0/inactive/dead/ named=657/active/running/ agent=639/active/ jphase=rolling-back killpid=
15:13:20.642608075 pdns=0/0/inactive/dead/ named=657/active/running/ agent=639/active/ jphase=rolling-back killpid=
15:13:20.920222757 pdns=0/0/inactive/dead/ named=657/active/running/ agent=639/active/ jphase=rolling-back killpid=
15:13:21.230663508 pdns=0/0/inactive/dead/ named=657/active/running/ agent=639/active/ jphase=rolling-back killpid=
15:13:21.527277557 pdns=0/0/inactive/dead/ named=657/active/running/ agent=639/active/ jphase=rolling-back killpid=
15:13:21.792790350 pdns=0/0/inactive/dead/ named=657/active/running/ agent=639/active/ jphase=rolling-back killpid=
15:13:22.058908288 pdns=0/0/inactive/dead/ named=657/active/running/ agent=639/active/ jphase=rolling-back killpid=
15:13:22.329628861 pdns=0/0/inactive/dead/ named=657/active/running/ agent=639/active/ jphase=rolling-back killpid=
15:13:22.596604499 pdns=0/0/inactive/dead/ named=657/active/running/ agent=639/active/ jphase=rolling-back killpid=
15:13:22.869317210 pdns=0/0/inactive/dead/ named=657/active/running/ agent=639/active/ jphase=rolling-back killpid=
15:13:23.134890353 pdns=0/0/inactive/dead/ named=657/active/running/ agent=639/active/ jphase=rolling-back killpid=
15:13:23.400893747 pdns=0/0/inactive/dead/ named=657/active/running/ agent=639/active/ jphase=rolling-back killpid=
15:13:23.672630534 pdns=0/0/inactive/dead/ named=657/active/running/ agent=639/active/ jphase=rolling-back killpid=
15:13:23.943797735 pdns=0/0/inactive/dead/ named=657/active/running/ agent=639/active/ jphase=rolling-back killpid=
15:13:24.209656199 pdns=0/0/inactive/dead/ named=657/active/running/ agent=639/active/ jphase=rolling-back killpid=
15:13:24.478298985 pdns=0/0/inactive/dead/ named=657/active/running/ agent=639/active/ jphase=rolling-back killpid=
15:13:24.744627642 pdns=0/0/inactive/dead/ named=657/active/running/ agent=639/active/ jphase=rolling-back killpid=
15:13:25.016961688 pdns=0/0/inactive/dead/ named=657/active/running/ agent=639/active/ jphase=rolling-back killpid=
15:13:25.287674341 pdns=0/0/inactive/dead/ named=657/active/running/ agent=639/active/ jphase=rolling-back killpid=
15:13:25.557323770 pdns=0/0/inactive/dead/ named=657/active/running/ agent=639/active/ jphase=rolling-back killpid=
15:13:25.824144028 pdns=0/0/inactive/dead/ named=657/active/running/ agent=639/active/ jphase=rolling-back killpid=
15:13:26.091272838 pdns=0/0/inactive/dead/ named=657/active/running/ agent=639/active/ jphase=rolling-back killpid=
15:13:26.362468479 pdns=0/0/inactive/dead/ named=657/active/running/ agent=639/active/ jphase=rolling-back killpid=
15:13:26.632286134 pdns=0/0/inactive/dead/ named=657/active/running/ agent=639/active/ jphase=rolling-back killpid=
15:13:26.901352407 pdns=0/0/inactive/dead/ named=657/active/running/ agent=639/active/ jphase=rolling-back killpid=
15:13:27.168403216 pdns=0/0/inactive/dead/ named=657/active/running/ agent=639/active/ jphase=rolling-back killpid=
15:13:27.436466168 pdns=0/0/inactive/dead/ named=657/active/running/ agent=639/active/ jphase=rolling-back killpid=
15:13:27.706106750 pdns=0/0/inactive/dead/ named=657/active/running/ agent=639/active/ jphase=rolling-back killpid=
15:13:27.973905893 pdns=0/0/inactive/dead/ named=657/active/running/ agent=639/active/ jphase=rolling-back killpid=
15:13:28.249716708 pdns=0/0/inactive/dead/ named=657/active/running/ agent=639/active/ jphase=rolling-back killpid=
15:13:28.543835215 pdns=0/0/inactive/dead/ named=657/active/running/ agent=639/active/ jphase=rolling-back killpid=
15:13:28.812112349 pdns=0/0/inactive/dead/ named=657/active/running/ agent=639/active/ jphase=rolling-back killpid=
15:13:29.080566833 pdns=0/0/inactive/dead/ named=657/active/running/ agent=639/active/ jphase=rolling-back killpid=
15:13:29.348122406 pdns=0/0/inactive/dead/ named=657/active/running/ agent=639/active/ jphase=rolling-back killpid=
15:13:29.619154353 pdns=0/0/inactive/dead/ named=657/active/running/ agent=639/active/ jphase=rolling-back killpid=
15:13:29.901696136 pdns=0/0/inactive/dead/ named=657/active/running/ agent=639/active/ jphase=rolling-back killpid=
15:13:30.168744839 pdns=0/0/inactive/dead/ named=657/active/running/ agent=639/active/ jphase=rolling-back killpid=
15:13:30.434010125 pdns=0/0/inactive/dead/ named=657/active/running/ agent=639/active/ jphase=rolling-back killpid=
15:13:30.701341985 pdns=0/0/inactive/dead/ named=657/active/running/ agent=639/active/ jphase=rolling-back killpid=
15:13:30.968847392 pdns=0/0/inactive/dead/ named=657/active/running/ agent=639/active/ jphase=rolling-back killpid=
15:13:31.237984364 pdns=0/0/inactive/dead/ named=657/active/running/ agent=639/active/ jphase=rolling-back killpid=
15:13:31.507969794 pdns=0/0/inactive/dead/ named=657/active/running/ agent=639/active/ jphase=rolling-back killpid=
15:13:31.774714148 pdns=0/0/inactive/dead/ named=657/active/running/ agent=639/active/ jphase=rolling-back killpid=
15:13:32.039286967 pdns=0/0/inactive/dead/ named=657/active/running/ agent=639/active/ jphase=rolling-back killpid=
15:13:32.306221336 pdns=0/0/inactive/dead/ named=657/active/running/ agent=639/active/ jphase=rolling-back killpid=
15:13:33.410094753 pdns=0/0/inactive/dead/ named=657/active/running/ agent=639/active/ jphase=rolling-back killpid=
15:13:33.676732429 pdns=0/0/inactive/dead/ named=657/active/running/ agent=639/active/ jphase=rolling-back killpid=
15:13:33.943906732 pdns=0/0/inactive/dead/ named=657/active/running/ agent=639/active/ jphase=rolling-back killpid=
15:13:34.220516820 pdns=0/0/inactive/dead/ named=657/active/running/ agent=639/active/ jphase=rolling-back killpid=
15:13:34.489692375 pdns=0/0/inactive/dead/ named=657/active/running/ agent=639/active/ jphase=rolling-back killpid=
15:13:34.776648064 pdns=0/0/inactive/dead/ named=657/active/running/ agent=639/active/ jphase=rolling-back killpid=
15:13:35.095448990 pdns=0/0/inactive/dead/ named=657/active/running/ agent=639/active/ jphase=rolling-back killpid=
15:13:35.362647787 pdns=0/0/inactive/dead/ named=657/active/running/ agent=639/active/ jphase=rolling-back killpid=
15:13:35.631023979 pdns=0/0/inactive/dead/ named=657/active/running/ agent=639/active/ jphase=rolling-back killpid=
15:13:35.898773427 pdns=0/0/inactive/dead/ named=657/active/running/ agent=639/active/ jphase=rolling-back killpid=
15:13:36.167331955 pdns=0/0/inactive/dead/ named=657/active/running/ agent=639/active/ jphase=rolling-back killpid=
15:13:36.435371163 pdns=0/0/inactive/dead/ named=657/active/running/ agent=639/active/ jphase=rolling-back killpid=
15:13:36.714709172 pdns=0/0/inactive/dead/ named=657/active/running/ agent=639/active/ jphase=rolling-back killpid=
15:13:37.008182950 pdns=0/0/inactive/dead/ named=657/active/running/ agent=639/active/ jphase=rolling-back killpid=
15:13:37.286367233 pdns=0/0/inactive/dead/ named=657/active/running/ agent=639/active/ jphase=rolling-back killpid=
15:13:37.552167213 pdns=0/0/inactive/dead/ named=657/active/running/ agent=639/active/ jphase=rolling-back killpid=
15:13:37.817203770 pdns=0/0/inactive/dead/ named=657/active/running/ agent=639/active/ jphase=rolling-back killpid=
15:13:38.082797644 pdns=0/0/inactive/dead/ named=657/active/running/ agent=639/active/ jphase=rolling-back killpid=
15:13:38.354069921 pdns=0/0/inactive/dead/ named=657/active/running/ agent=639/active/ jphase=rolling-back killpid=
15:13:38.627715708 pdns=0/0/inactive/dead/ named=657/active/running/ agent=639/active/ jphase=rolling-back killpid=
15:13:38.900422438 pdns=0/0/inactive/dead/ named=657/active/running/ agent=639/active/ jphase=rolling-back killpid=
15:13:39.168891028 pdns=0/0/inactive/dead/ named=657/active/running/ agent=639/active/ jphase=rolling-back killpid=
15:13:39.440770762 pdns=0/0/inactive/dead/ named=657/active/running/ agent=639/active/ jphase=rolling-back killpid=
15:13:39.710219361 pdns=0/0/inactive/dead/ named=657/active/running/ agent=639/active/ jphase=rolling-back killpid=
15:13:39.977456425 pdns=0/0/inactive/dead/ named=657/active/running/ agent=639/active/ jphase=rolling-back killpid=
15:13:40.264968550 pdns=0/0/inactive/dead/ named=657/active/running/ agent=639/active/ jphase=rolling-back killpid=
15:13:40.556688478 pdns=0/0/inactive/dead/ named=657/active/running/ agent=639/active/ jphase=rolling-back killpid=
15:13:40.826082649 pdns=0/0/inactive/dead/ named=657/active/running/ agent=639/active/ jphase=rolling-back killpid=
15:13:41.096936795 pdns=0/0/inactive/dead/ named=657/active/running/ agent=639/active/ jphase=rolling-back killpid=
15:13:41.375687998 pdns=0/0/inactive/dead/ named=657/active/running/ agent=639/active/ jphase=rolling-back killpid=
15:13:41.718929664 pdns=0/0/inactive/dead/ named=657/active/running/ agent=639/active/ jphase=rolling-back killpid=
15:13:42.001857430 pdns=0/0/inactive/dead/ named=657/active/running/ agent=639/active/ jphase=rolling-back killpid=
15:13:42.270812952 pdns=0/0/inactive/dead/ named=657/active/running/ agent=639/active/ jphase=rolling-back killpid=
15:13:42.544260768 pdns=0/0/inactive/dead/ named=657/active/running/ agent=639/active/ jphase=rolling-back killpid=
15:13:42.819428726 pdns=0/0/inactive/dead/ named=657/active/running/ agent=639/active/ jphase=rolling-back killpid=
15:13:43.089373367 pdns=0/0/inactive/dead/ named=657/active/running/ agent=639/active/ jphase=rolling-back killpid=
15:13:43.362519586 pdns=0/0/inactive/dead/ named=657/active/running/ agent=639/active/ jphase=rolling-back killpid=
15:13:43.636640166 pdns=0/0/inactive/dead/ named=657/active/running/ agent=639/active/ jphase=rolling-back killpid=
15:13:43.904689177 pdns=0/0/inactive/dead/ named=657/active/running/ agent=639/active/ jphase=rolling-back killpid=
15:13:44.174473584 pdns=0/0/inactive/dead/ named=657/active/running/ agent=639/active/ jphase=rolling-back killpid=
15:13:44.440942321 pdns=0/0/inactive/dead/ named=657/active/running/ agent=639/active/ jphase=rolling-back killpid=
15:13:44.712100349 pdns=0/0/inactive/dead/ named=657/active/running/ agent=639/active/ jphase=rolling-back killpid=
15:13:44.982068988 pdns=0/0/inactive/dead/ named=657/active/running/ agent=639/active/ jphase=rolling-back killpid=
15:13:45.253739305 pdns=0/0/inactive/dead/ named=657/active/running/ agent=639/active/ jphase=rolling-back killpid=
15:13:45.528109153 pdns=0/0/inactive/dead/ named=657/active/running/ agent=639/active/ jphase=rolling-back killpid=
15:13:45.804896909 pdns=0/0/inactive/dead/ named=657/active/running/ agent=639/active/ jphase=rolling-back killpid=
15:13:46.072924637 pdns=0/0/inactive/dead/ named=657/active/running/ agent=639/active/ jphase=rolling-back killpid=
15:13:46.341824557 pdns=0/0/inactive/dead/ named=657/active/running/ agent=639/active/ jphase=rolling-back killpid=
15:13:46.614517061 pdns=0/0/inactive/dead/ named=657/active/running/ agent=639/active/ jphase=rolling-back killpid=
15:13:46.884906368 pdns=0/0/inactive/dead/ named=657/active/running/ agent=639/active/ jphase=rolling-back killpid=
15:13:47.153224977 pdns=0/0/inactive/dead/ named=657/active/running/ agent=639/active/ jphase=rolling-back killpid=
15:13:47.420027455 pdns=0/0/inactive/dead/ named=657/active/running/ agent=639/active/ jphase=rolling-back killpid=
15:13:47.687396551 pdns=0/0/inactive/dead/ named=657/active/running/ agent=639/active/ jphase=rolling-back killpid=
15:13:47.958793381 pdns=0/0/inactive/dead/ named=657/active/running/ agent=639/active/ jphase=rolling-back killpid=
15:13:48.255011544 pdns=0/0/inactive/dead/ named=657/active/running/ agent=639/active/ jphase=rolling-back killpid=
15:13:48.524795825 pdns=0/0/inactive/dead/ named=657/active/running/ agent=639/active/ jphase=rolling-back killpid=
15:13:48.794094419 pdns=0/0/inactive/dead/ named=657/active/running/ agent=639/active/ jphase=rolling-back killpid=
15:13:49.075599538 pdns=0/0/inactive/dead/ named=657/active/running/ agent=639/active/ jphase=rolling-back killpid=
15:13:49.340367521 pdns=0/0/inactive/dead/ named=657/active/running/ agent=639/active/ jphase=rolling-back killpid=
15:13:49.604884344 pdns=0/0/inactive/dead/ named=657/active/running/ agent=639/active/ jphase=rolling-back killpid=
15:13:49.869808527 pdns=0/0/inactive/dead/ named=657/active/running/ agent=639/active/ jphase=rolling-back killpid=
15:13:50.136257430 pdns=0/0/inactive/dead/ named=657/active/running/ agent=639/active/ jphase=rolling-back killpid=
15:13:50.404370795 pdns=0/0/inactive/dead/ named=657/active/running/ agent=639/active/ jphase=rolling-back killpid=
15:13:50.690590212 pdns=0/0/inactive/dead/ named=657/active/running/ agent=639/active/ jphase=rolling-back killpid=
15:13:50.991261186 pdns=0/0/inactive/dead/ named=657/active/running/ agent=639/active/ jphase=rolling-back killpid=
15:13:51.287808852 pdns=0/0/inactive/dead/ named=657/active/running/ agent=639/active/ jphase=rolling-back killpid=
15:13:51.555600791 pdns=0/0/inactive/dead/ named=657/active/running/ agent=639/active/ jphase=rolling-back killpid=
15:13:51.822583290 pdns=0/0/inactive/dead/ named=657/active/running/ agent=639/active/ jphase=rolling-back killpid=
15:13:52.091701661 pdns=0/0/inactive/dead/ named=657/active/running/ agent=639/active/ jphase=rolling-back killpid=
15:13:52.358747657 pdns=0/0/inactive/dead/ named=657/active/running/ agent=639/active/ jphase=rolling-back killpid=
15:13:52.630778788 pdns=0/0/inactive/dead/ named=657/active/running/ agent=639/active/ jphase=rolling-back killpid=
15:13:52.949852412 pdns=0/0/inactive/dead/ named=657/active/running/ agent=639/active/ jphase=rolling-back killpid=
15:13:53.219102397 pdns=0/0/inactive/dead/ named=657/active/running/ agent=639/active/ jphase=rolling-back killpid=
15:13:53.501365715 pdns=0/0/inactive/dead/ named=657/active/running/ agent=639/active/ jphase=rolling-back killpid=
15:13:53.778436970 pdns=0/0/inactive/dead/ named=657/active/running/ agent=639/active/ jphase=rolling-back killpid=
15:13:54.055853149 pdns=0/0/inactive/dead/ named=657/active/running/ agent=639/active/ jphase=rolling-back killpid=
15:13:54.324763951 pdns=0/0/inactive/dead/ named=657/active/running/ agent=639/active/ jphase=rolling-back killpid=
15:13:54.595045421 pdns=0/0/inactive/dead/ named=657/active/running/ agent=639/active/ jphase=rolling-back killpid=
15:13:54.861420536 pdns=0/0/inactive/dead/ named=657/active/running/ agent=639/active/ jphase=rolling-back killpid=
15:13:55.129288676 pdns=0/0/inactive/dead/ named=657/active/running/ agent=639/active/ jphase=rolling-back killpid=
15:13:55.395246345 pdns=0/0/inactive/dead/ named=657/active/running/ agent=639/active/ jphase=rolling-back killpid=
15:13:55.660412030 pdns=0/0/inactive/dead/ named=657/active/running/ agent=639/active/ jphase=rolling-back killpid=
15:13:55.926336915 pdns=0/0/inactive/dead/ named=657/active/running/ agent=639/active/ jphase=rolling-back killpid=
15:13:56.201611523 pdns=0/0/inactive/dead/ named=657/active/running/ agent=639/active/ jphase=rolling-back killpid=
15:13:56.470096452 pdns=0/0/inactive/dead/ named=657/active/running/ agent=639/active/ jphase=rolling-back killpid=
15:13:56.737217279 pdns=0/0/inactive/dead/ named=657/active/running/ agent=639/active/ jphase=rolling-back killpid=
15:13:57.004305245 pdns=0/0/inactive/dead/ named=657/active/running/ agent=639/active/ jphase=rolling-back killpid=
15:13:57.276812269 pdns=0/0/inactive/dead/ named=657/active/running/ agent=639/active/ jphase=rolling-back killpid=
15:13:57.552877518 pdns=0/0/inactive/dead/ named=657/active/running/ agent=639/active/ jphase=rolling-back killpid=
15:13:57.843836819 pdns=0/0/inactive/dead/ named=657/active/running/ agent=639/active/ jphase=rolling-back killpid=
15:13:58.121978197 pdns=0/0/inactive/dead/ named=657/active/running/ agent=639/active/ jphase=rolling-back killpid=
15:13:58.393741379 pdns=0/0/inactive/dead/ named=657/active/running/ agent=639/active/ jphase=rolling-back killpid=
15:13:58.662644288 pdns=0/0/inactive/dead/ named=657/active/running/ agent=639/active/ jphase=rolling-back killpid=
15:13:58.928136970 pdns=0/0/inactive/dead/ named=657/active/running/ agent=639/active/ jphase=rolling-back killpid=
15:13:59.195220046 pdns=0/0/inactive/dead/ named=657/active/running/ agent=639/active/ jphase=rolling-back killpid=
15:13:59.467803596 pdns=0/0/inactive/dead/ named=657/active/running/ agent=639/active/ jphase=rolling-back killpid=
15:13:59.768480245 pdns=0/0/inactive/dead/ named=657/active/running/ agent=639/active/ jphase=rolling-back killpid=
15:14:00.034748204 pdns=0/0/inactive/dead/ named=657/active/running/ agent=639/active/ jphase=rolling-back killpid=
15:14:00.302940689 pdns=0/0/inactive/dead/ named=657/active/running/ agent=639/active/ jphase=rolling-back killpid=
15:14:00.569810548 pdns=0/0/inactive/dead/ named=657/active/running/ agent=639/active/ jphase=rolling-back killpid=
15:14:00.837009230 pdns=0/0/inactive/dead/ named=657/active/running/ agent=639/active/ jphase=rolling-back killpid=
15:14:01.110157862 pdns=0/0/inactive/dead/ named=657/active/running/ agent=639/active/ jphase=rolling-back killpid=
15:14:01.380900049 pdns=0/0/inactive/dead/ named=657/active/running/ agent=639/active/ jphase=rolling-back killpid=
15:14:01.678919171 pdns=0/0/inactive/dead/ named=657/active/running/ agent=639/active/ jphase=rolling-back killpid=
15:14:01.957109280 pdns=0/0/inactive/dead/ named=657/active/running/ agent=639/active/ jphase=rolling-back killpid=
15:14:02.234638517 pdns=0/0/inactive/dead/ named=657/active/running/ agent=639/active/ jphase=rolling-back killpid=
15:14:02.500578393 pdns=0/0/inactive/dead/ named=657/active/running/ agent=639/active/ jphase=rolling-back killpid=
15:14:02.769104356 pdns=0/0/inactive/dead/ named=657/active/running/ agent=639/active/ jphase=rolling-back killpid=
15:14:03.038830118 pdns=0/0/inactive/dead/ named=657/active/running/ agent=639/active/ jphase=rolling-back killpid=
15:14:03.307742906 pdns=0/0/inactive/dead/ named=657/active/running/ agent=639/active/ jphase=rolling-back killpid=
15:14:03.574269617 pdns=0/0/inactive/dead/ named=657/active/running/ agent=639/active/ jphase=rolling-back killpid=
15:14:03.840492271 pdns=0/0/inactive/dead/ named=657/active/running/ agent=639/active/ jphase=rolling-back killpid=
15:14:04.109200507 pdns=0/0/inactive/dead/ named=657/active/running/ agent=639/active/ jphase=rolling-back killpid=
15:14:04.381716911 pdns=0/0/inactive/dead/ named=657/active/running/ agent=639/active/ jphase=rolling-back killpid=
15:14:04.651430349 pdns=0/0/inactive/dead/ named=657/active/running/ agent=639/active/ jphase=rolling-back killpid=
15:14:04.919419275 pdns=0/0/inactive/dead/ named=657/active/running/ agent=639/active/ jphase=rolling-back killpid=
15:14:05.199889185 pdns=0/0/inactive/dead/ named=657/active/running/ agent=639/active/ jphase=rolling-back killpid=
15:14:05.506102163 pdns=0/0/inactive/dead/ named=657/active/running/ agent=639/active/ jphase=rolling-back killpid=
15:14:05.781958233 pdns=0/0/inactive/dead/ named=657/active/running/ agent=639/active/ jphase=rolling-back killpid=
15:14:06.048379588 pdns=0/0/inactive/dead/ named=657/active/running/ agent=639/active/ jphase=rolling-back killpid=
15:14:06.322403293 pdns=0/0/inactive/dead/ named=657/active/running/ agent=639/active/ jphase=rolling-back killpid=
15:14:06.620191101 pdns=0/0/inactive/dead/ named=657/active/running/ agent=639/active/ jphase=rolling-back killpid=
15:14:06.885858905 pdns=0/0/inactive/dead/ named=657/active/running/ agent=639/active/ jphase=rolling-back killpid=
15:14:07.155625839 pdns=0/0/inactive/dead/ named=657/active/running/ agent=639/active/ jphase=rolling-back killpid=
15:14:07.423611164 pdns=0/0/inactive/dead/ named=657/active/running/ agent=639/active/ jphase=rolling-back killpid=
15:14:07.695370290 pdns=0/0/inactive/dead/ named=657/active/running/ agent=639/active/ jphase=rolling-back killpid=
15:14:07.964375003 pdns=0/0/inactive/dead/ named=657/active/running/ agent=639/active/ jphase=rolling-back killpid=
15:14:08.230710221 pdns=0/0/inactive/dead/ named=657/active/running/ agent=639/active/ jphase=rolling-back killpid=
15:14:08.509692537 pdns=0/0/inactive/dead/ named=657/active/running/ agent=639/active/ jphase=rolling-back killpid=
15:14:08.781881965 pdns=0/0/inactive/dead/ named=657/active/running/ agent=639/active/ jphase=rolling-back killpid=
15:14:09.053205747 pdns=0/0/inactive/dead/ named=657/active/running/ agent=639/active/ jphase=rolling-back killpid=
15:14:09.339754510 pdns=0/0/inactive/dead/ named=657/active/running/ agent=639/active/ jphase=rolling-back killpid=
15:14:09.637282882 pdns=0/0/inactive/dead/ named=657/active/running/ agent=639/active/ jphase=rolling-back killpid=
15:14:09.972407804 pdns=0/0/inactive/dead/ named=657/active/running/ agent=639/active/ jphase=rolling-back killpid=
15:14:10.319247974 pdns=0/0/inactive/dead/ named=657/active/running/ agent=639/active/ jphase=rolling-back killpid=
15:14:10.635366535 pdns=0/0/inactive/dead/ named=657/active/running/ agent=639/active/ jphase=rolling-back killpid=
15:14:10.943887534 pdns=0/0/inactive/dead/ named=657/active/running/ agent=639/active/ jphase=rolling-back killpid=
15:14:11.231656119 pdns=0/0/inactive/dead/ named=657/active/running/ agent=639/active/ jphase=rolling-back killpid=
15:14:11.538954895 pdns=0/0/inactive/dead/ named=657/active/running/ agent=639/active/ jphase=rolling-back killpid=
15:14:11.832903634 pdns=0/0/inactive/dead/ named=657/active/running/ agent=639/active/ jphase=rolling-back killpid=
15:14:12.139785937 pdns=0/0/inactive/dead/ named=657/active/running/ agent=639/active/ jphase=rolling-back killpid=
15:14:12.468358983 pdns=0/0/inactive/dead/ named=657/active/running/ agent=639/active/ jphase=rolling-back killpid=
15:14:12.794190246 pdns=0/0/inactive/dead/ named=657/active/running/ agent=639/active/ jphase=rolling-back killpid=
15:14:13.081336252 pdns=0/0/inactive/dead/ named=657/active/running/ agent=639/active/ jphase=rolling-back killpid=
15:14:13.367964778 pdns=0/0/inactive/dead/ named=657/active/running/ agent=639/active/ jphase=rolling-back killpid=
15:14:13.670627043 pdns=0/0/inactive/dead/ named=657/active/running/ agent=639/active/ jphase=rolling-back killpid=
15:14:13.979916978 pdns=0/0/inactive/dead/ named=657/active/running/ agent=639/active/ jphase=rolling-back killpid=
15:14:14.284673114 pdns=0/0/inactive/dead/ named=657/active/running/ agent=639/active/ jphase=rolling-back killpid=
15:14:14.589317917 pdns=0/0/inactive/dead/ named=657/active/running/ agent=639/active/ jphase=rolling-back killpid=
15:14:14.887061752 POINTER /var/cache/bind/celikpanel mtime=2026-09-29 15:14:14.700401010 +0000 ino=131578 /var/cache/bind/celikpanel/current absent 
15:14:14.888370280 pdns=0/0/inactive/dead/ named=657/active/running/ agent=639/active/ jphase=rolling-back killpid=
15:14:15.174714105 pdns=0/0/inactive/dead/ named=657/active/running/ agent=639/active/ jphase=rolling-back killpid=
15:14:15.507626457 pdns=0/0/inactive/dead/ named=657/active/running/ agent=639/active/ jphase=rolling-back killpid=
15:14:15.807868890 pdns=0/0/inactive/dead/ named=657/active/running/ agent=639/active/ jphase=rolling-back killpid=
15:14:16.107123258 pdns=0/0/inactive/dead/ named=657/active/running/ agent=639/active/ jphase=rolling-back killpid=
15:14:16.402251582 pdns=0/0/inactive/dead/ named=657/active/running/ agent=639/active/ jphase=rolling-back killpid=
15:14:16.696445284 pdns=0/0/inactive/dead/ named=657/active/running/ agent=639/active/ jphase=rolling-back killpid=
15:14:16.991611101 pdns=0/0/inactive/dead/ named=657/active/running/ agent=639/active/ jphase=rolling-back killpid=
15:14:17.284024649 pdns=0/0/inactive/dead/ named=657/active/running/ agent=639/active/ jphase=rolling-back killpid=
15:14:17.602692963 pdns=0/0/inactive/dead/ named=657/active/running/ agent=639/active/ jphase=rolling-back killpid=
15:14:17.887224458 pdns=0/0/inactive/dead/ named=657/active/running/ agent=639/active/ jphase=rolling-back killpid=
15:14:18.180260416 CHANGE journal d71d8395457a71bfcf7dcc09a86a571244ade7e42b3ed768acc77cc7025c35f7 -> 71448a8c59b78ca53b943bbe5e547dfade8792f01b302feae95d4ba06acef2e5
15:14:18.192095222 pdns=0/0/inactive/dead/ named=657/active/running/ agent=639/active/ jphase=rolled-back killpid=
15:14:18.484562173 pdns=0/0/inactive/dead/ named=657/active/running/ agent=639/active/ jphase=rolled-back killpid=
15:14:18.775913087 pdns=0/0/inactive/dead/ named=657/active/running/ agent=639/active/ jphase=rolled-back killpid=
15:14:19.066477320 pdns=0/0/inactive/dead/ named=657/active/running/ agent=639/active/ jphase=rolled-back killpid=
15:14:19.354115947 pdns=0/0/inactive/dead/ named=657/active/running/ agent=639/active/ jphase=rolled-back killpid=
15:14:19.641745678 pdns=0/0/inactive/dead/ named=657/active/running/ agent=639/active/ jphase=absent killpid=
15:14:19.933272264 CHANGE journal 71448a8c59b78ca53b943bbe5e547dfade8792f01b302feae95d4ba06acef2e5 -> absent
15:14:19.941472025 pdns=0/0/inactive/dead/ named=657/active/running/ agent=639/active/ jphase=absent killpid=
15:14:20.234306088 pdns=0/0/inactive/dead/ named=657/active/running/ agent=639/active/ jphase=absent killpid=
15:14:20.524728377 pdns=0/0/inactive/dead/ named=657/active/running/ agent=639/active/ jphase=absent killpid=
15:14:20.860739831 pdns=0/0/inactive/dead/ named=657/active/running/ agent=639/active/ jphase=absent killpid=
15:14:21.158972667 pdns=0/0/inactive/dead/ named=657/active/running/ agent=639/active/ jphase=absent killpid=
15:14:21.466327372 pdns=0/0/inactive/dead/ named=657/active/running/ agent=639/active/ jphase=absent killpid=
15:14:21.740278439 pdns=0/0/inactive/dead/ named=657/active/running/ agent=639/active/ jphase=absent killpid=
15:14:22.011188816 pdns=0/0/inactive/dead/ named=657/active/running/ agent=639/active/ jphase=absent killpid=
15:14:22.281712147 pdns=0/0/inactive/dead/ named=657/active/running/ agent=639/active/ jphase=absent killpid=
15:14:22.555121368 pdns=0/0/inactive/dead/ named=657/active/running/ agent=639/active/ jphase=absent killpid=
15:14:22.829834326 pdns=0/0/inactive/dead/ named=657/active/running/ agent=639/active/ jphase=absent killpid=
15:14:23.103868368 pdns=0/0/inactive/dead/ named=657/active/running/ agent=639/active/ jphase=absent killpid=
15:14:23.377228117 pdns=0/0/inactive/dead/ named=657/active/running/ agent=639/active/ jphase=absent killpid=
15:14:23.650377691 pdns=0/0/inactive/dead/ named=657/active/running/ agent=639/active/ jphase=absent killpid=
15:14:23.932049028 pdns=0/0/inactive/dead/ named=657/active/running/ agent=639/active/ jphase=absent killpid=
15:14:24.207200869 pdns=0/0/inactive/dead/ named=657/active/running/ agent=639/active/ jphase=absent killpid=
15:14:24.477930873 pdns=0/0/inactive/dead/ named=657/active/running/ agent=639/active/ jphase=absent killpid=
15:14:24.745867225 pdns=0/0/inactive/dead/ named=657/active/running/ agent=639/active/ jphase=absent killpid=
15:14:25.018700742 pdns=0/0/inactive/dead/ named=657/active/running/ agent=639/active/ jphase=absent killpid=
15:14:25.287741485 pdns=0/0/inactive/dead/ named=657/active/running/ agent=639/active/ jphase=absent killpid=
15:14:25.555781267 pdns=0/0/inactive/dead/ named=657/active/running/ agent=639/active/ jphase=absent killpid=
15:14:25.824755127 pdns=0/0/inactive/dead/ named=657/active/running/ agent=639/active/ jphase=absent killpid=
15:14:26.100331122 pdns=0/0/inactive/dead/ named=657/active/running/ agent=639/active/ jphase=absent killpid=
15:14:26.370367312 pdns=0/0/inactive/dead/ named=657/active/running/ agent=639/active/ jphase=absent killpid=
15:14:26.642266098 pdns=0/0/inactive/dead/ named=657/active/running/ agent=639/active/ jphase=absent killpid=
15:14:26.910878691 pdns=0/0/inactive/dead/ named=657/active/running/ agent=639/active/ jphase=absent killpid=
15:14:27.185002512 pdns=0/0/inactive/dead/ named=657/active/running/ agent=639/active/ jphase=absent killpid=
15:14:27.454003624 pdns=0/0/inactive/dead/ named=657/active/running/ agent=639/active/ jphase=absent killpid=
15:14:27.722695776 pdns=0/0/inactive/dead/ named=657/active/running/ agent=639/active/ jphase=absent killpid=
15:14:27.995013278 pdns=0/0/inactive/dead/ named=657/active/running/ agent=639/active/ jphase=absent killpid=
15:14:28.280748725 pdns=0/0/inactive/dead/ named=657/active/running/ agent=639/active/ jphase=absent killpid=
15:14:28.559475178 pdns=0/0/inactive/dead/ named=657/active/running/ agent=639/active/ jphase=absent killpid=
15:14:28.839540181 pdns=0/0/inactive/dead/ named=657/active/running/ agent=639/active/ jphase=absent killpid=
15:14:29.109713131 pdns=0/0/inactive/dead/ named=657/active/running/ agent=639/active/ jphase=absent killpid=
15:14:29.377683742 pdns=0/0/inactive/dead/ named=657/active/running/ agent=639/active/ jphase=absent killpid=
15:14:29.648765509 pdns=0/0/inactive/dead/ named=657/active/running/ agent=639/active/ jphase=absent killpid=
15:14:29.931266007 pdns=0/0/inactive/dead/ named=657/active/running/ agent=639/active/ jphase=absent killpid=
15:14:30.201582847 pdns=0/0/inactive/dead/ named=657/active/running/ agent=639/active/ jphase=absent killpid=
15:14:30.474894262 pdns=0/0/inactive/dead/ named=657/active/running/ agent=639/active/ jphase=absent killpid=
15:14:30.751203289 pdns=0/0/inactive/dead/ named=657/active/running/ agent=639/active/ jphase=absent killpid=
15:14:31.027561459 pdns=0/0/inactive/dead/ named=657/active/running/ agent=639/active/ jphase=absent killpid=
15:14:31.319038003 pdns=0/0/inactive/dead/ named=657/active/running/ agent=639/active/ jphase=absent killpid=
15:14:31.611357296 pdns=0/0/inactive/dead/ named=657/active/running/ agent=639/active/ jphase=absent killpid=
15:14:31.886187634 pdns=0/0/inactive/dead/ named=657/active/running/ agent=639/active/ jphase=absent killpid=
15:14:32.160140359 pdns=0/0/inactive/dead/ named=657/active/running/ agent=639/active/ jphase=absent killpid=
15:14:32.427570291 pdns=0/0/inactive/dead/ named=657/active/running/ agent=639/active/ jphase=absent killpid=
15:14:32.707340424 pdns=0/0/inactive/dead/ named=657/active/running/ agent=639/active/ jphase=absent killpid=
15:14:32.978006413 pdns=0/0/inactive/dead/ named=657/active/running/ agent=639/active/ jphase=absent killpid=
15:14:33.252479691 pdns=0/0/inactive/dead/ named=657/active/running/ agent=639/active/ jphase=absent killpid=
15:14:33.525628178 pdns=0/0/inactive/dead/ named=657/active/running/ agent=639/active/ jphase=absent killpid=
15:14:33.807374489 pdns=0/0/inactive/dead/ named=657/active/running/ agent=639/active/ jphase=absent killpid=
15:14:34.077063594 pdns=0/0/inactive/dead/ named=657/active/running/ agent=639/active/ jphase=absent killpid=
15:14:34.345106572 pdns=0/0/inactive/dead/ named=657/active/running/ agent=639/active/ jphase=absent killpid=
15:14:34.611825103 pdns=0/0/inactive/dead/ named=657/active/running/ agent=639/active/ jphase=absent killpid=
15:14:34.881662562 pdns=0/0/inactive/dead/ named=657/active/running/ agent=639/active/ jphase=absent killpid=
15:14:35.150108664 pdns=0/0/inactive/dead/ named=657/active/running/ agent=639/active/ jphase=absent killpid=
15:14:35.420075028 pdns=0/0/inactive/dead/ named=657/active/running/ agent=639/active/ jphase=absent killpid=
15:14:35.688874917 pdns=0/0/inactive/dead/ named=657/active/running/ agent=639/active/ jphase=absent killpid=
15:14:35.957377416 pdns=0/0/inactive/dead/ named=657/active/running/ agent=639/active/ jphase=absent killpid=
15:14:36.236564627 pdns=0/0/inactive/dead/ named=657/active/running/ agent=639/active/ jphase=absent killpid=
15:14:36.510725024 pdns=0/0/inactive/dead/ named=657/active/running/ agent=639/active/ jphase=absent killpid=
15:14:36.785766201 pdns=0/0/inactive/dead/ named=657/active/running/ agent=639/active/ jphase=absent killpid=
15:14:37.078542621 pdns=0/0/inactive/dead/ named=657/active/running/ agent=639/active/ jphase=absent killpid=
15:14:37.352532031 pdns=0/0/inactive/dead/ named=657/active/running/ agent=639/active/ jphase=absent killpid=
15:14:37.621239562 pdns=0/0/inactive/dead/ named=657/active/running/ agent=639/active/ jphase=absent killpid=
15:14:37.888971100 pdns=0/0/inactive/dead/ named=657/active/running/ agent=639/active/ jphase=absent killpid=
15:14:38.158000358 pdns=0/0/inactive/dead/ named=657/active/running/ agent=639/active/ jphase=absent killpid=
15:14:38.424890967 pdns=0/0/inactive/dead/ named=657/active/running/ agent=639/active/ jphase=absent killpid=
15:14:38.692885836 pdns=0/0/inactive/dead/ named=657/active/running/ agent=639/active/ jphase=absent killpid=
15:14:38.960147801 pdns=0/0/inactive/dead/ named=657/active/running/ agent=639/active/ jphase=absent killpid=
15:14:39.228491941 pdns=0/0/inactive/dead/ named=657/active/running/ agent=639/active/ jphase=absent killpid=
15:14:39.498600358 pdns=0/0/inactive/dead/ named=657/active/running/ agent=639/active/ jphase=absent killpid=
15:14:39.765894627 pdns=0/0/inactive/dead/ named=657/active/running/ agent=639/active/ jphase=absent killpid=
15:14:40.038898617 pdns=0/0/inactive/dead/ named=657/active/running/ agent=639/active/ jphase=absent killpid=
15:14:40.310941444 pdns=0/0/inactive/dead/ named=657/active/running/ agent=639/active/ jphase=absent killpid=
15:14:40.579914629 pdns=0/0/inactive/dead/ named=657/active/running/ agent=639/active/ jphase=absent killpid=
15:14:40.846287800 pdns=0/0/inactive/dead/ named=657/active/running/ agent=639/active/ jphase=absent killpid=
15:14:41.114050731 pdns=0/0/inactive/dead/ named=657/active/running/ agent=639/active/ jphase=absent killpid=
15:14:41.387673391 pdns=0/0/inactive/dead/ named=657/active/running/ agent=639/active/ jphase=absent killpid=
15:14:41.659781479 pdns=0/0/inactive/dead/ named=657/active/running/ agent=639/active/ jphase=absent killpid=
15:14:41.930071747 pdns=0/0/inactive/dead/ named=657/active/running/ agent=639/active/ jphase=absent killpid=
15:14:42.201782903 pdns=0/0/inactive/dead/ named=657/active/running/ agent=639/active/ jphase=absent killpid=
15:14:42.475139518 pdns=0/0/inactive/dead/ named=657/active/running/ agent=639/active/ jphase=absent killpid=
15:14:42.752845944 pdns=0/0/inactive/dead/ named=657/active/running/ agent=639/active/ jphase=absent killpid=
15:14:43.030421789 pdns=0/0/inactive/dead/ named=657/active/running/ agent=639/active/ jphase=absent killpid=
15:14:43.308247515 pdns=0/0/inactive/dead/ named=657/active/running/ agent=639/active/ jphase=absent killpid=
15:14:43.592339624 pdns=0/0/inactive/dead/ named=657/active/running/ agent=639/active/ jphase=absent killpid=
15:14:43.894299590 pdns=0/0/inactive/dead/ named=657/active/running/ agent=639/active/ jphase=absent killpid=
15:14:44.188488814 pdns=0/0/inactive/dead/ named=657/active/running/ agent=639/active/ jphase=absent killpid=
15:14:44.471792083 pdns=0/0/inactive/dead/ named=657/active/running/ agent=639/active/ jphase=absent killpid=
15:14:44.766171713 pdns=0/0/inactive/dead/ named=657/active/running/ agent=639/active/ jphase=absent killpid=
15:14:45.055488864 pdns=0/0/inactive/dead/ named=657/active/running/ agent=639/active/ jphase=absent killpid=
15:14:45.342473693 pdns=0/0/inactive/dead/ named=657/active/running/ agent=639/active/ jphase=absent killpid=
15:14:45.623642941 pdns=0/0/inactive/dead/ named=657/active/running/ agent=639/active/ jphase=absent killpid=
15:14:45.900070225 pdns=0/0/inactive/dead/ named=657/active/running/ agent=639/active/ jphase=absent killpid=
15:14:46.166707545 pdns=0/0/inactive/dead/ named=657/active/running/ agent=639/active/ jphase=absent killpid=
15:14:46.433990423 pdns=0/0/inactive/dead/ named=657/active/running/ agent=639/active/ jphase=absent killpid=
15:14:46.704824690 pdns=0/0/inactive/dead/ named=657/active/running/ agent=639/active/ jphase=absent killpid=
15:14:46.971666358 pdns=0/0/inactive/dead/ named=657/active/running/ agent=639/active/ jphase=absent killpid=
15:14:47.239378828 pdns=0/0/inactive/dead/ named=657/active/running/ agent=639/active/ jphase=absent killpid=
15:14:47.505916830 pdns=0/0/inactive/dead/ named=657/active/running/ agent=639/active/ jphase=absent killpid=
15:14:47.778534841 pdns=0/0/inactive/dead/ named=657/active/running/ agent=639/active/ jphase=absent killpid=
15:14:48.047365566 pdns=0/0/inactive/dead/ named=657/active/running/ agent=639/active/ jphase=absent killpid=
15:14:48.315230343 pdns=0/0/inactive/dead/ named=657/active/running/ agent=639/active/ jphase=absent killpid=
15:14:48.582293978 pdns=0/0/inactive/dead/ named=657/active/running/ agent=639/active/ jphase=absent killpid=
15:14:48.853859170 pdns=0/0/inactive/dead/ named=657/active/running/ agent=639/active/ jphase=absent killpid=
15:14:49.125743931 pdns=0/0/inactive/dead/ named=657/active/running/ agent=639/active/ jphase=absent killpid=
15:14:49.424398981 pdns=0/0/inactive/dead/ named=657/active/running/ agent=639/active/ jphase=absent killpid=
15:14:49.697481130 pdns=0/0/inactive/dead/ named=657/active/running/ agent=639/active/ jphase=absent killpid=
15:14:49.981985413 pdns=0/0/inactive/dead/ named=657/active/running/ agent=639/active/ jphase=absent killpid=
15:14:50.257290585 pdns=0/0/inactive/dead/ named=657/active/running/ agent=639/active/ jphase=absent killpid=
15:14:50.526069854 pdns=0/0/inactive/dead/ named=657/active/running/ agent=639/active/ jphase=absent killpid=
15:14:50.796059035 pdns=0/0/inactive/dead/ named=657/active/running/ agent=639/active/ jphase=absent killpid=
15:14:51.069353538 pdns=0/0/inactive/dead/ named=657/active/running/ agent=639/active/ jphase=absent killpid=
15:14:51.347234308 pdns=0/0/inactive/dead/ named=657/active/running/ agent=639/active/ jphase=absent killpid=
