15:15:04.972136503 CHANGE journal none -> absent
15:15:04.986343074 CHANGE ledger none -> 0c7c0a5c399990da0971fe4639c9bdf03a1c76f40e5e00c8894296b220c048e0
15:15:04.989938721 CHANGE state none -> absent
15:15:04.994134942 POINTER /var/cache/bind/celikpanel mtime=2026-09-29 15:14:14.700401010 +0000 ino=131578 /var/cache/bind/celikpanel/current absent 
15:15:04.995712784 pdns=0/0/inactive/dead/ named=655/active/running/ agent=637/active/ jphase=absent killpid=
15:15:05.344047974 pdns=0/0/inactive/dead/ named=655/active/running/ agent=637/active/ jphase=absent killpid=
15:15:05.615424398 pdns=0/0/inactive/dead/ named=655/active/running/ agent=637/active/ jphase=absent killpid=
15:15:05.885388284 pdns=0/0/inactive/dead/ named=655/active/running/ agent=637/active/ jphase=absent killpid=
15:15:06.160542091 pdns=0/0/inactive/dead/ named=655/active/running/ agent=637/active/ jphase=absent killpid=
15:15:06.440529675 pdns=0/0/inactive/dead/ named=655/active/running/ agent=637/active/ jphase=absent killpid=
15:15:06.708415297 pdns=0/0/inactive/dead/ named=655/active/running/ agent=637/active/ jphase=absent killpid=
15:15:06.977518138 pdns=0/0/inactive/dead/ named=655/active/running/ agent=637/active/ jphase=absent killpid=
15:15:07.244587578 pdns=0/0/inactive/dead/ named=655/active/running/ agent=637/active/ jphase=absent killpid=
15:15:07.518904750 pdns=0/0/inactive/dead/ named=655/active/running/ agent=637/active/ jphase=absent killpid=
15:15:07.851650558 pdns=0/0/inactive/dead/ named=655/active/running/ agent=637/active/ jphase=absent killpid=
15:15:08.133513373 pdns=0/0/inactive/dead/ named=655/active/running/ agent=637/active/ jphase=absent killpid=
15:15:08.412644056 pdns=0/0/inactive/dead/ named=655/active/running/ agent=637/active/ jphase=absent killpid=
15:15:08.693640215 pdns=0/0/inactive/dead/ named=655/active/running/ agent=637/active/ jphase=absent killpid=
15:15:08.961336573 pdns=0/0/inactive/dead/ named=655/active/running/ agent=637/active/ jphase=absent killpid=
15:15:09.228515780 pdns=0/0/inactive/dead/ named=655/active/running/ agent=637/active/ jphase=absent killpid=
15:15:09.494806767 pdns=0/0/inactive/dead/ named=655/active/running/ agent=637/active/ jphase=absent killpid=
15:15:09.762827712 pdns=0/0/inactive/dead/ named=655/active/running/ agent=637/active/ jphase=absent killpid=
15:15:10.030671689 pdns=0/0/inactive/dead/ named=655/active/running/ agent=637/active/ jphase=absent killpid=
15:15:10.310526983 pdns=0/0/inactive/dead/ named=655/active/running/ agent=637/active/ jphase=absent killpid=
15:15:10.579048859 pdns=0/0/inactive/dead/ named=655/active/running/ agent=637/active/ jphase=absent killpid=
15:15:10.854026061 pdns=0/0/inactive/dead/ named=655/active/running/ agent=637/active/ jphase=absent killpid=
15:15:11.126049778 pdns=0/0/inactive/dead/ named=655/active/running/ agent=637/active/ jphase=absent killpid=
15:15:11.405985299 pdns=0/0/inactive/dead/ named=655/active/running/ agent=637/active/ jphase=absent killpid=
15:15:11.695463000 pdns=0/0/inactive/dead/ named=655/active/running/ agent=637/active/ jphase=absent killpid=
15:15:11.969339537 pdns=0/0/inactive/dead/ named=655/active/running/ agent=637/active/ jphase=absent killpid=
15:15:12.237653979 pdns=0/0/inactive/dead/ named=655/active/running/ agent=637/active/ jphase=absent killpid=
15:15:12.508683964 pdns=0/0/inactive/dead/ named=655/active/running/ agent=637/active/ jphase=absent killpid=
15:15:12.805624953 pdns=0/0/inactive/dead/ named=655/active/running/ agent=637/active/ jphase=absent killpid=
15:15:13.081172867 pdns=0/0/inactive/dead/ named=655/active/running/ agent=637/active/ jphase=absent killpid=
15:15:13.353396644 pdns=0/0/inactive/dead/ named=655/active/running/ agent=637/active/ jphase=absent killpid=
15:15:13.625825675 pdns=0/0/inactive/dead/ named=655/active/running/ agent=637/active/ jphase=absent killpid=
15:15:13.895319155 pdns=0/0/inactive/dead/ named=655/active/running/ agent=637/active/ jphase=absent killpid=
15:15:14.166855612 pdns=0/0/inactive/dead/ named=655/active/running/ agent=637/active/ jphase=absent killpid=
15:15:14.439362854 pdns=0/0/inactive/dead/ named=655/active/running/ agent=637/active/ jphase=absent killpid=
15:15:14.721126824 pdns=0/0/inactive/dead/ named=655/active/running/ agent=637/active/ jphase=absent killpid=
15:15:14.993157120 pdns=0/0/inactive/dead/ named=655/active/running/ agent=637/active/ jphase=absent killpid=
15:15:15.264892636 pdns=0/0/inactive/dead/ named=655/active/running/ agent=637/active/ jphase=absent killpid=
15:15:15.544212547 pdns=0/0/inactive/dead/ named=655/active/running/ agent=637/active/ jphase=absent killpid=
15:15:15.829969888 pdns=0/0/inactive/dead/ named=655/active/running/ agent=637/active/ jphase=absent killpid=
15:15:16.109234142 pdns=0/0/inactive/dead/ named=655/active/running/ agent=637/active/ jphase=absent killpid=
15:15:16.384406836 pdns=0/0/inactive/dead/ named=655/active/running/ agent=637/active/ jphase=absent killpid=
15:15:16.660689238 pdns=0/0/inactive/dead/ named=655/active/running/ agent=637/active/ jphase=absent killpid=
15:15:16.937368904 pdns=0/0/inactive/dead/ named=655/active/running/ agent=637/active/ jphase=absent killpid=
15:15:17.208051960 pdns=0/0/inactive/dead/ named=655/active/running/ agent=637/active/ jphase=absent killpid=
15:15:17.498331754 pdns=0/0/inactive/dead/ named=655/active/running/ agent=637/active/ jphase=absent killpid=
15:15:17.794304566 pdns=0/0/inactive/dead/ named=655/active/running/ agent=637/active/ jphase=absent killpid=
15:15:18.094640805 pdns=0/0/inactive/dead/ named=655/active/running/ agent=637/active/ jphase=absent killpid=
15:15:18.384285188 pdns=0/0/inactive/dead/ named=655/active/running/ agent=637/active/ jphase=absent killpid=
15:15:18.661855983 pdns=0/0/inactive/dead/ named=655/active/running/ agent=637/active/ jphase=absent killpid=
15:15:18.929518139 pdns=0/0/inactive/dead/ named=655/active/running/ agent=637/active/ jphase=absent killpid=
15:15:19.200452774 pdns=0/0/inactive/dead/ named=655/active/running/ agent=637/active/ jphase=absent killpid=
15:15:19.477382375 pdns=0/0/inactive/dead/ named=655/active/running/ agent=637/active/ jphase=absent killpid=
15:15:19.774833215 pdns=0/0/inactive/dead/ named=655/active/running/ agent=637/active/ jphase=absent killpid=
15:15:20.044132689 pdns=0/0/inactive/dead/ named=655/active/running/ agent=637/active/ jphase=absent killpid=
15:15:20.308202683 pdns=0/0/inactive/dead/ named=655/active/running/ agent=637/active/ jphase=absent killpid=
15:15:20.705000214 pdns=0/0/inactive/dead/ named=655/active/running/ agent=637/active/ jphase=absent killpid=
15:15:20.983781425 pdns=0/0/inactive/dead/ named=655/active/running/ agent=637/active/ jphase=absent killpid=
15:15:21.281869799 pdns=0/0/inactive/dead/ named=655/active/running/ agent=637/active/ jphase=absent killpid=
15:15:21.549917223 pdns=0/0/inactive/dead/ named=655/active/running/ agent=637/active/ jphase=absent killpid=
15:15:21.818285476 pdns=0/0/inactive/dead/ named=655/active/running/ agent=637/active/ jphase=absent killpid=
15:15:22.091507640 pdns=0/0/inactive/dead/ named=655/active/running/ agent=637/active/ jphase=absent killpid=
15:15:22.360887562 pdns=0/0/inactive/dead/ named=655/active/running/ agent=637/active/ jphase=absent killpid=
15:15:22.629070960 pdns=0/0/inactive/dead/ named=655/active/running/ agent=637/active/ jphase=absent killpid=
15:15:22.898937445 pdns=0/0/inactive/dead/ named=655/active/running/ agent=637/active/ jphase=absent killpid=
15:15:23.169967333 pdns=0/0/inactive/dead/ named=655/active/running/ agent=637/active/ jphase=absent killpid=
15:15:23.436248148 pdns=0/0/inactive/dead/ named=655/active/running/ agent=637/active/ jphase=absent killpid=
15:15:23.738373452 pdns=0/0/inactive/dead/ named=655/active/running/ agent=637/active/ jphase=absent killpid=
15:15:24.009558635 pdns=0/0/inactive/dead/ named=655/active/running/ agent=637/active/ jphase=absent killpid=
15:15:24.285878037 pdns=0/0/inactive/dead/ named=655/active/running/ agent=637/active/ jphase=absent killpid=
15:15:24.554883766 pdns=0/0/inactive/dead/ named=655/active/running/ agent=637/active/ jphase=absent killpid=
15:15:24.826842983 pdns=0/0/inactive/dead/ named=655/active/running/ agent=637/active/ jphase=absent killpid=
15:15:25.094798085 pdns=0/0/inactive/dead/ named=655/active/running/ agent=637/active/ jphase=absent killpid=
15:15:25.363674634 pdns=0/0/inactive/dead/ named=655/active/running/ agent=637/active/ jphase=absent killpid=
15:15:25.634545131 pdns=0/0/inactive/dead/ named=655/active/running/ agent=637/active/ jphase=absent killpid=
15:15:25.904073614 pdns=0/0/inactive/dead/ named=655/active/running/ agent=637/active/ jphase=absent killpid=
15:15:26.173512981 pdns=0/0/inactive/dead/ named=655/active/running/ agent=637/active/ jphase=absent killpid=
15:15:26.492258416 pdns=0/0/inactive/dead/ named=655/active/running/ agent=637/active/ jphase=absent killpid=
15:15:26.765651409 pdns=0/0/inactive/dead/ named=655/active/running/ agent=637/active/ jphase=absent killpid=
15:15:27.031369341 pdns=0/0/inactive/dead/ named=655/active/running/ agent=637/active/ jphase=absent killpid=
15:15:27.302471354 pdns=0/0/inactive/dead/ named=655/active/running/ agent=637/active/ jphase=absent killpid=
15:15:27.577313748 pdns=0/0/inactive/dead/ named=655/active/running/ agent=637/active/ jphase=absent killpid=
15:15:27.850414306 pdns=0/0/inactive/dead/ named=655/active/running/ agent=637/active/ jphase=absent killpid=
15:15:28.123350036 pdns=0/0/inactive/dead/ named=655/active/running/ agent=637/active/ jphase=absent killpid=
15:15:28.391330796 pdns=0/0/inactive/dead/ named=655/active/running/ agent=637/active/ jphase=absent killpid=
15:15:28.661148164 pdns=0/0/inactive/dead/ named=655/active/running/ agent=637/active/ jphase=absent killpid=
15:15:28.948943517 pdns=0/0/inactive/dead/ named=655/active/running/ agent=637/active/ jphase=absent killpid=
15:15:29.221380574 pdns=0/0/inactive/dead/ named=655/active/running/ agent=637/active/ jphase=absent killpid=
15:15:29.495093182 pdns=0/0/inactive/dead/ named=655/active/running/ agent=637/active/ jphase=absent killpid=
15:15:29.762729175 pdns=0/0/inactive/dead/ named=655/active/running/ agent=637/active/ jphase=absent killpid=
15:15:30.030991700 pdns=0/0/inactive/dead/ named=655/active/running/ agent=637/active/ jphase=absent killpid=
15:15:30.305127120 pdns=0/0/inactive/dead/ named=655/active/running/ agent=637/active/ jphase=absent killpid=
15:15:30.582650994 pdns=0/0/inactive/dead/ named=655/active/running/ agent=637/active/ jphase=absent killpid=
15:15:30.857535522 pdns=0/0/inactive/dead/ named=655/active/running/ agent=637/active/ jphase=absent killpid=
15:15:31.128206060 pdns=0/0/inactive/dead/ named=655/active/running/ agent=637/active/ jphase=absent killpid=
15:15:31.404426067 pdns=0/0/inactive/dead/ named=655/active/running/ agent=637/active/ jphase=absent killpid=
15:15:31.691927349 pdns=0/0/inactive/dead/ named=655/active/running/ agent=637/active/ jphase=absent killpid=
15:15:31.959566586 pdns=0/0/inactive/dead/ named=655/active/running/ agent=637/active/ jphase=absent killpid=
15:15:32.246492797 pdns=0/0/inactive/dead/ named=655/active/running/ agent=637/active/ jphase=absent killpid=
15:15:32.642382533 pdns=0/0/inactive/dead/ named=655/active/running/ agent=637/active/ jphase=absent killpid=
15:15:32.921777609 pdns=0/0/inactive/dead/ named=655/active/running/ agent=637/active/ jphase=absent killpid=
15:15:33.200490954 pdns=0/0/inactive/dead/ named=655/active/running/ agent=637/active/ jphase=absent killpid=
15:15:33.477824106 pdns=0/0/inactive/dead/ named=655/active/running/ agent=637/active/ jphase=absent killpid=
15:15:33.757082096 pdns=0/0/inactive/dead/ named=655/active/running/ agent=637/active/ jphase=absent killpid=
15:15:34.026201048 pdns=0/0/inactive/dead/ named=655/active/running/ agent=637/active/ jphase=absent killpid=
15:15:34.292346412 pdns=0/0/inactive/dead/ named=655/active/running/ agent=637/active/ jphase=absent killpid=
15:15:34.556201503 pdns=0/0/inactive/dead/ named=655/active/running/ agent=637/active/ jphase=absent killpid=
15:15:34.823357580 pdns=0/0/inactive/dead/ named=655/active/running/ agent=637/active/ jphase=absent killpid=
15:15:35.088651759 pdns=0/0/inactive/dead/ named=655/active/running/ agent=637/active/ jphase=absent killpid=
15:15:35.350769792 pdns=0/0/inactive/dead/ named=655/active/running/ agent=637/active/ jphase=absent killpid=
15:15:35.617742397 pdns=0/0/inactive/dead/ named=655/active/running/ agent=637/active/ jphase=absent killpid=
15:15:35.883623408 pdns=0/0/inactive/dead/ named=655/active/running/ agent=637/active/ jphase=absent killpid=
15:15:36.147322625 pdns=0/0/inactive/dead/ named=655/active/running/ agent=637/active/ jphase=absent killpid=
15:15:36.412228910 pdns=0/0/inactive/dead/ named=655/active/running/ agent=637/active/ jphase=absent killpid=
15:15:36.706018010 pdns=0/0/inactive/dead/ named=655/active/running/ agent=637/active/ jphase=absent killpid=
15:15:36.993356920 pdns=0/0/inactive/dead/ named=655/active/running/ agent=637/active/ jphase=absent killpid=
15:15:37.266295956 pdns=0/0/inactive/dead/ named=655/active/running/ agent=637/active/ jphase=absent killpid=
15:15:37.532130720 pdns=0/0/inactive/dead/ named=655/active/running/ agent=637/active/ jphase=absent killpid=
15:15:37.797556109 pdns=0/0/inactive/dead/ named=655/active/running/ agent=637/active/ jphase=absent killpid=
15:15:38.063711804 pdns=0/0/inactive/dead/ named=655/active/running/ agent=637/active/ jphase=absent killpid=
15:15:38.332882572 pdns=0/0/inactive/dead/ named=655/active/running/ agent=637/active/ jphase=absent killpid=
15:15:38.598279033 pdns=0/0/inactive/dead/ named=655/active/running/ agent=637/active/ jphase=absent killpid=
done
