### 2026-09-29T23:17:19.260Z start-cell c05-pri-verified pdns-switch__target-verified__after-write__paired-primary__peer-reachable node=debian13 peer=arch fixture=uninitialized root=/var/tmp/cp-b8r-1001 gateprobe=0 flags=
### 2026-09-29T23:17:19.261Z prepare
### 2026-09-29T23:17:20.136Z early-admission-dry-run
### 2026-09-29T23:17:20.245Z start
### 2026-09-29T23:17:20.463Z wait-ssh
### 2026-09-29T23:18:15.073Z guest-identity
### 2026-09-29T23:18:15.775Z install
### 2026-09-29T23:18:24.590Z enroll-recovery-runtime
### 2026-09-29T23:18:31.813Z native-bind-secondary-prepare
### 2026-09-29T23:19:33.192Z prepare-pdns-switch
### 2026-09-29T23:19:34.199Z pre-run-snapshot
### 2026-09-29T23:20:23.424Z start-peer-dns-sampler
Running as unit: cp-b8r-peerloop1.service; invocation ID: 28fb37a1bfde4dd2908f54b5b4b002df
peerloop1 start rc=0
### 2026-09-29T23:20:23.981Z start-watcher
Running as unit: cp-b8r-watch.service; invocation ID: ffa29c4c67c844758a63708e13f4877b
### 2026-09-29T23:20:24.609Z start-dbwatch
Running as unit: cp-b8r-dbwatch.service; invocation ID: 587d42424ff44727892f4cdca4181f1f
### 2026-09-29T23:20:25.611Z prepared-ok
### 2026-09-29T23:20:25.616Z run-prepared-dry-run flags=
### 2026-09-29T23:20:25.725Z run-prepared
RUN_PREPARED_RC=0
### 2026-09-29T23:21:23.103Z done-run rc=0
