13:15:39.721303364 CHANGE journal none -> absent
13:15:39.734747283 CHANGE ledger none -> 52d5fc784f22422903d56b13b0bbf44e4024d0ae216f947d28ac778b2230f784
13:15:39.745438960 CHANGE state none -> 7e16cc4b9491dff57731e8b70cd5da25e4eb8c819053158a43af7bcbccbd2655
13:15:39.747353582 pdns=3078/0/active/running/ named=0/inactive/dead/ agent=0/inactive/ jphase=absent killpid=
13:15:40.041263527 pdns=3078/0/active/running/ named=0/inactive/dead/ agent=0/inactive/ jphase=absent killpid=
13:15:40.332240693 pdns=3078/0/active/running/ named=0/inactive/dead/ agent=0/inactive/ jphase=absent killpid=
13:15:40.627916832 pdns=3078/0/active/running/ named=0/inactive/dead/ agent=0/inactive/ jphase=absent killpid=
13:15:40.926449197 pdns=3078/0/active/running/ named=0/inactive/dead/ agent=0/inactive/ jphase=absent killpid=3950,
13:15:41.249326554 CHANGE ledger 52d5fc784f22422903d56b13b0bbf44e4024d0ae216f947d28ac778b2230f784 -> 80988aa35d50f3186e73121777e338122e4c364c945f1ce2206115af63c4b0b4
13:15:41.256451957 pdns=3078/0/active/running/ named=0/inactive/dead/ agent=0/inactive/ jphase=absent killpid=3950,
13:15:41.552728153 CHANGE ledger 80988aa35d50f3186e73121777e338122e4c364c945f1ce2206115af63c4b0b4 -> 8be3c61c8b363e3974ce58f7681faed38f3aaa3c00568e39053ef47dc00f326e
13:15:41.558850427 pdns=3078/0/active/running/ named=0/inactive/dead/ agent=0/inactive/ jphase=absent killpid=3950,4138,
13:15:41.844200757 CHANGE ledger 8be3c61c8b363e3974ce58f7681faed38f3aaa3c00568e39053ef47dc00f326e -> 2be6d5380fc56659de89958833be752d2d2ff24a56e0c07afa4f0969801f7530
13:15:41.850683685 pdns=3078/0/active/running/ named=0/inactive/dead/ agent=0/inactive/ jphase=absent killpid=3950,4219,
13:15:42.140185693 CHANGE ledger 2be6d5380fc56659de89958833be752d2d2ff24a56e0c07afa4f0969801f7530 -> d007d0e0247927a44a1137238e808d394f444ac6a46c7b067553094bc95ca9c8
13:15:42.145235786 pdns=3078/0/active/running/ named=0/inactive/dead/ agent=0/inactive/ jphase=absent killpid=3950,
13:15:42.444002107 CHANGE ledger d007d0e0247927a44a1137238e808d394f444ac6a46c7b067553094bc95ca9c8 -> 4a8bed30461e58006f5bea34fc495add924107686e901d314c698422d767bd7d
13:15:42.451609500 pdns=3078/0/active/running/ named=0/inactive/dead/ agent=0/inactive/ jphase=absent killpid=3950,
13:15:42.747730162 CHANGE ledger 4a8bed30461e58006f5bea34fc495add924107686e901d314c698422d767bd7d -> deb96909d023815bab71e0bc6c06feb6cf5b0c77713bc55eb9638317272cbb86
13:15:42.755359525 pdns=3078/0/active/running/ named=0/inactive/dead/ agent=0/inactive/ jphase=absent killpid=3950,
13:15:43.064199250 CHANGE ledger deb96909d023815bab71e0bc6c06feb6cf5b0c77713bc55eb9638317272cbb86 -> 2aa5b481fb8149aa5313044b29281025bbd6b2e2383c924bd579964e92872cf8
13:15:43.072451499 pdns=3078/0/active/running/ named=0/inactive/dead/ agent=0/inactive/ jphase=absent killpid=3950,4563,
13:15:43.586364761 CHANGE ledger 2aa5b481fb8149aa5313044b29281025bbd6b2e2383c924bd579964e92872cf8 -> efbf6118223e869d9c734e6ff5d82651059632aa35b6b0c3d081255d16c496d4
13:15:43.599852173 pdns=3078/0/active/running/ named=0/inactive/dead/ agent=0/inactive/ jphase=absent killpid=3950,
13:15:43.910660555 CHANGE ledger efbf6118223e869d9c734e6ff5d82651059632aa35b6b0c3d081255d16c496d4 -> 1521f64ecfe80038eaa56a2363f482fcacaf50a77e0a7ee4d05fcfcfb3b61bff
13:15:43.918934899 pdns=3078/0/active/running/ named=0/inactive/dead/ agent=0/inactive/ jphase=absent killpid=3950,4664,
13:15:44.213131370 pdns=3078/0/active/running/ named=0/inactive/dead/ agent=0/inactive/ jphase=absent killpid=3950,4664,
13:15:44.495084276 pdns=3078/0/active/running/ named=0/inactive/dead/ agent=0/inactive/ jphase=absent killpid=3950,4664,
13:15:44.778409542 pdns=3078/0/active/running/ named=0/inactive/dead/ agent=0/inactive/ jphase=absent killpid=3950,4664,
13:15:45.071739782 pdns=3078/0/active/running/ named=0/inactive/dead/ agent=0/inactive/ jphase=absent killpid=3950,4664,
13:15:45.353686081 pdns=3078/0/active/running/ named=0/inactive/dead/ agent=0/inactive/ jphase=absent killpid=3950,4664,
13:15:45.653933471 pdns=3078/0/active/running/ named=0/inactive/dead/ agent=0/inactive/ jphase=absent killpid=3950,4664,
13:15:45.938903506 pdns=3078/0/active/running/ named=0/inactive/dead/ agent=0/inactive/ jphase=absent killpid=3950,4664,
13:15:46.235435709 CHANGE ledger 1521f64ecfe80038eaa56a2363f482fcacaf50a77e0a7ee4d05fcfcfb3b61bff -> 1859a7787576def2bbb35626b8c0906952281ac383c463336365775fc662fc88
13:15:46.239987294 pdns=3078/0/active/running/ named=0/inactive/dead/ agent=0/inactive/ jphase=absent killpid=3950,4664,
13:15:46.515511547 pdns=3078/0/active/running/ named=0/inactive/dead/ agent=0/inactive/ jphase=absent killpid=3950,4664,
13:15:46.793570584 pdns=3078/0/active/running/ named=0/inactive/dead/ agent=0/inactive/ jphase=absent killpid=3950,4664,
13:15:47.846528763 pdns=3078/0/active/running/ named=0/inactive/dead/ agent=0/inactive/ jphase=absent killpid=3950,4664,
13:15:48.161059430 pdns=3078/0/active/running/ named=0/inactive/dead/ agent=0/inactive/ jphase=absent killpid=3950,4664,
13:15:48.495928854 pdns=3078/0/active/running/ named=0/inactive/dead/ agent=0/inactive/ jphase=absent killpid=3950,4664,
13:15:48.793736242 pdns=3078/0/active/running/ named=0/inactive/dead/ agent=0/inactive/ jphase=absent killpid=3950,4664,
13:15:49.076736484 pdns=3078/0/active/running/ named=0/inactive/dead/ agent=0/inactive/ jphase=absent killpid=3950,4664,
13:15:49.389415924 pdns=3078/0/active/running/ named=0/inactive/dead/ agent=0/inactive/ jphase=absent killpid=3950,4664,
13:15:49.680844957 pdns=3078/0/active/running/ named=0/inactive/dead/ agent=0/inactive/ jphase=absent killpid=3950,5474,
13:15:49.968416091 CHANGE ledger 1859a7787576def2bbb35626b8c0906952281ac383c463336365775fc662fc88 -> d454069657189cb2a284110936dd8f6f6b1c3ed7be0a39b73a167054e0e38012
13:15:49.975722152 pdns=3078/0/active/running/ named=0/inactive/dead/ agent=0/inactive/ jphase=absent killpid=3950,5587,
13:15:50.487224368 CHANGE ledger d454069657189cb2a284110936dd8f6f6b1c3ed7be0a39b73a167054e0e38012 -> efbf9c46c8bafa14ef0743e135e402a85698c70359a0677b485154a5afc58322
13:15:50.492546949 pdns=3078/0/active/running/ named=0/inactive/dead/ agent=0/inactive/ jphase=absent killpid=3950,5714,
13:15:51.067272419 CHANGE ledger efbf9c46c8bafa14ef0743e135e402a85698c70359a0677b485154a5afc58322 -> a1a4415d49b37358926cf389d2fa11392dbe0c65c7108612c893356b93e768ed
13:15:51.076874364 pdns=3078/0/active/running/ named=0/inactive/dead/ agent=0/inactive/ jphase=absent killpid=3950,
13:15:51.384996495 CHANGE ledger a1a4415d49b37358926cf389d2fa11392dbe0c65c7108612c893356b93e768ed -> ff34443fd9bddab7a08ea1799cdf7f985534eccbb9e1d084f3d16ab42f907b8c
13:15:51.391925765 pdns=3078/0/active/running/ named=0/inactive/dead/ agent=0/inactive/ jphase=absent killpid=3950,
13:15:51.713587868 CHANGE ledger ff34443fd9bddab7a08ea1799cdf7f985534eccbb9e1d084f3d16ab42f907b8c -> 55fc5457cf727d0744a71ba84265a3073df0d7cecc835ea7beec88a8ecfd250b
13:15:51.718441813 pdns=3078/0/active/running/ named=0/inactive/dead/ agent=0/inactive/ jphase=absent killpid=3950,5954,
13:15:52.013687914 CHANGE ledger 55fc5457cf727d0744a71ba84265a3073df0d7cecc835ea7beec88a8ecfd250b -> 9a737055ee814238aaf07b422b1dc764e3631178979d685ae972f43c19f35a8f
13:15:52.020690386 pdns=3078/0/active/running/ named=0/inactive/dead/ agent=0/inactive/ jphase=absent killpid=3950,6028,
13:15:52.308194615 CHANGE ledger 9a737055ee814238aaf07b422b1dc764e3631178979d685ae972f43c19f35a8f -> 9afa7aa2bf37ef2d869aea34b4af43eb9ff99a974d8eecf1055d53b5beeec73a
13:15:52.316460106 pdns=3078/0/active/running/ named=0/inactive/dead/ agent=0/inactive/ jphase=absent killpid=3950,
13:15:52.636841754 CHANGE ledger 9afa7aa2bf37ef2d869aea34b4af43eb9ff99a974d8eecf1055d53b5beeec73a -> c6ab6a9e25d0553a193352c9786551b194695bf44a26e2f08b0f31c9bc5b7607
13:15:52.642687015 pdns=3078/0/active/running/ named=0/inactive/dead/ agent=0/inactive/ jphase=absent killpid=3950,6196,
13:15:52.956697204 CHANGE ledger c6ab6a9e25d0553a193352c9786551b194695bf44a26e2f08b0f31c9bc5b7607 -> 64e6b106f20f47e103f187d2ea234f3bb61ee9013a6489e052ec48f8af156e58
13:15:52.962432451 pdns=3078/0/active/running/ named=0/inactive/dead/ agent=0/inactive/ jphase=absent killpid=3950,
13:15:53.270120953 CHANGE ledger 64e6b106f20f47e103f187d2ea234f3bb61ee9013a6489e052ec48f8af156e58 -> 0168debd7fc35bc3056fd98a011d939f3485e6556890415c4a36156f61976ec1
13:15:53.276050811 pdns=3078/0/active/running/ named=0/inactive/dead/ agent=0/inactive/ jphase=absent killpid=3950,
13:15:53.564604974 CHANGE ledger 0168debd7fc35bc3056fd98a011d939f3485e6556890415c4a36156f61976ec1 -> c6696254076bc44be0dca8cbf6a5d1500874bccfecb24c710bee2e9d477cc1c0
13:15:53.569355845 pdns=3078/0/active/running/ named=0/inactive/dead/ agent=0/inactive/ jphase=absent killpid=3950,
13:15:53.861342872 CHANGE ledger c6696254076bc44be0dca8cbf6a5d1500874bccfecb24c710bee2e9d477cc1c0 -> 58a6ae92f918c7f73b790011359a1d7887c742357938c632567746d5407428f8
13:15:53.869625750 pdns=3078/0/active/running/ named=0/inactive/dead/ agent=0/inactive/ jphase=absent killpid=3950,6550,
13:15:54.202654760 CHANGE ledger 58a6ae92f918c7f73b790011359a1d7887c742357938c632567746d5407428f8 -> 27759389beca62baee00803dba63a1d33644b94054dd684559ad0d0ccbdd4761
13:15:54.211677951 pdns=3078/0/active/running/ named=0/inactive/dead/ agent=0/inactive/ jphase=absent killpid=3950,
13:15:54.523735668 CHANGE ledger 27759389beca62baee00803dba63a1d33644b94054dd684559ad0d0ccbdd4761 -> 00bc77984d4aac79b8ce0ed55c532a6cc37790b276245dcd04c2bd817daa96e5
13:15:54.528383408 pdns=3078/0/active/running/ named=0/inactive/dead/ agent=0/inactive/ jphase=absent killpid=3950,
13:15:54.817943427 CHANGE ledger 00bc77984d4aac79b8ce0ed55c532a6cc37790b276245dcd04c2bd817daa96e5 -> 883292ea6542b60ce1b471d9fd30af36523c4896fdf46711394fd9f72e9060b3
13:15:54.824931792 pdns=3078/0/active/running/ named=0/inactive/dead/ agent=0/inactive/ jphase=absent killpid=3950,
13:15:55.118192467 CHANGE journal absent -> 0e87a22747d5444686a66a65bcd5ba458b3bf8ec3b51412401f50ef3fee3d98f
13:15:55.127080680 CHANGE ledger 883292ea6542b60ce1b471d9fd30af36523c4896fdf46711394fd9f72e9060b3 -> 33761563d75747f30067958d7120ab1d38e8e19918f88de6123d23af36994824
13:15:55.132425530 pdns=3078/0/active/running/ named=0/inactive/dead/ agent=0/inactive/ jphase=intent killpid=3950,
13:15:55.404068653 CHANGE journal 0e87a22747d5444686a66a65bcd5ba458b3bf8ec3b51412401f50ef3fee3d98f -> 72a9cced0958077fd9160c36cbf71d4e7a56ebdecf624483dda5e113c9487d1d
13:15:55.413792816 CHANGE ledger 33761563d75747f30067958d7120ab1d38e8e19918f88de6123d23af36994824 -> c7e688c9c40764befcedcc2415eb9b5a4e062a9545454bd90973bf078edc94e8
13:15:55.417846819 pdns=3078/0/active/running/ named=0/inactive/dead/ agent=0/inactive/ jphase=source-stopped killpid=3950,6978,
13:15:55.718685445 CHANGE journal 72a9cced0958077fd9160c36cbf71d4e7a56ebdecf624483dda5e113c9487d1d -> 9f82cfad7820273b6d10f39bf39f93bb58fe432c454db2d991a26c8a9c2e4dc2
13:15:55.732267555 CHANGE ledger c7e688c9c40764befcedcc2415eb9b5a4e062a9545454bd90973bf078edc94e8 -> d87960d6892e5788e2efa7f7aca3948de259c313198aa4dc05140cb184dc155b
13:15:55.740211364 pdns=0/0/inactive/dead/ named=0/inactive/dead/ agent=0/inactive/ jphase=source-stopped killpid=3950,7128,
13:15:56.473095853 CHANGE ledger d87960d6892e5788e2efa7f7aca3948de259c313198aa4dc05140cb184dc155b -> fdd03e061fb6b5902fa4f923522bbd3143f431a36dc54ede219e3ef20d397029
13:15:56.478037798 pdns=0/0/inactive/dead/ named=0/inactive/dead/ agent=0/inactive/ jphase=source-stopped killpid=3950,
13:15:56.993035315 CHANGE ledger fdd03e061fb6b5902fa4f923522bbd3143f431a36dc54ede219e3ef20d397029 -> 325a70263470bc326d7668c912a829e0a1a8120d9de505209d4423d0f02e5afd
13:15:56.999955778 pdns=0/0/inactive/dead/ named=0/inactive/dead/ agent=0/inactive/ jphase=source-stopped killpid=3950,
13:15:57.295537325 CHANGE ledger 325a70263470bc326d7668c912a829e0a1a8120d9de505209d4423d0f02e5afd -> 2182c323d33b4c1912463ddbc869007513923d7e8f57a6b4e4e4af432010f6d0
13:15:57.302975518 pdns=0/0/inactive/dead/ named=0/inactive/dead/ agent=0/inactive/ jphase=source-stopped killpid=3950,7391,
13:15:57.959438370 CHANGE ledger 2182c323d33b4c1912463ddbc869007513923d7e8f57a6b4e4e4af432010f6d0 -> e5a7861c5396832bde29dc904d1a669d09ce8f8b4ef667be147cd566aa47b497
13:15:57.970228884 pdns=0/0/inactive/dead/ named=0/inactive/dead/ agent=0/inactive/ jphase=source-stopped killpid=3950,
13:15:58.393484494 CHANGE ledger e5a7861c5396832bde29dc904d1a669d09ce8f8b4ef667be147cd566aa47b497 -> 0137a6b456bd721cd9370348489ae98c7e26b1c60048725b54edbfc7dd81a137
13:15:58.401952175 pdns=0/0/inactive/dead/ named=0/inactive/dead/ agent=0/inactive/ jphase=source-stopped killpid=3950,7713,
13:15:58.708218341 CHANGE ledger 0137a6b456bd721cd9370348489ae98c7e26b1c60048725b54edbfc7dd81a137 -> 8240c8bb939c42dbca6a5f9c447562d79955b5d876f2ab7c88140ec30eeeb0eb
13:15:58.713212812 pdns=0/0/inactive/dead/ named=7759/active/running/ agent=0/inactive/ jphase=source-stopped killpid=3950,7807,
13:15:59.031351930 CHANGE ledger 8240c8bb939c42dbca6a5f9c447562d79955b5d876f2ab7c88140ec30eeeb0eb -> 5549a4cae3204d17071b2eb5973ff7b477e8945b45718be7e8aebb32224846a8
13:15:59.038938634 pdns=0/0/inactive/dead/ named=7759/active/running/ agent=0/inactive/ jphase=source-stopped killpid=3950,7914,
13:15:59.355288353 CHANGE ledger 5549a4cae3204d17071b2eb5973ff7b477e8945b45718be7e8aebb32224846a8 -> c0097bddacdfdc4bdcbece7733eaf350bf3d81af3a25c7374269e5d78d22af34
13:15:59.360682477 pdns=0/0/inactive/dead/ named=7759/active/running/ agent=0/inactive/ jphase=source-stopped killpid=3950,
13:15:59.665436277 CHANGE ledger c0097bddacdfdc4bdcbece7733eaf350bf3d81af3a25c7374269e5d78d22af34 -> ad627ea7241cf4d4e676a4c8049594ee8029608d55f3128d478cfa9c33ab65e0
13:15:59.673428067 pdns=0/0/inactive/dead/ named=7759/active/running/ agent=0/inactive/ jphase=source-stopped killpid=3950,8116,
13:15:59.976503626 CHANGE journal 9f82cfad7820273b6d10f39bf39f93bb58fe432c454db2d991a26c8a9c2e4dc2 -> cdc37f0f198149c594f7d5785935f176363590c26728f69d8444ea86b060034b
13:15:59.988818906 CHANGE ledger ad627ea7241cf4d4e676a4c8049594ee8029608d55f3128d478cfa9c33ab65e0 -> 0e568654a5d38eb1e7ab08c21e237c319d7766da54fd1bee3720ab9d4588aee0
13:15:59.998297964 pdns=0/0/inactive/dead/ named=7759/active/running/ agent=8194/active/ jphase=target-started killpid=
13:16:00.395403468 CHANGE journal cdc37f0f198149c594f7d5785935f176363590c26728f69d8444ea86b060034b -> cb6aaa637af1cb0e8cd55968f262d72067318b4b45018226ff93eeb6ad8872c0
13:16:00.408279853 CHANGE ledger 0e568654a5d38eb1e7ab08c21e237c319d7766da54fd1bee3720ab9d4588aee0 -> e4baedb32deaf0b89247d4eef483c635fbdbd26a7919c4b446343e7909f66d00
13:16:00.416069893 pdns=0/0/inactive/dead/ named=7759/active/running/ agent=8194/active/ jphase=rolling-back killpid=
13:16:00.726261621 pdns=0/0/inactive/dead/ named=7759/active/running/ agent=8194/active/ jphase=rolling-back killpid=
13:16:00.998265914 pdns=0/0/inactive/dead/ named=7759/active/running/ agent=8194/active/ jphase=rolling-back killpid=
13:16:01.266665839 pdns=0/0/inactive/dead/ named=7759/active/running/ agent=8194/active/ jphase=rolling-back killpid=
13:16:01.538873779 pdns=0/0/inactive/dead/ named=7759/active/running/ agent=8194/active/ jphase=rolling-back killpid=
13:16:01.819014611 pdns=0/0/inactive/dead/ named=7759/active/running/ agent=8194/active/ jphase=rolling-back killpid=
