15:39:56.410651053 CHANGE journal none -> absent
15:39:56.423639953 CHANGE ledger none -> d69774a4ee782d849a97fa900e44afed943b0562e180300ca84ee1b8999fe9d2
15:39:56.431686276 CHANGE state none -> eae4ab1ed1a027dc98071dbebb3e75a21dc5da0a24f7739d039099c7905b0618
15:39:56.437368495 POINTER /var/cache/bind/celikpanel mtime=2026-09-29 15:38:55.794579156 +0000 ino=131543 /var/cache/bind/celikpanel/current mtime=2026-09-29 15:38:55.790578770 +0000 ino=131554 -> '/var/cache/bind/celikpanel/current' -> 'generations/74c26315936f7313d3130d7a80a331fa18a426779477e4b49f6569c15b8d0e77' 
15:39:56.438850970 pdns=0/0/inactive/dead/ named=646/active/running/ agent=0/inactive/ jphase=absent killpid=
15:39:56.813380566 pdns=0/0/inactive/dead/ named=646/active/running/ agent=0/inactive/ jphase=absent killpid=
15:39:57.091875548 pdns=0/0/inactive/dead/ named=646/active/running/ agent=0/inactive/ jphase=absent killpid=
15:39:57.371167011 pdns=0/0/inactive/dead/ named=646/active/running/ agent=0/inactive/ jphase=absent killpid=
15:39:57.649133839 pdns=0/0/inactive/dead/ named=646/active/running/ agent=0/inactive/ jphase=absent killpid=
15:39:57.926780215 pdns=0/0/inactive/dead/ named=646/active/running/ agent=0/inactive/ jphase=absent killpid=
15:39:58.205911429 pdns=0/0/inactive/dead/ named=646/active/running/ agent=0/inactive/ jphase=absent killpid=
15:39:58.479953020 pdns=0/0/inactive/dead/ named=646/active/running/ agent=0/inactive/ jphase=absent killpid=
15:39:58.754693550 pdns=0/0/inactive/dead/ named=646/active/running/ agent=0/inactive/ jphase=absent killpid=
15:39:59.032079361 pdns=0/0/inactive/dead/ named=646/active/running/ agent=0/inactive/ jphase=absent killpid=
15:39:59.310732032 pdns=0/0/inactive/dead/ named=646/active/running/ agent=0/inactive/ jphase=absent killpid=
15:39:59.596764269 pdns=0/0/inactive/dead/ named=646/active/running/ agent=0/inactive/ jphase=absent killpid=
15:39:59.885737416 pdns=0/0/inactive/dead/ named=646/active/running/ agent=0/inactive/ jphase=absent killpid=
15:40:00.172189026 pdns=0/0/inactive/dead/ named=646/active/running/ agent=0/inactive/ jphase=absent killpid=
15:40:00.455331786 pdns=0/0/inactive/dead/ named=646/active/running/ agent=0/inactive/ jphase=absent killpid=
15:40:00.741297970 pdns=0/0/inactive/dead/ named=646/active/running/ agent=0/inactive/ jphase=absent killpid=
15:40:01.044811910 pdns=0/0/inactive/dead/ named=646/active/running/ agent=0/inactive/ jphase=absent killpid=
15:40:02.918468934 pdns=0/0/inactive/dead/ named=646/active/running/ agent=0/inactive/ jphase=absent killpid=
15:40:03.224566668 pdns=0/0/inactive/dead/ named=646/active/running/ agent=0/inactive/ jphase=absent killpid=
15:40:03.506398920 pdns=0/0/inactive/dead/ named=646/active/running/ agent=0/inactive/ jphase=absent killpid=
15:40:03.786605415 pdns=0/0/inactive/dead/ named=646/active/running/ agent=0/inactive/ jphase=absent killpid=
15:40:04.062792674 pdns=0/0/inactive/dead/ named=646/active/running/ agent=0/inactive/ jphase=absent killpid=
15:40:04.337967082 pdns=0/0/inactive/dead/ named=646/active/running/ agent=0/inactive/ jphase=absent killpid=
15:40:04.613853168 pdns=0/0/inactive/dead/ named=646/active/running/ agent=0/inactive/ jphase=absent killpid=
15:40:04.888234317 pdns=0/0/inactive/dead/ named=646/active/running/ agent=0/inactive/ jphase=absent killpid=
15:40:05.163622393 pdns=0/0/inactive/dead/ named=646/active/running/ agent=0/inactive/ jphase=absent killpid=
15:40:05.440112843 pdns=0/0/inactive/dead/ named=646/active/running/ agent=0/inactive/ jphase=absent killpid=
15:40:05.716493752 pdns=0/0/inactive/dead/ named=646/active/running/ agent=0/inactive/ jphase=absent killpid=
15:40:05.993535111 pdns=0/0/inactive/dead/ named=646/active/running/ agent=0/inactive/ jphase=absent killpid=
15:40:06.277261217 pdns=0/0/inactive/dead/ named=646/active/running/ agent=0/inactive/ jphase=absent killpid=
15:40:06.559013968 pdns=0/0/inactive/dead/ named=646/active/running/ agent=0/inactive/ jphase=absent killpid=
15:40:06.841009471 pdns=0/0/inactive/dead/ named=646/active/running/ agent=0/inactive/ jphase=absent killpid=
15:40:07.118309331 pdns=0/0/inactive/dead/ named=646/active/running/ agent=0/inactive/ jphase=absent killpid=
15:40:07.393335082 pdns=0/0/inactive/dead/ named=646/active/running/ agent=0/inactive/ jphase=absent killpid=
15:40:07.670688151 pdns=0/0/inactive/dead/ named=646/active/running/ agent=0/inactive/ jphase=absent killpid=
15:40:07.946963302 pdns=0/0/inactive/dead/ named=646/active/running/ agent=0/inactive/ jphase=absent killpid=
15:40:08.229234055 pdns=0/0/inactive/dead/ named=646/active/running/ agent=0/inactive/ jphase=absent killpid=
15:40:08.513848561 pdns=0/0/inactive/dead/ named=646/active/running/ agent=0/inactive/ jphase=absent killpid=
15:40:08.797345851 pdns=0/0/inactive/dead/ named=646/active/running/ agent=0/inactive/ jphase=absent killpid=
15:40:09.083062971 pdns=0/0/inactive/dead/ named=646/active/running/ agent=0/inactive/ jphase=absent killpid=
15:40:09.379562810 pdns=0/0/inactive/dead/ named=646/active/running/ agent=0/inactive/ jphase=absent killpid=
15:40:09.668814793 pdns=0/0/inactive/dead/ named=646/active/running/ agent=0/inactive/ jphase=absent killpid=
15:40:09.950775140 pdns=0/0/inactive/dead/ named=646/active/running/ agent=0/inactive/ jphase=absent killpid=
15:40:10.229975322 pdns=0/0/inactive/dead/ named=646/active/running/ agent=0/inactive/ jphase=absent killpid=
15:40:10.517200688 pdns=0/0/inactive/dead/ named=646/active/running/ agent=0/inactive/ jphase=absent killpid=
15:40:10.817423114 pdns=0/0/inactive/dead/ named=646/active/running/ agent=0/inactive/ jphase=absent killpid=
15:40:11.098200425 pdns=0/0/inactive/dead/ named=646/active/running/ agent=0/inactive/ jphase=absent killpid=
15:40:11.382007114 pdns=0/0/inactive/dead/ named=646/active/running/ agent=0/inactive/ jphase=absent killpid=
15:40:11.669909807 pdns=0/0/inactive/dead/ named=646/active/running/ agent=0/inactive/ jphase=absent killpid=
15:40:11.953403497 pdns=0/0/inactive/dead/ named=646/active/running/ agent=0/inactive/ jphase=absent killpid=
15:40:12.229622673 pdns=0/0/inactive/dead/ named=646/active/running/ agent=0/inactive/ jphase=absent killpid=
15:40:12.517030838 pdns=0/0/inactive/dead/ named=646/active/running/ agent=0/inactive/ jphase=absent killpid=
15:40:12.809649032 pdns=0/0/inactive/dead/ named=646/active/running/ agent=0/inactive/ jphase=absent killpid=
15:40:13.086607535 pdns=0/0/inactive/dead/ named=646/active/running/ agent=0/inactive/ jphase=absent killpid=
15:40:13.361813132 pdns=0/0/inactive/dead/ named=646/active/running/ agent=0/inactive/ jphase=absent killpid=
15:40:13.651354590 pdns=0/0/inactive/dead/ named=646/active/running/ agent=0/inactive/ jphase=absent killpid=
15:40:13.956884819 pdns=0/0/inactive/dead/ named=646/active/running/ agent=0/inactive/ jphase=absent killpid=
15:40:14.232671327 pdns=0/0/inactive/dead/ named=646/active/running/ agent=0/inactive/ jphase=absent killpid=
15:40:14.511507733 pdns=0/0/inactive/dead/ named=646/active/running/ agent=0/inactive/ jphase=absent killpid=
15:40:14.791211663 pdns=0/0/inactive/dead/ named=646/active/running/ agent=0/inactive/ jphase=absent killpid=
15:40:15.067517171 pdns=0/0/inactive/dead/ named=646/active/running/ agent=0/inactive/ jphase=absent killpid=
15:40:15.344361767 pdns=0/0/inactive/dead/ named=646/active/running/ agent=0/inactive/ jphase=absent killpid=
15:40:15.621289216 pdns=0/0/inactive/dead/ named=646/active/running/ agent=0/inactive/ jphase=absent killpid=
15:40:15.904824455 pdns=0/0/inactive/dead/ named=646/active/running/ agent=0/inactive/ jphase=absent killpid=
15:40:16.180569091 pdns=0/0/inactive/dead/ named=646/active/running/ agent=0/inactive/ jphase=absent killpid=
15:40:16.456583160 pdns=0/0/inactive/dead/ named=646/active/running/ agent=0/inactive/ jphase=absent killpid=
15:40:16.734589317 pdns=0/0/inactive/dead/ named=646/active/running/ agent=0/inactive/ jphase=absent killpid=
15:40:17.019887790 pdns=0/0/inactive/dead/ named=646/active/running/ agent=0/inactive/ jphase=absent killpid=
15:40:17.301026653 pdns=0/0/inactive/dead/ named=646/active/running/ agent=0/inactive/ jphase=absent killpid=
15:40:17.579493702 pdns=0/0/inactive/dead/ named=646/active/running/ agent=0/inactive/ jphase=absent killpid=
15:40:17.869571379 pdns=0/0/inactive/dead/ named=646/active/running/ agent=0/inactive/ jphase=absent killpid=
15:40:18.150519257 pdns=0/0/inactive/dead/ named=646/active/running/ agent=0/inactive/ jphase=absent killpid=
15:40:18.439802465 pdns=0/0/inactive/dead/ named=646/active/running/ agent=0/inactive/ jphase=absent killpid=
15:40:18.720414858 pdns=0/0/inactive/dead/ named=646/active/running/ agent=0/inactive/ jphase=absent killpid=
15:40:19.001833285 pdns=0/0/inactive/dead/ named=646/active/running/ agent=0/inactive/ jphase=absent killpid=
15:40:19.289112016 pdns=0/0/inactive/dead/ named=646/active/running/ agent=0/inactive/ jphase=absent killpid=
15:40:19.577336416 pdns=0/0/inactive/dead/ named=646/active/running/ agent=0/inactive/ jphase=absent killpid=
15:40:19.860208222 pdns=0/0/inactive/dead/ named=646/active/running/ agent=0/inactive/ jphase=absent killpid=
15:40:20.883066020 pdns=0/0/inactive/dead/ named=646/active/running/ agent=0/inactive/ jphase=absent killpid=
15:40:21.166615770 pdns=0/0/inactive/dead/ named=646/active/running/ agent=0/inactive/ jphase=absent killpid=
15:40:21.445911579 pdns=0/0/inactive/dead/ named=646/active/running/ agent=0/inactive/ jphase=absent killpid=
15:40:21.726862976 pdns=0/0/inactive/dead/ named=646/active/running/ agent=0/inactive/ jphase=absent killpid=
15:40:22.003482538 pdns=0/0/inactive/dead/ named=646/active/running/ agent=0/inactive/ jphase=absent killpid=
15:40:22.281922895 pdns=0/0/inactive/dead/ named=646/active/running/ agent=0/inactive/ jphase=absent killpid=
15:40:22.557066385 pdns=0/0/inactive/dead/ named=646/active/running/ agent=0/inactive/ jphase=absent killpid=
15:40:22.833523744 pdns=0/0/inactive/dead/ named=646/active/running/ agent=0/inactive/ jphase=absent killpid=
15:40:23.115615567 pdns=0/0/inactive/dead/ named=646/active/running/ agent=0/inactive/ jphase=absent killpid=
15:40:23.390743669 pdns=0/0/inactive/dead/ named=646/active/running/ agent=0/inactive/ jphase=absent killpid=
15:40:23.670736249 pdns=0/0/inactive/dead/ named=646/active/running/ agent=0/inactive/ jphase=absent killpid=
15:40:23.947411654 pdns=0/0/inactive/dead/ named=646/active/running/ agent=0/inactive/ jphase=absent killpid=
15:40:24.225170188 pdns=0/0/inactive/dead/ named=646/active/running/ agent=0/inactive/ jphase=absent killpid=
15:40:24.511851737 pdns=0/0/inactive/dead/ named=646/active/running/ agent=0/inactive/ jphase=absent killpid=
15:40:24.792498142 pdns=0/0/inactive/dead/ named=646/active/running/ agent=0/inactive/ jphase=absent killpid=
15:40:25.073693782 pdns=0/0/inactive/dead/ named=646/active/running/ agent=0/inactive/ jphase=absent killpid=
15:40:25.354533263 pdns=0/0/inactive/dead/ named=646/active/running/ agent=0/inactive/ jphase=absent killpid=
15:40:25.638654999 pdns=0/0/inactive/dead/ named=646/active/running/ agent=0/inactive/ jphase=absent killpid=
15:40:25.921475128 pdns=0/0/inactive/dead/ named=646/active/running/ agent=0/inactive/ jphase=absent killpid=
15:40:26.201857795 pdns=0/0/inactive/dead/ named=646/active/running/ agent=0/inactive/ jphase=absent killpid=
15:40:26.494306241 pdns=0/0/inactive/dead/ named=646/active/running/ agent=0/inactive/ jphase=absent killpid=
15:40:26.803050259 pdns=0/0/inactive/dead/ named=646/active/running/ agent=0/inactive/ jphase=absent killpid=
done
