23:25:16.467991321 CHANGE journal none -> absent
23:25:16.481023102 CHANGE ledger none -> 177f61d12ed0bb85e6ea535b807b376e26bbe0871405a13867c0b3cb6ea4b211
23:25:16.485759377 CHANGE state none -> absent
23:25:16.490115907 CHANGE pdnsdb none -> absent
23:25:16.494595945 POINTER 
23:25:16.496339412 pdns=0/0/inactive/dead/ named=0/inactive/dead/ agent=0/inactive/ jphase=absent killpid=
23:25:16.778654072 pdns=0/0/inactive/dead/ named=0/inactive/dead/ agent=0/inactive/ jphase=absent killpid=
23:25:17.056160707 pdns=0/0/inactive/dead/ named=0/inactive/dead/ agent=0/inactive/ jphase=absent killpid=
23:25:17.335213377 pdns=0/0/inactive/dead/ named=0/inactive/dead/ agent=0/inactive/ jphase=absent killpid=
23:25:17.614185719 pdns=0/0/inactive/dead/ named=0/inactive/dead/ agent=0/inactive/ jphase=absent killpid=
23:25:17.904243536 pdns=0/0/inactive/dead/ named=0/inactive/dead/ agent=0/inactive/ jphase=absent killpid=
23:25:18.203420188 pdns=0/0/inactive/dead/ named=0/inactive/dead/ agent=0/inactive/ jphase=absent killpid=1893,
23:25:18.477590423 pdns=0/0/inactive/dead/ named=0/inactive/dead/ agent=0/inactive/ jphase=absent killpid=1893,
23:25:18.750645912 pdns=0/0/inactive/dead/ named=0/inactive/dead/ agent=0/inactive/ jphase=absent killpid=1893,
23:25:19.023533819 pdns=0/0/inactive/dead/ named=0/inactive/dead/ agent=0/inactive/ jphase=absent killpid=1893,
23:25:19.300313501 CHANGE ledger 177f61d12ed0bb85e6ea535b807b376e26bbe0871405a13867c0b3cb6ea4b211 -> ab387c513b70ba85bc067545b32df2a96d030832d5776e1b4b57cbb68b1a5a01
23:25:19.305772475 pdns=0/0/inactive/dead/ named=0/inactive/dead/ agent=0/inactive/ jphase=absent killpid=1893,2075,
23:25:19.605573356 CHANGE ledger ab387c513b70ba85bc067545b32df2a96d030832d5776e1b4b57cbb68b1a5a01 -> e598f49b6bcf8b12fc6129dd66761de9ae64dbb984a06228ad8f8fee6fb57f25
23:25:19.609400371 pdns=0/0/inactive/dead/ named=0/inactive/dead/ agent=0/inactive/ jphase=absent killpid=1893,2109,
23:25:19.890895644 pdns=0/0/inactive/dead/ named=0/inactive/dead/ agent=0/inactive/ jphase=absent killpid=1893,2109,
23:25:20.170406169 pdns=0/0/inactive/dead/ named=0/inactive/dead/ agent=0/inactive/ jphase=absent killpid=1893,2109,
23:25:20.456236283 pdns=0/0/inactive/dead/ named=0/inactive/dead/ agent=0/inactive/ jphase=absent killpid=1893,2109,
23:25:20.752156040 pdns=0/0/inactive/dead/ named=0/inactive/dead/ agent=0/inactive/ jphase=absent killpid=1893,2109,
23:25:21.034908796 pdns=0/0/inactive/dead/ named=0/inactive/dead/ agent=0/inactive/ jphase=absent killpid=1893,2109,
23:25:21.318991570 pdns=0/0/inactive/dead/ named=0/inactive/dead/ agent=0/inactive/ jphase=absent killpid=1893,2109,
23:25:21.620303119 pdns=0/0/inactive/dead/ named=0/inactive/dead/ agent=0/inactive/ jphase=absent killpid=1893,2109,
23:25:21.905702640 pdns=0/0/inactive/dead/ named=0/inactive/dead/ agent=0/inactive/ jphase=absent killpid=1893,2109,
23:25:22.180718231 pdns=0/0/inactive/dead/ named=0/inactive/dead/ agent=0/inactive/ jphase=absent killpid=1893,2109,
23:25:22.460673963 pdns=0/0/inactive/dead/ named=0/inactive/dead/ agent=0/inactive/ jphase=absent killpid=1893,2109,
23:25:22.742130281 pdns=0/0/inactive/dead/ named=0/inactive/dead/ agent=0/inactive/ jphase=absent killpid=1893,2109,
23:25:23.032713723 pdns=0/0/inactive/dead/ named=0/inactive/dead/ agent=0/inactive/ jphase=absent killpid=1893,2109,
23:25:23.341060944 pdns=0/0/inactive/dead/ named=0/inactive/dead/ agent=0/inactive/ jphase=absent killpid=1893,2109,
23:25:23.642952394 pdns=0/0/inactive/dead/ named=0/inactive/dead/ agent=0/inactive/ jphase=absent killpid=1893,2109,
23:25:23.918357849 pdns=0/0/inactive/dead/ named=0/inactive/dead/ agent=0/inactive/ jphase=absent killpid=1893,2109,
23:25:24.199043671 pdns=0/0/inactive/dead/ named=0/inactive/dead/ agent=0/inactive/ jphase=absent killpid=1893,2109,
23:25:24.486589463 CHANGE ledger e598f49b6bcf8b12fc6129dd66761de9ae64dbb984a06228ad8f8fee6fb57f25 -> d1ec239d91ba3182540adbe01a16a0598f190d01452348a66f8f3960bbbce5ad
23:25:24.490822673 pdns=0/0/inactive/dead/ named=0/inactive/dead/ agent=0/inactive/ jphase=absent killpid=1893,2109,
23:25:24.775864202 pdns=0/0/inactive/dead/ named=0/inactive/dead/ agent=0/inactive/ jphase=absent killpid=1893,2109,
23:25:25.078082988 pdns=0/0/inactive/dead/ named=0/inactive/dead/ agent=0/inactive/ jphase=absent killpid=1893,2109,
23:25:25.386736491 pdns=0/0/inactive/dead/ named=0/inactive/dead/ agent=0/inactive/ jphase=absent killpid=1893,2109,
23:25:25.695050079 pdns=0/0/inactive/dead/ named=0/inactive/dead/ agent=0/inactive/ jphase=absent killpid=1893,2109,
23:25:25.982857599 pdns=0/0/inactive/dead/ named=0/inactive/dead/ agent=0/inactive/ jphase=absent killpid=1893,2109,
23:25:26.284140343 pdns=0/0/inactive/dead/ named=0/inactive/dead/ agent=0/inactive/ jphase=absent killpid=1893,2109,
23:25:26.582190027 pdns=0/0/inactive/dead/ named=0/inactive/dead/ agent=0/inactive/ jphase=absent killpid=1893,2109,
23:25:26.868366099 pdns=0/0/inactive/dead/ named=0/inactive/dead/ agent=0/inactive/ jphase=absent killpid=1893,2109,
23:25:27.158528687 pdns=0/0/inactive/dead/ named=0/inactive/dead/ agent=0/inactive/ jphase=absent killpid=1893,
23:25:27.473358142 CHANGE ledger d1ec239d91ba3182540adbe01a16a0598f190d01452348a66f8f3960bbbce5ad -> 5c5ddfc2ed7db40e2a00658a11800e7d303429576ba4eca431c89ec0ecb21af2
23:25:27.478360571 pdns=0/0/inactive/dead/ named=0/inactive/dead/ agent=0/inactive/ jphase=absent killpid=1893,
23:25:27.908813561 CHANGE ledger 5c5ddfc2ed7db40e2a00658a11800e7d303429576ba4eca431c89ec0ecb21af2 -> 536b08f6d158ea274cdb1e167139996e61bd1d502550d725c4dec8f84d6445b3
23:25:27.912972615 pdns=0/0/inactive/dead/ named=0/inactive/dead/ agent=0/inactive/ jphase=absent killpid=1893,2966,
23:25:28.204073212 pdns=0/0/inactive/dead/ named=0/inactive/dead/ agent=0/inactive/ jphase=absent killpid=1893,2966,
23:25:28.502087465 pdns=0/0/inactive/dead/ named=0/inactive/dead/ agent=0/inactive/ jphase=absent killpid=1893,2966,
23:25:28.788407934 pdns=0/0/inactive/dead/ named=0/inactive/dead/ agent=0/inactive/ jphase=absent killpid=1893,2966,
23:25:29.092190199 pdns=0/0/inactive/dead/ named=0/inactive/dead/ agent=0/inactive/ jphase=absent killpid=1893,2966,
23:25:29.385728698 CHANGE ledger 536b08f6d158ea274cdb1e167139996e61bd1d502550d725c4dec8f84d6445b3 -> 355ddfd354b56b29718eec33568a53298fe7f9656a449ff8e8309c1135c8e946
23:25:29.390616357 pdns=0/0/inactive/dead/ named=0/inactive/dead/ agent=0/inactive/ jphase=absent killpid=1893,2966,
23:25:29.679248231 pdns=0/0/inactive/dead/ named=0/inactive/dead/ agent=0/inactive/ jphase=absent killpid=1893,2966,
23:25:29.967878469 pdns=0/0/inactive/dead/ named=0/inactive/dead/ agent=0/inactive/ jphase=absent killpid=1893,2966,
23:25:30.273606254 pdns=0/0/inactive/dead/ named=0/inactive/dead/ agent=0/inactive/ jphase=absent killpid=1893,2966,
23:25:30.558667354 pdns=0/0/inactive/dead/ named=0/inactive/dead/ agent=0/inactive/ jphase=absent killpid=1893,2966,
23:25:30.851360738 pdns=0/0/inactive/dead/ named=0/inactive/dead/ agent=0/inactive/ jphase=absent killpid=1893,2966,
23:25:31.146562351 pdns=0/0/inactive/dead/ named=0/inactive/dead/ agent=0/inactive/ jphase=absent killpid=1893,2966,
23:25:31.464378008 pdns=0/0/inactive/dead/ named=0/inactive/dead/ agent=0/inactive/ jphase=absent killpid=1893,2966,
23:25:31.750027198 pdns=0/0/inactive/dead/ named=0/inactive/dead/ agent=0/inactive/ jphase=absent killpid=1893,2966,
23:25:32.061145610 CHANGE ledger 355ddfd354b56b29718eec33568a53298fe7f9656a449ff8e8309c1135c8e946 -> 80e909fbd288f07a4f30014aafb6212f87094643c32f74c83cf3d86dad8053d2
23:25:32.072609472 pdns=0/0/inactive/dead/ named=0/inactive/dead/ agent=0/inactive/ jphase=absent killpid=1893,3529,
23:25:32.608173028 CHANGE ledger 80e909fbd288f07a4f30014aafb6212f87094643c32f74c83cf3d86dad8053d2 -> d183c7ec9ffae4b33795dbbb6e93946bbde8e857be8d77871179cc2959fc43c6
23:25:32.616115908 pdns=0/0/inactive/dead/ named=0/inactive/dead/ agent=0/inactive/ jphase=absent killpid=1893,
23:25:32.929934174 CHANGE journal absent -> c6e24c9e29de07fb28618169646a06b4869c30c2ee977a2909734a2456b46f93
23:25:32.941157915 CHANGE ledger d183c7ec9ffae4b33795dbbb6e93946bbde8e857be8d77871179cc2959fc43c6 -> 30251cd55c143e0ba7832a6eebe885a9412a482572da94c2842ab2bce185d0dc
23:25:32.947054435 pdns=0/0/inactive/dead/ named=0/inactive/dead/ agent=0/inactive/ jphase=intent killpid=1893,
23:25:33.233253007 CHANGE ledger 30251cd55c143e0ba7832a6eebe885a9412a482572da94c2842ab2bce185d0dc -> 96e8816179bf2f7ad368461576f9e79b1905344b7fb81028e256582687af617c
23:25:33.238402350 pdns=0/0/inactive/dead/ named=0/inactive/dead/ agent=0/inactive/ jphase=target-staged killpid=1893,
23:25:33.566676850 CHANGE journal c6e24c9e29de07fb28618169646a06b4869c30c2ee977a2909734a2456b46f93 -> 6fe12ee1e27c9e8065622ea384466c2ee46e20c395314348860baaf9ac7125f7
23:25:33.578744370 CHANGE ledger 96e8816179bf2f7ad368461576f9e79b1905344b7fb81028e256582687af617c -> 3bc24e9c422057cd5094c528fb6e1080962fe47b71ccaebe5099baff39530522
23:25:33.602754646 CHANGE pdnsdb absent -> d362ab8f6ed659cd993033a0a2c2c8b7bd4f24781901b7c7f42ccafbe6f9cd52
23:25:33.612968810 pdns=0/0/inactive/dead/ named=0/inactive/dead/ agent=0/inactive/ jphase=target-enable-intent killpid=1893,
23:25:33.935751359 CHANGE ledger 3bc24e9c422057cd5094c528fb6e1080962fe47b71ccaebe5099baff39530522 -> cb788fd2cd369ee558b5145876051d50140df34be27d46883b685bc9f47d83b4
23:25:33.946737646 pdns=0/0/inactive/dead/ named=0/inactive/dead/ agent=0/inactive/ jphase=target-enable-intent killpid=1893,3974,
23:25:34.327008793 CHANGE ledger cb788fd2cd369ee558b5145876051d50140df34be27d46883b685bc9f47d83b4 -> f6b2f1d9748a126f5568f08d1b4b4012a610b6f1dbf4d2cd3d90ce7c8c444b4b
23:25:34.338852166 pdns=0/0/inactive/dead/ named=0/inactive/dead/ agent=0/inactive/ jphase=target-enable-intent killpid=1893,4111,
23:25:34.878118957 CHANGE ledger f6b2f1d9748a126f5568f08d1b4b4012a610b6f1dbf4d2cd3d90ce7c8c444b4b -> 2e290dbe39011d213e3887a2f2891923277f0ba24724bb33140ec8951367c379
23:25:34.890640334 pdns=0/0/inactive/dead/ named=0/inactive/dead/ agent=0/inactive/ jphase=target-enable-intent killpid=1893,4205,
23:25:35.211393475 CHANGE ledger 2e290dbe39011d213e3887a2f2891923277f0ba24724bb33140ec8951367c379 -> 39303e59b79b57d67792e53b90e12df742dbd5b737e637153ba88862c72e4d06
23:25:35.223670578 pdns=0/0/inactive/dead/ named=0/inactive/dead/ agent=0/inactive/ jphase=target-enable-intent killpid=1893,
23:25:35.746562790 CHANGE ledger 39303e59b79b57d67792e53b90e12df742dbd5b737e637153ba88862c72e4d06 -> 77bd21e4f660f408ffa110b766bb114f895e5e67afc88500090471b8b7bd526d
23:25:35.756266139 pdns=0/0/inactive/dead/ named=0/inactive/dead/ agent=0/inactive/ jphase=target-enable-intent killpid=1893,4437,
23:25:36.057286690 CHANGE journal 6fe12ee1e27c9e8065622ea384466c2ee46e20c395314348860baaf9ac7125f7 -> 8e092a4ed5d4201a635fa54fafe0e2c24015b3572aa3390e8185803829a87034
23:25:36.075233660 CHANGE ledger 77bd21e4f660f408ffa110b766bb114f895e5e67afc88500090471b8b7bd526d -> be6d6ba0b42e963ca2c376068f57c93105a2752f1f16497cef16e58105337bce
23:25:36.089737535 CHANGE pdnsdb d362ab8f6ed659cd993033a0a2c2c8b7bd4f24781901b7c7f42ccafbe6f9cd52 -> de5f23252238224a332bcd206b01c91e97884864299d4431556ae48d7524dcba
23:25:36.096314172 pdns=4445/0/active/running/ named=0/inactive/dead/ agent=0/inactive/ jphase=target-started killpid=1893,4538,
23:25:36.403399333 CHANGE ledger be6d6ba0b42e963ca2c376068f57c93105a2752f1f16497cef16e58105337bce -> 69b57f0fdbaf36b173398198377055d880950da2f26c6c834f63e14647b49cb6
23:25:36.413438002 pdns=4445/0/active/running/ named=0/inactive/dead/ agent=0/inactive/ jphase=target-started killpid=1893,
23:25:36.724235526 CHANGE ledger 69b57f0fdbaf36b173398198377055d880950da2f26c6c834f63e14647b49cb6 -> 07a1a429d98681e9bdd258692de06c85123f5980ac62d113f3998873a63fc8e0
23:25:36.741289502 pdns=4445/0/active/running/ named=0/inactive/dead/ agent=0/inactive/ jphase=target-started killpid=1893,4764,
23:25:37.054979211 CHANGE ledger 07a1a429d98681e9bdd258692de06c85123f5980ac62d113f3998873a63fc8e0 -> 22cf386111458051b0dfd9625211a78cd585ad246916c80cd5205746905e61b6
23:25:37.067114615 pdns=4445/0/active/running/ named=0/inactive/dead/ agent=0/inactive/ jphase=target-started killpid=1893,
23:25:37.368386796 CHANGE journal 8e092a4ed5d4201a635fa54fafe0e2c24015b3572aa3390e8185803829a87034 -> 8f1a901701774831d6df0ca702a9409d926bd9bf3f6f0946eba19e330757d002
23:25:37.383831149 CHANGE ledger 22cf386111458051b0dfd9625211a78cd585ad246916c80cd5205746905e61b6 -> 566dc4d68e56bde8bd1521007e69a4bfdf8daea1f2586e8859ac85bc84648e64
23:25:37.395177608 CHANGE state absent -> d9325a26bdacb21159a1168fd33be3b5b5f627a1e5952551853090fff7f9e4b8
23:25:37.408353133 pdns=4445/0/active/running/ named=0/inactive/dead/ agent=0/inactive/ jphase=committed killpid=
23:25:41.313696335 pdns=4445/0/active/running/ named=0/inactive/dead/ agent=0/inactive/ jphase=committed killpid=
23:25:41.645407793 pdns=4445/0/active/running/ named=0/inactive/dead/ agent=5117/active/ jphase=committed killpid=
23:25:41.961491196 pdns=4445/0/active/running/ named=0/inactive/dead/ agent=5117/active/ jphase=committed killpid=
23:25:42.264256358 pdns=4445/0/active/running/ named=0/inactive/dead/ agent=5117/active/ jphase=committed killpid=
23:25:42.570505978 pdns=4445/0/active/running/ named=0/inactive/dead/ agent=5117/active/ jphase=committed killpid=
23:25:42.879438410 pdns=4445/0/active/running/ named=0/inactive/dead/ agent=5117/active/ jphase=committed killpid=
23:25:43.184568095 pdns=4445/0/active/running/ named=0/inactive/dead/ agent=5117/active/ jphase=committed killpid=
23:25:43.487200274 pdns=4445/0/active/running/ named=0/inactive/dead/ agent=5117/active/ jphase=committed killpid=
23:25:43.788425072 pdns=4445/0/active/running/ named=0/inactive/dead/ agent=5117/active/ jphase=committed killpid=
23:25:44.107080713 pdns=4445/0/active/running/ named=0/inactive/dead/ agent=5117/active/ jphase=committed killpid=
23:25:44.414856488 CHANGE journal 8f1a901701774831d6df0ca702a9409d926bd9bf3f6f0946eba19e330757d002 -> absent
23:25:44.445024035 pdns=4445/0/active/running/ named=0/inactive/dead/ agent=5117/active/ jphase=absent killpid=
23:25:44.788793570 pdns=4445/0/active/running/ named=0/inactive/dead/ agent=5117/active/ jphase=absent killpid=
23:25:45.092434315 CHANGE ledger 566dc4d68e56bde8bd1521007e69a4bfdf8daea1f2586e8859ac85bc84648e64 -> d69382cded1255f935ddb4016d14e6052c2e7a7edf0930fda41a6acb45f346e7
23:25:45.105394858 pdns=4445/0/active/running/ named=0/inactive/dead/ agent=5117/active/ jphase=absent killpid=
23:25:45.413558817 pdns=4445/0/active/running/ named=0/inactive/dead/ agent=5117/active/ jphase=absent killpid=
23:25:45.714945835 pdns=4445/0/active/running/ named=0/inactive/dead/ agent=5117/active/ jphase=absent killpid=
23:25:46.003742644 pdns=4445/0/active/running/ named=0/inactive/dead/ agent=5117/active/ jphase=absent killpid=
23:25:46.297358300 pdns=4445/0/active/running/ named=0/inactive/dead/ agent=5117/active/ jphase=absent killpid=
23:25:46.581164256 pdns=4445/0/active/running/ named=0/inactive/dead/ agent=5117/active/ jphase=absent killpid=
23:25:46.865156462 pdns=4445/0/active/running/ named=0/inactive/dead/ agent=5117/active/ jphase=absent killpid=
23:25:47.147326680 pdns=4445/0/active/running/ named=0/inactive/dead/ agent=5117/active/ jphase=absent killpid=
23:25:47.433749633 pdns=4445/0/active/running/ named=0/inactive/dead/ agent=5117/active/ jphase=absent killpid=
23:25:47.723709855 pdns=4445/0/active/running/ named=0/inactive/dead/ agent=5117/active/ jphase=absent killpid=
23:25:48.010523502 pdns=4445/0/active/running/ named=0/inactive/dead/ agent=5117/active/ jphase=absent killpid=
23:25:48.329173566 pdns=4445/0/active/running/ named=0/inactive/dead/ agent=5117/active/ jphase=absent killpid=
23:25:48.619223245 pdns=4445/0/active/running/ named=0/inactive/dead/ agent=5117/active/ jphase=absent killpid=
23:25:48.904793426 pdns=4445/0/active/running/ named=0/inactive/dead/ agent=5117/active/ jphase=absent killpid=
23:25:49.187267637 pdns=4445/0/active/running/ named=0/inactive/dead/ agent=5117/active/ jphase=absent killpid=
23:25:49.473432851 pdns=4445/0/active/running/ named=0/inactive/dead/ agent=5117/active/ jphase=absent killpid=
23:25:49.763051501 pdns=4445/0/active/running/ named=0/inactive/dead/ agent=5117/active/ jphase=absent killpid=
23:25:50.046315469 pdns=4445/0/active/running/ named=0/inactive/dead/ agent=5117/active/ jphase=absent killpid=
23:25:50.331447436 pdns=4445/0/active/running/ named=0/inactive/dead/ agent=5117/active/ jphase=absent killpid=
23:25:50.615827822 pdns=4445/0/active/running/ named=0/inactive/dead/ agent=5117/active/ jphase=absent killpid=
23:25:50.904482638 pdns=4445/0/active/running/ named=0/inactive/dead/ agent=5117/active/ jphase=absent killpid=
23:25:51.187794578 pdns=4445/0/active/running/ named=0/inactive/dead/ agent=5117/active/ jphase=absent killpid=
23:25:51.468694249 pdns=4445/0/active/running/ named=0/inactive/dead/ agent=5117/active/ jphase=absent killpid=
23:25:51.756302985 pdns=4445/0/active/running/ named=0/inactive/dead/ agent=5117/active/ jphase=absent killpid=
23:25:52.047080994 pdns=4445/0/active/running/ named=0/inactive/dead/ agent=5117/active/ jphase=absent killpid=
23:25:52.337030814 pdns=4445/0/active/running/ named=0/inactive/dead/ agent=5117/active/ jphase=absent killpid=
23:25:52.635098866 pdns=4445/0/active/running/ named=0/inactive/dead/ agent=5117/active/ jphase=absent killpid=
23:25:52.918771175 pdns=4445/0/active/running/ named=0/inactive/dead/ agent=5117/active/ jphase=absent killpid=
23:25:53.201109593 pdns=4445/0/active/running/ named=0/inactive/dead/ agent=5117/active/ jphase=absent killpid=
23:25:53.484325336 pdns=4445/0/active/running/ named=0/inactive/dead/ agent=5117/active/ jphase=absent killpid=
23:25:53.768620238 pdns=4445/0/active/running/ named=0/inactive/dead/ agent=5117/active/ jphase=absent killpid=
23:25:54.056097169 pdns=4445/0/active/running/ named=0/inactive/dead/ agent=5117/active/ jphase=absent killpid=
23:25:54.366304974 pdns=4445/0/active/running/ named=0/inactive/dead/ agent=5117/active/ jphase=absent killpid=
23:25:54.650735239 pdns=4445/0/active/running/ named=0/inactive/dead/ agent=5117/active/ jphase=absent killpid=
23:25:54.942557423 pdns=4445/0/active/running/ named=0/inactive/dead/ agent=5117/active/ jphase=absent killpid=
23:25:55.243492957 pdns=4445/0/active/running/ named=0/inactive/dead/ agent=5117/active/ jphase=absent killpid=
23:25:55.544417584 pdns=4445/0/active/running/ named=0/inactive/dead/ agent=5117/active/ jphase=absent killpid=
23:25:55.830336818 pdns=4445/0/active/running/ named=0/inactive/dead/ agent=5117/active/ jphase=absent killpid=
23:25:56.117687329 pdns=4445/0/active/running/ named=0/inactive/dead/ agent=5117/active/ jphase=absent killpid=
23:25:56.403282900 pdns=4445/0/active/running/ named=0/inactive/dead/ agent=5117/active/ jphase=absent killpid=
23:25:56.687954087 pdns=4445/0/active/running/ named=0/inactive/dead/ agent=5117/active/ jphase=absent killpid=
23:25:56.973672644 pdns=4445/0/active/running/ named=0/inactive/dead/ agent=5117/active/ jphase=absent killpid=
23:25:57.256919455 pdns=4445/0/active/running/ named=0/inactive/dead/ agent=5117/active/ jphase=absent killpid=
23:25:57.539257248 pdns=4445/0/active/running/ named=0/inactive/dead/ agent=5117/active/ jphase=absent killpid=
23:25:57.826103359 pdns=4445/0/active/running/ named=0/inactive/dead/ agent=5117/active/ jphase=absent killpid=
23:25:58.123394533 pdns=4445/0/active/running/ named=0/inactive/dead/ agent=5117/active/ jphase=absent killpid=
23:25:58.410190851 pdns=4445/0/active/running/ named=0/inactive/dead/ agent=5117/active/ jphase=absent killpid=
23:25:58.699971242 pdns=4445/0/active/running/ named=0/inactive/dead/ agent=5117/active/ jphase=absent killpid=
23:25:58.990726485 pdns=4445/0/active/running/ named=0/inactive/dead/ agent=5117/active/ jphase=absent killpid=
23:25:59.278400677 pdns=4445/0/active/running/ named=0/inactive/dead/ agent=5117/active/ jphase=absent killpid=
23:25:59.561075402 pdns=4445/0/active/running/ named=0/inactive/dead/ agent=5117/active/ jphase=absent killpid=
23:25:59.848083254 pdns=4445/0/active/running/ named=0/inactive/dead/ agent=5117/active/ jphase=absent killpid=
23:26:00.128700465 pdns=4445/0/active/running/ named=0/inactive/dead/ agent=5117/active/ jphase=absent killpid=
23:26:00.416894797 pdns=4445/0/active/running/ named=0/inactive/dead/ agent=5117/active/ jphase=absent killpid=
23:26:00.702885351 pdns=4445/0/active/running/ named=0/inactive/dead/ agent=5117/active/ jphase=absent killpid=
23:26:00.986481655 pdns=4445/0/active/running/ named=0/inactive/dead/ agent=5117/active/ jphase=absent killpid=
23:26:01.269244970 pdns=4445/0/active/running/ named=0/inactive/dead/ agent=5117/active/ jphase=absent killpid=
23:26:01.551717541 pdns=4445/0/active/running/ named=0/inactive/dead/ agent=5117/active/ jphase=absent killpid=
23:26:01.834861880 pdns=4445/0/active/running/ named=0/inactive/dead/ agent=5117/active/ jphase=absent killpid=
23:26:02.125372211 pdns=4445/0/active/running/ named=0/inactive/dead/ agent=5117/active/ jphase=absent killpid=
23:26:02.420939134 pdns=4445/0/active/running/ named=0/inactive/dead/ agent=5117/active/ jphase=absent killpid=
23:26:02.708797164 pdns=4445/0/active/running/ named=0/inactive/dead/ agent=5117/active/ jphase=absent killpid=
23:26:02.992398275 pdns=4445/0/active/running/ named=0/inactive/dead/ agent=5117/active/ jphase=absent killpid=
23:26:03.273322742 pdns=4445/0/active/running/ named=0/inactive/dead/ agent=5117/active/ jphase=absent killpid=
23:26:03.555909012 pdns=4445/0/active/running/ named=0/inactive/dead/ agent=5117/active/ jphase=absent killpid=
23:26:03.837343402 pdns=4445/0/active/running/ named=0/inactive/dead/ agent=5117/active/ jphase=absent killpid=
23:26:04.120848631 pdns=4445/0/active/running/ named=0/inactive/dead/ agent=5117/active/ jphase=absent killpid=
23:26:04.404190687 pdns=4445/0/active/running/ named=0/inactive/dead/ agent=5117/active/ jphase=absent killpid=
23:26:04.694617363 pdns=4445/0/active/running/ named=0/inactive/dead/ agent=5117/active/ jphase=absent killpid=
23:26:04.989706419 pdns=4445/0/active/running/ named=0/inactive/dead/ agent=5117/active/ jphase=absent killpid=
23:26:05.281286582 pdns=4445/0/active/running/ named=0/inactive/dead/ agent=5117/active/ jphase=absent killpid=
23:26:05.568938820 pdns=4445/0/active/running/ named=0/inactive/dead/ agent=5117/active/ jphase=absent killpid=
23:26:05.865923882 pdns=4445/0/active/running/ named=0/inactive/dead/ agent=5117/active/ jphase=absent killpid=
23:26:06.172948249 pdns=4445/0/active/running/ named=0/inactive/dead/ agent=5117/active/ jphase=absent killpid=
23:26:06.466304444 pdns=4445/0/active/running/ named=0/inactive/dead/ agent=5117/active/ jphase=absent killpid=
23:26:06.752172403 pdns=4445/0/active/running/ named=0/inactive/dead/ agent=5117/active/ jphase=absent killpid=
23:26:07.044434247 pdns=4445/0/active/running/ named=0/inactive/dead/ agent=5117/active/ jphase=absent killpid=
23:26:07.326502025 pdns=4445/0/active/running/ named=0/inactive/dead/ agent=5117/active/ jphase=absent killpid=
23:26:07.628580705 pdns=4445/0/active/running/ named=0/inactive/dead/ agent=5117/active/ jphase=absent killpid=
23:26:07.919246793 pdns=4445/0/active/running/ named=0/inactive/dead/ agent=5117/active/ jphase=absent killpid=
23:26:08.212764909 pdns=4445/0/active/running/ named=0/inactive/dead/ agent=5117/active/ jphase=absent killpid=
23:26:08.498652047 pdns=4445/0/active/running/ named=0/inactive/dead/ agent=5117/active/ jphase=absent killpid=
23:26:08.826006406 pdns=4445/0/active/running/ named=0/inactive/dead/ agent=5117/active/ jphase=absent killpid=
23:26:09.158678267 pdns=4445/0/active/running/ named=0/inactive/dead/ agent=5117/active/ jphase=absent killpid=
23:26:09.450082197 pdns=4445/0/active/running/ named=0/inactive/dead/ agent=5117/active/ jphase=absent killpid=
23:26:09.742451305 pdns=4445/0/active/running/ named=0/inactive/dead/ agent=5117/active/ jphase=absent killpid=
23:26:10.031018393 pdns=4445/0/active/running/ named=0/inactive/dead/ agent=5117/active/ jphase=absent killpid=
23:26:10.315490543 pdns=4445/0/active/running/ named=0/inactive/dead/ agent=5117/active/ jphase=absent killpid=
23:26:10.604569387 pdns=4445/0/active/running/ named=0/inactive/dead/ agent=5117/active/ jphase=absent killpid=
23:26:10.917449542 pdns=4445/0/active/running/ named=0/inactive/dead/ agent=5117/active/ jphase=absent killpid=
23:26:11.226520356 pdns=4445/0/active/running/ named=0/inactive/dead/ agent=5117/active/ jphase=absent killpid=
23:26:11.579940293 pdns=4445/0/active/running/ named=0/inactive/dead/ agent=5117/active/ jphase=absent killpid=
23:26:11.868895019 pdns=4445/0/active/running/ named=0/inactive/dead/ agent=5117/active/ jphase=absent killpid=
23:26:12.160806192 pdns=4445/0/active/running/ named=0/inactive/dead/ agent=5117/active/ jphase=absent killpid=
23:26:12.454537302 pdns=4445/0/active/running/ named=0/inactive/dead/ agent=5117/active/ jphase=absent killpid=
23:26:12.802151562 pdns=4445/0/active/running/ named=0/inactive/dead/ agent=5117/active/ jphase=absent killpid=
23:26:13.227296620 pdns=4445/0/active/running/ named=0/inactive/dead/ agent=5117/active/ jphase=absent killpid=
23:26:13.542886734 pdns=4445/0/active/running/ named=0/inactive/dead/ agent=5117/active/ jphase=absent killpid=
23:26:14.056164431 pdns=4445/0/active/running/ named=0/inactive/dead/ agent=5117/active/ jphase=absent killpid=
23:26:14.462023077 pdns=4445/0/active/running/ named=0/inactive/dead/ agent=5117/active/ jphase=absent killpid=
23:26:14.828977566 pdns=4445/0/active/running/ named=0/inactive/dead/ agent=5117/active/ jphase=absent killpid=
23:26:15.149163216 pdns=4445/0/active/running/ named=0/inactive/dead/ agent=5117/active/ jphase=absent killpid=
23:26:15.647073249 pdns=4445/0/active/running/ named=0/inactive/dead/ agent=5117/active/ jphase=absent killpid=
23:26:16.569391912 pdns=4445/0/active/running/ named=0/inactive/dead/ agent=5117/active/ jphase=absent killpid=
done
