22:57:38.962763189 CHANGE journal none -> absent
22:57:38.977371638 CHANGE ledger none -> 6de1188428e0a9d34c5a925d2671579f307c3bed8ef49d35b20c5ec493275f2f
22:57:38.990465794 CHANGE state none -> 33f79c28637d6a18fb2161ad0e865e6730a753c05d03e1b118cd1872d27d4399
22:57:39.009454378 CHANGE pdnsdb none -> dab97c559c42ede552ded0a08d7f3c4bdf19383c34234354c3ad088432c843b3
22:57:39.015271639 POINTER 
22:57:39.019432837 pdns=643/0/active/running/ named=0/inactive/dead/ agent=0/inactive/ jphase=absent killpid=
22:57:39.494639784 pdns=643/0/active/running/ named=0/inactive/dead/ agent=0/inactive/ jphase=absent killpid=
22:57:39.807885312 pdns=643/0/active/running/ named=0/inactive/dead/ agent=0/inactive/ jphase=absent killpid=
22:57:40.129706730 pdns=643/0/active/running/ named=0/inactive/dead/ agent=0/inactive/ jphase=absent killpid=
22:57:40.447977436 pdns=643/0/active/running/ named=0/inactive/dead/ agent=0/inactive/ jphase=absent killpid=
22:57:40.754507411 pdns=643/0/active/running/ named=0/inactive/dead/ agent=0/inactive/ jphase=absent killpid=
22:57:41.060298562 pdns=643/0/active/running/ named=0/inactive/dead/ agent=0/inactive/ jphase=absent killpid=
22:57:41.349939199 pdns=643/0/active/running/ named=0/inactive/dead/ agent=0/inactive/ jphase=absent killpid=
22:57:41.640856711 pdns=643/0/active/running/ named=0/inactive/dead/ agent=0/inactive/ jphase=absent killpid=
22:57:41.927290046 pdns=643/0/active/running/ named=0/inactive/dead/ agent=0/inactive/ jphase=absent killpid=
22:57:42.210824554 pdns=643/0/active/running/ named=0/inactive/dead/ agent=0/inactive/ jphase=absent killpid=
22:57:42.498120409 pdns=643/0/active/running/ named=0/inactive/dead/ agent=0/inactive/ jphase=absent killpid=
22:57:42.794464897 pdns=643/0/active/running/ named=0/inactive/dead/ agent=0/inactive/ jphase=absent killpid=
22:57:43.083176579 pdns=643/0/active/running/ named=0/inactive/dead/ agent=0/inactive/ jphase=absent killpid=
22:57:43.375479775 pdns=643/0/active/running/ named=0/inactive/dead/ agent=0/inactive/ jphase=absent killpid=
22:57:43.715314676 pdns=643/0/active/running/ named=0/inactive/dead/ agent=0/inactive/ jphase=absent killpid=
22:57:44.005512035 pdns=643/0/active/running/ named=0/inactive/dead/ agent=0/inactive/ jphase=absent killpid=
22:57:44.296644699 pdns=643/0/active/running/ named=0/inactive/dead/ agent=0/inactive/ jphase=absent killpid=
22:57:44.579486536 pdns=643/0/active/running/ named=0/inactive/dead/ agent=0/inactive/ jphase=absent killpid=
22:57:44.863124318 pdns=643/0/active/running/ named=0/inactive/dead/ agent=0/inactive/ jphase=absent killpid=
22:57:45.146855410 pdns=643/0/active/running/ named=0/inactive/dead/ agent=0/inactive/ jphase=absent killpid=
22:57:45.432794252 pdns=643/0/active/running/ named=0/inactive/dead/ agent=0/inactive/ jphase=absent killpid=
22:57:45.718466188 pdns=643/0/active/running/ named=0/inactive/dead/ agent=0/inactive/ jphase=absent killpid=
22:57:46.021551809 pdns=643/0/active/running/ named=0/inactive/dead/ agent=0/inactive/ jphase=absent killpid=
22:57:46.355029192 pdns=643/0/active/running/ named=0/inactive/dead/ agent=0/inactive/ jphase=absent killpid=
22:57:46.666095341 pdns=643/0/active/running/ named=0/inactive/dead/ agent=0/inactive/ jphase=absent killpid=
22:57:46.949821995 pdns=643/0/active/running/ named=0/inactive/dead/ agent=0/inactive/ jphase=absent killpid=
22:57:47.234376137 pdns=643/0/active/running/ named=0/inactive/dead/ agent=0/inactive/ jphase=absent killpid=
22:57:47.519538297 pdns=643/0/active/running/ named=0/inactive/dead/ agent=0/inactive/ jphase=absent killpid=
22:57:47.806528788 pdns=643/0/active/running/ named=0/inactive/dead/ agent=0/inactive/ jphase=absent killpid=
22:57:48.094202547 pdns=643/0/active/running/ named=0/inactive/dead/ agent=0/inactive/ jphase=absent killpid=
22:57:48.377875626 pdns=643/0/active/running/ named=0/inactive/dead/ agent=0/inactive/ jphase=absent killpid=
22:57:48.665342476 pdns=643/0/active/running/ named=0/inactive/dead/ agent=0/inactive/ jphase=absent killpid=
22:57:49.040321522 pdns=643/0/active/running/ named=0/inactive/dead/ agent=0/inactive/ jphase=absent killpid=
22:57:49.360003282 pdns=643/0/active/running/ named=0/inactive/dead/ agent=0/inactive/ jphase=absent killpid=
22:57:49.658222544 pdns=643/0/active/running/ named=0/inactive/dead/ agent=0/inactive/ jphase=absent killpid=
22:57:49.951416199 pdns=643/0/active/running/ named=0/inactive/dead/ agent=0/inactive/ jphase=absent killpid=
22:57:50.245459708 pdns=643/0/active/running/ named=0/inactive/dead/ agent=0/inactive/ jphase=absent killpid=
22:57:50.533688769 pdns=643/0/active/running/ named=0/inactive/dead/ agent=0/inactive/ jphase=absent killpid=
22:57:50.818181644 pdns=643/0/active/running/ named=0/inactive/dead/ agent=0/inactive/ jphase=absent killpid=
22:57:51.107260173 pdns=643/0/active/running/ named=0/inactive/dead/ agent=0/inactive/ jphase=absent killpid=
22:57:51.390877945 pdns=643/0/active/running/ named=0/inactive/dead/ agent=0/inactive/ jphase=absent killpid=
22:57:51.675362208 pdns=643/0/active/running/ named=0/inactive/dead/ agent=0/inactive/ jphase=absent killpid=
22:57:51.961266899 pdns=643/0/active/running/ named=0/inactive/dead/ agent=0/inactive/ jphase=absent killpid=
22:57:52.247728997 pdns=643/0/active/running/ named=0/inactive/dead/ agent=0/inactive/ jphase=absent killpid=
22:57:52.530963994 pdns=643/0/active/running/ named=0/inactive/dead/ agent=0/inactive/ jphase=absent killpid=
22:57:52.813841827 pdns=643/0/active/running/ named=0/inactive/dead/ agent=0/inactive/ jphase=absent killpid=
22:57:53.098755398 pdns=643/0/active/running/ named=0/inactive/dead/ agent=0/inactive/ jphase=absent killpid=
22:57:53.382534901 pdns=643/0/active/running/ named=0/inactive/dead/ agent=0/inactive/ jphase=absent killpid=
22:57:53.680191179 pdns=643/0/active/running/ named=0/inactive/dead/ agent=0/inactive/ jphase=absent killpid=
22:57:54.025544745 pdns=643/0/active/running/ named=0/inactive/dead/ agent=0/inactive/ jphase=absent killpid=
22:57:54.358522736 pdns=643/0/active/running/ named=0/inactive/dead/ agent=0/inactive/ jphase=absent killpid=
22:57:54.702141902 pdns=643/0/active/running/ named=0/inactive/dead/ agent=0/inactive/ jphase=absent killpid=
22:57:54.990673658 pdns=643/0/active/running/ named=0/inactive/dead/ agent=0/inactive/ jphase=absent killpid=
22:57:55.278194755 pdns=643/0/active/running/ named=0/inactive/dead/ agent=0/inactive/ jphase=absent killpid=
22:57:55.562780280 pdns=643/0/active/running/ named=0/inactive/dead/ agent=0/inactive/ jphase=absent killpid=
22:57:55.846669571 pdns=643/0/active/running/ named=0/inactive/dead/ agent=0/inactive/ jphase=absent killpid=
22:57:56.131604293 pdns=643/0/active/running/ named=0/inactive/dead/ agent=0/inactive/ jphase=absent killpid=
22:57:56.417794975 pdns=643/0/active/running/ named=0/inactive/dead/ agent=0/inactive/ jphase=absent killpid=
22:57:56.703921749 pdns=643/0/active/running/ named=0/inactive/dead/ agent=0/inactive/ jphase=absent killpid=
22:57:56.993353436 pdns=643/0/active/running/ named=0/inactive/dead/ agent=0/inactive/ jphase=absent killpid=
22:57:57.305868257 pdns=643/0/active/running/ named=0/inactive/dead/ agent=0/inactive/ jphase=absent killpid=
22:57:57.594494517 pdns=643/0/active/running/ named=0/inactive/dead/ agent=0/inactive/ jphase=absent killpid=
22:57:57.879117752 pdns=643/0/active/running/ named=0/inactive/dead/ agent=0/inactive/ jphase=absent killpid=
22:57:58.170251868 pdns=643/0/active/running/ named=0/inactive/dead/ agent=0/inactive/ jphase=absent killpid=
22:57:58.460755780 pdns=643/0/active/running/ named=0/inactive/dead/ agent=0/inactive/ jphase=absent killpid=
22:57:58.781737581 pdns=643/0/active/running/ named=0/inactive/dead/ agent=0/inactive/ jphase=absent killpid=
22:57:59.091568427 pdns=643/0/active/running/ named=0/inactive/dead/ agent=0/inactive/ jphase=absent killpid=
22:57:59.375381772 pdns=643/0/active/running/ named=0/inactive/dead/ agent=0/inactive/ jphase=absent killpid=
22:57:59.667550661 pdns=643/0/active/running/ named=0/inactive/dead/ agent=0/inactive/ jphase=absent killpid=
22:57:59.964432231 pdns=643/0/active/running/ named=0/inactive/dead/ agent=0/inactive/ jphase=absent killpid=
22:58:00.267106978 pdns=643/0/active/running/ named=0/inactive/dead/ agent=0/inactive/ jphase=absent killpid=
22:58:00.582448446 pdns=643/0/active/running/ named=0/inactive/dead/ agent=0/inactive/ jphase=absent killpid=
22:58:00.881370748 pdns=643/0/active/running/ named=0/inactive/dead/ agent=0/inactive/ jphase=absent killpid=
22:58:01.208781900 pdns=643/0/active/running/ named=0/inactive/dead/ agent=0/inactive/ jphase=absent killpid=
22:58:01.544858560 pdns=643/0/active/running/ named=0/inactive/dead/ agent=0/inactive/ jphase=absent killpid=
22:58:01.870303625 pdns=643/0/active/running/ named=0/inactive/dead/ agent=0/inactive/ jphase=absent killpid=
22:58:02.175642323 pdns=643/0/active/running/ named=0/inactive/dead/ agent=0/inactive/ jphase=absent killpid=
22:58:02.467464677 pdns=643/0/active/running/ named=0/inactive/dead/ agent=0/inactive/ jphase=absent killpid=
22:58:02.823578545 pdns=643/0/active/running/ named=0/inactive/dead/ agent=0/inactive/ jphase=absent killpid=
22:58:03.111339585 pdns=643/0/active/running/ named=0/inactive/dead/ agent=0/inactive/ jphase=absent killpid=
22:58:03.397784541 pdns=643/0/active/running/ named=0/inactive/dead/ agent=0/inactive/ jphase=absent killpid=
22:58:03.704063918 pdns=643/0/active/running/ named=0/inactive/dead/ agent=0/inactive/ jphase=absent killpid=
22:58:03.995201080 pdns=643/0/active/running/ named=0/inactive/dead/ agent=0/inactive/ jphase=absent killpid=
22:58:04.288904169 pdns=643/0/active/running/ named=0/inactive/dead/ agent=0/inactive/ jphase=absent killpid=
22:58:04.574416562 pdns=643/0/active/running/ named=0/inactive/dead/ agent=0/inactive/ jphase=absent killpid=
22:58:04.858908685 pdns=643/0/active/running/ named=0/inactive/dead/ agent=0/inactive/ jphase=absent killpid=
22:58:05.159234537 pdns=643/0/active/running/ named=0/inactive/dead/ agent=0/inactive/ jphase=absent killpid=
22:58:05.445575154 pdns=643/0/active/running/ named=0/inactive/dead/ agent=0/inactive/ jphase=absent killpid=
22:58:05.728111524 pdns=643/0/active/running/ named=0/inactive/dead/ agent=0/inactive/ jphase=absent killpid=
22:58:06.015619721 pdns=643/0/active/running/ named=0/inactive/dead/ agent=0/inactive/ jphase=absent killpid=
22:58:06.314680256 pdns=643/0/active/running/ named=0/inactive/dead/ agent=0/inactive/ jphase=absent killpid=
22:58:06.618551250 pdns=643/0/active/running/ named=0/inactive/dead/ agent=0/inactive/ jphase=absent killpid=
22:58:06.920236945 pdns=643/0/active/running/ named=0/inactive/dead/ agent=0/inactive/ jphase=absent killpid=
22:58:07.209053444 pdns=643/0/active/running/ named=0/inactive/dead/ agent=0/inactive/ jphase=absent killpid=
22:58:07.500563698 pdns=643/0/active/running/ named=0/inactive/dead/ agent=0/inactive/ jphase=absent killpid=
22:58:07.820610930 pdns=643/0/active/running/ named=0/inactive/dead/ agent=0/inactive/ jphase=absent killpid=
22:58:08.104098054 pdns=643/0/active/running/ named=0/inactive/dead/ agent=0/inactive/ jphase=absent killpid=
22:58:08.384715319 pdns=643/0/active/running/ named=0/inactive/dead/ agent=0/inactive/ jphase=absent killpid=
22:58:08.668511388 pdns=643/0/active/running/ named=0/inactive/dead/ agent=0/inactive/ jphase=absent killpid=
22:58:08.952455568 pdns=643/0/active/running/ named=0/inactive/dead/ agent=0/inactive/ jphase=absent killpid=
22:58:09.235297429 pdns=643/0/active/running/ named=0/inactive/dead/ agent=0/inactive/ jphase=absent killpid=
22:58:09.519108701 pdns=643/0/active/running/ named=0/inactive/dead/ agent=0/inactive/ jphase=absent killpid=
22:58:09.800710898 pdns=643/0/active/running/ named=0/inactive/dead/ agent=0/inactive/ jphase=absent killpid=
22:58:10.087285262 pdns=643/0/active/running/ named=0/inactive/dead/ agent=0/inactive/ jphase=absent killpid=
22:58:10.383468267 pdns=643/0/active/running/ named=0/inactive/dead/ agent=0/inactive/ jphase=absent killpid=
22:58:10.699479784 pdns=643/0/active/running/ named=0/inactive/dead/ agent=0/inactive/ jphase=absent killpid=
done
