08:25:30.924459135 CHANGE journal none -> absent
08:25:30.938439222 CHANGE ledger none -> d9f6cda4b31b2249f8af1e638a308506ce172666c80c0818d1b4442782d0929d
08:25:30.949842857 CHANGE state none -> 0d59887abe74471d54d672d047750c46687442ba847c92c9dd22fe6b71b26aa9
08:25:30.952087170 pdns=3072/0/active/running/ named=0/inactive/dead/ agent=0/inactive/ jphase=absent killpid=
08:25:31.253753198 pdns=3072/0/active/running/ named=0/inactive/dead/ agent=0/inactive/ jphase=absent killpid=
08:25:31.593972999 pdns=3072/0/active/running/ named=0/inactive/dead/ agent=0/inactive/ jphase=absent killpid=
08:25:31.926932735 CHANGE ledger d9f6cda4b31b2249f8af1e638a308506ce172666c80c0818d1b4442782d0929d -> 58715a432a669b5b3d6f21d1445d6a5d2d5d52eaa46363a7c502a6a3ce67bcb9
08:25:31.934183530 pdns=3072/0/active/running/ named=0/inactive/dead/ agent=0/inactive/ jphase=absent killpid=3860,
08:25:32.282871194 CHANGE ledger 58715a432a669b5b3d6f21d1445d6a5d2d5d52eaa46363a7c502a6a3ce67bcb9 -> 8fc11a355d7d3ef361b3ce945b4cf48e703dffa0779b0f54886f83e908546fe7
08:25:32.296395036 pdns=3072/0/active/running/ named=0/inactive/dead/ agent=0/inactive/ jphase=absent killpid=3860,
08:25:32.630360154 CHANGE ledger 8fc11a355d7d3ef361b3ce945b4cf48e703dffa0779b0f54886f83e908546fe7 -> c24c221d62a0b56bb6db51bbd05b2588c7d65e0f6805e7dbd46ea4d7b4f40b0d
08:25:32.654113288 pdns=3072/0/active/running/ named=0/inactive/dead/ agent=0/inactive/ jphase=absent killpid=3860,
08:25:33.030923166 CHANGE ledger c24c221d62a0b56bb6db51bbd05b2588c7d65e0f6805e7dbd46ea4d7b4f40b0d -> c5386beae6db58f3231035a14a47de2ba448edde64af4a787cd79217fa7a9bed
08:25:33.042226923 pdns=3072/0/active/running/ named=0/inactive/dead/ agent=0/inactive/ jphase=absent killpid=3860,4187,
08:25:33.475124111 CHANGE ledger c5386beae6db58f3231035a14a47de2ba448edde64af4a787cd79217fa7a9bed -> 138c6154a7e6abf4e68a0f34b666263e2def329b1506c4a4361782e8f9946359
08:25:33.483028278 pdns=3072/0/active/running/ named=0/inactive/dead/ agent=0/inactive/ jphase=absent killpid=3860,
08:25:33.817690429 CHANGE ledger 138c6154a7e6abf4e68a0f34b666263e2def329b1506c4a4361782e8f9946359 -> 2afa06f0b26675076194811ef8a9d1a04ff8b588b43bacd0a40ea5c008c5062e
08:25:33.828050169 pdns=3072/0/active/running/ named=0/inactive/dead/ agent=0/inactive/ jphase=absent killpid=3860,
08:25:34.185194388 CHANGE ledger 2afa06f0b26675076194811ef8a9d1a04ff8b588b43bacd0a40ea5c008c5062e -> c7e20c3a6f76ba54a818048eb82a53897f5a4bcf54307e5297367e3d1d12a2f6
08:25:34.193488509 pdns=3072/0/active/running/ named=0/inactive/dead/ agent=0/inactive/ jphase=absent killpid=3860,4450,
08:25:34.650595498 CHANGE ledger c7e20c3a6f76ba54a818048eb82a53897f5a4bcf54307e5297367e3d1d12a2f6 -> d10cbad169e2d9e65f2d8be5a94142ad7c89fbe6fc12e3bc8c6a039d31b80c9f
08:25:34.662004519 pdns=3072/0/active/running/ named=0/inactive/dead/ agent=0/inactive/ jphase=absent killpid=3860,4538,
08:25:35.004094001 CHANGE ledger d10cbad169e2d9e65f2d8be5a94142ad7c89fbe6fc12e3bc8c6a039d31b80c9f -> d38120b1615327c654fda9492dff70369824e9332af9e3f8812ef2e9314fd670
08:25:35.011293462 pdns=3072/0/active/running/ named=0/inactive/dead/ agent=0/inactive/ jphase=absent killpid=3860,4538,
08:25:35.323705780 pdns=3072/0/active/running/ named=0/inactive/dead/ agent=0/inactive/ jphase=absent killpid=3860,4538,
08:25:35.624251195 pdns=3072/0/active/running/ named=0/inactive/dead/ agent=0/inactive/ jphase=absent killpid=3860,4538,
08:25:35.913636298 pdns=3072/0/active/running/ named=0/inactive/dead/ agent=0/inactive/ jphase=absent killpid=3860,4538,
08:25:36.212062820 pdns=3072/0/active/running/ named=0/inactive/dead/ agent=0/inactive/ jphase=absent killpid=3860,4538,
08:25:36.510424219 pdns=3072/0/active/running/ named=0/inactive/dead/ agent=0/inactive/ jphase=absent killpid=3860,4538,
08:25:36.809753238 pdns=3072/0/active/running/ named=0/inactive/dead/ agent=0/inactive/ jphase=absent killpid=3860,4538,
08:25:37.111533708 CHANGE ledger d38120b1615327c654fda9492dff70369824e9332af9e3f8812ef2e9314fd670 -> a2d2b9864254f805b35eb6a6c6365e56f29a2667c4ff649c1a3f17bce899563b
08:25:37.118175542 pdns=3072/0/active/running/ named=0/inactive/dead/ agent=0/inactive/ jphase=absent killpid=3860,4538,
08:25:37.417249355 pdns=3072/0/active/running/ named=0/inactive/dead/ agent=0/inactive/ jphase=absent killpid=3860,4538,
08:25:37.914193976 pdns=3072/0/active/running/ named=0/inactive/dead/ agent=0/inactive/ jphase=absent killpid=3860,4538,
08:25:38.286622682 pdns=3072/0/active/running/ named=0/inactive/dead/ agent=0/inactive/ jphase=absent killpid=3860,4538,
08:25:38.742049091 pdns=3072/0/active/running/ named=0/inactive/dead/ agent=0/inactive/ jphase=absent killpid=3860,4538,
08:25:39.035216212 pdns=3072/0/active/running/ named=0/inactive/dead/ agent=0/inactive/ jphase=absent killpid=3860,4538,
08:25:39.323950861 pdns=3072/0/active/running/ named=0/inactive/dead/ agent=0/inactive/ jphase=absent killpid=3860,4538,
08:25:39.617825658 pdns=3072/0/active/running/ named=0/inactive/dead/ agent=0/inactive/ jphase=absent killpid=3860,4538,
08:25:39.913924630 CHANGE ledger a2d2b9864254f805b35eb6a6c6365e56f29a2667c4ff649c1a3f17bce899563b -> 919b072a8426755a089afa4185473fddf38b7b69e5be88b6b49e893c3a742be6
08:25:39.923982346 pdns=3072/0/active/running/ named=0/inactive/dead/ agent=0/inactive/ jphase=absent killpid=3860,5333,
08:25:40.333388044 CHANGE ledger 919b072a8426755a089afa4185473fddf38b7b69e5be88b6b49e893c3a742be6 -> 808523bf7ac06274650d03007d5594a54f2f70bbaf2b35bd749cc9a07190623a
08:25:40.341901052 pdns=3072/0/active/running/ named=0/inactive/dead/ agent=0/inactive/ jphase=absent killpid=3860,5445,
08:25:40.883143585 CHANGE ledger 808523bf7ac06274650d03007d5594a54f2f70bbaf2b35bd749cc9a07190623a -> 0cf66c3965871acb2741408086cb3686336b6aad249e6d0e963f102151772233
08:25:40.891444517 pdns=3072/0/active/running/ named=0/inactive/dead/ agent=0/inactive/ jphase=absent killpid=3860,5536,
08:25:41.199312950 CHANGE ledger 0cf66c3965871acb2741408086cb3686336b6aad249e6d0e963f102151772233 -> a15ec0fec8f5fed53f3e28d77df99e4324f37b203c6228f44502dc1c2a5cd8b5
08:25:41.206756368 pdns=3072/0/active/running/ named=0/inactive/dead/ agent=0/inactive/ jphase=absent killpid=3860,5644,
08:25:41.518106197 CHANGE ledger a15ec0fec8f5fed53f3e28d77df99e4324f37b203c6228f44502dc1c2a5cd8b5 -> 3810dc79453e83a8a71e7d701d821de8edcb8d5822a41797c26591fe57c71de9
08:25:41.526967145 pdns=3072/0/active/running/ named=0/inactive/dead/ agent=0/inactive/ jphase=absent killpid=3860,5734,
08:25:41.829732362 CHANGE ledger 3810dc79453e83a8a71e7d701d821de8edcb8d5822a41797c26591fe57c71de9 -> a12e07e43b900d2f7dece84650b2575cffd5040471ee4354d660d43dda340dab
08:25:41.838760955 pdns=3072/0/active/running/ named=0/inactive/dead/ agent=0/inactive/ jphase=absent killpid=3860,5836,
08:25:42.154526022 CHANGE ledger a12e07e43b900d2f7dece84650b2575cffd5040471ee4354d660d43dda340dab -> 899fa702dfb83faab0adf64b349cf29acdc6d0f59eee5f0cbef96ab8f8b75ca0
08:25:42.169074515 pdns=3072/0/active/running/ named=0/inactive/dead/ agent=0/inactive/ jphase=absent killpid=3860,
08:25:42.502196932 CHANGE ledger 899fa702dfb83faab0adf64b349cf29acdc6d0f59eee5f0cbef96ab8f8b75ca0 -> 24279ec186f35401c8087ee990ae652c417cb23815ad0cd9e391ae49691fb7aa
08:25:42.509101171 pdns=3072/0/active/running/ named=0/inactive/dead/ agent=0/inactive/ jphase=absent killpid=3860,6035,
08:25:42.834574234 CHANGE ledger 24279ec186f35401c8087ee990ae652c417cb23815ad0cd9e391ae49691fb7aa -> de1bc87efc11cbe753612e5d263e85c807a5e7ce5de67b95d3336b99b90f00a2
08:25:42.840520522 pdns=3072/0/active/running/ named=0/inactive/dead/ agent=0/inactive/ jphase=absent killpid=3860,
08:25:43.171257252 CHANGE ledger de1bc87efc11cbe753612e5d263e85c807a5e7ce5de67b95d3336b99b90f00a2 -> f63b9274963065f4ae5ac9388fecba22f6ff2cb42b16b74f6b248a98d1db9b7a
08:25:43.188469116 pdns=3072/0/active/running/ named=0/inactive/dead/ agent=0/inactive/ jphase=absent killpid=3860,
08:25:43.547756051 CHANGE ledger f63b9274963065f4ae5ac9388fecba22f6ff2cb42b16b74f6b248a98d1db9b7a -> 355416332596f0ec57ef75ea358d607e8ae21637d6dc21b4ad44907364e21101
08:25:43.557532009 pdns=3072/0/active/running/ named=0/inactive/dead/ agent=0/inactive/ jphase=absent killpid=3860,
08:25:43.937019216 CHANGE ledger 355416332596f0ec57ef75ea358d607e8ae21637d6dc21b4ad44907364e21101 -> b7f8291d34614368647c3b14aed8b25a10d89c6a09eedf6f506bd805839c6598
08:25:43.949425081 pdns=3072/0/active/running/ named=0/inactive/dead/ agent=0/inactive/ jphase=absent killpid=3860,6421,
08:25:44.264714597 CHANGE ledger b7f8291d34614368647c3b14aed8b25a10d89c6a09eedf6f506bd805839c6598 -> cbd47d47a6c5d47b0e98807c4910512a6a4acf26ca744d4c4fdb1d9a776e96a1
08:25:44.272806866 pdns=3072/0/active/running/ named=0/inactive/dead/ agent=0/inactive/ jphase=absent killpid=3860,
08:25:44.605192426 CHANGE journal absent -> 035aeeecb2ef42d1a022c779dfa4ad0541930196ce653346ee4cc8a6a69d12f9
08:25:44.617328121 CHANGE ledger cbd47d47a6c5d47b0e98807c4910512a6a4acf26ca744d4c4fdb1d9a776e96a1 -> 52bbde128a7b5aac3b7f1d574a1557eb331c369045ef53b2f378dd75c6c61c9b
08:25:44.625002990 pdns=3072/0/active/running/ named=0/inactive/dead/ agent=0/inactive/ jphase=target-staged killpid=3860,
08:25:44.927243533 CHANGE journal 035aeeecb2ef42d1a022c779dfa4ad0541930196ce653346ee4cc8a6a69d12f9 -> f1692d5fb836a5fa99e6fcfbe0b7fd25a3c6f40d8b4b18a2718f5f8af0e8499f
08:25:44.945606093 CHANGE ledger 52bbde128a7b5aac3b7f1d574a1557eb331c369045ef53b2f378dd75c6c61c9b -> f9532d34fd48bd939483eadcae554da116001f29f9e7c78b19f9dac2c1ebceab
08:25:44.957239742 pdns=3072/0/active/running/ named=0/inactive/dead/ agent=6613/active/ jphase=rolling-back killpid=
08:25:45.477955397 pdns=3072/0/active/running/ named=0/inactive/dead/ agent=6613/active/ jphase=rolling-back killpid=
08:25:45.921240555 pdns=3072/0/active/running/ named=0/inactive/dead/ agent=6613/active/ jphase=rolling-back killpid=
08:25:46.261019155 pdns=3072/0/active/running/ named=0/inactive/dead/ agent=6613/active/ jphase=rolling-back killpid=
08:25:46.615872106 pdns=3072/0/active/running/ named=0/inactive/dead/ agent=6613/active/ jphase=rolling-back killpid=
08:25:46.998616786 pdns=3072/0/active/running/ named=0/inactive/dead/ agent=6613/active/ jphase=rolling-back killpid=
08:25:47.328188223 pdns=3072/0/active/running/ named=0/inactive/dead/ agent=6613/active/ jphase=rolling-back killpid=
08:25:47.641173466 pdns=3072/0/active/running/ named=0/inactive/dead/ agent=6613/active/ jphase=rolling-back killpid=
08:25:47.949476875 pdns=3072/0/active/running/ named=0/inactive/dead/ agent=6613/active/ jphase=rolling-back killpid=
08:25:48.259778710 pdns=3072/0/active/running/ named=0/inactive/dead/ agent=6613/active/ jphase=rolling-back killpid=
08:25:48.567417948 pdns=3072/0/active/running/ named=0/inactive/dead/ agent=6613/active/ jphase=rolling-back killpid=
08:25:48.881600575 pdns=3072/0/active/running/ named=0/inactive/dead/ agent=6613/active/ jphase=rolling-back killpid=
08:25:49.192126207 pdns=3072/0/active/running/ named=0/inactive/dead/ agent=6613/active/ jphase=rolling-back killpid=
08:25:49.502048004 pdns=3072/0/active/running/ named=0/inactive/dead/ agent=6613/active/ jphase=rolling-back killpid=
08:25:49.820216503 pdns=3072/0/active/running/ named=0/inactive/dead/ agent=6613/active/ jphase=rolling-back killpid=
08:25:50.128091816 pdns=3072/0/active/running/ named=0/inactive/dead/ agent=6613/active/ jphase=rolling-back killpid=
08:25:50.437334720 pdns=3072/0/active/running/ named=0/inactive/dead/ agent=6613/active/ jphase=rolling-back killpid=
08:25:50.733540314 pdns=3072/0/active/running/ named=0/inactive/dead/ agent=6613/active/ jphase=rolling-back killpid=
08:25:51.030861450 pdns=3072/0/active/running/ named=0/inactive/dead/ agent=6613/active/ jphase=rolling-back killpid=
08:25:51.353835684 pdns=3072/0/active/running/ named=0/inactive/dead/ agent=6613/active/ jphase=rolling-back killpid=
08:25:51.672497059 pdns=3072/0/active/running/ named=0/inactive/dead/ agent=6613/active/ jphase=rolling-back killpid=
08:25:51.979003187 pdns=3072/0/active/running/ named=0/inactive/dead/ agent=6613/active/ jphase=rolling-back killpid=
08:25:52.282210401 pdns=3072/0/active/running/ named=0/inactive/dead/ agent=6613/active/ jphase=rolling-back killpid=
08:25:52.577215645 pdns=3072/0/active/running/ named=0/inactive/dead/ agent=6613/active/ jphase=rolling-back killpid=
08:25:52.873270590 pdns=3072/0/active/running/ named=0/inactive/dead/ agent=6613/active/ jphase=rolling-back killpid=
08:25:53.173521242 pdns=3072/0/active/running/ named=0/inactive/dead/ agent=6613/active/ jphase=rolling-back killpid=
08:25:53.472549900 pdns=3072/0/active/running/ named=0/inactive/dead/ agent=6613/active/ jphase=rolling-back killpid=
08:25:53.772302339 pdns=3072/0/active/running/ named=0/inactive/dead/ agent=6613/active/ jphase=rolling-back killpid=
08:25:54.078415842 pdns=3072/0/active/running/ named=0/inactive/dead/ agent=6613/active/ jphase=rolling-back killpid=
08:25:54.394881009 pdns=3072/0/active/running/ named=0/inactive/dead/ agent=6613/active/ jphase=rolled-back killpid=
08:25:54.696422294 CHANGE journal f1692d5fb836a5fa99e6fcfbe0b7fd25a3c6f40d8b4b18a2718f5f8af0e8499f -> 38984975040b24e821cedc5f3907f0ae17be7b1407a42431347f9bb797723043
08:25:54.707805232 pdns=3072/0/active/running/ named=0/inactive/dead/ agent=6613/active/ jphase=rolled-back killpid=
08:25:55.004055147 pdns=3072/0/active/running/ named=0/inactive/dead/ agent=6613/active/ jphase=rolled-back killpid=
08:25:55.305108704 pdns=3072/0/active/running/ named=0/inactive/dead/ agent=6613/active/ jphase=rolled-back killpid=
08:25:55.614964792 pdns=3072/0/active/running/ named=0/inactive/dead/ agent=6613/active/ jphase=rolled-back killpid=
08:25:55.936744037 pdns=3072/0/active/running/ named=0/inactive/dead/ agent=6613/active/ jphase=rolled-back killpid=
08:25:56.257052483 pdns=3072/0/active/running/ named=0/inactive/dead/ agent=6613/active/ jphase=absent killpid=
08:25:56.550156489 CHANGE journal 38984975040b24e821cedc5f3907f0ae17be7b1407a42431347f9bb797723043 -> absent
08:25:56.561017600 pdns=3072/0/active/running/ named=0/inactive/dead/ agent=6613/active/ jphase=absent killpid=
08:25:56.855905267 pdns=3072/0/active/running/ named=0/inactive/dead/ agent=6613/active/ jphase=absent killpid=
08:25:57.168191592 pdns=3072/0/active/running/ named=0/inactive/dead/ agent=6613/active/ jphase=absent killpid=
08:25:57.503844145 pdns=3072/0/active/running/ named=0/inactive/dead/ agent=6613/active/ jphase=absent killpid=
08:25:57.786219410 pdns=3072/0/active/running/ named=0/inactive/dead/ agent=6613/active/ jphase=absent killpid=
08:25:58.067028038 pdns=3072/0/active/running/ named=0/inactive/dead/ agent=6613/active/ jphase=absent killpid=
08:25:58.350418971 pdns=3072/0/active/running/ named=0/inactive/dead/ agent=6613/active/ jphase=absent killpid=
08:25:58.631549487 pdns=3072/0/active/running/ named=0/inactive/dead/ agent=6613/active/ jphase=absent killpid=
08:25:58.917065175 pdns=3072/0/active/running/ named=0/inactive/dead/ agent=6613/active/ jphase=absent killpid=
08:25:59.202244758 pdns=3072/0/active/running/ named=0/inactive/dead/ agent=6613/active/ jphase=absent killpid=
08:25:59.485929715 pdns=3072/0/active/running/ named=0/inactive/dead/ agent=6613/active/ jphase=absent killpid=
08:25:59.769031280 pdns=3072/0/active/running/ named=0/inactive/dead/ agent=6613/active/ jphase=absent killpid=
08:26:00.057309897 pdns=3072/0/active/running/ named=0/inactive/dead/ agent=6613/active/ jphase=absent killpid=
08:26:00.346410188 pdns=3072/0/active/running/ named=0/inactive/dead/ agent=6613/active/ jphase=absent killpid=
08:26:00.632205593 pdns=3072/0/active/running/ named=0/inactive/dead/ agent=6613/active/ jphase=absent killpid=
08:26:00.916169375 pdns=3072/0/active/running/ named=0/inactive/dead/ agent=6613/active/ jphase=absent killpid=
08:26:01.222022143 pdns=3072/0/active/running/ named=0/inactive/dead/ agent=6613/active/ jphase=absent killpid=
08:26:01.506577877 pdns=3072/0/active/running/ named=0/inactive/dead/ agent=6613/active/ jphase=absent killpid=
08:26:01.789634547 pdns=3072/0/active/running/ named=0/inactive/dead/ agent=6613/active/ jphase=absent killpid=
08:26:02.079836709 pdns=3072/0/active/running/ named=0/inactive/dead/ agent=6613/active/ jphase=absent killpid=
08:26:02.365625891 pdns=3072/0/active/running/ named=0/inactive/dead/ agent=6613/active/ jphase=absent killpid=
08:26:02.647928605 pdns=3072/0/active/running/ named=0/inactive/dead/ agent=6613/active/ jphase=absent killpid=
08:26:02.936184860 pdns=3072/0/active/running/ named=0/inactive/dead/ agent=6613/active/ jphase=absent killpid=
08:26:03.224072032 pdns=3072/0/active/running/ named=0/inactive/dead/ agent=6613/active/ jphase=absent killpid=
08:26:03.510590901 pdns=3072/0/active/running/ named=0/inactive/dead/ agent=6613/active/ jphase=absent killpid=
08:26:03.795670149 pdns=3072/0/active/running/ named=0/inactive/dead/ agent=6613/active/ jphase=absent killpid=
08:26:04.078029408 pdns=3072/0/active/running/ named=0/inactive/dead/ agent=6613/active/ jphase=absent killpid=
08:26:04.366679973 pdns=3072/0/active/running/ named=0/inactive/dead/ agent=6613/active/ jphase=absent killpid=
08:26:04.649705041 pdns=3072/0/active/running/ named=0/inactive/dead/ agent=6613/active/ jphase=absent killpid=
08:26:04.932333853 pdns=3072/0/active/running/ named=0/inactive/dead/ agent=6613/active/ jphase=absent killpid=
08:26:05.220083311 pdns=3072/0/active/running/ named=0/inactive/dead/ agent=6613/active/ jphase=absent killpid=
08:26:05.504638425 pdns=3072/0/active/running/ named=0/inactive/dead/ agent=6613/active/ jphase=absent killpid=
08:26:05.786413557 pdns=3072/0/active/running/ named=0/inactive/dead/ agent=6613/active/ jphase=absent killpid=
08:26:06.071619155 pdns=3072/0/active/running/ named=0/inactive/dead/ agent=6613/active/ jphase=absent killpid=
08:26:06.357239263 pdns=3072/0/active/running/ named=0/inactive/dead/ agent=6613/active/ jphase=absent killpid=
08:26:06.640148591 pdns=3072/0/active/running/ named=0/inactive/dead/ agent=6613/active/ jphase=absent killpid=
08:26:06.924965449 pdns=3072/0/active/running/ named=0/inactive/dead/ agent=6613/active/ jphase=absent killpid=
08:26:07.209245293 pdns=3072/0/active/running/ named=0/inactive/dead/ agent=6613/active/ jphase=absent killpid=
08:26:07.493991537 pdns=3072/0/active/running/ named=0/inactive/dead/ agent=6613/active/ jphase=absent killpid=
08:26:07.781107283 pdns=3072/0/active/running/ named=0/inactive/dead/ agent=6613/active/ jphase=absent killpid=
08:26:08.062623934 pdns=3072/0/active/running/ named=0/inactive/dead/ agent=6613/active/ jphase=absent killpid=
08:26:08.346027854 pdns=3072/0/active/running/ named=0/inactive/dead/ agent=6613/active/ jphase=absent killpid=
08:26:08.632520274 pdns=3072/0/active/running/ named=0/inactive/dead/ agent=6613/active/ jphase=absent killpid=
08:26:08.913791470 pdns=3072/0/active/running/ named=0/inactive/dead/ agent=6613/active/ jphase=absent killpid=
08:26:09.203781466 pdns=3072/0/active/running/ named=0/inactive/dead/ agent=6613/active/ jphase=absent killpid=
08:26:09.489586115 pdns=3072/0/active/running/ named=0/inactive/dead/ agent=6613/active/ jphase=absent killpid=
08:26:09.772661244 pdns=3072/0/active/running/ named=0/inactive/dead/ agent=6613/active/ jphase=absent killpid=
08:26:10.055049331 pdns=3072/0/active/running/ named=0/inactive/dead/ agent=6613/active/ jphase=absent killpid=
08:26:10.334248406 pdns=3072/0/active/running/ named=0/inactive/dead/ agent=6613/active/ jphase=absent killpid=
08:26:10.623970262 pdns=3072/0/active/running/ named=0/inactive/dead/ agent=6613/active/ jphase=absent killpid=
08:26:10.914495853 pdns=3072/0/active/running/ named=0/inactive/dead/ agent=6613/active/ jphase=absent killpid=
08:26:11.206828647 pdns=3072/0/active/running/ named=0/inactive/dead/ agent=6613/active/ jphase=absent killpid=
08:26:11.491941795 pdns=3072/0/active/running/ named=0/inactive/dead/ agent=6613/active/ jphase=absent killpid=
08:26:11.774207174 pdns=3072/0/active/running/ named=0/inactive/dead/ agent=6613/active/ jphase=absent killpid=
08:26:12.054891821 pdns=3072/0/active/running/ named=0/inactive/dead/ agent=6613/active/ jphase=absent killpid=
08:26:12.343692749 pdns=3072/0/active/running/ named=0/inactive/dead/ agent=6613/active/ jphase=absent killpid=
08:26:12.641653163 pdns=3072/0/active/running/ named=0/inactive/dead/ agent=6613/active/ jphase=absent killpid=
08:26:12.950857255 pdns=3072/0/active/running/ named=0/inactive/dead/ agent=6613/active/ jphase=absent killpid=
08:26:13.261938596 pdns=3072/0/active/running/ named=0/inactive/dead/ agent=6613/active/ jphase=absent killpid=
08:26:13.551293888 pdns=3072/0/active/running/ named=0/inactive/dead/ agent=6613/active/ jphase=absent killpid=
08:26:13.842039102 pdns=3072/0/active/running/ named=0/inactive/dead/ agent=6613/active/ jphase=absent killpid=
08:26:14.148902020 pdns=3072/0/active/running/ named=0/inactive/dead/ agent=6613/active/ jphase=absent killpid=
08:26:14.469244173 pdns=3072/0/active/running/ named=0/inactive/dead/ agent=6613/active/ jphase=absent killpid=
08:26:14.750188948 pdns=3072/0/active/running/ named=0/inactive/dead/ agent=6613/active/ jphase=absent killpid=
08:26:15.035315609 pdns=3072/0/active/running/ named=0/inactive/dead/ agent=6613/active/ jphase=absent killpid=
08:26:15.320786622 pdns=3072/0/active/running/ named=0/inactive/dead/ agent=6613/active/ jphase=absent killpid=
08:26:15.605772016 pdns=3072/0/active/running/ named=0/inactive/dead/ agent=6613/active/ jphase=absent killpid=
08:26:15.888092644 pdns=3072/0/active/running/ named=0/inactive/dead/ agent=6613/active/ jphase=absent killpid=
08:26:16.172091841 pdns=3072/0/active/running/ named=0/inactive/dead/ agent=6613/active/ jphase=absent killpid=
08:26:16.473738242 pdns=3072/0/active/running/ named=0/inactive/dead/ agent=6613/active/ jphase=absent killpid=
08:26:16.763053289 pdns=3072/0/active/running/ named=0/inactive/dead/ agent=6613/active/ jphase=absent killpid=
08:26:17.052755384 pdns=3072/0/active/running/ named=0/inactive/dead/ agent=6613/active/ jphase=absent killpid=
08:26:17.335790615 pdns=3072/0/active/running/ named=0/inactive/dead/ agent=6613/active/ jphase=absent killpid=
08:26:17.620720972 pdns=3072/0/active/running/ named=0/inactive/dead/ agent=6613/active/ jphase=absent killpid=
08:26:17.906484371 pdns=3072/0/active/running/ named=0/inactive/dead/ agent=6613/active/ jphase=absent killpid=
08:26:18.190198551 pdns=3072/0/active/running/ named=0/inactive/dead/ agent=6613/active/ jphase=absent killpid=
08:26:18.473053440 pdns=3072/0/active/running/ named=0/inactive/dead/ agent=6613/active/ jphase=absent killpid=
08:26:18.755633925 pdns=3072/0/active/running/ named=0/inactive/dead/ agent=6613/active/ jphase=absent killpid=
08:26:19.037245253 pdns=3072/0/active/running/ named=0/inactive/dead/ agent=6613/active/ jphase=absent killpid=
08:26:19.326847428 pdns=3072/0/active/running/ named=0/inactive/dead/ agent=6613/active/ jphase=absent killpid=
08:26:19.614021145 pdns=3072/0/active/running/ named=0/inactive/dead/ agent=6613/active/ jphase=absent killpid=
08:26:19.902001186 pdns=3072/0/active/running/ named=0/inactive/dead/ agent=6613/active/ jphase=absent killpid=
08:26:20.188709244 pdns=3072/0/active/running/ named=0/inactive/dead/ agent=6613/active/ jphase=absent killpid=
08:26:20.473978680 pdns=3072/0/active/running/ named=0/inactive/dead/ agent=6613/active/ jphase=absent killpid=
08:26:20.762002060 pdns=3072/0/active/running/ named=0/inactive/dead/ agent=6613/active/ jphase=absent killpid=
08:26:21.045595652 pdns=3072/0/active/running/ named=0/inactive/dead/ agent=6613/active/ jphase=absent killpid=
08:26:21.342039568 pdns=3072/0/active/running/ named=0/inactive/dead/ agent=6613/active/ jphase=absent killpid=
08:26:21.653064214 pdns=3072/0/active/running/ named=0/inactive/dead/ agent=6613/active/ jphase=absent killpid=
08:26:21.942425085 pdns=3072/0/active/running/ named=0/inactive/dead/ agent=6613/active/ jphase=absent killpid=
08:26:22.247196608 pdns=3072/0/active/running/ named=0/inactive/dead/ agent=6613/active/ jphase=absent killpid=
08:26:22.532218628 pdns=3072/0/active/running/ named=0/inactive/dead/ agent=6613/active/ jphase=absent killpid=
08:26:22.813753874 pdns=3072/0/active/running/ named=0/inactive/dead/ agent=6613/active/ jphase=absent killpid=
08:26:23.098377506 pdns=3072/0/active/running/ named=0/inactive/dead/ agent=6613/active/ jphase=absent killpid=
08:26:23.390301014 pdns=3072/0/active/running/ named=0/inactive/dead/ agent=6613/active/ jphase=absent killpid=
08:26:23.681015982 pdns=3072/0/active/running/ named=0/inactive/dead/ agent=6613/active/ jphase=absent killpid=
08:26:23.963721381 pdns=3072/0/active/running/ named=0/inactive/dead/ agent=6613/active/ jphase=absent killpid=
08:26:24.250867737 pdns=3072/0/active/running/ named=0/inactive/dead/ agent=6613/active/ jphase=absent killpid=
08:26:24.536819194 pdns=3072/0/active/running/ named=0/inactive/dead/ agent=6613/active/ jphase=absent killpid=
08:26:24.817593825 pdns=3072/0/active/running/ named=0/inactive/dead/ agent=6613/active/ jphase=absent killpid=
08:26:25.104114274 pdns=3072/0/active/running/ named=0/inactive/dead/ agent=6613/active/ jphase=absent killpid=
08:26:25.398331272 pdns=3072/0/active/running/ named=0/inactive/dead/ agent=6613/active/ jphase=absent killpid=
08:26:25.689656188 pdns=3072/0/active/running/ named=0/inactive/dead/ agent=6613/active/ jphase=absent killpid=
08:26:25.974365265 pdns=3072/0/active/running/ named=0/inactive/dead/ agent=6613/active/ jphase=absent killpid=
08:26:26.266910993 pdns=3072/0/active/running/ named=0/inactive/dead/ agent=6613/active/ jphase=absent killpid=
08:26:26.552678870 pdns=3072/0/active/running/ named=0/inactive/dead/ agent=6613/active/ jphase=absent killpid=
08:26:26.835097913 pdns=3072/0/active/running/ named=0/inactive/dead/ agent=6613/active/ jphase=absent killpid=
08:26:27.116819464 pdns=3072/0/active/running/ named=0/inactive/dead/ agent=6613/active/ jphase=absent killpid=
08:26:27.416407770 pdns=3072/0/active/running/ named=0/inactive/dead/ agent=6613/active/ jphase=absent killpid=
done
