00:55:01.020501023 CHANGE journal none -> absent
00:55:01.033236994 CHANGE ledger none -> 177f61d12ed0bb85e6ea535b807b376e26bbe0871405a13867c0b3cb6ea4b211
00:55:01.037319894 CHANGE state none -> absent
00:55:01.041290382 CHANGE pdnsdb none -> absent
00:55:01.046608090 POINTER 
00:55:01.048450106 pdns=0/0/inactive/dead/ named=0/inactive/dead/ agent=0/inactive/ jphase=absent killpid=
00:55:01.330573974 pdns=0/0/inactive/dead/ named=0/inactive/dead/ agent=0/inactive/ jphase=absent killpid=
00:55:01.609177345 pdns=0/0/inactive/dead/ named=0/inactive/dead/ agent=0/inactive/ jphase=absent killpid=
00:55:01.885842114 pdns=0/0/inactive/dead/ named=0/inactive/dead/ agent=0/inactive/ jphase=absent killpid=
00:55:02.163357945 pdns=0/0/inactive/dead/ named=0/inactive/dead/ agent=0/inactive/ jphase=absent killpid=
00:55:02.446580711 pdns=0/0/inactive/dead/ named=0/inactive/dead/ agent=0/inactive/ jphase=absent killpid=
00:55:02.728796291 pdns=0/0/inactive/dead/ named=0/inactive/dead/ agent=0/inactive/ jphase=absent killpid=
00:55:03.019070984 pdns=0/0/inactive/dead/ named=0/inactive/dead/ agent=0/inactive/ jphase=absent killpid=1935,
00:55:03.296775491 pdns=0/0/inactive/dead/ named=0/inactive/dead/ agent=0/inactive/ jphase=absent killpid=1935,
00:55:03.575618934 pdns=0/0/inactive/dead/ named=0/inactive/dead/ agent=0/inactive/ jphase=absent killpid=1935,
00:55:03.851459200 pdns=0/0/inactive/dead/ named=0/inactive/dead/ agent=0/inactive/ jphase=absent killpid=1935,
00:55:04.139510271 CHANGE ledger 177f61d12ed0bb85e6ea535b807b376e26bbe0871405a13867c0b3cb6ea4b211 -> 9546bc270ec18d7ecf2c2d442b6466920c46c221423e06138494067a33346f55
00:55:04.144316722 pdns=0/0/inactive/dead/ named=0/inactive/dead/ agent=0/inactive/ jphase=absent killpid=1935,
00:55:04.441488477 CHANGE ledger 9546bc270ec18d7ecf2c2d442b6466920c46c221423e06138494067a33346f55 -> b8c335272da8bfb55f1cc1bde9b38587ec3867283736c31dbc121b0a8a83e6c0
00:55:04.445800296 pdns=0/0/inactive/dead/ named=0/inactive/dead/ agent=0/inactive/ jphase=absent killpid=1935,2150,
00:55:04.732862581 pdns=0/0/inactive/dead/ named=0/inactive/dead/ agent=0/inactive/ jphase=absent killpid=1935,2150,
00:55:05.013224639 pdns=0/0/inactive/dead/ named=0/inactive/dead/ agent=0/inactive/ jphase=absent killpid=1935,2150,
00:55:05.321747366 pdns=0/0/inactive/dead/ named=0/inactive/dead/ agent=0/inactive/ jphase=absent killpid=1935,2150,
00:55:05.628692369 pdns=0/0/inactive/dead/ named=0/inactive/dead/ agent=0/inactive/ jphase=absent killpid=1935,2150,
00:55:05.948351090 pdns=0/0/inactive/dead/ named=0/inactive/dead/ agent=0/inactive/ jphase=absent killpid=1935,2150,
00:55:06.250991827 pdns=0/0/inactive/dead/ named=0/inactive/dead/ agent=0/inactive/ jphase=absent killpid=1935,2150,
00:55:06.548429008 pdns=0/0/inactive/dead/ named=0/inactive/dead/ agent=0/inactive/ jphase=absent killpid=1935,2150,
00:55:06.880022627 pdns=0/0/inactive/dead/ named=0/inactive/dead/ agent=0/inactive/ jphase=absent killpid=1935,2150,
00:55:07.224375048 pdns=0/0/inactive/dead/ named=0/inactive/dead/ agent=0/inactive/ jphase=absent killpid=1935,2150,
00:55:07.566446319 pdns=0/0/inactive/dead/ named=0/inactive/dead/ agent=0/inactive/ jphase=absent killpid=1935,2150,
00:55:07.863492055 pdns=0/0/inactive/dead/ named=0/inactive/dead/ agent=0/inactive/ jphase=absent killpid=1935,2150,
00:55:08.157680565 pdns=0/0/inactive/dead/ named=0/inactive/dead/ agent=0/inactive/ jphase=absent killpid=1935,2150,
00:55:08.456336772 pdns=0/0/inactive/dead/ named=0/inactive/dead/ agent=0/inactive/ jphase=absent killpid=1935,2150,
00:55:08.758903769 pdns=0/0/inactive/dead/ named=0/inactive/dead/ agent=0/inactive/ jphase=absent killpid=1935,
00:55:09.100753455 CHANGE ledger b8c335272da8bfb55f1cc1bde9b38587ec3867283736c31dbc121b0a8a83e6c0 -> cb3b51d8b28b5f3474e0825025d583e0cf31b50a6a2c1538e39f5c2a48577b73
00:55:09.110231429 pdns=0/0/inactive/dead/ named=0/inactive/dead/ agent=0/inactive/ jphase=absent killpid=1935,
00:55:09.579267830 CHANGE ledger cb3b51d8b28b5f3474e0825025d583e0cf31b50a6a2c1538e39f5c2a48577b73 -> 46ab235a4edf573a46fe0c7f3646f598188c796a2e71b576a4076398bdcaff34
00:55:09.584319922 pdns=0/0/inactive/dead/ named=0/inactive/dead/ agent=0/inactive/ jphase=absent killpid=1935,2706,
00:55:09.908812158 pdns=0/0/inactive/dead/ named=0/inactive/dead/ agent=0/inactive/ jphase=absent killpid=1935,2706,
00:55:10.238918989 pdns=0/0/inactive/dead/ named=0/inactive/dead/ agent=0/inactive/ jphase=absent killpid=1935,2706,
00:55:10.543249444 pdns=0/0/inactive/dead/ named=0/inactive/dead/ agent=0/inactive/ jphase=absent killpid=1935,2706,
00:55:10.840855810 pdns=0/0/inactive/dead/ named=0/inactive/dead/ agent=0/inactive/ jphase=absent killpid=1935,2706,
00:55:11.141266169 pdns=0/0/inactive/dead/ named=0/inactive/dead/ agent=0/inactive/ jphase=absent killpid=1935,2706,
00:55:11.448633435 pdns=0/0/inactive/dead/ named=0/inactive/dead/ agent=0/inactive/ jphase=absent killpid=1935,2706,
00:55:11.739197092 pdns=0/0/inactive/dead/ named=0/inactive/dead/ agent=0/inactive/ jphase=absent killpid=1935,2706,
00:55:12.038832526 pdns=0/0/inactive/dead/ named=0/inactive/dead/ agent=0/inactive/ jphase=absent killpid=1935,2706,
00:55:12.338262638 pdns=0/0/inactive/dead/ named=0/inactive/dead/ agent=0/inactive/ jphase=absent killpid=1935,2706,
00:55:12.642566980 pdns=0/0/inactive/dead/ named=0/inactive/dead/ agent=0/inactive/ jphase=absent killpid=1935,2706,
00:55:12.930272183 pdns=0/0/inactive/dead/ named=0/inactive/dead/ agent=0/inactive/ jphase=absent killpid=1935,2706,
00:55:13.231283262 pdns=0/0/inactive/dead/ named=0/inactive/dead/ agent=0/inactive/ jphase=absent killpid=1935,2706,
00:55:13.738563940 pdns=0/0/inactive/dead/ named=0/inactive/dead/ agent=0/inactive/ jphase=absent killpid=1935,2706,
00:55:14.989228979 CHANGE ledger 46ab235a4edf573a46fe0c7f3646f598188c796a2e71b576a4076398bdcaff34 -> 1845871e42f4d82e57d5a7f66784f52babfb5447a569f5f4a1089107fe0b450e
00:55:14.994083642 pdns=0/0/inactive/dead/ named=0/inactive/dead/ agent=0/inactive/ jphase=absent killpid=1935,2706,
00:55:15.295755148 CHANGE ledger 1845871e42f4d82e57d5a7f66784f52babfb5447a569f5f4a1089107fe0b450e -> 3f5885b1edb99a87f70d7f3305acbf896f0c4f3e5eb4b72c93922cc77b127c52
00:55:15.301316993 pdns=0/0/inactive/dead/ named=0/inactive/dead/ agent=0/inactive/ jphase=absent killpid=1935,3297,
00:55:15.782639999 CHANGE ledger 3f5885b1edb99a87f70d7f3305acbf896f0c4f3e5eb4b72c93922cc77b127c52 -> e0245f744dc9360b540859704ce695aecf9051098100167682537404c74a23b7
00:55:15.790282617 pdns=0/0/inactive/dead/ named=0/inactive/dead/ agent=0/inactive/ jphase=absent killpid=1935,
00:55:16.126970055 CHANGE ledger e0245f744dc9360b540859704ce695aecf9051098100167682537404c74a23b7 -> bc82bf09a010ab733f8c5f5633247fe3fb62a86521cb372c63672322ff17a364
00:55:16.132948489 pdns=0/0/inactive/dead/ named=0/inactive/dead/ agent=0/inactive/ jphase=absent killpid=1935,
00:55:16.474549314 CHANGE journal absent -> b8191d4e5c29d88eb8731448963eefe1fe21b8de0a52373aa0f2f80135016e6b
00:55:16.490146597 CHANGE ledger bc82bf09a010ab733f8c5f5633247fe3fb62a86521cb372c63672322ff17a364 -> 8e58cebe2fa0b21902c1be85bfb0913e53c91084574dc0ea784e36d689216271
00:55:16.496035551 pdns=0/0/inactive/dead/ named=0/inactive/dead/ agent=0/inactive/ jphase=intent killpid=1935,
00:55:16.801918054 CHANGE journal b8191d4e5c29d88eb8731448963eefe1fe21b8de0a52373aa0f2f80135016e6b -> 7e6bc6e88c0f0d3363618e1b58924b19580e078497cfa31a49febd8d6e14e369
00:55:16.814425954 pdns=0/0/inactive/dead/ named=0/inactive/dead/ agent=3547/active/ jphase=target-staged killpid=
00:55:17.218151190 CHANGE journal 7e6bc6e88c0f0d3363618e1b58924b19580e078497cfa31a49febd8d6e14e369 -> e131abdd4a6d489ddd006d28f2ef6d4f31189058604faf961d65badf37502521
00:55:17.234254427 pdns=0/0/inactive/dead/ named=0/inactive/dead/ agent=3547/active/ jphase=rolling-back killpid=
00:55:17.543581082 pdns=0/0/inactive/dead/ named=0/inactive/dead/ agent=3547/active/ jphase=rolling-back killpid=
00:55:17.855054352 pdns=0/0/inactive/dead/ named=0/inactive/dead/ agent=3547/active/ jphase=rolling-back killpid=
00:55:18.148440182 CHANGE journal e131abdd4a6d489ddd006d28f2ef6d4f31189058604faf961d65badf37502521 -> ef3d5380a22d01e9ab3d99865a6fdeae06b48c6683ff1f539548d500ad45a1a3
00:55:18.158525859 CHANGE ledger 8e58cebe2fa0b21902c1be85bfb0913e53c91084574dc0ea784e36d689216271 -> 23ea79624f3f593fd64f954d1945a98b333c8d63db8b829f0e5f5c7945624abf
00:55:18.163435212 pdns=0/0/inactive/dead/ named=0/inactive/dead/ agent=3547/active/ jphase=absent killpid=
00:55:18.458853108 CHANGE journal ef3d5380a22d01e9ab3d99865a6fdeae06b48c6683ff1f539548d500ad45a1a3 -> absent
00:55:18.473046490 CHANGE ledger 23ea79624f3f593fd64f954d1945a98b333c8d63db8b829f0e5f5c7945624abf -> 1a5ed90b105325878838f57c74d628939e988f1c7b45657e2eb50a65ef8fcff0
00:55:18.477775671 pdns=0/0/inactive/dead/ named=0/inactive/dead/ agent=3547/active/ jphase=absent killpid=
00:55:18.781796988 CHANGE ledger 1a5ed90b105325878838f57c74d628939e988f1c7b45657e2eb50a65ef8fcff0 -> 6452fc8d7e833e813015a98fda54a42e951d3c8efc3cd68014b5af92eef5f2f1
00:55:18.786394152 pdns=0/0/inactive/dead/ named=0/inactive/dead/ agent=3547/active/ jphase=absent killpid=
00:55:19.090070400 CHANGE journal absent -> b8191d4e5c29d88eb8731448963eefe1fe21b8de0a52373aa0f2f80135016e6b
00:55:19.100473571 CHANGE ledger 6452fc8d7e833e813015a98fda54a42e951d3c8efc3cd68014b5af92eef5f2f1 -> 270a75b63af33839c5f679edfe1599bddc10c90cd0d2b8864ba9d9d5be27ef88
00:55:19.104535646 pdns=0/0/inactive/dead/ named=0/inactive/dead/ agent=3547/active/ jphase=intent killpid=
00:55:19.389347452 CHANGE journal b8191d4e5c29d88eb8731448963eefe1fe21b8de0a52373aa0f2f80135016e6b -> 68fbc6f66f04f05d6bd0899bf9e22d7b31120b4f597191eba082a9b99cedc94b
00:55:19.403622368 CHANGE ledger 270a75b63af33839c5f679edfe1599bddc10c90cd0d2b8864ba9d9d5be27ef88 -> f1826af5ea2198293295c7c7c8d4fec5b069a2e949534b3bcfeb53c08b42321e
00:55:19.408722076 pdns=0/0/inactive/dead/ named=0/inactive/dead/ agent=3547/active/ jphase=target-enable-intent killpid=
00:55:19.708455650 CHANGE journal 68fbc6f66f04f05d6bd0899bf9e22d7b31120b4f597191eba082a9b99cedc94b -> e960e3a9c056fb1f7f792f91078f105ceed6c241a29f90f3c0fd6732ad3b81e4
00:55:19.721681532 CHANGE ledger f1826af5ea2198293295c7c7c8d4fec5b069a2e949534b3bcfeb53c08b42321e -> 3feb8dd93bc0d8a401af78581e94a1e97d33d6b628c15d9b8d212cdbe542199b
00:55:19.735353056 CHANGE pdnsdb absent -> 6bdae616bb4d50a11085c40bdc8538e15c525936b0534071160a782449d76cd1
00:55:19.738993767 pdns=0/0/inactive/dead/ named=0/inactive/dead/ agent=3547/active/ jphase=target-enable-intent killpid=
00:55:20.483244443 CHANGE ledger 3feb8dd93bc0d8a401af78581e94a1e97d33d6b628c15d9b8d212cdbe542199b -> 89fb978b77d4446ae8df3e5d36c09901e997a8f39c28bbb66519d821aab67974
00:55:20.503608555 pdns=0/0/inactive/dead/ named=0/inactive/dead/ agent=3547/active/ jphase=target-enable-intent killpid=
00:55:20.834879875 CHANGE ledger 89fb978b77d4446ae8df3e5d36c09901e997a8f39c28bbb66519d821aab67974 -> 8354932433378a6cf428621817a420b44cd1c33396f00648cab9e588c183ef1d
00:55:20.854271331 pdns=0/0/inactive/dead/ named=0/inactive/dead/ agent=3547/active/ jphase=target-enable-intent killpid=
00:55:21.362147165 CHANGE ledger 8354932433378a6cf428621817a420b44cd1c33396f00648cab9e588c183ef1d -> c8c48f2ef0e6a41bac555d81b2dd0cbd911c9f18be86defbdfa59452bb50bbd9
00:55:21.375644257 pdns=0/0/inactive/dead/ named=0/inactive/dead/ agent=3547/active/ jphase=target-enable-intent killpid=
00:55:21.711139189 CHANGE ledger c8c48f2ef0e6a41bac555d81b2dd0cbd911c9f18be86defbdfa59452bb50bbd9 -> 3d1fe0b526e8d49e743b481b380471bf605bcee59a567eec0b6744c9d54f7fa8
00:55:21.727299461 pdns=0/0/inactive/dead/ named=0/inactive/dead/ agent=3547/active/ jphase=target-enable-intent killpid=
00:55:22.127660801 CHANGE ledger 3d1fe0b526e8d49e743b481b380471bf605bcee59a567eec0b6744c9d54f7fa8 -> 266962a2b8fc1687843813b1ca3c70af830d3bef3df40e4c407b2b3f87992627
00:55:22.148176946 CHANGE pdnsdb 6bdae616bb4d50a11085c40bdc8538e15c525936b0534071160a782449d76cd1 -> 0b9adc0fdcb3c0d42ce785101a90118f77c1ed92f3d36bf31f802ce7897b18cb
00:55:22.157588627 pdns=4813/0/active/running/ named=0/inactive/dead/ agent=3547/active/ jphase=target-started killpid=
00:55:22.531760531 CHANGE journal e960e3a9c056fb1f7f792f91078f105ceed6c241a29f90f3c0fd6732ad3b81e4 -> f0ac7600531c8e63dd9331ef0312a16dd6308479feccbdd641a21acc6639ee3d
00:55:22.551282830 CHANGE ledger 266962a2b8fc1687843813b1ca3c70af830d3bef3df40e4c407b2b3f87992627 -> 8ff410daa275adc11d57c67fcd41cbdd12409f2a375da0131792d42a76e2a6df
00:55:22.593057683 CHANGE pdnsdb 0b9adc0fdcb3c0d42ce785101a90118f77c1ed92f3d36bf31f802ce7897b18cb -> e51446883f7e52ecd047c14b1353855155ae2cfb021a8700a4133aa84b396989
00:55:22.603137609 pdns=4813/0/active/running/ named=0/inactive/dead/ agent=3547/active/ jphase=target-started killpid=
00:55:22.962286965 CHANGE ledger 8ff410daa275adc11d57c67fcd41cbdd12409f2a375da0131792d42a76e2a6df -> 4216a03329e70e46f7f5c37adac87487081a76428b80fa14242d902e674ce517
00:55:22.976583371 pdns=4813/0/active/running/ named=0/inactive/dead/ agent=3547/active/ jphase=target-started killpid=
00:55:23.309668109 CHANGE ledger 4216a03329e70e46f7f5c37adac87487081a76428b80fa14242d902e674ce517 -> 760f6e3c8b03822c4d7c38427a521b823c9da099b758bbcd7be299636705f769
00:55:23.322773029 pdns=4813/0/active/running/ named=0/inactive/dead/ agent=3547/active/ jphase=target-started killpid=
00:55:23.678454343 CHANGE ledger 760f6e3c8b03822c4d7c38427a521b823c9da099b758bbcd7be299636705f769 -> 397edbba0191652f366503f10b74cc3222f1a035794bfe0445d9b017d54a2f79
00:55:23.691059459 pdns=4813/0/active/running/ named=0/inactive/dead/ agent=3547/active/ jphase=target-started killpid=
00:55:23.997700893 CHANGE journal f0ac7600531c8e63dd9331ef0312a16dd6308479feccbdd641a21acc6639ee3d -> 06f215dca2c8406ee55b7e216616aebe0fcd3bdae6116c1e2d1a68f7f76fe594
00:55:24.021180617 CHANGE ledger 397edbba0191652f366503f10b74cc3222f1a035794bfe0445d9b017d54a2f79 -> bd01ebf30c42c2e2e7bc0240b2a13956dc3bb4fb3241123cbb3e7f49d2bdb23a
00:55:24.038785790 CHANGE state absent -> e7b1b03bb5c0328770a63e9027851c2399e0ed77c2b5443d67e48d2a555e6902
00:55:24.052820109 pdns=4813/0/active/running/ named=0/inactive/dead/ agent=3547/active/ jphase=committed killpid=
00:55:24.395170295 pdns=4813/0/active/running/ named=0/inactive/dead/ agent=3547/active/ jphase=committed killpid=
00:55:24.689549424 CHANGE journal 06f215dca2c8406ee55b7e216616aebe0fcd3bdae6116c1e2d1a68f7f76fe594 -> absent
00:55:24.710410037 pdns=4813/0/active/running/ named=0/inactive/dead/ agent=3547/active/ jphase=absent killpid=
00:55:25.035149339 pdns=4813/0/active/running/ named=0/inactive/dead/ agent=3547/active/ jphase=absent killpid=
00:55:25.326614219 CHANGE ledger bd01ebf30c42c2e2e7bc0240b2a13956dc3bb4fb3241123cbb3e7f49d2bdb23a -> 2b0d1d942d6ecc8414896b70457e7c53251c1e6012906deef824896d1c8b9b04
00:55:25.341771541 pdns=4813/0/active/running/ named=0/inactive/dead/ agent=3547/active/ jphase=absent killpid=
00:55:25.672279768 pdns=4813/0/active/running/ named=0/inactive/dead/ agent=3547/active/ jphase=absent killpid=
00:55:26.004478149 pdns=4813/0/active/running/ named=0/inactive/dead/ agent=3547/active/ jphase=absent killpid=
00:55:26.290330367 pdns=4813/0/active/running/ named=0/inactive/dead/ agent=3547/active/ jphase=absent killpid=
00:55:26.574296701 pdns=4813/0/active/running/ named=0/inactive/dead/ agent=3547/active/ jphase=absent killpid=
00:55:26.862908020 pdns=4813/0/active/running/ named=0/inactive/dead/ agent=3547/active/ jphase=absent killpid=
00:55:27.148456078 pdns=4813/0/active/running/ named=0/inactive/dead/ agent=3547/active/ jphase=absent killpid=
00:55:27.437662787 pdns=4813/0/active/running/ named=0/inactive/dead/ agent=3547/active/ jphase=absent killpid=
00:55:27.728855279 pdns=4813/0/active/running/ named=0/inactive/dead/ agent=3547/active/ jphase=absent killpid=
00:55:28.018566344 pdns=4813/0/active/running/ named=0/inactive/dead/ agent=3547/active/ jphase=absent killpid=
00:55:28.305137523 pdns=4813/0/active/running/ named=0/inactive/dead/ agent=3547/active/ jphase=absent killpid=
00:55:28.609808509 pdns=4813/0/active/running/ named=0/inactive/dead/ agent=3547/active/ jphase=absent killpid=
00:55:28.891810975 pdns=4813/0/active/running/ named=0/inactive/dead/ agent=3547/active/ jphase=absent killpid=
00:55:29.173898730 pdns=4813/0/active/running/ named=0/inactive/dead/ agent=3547/active/ jphase=absent killpid=
00:55:29.457065587 pdns=4813/0/active/running/ named=0/inactive/dead/ agent=3547/active/ jphase=absent killpid=
00:55:29.746262091 pdns=4813/0/active/running/ named=0/inactive/dead/ agent=3547/active/ jphase=absent killpid=
00:55:30.031008867 pdns=4813/0/active/running/ named=0/inactive/dead/ agent=3547/active/ jphase=absent killpid=
00:55:30.319632858 pdns=4813/0/active/running/ named=0/inactive/dead/ agent=3547/active/ jphase=absent killpid=
00:55:30.609921696 pdns=4813/0/active/running/ named=0/inactive/dead/ agent=3547/active/ jphase=absent killpid=
00:55:30.890136404 pdns=4813/0/active/running/ named=0/inactive/dead/ agent=3547/active/ jphase=absent killpid=
00:55:31.172876508 pdns=4813/0/active/running/ named=0/inactive/dead/ agent=3547/active/ jphase=absent killpid=
00:55:31.476283509 pdns=4813/0/active/running/ named=0/inactive/dead/ agent=3547/active/ jphase=absent killpid=
00:55:31.765460892 pdns=4813/0/active/running/ named=0/inactive/dead/ agent=3547/active/ jphase=absent killpid=
00:55:32.051088434 pdns=4813/0/active/running/ named=0/inactive/dead/ agent=3547/active/ jphase=absent killpid=
00:55:32.338133684 pdns=4813/0/active/running/ named=0/inactive/dead/ agent=3547/active/ jphase=absent killpid=
00:55:32.627144117 pdns=4813/0/active/running/ named=0/inactive/dead/ agent=3547/active/ jphase=absent killpid=
00:55:32.918772570 pdns=4813/0/active/running/ named=0/inactive/dead/ agent=3547/active/ jphase=absent killpid=
00:55:33.206320567 pdns=4813/0/active/running/ named=0/inactive/dead/ agent=3547/active/ jphase=absent killpid=
00:55:33.494411839 pdns=4813/0/active/running/ named=0/inactive/dead/ agent=3547/active/ jphase=absent killpid=
00:55:33.795755813 pdns=4813/0/active/running/ named=0/inactive/dead/ agent=3547/active/ jphase=absent killpid=
00:55:34.082261858 pdns=4813/0/active/running/ named=0/inactive/dead/ agent=3547/active/ jphase=absent killpid=
00:55:34.367824640 pdns=4813/0/active/running/ named=0/inactive/dead/ agent=3547/active/ jphase=absent killpid=
00:55:34.652729212 pdns=4813/0/active/running/ named=0/inactive/dead/ agent=3547/active/ jphase=absent killpid=
00:55:34.944037407 pdns=4813/0/active/running/ named=0/inactive/dead/ agent=3547/active/ jphase=absent killpid=
00:55:35.232776490 pdns=4813/0/active/running/ named=0/inactive/dead/ agent=3547/active/ jphase=absent killpid=
00:55:35.520157712 pdns=4813/0/active/running/ named=0/inactive/dead/ agent=3547/active/ jphase=absent killpid=
00:55:35.805665265 pdns=4813/0/active/running/ named=0/inactive/dead/ agent=3547/active/ jphase=absent killpid=
00:55:36.091297719 pdns=4813/0/active/running/ named=0/inactive/dead/ agent=3547/active/ jphase=absent killpid=
00:55:36.373377091 pdns=4813/0/active/running/ named=0/inactive/dead/ agent=3547/active/ jphase=absent killpid=
00:55:36.653984218 pdns=4813/0/active/running/ named=0/inactive/dead/ agent=3547/active/ jphase=absent killpid=
00:55:36.934230432 pdns=4813/0/active/running/ named=0/inactive/dead/ agent=3547/active/ jphase=absent killpid=
00:55:37.218373389 pdns=4813/0/active/running/ named=0/inactive/dead/ agent=3547/active/ jphase=absent killpid=
00:55:37.506040410 pdns=4813/0/active/running/ named=0/inactive/dead/ agent=3547/active/ jphase=absent killpid=
00:55:37.793266718 pdns=4813/0/active/running/ named=0/inactive/dead/ agent=3547/active/ jphase=absent killpid=
00:55:38.081410061 pdns=4813/0/active/running/ named=0/inactive/dead/ agent=3547/active/ jphase=absent killpid=
00:55:38.378994720 pdns=4813/0/active/running/ named=0/inactive/dead/ agent=3547/active/ jphase=absent killpid=
00:55:38.701405514 pdns=4813/0/active/running/ named=0/inactive/dead/ agent=3547/active/ jphase=absent killpid=
00:55:38.988487471 pdns=4813/0/active/running/ named=0/inactive/dead/ agent=3547/active/ jphase=absent killpid=
00:55:39.272464580 pdns=4813/0/active/running/ named=0/inactive/dead/ agent=3547/active/ jphase=absent killpid=
00:55:39.553537842 pdns=4813/0/active/running/ named=0/inactive/dead/ agent=3547/active/ jphase=absent killpid=
00:55:39.834028225 pdns=4813/0/active/running/ named=0/inactive/dead/ agent=3547/active/ jphase=absent killpid=
00:55:40.113945534 pdns=4813/0/active/running/ named=0/inactive/dead/ agent=3547/active/ jphase=absent killpid=
00:55:40.397931099 pdns=4813/0/active/running/ named=0/inactive/dead/ agent=3547/active/ jphase=absent killpid=
00:55:40.685864172 pdns=4813/0/active/running/ named=0/inactive/dead/ agent=3547/active/ jphase=absent killpid=
00:55:40.968474603 pdns=4813/0/active/running/ named=0/inactive/dead/ agent=3547/active/ jphase=absent killpid=
00:55:41.256346378 pdns=4813/0/active/running/ named=0/inactive/dead/ agent=3547/active/ jphase=absent killpid=
00:55:41.538484184 pdns=4813/0/active/running/ named=0/inactive/dead/ agent=3547/active/ jphase=absent killpid=
00:55:41.824595417 pdns=4813/0/active/running/ named=0/inactive/dead/ agent=3547/active/ jphase=absent killpid=
00:55:42.114816500 pdns=4813/0/active/running/ named=0/inactive/dead/ agent=3547/active/ jphase=absent killpid=
00:55:42.401779324 pdns=4813/0/active/running/ named=0/inactive/dead/ agent=3547/active/ jphase=absent killpid=
00:55:42.685885200 pdns=4813/0/active/running/ named=0/inactive/dead/ agent=3547/active/ jphase=absent killpid=
00:55:42.969446864 pdns=4813/0/active/running/ named=0/inactive/dead/ agent=3547/active/ jphase=absent killpid=
00:55:43.252261055 pdns=4813/0/active/running/ named=0/inactive/dead/ agent=3547/active/ jphase=absent killpid=
00:55:43.533051478 pdns=4813/0/active/running/ named=0/inactive/dead/ agent=3547/active/ jphase=absent killpid=
00:55:43.818599530 pdns=4813/0/active/running/ named=0/inactive/dead/ agent=3547/active/ jphase=absent killpid=
00:55:44.105410262 pdns=4813/0/active/running/ named=0/inactive/dead/ agent=3547/active/ jphase=absent killpid=
00:55:44.387001475 pdns=4813/0/active/running/ named=0/inactive/dead/ agent=3547/active/ jphase=absent killpid=
00:55:44.680822018 pdns=4813/0/active/running/ named=0/inactive/dead/ agent=3547/active/ jphase=absent killpid=
00:55:44.968034563 pdns=4813/0/active/running/ named=0/inactive/dead/ agent=3547/active/ jphase=absent killpid=
00:55:45.251908724 pdns=4813/0/active/running/ named=0/inactive/dead/ agent=3547/active/ jphase=absent killpid=
00:55:45.539275286 pdns=4813/0/active/running/ named=0/inactive/dead/ agent=3547/active/ jphase=absent killpid=
00:55:45.833281368 pdns=4813/0/active/running/ named=0/inactive/dead/ agent=3547/active/ jphase=absent killpid=
00:55:46.116325471 pdns=4813/0/active/running/ named=0/inactive/dead/ agent=3547/active/ jphase=absent killpid=
00:55:46.401893538 pdns=4813/0/active/running/ named=0/inactive/dead/ agent=3547/active/ jphase=absent killpid=
00:55:46.682218983 pdns=4813/0/active/running/ named=0/inactive/dead/ agent=3547/active/ jphase=absent killpid=
00:55:46.968122155 pdns=4813/0/active/running/ named=0/inactive/dead/ agent=3547/active/ jphase=absent killpid=
00:55:47.251005855 pdns=4813/0/active/running/ named=0/inactive/dead/ agent=3547/active/ jphase=absent killpid=
00:55:47.544028185 pdns=4813/0/active/running/ named=0/inactive/dead/ agent=3547/active/ jphase=absent killpid=
00:55:47.867757374 pdns=4813/0/active/running/ named=0/inactive/dead/ agent=3547/active/ jphase=absent killpid=
00:55:48.180637120 pdns=4813/0/active/running/ named=0/inactive/dead/ agent=3547/active/ jphase=absent killpid=
00:55:48.490530503 pdns=4813/0/active/running/ named=0/inactive/dead/ agent=3547/active/ jphase=absent killpid=
00:55:48.811235284 pdns=4813/0/active/running/ named=0/inactive/dead/ agent=3547/active/ jphase=absent killpid=
00:55:49.129374603 pdns=4813/0/active/running/ named=0/inactive/dead/ agent=3547/active/ jphase=absent killpid=
00:55:49.434347470 pdns=4813/0/active/running/ named=0/inactive/dead/ agent=3547/active/ jphase=absent killpid=
00:55:49.727029740 pdns=4813/0/active/running/ named=0/inactive/dead/ agent=3547/active/ jphase=absent killpid=
00:55:50.017244868 pdns=4813/0/active/running/ named=0/inactive/dead/ agent=3547/active/ jphase=absent killpid=
00:55:50.311014648 pdns=4813/0/active/running/ named=0/inactive/dead/ agent=3547/active/ jphase=absent killpid=
00:55:50.598781168 pdns=4813/0/active/running/ named=0/inactive/dead/ agent=3547/active/ jphase=absent killpid=
00:55:50.888410927 pdns=4813/0/active/running/ named=0/inactive/dead/ agent=3547/active/ jphase=absent killpid=
00:55:51.215222936 pdns=4813/0/active/running/ named=0/inactive/dead/ agent=3547/active/ jphase=absent killpid=
00:55:51.532813158 pdns=4813/0/active/running/ named=0/inactive/dead/ agent=3547/active/ jphase=absent killpid=
00:55:51.818889658 pdns=4813/0/active/running/ named=0/inactive/dead/ agent=3547/active/ jphase=absent killpid=
00:55:52.111064210 pdns=4813/0/active/running/ named=0/inactive/dead/ agent=3547/active/ jphase=absent killpid=
00:55:52.399212443 pdns=4813/0/active/running/ named=0/inactive/dead/ agent=3547/active/ jphase=absent killpid=
00:55:52.702959619 pdns=4813/0/active/running/ named=0/inactive/dead/ agent=3547/active/ jphase=absent killpid=
00:55:52.989489404 pdns=4813/0/active/running/ named=0/inactive/dead/ agent=3547/active/ jphase=absent killpid=
00:55:53.289863846 pdns=4813/0/active/running/ named=0/inactive/dead/ agent=3547/active/ jphase=absent killpid=
00:55:53.624675365 pdns=4813/0/active/running/ named=0/inactive/dead/ agent=3547/active/ jphase=absent killpid=
00:55:53.948302188 pdns=4813/0/active/running/ named=0/inactive/dead/ agent=3547/active/ jphase=absent killpid=
00:55:54.233148534 pdns=4813/0/active/running/ named=0/inactive/dead/ agent=3547/active/ jphase=absent killpid=
00:55:54.516022697 pdns=4813/0/active/running/ named=0/inactive/dead/ agent=3547/active/ jphase=absent killpid=
00:55:54.796449886 pdns=4813/0/active/running/ named=0/inactive/dead/ agent=3547/active/ jphase=absent killpid=
00:55:55.077756328 pdns=4813/0/active/running/ named=0/inactive/dead/ agent=3547/active/ jphase=absent killpid=
00:55:55.359868668 pdns=4813/0/active/running/ named=0/inactive/dead/ agent=3547/active/ jphase=absent killpid=
00:55:55.641995167 pdns=4813/0/active/running/ named=0/inactive/dead/ agent=3547/active/ jphase=absent killpid=
00:55:55.926606919 pdns=4813/0/active/running/ named=0/inactive/dead/ agent=3547/active/ jphase=absent killpid=
done
