15:01:52.368170208 CHANGE journal none -> absent
15:01:52.380592687 CHANGE ledger none -> bd264fd966201495184ac7c28c36a00d950ae14b519a36ba2909a94d4b6eec50
15:01:52.390800495 CHANGE state none -> 0d59887abe74471d54d672d047750c46687442ba847c92c9dd22fe6b71b26aa9
15:01:52.397202168 POINTER 
15:01:52.398849933 pdns=3077/0/active/running/ named=0/inactive/dead/ agent=0/inactive/ jphase=absent killpid=
15:01:52.683478268 pdns=3077/0/active/running/ named=0/inactive/dead/ agent=0/inactive/ jphase=absent killpid=
15:01:52.965121324 pdns=3077/0/active/running/ named=0/inactive/dead/ agent=0/inactive/ jphase=absent killpid=
15:01:53.255784630 pdns=3077/0/active/running/ named=0/inactive/dead/ agent=0/inactive/ jphase=absent killpid=
15:01:53.551031799 CHANGE ledger bd264fd966201495184ac7c28c36a00d950ae14b519a36ba2909a94d4b6eec50 -> b9b132d3b3d573a1af82b2a61a118c5986eab060bfd3411ce8792b219251da34
15:01:53.558390627 pdns=3077/0/active/running/ named=0/inactive/dead/ agent=0/inactive/ jphase=absent killpid=3984,
15:01:53.867477277 CHANGE ledger b9b132d3b3d573a1af82b2a61a118c5986eab060bfd3411ce8792b219251da34 -> b91a377e45c0db8ca5500eaec7de5672f918ecb990b531578c4f2d07d219fd06
15:01:53.876582186 pdns=3077/0/active/running/ named=0/inactive/dead/ agent=0/inactive/ jphase=absent killpid=3984,
15:01:54.194249100 CHANGE ledger b91a377e45c0db8ca5500eaec7de5672f918ecb990b531578c4f2d07d219fd06 -> 964cb0c538694de7201e4bdcdc0553d65501194c5c30ef24cb32a4f843c5054a
15:01:54.203199761 pdns=3077/0/active/running/ named=0/inactive/dead/ agent=0/inactive/ jphase=absent killpid=3984,
15:01:54.494537871 CHANGE ledger 964cb0c538694de7201e4bdcdc0553d65501194c5c30ef24cb32a4f843c5054a -> fae3ea3505623a9ea1b3e5106f33b4b40f5602d19e3709aee3d3d77a1d4ec510
15:01:54.508896091 pdns=3077/0/active/running/ named=0/inactive/dead/ agent=0/inactive/ jphase=absent killpid=3984,
15:01:54.799202971 CHANGE ledger fae3ea3505623a9ea1b3e5106f33b4b40f5602d19e3709aee3d3d77a1d4ec510 -> bd3c2567c5b7b44f02ffca173d08eec00fb7e9c5c7d121d62c4fe92b45bbf3bb
15:01:54.805639884 pdns=3077/0/active/running/ named=0/inactive/dead/ agent=0/inactive/ jphase=absent killpid=3984,
15:01:55.099491486 CHANGE ledger bd3c2567c5b7b44f02ffca173d08eec00fb7e9c5c7d121d62c4fe92b45bbf3bb -> 561ee85d9ee05ff09582a3cee9cb4c3461997b0eff7e4c0e121cfdc76fd74675
15:01:55.110881016 pdns=3077/0/active/running/ named=0/inactive/dead/ agent=0/inactive/ jphase=absent killpid=3984,
15:01:55.601036124 CHANGE ledger 561ee85d9ee05ff09582a3cee9cb4c3461997b0eff7e4c0e121cfdc76fd74675 -> e75e9a2ccec88cf5b6dde9c2719f31bc79c4b96f8284d4e82b7541fd7859a2e4
15:01:55.609516522 pdns=3077/0/active/running/ named=0/inactive/dead/ agent=0/inactive/ jphase=absent killpid=3984,4624,
15:01:55.892176550 pdns=3077/0/active/running/ named=0/inactive/dead/ agent=0/inactive/ jphase=absent killpid=3984,4624,
15:01:56.171195622 pdns=3077/0/active/running/ named=0/inactive/dead/ agent=0/inactive/ jphase=absent killpid=3984,4624,
15:01:56.458412152 pdns=3077/0/active/running/ named=0/inactive/dead/ agent=0/inactive/ jphase=absent killpid=3984,4624,
15:01:56.743138551 pdns=3077/0/active/running/ named=0/inactive/dead/ agent=0/inactive/ jphase=absent killpid=3984,4624,
15:01:57.029968583 pdns=3077/0/active/running/ named=0/inactive/dead/ agent=0/inactive/ jphase=absent killpid=3984,4624,
15:01:57.316066089 pdns=3077/0/active/running/ named=0/inactive/dead/ agent=0/inactive/ jphase=absent killpid=3984,4624,
15:01:57.605952320 pdns=3077/0/active/running/ named=0/inactive/dead/ agent=0/inactive/ jphase=absent killpid=3984,4624,
15:01:57.888295323 pdns=3077/0/active/running/ named=0/inactive/dead/ agent=0/inactive/ jphase=absent killpid=3984,4624,
15:01:58.211077741 pdns=3077/0/active/running/ named=0/inactive/dead/ agent=0/inactive/ jphase=absent killpid=3984,4624,
15:01:58.513255654 CHANGE ledger e75e9a2ccec88cf5b6dde9c2719f31bc79c4b96f8284d4e82b7541fd7859a2e4 -> 32a9ad669a60470946db12657813719d00306a3c7aed20413cf77dd367efae4c
15:01:58.521799591 pdns=3077/0/active/running/ named=0/inactive/dead/ agent=0/inactive/ jphase=absent killpid=3984,4624,
15:01:58.900972748 pdns=3077/0/active/running/ named=0/inactive/dead/ agent=0/inactive/ jphase=absent killpid=3984,4624,
15:01:59.188689494 pdns=3077/0/active/running/ named=0/inactive/dead/ agent=0/inactive/ jphase=absent killpid=3984,4624,
15:01:59.488646141 pdns=3077/0/active/running/ named=0/inactive/dead/ agent=0/inactive/ jphase=absent killpid=3984,4624,
15:01:59.792113021 pdns=3077/0/active/running/ named=0/inactive/dead/ agent=0/inactive/ jphase=absent killpid=3984,4624,
15:02:00.089010294 CHANGE ledger 32a9ad669a60470946db12657813719d00306a3c7aed20413cf77dd367efae4c -> cdcc2feaf564aab81f620980f793d0aa9abf52935cfc814d65e466feb7cc22d2
15:02:00.099224724 pdns=3077/0/active/running/ named=0/inactive/dead/ agent=0/inactive/ jphase=absent killpid=3984,5538,
15:02:00.602605199 CHANGE ledger cdcc2feaf564aab81f620980f793d0aa9abf52935cfc814d65e466feb7cc22d2 -> 803471ed497c4414c9a3e5920fdefa9df65e3286a20a69f7606af7135f60ba25
15:02:00.614211515 pdns=3077/0/active/running/ named=0/inactive/dead/ agent=0/inactive/ jphase=absent killpid=3984,
15:02:01.059759261 CHANGE ledger 803471ed497c4414c9a3e5920fdefa9df65e3286a20a69f7606af7135f60ba25 -> 1b4262f7a4003b5c8c7441ab3a9366ca377c5e6fcfc20d4c33f8a41b99e8ad19
15:02:01.068295454 pdns=3077/0/active/running/ named=0/inactive/dead/ agent=0/inactive/ jphase=absent killpid=3984,
15:02:01.360502844 CHANGE ledger 1b4262f7a4003b5c8c7441ab3a9366ca377c5e6fcfc20d4c33f8a41b99e8ad19 -> 6d06411773468fd4eb2a7344e3b0b49d1f829fafbd154511c56e2960a8c1495f
15:02:01.367509667 POINTER /var/cache/bind/celikpanel mtime=2026-09-29 15:02:01.328730471 +0000 ino=131681 /var/cache/bind/celikpanel/current absent 
15:02:01.368976378 pdns=3077/0/active/running/ named=0/inactive/dead/ agent=0/inactive/ jphase=absent killpid=3984,
15:02:01.651849034 CHANGE ledger 6d06411773468fd4eb2a7344e3b0b49d1f829fafbd154511c56e2960a8c1495f -> a35a72b1a4e95d738df5f9dde4627448eebed71575d53e188d59b077f716529a
15:02:01.664759689 POINTER /var/cache/bind/celikpanel mtime=2026-09-29 15:02:01.444739900 +0000 ino=131681 /var/cache/bind/celikpanel/current absent 
15:02:01.666233886 pdns=3077/0/active/running/ named=0/inactive/dead/ agent=0/inactive/ jphase=absent killpid=3984,
15:02:01.986165683 CHANGE ledger a35a72b1a4e95d738df5f9dde4627448eebed71575d53e188d59b077f716529a -> 7f09244f7e63bee54d45d33af657b507403c18d95c4dffc71db276600a783850
15:02:01.996130207 pdns=3077/0/active/running/ named=0/inactive/dead/ agent=0/inactive/ jphase=absent killpid=3984,6119,
15:02:02.289743239 CHANGE ledger 7f09244f7e63bee54d45d33af657b507403c18d95c4dffc71db276600a783850 -> 962b6ef73cc7e8ac24776c671cc30d5a6bdcd6942b61e84e9b59f6b50c056f48
15:02:02.301396081 pdns=3077/0/active/running/ named=0/inactive/dead/ agent=0/inactive/ jphase=absent killpid=3984,6231,
15:02:02.606968565 CHANGE ledger 962b6ef73cc7e8ac24776c671cc30d5a6bdcd6942b61e84e9b59f6b50c056f48 -> 1d76cb8134e0059942b338318f0a0aa4f64e07fd0fe101cfe658b6ec5f2b2314
15:02:02.621493714 pdns=3077/0/active/running/ named=0/inactive/dead/ agent=0/inactive/ jphase=absent killpid=3984,
15:02:02.918702269 CHANGE ledger 1d76cb8134e0059942b338318f0a0aa4f64e07fd0fe101cfe658b6ec5f2b2314 -> f3e37c1e3a08b3cbc1d11f1938920b9a2e655fa8dcdd9dc844986d0b54f081e7
15:02:02.927498357 pdns=3077/0/active/running/ named=0/inactive/dead/ agent=0/inactive/ jphase=absent killpid=3984,
15:02:03.225626132 CHANGE ledger f3e37c1e3a08b3cbc1d11f1938920b9a2e655fa8dcdd9dc844986d0b54f081e7 -> 8277039f0d154242f7e9d5e79ad7538660c2ac97089591a263e9cd5d1a8b64ab
15:02:03.237523390 pdns=3077/0/active/running/ named=0/inactive/dead/ agent=0/inactive/ jphase=absent killpid=3984,
15:02:03.526415423 CHANGE ledger 8277039f0d154242f7e9d5e79ad7538660c2ac97089591a263e9cd5d1a8b64ab -> 044423e2a89845152be863a97e7dbce32078d841ff3bf31a86ee56ed459a4333
15:02:03.536056636 pdns=3077/0/active/running/ named=0/inactive/dead/ agent=0/inactive/ jphase=absent killpid=3984,
15:02:03.836252771 CHANGE journal absent -> 035f4e5e58e8b3cd7268ee251180b02d9991b322a77953f27153a1069b2985c0
15:02:03.846777942 CHANGE ledger 044423e2a89845152be863a97e7dbce32078d841ff3bf31a86ee56ed459a4333 -> 445fc8a48c2daa81d5736daf4386aab275aca1f321a119b5cb0cd04f57d6210b
15:02:03.859879340 POINTER /var/cache/bind/celikpanel mtime=2026-09-29 15:02:03.620914584 +0000 ino=131681 /var/cache/bind/celikpanel/current mtime=2026-09-29 15:02:03.620914584 +0000 ino=131701 -> '/var/cache/bind/celikpanel/current' -> 'generations/ae4516bb90c5796390cc023653cd7cfff93684a3d3feb1e103f6b503b1445745' 
15:02:03.861594213 pdns=3077/0/active/running/ named=0/inactive/dead/ agent=6723/active/ jphase=rolling-back killpid=
15:02:04.223893927 CHANGE journal 035f4e5e58e8b3cd7268ee251180b02d9991b322a77953f27153a1069b2985c0 -> f1692d5fb836a5fa99e6fcfbe0b7fd25a3c6f40d8b4b18a2718f5f8af0e8499f
15:02:04.233372918 CHANGE ledger 445fc8a48c2daa81d5736daf4386aab275aca1f321a119b5cb0cd04f57d6210b -> 52a672af743f0f014d081ab91cd2fc8efd83aa7815cffc737832ec3a204f84e5
15:02:04.242881636 pdns=3077/0/active/running/ named=0/inactive/dead/ agent=6723/active/ jphase=rolling-back killpid=
15:02:04.532796665 pdns=3077/0/active/running/ named=0/inactive/dead/ agent=6723/active/ jphase=rolling-back killpid=
15:02:04.833453959 pdns=3077/0/active/running/ named=0/inactive/dead/ agent=6723/active/ jphase=rolling-back killpid=
15:02:05.129563907 pdns=3077/0/active/running/ named=0/inactive/dead/ agent=6723/active/ jphase=rolling-back killpid=
15:02:05.420819199 pdns=3077/0/active/running/ named=0/inactive/dead/ agent=6723/active/ jphase=rolling-back killpid=
15:02:05.727016125 pdns=3077/0/active/running/ named=0/inactive/dead/ agent=6723/active/ jphase=rolling-back killpid=
15:02:06.040362583 pdns=3077/0/active/running/ named=0/inactive/dead/ agent=6723/active/ jphase=rolling-back killpid=
15:02:06.322520225 pdns=3077/0/active/running/ named=0/inactive/dead/ agent=6723/active/ jphase=rolling-back killpid=
15:02:06.634908756 pdns=3077/0/active/running/ named=0/inactive/dead/ agent=6723/active/ jphase=rolling-back killpid=
15:02:06.964481155 pdns=3077/0/active/running/ named=0/inactive/dead/ agent=6723/active/ jphase=rolling-back killpid=
15:02:07.276104594 pdns=3077/0/active/running/ named=0/inactive/dead/ agent=6723/active/ jphase=rolling-back killpid=
15:02:07.581188628 POINTER /var/cache/bind/celikpanel mtime=2026-09-29 15:02:07.549219461 +0000 ino=131681 /var/cache/bind/celikpanel/current absent 
15:02:07.582529770 pdns=3077/0/active/running/ named=0/inactive/dead/ agent=6723/active/ jphase=rolling-back killpid=
15:02:07.878963023 POINTER /var/cache/bind/celikpanel mtime=2026-09-29 15:02:07.797238346 +0000 ino=131681 /var/cache/bind/celikpanel/current absent 
15:02:07.882536204 pdns=3077/0/active/running/ named=0/inactive/dead/ agent=6723/active/ jphase=rolling-back killpid=
15:02:08.183654645 pdns=3077/0/active/running/ named=0/inactive/dead/ agent=6723/active/ jphase=rolling-back killpid=
15:02:08.471625469 pdns=3077/0/active/running/ named=0/inactive/dead/ agent=6723/active/ jphase=rolling-back killpid=
15:02:08.761663895 pdns=3077/0/active/running/ named=0/inactive/dead/ agent=6723/active/ jphase=rolling-back killpid=
15:02:09.077042695 pdns=3077/0/active/running/ named=0/inactive/dead/ agent=6723/active/ jphase=rolling-back killpid=
15:02:09.398984746 pdns=3077/0/active/running/ named=0/inactive/dead/ agent=6723/active/ jphase=rolling-back killpid=
15:02:09.692468480 pdns=3077/0/active/running/ named=0/inactive/dead/ agent=6723/active/ jphase=rolling-back killpid=
15:02:09.983470805 pdns=3077/0/active/running/ named=0/inactive/dead/ agent=6723/active/ jphase=rolling-back killpid=
15:02:10.285183685 pdns=3077/0/active/running/ named=0/inactive/dead/ agent=6723/active/ jphase=rolling-back killpid=
15:02:10.613399456 pdns=3077/0/active/running/ named=0/inactive/dead/ agent=6723/active/ jphase=rolling-back killpid=
15:02:10.950438955 pdns=3077/0/active/running/ named=0/inactive/dead/ agent=6723/active/ jphase=rolling-back killpid=
15:02:11.243202080 CHANGE journal f1692d5fb836a5fa99e6fcfbe0b7fd25a3c6f40d8b4b18a2718f5f8af0e8499f -> 38984975040b24e821cedc5f3907f0ae17be7b1407a42431347f9bb797723043
15:02:11.258087042 pdns=3077/0/active/running/ named=0/inactive/dead/ agent=6723/active/ jphase=rolled-back killpid=
15:02:11.576333143 pdns=3077/0/active/running/ named=0/inactive/dead/ agent=6723/active/ jphase=rolled-back killpid=
15:02:11.892152705 pdns=3077/0/active/running/ named=0/inactive/dead/ agent=6723/active/ jphase=rolled-back killpid=
15:02:12.187513853 pdns=3077/0/active/running/ named=0/inactive/dead/ agent=6723/active/ jphase=rolled-back killpid=
15:02:12.477492734 pdns=3077/0/active/running/ named=0/inactive/dead/ agent=6723/active/ jphase=rolled-back killpid=
15:02:12.774130655 pdns=3077/0/active/running/ named=0/inactive/dead/ agent=6723/active/ jphase=rolled-back killpid=
15:02:13.047833418 CHANGE journal 38984975040b24e821cedc5f3907f0ae17be7b1407a42431347f9bb797723043 -> absent
15:02:13.063848431 pdns=3077/0/active/running/ named=0/inactive/dead/ agent=6723/active/ jphase=absent killpid=
15:02:13.347132122 pdns=3077/0/active/running/ named=0/inactive/dead/ agent=6723/active/ jphase=absent killpid=
15:02:13.635464900 pdns=3077/0/active/running/ named=0/inactive/dead/ agent=6723/active/ jphase=absent killpid=
15:02:13.962198736 pdns=3077/0/active/running/ named=0/inactive/dead/ agent=6723/active/ jphase=absent killpid=
15:02:14.251639185 pdns=3077/0/active/running/ named=0/inactive/dead/ agent=6723/active/ jphase=absent killpid=
15:02:14.525802429 pdns=3077/0/active/running/ named=0/inactive/dead/ agent=6723/active/ jphase=absent killpid=
15:02:14.797392535 pdns=3077/0/active/running/ named=0/inactive/dead/ agent=6723/active/ jphase=absent killpid=
15:02:15.066589676 pdns=3077/0/active/running/ named=0/inactive/dead/ agent=6723/active/ jphase=absent killpid=
15:02:15.336507024 pdns=3077/0/active/running/ named=0/inactive/dead/ agent=6723/active/ jphase=absent killpid=
15:02:15.611928103 pdns=3077/0/active/running/ named=0/inactive/dead/ agent=6723/active/ jphase=absent killpid=
15:02:15.883865447 pdns=3077/0/active/running/ named=0/inactive/dead/ agent=6723/active/ jphase=absent killpid=
15:02:16.152804994 pdns=3077/0/active/running/ named=0/inactive/dead/ agent=6723/active/ jphase=absent killpid=
15:02:16.422736401 pdns=3077/0/active/running/ named=0/inactive/dead/ agent=6723/active/ jphase=absent killpid=
15:02:16.692711538 pdns=3077/0/active/running/ named=0/inactive/dead/ agent=6723/active/ jphase=absent killpid=
15:02:16.962352406 pdns=3077/0/active/running/ named=0/inactive/dead/ agent=6723/active/ jphase=absent killpid=
15:02:17.235657078 pdns=3077/0/active/running/ named=0/inactive/dead/ agent=6723/active/ jphase=absent killpid=
15:02:17.514765670 pdns=3077/0/active/running/ named=0/inactive/dead/ agent=6723/active/ jphase=absent killpid=
15:02:17.788874506 pdns=3077/0/active/running/ named=0/inactive/dead/ agent=6723/active/ jphase=absent killpid=
15:02:18.061752466 pdns=3077/0/active/running/ named=0/inactive/dead/ agent=6723/active/ jphase=absent killpid=
15:02:18.336936901 pdns=3077/0/active/running/ named=0/inactive/dead/ agent=6723/active/ jphase=absent killpid=
15:02:18.618774149 pdns=3077/0/active/running/ named=0/inactive/dead/ agent=6723/active/ jphase=absent killpid=
15:02:18.896614507 pdns=3077/0/active/running/ named=0/inactive/dead/ agent=6723/active/ jphase=absent killpid=
15:02:19.183997917 pdns=3077/0/active/running/ named=0/inactive/dead/ agent=6723/active/ jphase=absent killpid=
15:02:19.475561800 pdns=3077/0/active/running/ named=0/inactive/dead/ agent=6723/active/ jphase=absent killpid=
15:02:19.753069559 pdns=3077/0/active/running/ named=0/inactive/dead/ agent=6723/active/ jphase=absent killpid=
15:02:20.022834381 pdns=3077/0/active/running/ named=0/inactive/dead/ agent=6723/active/ jphase=absent killpid=
15:02:20.295064250 pdns=3077/0/active/running/ named=0/inactive/dead/ agent=6723/active/ jphase=absent killpid=
15:02:20.568127653 pdns=3077/0/active/running/ named=0/inactive/dead/ agent=6723/active/ jphase=absent killpid=
15:02:20.837664141 pdns=3077/0/active/running/ named=0/inactive/dead/ agent=6723/active/ jphase=absent killpid=
15:02:21.106052699 pdns=3077/0/active/running/ named=0/inactive/dead/ agent=6723/active/ jphase=absent killpid=
15:02:21.379739284 pdns=3077/0/active/running/ named=0/inactive/dead/ agent=6723/active/ jphase=absent killpid=
15:02:21.654754085 pdns=3077/0/active/running/ named=0/inactive/dead/ agent=6723/active/ jphase=absent killpid=
15:02:21.932321320 pdns=3077/0/active/running/ named=0/inactive/dead/ agent=6723/active/ jphase=absent killpid=
15:02:22.204285795 pdns=3077/0/active/running/ named=0/inactive/dead/ agent=6723/active/ jphase=absent killpid=
15:02:22.473930843 pdns=3077/0/active/running/ named=0/inactive/dead/ agent=6723/active/ jphase=absent killpid=
15:02:22.748818918 pdns=3077/0/active/running/ named=0/inactive/dead/ agent=6723/active/ jphase=absent killpid=
15:02:23.029670478 pdns=3077/0/active/running/ named=0/inactive/dead/ agent=6723/active/ jphase=absent killpid=
15:02:23.318652657 pdns=3077/0/active/running/ named=0/inactive/dead/ agent=6723/active/ jphase=absent killpid=
15:02:23.590648438 pdns=3077/0/active/running/ named=0/inactive/dead/ agent=6723/active/ jphase=absent killpid=
15:02:23.867007160 pdns=3077/0/active/running/ named=0/inactive/dead/ agent=6723/active/ jphase=absent killpid=
15:02:24.142227149 pdns=3077/0/active/running/ named=0/inactive/dead/ agent=6723/active/ jphase=absent killpid=
15:02:24.425693734 pdns=3077/0/active/running/ named=0/inactive/dead/ agent=6723/active/ jphase=absent killpid=
15:02:24.702487932 pdns=3077/0/active/running/ named=0/inactive/dead/ agent=6723/active/ jphase=absent killpid=
15:02:24.977878286 pdns=3077/0/active/running/ named=0/inactive/dead/ agent=6723/active/ jphase=absent killpid=
15:02:25.252281945 pdns=3077/0/active/running/ named=0/inactive/dead/ agent=6723/active/ jphase=absent killpid=
15:02:25.536440307 pdns=3077/0/active/running/ named=0/inactive/dead/ agent=6723/active/ jphase=absent killpid=
15:02:25.816331855 pdns=3077/0/active/running/ named=0/inactive/dead/ agent=6723/active/ jphase=absent killpid=
15:02:26.089448614 pdns=3077/0/active/running/ named=0/inactive/dead/ agent=6723/active/ jphase=absent killpid=
15:02:26.361507487 pdns=3077/0/active/running/ named=0/inactive/dead/ agent=6723/active/ jphase=absent killpid=
15:02:26.633378885 pdns=3077/0/active/running/ named=0/inactive/dead/ agent=6723/active/ jphase=absent killpid=
15:02:26.905029809 pdns=3077/0/active/running/ named=0/inactive/dead/ agent=6723/active/ jphase=absent killpid=
15:02:27.181022588 pdns=3077/0/active/running/ named=0/inactive/dead/ agent=6723/active/ jphase=absent killpid=
15:02:27.453698786 pdns=3077/0/active/running/ named=0/inactive/dead/ agent=6723/active/ jphase=absent killpid=
15:02:27.726450138 pdns=3077/0/active/running/ named=0/inactive/dead/ agent=6723/active/ jphase=absent killpid=
15:02:28.004498166 pdns=3077/0/active/running/ named=0/inactive/dead/ agent=6723/active/ jphase=absent killpid=
15:02:28.280558394 pdns=3077/0/active/running/ named=0/inactive/dead/ agent=6723/active/ jphase=absent killpid=
15:02:28.565229983 pdns=3077/0/active/running/ named=0/inactive/dead/ agent=6723/active/ jphase=absent killpid=
15:02:28.839017277 pdns=3077/0/active/running/ named=0/inactive/dead/ agent=6723/active/ jphase=absent killpid=
15:02:29.114725771 pdns=3077/0/active/running/ named=0/inactive/dead/ agent=6723/active/ jphase=absent killpid=
15:02:29.388445202 pdns=3077/0/active/running/ named=0/inactive/dead/ agent=6723/active/ jphase=absent killpid=
15:02:29.663491360 pdns=3077/0/active/running/ named=0/inactive/dead/ agent=6723/active/ jphase=absent killpid=
15:02:29.935939053 pdns=3077/0/active/running/ named=0/inactive/dead/ agent=6723/active/ jphase=absent killpid=
15:02:30.208357642 pdns=3077/0/active/running/ named=0/inactive/dead/ agent=6723/active/ jphase=absent killpid=
15:02:30.481566539 pdns=3077/0/active/running/ named=0/inactive/dead/ agent=6723/active/ jphase=absent killpid=
15:02:30.754161991 pdns=3077/0/active/running/ named=0/inactive/dead/ agent=6723/active/ jphase=absent killpid=
15:02:31.023128504 pdns=3077/0/active/running/ named=0/inactive/dead/ agent=6723/active/ jphase=absent killpid=
15:02:31.295763239 pdns=3077/0/active/running/ named=0/inactive/dead/ agent=6723/active/ jphase=absent killpid=
15:02:31.568657828 pdns=3077/0/active/running/ named=0/inactive/dead/ agent=6723/active/ jphase=absent killpid=
15:02:31.844250027 pdns=3077/0/active/running/ named=0/inactive/dead/ agent=6723/active/ jphase=absent killpid=
15:02:32.112547121 pdns=3077/0/active/running/ named=0/inactive/dead/ agent=6723/active/ jphase=absent killpid=
15:02:32.384701308 pdns=3077/0/active/running/ named=0/inactive/dead/ agent=6723/active/ jphase=absent killpid=
15:02:32.655273139 pdns=3077/0/active/running/ named=0/inactive/dead/ agent=6723/active/ jphase=absent killpid=
15:02:32.925908111 pdns=3077/0/active/running/ named=0/inactive/dead/ agent=6723/active/ jphase=absent killpid=
15:02:33.196332236 pdns=3077/0/active/running/ named=0/inactive/dead/ agent=6723/active/ jphase=absent killpid=
15:02:33.486681235 pdns=3077/0/active/running/ named=0/inactive/dead/ agent=6723/active/ jphase=absent killpid=
15:02:33.757686687 pdns=3077/0/active/running/ named=0/inactive/dead/ agent=6723/active/ jphase=absent killpid=
15:02:34.031089370 pdns=3077/0/active/running/ named=0/inactive/dead/ agent=6723/active/ jphase=absent killpid=
15:02:34.307335347 pdns=3077/0/active/running/ named=0/inactive/dead/ agent=6723/active/ jphase=absent killpid=
15:02:34.586590485 pdns=3077/0/active/running/ named=0/inactive/dead/ agent=6723/active/ jphase=absent killpid=
15:02:34.863482520 pdns=3077/0/active/running/ named=0/inactive/dead/ agent=6723/active/ jphase=absent killpid=
15:02:35.141391630 pdns=3077/0/active/running/ named=0/inactive/dead/ agent=6723/active/ jphase=absent killpid=
15:02:35.415354486 pdns=3077/0/active/running/ named=0/inactive/dead/ agent=6723/active/ jphase=absent killpid=
15:02:35.689261980 pdns=3077/0/active/running/ named=0/inactive/dead/ agent=6723/active/ jphase=absent killpid=
15:02:35.959278674 pdns=3077/0/active/running/ named=0/inactive/dead/ agent=6723/active/ jphase=absent killpid=
15:02:36.233972328 pdns=3077/0/active/running/ named=0/inactive/dead/ agent=6723/active/ jphase=absent killpid=
15:02:36.508964617 pdns=3077/0/active/running/ named=0/inactive/dead/ agent=6723/active/ jphase=absent killpid=
15:02:36.784607828 pdns=3077/0/active/running/ named=0/inactive/dead/ agent=6723/active/ jphase=absent killpid=
15:02:37.058562068 pdns=3077/0/active/running/ named=0/inactive/dead/ agent=6723/active/ jphase=absent killpid=
15:02:37.332360332 pdns=3077/0/active/running/ named=0/inactive/dead/ agent=6723/active/ jphase=absent killpid=
15:02:37.607939791 pdns=3077/0/active/running/ named=0/inactive/dead/ agent=6723/active/ jphase=absent killpid=
15:02:37.888927606 pdns=3077/0/active/running/ named=0/inactive/dead/ agent=6723/active/ jphase=absent killpid=
15:02:38.167185755 pdns=3077/0/active/running/ named=0/inactive/dead/ agent=6723/active/ jphase=absent killpid=
15:02:38.479954877 pdns=3077/0/active/running/ named=0/inactive/dead/ agent=6723/active/ jphase=absent killpid=
15:02:38.750187016 pdns=3077/0/active/running/ named=0/inactive/dead/ agent=6723/active/ jphase=absent killpid=
15:02:39.019856349 pdns=3077/0/active/running/ named=0/inactive/dead/ agent=6723/active/ jphase=absent killpid=
15:02:39.293541864 pdns=3077/0/active/running/ named=0/inactive/dead/ agent=6723/active/ jphase=absent killpid=
15:02:39.568984191 pdns=3077/0/active/running/ named=0/inactive/dead/ agent=6723/active/ jphase=absent killpid=
15:02:39.839740051 pdns=3077/0/active/running/ named=0/inactive/dead/ agent=6723/active/ jphase=absent killpid=
15:02:40.108524497 pdns=3077/0/active/running/ named=0/inactive/dead/ agent=6723/active/ jphase=absent killpid=
15:02:40.384399686 pdns=3077/0/active/running/ named=0/inactive/dead/ agent=6723/active/ jphase=absent killpid=
15:02:40.657278057 pdns=3077/0/active/running/ named=0/inactive/dead/ agent=6723/active/ jphase=absent killpid=
15:02:40.934517931 pdns=3077/0/active/running/ named=0/inactive/dead/ agent=6723/active/ jphase=absent killpid=
15:02:41.208346017 pdns=3077/0/active/running/ named=0/inactive/dead/ agent=6723/active/ jphase=absent killpid=
15:02:41.493229842 pdns=3077/0/active/running/ named=0/inactive/dead/ agent=6723/active/ jphase=absent killpid=
15:02:41.766642707 pdns=3077/0/active/running/ named=0/inactive/dead/ agent=6723/active/ jphase=absent killpid=
15:02:42.036990278 pdns=3077/0/active/running/ named=0/inactive/dead/ agent=6723/active/ jphase=absent killpid=
15:02:42.318427356 pdns=3077/0/active/running/ named=0/inactive/dead/ agent=6723/active/ jphase=absent killpid=
15:02:42.593644872 pdns=3077/0/active/running/ named=0/inactive/dead/ agent=6723/active/ jphase=absent killpid=
15:02:42.864395338 pdns=3077/0/active/running/ named=0/inactive/dead/ agent=6723/active/ jphase=absent killpid=
15:02:43.134492190 pdns=3077/0/active/running/ named=0/inactive/dead/ agent=6723/active/ jphase=absent killpid=
15:02:43.408976815 pdns=3077/0/active/running/ named=0/inactive/dead/ agent=6723/active/ jphase=absent killpid=
15:02:43.682189310 pdns=3077/0/active/running/ named=0/inactive/dead/ agent=6723/active/ jphase=absent killpid=
15:02:43.957110415 pdns=3077/0/active/running/ named=0/inactive/dead/ agent=6723/active/ jphase=absent killpid=
15:02:44.248439586 pdns=3077/0/active/running/ named=0/inactive/dead/ agent=6723/active/ jphase=absent killpid=
15:02:44.534971976 pdns=3077/0/active/running/ named=0/inactive/dead/ agent=6723/active/ jphase=absent killpid=
15:02:44.811916710 pdns=3077/0/active/running/ named=0/inactive/dead/ agent=6723/active/ jphase=absent killpid=
15:02:45.088733011 pdns=3077/0/active/running/ named=0/inactive/dead/ agent=6723/active/ jphase=absent killpid=
15:02:45.387668201 pdns=3077/0/active/running/ named=0/inactive/dead/ agent=6723/active/ jphase=absent killpid=
15:02:45.675352397 pdns=3077/0/active/running/ named=0/inactive/dead/ agent=6723/active/ jphase=absent killpid=
15:02:45.946389140 pdns=3077/0/active/running/ named=0/inactive/dead/ agent=6723/active/ jphase=absent killpid=
15:02:46.219991863 pdns=3077/0/active/running/ named=0/inactive/dead/ agent=6723/active/ jphase=absent killpid=
15:02:46.502387077 pdns=3077/0/active/running/ named=0/inactive/dead/ agent=6723/active/ jphase=absent killpid=
