19:17:49.289677941 CHANGE journal none -> absent
19:17:49.303492775 CHANGE ledger none -> 177f61d12ed0bb85e6ea535b807b376e26bbe0871405a13867c0b3cb6ea4b211
19:17:49.307303718 CHANGE state none -> absent
19:17:49.312370340 CHANGE pdnsdb none -> absent
19:17:49.316753872 POINTER 
19:17:49.318283651 pdns=0/0/inactive/dead/ named=0/inactive/dead/ agent=0/inactive/ jphase=absent killpid=
19:17:49.600379655 pdns=0/0/inactive/dead/ named=0/inactive/dead/ agent=0/inactive/ jphase=absent killpid=
19:17:49.885576812 pdns=0/0/inactive/dead/ named=0/inactive/dead/ agent=0/inactive/ jphase=absent killpid=
19:17:50.170220427 CHANGE ledger 177f61d12ed0bb85e6ea535b807b376e26bbe0871405a13867c0b3cb6ea4b211 -> af69a15e373f1c7726433e409d698ef34409b30bce76ea98d27b0816cd7bbe23
19:17:50.173710406 pdns=0/0/inactive/dead/ named=0/inactive/dead/ agent=0/inactive/ jphase=absent killpid=2427,2474,
19:17:50.471346179 CHANGE ledger af69a15e373f1c7726433e409d698ef34409b30bce76ea98d27b0816cd7bbe23 -> 9264f5619b07018822284e76e1062512e8a07812274c0b603b4b9c80b35abd14
19:17:50.476683248 pdns=0/0/inactive/dead/ named=0/inactive/dead/ agent=0/inactive/ jphase=absent killpid=2427,2538,
19:17:50.754227759 CHANGE ledger 9264f5619b07018822284e76e1062512e8a07812274c0b603b4b9c80b35abd14 -> 78c65ef92534058580a16b58b005c613c785ac36e234e87174cbe11d9e2f5ad6
19:17:50.765499365 pdns=0/0/inactive/dead/ named=0/inactive/dead/ agent=0/inactive/ jphase=absent killpid=2427,
19:17:51.056898072 CHANGE ledger 78c65ef92534058580a16b58b005c613c785ac36e234e87174cbe11d9e2f5ad6 -> 417b223b21c5a8b0ef520933e71cf0f3668504c1782dca0a58e62d8192f2a70d
19:17:51.061285662 pdns=0/0/inactive/dead/ named=0/inactive/dead/ agent=0/inactive/ jphase=absent killpid=2427,2674,
19:17:51.345323768 CHANGE ledger 417b223b21c5a8b0ef520933e71cf0f3668504c1782dca0a58e62d8192f2a70d -> 843d4c599b04090d80704a278e7ac7daf3829ad975510ffbd9c9fa4d8732c30d
19:17:51.349164033 pdns=0/0/inactive/dead/ named=0/inactive/dead/ agent=0/inactive/ jphase=absent killpid=2427,
19:17:51.635211407 CHANGE ledger 843d4c599b04090d80704a278e7ac7daf3829ad975510ffbd9c9fa4d8732c30d -> f425dc61141b9e567489805c7b60f5dd492d66c5f45dec80afb8239a0d907d01
19:17:51.638415333 pdns=0/0/inactive/dead/ named=0/inactive/dead/ agent=0/inactive/ jphase=absent killpid=2427,
19:17:52.015938031 CHANGE ledger f425dc61141b9e567489805c7b60f5dd492d66c5f45dec80afb8239a0d907d01 -> c5ebe4d6003d675b06d746cdba5291af477413a19ad4085abdd54304cafd64ba
19:17:52.019454725 pdns=0/0/inactive/dead/ named=0/inactive/dead/ agent=0/inactive/ jphase=absent killpid=2427,2901,
19:17:52.306335515 CHANGE ledger c5ebe4d6003d675b06d746cdba5291af477413a19ad4085abdd54304cafd64ba -> 03474d114e695730dec03956003a2908d62a76fba3252b1458f0b9dcfb90754d
19:17:52.309685048 pdns=0/0/inactive/dead/ named=0/inactive/dead/ agent=0/inactive/ jphase=absent killpid=2427,2979,
19:17:52.642995200 CHANGE ledger 03474d114e695730dec03956003a2908d62a76fba3252b1458f0b9dcfb90754d -> 562e96d7d393589a6dd5a737fd9be6659ae431e38cbd32d112c9345702e5dde2
19:17:52.646806870 pdns=0/0/inactive/dead/ named=0/inactive/dead/ agent=0/inactive/ jphase=absent killpid=2427,3049,
19:17:52.934775996 CHANGE ledger 562e96d7d393589a6dd5a737fd9be6659ae431e38cbd32d112c9345702e5dde2 -> a442c71787e93f078bd043ddf95da7374e2f838598db2f984ee681680c8a897f
19:17:52.938187091 pdns=0/0/inactive/dead/ named=0/inactive/dead/ agent=0/inactive/ jphase=absent killpid=2427,3172,
19:17:53.426766088 CHANGE ledger a442c71787e93f078bd043ddf95da7374e2f838598db2f984ee681680c8a897f -> 8f5931385eda29ef059b1221fa628d6b85610a56b3b748d162efb851127a7791
19:17:53.430390437 pdns=0/0/inactive/dead/ named=0/inactive/dead/ agent=0/inactive/ jphase=absent killpid=2427,
19:17:53.723757265 CHANGE ledger 8f5931385eda29ef059b1221fa628d6b85610a56b3b748d162efb851127a7791 -> acb9f7f3b41ea15db9148d21d4c4e9776105b6b1aca61117c6c18dcc3c43f750
19:17:53.727403404 pdns=0/0/inactive/dead/ named=0/inactive/dead/ agent=0/inactive/ jphase=absent killpid=2427,
19:17:54.004663977 CHANGE ledger acb9f7f3b41ea15db9148d21d4c4e9776105b6b1aca61117c6c18dcc3c43f750 -> 65136e3ad827bf3e89e2509613d720ce6c7c2f3cb089dc114693d5077666a5dd
19:17:54.007961496 pdns=0/0/inactive/dead/ named=0/inactive/dead/ agent=0/inactive/ jphase=absent killpid=2427,
19:17:54.282132928 CHANGE ledger 65136e3ad827bf3e89e2509613d720ce6c7c2f3cb089dc114693d5077666a5dd -> d1e64dce04931bdbbd4c2cc6633784543472f2ba97368d1b99ea25af58952fd3
19:17:54.289464526 POINTER /var/cache/bind/celikpanel mtime=2026-09-29 19:17:54.090540550 +0000 ino=131583 /var/cache/bind/celikpanel/current absent 
19:17:54.290768110 pdns=0/0/inactive/dead/ named=0/inactive/dead/ agent=0/inactive/ jphase=absent killpid=2427,
19:17:54.591727090 CHANGE ledger d1e64dce04931bdbbd4c2cc6633784543472f2ba97368d1b99ea25af58952fd3 -> 54bd38aca567a8c7073c614efea84fea043f19474efee9ef43db434b717031e6
19:17:54.596489562 POINTER /var/cache/bind/celikpanel mtime=2026-09-29 19:17:54.434538866 +0000 ino=131583 /var/cache/bind/celikpanel/current absent 
19:17:54.600059359 pdns=0/0/inactive/dead/ named=0/inactive/dead/ agent=0/inactive/ jphase=absent killpid=2427,
19:17:54.882372081 CHANGE ledger 54bd38aca567a8c7073c614efea84fea043f19474efee9ef43db434b717031e6 -> c47fa091250c7bb11a10329cb19a487a8688633ed319197113ae2e6842d49583
19:17:54.886594211 POINTER /var/cache/bind/celikpanel mtime=2026-09-29 19:17:54.634537887 +0000 ino=131583 /var/cache/bind/celikpanel/current absent 
19:17:54.888423982 pdns=0/0/inactive/dead/ named=0/inactive/dead/ agent=0/inactive/ jphase=intent killpid=2427,3555,
19:17:55.158535059 CHANGE journal absent -> 680608e41fe5a735906ee65e8da11d3c185ed25f457bf1348b6bf396af780231
19:17:55.166402644 CHANGE ledger c47fa091250c7bb11a10329cb19a487a8688633ed319197113ae2e6842d49583 -> b5edb2a225e9f55295e88ab001fa44ce7b03de66cde33d88a8f7cd8bdc1ed4dd
19:17:55.174331105 POINTER /var/cache/bind/celikpanel mtime=2026-09-29 19:17:54.990536143 +0000 ino=131583 /var/cache/bind/celikpanel/current mtime=2026-09-29 19:17:54.978536202 +0000 ino=131600 -> '/var/cache/bind/celikpanel/current' -> 'generations/895b81c7731b93aa00d5883bc78be70b2fbe0449895f9db8157f05592e01222f' 
19:17:55.175796695 pdns=0/0/inactive/dead/ named=0/inactive/dead/ agent=0/inactive/ jphase=target-staged killpid=2427,
19:17:55.442744618 CHANGE journal 680608e41fe5a735906ee65e8da11d3c185ed25f457bf1348b6bf396af780231 -> 107dae8f399d01ce22c5d3ecf96aa9673c170d6b866d2620df62f5e4fe111804
19:17:55.453248075 CHANGE ledger b5edb2a225e9f55295e88ab001fa44ce7b03de66cde33d88a8f7cd8bdc1ed4dd -> 8e34ab297ea2578f01bcfde3278e5e739458e9fa0adf26957aedc0e2fb4aa81b
19:17:55.459588179 pdns=0/0/inactive/dead/ named=0/inactive/dead/ agent=3644/active/ jphase=rolling-back killpid=
19:17:55.809662151 CHANGE journal 107dae8f399d01ce22c5d3ecf96aa9673c170d6b866d2620df62f5e4fe111804 -> b95c31ff1f69d6b6197dcaba97f0d37fdf34d052561e10814253a340739217e6
19:17:55.818684115 pdns=0/0/inactive/dead/ named=0/inactive/dead/ agent=3644/active/ jphase=rolling-back killpid=
19:17:56.520337150 pdns=0/0/inactive/dead/ named=0/inactive/dead/ agent=3644/active/ jphase=rolling-back killpid=
19:17:57.190322530 pdns=0/0/inactive/dead/ named=0/inactive/dead/ agent=3644/active/ jphase=rolling-back killpid=
19:17:57.465141077 CHANGE journal b95c31ff1f69d6b6197dcaba97f0d37fdf34d052561e10814253a340739217e6 -> c7e62459a06ab12e20e6848a3d67116d7d8fe3682be38b21a4821597ba645f7a
19:17:57.474499619 CHANGE ledger 8e34ab297ea2578f01bcfde3278e5e739458e9fa0adf26957aedc0e2fb4aa81b -> 478b7132dc82643ff245c1411f680ab6372e5832648c6c143b9e909d485ef948
19:17:57.478567404 POINTER /var/cache/bind/celikpanel mtime=2026-09-29 19:17:57.354532451 +0000 ino=131583 /var/cache/bind/celikpanel/current absent 
19:17:57.479926608 pdns=0/0/inactive/dead/ named=0/inactive/dead/ agent=3644/active/ jphase=absent killpid=
19:17:57.754048907 CHANGE journal c7e62459a06ab12e20e6848a3d67116d7d8fe3682be38b21a4821597ba645f7a -> absent
19:17:57.762487211 CHANGE ledger 478b7132dc82643ff245c1411f680ab6372e5832648c6c143b9e909d485ef948 -> f9e1c68a2a1974800f9084679983b8554b91083b0cb2fab311cad9cfd80a8f15
19:17:57.766695818 pdns=0/0/inactive/dead/ named=0/inactive/dead/ agent=3644/active/ jphase=absent killpid=
19:17:58.054494001 CHANGE ledger f9e1c68a2a1974800f9084679983b8554b91083b0cb2fab311cad9cfd80a8f15 -> b5085a4a3013df1f0601a0a5670a7b4c3234c1cc658282e46b009e8209490895
19:17:58.058976750 pdns=0/0/inactive/dead/ named=0/inactive/dead/ agent=3644/active/ jphase=absent killpid=
19:17:58.343625324 CHANGE ledger b5085a4a3013df1f0601a0a5670a7b4c3234c1cc658282e46b009e8209490895 -> da7b7b54574280a1adda070a9a7d9a5494e774e6b89e1b8003a73f5a3294b275
19:17:58.347713681 pdns=0/0/inactive/dead/ named=0/inactive/dead/ agent=3644/active/ jphase=absent killpid=
19:17:58.638006855 CHANGE ledger da7b7b54574280a1adda070a9a7d9a5494e774e6b89e1b8003a73f5a3294b275 -> 9021c50d05193d9bb791d9c83d7792d4506c770e553b80d91b0cca274aacdb49
19:17:58.643586084 pdns=0/0/inactive/dead/ named=0/inactive/dead/ agent=3644/active/ jphase=absent killpid=
19:17:58.921454701 CHANGE ledger 9021c50d05193d9bb791d9c83d7792d4506c770e553b80d91b0cca274aacdb49 -> a59848e8659d548f63fef530c2e90ef1b775473dcaa2b945eae3fe37c390cf68
19:17:58.925676882 pdns=0/0/inactive/dead/ named=0/inactive/dead/ agent=3644/active/ jphase=absent killpid=
19:17:59.205404215 CHANGE ledger a59848e8659d548f63fef530c2e90ef1b775473dcaa2b945eae3fe37c390cf68 -> 6e1ee8dbd4989bae6c17f01aa70a9c2c0416e4ba99442331632ba9e13ba449a2
19:17:59.210557304 pdns=0/0/inactive/dead/ named=0/inactive/dead/ agent=3644/active/ jphase=absent killpid=
19:17:59.593238601 CHANGE ledger 6e1ee8dbd4989bae6c17f01aa70a9c2c0416e4ba99442331632ba9e13ba449a2 -> 1f73d2106609c71087baf610bb10546706b8fe63a3ebcec3534a9bd9263e9663
19:17:59.597815252 pdns=0/0/inactive/dead/ named=0/inactive/dead/ agent=3644/active/ jphase=absent killpid=
19:17:59.891963802 CHANGE ledger 1f73d2106609c71087baf610bb10546706b8fe63a3ebcec3534a9bd9263e9663 -> ca109ed9ce01286b3d76f75764662a3ac133a31c1d56013dcbc85ca833628984
19:17:59.896655977 pdns=0/0/inactive/dead/ named=0/inactive/dead/ agent=3644/active/ jphase=absent killpid=
19:18:00.265289162 CHANGE ledger ca109ed9ce01286b3d76f75764662a3ac133a31c1d56013dcbc85ca833628984 -> e6872aecf7533981668eca7867eca5050d29157b202096e0d885323e5e65d816
19:18:00.272601466 pdns=0/0/inactive/dead/ named=0/inactive/dead/ agent=3644/active/ jphase=absent killpid=
19:18:00.566619447 CHANGE ledger e6872aecf7533981668eca7867eca5050d29157b202096e0d885323e5e65d816 -> de2636e4aad57da7b34d4d378c201bc6c1eef1f9b1813a494fa8739ca38c3d27
19:18:00.573428626 pdns=0/0/inactive/dead/ named=0/inactive/dead/ agent=3644/active/ jphase=absent killpid=
19:18:01.049432521 CHANGE ledger de2636e4aad57da7b34d4d378c201bc6c1eef1f9b1813a494fa8739ca38c3d27 -> 429b2bede9707e7f057f37ea58bb72f6dd0c24a1b0fe95a30366f4d26e34f429
19:18:01.053916732 pdns=0/0/inactive/dead/ named=0/inactive/dead/ agent=3644/active/ jphase=absent killpid=
19:18:01.335632229 CHANGE ledger 429b2bede9707e7f057f37ea58bb72f6dd0c24a1b0fe95a30366f4d26e34f429 -> 91186d92cb9a545e4aaf06eb5f759d48aa6534af939ad118e776b9790b014b36
19:18:01.345383950 pdns=0/0/inactive/dead/ named=0/inactive/dead/ agent=3644/active/ jphase=absent killpid=
19:18:01.625196053 CHANGE ledger 91186d92cb9a545e4aaf06eb5f759d48aa6534af939ad118e776b9790b014b36 -> 7c3539d130576ab8f74211d4e7e295918d683c7d495adb1ee5fb91013994bceb
19:18:01.629919181 pdns=0/0/inactive/dead/ named=0/inactive/dead/ agent=3644/active/ jphase=absent killpid=
19:18:01.907794435 CHANGE ledger 7c3539d130576ab8f74211d4e7e295918d683c7d495adb1ee5fb91013994bceb -> 0f47f6c3c8d10955e75341aa294e2ab138e7543db08804704470eb75b3a803c1
19:18:01.911883648 pdns=0/0/inactive/dead/ named=0/inactive/dead/ agent=3644/active/ jphase=absent killpid=
19:18:02.193399836 CHANGE journal absent -> 680608e41fe5a735906ee65e8da11d3c185ed25f457bf1348b6bf396af780231
19:18:02.201841980 CHANGE ledger 0f47f6c3c8d10955e75341aa294e2ab138e7543db08804704470eb75b3a803c1 -> 42b1b2915c6caef8d0f943da0341fe6f1491ee161a511fd90c154ce9cf440c22
19:18:02.206138066 pdns=0/0/inactive/dead/ named=0/inactive/dead/ agent=3644/active/ jphase=intent killpid=
19:18:02.473157508 CHANGE journal 680608e41fe5a735906ee65e8da11d3c185ed25f457bf1348b6bf396af780231 -> 9fc0831bdbb0622ab5b8826613ea0707b4eb6e5a9d3cf1b87046b8654d7d9de6
19:18:02.488780423 CHANGE ledger 42b1b2915c6caef8d0f943da0341fe6f1491ee161a511fd90c154ce9cf440c22 -> 0637e1894ea0a8ffbd5a31baaf98e14c066b862d328f62b3c05e6f9d83b7686b
19:18:02.500164423 POINTER /var/cache/bind/celikpanel mtime=2026-09-29 19:18:02.214555746 +0000 ino=131583 /var/cache/bind/celikpanel/current mtime=2026-09-29 19:18:02.206555672 +0000 ino=131627 -> '/var/cache/bind/celikpanel/current' -> 'generations/895b81c7731b93aa00d5883bc78be70b2fbe0449895f9db8157f05592e01222f' 
19:18:02.501774609 pdns=0/0/inactive/dead/ named=0/inactive/dead/ agent=3644/active/ jphase=source-stopped killpid=
19:18:03.009799183 CHANGE ledger 0637e1894ea0a8ffbd5a31baaf98e14c066b862d328f62b3c05e6f9d83b7686b -> dd703ce8bc75c8d7ef4dd18cec7341806eb3c1087d9bcc846428841153dac2a1
19:18:03.020318968 pdns=0/0/inactive/dead/ named=0/inactive/dead/ agent=3644/active/ jphase=source-stopped killpid=
19:18:03.482530394 CHANGE ledger dd703ce8bc75c8d7ef4dd18cec7341806eb3c1087d9bcc846428841153dac2a1 -> f619a7cb925221e30cbcd1fd200d796336846653fbcb07412d5993c045d00ebb
19:18:03.489831297 pdns=0/0/inactive/dead/ named=0/inactive/dead/ agent=3644/active/ jphase=source-stopped killpid=
19:18:03.952669964 CHANGE ledger f619a7cb925221e30cbcd1fd200d796336846653fbcb07412d5993c045d00ebb -> cd00538b38c69bd0d5efa4438ea8b7d159bdffee279946f551b4d548e533daef
19:18:03.959238890 pdns=0/0/inactive/dead/ named=0/inactive/dead/ agent=3644/active/ jphase=source-stopped killpid=
19:18:04.247141171 CHANGE ledger cd00538b38c69bd0d5efa4438ea8b7d159bdffee279946f551b4d548e533daef -> 96888f192d181b9c1a02da9333ec74101e73c1e6df1e0edf69de39bfde340487
19:18:04.259789709 pdns=0/0/inactive/dead/ named=0/inactive/dead/ agent=3644/active/ jphase=source-stopped killpid=
19:18:04.549398054 CHANGE ledger 96888f192d181b9c1a02da9333ec74101e73c1e6df1e0edf69de39bfde340487 -> f2e70b10c8fd8cc8da552d09a44183d7adec54f9ce5d826837a9982a59a0b4db
19:18:04.556150176 pdns=0/0/inactive/dead/ named=0/inactive/dead/ agent=3644/active/ jphase=source-stopped killpid=
19:18:05.052174631 CHANGE ledger f2e70b10c8fd8cc8da552d09a44183d7adec54f9ce5d826837a9982a59a0b4db -> 454d0f29c6ef8099b74bc3b78cff86159653d8624d87f9a21ac0c3fdfa309dd1
19:18:05.065243312 pdns=0/0/inactive/dead/ named=0/inactive/dead/ agent=3644/active/ jphase=source-stopped killpid=
19:18:05.519676257 CHANGE ledger 454d0f29c6ef8099b74bc3b78cff86159653d8624d87f9a21ac0c3fdfa309dd1 -> 264080802f2360a2cca42537f3c67f2f5d2d0c2dd8f797dba0c260e16a1991b3
19:18:05.525452342 pdns=0/0/inactive/dead/ named=0/inactive/dead/ agent=3644/active/ jphase=source-stopped killpid=
19:18:05.815767309 CHANGE ledger 264080802f2360a2cca42537f3c67f2f5d2d0c2dd8f797dba0c260e16a1991b3 -> 465eab9556eb4617cc627633056c485c6d8d0fd3b7f4f54272650913988f7608
19:18:05.821669513 pdns=0/0/inactive/dead/ named=0/inactive/dead/ agent=3644/active/ jphase=source-stopped killpid=
19:18:06.097170766 CHANGE ledger 465eab9556eb4617cc627633056c485c6d8d0fd3b7f4f54272650913988f7608 -> dd94144d16d94d3b39b84a3f32e876465a6cadbc808a844e97eb297dce800f5d
19:18:06.104006260 pdns=0/0/inactive/dead/ named=0/inactive/dead/ agent=3644/active/ jphase=source-stopped killpid=
19:18:06.386054421 CHANGE ledger dd94144d16d94d3b39b84a3f32e876465a6cadbc808a844e97eb297dce800f5d -> 3923abe4326c550dde96d9109515a6ea8f12a011fd8d4a3829bbf40d9f5ee80a
19:18:06.391864358 pdns=0/0/inactive/dead/ named=0/inactive/dead/ agent=3644/active/ jphase=source-stopped killpid=
19:18:06.668481541 CHANGE ledger 3923abe4326c550dde96d9109515a6ea8f12a011fd8d4a3829bbf40d9f5ee80a -> 43acd21a2dd06e4f6051e7eb4fb77f49949ae3eac30504dc643428b237529374
19:18:06.674412455 pdns=0/0/inactive/dead/ named=6221/active/running/ agent=3644/active/ jphase=source-stopped killpid=
19:18:06.958742958 CHANGE ledger 43acd21a2dd06e4f6051e7eb4fb77f49949ae3eac30504dc643428b237529374 -> b0204f5f3e25a2f10be7a2cee9509a6732dadc99c5be68ab29ab62fab717265f
19:18:06.965051572 pdns=0/0/inactive/dead/ named=6221/active/running/ agent=3644/active/ jphase=source-stopped killpid=
19:18:07.236266134 CHANGE ledger b0204f5f3e25a2f10be7a2cee9509a6732dadc99c5be68ab29ab62fab717265f -> 37bac90dbc1c33a19686a7e0c4bade01d754283907d63358540a3a657da8c58f
19:18:07.244242441 pdns=0/0/inactive/dead/ named=6221/active/running/ agent=3644/active/ jphase=source-stopped killpid=
19:18:07.514557448 CHANGE ledger 37bac90dbc1c33a19686a7e0c4bade01d754283907d63358540a3a657da8c58f -> ef7df52cb53222b2245b807ecba6056cc420ad646bf9f17f5f5c9b7b8971b396
19:18:07.520960828 pdns=0/0/inactive/dead/ named=6221/active/running/ agent=3644/active/ jphase=source-stopped killpid=
19:18:07.801274696 CHANGE ledger ef7df52cb53222b2245b807ecba6056cc420ad646bf9f17f5f5c9b7b8971b396 -> 73f4f3d59d6a741ec7d341d49abdbd95e4ff1ba3a7960979701208759498d823
19:18:07.806612784 pdns=0/0/inactive/dead/ named=6221/active/running/ agent=3644/active/ jphase=source-stopped killpid=
19:18:08.083505544 CHANGE ledger 73f4f3d59d6a741ec7d341d49abdbd95e4ff1ba3a7960979701208759498d823 -> 4ea17f71dac49e0ab3f51c7622b64759fa0556ef40b26bc44496116abb6c3420
19:18:08.090262107 pdns=0/0/inactive/dead/ named=6221/active/running/ agent=3644/active/ jphase=source-stopped killpid=
19:18:08.377028472 CHANGE ledger 4ea17f71dac49e0ab3f51c7622b64759fa0556ef40b26bc44496116abb6c3420 -> cf965c9387cd0eefe9784e1c53bd6ae8da843b9687f0d5cebd5bc1e965038a2e
19:18:08.382528580 pdns=0/0/inactive/dead/ named=6221/active/running/ agent=3644/active/ jphase=source-stopped killpid=
19:18:08.654485317 CHANGE ledger cf965c9387cd0eefe9784e1c53bd6ae8da843b9687f0d5cebd5bc1e965038a2e -> 44a9590e1f40088ac0effd65ca23e0a81f5e5714073cfb65e70bf1a6b670bfe4
19:18:08.660342571 pdns=0/0/inactive/dead/ named=6221/active/running/ agent=3644/active/ jphase=target-started killpid=
19:18:08.933910481 CHANGE journal 9fc0831bdbb0622ab5b8826613ea0707b4eb6e5a9d3cf1b87046b8654d7d9de6 -> e0493d2ea95934ef1526ef07204b204e835173bdc15ab2c4cb7dbff1f8c4e05f
19:18:08.945383379 CHANGE ledger 44a9590e1f40088ac0effd65ca23e0a81f5e5714073cfb65e70bf1a6b670bfe4 -> 3270adad0344112477bc25f9333bbaca2ea3a425b1b7c8931cfd4cfccc28f3ee
19:18:08.952451989 pdns=0/0/inactive/dead/ named=6221/active/running/ agent=3644/active/ jphase=target-started killpid=
19:18:09.226770122 CHANGE ledger 3270adad0344112477bc25f9333bbaca2ea3a425b1b7c8931cfd4cfccc28f3ee -> d8fa1cba96c01646956f9182ee767068523b8041a03c9112f25fd6d05bef2630
19:18:09.240309446 pdns=0/0/inactive/dead/ named=6221/active/running/ agent=3644/active/ jphase=target-started killpid=
19:18:09.529164947 CHANGE ledger d8fa1cba96c01646956f9182ee767068523b8041a03c9112f25fd6d05bef2630 -> 05184ea5ce934f4a8b180db2777866b6aad5200e31c7584a3f22dcd63ad13922
19:18:09.536015286 pdns=0/0/inactive/dead/ named=6221/active/running/ agent=3644/active/ jphase=target-started killpid=
19:18:09.819222002 CHANGE ledger 05184ea5ce934f4a8b180db2777866b6aad5200e31c7584a3f22dcd63ad13922 -> f5c2fe6cf82b7a1f897c2a0e4a50bd7328352ffe46b7f5627ab432380ddfa519
19:18:09.825382031 pdns=0/0/inactive/dead/ named=6221/active/running/ agent=3644/active/ jphase=target-started killpid=
19:18:10.104723392 CHANGE ledger f5c2fe6cf82b7a1f897c2a0e4a50bd7328352ffe46b7f5627ab432380ddfa519 -> 334c9c4b26d5bb44d33d0cc6c3cbc5c267883fdef3587b5605d9b46fae245e9d
19:18:10.111982918 pdns=0/0/inactive/dead/ named=6221/active/running/ agent=3644/active/ jphase=target-started killpid=
19:18:10.405128517 CHANGE journal e0493d2ea95934ef1526ef07204b204e835173bdc15ab2c4cb7dbff1f8c4e05f -> 9bc8ff636c5a54ca25ca79171befa48c107c691c9fc8095a2af2c37b5bf37aa4
19:18:10.414251336 CHANGE ledger 334c9c4b26d5bb44d33d0cc6c3cbc5c267883fdef3587b5605d9b46fae245e9d -> f258df9decb34228873795d56c7b1458ce09e3b7be8be7fa707eccc326a26490
19:18:10.424577800 CHANGE state absent -> fbdf1fbb016dbf9c42442e9ee82d4748631b6f0d32e258dce2288fa6e915653d
19:18:10.431823022 pdns=0/0/inactive/dead/ named=6221/active/running/ agent=3644/active/ jphase=committed killpid=
19:18:10.720298473 CHANGE journal 9bc8ff636c5a54ca25ca79171befa48c107c691c9fc8095a2af2c37b5bf37aa4 -> 78c5d2e532ea5b64bec079ba8b305fabe12a5747607272f968e370de383247f4
19:18:10.740276413 pdns=0/0/inactive/dead/ named=6221/active/running/ agent=3644/active/ jphase=committed killpid=
19:18:11.035480681 pdns=0/0/inactive/dead/ named=6221/active/running/ agent=3644/active/ jphase=absent killpid=
19:18:11.306277379 CHANGE journal 78c5d2e532ea5b64bec079ba8b305fabe12a5747607272f968e370de383247f4 -> absent
19:18:11.319048409 CHANGE ledger f258df9decb34228873795d56c7b1458ce09e3b7be8be7fa707eccc326a26490 -> 50c872f0c71a216da248174b9e77a8d68ee0977b340be17c6e7abfa1b155918f
19:18:11.332386115 pdns=0/0/inactive/dead/ named=6221/active/running/ agent=3644/active/ jphase=absent killpid=
19:18:11.634228886 pdns=0/0/inactive/dead/ named=6221/active/running/ agent=3644/active/ jphase=absent killpid=
19:18:11.909983115 pdns=0/0/inactive/dead/ named=6221/active/running/ agent=3644/active/ jphase=absent killpid=
19:18:12.182503365 pdns=0/0/inactive/dead/ named=6221/active/running/ agent=3644/active/ jphase=absent killpid=
19:18:12.453782220 pdns=0/0/inactive/dead/ named=6221/active/running/ agent=3644/active/ jphase=absent killpid=
19:18:12.728408733 pdns=0/0/inactive/dead/ named=6221/active/running/ agent=3644/active/ jphase=absent killpid=
19:18:13.004434350 pdns=0/0/inactive/dead/ named=6221/active/running/ agent=3644/active/ jphase=absent killpid=
19:18:13.281499524 pdns=0/0/inactive/dead/ named=6221/active/running/ agent=3644/active/ jphase=absent killpid=
19:18:13.556405678 pdns=0/0/inactive/dead/ named=6221/active/running/ agent=3644/active/ jphase=absent killpid=
19:18:13.826519031 pdns=0/0/inactive/dead/ named=6221/active/running/ agent=3644/active/ jphase=absent killpid=
19:18:14.098199752 pdns=0/0/inactive/dead/ named=6221/active/running/ agent=3644/active/ jphase=absent killpid=
19:18:14.372204302 pdns=0/0/inactive/dead/ named=6221/active/running/ agent=3644/active/ jphase=absent killpid=
19:18:14.645020991 pdns=0/0/inactive/dead/ named=6221/active/running/ agent=3644/active/ jphase=absent killpid=
19:18:14.917160182 pdns=0/0/inactive/dead/ named=6221/active/running/ agent=3644/active/ jphase=absent killpid=
19:18:15.187308824 pdns=0/0/inactive/dead/ named=6221/active/running/ agent=3644/active/ jphase=absent killpid=
19:18:15.468521048 pdns=0/0/inactive/dead/ named=6221/active/running/ agent=3644/active/ jphase=absent killpid=
19:18:15.745151709 pdns=0/0/inactive/dead/ named=6221/active/running/ agent=3644/active/ jphase=absent killpid=
19:18:16.020818500 pdns=0/0/inactive/dead/ named=6221/active/running/ agent=3644/active/ jphase=absent killpid=
19:18:16.292526244 pdns=0/0/inactive/dead/ named=6221/active/running/ agent=3644/active/ jphase=absent killpid=
19:18:16.564192689 pdns=0/0/inactive/dead/ named=6221/active/running/ agent=3644/active/ jphase=absent killpid=
19:18:16.835582818 pdns=0/0/inactive/dead/ named=6221/active/running/ agent=3644/active/ jphase=absent killpid=
19:18:17.115199861 pdns=0/0/inactive/dead/ named=6221/active/running/ agent=3644/active/ jphase=absent killpid=
19:18:17.391936625 pdns=0/0/inactive/dead/ named=6221/active/running/ agent=3644/active/ jphase=absent killpid=
19:18:17.667564014 pdns=0/0/inactive/dead/ named=6221/active/running/ agent=3644/active/ jphase=absent killpid=
19:18:17.944819725 pdns=0/0/inactive/dead/ named=6221/active/running/ agent=3644/active/ jphase=absent killpid=
19:18:18.217424677 pdns=0/0/inactive/dead/ named=6221/active/running/ agent=3644/active/ jphase=absent killpid=
19:18:18.490252856 pdns=0/0/inactive/dead/ named=6221/active/running/ agent=3644/active/ jphase=absent killpid=
19:18:18.765292146 pdns=0/0/inactive/dead/ named=6221/active/running/ agent=3644/active/ jphase=absent killpid=
19:18:19.038682953 pdns=0/0/inactive/dead/ named=6221/active/running/ agent=3644/active/ jphase=absent killpid=
19:18:19.311309505 pdns=0/0/inactive/dead/ named=6221/active/running/ agent=3644/active/ jphase=absent killpid=
19:18:19.583546034 pdns=0/0/inactive/dead/ named=6221/active/running/ agent=3644/active/ jphase=absent killpid=
19:18:19.858393537 pdns=0/0/inactive/dead/ named=6221/active/running/ agent=3644/active/ jphase=absent killpid=
19:18:20.131360051 pdns=0/0/inactive/dead/ named=6221/active/running/ agent=3644/active/ jphase=absent killpid=
19:18:20.404076783 pdns=0/0/inactive/dead/ named=6221/active/running/ agent=3644/active/ jphase=absent killpid=
19:18:20.678591396 pdns=0/0/inactive/dead/ named=6221/active/running/ agent=3644/active/ jphase=absent killpid=
19:18:20.959197059 pdns=0/0/inactive/dead/ named=6221/active/running/ agent=3644/active/ jphase=absent killpid=
19:18:21.243280369 pdns=0/0/inactive/dead/ named=6221/active/running/ agent=3644/active/ jphase=absent killpid=
19:18:21.519192073 pdns=0/0/inactive/dead/ named=6221/active/running/ agent=3644/active/ jphase=absent killpid=
19:18:21.793473708 pdns=0/0/inactive/dead/ named=6221/active/running/ agent=3644/active/ jphase=absent killpid=
19:18:22.068797892 pdns=0/0/inactive/dead/ named=6221/active/running/ agent=3644/active/ jphase=absent killpid=
19:18:22.344936056 pdns=0/0/inactive/dead/ named=6221/active/running/ agent=3644/active/ jphase=absent killpid=
19:18:22.631564676 pdns=0/0/inactive/dead/ named=6221/active/running/ agent=3644/active/ jphase=absent killpid=
19:18:22.910482410 pdns=0/0/inactive/dead/ named=6221/active/running/ agent=3644/active/ jphase=absent killpid=
19:18:23.184823869 pdns=0/0/inactive/dead/ named=6221/active/running/ agent=3644/active/ jphase=absent killpid=
19:18:23.458405247 pdns=0/0/inactive/dead/ named=6221/active/running/ agent=3644/active/ jphase=absent killpid=
19:18:23.732927621 pdns=0/0/inactive/dead/ named=6221/active/running/ agent=3644/active/ jphase=absent killpid=
19:18:24.013775504 pdns=0/0/inactive/dead/ named=6221/active/running/ agent=3644/active/ jphase=absent killpid=
19:18:24.295960434 pdns=0/0/inactive/dead/ named=6221/active/running/ agent=3644/active/ jphase=absent killpid=
19:18:24.580869254 pdns=0/0/inactive/dead/ named=6221/active/running/ agent=3644/active/ jphase=absent killpid=
19:18:24.854186966 pdns=0/0/inactive/dead/ named=6221/active/running/ agent=3644/active/ jphase=absent killpid=
19:18:25.126667283 pdns=0/0/inactive/dead/ named=6221/active/running/ agent=3644/active/ jphase=absent killpid=
19:18:25.403290697 pdns=0/0/inactive/dead/ named=6221/active/running/ agent=3644/active/ jphase=absent killpid=
19:18:25.681256506 pdns=0/0/inactive/dead/ named=6221/active/running/ agent=3644/active/ jphase=absent killpid=
19:18:25.953538101 pdns=0/0/inactive/dead/ named=6221/active/running/ agent=3644/active/ jphase=absent killpid=
19:18:26.232379789 pdns=0/0/inactive/dead/ named=6221/active/running/ agent=3644/active/ jphase=absent killpid=
19:18:26.505448683 pdns=0/0/inactive/dead/ named=6221/active/running/ agent=3644/active/ jphase=absent killpid=
19:18:26.781839122 pdns=0/0/inactive/dead/ named=6221/active/running/ agent=3644/active/ jphase=absent killpid=
19:18:27.054973843 pdns=0/0/inactive/dead/ named=6221/active/running/ agent=3644/active/ jphase=absent killpid=
19:18:27.327035417 pdns=0/0/inactive/dead/ named=6221/active/running/ agent=3644/active/ jphase=absent killpid=
19:18:27.602958970 pdns=0/0/inactive/dead/ named=6221/active/running/ agent=3644/active/ jphase=absent killpid=
19:18:27.876887257 pdns=0/0/inactive/dead/ named=6221/active/running/ agent=3644/active/ jphase=absent killpid=
19:18:28.156418214 pdns=0/0/inactive/dead/ named=6221/active/running/ agent=3644/active/ jphase=absent killpid=
19:18:28.432284729 pdns=0/0/inactive/dead/ named=6221/active/running/ agent=3644/active/ jphase=absent killpid=
19:18:28.706748138 pdns=0/0/inactive/dead/ named=6221/active/running/ agent=3644/active/ jphase=absent killpid=
19:18:28.981453214 pdns=0/0/inactive/dead/ named=6221/active/running/ agent=3644/active/ jphase=absent killpid=
19:18:29.253400457 pdns=0/0/inactive/dead/ named=6221/active/running/ agent=3644/active/ jphase=absent killpid=
19:18:29.535073963 pdns=0/0/inactive/dead/ named=6221/active/running/ agent=3644/active/ jphase=absent killpid=
19:18:29.812709312 pdns=0/0/inactive/dead/ named=6221/active/running/ agent=3644/active/ jphase=absent killpid=
19:18:30.090074577 pdns=0/0/inactive/dead/ named=6221/active/running/ agent=3644/active/ jphase=absent killpid=
19:18:30.375230359 pdns=0/0/inactive/dead/ named=6221/active/running/ agent=3644/active/ jphase=absent killpid=
19:18:30.651357882 pdns=0/0/inactive/dead/ named=6221/active/running/ agent=3644/active/ jphase=absent killpid=
19:18:30.925556396 pdns=0/0/inactive/dead/ named=6221/active/running/ agent=3644/active/ jphase=absent killpid=
19:18:31.205370507 pdns=0/0/inactive/dead/ named=6221/active/running/ agent=3644/active/ jphase=absent killpid=
19:18:31.481840078 pdns=0/0/inactive/dead/ named=6221/active/running/ agent=3644/active/ jphase=absent killpid=
19:18:31.759019228 pdns=0/0/inactive/dead/ named=6221/active/running/ agent=3644/active/ jphase=absent killpid=
19:18:32.039418826 pdns=0/0/inactive/dead/ named=6221/active/running/ agent=3644/active/ jphase=absent killpid=
19:18:32.317231856 pdns=0/0/inactive/dead/ named=6221/active/running/ agent=3644/active/ jphase=absent killpid=
19:18:32.594101773 pdns=0/0/inactive/dead/ named=6221/active/running/ agent=3644/active/ jphase=absent killpid=
19:18:32.865949019 pdns=0/0/inactive/dead/ named=6221/active/running/ agent=3644/active/ jphase=absent killpid=
19:18:33.137554492 pdns=0/0/inactive/dead/ named=6221/active/running/ agent=3644/active/ jphase=absent killpid=
19:18:33.410358892 pdns=0/0/inactive/dead/ named=6221/active/running/ agent=3644/active/ jphase=absent killpid=
19:18:33.687883862 pdns=0/0/inactive/dead/ named=6221/active/running/ agent=3644/active/ jphase=absent killpid=
19:18:33.958524402 pdns=0/0/inactive/dead/ named=6221/active/running/ agent=3644/active/ jphase=absent killpid=
19:18:34.229269980 pdns=0/0/inactive/dead/ named=6221/active/running/ agent=3644/active/ jphase=absent killpid=
19:18:34.504088154 pdns=0/0/inactive/dead/ named=6221/active/running/ agent=3644/active/ jphase=absent killpid=
19:18:34.784592066 pdns=0/0/inactive/dead/ named=6221/active/running/ agent=3644/active/ jphase=absent killpid=
19:18:35.059730583 pdns=0/0/inactive/dead/ named=6221/active/running/ agent=3644/active/ jphase=absent killpid=
19:18:35.338104358 pdns=0/0/inactive/dead/ named=6221/active/running/ agent=3644/active/ jphase=absent killpid=
19:18:35.609736599 pdns=0/0/inactive/dead/ named=6221/active/running/ agent=3644/active/ jphase=absent killpid=
19:18:35.884177595 pdns=0/0/inactive/dead/ named=6221/active/running/ agent=3644/active/ jphase=absent killpid=
19:18:36.158829866 pdns=0/0/inactive/dead/ named=6221/active/running/ agent=3644/active/ jphase=absent killpid=
19:18:36.437029408 pdns=0/0/inactive/dead/ named=6221/active/running/ agent=3644/active/ jphase=absent killpid=
19:18:36.712917815 pdns=0/0/inactive/dead/ named=6221/active/running/ agent=3644/active/ jphase=absent killpid=
19:18:36.987133574 pdns=0/0/inactive/dead/ named=6221/active/running/ agent=3644/active/ jphase=absent killpid=
19:18:37.260399337 pdns=0/0/inactive/dead/ named=6221/active/running/ agent=3644/active/ jphase=absent killpid=
19:18:37.533711553 pdns=0/0/inactive/dead/ named=6221/active/running/ agent=3644/active/ jphase=absent killpid=
19:18:37.809201516 pdns=0/0/inactive/dead/ named=6221/active/running/ agent=3644/active/ jphase=absent killpid=
19:18:38.084256495 pdns=0/0/inactive/dead/ named=6221/active/running/ agent=3644/active/ jphase=absent killpid=
19:18:38.357701614 pdns=0/0/inactive/dead/ named=6221/active/running/ agent=3644/active/ jphase=absent killpid=
19:18:38.632772114 pdns=0/0/inactive/dead/ named=6221/active/running/ agent=3644/active/ jphase=absent killpid=
19:18:38.908639351 pdns=0/0/inactive/dead/ named=6221/active/running/ agent=3644/active/ jphase=absent killpid=
19:18:39.182291306 pdns=0/0/inactive/dead/ named=6221/active/running/ agent=3644/active/ jphase=absent killpid=
19:18:39.455988959 pdns=0/0/inactive/dead/ named=6221/active/running/ agent=3644/active/ jphase=absent killpid=
19:18:39.733985863 pdns=0/0/inactive/dead/ named=6221/active/running/ agent=3644/active/ jphase=absent killpid=
19:18:40.009943620 pdns=0/0/inactive/dead/ named=6221/active/running/ agent=3644/active/ jphase=absent killpid=
19:18:40.285020445 pdns=0/0/inactive/dead/ named=6221/active/running/ agent=3644/active/ jphase=absent killpid=
19:18:40.559816917 pdns=0/0/inactive/dead/ named=6221/active/running/ agent=3644/active/ jphase=absent killpid=
19:18:40.832877716 pdns=0/0/inactive/dead/ named=6221/active/running/ agent=3644/active/ jphase=absent killpid=
19:18:41.106057908 pdns=0/0/inactive/dead/ named=6221/active/running/ agent=3644/active/ jphase=absent killpid=
19:18:41.378783859 pdns=0/0/inactive/dead/ named=6221/active/running/ agent=3644/active/ jphase=absent killpid=
19:18:41.660915875 pdns=0/0/inactive/dead/ named=6221/active/running/ agent=3644/active/ jphase=absent killpid=
19:18:41.968189304 pdns=0/0/inactive/dead/ named=6221/active/running/ agent=3644/active/ jphase=absent killpid=
19:18:42.245806530 pdns=0/0/inactive/dead/ named=6221/active/running/ agent=3644/active/ jphase=absent killpid=
